103.15.49.222 - - [17/Oct/2021:08:39:04 +0700] "GET / HTTP/1.0" 200 290 "-" "Mozilla/5.0 (Windows NT 10.0; Win64; x64) AppleWebKit/537.36 (KHTML, like Gecko) Chrome/58.0.3029.110 Safari/537.36"
104.211.21.168 - - [17/Oct/2021:15:37:11 +0700] "GET /wp-content/ HTTP/1.0" 404 373 "-" "Mozilla/5.0 (Macintosh; Intel Mac OS X 10.15; rv:77.0) Gecko/20100101 Firefox/77.0"
103.15.49.222 - - [17/Oct/2021:08:39:04 +0700] "GET / HTTP/1.1" 200 32517 "-" "Mozilla/5.0 (Windows NT 10.0; Win64; x64) AppleWebKit/537.36 (KHTML, like Gecko) Chrome/58.0.3029.110 Safari/537.36"
104.211.21.168 - - [17/Oct/2021:15:37:09 +0700] "GET /.env HTTP/1.1" 403 146 "-" "Mozilla/5.0 (Macintosh; Intel Mac OS X 10.15; rv:77.0) Gecko/20100101 Firefox/77.0"
23.146.241.237 - - [18/Oct/2021:13:18:03 +0700] "GET /wp-content/ HTTP/1.0" 404 373 "-" "Mozilla/5.0 (Macintosh; Intel Mac OS X 10.15; rv:77.0) Gecko/20100101 Firefox/77.0"
52.215.38.64 - - [18/Oct/2021:16:12:52 +0700] "GET /robots.txt HTTP/1.0" 404 372 "-" "webprosbot/2.0 (+mailto:abuse-6337@webpros.com)"
52.215.38.64 - - [18/Oct/2021:16:12:53 +0700] "GET / HTTP/1.0" 200 290 "-" "webprosbot/2.0 (+mailto:abuse-6337@webpros.com)"
52.215.38.64 - - [18/Oct/2021:16:12:53 +0700] "GET / HTTP/1.1" 200 32517 "-" "webprosbot/2.0 (+mailto:abuse-6337@webpros.com)"
34.96.130.3 - - [20/Oct/2021:12:26:47 +0700] "GET / HTTP/1.0" 200 290 "-" "Expanse indexes the network perimeters of our customers. If you have any questions or concerns, please reach out to: scaninfo@expanseinc.com"
95.108.213.22 - - [20/Oct/2021:12:51:49 +0700] "GET /robots.txt HTTP/1.0" 404 372 "-" "Mozilla/5.0 (compatible; YandexBot/3.0; +http://yandex.com/bots)"
95.108.213.22 - - [20/Oct/2021:12:51:53 +0700] "GET / HTTP/1.0" 200 290 "-" "Mozilla/5.0 (compatible; YandexBot/3.0; +http://yandex.com/bots)"
34.96.130.3 - - [20/Oct/2021:12:26:47 +0700] "GET / HTTP/1.1" 200 32517 "-" "Expanse indexes the network perimeters of our customers. If you have any questions or concerns, please reach out to: scaninfo@expanseinc.com"
95.108.213.22 - - [20/Oct/2021:12:51:53 +0700] "GET / HTTP/1.1" 200 7688 "-" "Mozilla/5.0 (compatible; YandexBot/3.0; +http://yandex.com/bots)"
77.88.5.57 - - [22/Oct/2021:22:24:49 +0700] "GET /robots.txt HTTP/1.0" 404 372 "-" "Mozilla/5.0 (compatible; YandexBot/3.0; +http://yandex.com/bots)"
77.88.5.18 - - [22/Oct/2021:22:24:53 +0700] "GET / HTTP/1.0" 200 290 "-" "Mozilla/5.0 (compatible; YandexBot/3.0; +http://yandex.com/bots)"
77.88.5.18 - - [22/Oct/2021:22:24:53 +0700] "GET / HTTP/1.1" 200 7688 "-" "Mozilla/5.0 (compatible; YandexBot/3.0; +http://yandex.com/bots)"
77.88.5.18 - - [25/Oct/2021:03:17:40 +0700] "GET /robots.txt HTTP/1.0" 404 372 "-" "Mozilla/5.0 (compatible; YandexBot/3.0; +http://yandex.com/bots)"
77.88.5.18 - - [25/Oct/2021:03:17:44 +0700] "GET / HTTP/1.0" 200 290 "-" "Mozilla/5.0 (compatible; YandexBot/3.0; +http://yandex.com/bots)"
77.88.5.18 - - [25/Oct/2021:03:17:44 +0700] "GET / HTTP/1.1" 200 7688 "-" "Mozilla/5.0 (compatible; YandexBot/3.0; +http://yandex.com/bots)"
65.108.91.190 - - [26/Oct/2021:07:31:04 +0700] "GET /_ignition/execute-solution HTTP/1.0" 404 388 "-" "Apache/2.4.34 (Ubuntu) OpenSSL/1.1.1 (internal dummy connection)"
52.186.69.98 - - [27/Oct/2021:05:36:22 +0700] "GET /wp-content/ HTTP/1.0" 404 373 "-" "Mozilla/5.0 (Macintosh; Intel Mac OS X 10.15; rv:77.0) Gecko/20100101 Firefox/77.0"
52.186.69.98 - - [27/Oct/2021:05:36:41 +0700] "GET /wp-content/ HTTP/1.0" 404 373 "-" "Mozilla/5.0 (Macintosh; Intel Mac OS X 10.15; rv:77.0) Gecko/20100101 Firefox/77.0"
77.88.5.59 - - [27/Oct/2021:14:57:12 +0700] "GET /robots.txt HTTP/1.0" 404 372 "-" "Mozilla/5.0 (compatible; YandexBot/3.0; +http://yandex.com/bots)"
77.88.5.53 - - [27/Oct/2021:14:57:16 +0700] "GET / HTTP/1.0" 200 290 "-" "Mozilla/5.0 (compatible; YandexBot/3.0; +http://yandex.com/bots)"
20.212.18.109 - - [27/Oct/2021:23:44:53 +0700] "GET /wp-content/ HTTP/1.0" 404 373 "-" "Mozilla/5.0 (Macintosh; Intel Mac OS X 10.15; rv:77.0) Gecko/20100101 Firefox/77.0"
52.186.69.98 - - [27/Oct/2021:05:36:20 +0700] "GET /.env HTTP/1.1" 403 146 "-" "Mozilla/5.0 (Macintosh; Intel Mac OS X 10.15; rv:77.0) Gecko/20100101 Firefox/77.0"
52.186.69.98 - - [27/Oct/2021:05:36:40 +0700] "GET /.env HTTP/1.1" 403 146 "-" "Mozilla/5.0 (Macintosh; Intel Mac OS X 10.15; rv:77.0) Gecko/20100101 Firefox/77.0"
77.88.5.53 - - [27/Oct/2021:14:57:16 +0700] "GET / HTTP/1.1" 200 7688 "-" "Mozilla/5.0 (compatible; YandexBot/3.0; +http://yandex.com/bots)"
20.212.18.109 - - [27/Oct/2021:23:44:52 +0700] "GET /.env HTTP/1.1" 403 146 "-" "Mozilla/5.0 (Macintosh; Intel Mac OS X 10.15; rv:77.0) Gecko/20100101 Firefox/77.0"
141.8.142.90 - - [29/Oct/2021:03:17:27 +0700] "GET /robots.txt HTTP/1.0" 404 372 "-" "Mozilla/5.0 (compatible; YandexBot/3.0; +http://yandex.com/bots)"
87.250.224.181 - - [29/Oct/2021:03:17:30 +0700] "GET / HTTP/1.0" 200 290 "-" "Mozilla/5.0 (compatible; YandexBot/3.0; +http://yandex.com/bots)"
87.250.224.181 - - [29/Oct/2021:03:17:30 +0700] "GET / HTTP/1.1" 200 7688 "-" "Mozilla/5.0 (compatible; YandexBot/3.0; +http://yandex.com/bots)"
87.250.224.181 - - [31/Oct/2021:06:19:50 +0700] "GET /robots.txt HTTP/1.0" 404 372 "-" "Mozilla/5.0 (compatible; YandexBot/3.0; +http://yandex.com/bots)"
87.250.224.181 - - [31/Oct/2021:06:19:54 +0700] "GET / HTTP/1.0" 200 290 "-" "Mozilla/5.0 (compatible; YandexBot/3.0; +http://yandex.com/bots)"
87.250.224.181 - - [31/Oct/2021:06:19:54 +0700] "GET / HTTP/1.1" 200 7688 "-" "Mozilla/5.0 (compatible; YandexBot/3.0; +http://yandex.com/bots)"
141.8.142.90 - - [01/Nov/2021:20:49:06 +0700] "GET /robots.txt HTTP/1.0" 404 372 "-" "Mozilla/5.0 (compatible; YandexBot/3.0; +http://yandex.com/bots)"
141.8.142.90 - - [01/Nov/2021:20:49:10 +0700] "GET / HTTP/1.0" 200 290 "-" "Mozilla/5.0 (compatible; YandexBot/3.0; +http://yandex.com/bots)"
141.8.142.90 - - [01/Nov/2021:20:49:10 +0700] "GET / HTTP/1.1" 200 7688 "-" "Mozilla/5.0 (compatible; YandexBot/3.0; +http://yandex.com/bots)"
141.8.142.90 - - [04/Nov/2021:07:46:27 +0700] "GET /robots.txt HTTP/1.0" 404 372 "-" "Mozilla/5.0 (compatible; YandexBot/3.0; +http://yandex.com/bots)"
141.8.142.90 - - [04/Nov/2021:07:46:31 +0700] "GET / HTTP/1.0" 200 290 "-" "Mozilla/5.0 (compatible; YandexBot/3.0; +http://yandex.com/bots)"
35.212.212.38 - - [04/Nov/2021:09:41:12 +0700] "GET / HTTP/1.0" 200 290 "-" "Mozilla/5.0 (Windows NT 10.0; Win64; x64) AppleWebKit/537.36 (KHTML, like Gecko; compatible; BW/1.1; bit.ly/2W6Px8S) Chrome/84.0.4147.105 Safari/537.36"
35.212.212.38 - - [04/Nov/2021:09:41:13 +0700] "GET /robots.txt HTTP/1.0" 404 372 "-" "Mozilla/5.0 (Windows NT 10.0; Win64; x64) AppleWebKit/537.36 (KHTML, like Gecko; compatible; BW/1.1; bit.ly/2W6Px8S) Chrome/84.0.4147.105 Safari/537.36"
35.212.212.38 - - [04/Nov/2021:09:41:15 +0700] "GET /js/form_script.js HTTP/1.0" 200 312 "http://revit.cic.com.vn/" "Mozilla/5.0 (linux) AppleWebKit/537.36 (KHTML, like Gecko) jsdom/16.2.2"
35.212.212.38 - - [04/Nov/2021:09:41:15 +0700] "GET /js/vendor/modernizr-2.7.1.min.js HTTP/1.0" 200 327 "http://revit.cic.com.vn/" "Mozilla/5.0 (linux) AppleWebKit/537.36 (KHTML, like Gecko) jsdom/16.2.2"
35.212.212.38 - - [04/Nov/2021:09:41:15 +0700] "GET /js/vendor/wow.min.js HTTP/1.0" 200 315 "http://revit.cic.com.vn/" "Mozilla/5.0 (linux) AppleWebKit/537.36 (KHTML, like Gecko) jsdom/16.2.2"
35.212.212.38 - - [04/Nov/2021:09:41:15 +0700] "GET /js/jquery.maximage.js HTTP/1.0" 200 316 "http://revit.cic.com.vn/" "Mozilla/5.0 (linux) AppleWebKit/537.36 (KHTML, like Gecko) jsdom/16.2.2"
35.212.212.38 - - [04/Nov/2021:09:41:15 +0700] "GET /js/vendor/swiper/js/swiper.js HTTP/1.0" 200 324 "http://revit.cic.com.vn/" "Mozilla/5.0 (linux) AppleWebKit/537.36 (KHTML, like Gecko) jsdom/16.2.2"
35.212.212.38 - - [04/Nov/2021:09:41:15 +0700] "GET /js/vegas/vegas.min.js HTTP/1.0" 200 316 "http://revit.cic.com.vn/" "Mozilla/5.0 (linux) AppleWebKit/537.36 (KHTML, like Gecko) jsdom/16.2.2"
35.212.212.38 - - [04/Nov/2021:09:41:15 +0700] "GET /js/vendor/owl.carousel.min.js HTTP/1.0" 200 324 "http://revit.cic.com.vn/" "Mozilla/5.0 (linux) AppleWebKit/537.36 (KHTML, like Gecko) jsdom/16.2.2"
35.212.212.38 - - [04/Nov/2021:09:41:15 +0700] "GET /js/main.js HTTP/1.0" 200 305 "http://revit.cic.com.vn/" "Mozilla/5.0 (linux) AppleWebKit/537.36 (KHTML, like Gecko) jsdom/16.2.2"
35.212.212.38 - - [04/Nov/2021:09:41:15 +0700] "GET /js/vendor/jquery-1.11.2.min.js HTTP/1.0" 200 325 "http://revit.cic.com.vn/" "Mozilla/5.0 (linux) AppleWebKit/537.36 (KHTML, like Gecko) jsdom/16.2.2"
35.212.212.38 - - [04/Nov/2021:09:41:25 +0700] "GET /js/form_script.js HTTP/1.0" 200 312 "-" "Mozilla/5.0 (Windows NT 10.0; Win64; x64) AppleWebKit/537.36 (KHTML, like Gecko; compatible; BW/1.1; bit.ly/2W6Px8S) Chrome/84.0.4147.105 Safari/537.36"
35.212.212.38 - - [04/Nov/2021:09:41:25 +0700] "GET /js/vendor/wow.min.js HTTP/1.0" 200 315 "-" "Mozilla/5.0 (Windows NT 10.0; Win64; x64) AppleWebKit/537.36 (KHTML, like Gecko; compatible; BW/1.1; bit.ly/2W6Px8S) Chrome/84.0.4147.105 Safari/537.36"
35.212.212.38 - - [04/Nov/2021:09:41:25 +0700] "GET /js/main.js HTTP/1.0" 200 305 "-" "Mozilla/5.0 (Windows NT 10.0; Win64; x64) AppleWebKit/537.36 (KHTML, like Gecko; compatible; BW/1.1; bit.ly/2W6Px8S) Chrome/84.0.4147.105 Safari/537.36"
35.212.212.38 - - [04/Nov/2021:09:41:25 +0700] "GET /js/vegas/vegas.min.js HTTP/1.0" 200 316 "-" "Mozilla/5.0 (Windows NT 10.0; Win64; x64) AppleWebKit/537.36 (KHTML, like Gecko; compatible; BW/1.1; bit.ly/2W6Px8S) Chrome/84.0.4147.105 Safari/537.36"
35.212.212.38 - - [04/Nov/2021:09:41:26 +0700] "GET /ads.txt HTTP/1.0" 404 369 "-" "Mozilla/5.0 (Windows NT 10.0; Win64; x64) AppleWebKit/537.36 (KHTML, like Gecko; compatible; BW/1.1; bit.ly/2W6Px8S) Chrome/84.0.4147.105 Safari/537.36"
35.212.212.38 - - [04/Nov/2021:09:41:26 +0700] "GET /js/vendor/swiper/js/swiper.js HTTP/1.0" 200 324 "-" "Mozilla/5.0 (Windows NT 10.0; Win64; x64) AppleWebKit/537.36 (KHTML, like Gecko; compatible; BW/1.1; bit.ly/2W6Px8S) Chrome/84.0.4147.105 Safari/537.36"
35.212.212.38 - - [04/Nov/2021:09:41:26 +0700] "GET /js/vendor/owl.carousel.min.js HTTP/1.0" 200 324 "-" "Mozilla/5.0 (Windows NT 10.0; Win64; x64) AppleWebKit/537.36 (KHTML, like Gecko; compatible; BW/1.1; bit.ly/2W6Px8S) Chrome/84.0.4147.105 Safari/537.36"
35.212.212.38 - - [04/Nov/2021:09:41:26 +0700] "GET /app-ads.txt HTTP/1.0" 404 373 "-" "Mozilla/5.0 (Windows NT 10.0; Win64; x64) AppleWebKit/537.36 (KHTML, like Gecko; compatible; BW/1.1; bit.ly/2W6Px8S) Chrome/84.0.4147.105 Safari/537.36"
141.8.142.90 - - [04/Nov/2021:07:46:31 +0700] "GET / HTTP/1.1" 200 7688 "-" "Mozilla/5.0 (compatible; YandexBot/3.0; +http://yandex.com/bots)"
35.212.212.38 - - [04/Nov/2021:09:41:12 +0700] "GET / HTTP/1.1" 200 7688 "-" "Mozilla/5.0 (Windows NT 10.0; Win64; x64) AppleWebKit/537.36 (KHTML, like Gecko; compatible; BW/1.1; bit.ly/2W6Px8S) Chrome/84.0.4147.105 Safari/537.36"
35.212.212.38 - - [04/Nov/2021:09:41:15 +0700] "GET /js/form_script.js HTTP/1.1" 200 1257 "http://revit.cic.com.vn/" "Mozilla/5.0 (linux) AppleWebKit/537.36 (KHTML, like Gecko) jsdom/16.2.2"
35.212.212.38 - - [04/Nov/2021:09:41:15 +0700] "GET /js/vendor/modernizr-2.7.1.min.js HTTP/1.1" 200 6312 "http://revit.cic.com.vn/" "Mozilla/5.0 (linux) AppleWebKit/537.36 (KHTML, like Gecko) jsdom/16.2.2"
35.212.212.38 - - [04/Nov/2021:09:41:15 +0700] "GET /js/vendor/wow.min.js HTTP/1.1" 200 2714 "http://revit.cic.com.vn/" "Mozilla/5.0 (linux) AppleWebKit/537.36 (KHTML, like Gecko) jsdom/16.2.2"
35.212.212.38 - - [04/Nov/2021:09:41:15 +0700] "GET /js/jquery.maximage.js HTTP/1.1" 200 6284 "http://revit.cic.com.vn/" "Mozilla/5.0 (linux) AppleWebKit/537.36 (KHTML, like Gecko) jsdom/16.2.2"
35.212.212.38 - - [04/Nov/2021:09:41:15 +0700] "GET /js/vendor/swiper/js/swiper.js HTTP/1.1" 200 25424 "http://revit.cic.com.vn/" "Mozilla/5.0 (linux) AppleWebKit/537.36 (KHTML, like Gecko) jsdom/16.2.2"
35.212.212.38 - - [04/Nov/2021:09:41:15 +0700] "GET /js/vendor/owl.carousel.min.js HTTP/1.1" 200 10535 "http://revit.cic.com.vn/" "Mozilla/5.0 (linux) AppleWebKit/537.36 (KHTML, like Gecko) jsdom/16.2.2"
35.212.212.38 - - [04/Nov/2021:09:41:15 +0700] "GET /js/vegas/vegas.min.js HTTP/1.1" 200 2824 "http://revit.cic.com.vn/" "Mozilla/5.0 (linux) AppleWebKit/537.36 (KHTML, like Gecko) jsdom/16.2.2"
35.212.212.38 - - [04/Nov/2021:09:41:15 +0700] "GET /js/main.js HTTP/1.1" 200 2606 "http://revit.cic.com.vn/" "Mozilla/5.0 (linux) AppleWebKit/537.36 (KHTML, like Gecko) jsdom/16.2.2"
35.212.212.38 - - [04/Nov/2021:09:41:15 +0700] "GET /js/vendor/jquery-1.11.2.min.js HTTP/1.1" 200 33334 "http://revit.cic.com.vn/" "Mozilla/5.0 (linux) AppleWebKit/537.36 (KHTML, like Gecko) jsdom/16.2.2"
35.212.212.38 - - [04/Nov/2021:09:41:25 +0700] "GET /js/form_script.js HTTP/1.1" 200 1257 "-" "Mozilla/5.0 (Windows NT 10.0; Win64; x64) AppleWebKit/537.36 (KHTML, like Gecko; compatible; BW/1.1; bit.ly/2W6Px8S) Chrome/84.0.4147.105 Safari/537.36"
35.212.212.38 - - [04/Nov/2021:09:41:25 +0700] "GET /js/vendor/wow.min.js HTTP/1.1" 200 2714 "-" "Mozilla/5.0 (Windows NT 10.0; Win64; x64) AppleWebKit/537.36 (KHTML, like Gecko; compatible; BW/1.1; bit.ly/2W6Px8S) Chrome/84.0.4147.105 Safari/537.36"
35.212.212.38 - - [04/Nov/2021:09:41:25 +0700] "GET /js/vegas/vegas.min.js HTTP/1.1" 200 2824 "-" "Mozilla/5.0 (Windows NT 10.0; Win64; x64) AppleWebKit/537.36 (KHTML, like Gecko; compatible; BW/1.1; bit.ly/2W6Px8S) Chrome/84.0.4147.105 Safari/537.36"
35.212.212.38 - - [04/Nov/2021:09:41:25 +0700] "GET /js/main.js HTTP/1.1" 200 2606 "-" "Mozilla/5.0 (Windows NT 10.0; Win64; x64) AppleWebKit/537.36 (KHTML, like Gecko; compatible; BW/1.1; bit.ly/2W6Px8S) Chrome/84.0.4147.105 Safari/537.36"
35.212.212.38 - - [04/Nov/2021:09:41:26 +0700] "GET /js/vendor/swiper/js/swiper.js HTTP/1.1" 200 25424 "-" "Mozilla/5.0 (Windows NT 10.0; Win64; x64) AppleWebKit/537.36 (KHTML, like Gecko; compatible; BW/1.1; bit.ly/2W6Px8S) Chrome/84.0.4147.105 Safari/537.36"
35.212.212.38 - - [04/Nov/2021:09:41:26 +0700] "GET /js/vendor/owl.carousel.min.js HTTP/1.1" 200 10535 "-" "Mozilla/5.0 (Windows NT 10.0; Win64; x64) AppleWebKit/537.36 (KHTML, like Gecko; compatible; BW/1.1; bit.ly/2W6Px8S) Chrome/84.0.4147.105 Safari/537.36"
141.8.142.90 - - [07/Nov/2021:07:31:20 +0700] "GET /robots.txt HTTP/1.0" 404 372 "-" "Mozilla/5.0 (compatible; YandexBot/3.0; +http://yandex.com/bots)"
141.8.142.90 - - [07/Nov/2021:07:31:23 +0700] "GET / HTTP/1.0" 200 290 "-" "Mozilla/5.0 (compatible; YandexBot/3.0; +http://yandex.com/bots)"
141.8.142.90 - - [07/Nov/2021:07:31:23 +0700] "GET / HTTP/1.1" 200 7688 "-" "Mozilla/5.0 (compatible; YandexBot/3.0; +http://yandex.com/bots)"
20.102.54.149 - - [07/Nov/2021:10:54:45 +0700] "GET /.env HTTP/1.1" 403 146 "-" "Mozilla/5.0 (Macintosh; Intel Mac OS X 10.15; rv:77.0) Gecko/20100101 Firefox/77.0"
52.184.199.128 - - [08/Nov/2021:07:16:03 +0700] "GET /.env HTTP/1.1" 403 146 "-" "Mozilla/5.0 (Macintosh; Intel Mac OS X 10.15; rv:77.0) Gecko/20100101 Firefox/77.0"
141.8.142.90 - - [10/Nov/2021:07:35:52 +0700] "GET /robots.txt HTTP/1.0" 404 372 "-" "Mozilla/5.0 (compatible; YandexBot/3.0; +http://yandex.com/bots)"
141.8.142.90 - - [10/Nov/2021:07:35:56 +0700] "GET / HTTP/1.0" 200 290 "-" "Mozilla/5.0 (compatible; YandexBot/3.0; +http://yandex.com/bots)"
40.71.25.208 - - [10/Nov/2021:16:51:39 +0700] "GET /_profiler/phpinfo HTTP/1.0" 404 379 "-" "Mozilla/5.0 (Linux; Android 7.0; SM-G892A Bulid/NRD90M; wv) AppleWebKit/537.36 (KHTML, like Gecko) Version/4.0 Chrome/60.0.3112.107 Moblie Safari/537.36"
40.71.25.208 - - [10/Nov/2021:16:51:40 +0700] "GET /phpinfo.php HTTP/1.0" 404 337 "-" "Mozilla/5.0 (Linux; Android 7.0; SM-G892A Bulid/NRD90M; wv) AppleWebKit/537.36 (KHTML, like Gecko) Version/4.0 Chrome/60.0.3112.107 Moblie Safari/537.36"
40.71.25.208 - - [10/Nov/2021:16:51:41 +0700] "GET /phpinfo HTTP/1.0" 404 369 "-" "Mozilla/5.0 (Linux; Android 7.0; SM-G892A Bulid/NRD90M; wv) AppleWebKit/537.36 (KHTML, like Gecko) Version/4.0 Chrome/60.0.3112.107 Moblie Safari/537.36"
40.71.25.208 - - [10/Nov/2021:16:51:42 +0700] "GET /aws.yml HTTP/1.0" 404 369 "-" "Mozilla/5.0 (Linux; Android 7.0; SM-G892A Bulid/NRD90M; wv) AppleWebKit/537.36 (KHTML, like Gecko) Version/4.0 Chrome/60.0.3112.107 Moblie Safari/537.36"
40.71.25.208 - - [10/Nov/2021:16:51:43 +0700] "GET /info.php HTTP/1.0" 404 337 "-" "Mozilla/5.0 (Linux; Android 7.0; SM-G892A Bulid/NRD90M; wv) AppleWebKit/537.36 (KHTML, like Gecko) Version/4.0 Chrome/60.0.3112.107 Moblie Safari/537.36"
40.71.25.208 - - [10/Nov/2021:16:51:45 +0700] "GET / HTTP/1.0" 200 290 "-" "Mozilla/5.0 (Linux; Android 7.0; SM-G892A Bulid/NRD90M; wv) AppleWebKit/537.36 (KHTML, like Gecko) Version/4.0 Chrome/60.0.3112.107 Moblie Safari/537.36"
40.71.25.208 - - [10/Nov/2021:16:51:45 +0700] "GET /config/aws.yml HTTP/1.0" 404 376 "-" "Mozilla/5.0 (Linux; Android 7.0; SM-G892A Bulid/NRD90M; wv) AppleWebKit/537.36 (KHTML, like Gecko) Version/4.0 Chrome/60.0.3112.107 Moblie Safari/537.36"
40.71.25.208 - - [10/Nov/2021:16:51:47 +0700] "GET / HTTP/1.0" 200 290 "-" "Mozilla/5.0 (Linux; Android 7.0; SM-G892A Bulid/NRD90M; wv) AppleWebKit/537.36 (KHTML, like Gecko) Version/4.0 Chrome/60.0.3112.107 Moblie Safari/537.36"
40.71.25.208 - - [10/Nov/2021:16:51:48 +0700] "GET /config.js HTTP/1.0" 404 371 "-" "Mozilla/5.0 (Linux; Android 7.0; SM-G892A Bulid/NRD90M; wv) AppleWebKit/537.36 (KHTML, like Gecko) Version/4.0 Chrome/60.0.3112.107 Moblie Safari/537.36"
141.8.142.90 - - [10/Nov/2021:07:35:56 +0700] "GET / HTTP/1.1" 200 7688 "-" "Mozilla/5.0 (compatible; YandexBot/3.0; +http://yandex.com/bots)"
40.71.25.208 - - [10/Nov/2021:16:51:42 +0700] "GET /.env.bak HTTP/1.1" 403 548 "-" "Mozilla/5.0 (Linux; Android 7.0; SM-G892A Bulid/NRD90M; wv) AppleWebKit/537.36 (KHTML, like Gecko) Version/4.0 Chrome/60.0.3112.107 Moblie Safari/537.36"
40.71.25.208 - - [10/Nov/2021:16:51:44 +0700] "GET /.aws/credentials HTTP/1.1" 403 548 "-" "Mozilla/5.0 (Linux; Android 7.0; SM-G892A Bulid/NRD90M; wv) AppleWebKit/537.36 (KHTML, like Gecko) Version/4.0 Chrome/60.0.3112.107 Moblie Safari/537.36"
40.71.25.208 - - [10/Nov/2021:16:51:45 +0700] "GET / HTTP/1.1" 200 7688 "-" "Mozilla/5.0 (Linux; Android 7.0; SM-G892A Bulid/NRD90M; wv) AppleWebKit/537.36 (KHTML, like Gecko) Version/4.0 Chrome/60.0.3112.107 Moblie Safari/537.36"
40.71.25.208 - - [10/Nov/2021:16:51:47 +0700] "GET / HTTP/1.1" 200 7688 "-" "Mozilla/5.0 (Linux; Android 7.0; SM-G892A Bulid/NRD90M; wv) AppleWebKit/537.36 (KHTML, like Gecko) Version/4.0 Chrome/60.0.3112.107 Moblie Safari/537.36"
37.0.11.64 - - [11/Nov/2021:13:23:21 +0700] "GET /wp-admin/css/ HTTP/1.0" 404 375 "binance.com" "Mozilla/5.0 (Windows NT 10.0; Win64; x64) AppleWebKit/537.36 (KHTML, like Gecko) Chrome/90.0.4430.85 Safari/537.36"
37.0.11.64 - - [11/Nov/2021:13:23:24 +0700] "GET /.well-known/ HTTP/1.0" 404 374 "binance.com" "Mozilla/5.0 (Windows NT 10.0; Win64; x64) AppleWebKit/537.36 (KHTML, like Gecko) Chrome/90.0.4430.85 Safari/537.36"
37.0.11.64 - - [11/Nov/2021:13:23:26 +0700] "GET /sites/default/files/ HTTP/1.0" 404 382 "binance.com" "Mozilla/5.0 (Windows NT 10.0; Win64; x64) AppleWebKit/537.36 (KHTML, like Gecko) Chrome/90.0.4430.85 Safari/537.36"
37.0.11.64 - - [11/Nov/2021:13:23:29 +0700] "GET /admin/controller/extension/extension/ HTTP/1.0" 404 399 "binance.com" "Mozilla/5.0 (Windows NT 10.0; Win64; x64) AppleWebKit/537.36 (KHTML, like Gecko) Chrome/90.0.4430.85 Safari/537.36"
37.0.11.64 - - [11/Nov/2021:13:23:31 +0700] "GET /uploads/ HTTP/1.0" 404 370 "binance.com" "Mozilla/5.0 (Windows NT 10.0; Win64; x64) AppleWebKit/537.36 (KHTML, like Gecko) Chrome/90.0.4430.85 Safari/537.36"
37.0.11.64 - - [11/Nov/2021:13:23:34 +0700] "GET /images/ HTTP/1.0" 404 369 "binance.com" "Mozilla/5.0 (Windows NT 10.0; Win64; x64) AppleWebKit/537.36 (KHTML, like Gecko) Chrome/90.0.4430.85 Safari/537.36"
37.0.11.64 - - [11/Nov/2021:13:23:37 +0700] "GET /files/ HTTP/1.0" 404 368 "binance.com" "Mozilla/5.0 (Windows NT 10.0; Win64; x64) AppleWebKit/537.36 (KHTML, like Gecko) Chrome/90.0.4430.85 Safari/537.36"
34.229.139.56 - - [12/Nov/2021:03:16:06 +0700] "GET /wp-login.php HTTP/1.0" 404 273 "http://revit.cic.com.vn/wp-login.php" "Mozilla/5.0 (Windows NT 10.0; Win64; x64; rv:94.0) Gecko/20100101 Firefox/94.0"
5.255.253.113 - - [14/Nov/2021:22:45:12 +0700] "GET /robots.txt HTTP/1.0" 404 372 "-" "Mozilla/5.0 (compatible; YandexBot/3.0; +http://yandex.com/bots)"
5.255.253.141 - - [14/Nov/2021:22:45:16 +0700] "GET / HTTP/1.0" 200 290 "-" "Mozilla/5.0 (compatible; YandexBot/3.0; +http://yandex.com/bots)"
5.255.253.141 - - [14/Nov/2021:22:45:16 +0700] "GET / HTTP/1.1" 200 7688 "-" "Mozilla/5.0 (compatible; YandexBot/3.0; +http://yandex.com/bots)"
20.52.8.88 - - [15/Nov/2021:15:06:13 +0700] "GET / HTTP/1.0" 200 290 "-" "Mozilla/5.0 (Windows NT 10.0; Win64; x64) AppleWebKit/537.36 (KHTML, like Gecko) Chrome/76.0.3809.132 Safari/537.36"
20.52.8.88 - - [15/Nov/2021:15:06:14 +0700] "GET /wp-includes/wlwmanifest.xml HTTP/1.0" 404 389 "-" "Mozilla/5.0 (Windows NT 10.0; Win64; x64) AppleWebKit/537.36 (KHTML, like Gecko) Chrome/76.0.3809.132 Safari/537.36"
20.52.8.88 - - [15/Nov/2021:15:06:15 +0700] "GET / HTTP/1.0" 200 290 "-" "Mozilla/5.0 (Windows NT 10.0; Win64; x64) AppleWebKit/537.36 (KHTML, like Gecko) Chrome/76.0.3809.132 Safari/537.36"
20.52.8.88 - - [15/Nov/2021:15:06:16 +0700] "GET /blog/wp-includes/wlwmanifest.xml HTTP/1.0" 404 394 "-" "Mozilla/5.0 (Windows NT 10.0; Win64; x64) AppleWebKit/537.36 (KHTML, like Gecko) Chrome/76.0.3809.132 Safari/537.36"
20.52.8.88 - - [15/Nov/2021:15:06:17 +0700] "GET /web/wp-includes/wlwmanifest.xml HTTP/1.0" 404 393 "-" "Mozilla/5.0 (Windows NT 10.0; Win64; x64) AppleWebKit/537.36 (KHTML, like Gecko) Chrome/76.0.3809.132 Safari/537.36"
20.52.8.88 - - [15/Nov/2021:15:06:18 +0700] "GET /wordpress/wp-includes/wlwmanifest.xml HTTP/1.0" 404 399 "-" "Mozilla/5.0 (Windows NT 10.0; Win64; x64) AppleWebKit/537.36 (KHTML, like Gecko) Chrome/76.0.3809.132 Safari/537.36"
20.52.8.88 - - [15/Nov/2021:15:06:18 +0700] "GET /website/wp-includes/wlwmanifest.xml HTTP/1.0" 404 397 "-" "Mozilla/5.0 (Windows NT 10.0; Win64; x64) AppleWebKit/537.36 (KHTML, like Gecko) Chrome/76.0.3809.132 Safari/537.36"
20.52.8.88 - - [15/Nov/2021:15:06:19 +0700] "GET /wp/wp-includes/wlwmanifest.xml HTTP/1.0" 404 392 "-" "Mozilla/5.0 (Windows NT 10.0; Win64; x64) AppleWebKit/537.36 (KHTML, like Gecko) Chrome/76.0.3809.132 Safari/537.36"
20.52.8.88 - - [15/Nov/2021:15:06:19 +0700] "GET /news/wp-includes/wlwmanifest.xml HTTP/1.0" 404 394 "-" "Mozilla/5.0 (Windows NT 10.0; Win64; x64) AppleWebKit/537.36 (KHTML, like Gecko) Chrome/76.0.3809.132 Safari/537.36"
20.52.8.88 - - [15/Nov/2021:15:06:20 +0700] "GET /2018/wp-includes/wlwmanifest.xml HTTP/1.0" 404 394 "-" "Mozilla/5.0 (Windows NT 10.0; Win64; x64) AppleWebKit/537.36 (KHTML, like Gecko) Chrome/76.0.3809.132 Safari/537.36"
20.52.8.88 - - [15/Nov/2021:15:06:21 +0700] "GET /2019/wp-includes/wlwmanifest.xml HTTP/1.0" 404 394 "-" "Mozilla/5.0 (Windows NT 10.0; Win64; x64) AppleWebKit/537.36 (KHTML, like Gecko) Chrome/76.0.3809.132 Safari/537.36"
20.52.8.88 - - [15/Nov/2021:15:06:21 +0700] "GET /shop/wp-includes/wlwmanifest.xml HTTP/1.0" 404 394 "-" "Mozilla/5.0 (Windows NT 10.0; Win64; x64) AppleWebKit/537.36 (KHTML, like Gecko) Chrome/76.0.3809.132 Safari/537.36"
20.52.8.88 - - [15/Nov/2021:15:06:22 +0700] "GET /wp1/wp-includes/wlwmanifest.xml HTTP/1.0" 404 393 "-" "Mozilla/5.0 (Windows NT 10.0; Win64; x64) AppleWebKit/537.36 (KHTML, like Gecko) Chrome/76.0.3809.132 Safari/537.36"
20.52.8.88 - - [15/Nov/2021:15:06:22 +0700] "GET /test/wp-includes/wlwmanifest.xml HTTP/1.0" 404 394 "-" "Mozilla/5.0 (Windows NT 10.0; Win64; x64) AppleWebKit/537.36 (KHTML, like Gecko) Chrome/76.0.3809.132 Safari/537.36"
20.52.8.88 - - [15/Nov/2021:15:06:23 +0700] "GET /media/wp-includes/wlwmanifest.xml HTTP/1.0" 404 395 "-" "Mozilla/5.0 (Windows NT 10.0; Win64; x64) AppleWebKit/537.36 (KHTML, like Gecko) Chrome/76.0.3809.132 Safari/537.36"
20.52.8.88 - - [15/Nov/2021:15:06:23 +0700] "GET /wp2/wp-includes/wlwmanifest.xml HTTP/1.0" 404 393 "-" "Mozilla/5.0 (Windows NT 10.0; Win64; x64) AppleWebKit/537.36 (KHTML, like Gecko) Chrome/76.0.3809.132 Safari/537.36"
20.52.8.88 - - [15/Nov/2021:15:06:24 +0700] "GET /site/wp-includes/wlwmanifest.xml HTTP/1.0" 404 394 "-" "Mozilla/5.0 (Windows NT 10.0; Win64; x64) AppleWebKit/537.36 (KHTML, like Gecko) Chrome/76.0.3809.132 Safari/537.36"
20.52.8.88 - - [15/Nov/2021:15:06:25 +0700] "GET /cms/wp-includes/wlwmanifest.xml HTTP/1.0" 404 393 "-" "Mozilla/5.0 (Windows NT 10.0; Win64; x64) AppleWebKit/537.36 (KHTML, like Gecko) Chrome/76.0.3809.132 Safari/537.36"
20.52.8.88 - - [15/Nov/2021:15:06:26 +0700] "GET /sito/wp-includes/wlwmanifest.xml HTTP/1.0" 404 394 "-" "Mozilla/5.0 (Windows NT 10.0; Win64; x64) AppleWebKit/537.36 (KHTML, like Gecko) Chrome/76.0.3809.132 Safari/537.36"
20.52.8.88 - - [15/Nov/2021:15:06:13 +0700] "GET / HTTP/1.1" 200 32517 "-" "Mozilla/5.0 (Windows NT 10.0; Win64; x64) AppleWebKit/537.36 (KHTML, like Gecko) Chrome/76.0.3809.132 Safari/537.36"
20.52.8.88 - - [15/Nov/2021:15:06:15 +0700] "GET / HTTP/1.1" 200 32517 "-" "Mozilla/5.0 (Windows NT 10.0; Win64; x64) AppleWebKit/537.36 (KHTML, like Gecko) Chrome/76.0.3809.132 Safari/537.36"
95.108.213.23 - - [16/Nov/2021:19:39:45 +0700] "GET /robots.txt HTTP/1.0" 404 372 "-" "Mozilla/5.0 (compatible; YandexBot/3.0; +http://yandex.com/bots)"
95.108.213.23 - - [16/Nov/2021:19:39:48 +0700] "GET / HTTP/1.0" 200 290 "-" "Mozilla/5.0 (compatible; YandexBot/3.0; +http://yandex.com/bots)"
95.108.213.23 - - [16/Nov/2021:19:39:48 +0700] "GET / HTTP/1.1" 200 7688 "-" "Mozilla/5.0 (compatible; YandexBot/3.0; +http://yandex.com/bots)"
95.108.213.23 - - [19/Nov/2021:04:32:09 +0700] "GET /robots.txt HTTP/1.0" 404 372 "-" "Mozilla/5.0 (compatible; YandexBot/3.0; +http://yandex.com/bots)"
95.108.213.23 - - [19/Nov/2021:04:32:13 +0700] "GET / HTTP/1.0" 200 290 "-" "Mozilla/5.0 (compatible; YandexBot/3.0; +http://yandex.com/bots)"
95.108.213.23 - - [19/Nov/2021:04:32:13 +0700] "GET / HTTP/1.1" 200 7688 "-" "Mozilla/5.0 (compatible; YandexBot/3.0; +http://yandex.com/bots)"
165.232.165.87 - - [20/Nov/2021:20:19:39 +0700] "GET / HTTP/1.0" 200 290 "-" "Mozilla/5.0 (Windows NT 10.0; Win64; x64) AppleWebKit/537.36 (KHTML, like Gecko) Chrome/88.0.4240.193 Safari/537.36"
165.232.165.87 - - [20/Nov/2021:20:19:40 +0700] "GET / HTTP/1.0" 200 290 "-" "Mozilla/5.0 (Windows NT 10.0; Win64; x64) AppleWebKit/537.36 (KHTML, like Gecko) Chrome/88.0.4240.193 Safari/537.36"
165.232.165.87 - - [20/Nov/2021:20:19:40 +0700] "GET /wp-includes/wlwmanifest.xml HTTP/1.0" 404 389 "-" "Mozilla/5.0 (Windows NT 10.0; Win64; x64) AppleWebKit/537.36 (KHTML, like Gecko) Chrome/88.0.4240.193 Safari/537.36"
165.232.165.87 - - [20/Nov/2021:20:19:41 +0700] "GET / HTTP/1.0" 200 290 "-" "Mozilla/5.0 (Windows NT 10.0; Win64; x64) AppleWebKit/537.36 (KHTML, like Gecko) Chrome/88.0.4240.193 Safari/537.36"
165.232.165.87 - - [20/Nov/2021:20:19:41 +0700] "GET /blog/wp-includes/wlwmanifest.xml HTTP/1.0" 404 394 "-" "Mozilla/5.0 (Windows NT 10.0; Win64; x64) AppleWebKit/537.36 (KHTML, like Gecko) Chrome/88.0.4240.193 Safari/537.36"
165.232.165.87 - - [20/Nov/2021:20:19:42 +0700] "GET /web/wp-includes/wlwmanifest.xml HTTP/1.0" 404 393 "-" "Mozilla/5.0 (Windows NT 10.0; Win64; x64) AppleWebKit/537.36 (KHTML, like Gecko) Chrome/88.0.4240.193 Safari/537.36"
165.232.165.87 - - [20/Nov/2021:20:19:42 +0700] "GET /wordpress/wp-includes/wlwmanifest.xml HTTP/1.0" 404 399 "-" "Mozilla/5.0 (Windows NT 10.0; Win64; x64) AppleWebKit/537.36 (KHTML, like Gecko) Chrome/88.0.4240.193 Safari/537.36"
165.232.165.87 - - [20/Nov/2021:20:19:42 +0700] "GET /website/wp-includes/wlwmanifest.xml HTTP/1.0" 404 397 "-" "Mozilla/5.0 (Windows NT 10.0; Win64; x64) AppleWebKit/537.36 (KHTML, like Gecko) Chrome/88.0.4240.193 Safari/537.36"
165.232.165.87 - - [20/Nov/2021:20:19:43 +0700] "GET /wp/wp-includes/wlwmanifest.xml HTTP/1.0" 404 392 "-" "Mozilla/5.0 (Windows NT 10.0; Win64; x64) AppleWebKit/537.36 (KHTML, like Gecko) Chrome/88.0.4240.193 Safari/537.36"
165.232.165.87 - - [20/Nov/2021:20:19:43 +0700] "GET /news/wp-includes/wlwmanifest.xml HTTP/1.0" 404 394 "-" "Mozilla/5.0 (Windows NT 10.0; Win64; x64) AppleWebKit/537.36 (KHTML, like Gecko) Chrome/88.0.4240.193 Safari/537.36"
165.232.165.87 - - [20/Nov/2021:20:19:43 +0700] "GET /2020/wp-includes/wlwmanifest.xml HTTP/1.0" 404 394 "-" "Mozilla/5.0 (Windows NT 10.0; Win64; x64) AppleWebKit/537.36 (KHTML, like Gecko) Chrome/88.0.4240.193 Safari/537.36"
165.232.165.87 - - [20/Nov/2021:20:19:44 +0700] "GET /2019/wp-includes/wlwmanifest.xml HTTP/1.0" 404 394 "-" "Mozilla/5.0 (Windows NT 10.0; Win64; x64) AppleWebKit/537.36 (KHTML, like Gecko) Chrome/88.0.4240.193 Safari/537.36"
165.232.165.87 - - [20/Nov/2021:20:19:44 +0700] "GET /shop/wp-includes/wlwmanifest.xml HTTP/1.0" 404 394 "-" "Mozilla/5.0 (Windows NT 10.0; Win64; x64) AppleWebKit/537.36 (KHTML, like Gecko) Chrome/88.0.4240.193 Safari/537.36"
165.232.165.87 - - [20/Nov/2021:20:19:44 +0700] "GET /wp1/wp-includes/wlwmanifest.xml HTTP/1.0" 404 393 "-" "Mozilla/5.0 (Windows NT 10.0; Win64; x64) AppleWebKit/537.36 (KHTML, like Gecko) Chrome/88.0.4240.193 Safari/537.36"
165.232.165.87 - - [20/Nov/2021:20:19:45 +0700] "GET /test/wp-includes/wlwmanifest.xml HTTP/1.0" 404 394 "-" "Mozilla/5.0 (Windows NT 10.0; Win64; x64) AppleWebKit/537.36 (KHTML, like Gecko) Chrome/88.0.4240.193 Safari/537.36"
165.232.165.87 - - [20/Nov/2021:20:19:45 +0700] "GET /wp2/wp-includes/wlwmanifest.xml HTTP/1.0" 404 393 "-" "Mozilla/5.0 (Windows NT 10.0; Win64; x64) AppleWebKit/537.36 (KHTML, like Gecko) Chrome/88.0.4240.193 Safari/537.36"
165.232.165.87 - - [20/Nov/2021:20:19:46 +0700] "GET /site/wp-includes/wlwmanifest.xml HTTP/1.0" 404 394 "-" "Mozilla/5.0 (Windows NT 10.0; Win64; x64) AppleWebKit/537.36 (KHTML, like Gecko) Chrome/88.0.4240.193 Safari/537.36"
165.232.165.87 - - [20/Nov/2021:20:19:46 +0700] "GET /cms/wp-includes/wlwmanifest.xml HTTP/1.0" 404 393 "-" "Mozilla/5.0 (Windows NT 10.0; Win64; x64) AppleWebKit/537.36 (KHTML, like Gecko) Chrome/88.0.4240.193 Safari/537.36"
165.232.165.87 - - [20/Nov/2021:20:19:46 +0700] "GET /sito/wp-includes/wlwmanifest.xml HTTP/1.0" 404 394 "-" "Mozilla/5.0 (Windows NT 10.0; Win64; x64) AppleWebKit/537.36 (KHTML, like Gecko) Chrome/88.0.4240.193 Safari/537.36"
165.232.165.87 - - [20/Nov/2021:20:19:39 +0700] "GET / HTTP/1.1" 200 32517 "-" "Mozilla/5.0 (Windows NT 10.0; Win64; x64) AppleWebKit/537.36 (KHTML, like Gecko) Chrome/88.0.4240.193 Safari/537.36"
165.232.165.87 - - [20/Nov/2021:20:19:40 +0700] "GET / HTTP/1.1" 200 32517 "-" "Mozilla/5.0 (Windows NT 10.0; Win64; x64) AppleWebKit/537.36 (KHTML, like Gecko) Chrome/88.0.4240.193 Safari/537.36"
165.232.165.87 - - [20/Nov/2021:20:19:41 +0700] "GET / HTTP/1.1" 200 32517 "-" "Mozilla/5.0 (Windows NT 10.0; Win64; x64) AppleWebKit/537.36 (KHTML, like Gecko) Chrome/88.0.4240.193 Safari/537.36"
95.108.213.23 - - [21/Nov/2021:07:37:52 +0700] "GET /robots.txt HTTP/1.0" 404 372 "-" "Mozilla/5.0 (compatible; YandexBot/3.0; +http://yandex.com/bots)"
95.108.213.23 - - [21/Nov/2021:07:37:56 +0700] "GET / HTTP/1.0" 200 290 "-" "Mozilla/5.0 (compatible; YandexBot/3.0; +http://yandex.com/bots)"
20.52.8.88 - - [21/Nov/2021:11:36:10 +0700] "GET / HTTP/1.0" 200 290 "-" "Mozilla/5.0 (Windows NT 6.3; Win64; x64) AppleWebKit/537.36 (KHTML, like Gecko) Chrome/73.0.3683.86 Safari/537.36"
20.52.8.88 - - [21/Nov/2021:11:36:11 +0700] "GET /wp-includes/wlwmanifest.xml HTTP/1.0" 404 389 "-" "Mozilla/5.0 (Windows NT 6.3; Win64; x64) AppleWebKit/537.36 (KHTML, like Gecko) Chrome/73.0.3683.86 Safari/537.36"
20.52.8.88 - - [21/Nov/2021:11:36:12 +0700] "GET / HTTP/1.0" 200 290 "-" "Mozilla/5.0 (Windows NT 6.3; Win64; x64) AppleWebKit/537.36 (KHTML, like Gecko) Chrome/73.0.3683.86 Safari/537.36"
20.52.8.88 - - [21/Nov/2021:11:36:13 +0700] "GET /blog/wp-includes/wlwmanifest.xml HTTP/1.0" 404 394 "-" "Mozilla/5.0 (Windows NT 6.3; Win64; x64) AppleWebKit/537.36 (KHTML, like Gecko) Chrome/73.0.3683.86 Safari/537.36"
20.52.8.88 - - [21/Nov/2021:11:36:14 +0700] "GET /web/wp-includes/wlwmanifest.xml HTTP/1.0" 404 393 "-" "Mozilla/5.0 (Windows NT 6.3; Win64; x64) AppleWebKit/537.36 (KHTML, like Gecko) Chrome/73.0.3683.86 Safari/537.36"
20.52.8.88 - - [21/Nov/2021:11:36:15 +0700] "GET /wordpress/wp-includes/wlwmanifest.xml HTTP/1.0" 404 399 "-" "Mozilla/5.0 (Windows NT 6.3; Win64; x64) AppleWebKit/537.36 (KHTML, like Gecko) Chrome/73.0.3683.86 Safari/537.36"
20.52.8.88 - - [21/Nov/2021:11:36:15 +0700] "GET /website/wp-includes/wlwmanifest.xml HTTP/1.0" 404 397 "-" "Mozilla/5.0 (Windows NT 6.3; Win64; x64) AppleWebKit/537.36 (KHTML, like Gecko) Chrome/73.0.3683.86 Safari/537.36"
20.52.8.88 - - [21/Nov/2021:11:36:16 +0700] "GET /wp/wp-includes/wlwmanifest.xml HTTP/1.0" 404 392 "-" "Mozilla/5.0 (Windows NT 6.3; Win64; x64) AppleWebKit/537.36 (KHTML, like Gecko) Chrome/73.0.3683.86 Safari/537.36"
20.52.8.88 - - [21/Nov/2021:11:36:16 +0700] "GET /news/wp-includes/wlwmanifest.xml HTTP/1.0" 404 394 "-" "Mozilla/5.0 (Windows NT 6.3; Win64; x64) AppleWebKit/537.36 (KHTML, like Gecko) Chrome/73.0.3683.86 Safari/537.36"
20.52.8.88 - - [21/Nov/2021:11:36:17 +0700] "GET /2015/wp-includes/wlwmanifest.xml HTTP/1.0" 404 394 "-" "Mozilla/5.0 (Windows NT 6.3; Win64; x64) AppleWebKit/537.36 (KHTML, like Gecko) Chrome/73.0.3683.86 Safari/537.36"
20.52.8.88 - - [21/Nov/2021:11:36:17 +0700] "GET /2016/wp-includes/wlwmanifest.xml HTTP/1.0" 404 394 "-" "Mozilla/5.0 (Windows NT 6.3; Win64; x64) AppleWebKit/537.36 (KHTML, like Gecko) Chrome/73.0.3683.86 Safari/537.36"
20.52.8.88 - - [21/Nov/2021:11:36:18 +0700] "GET /2017/wp-includes/wlwmanifest.xml HTTP/1.0" 404 394 "-" "Mozilla/5.0 (Windows NT 6.3; Win64; x64) AppleWebKit/537.36 (KHTML, like Gecko) Chrome/73.0.3683.86 Safari/537.36"
20.52.8.88 - - [21/Nov/2021:11:36:19 +0700] "GET /2018/wp-includes/wlwmanifest.xml HTTP/1.0" 404 394 "-" "Mozilla/5.0 (Windows NT 6.3; Win64; x64) AppleWebKit/537.36 (KHTML, like Gecko) Chrome/73.0.3683.86 Safari/537.36"
20.52.8.88 - - [21/Nov/2021:11:36:19 +0700] "GET /shop/wp-includes/wlwmanifest.xml HTTP/1.0" 404 394 "-" "Mozilla/5.0 (Windows NT 6.3; Win64; x64) AppleWebKit/537.36 (KHTML, like Gecko) Chrome/73.0.3683.86 Safari/537.36"
20.52.8.88 - - [21/Nov/2021:11:36:20 +0700] "GET /wp1/wp-includes/wlwmanifest.xml HTTP/1.0" 404 393 "-" "Mozilla/5.0 (Windows NT 6.3; Win64; x64) AppleWebKit/537.36 (KHTML, like Gecko) Chrome/73.0.3683.86 Safari/537.36"
20.52.8.88 - - [21/Nov/2021:11:36:20 +0700] "GET /test/wp-includes/wlwmanifest.xml HTTP/1.0" 404 394 "-" "Mozilla/5.0 (Windows NT 6.3; Win64; x64) AppleWebKit/537.36 (KHTML, like Gecko) Chrome/73.0.3683.86 Safari/537.36"
20.52.8.88 - - [21/Nov/2021:11:36:21 +0700] "GET /media/wp-includes/wlwmanifest.xml HTTP/1.0" 404 395 "-" "Mozilla/5.0 (Windows NT 6.3; Win64; x64) AppleWebKit/537.36 (KHTML, like Gecko) Chrome/73.0.3683.86 Safari/537.36"
20.52.8.88 - - [21/Nov/2021:11:36:21 +0700] "GET /wp2/wp-includes/wlwmanifest.xml HTTP/1.0" 404 393 "-" "Mozilla/5.0 (Windows NT 6.3; Win64; x64) AppleWebKit/537.36 (KHTML, like Gecko) Chrome/73.0.3683.86 Safari/537.36"
20.52.8.88 - - [21/Nov/2021:11:36:22 +0700] "GET /site/wp-includes/wlwmanifest.xml HTTP/1.0" 404 394 "-" "Mozilla/5.0 (Windows NT 6.3; Win64; x64) AppleWebKit/537.36 (KHTML, like Gecko) Chrome/73.0.3683.86 Safari/537.36"
20.52.8.88 - - [21/Nov/2021:11:36:23 +0700] "GET /cms/wp-includes/wlwmanifest.xml HTTP/1.0" 404 393 "-" "Mozilla/5.0 (Windows NT 6.3; Win64; x64) AppleWebKit/537.36 (KHTML, like Gecko) Chrome/73.0.3683.86 Safari/537.36"
20.52.8.88 - - [21/Nov/2021:11:36:23 +0700] "GET /sito/wp-includes/wlwmanifest.xml HTTP/1.0" 404 394 "-" "Mozilla/5.0 (Windows NT 6.3; Win64; x64) AppleWebKit/537.36 (KHTML, like Gecko) Chrome/73.0.3683.86 Safari/537.36"
95.108.213.23 - - [21/Nov/2021:07:37:56 +0700] "GET / HTTP/1.1" 200 7688 "-" "Mozilla/5.0 (compatible; YandexBot/3.0; +http://yandex.com/bots)"
20.52.8.88 - - [21/Nov/2021:11:36:10 +0700] "GET / HTTP/1.1" 200 32517 "-" "Mozilla/5.0 (Windows NT 6.3; Win64; x64) AppleWebKit/537.36 (KHTML, like Gecko) Chrome/73.0.3683.86 Safari/537.36"
20.52.8.88 - - [21/Nov/2021:11:36:12 +0700] "GET / HTTP/1.1" 200 32517 "-" "Mozilla/5.0 (Windows NT 6.3; Win64; x64) AppleWebKit/537.36 (KHTML, like Gecko) Chrome/73.0.3683.86 Safari/537.36"
3.93.51.156 - - [22/Nov/2021:22:20:46 +0700] "GET /wp-content/ HTTP/1.0" 404 373 "-" "Mozilla/5.0 (Macintosh; Intel Mac OS X 10.15; rv:77.0) Gecko/20100101 Firefox/77.0"
194.126.177.17 - - [23/Nov/2021:00:02:44 +0700] "POST / HTTP/1.0" 403 2261 "-" "Mozilla/5.0 (X11; Linux x86_64) AppleWebKit/537.36 (KHTML, like Gecko) Chrome/81.0.4044.129 Safari/537.36"
95.108.213.61 - - [23/Nov/2021:02:01:38 +0700] "GET /robots.txt HTTP/1.0" 404 372 "-" "Mozilla/5.0 (compatible; YandexBot/3.0; +http://yandex.com/bots)"
95.108.213.61 - - [23/Nov/2021:02:01:41 +0700] "GET / HTTP/1.0" 200 290 "-" "Mozilla/5.0 (compatible; YandexBot/3.0; +http://yandex.com/bots)"
3.93.51.156 - - [22/Nov/2021:22:20:45 +0700] "GET /.env HTTP/1.1" 403 146 "-" "Mozilla/5.0 (Macintosh; Intel Mac OS X 10.15; rv:77.0) Gecko/20100101 Firefox/77.0"
194.126.177.17 - - [23/Nov/2021:00:01:46 +0700] "GET /.env HTTP/1.1" 403 548 "-" "Mozilla/5.0 (X11; Linux x86_64) AppleWebKit/537.36 (KHTML, like Gecko) Chrome/81.0.4044.129 Safari/537.36"
95.108.213.61 - - [23/Nov/2021:02:01:41 +0700] "GET / HTTP/1.1" 200 7688 "-" "Mozilla/5.0 (compatible; YandexBot/3.0; +http://yandex.com/bots)"
95.108.213.61 - - [24/Nov/2021:23:29:55 +0700] "GET /robots.txt HTTP/1.0" 404 372 "-" "Mozilla/5.0 (compatible; YandexBot/3.0; +http://yandex.com/bots)"
95.108.213.23 - - [24/Nov/2021:23:29:59 +0700] "GET / HTTP/1.0" 200 290 "-" "Mozilla/5.0 (compatible; YandexBot/3.0; +http://yandex.com/bots)"
95.108.213.23 - - [24/Nov/2021:23:29:59 +0700] "GET / HTTP/1.1" 200 7688 "-" "Mozilla/5.0 (compatible; YandexBot/3.0; +http://yandex.com/bots)"
95.108.213.23 - - [27/Nov/2021:04:02:06 +0700] "GET /robots.txt HTTP/1.0" 404 372 "-" "Mozilla/5.0 (compatible; YandexBot/3.0; +http://yandex.com/bots)"
95.108.213.23 - - [27/Nov/2021:04:02:09 +0700] "GET / HTTP/1.0" 200 290 "-" "Mozilla/5.0 (compatible; YandexBot/3.0; +http://yandex.com/bots)"
95.108.213.23 - - [27/Nov/2021:04:02:09 +0700] "GET / HTTP/1.1" 200 7688 "-" "Mozilla/5.0 (compatible; YandexBot/3.0; +http://yandex.com/bots)"
54.158.30.170 - - [28/Nov/2021:19:54:32 +0700] "GET /wp-content/ HTTP/1.0" 404 373 "-" "Mozilla/5.0 (Macintosh; Intel Mac OS X 10.15; rv:77.0) Gecko/20100101 Firefox/77.0"
147.182.209.57 - - [29/Nov/2021:00:08:02 +0700] "GET /dup-installer/main.installer.php HTTP/1.0" 404 394 "-" "-"
54.158.30.170 - - [28/Nov/2021:19:54:31 +0700] "GET /.env HTTP/1.1" 403 146 "-" "Mozilla/5.0 (Macintosh; Intel Mac OS X 10.15; rv:77.0) Gecko/20100101 Firefox/77.0"
147.182.209.57 - - [29/Nov/2021:03:30:47 +0700] "GET /dup-installer/main.installer.php HTTP/1.0" 404 394 "-" "-"
147.182.209.57 - - [29/Nov/2021:04:55:10 +0700] "GET /dup-installer/main.installer.php HTTP/1.0" 404 394 "-" "-"
95.108.213.23 - - [30/Nov/2021:01:02:39 +0700] "GET /robots.txt HTTP/1.0" 404 372 "-" "Mozilla/5.0 (compatible; YandexBot/3.0; +http://yandex.com/bots)"
95.108.213.23 - - [30/Nov/2021:01:02:43 +0700] "GET / HTTP/1.0" 200 290 "-" "Mozilla/5.0 (compatible; YandexBot/3.0; +http://yandex.com/bots)"
95.108.213.23 - - [30/Nov/2021:01:02:43 +0700] "GET / HTTP/1.1" 200 7688 "-" "Mozilla/5.0 (compatible; YandexBot/3.0; +http://yandex.com/bots)"
144.126.152.162 - - [30/Nov/2021:20:39:24 +0700] "GET / HTTP/1.0" 200 290 "-" "python-requests/2.26.0"
3.120.130.29 - - [30/Nov/2021:11:32:51 +0700] "GET /.well-known/acme-challenge/IjcfiCc_f6Y7ake4gJuXPHVPu7QIrhVBuKL2_HSfEvU HTTP/1.1" 200 87 "-" "Mozilla/5.0 (compatible; Let's Encrypt validation server; +https://www.letsencrypt.org)"
3.19.56.43 - - [30/Nov/2021:11:32:51 +0700] "GET /.well-known/acme-challenge/IjcfiCc_f6Y7ake4gJuXPHVPu7QIrhVBuKL2_HSfEvU HTTP/1.1" 200 87 "-" "Mozilla/5.0 (compatible; Let's Encrypt validation server; +https://www.letsencrypt.org)"
66.133.109.36 - - [30/Nov/2021:11:32:58 +0700] "GET /.well-known/acme-challenge/IjcfiCc_f6Y7ake4gJuXPHVPu7QIrhVBuKL2_HSfEvU HTTP/1.1" 200 87 "-" "Mozilla/5.0 (compatible; Let's Encrypt validation server; +https://www.letsencrypt.org)"
52.39.4.59 - - [30/Nov/2021:11:33:00 +0700] "GET /.well-known/acme-challenge/IjcfiCc_f6Y7ake4gJuXPHVPu7QIrhVBuKL2_HSfEvU HTTP/1.1" 200 87 "-" "Mozilla/5.0 (compatible; Let's Encrypt validation server; +https://www.letsencrypt.org)"
144.126.152.162 - - [30/Nov/2021:20:39:24 +0700] "GET / HTTP/1.1" 200 7688 "-" "python-requests/2.26.0"
95.108.213.61 - - [01/Dec/2021:19:18:51 +0700] "GET /robots.txt HTTP/1.0" 404 372 "-" "Mozilla/5.0 (compatible; YandexBot/3.0; +http://yandex.com/bots)"
95.108.213.61 - - [01/Dec/2021:19:18:55 +0700] "GET / HTTP/1.0" 200 290 "-" "Mozilla/5.0 (compatible; YandexBot/3.0; +http://yandex.com/bots)"
95.108.213.61 - - [01/Dec/2021:19:18:55 +0700] "GET / HTTP/1.1" 200 7688 "-" "Mozilla/5.0 (compatible; YandexBot/3.0; +http://yandex.com/bots)"
49.12.225.174 - - [03/Dec/2021:23:08:56 +0700] "GET /wp-admin/setup-config.php?step=1 HTTP/1.0" 404 387 "-" "Apache/2.4.34 (Ubuntu) OpenSSL/1.1.1 (internal dummy connection)"
34.77.162.11 - - [04/Dec/2021:07:54:49 +0700] "GET / HTTP/1.0" 200 290 "-" "Expanse indexes the network perimeters of our customers. If you have any questions or concerns, please reach out to: scaninfo@expanseinc.com"
5.255.253.154 - - [05/Dec/2021:01:50:24 +0700] "GET /robots.txt HTTP/1.0" 404 372 "-" "Mozilla/5.0 (compatible; YandexBot/3.0; +http://yandex.com/bots)"
87.250.224.49 - - [05/Dec/2021:01:50:28 +0700] "GET / HTTP/1.0" 200 290 "-" "Mozilla/5.0 (compatible; YandexBot/3.0; +http://yandex.com/bots)"
34.77.162.11 - - [04/Dec/2021:07:54:49 +0700] "GET / HTTP/1.1" 200 32517 "-" "Expanse indexes the network perimeters of our customers. If you have any questions or concerns, please reach out to: scaninfo@expanseinc.com"
87.250.224.49 - - [05/Dec/2021:01:50:28 +0700] "GET / HTTP/1.1" 200 7688 "-" "Mozilla/5.0 (compatible; YandexBot/3.0; +http://yandex.com/bots)"
23.148.145.23 - - [05/Dec/2021:08:43:03 +0700] "GET /wp-content/ HTTP/1.0" 404 373 "-" "Mozilla/5.0 (Macintosh; Intel Mac OS X 10.15; rv:77.0) Gecko/20100101 Firefox/77.0"
92.118.160.17 - - [06/Dec/2021:09:40:39 +0700] "GET / HTTP/1.0" 200 290 "-" "NetSystemsResearch studies the availability of various services across the internet. Our website is netsystemsresearch.com"
92.118.160.17 - - [06/Dec/2021:09:40:39 +0700] "GET / HTTP/1.1" 200 32517 "-" "NetSystemsResearch studies the availability of various services across the internet. Our website is netsystemsresearch.com"
34.96.130.7 - - [07/Dec/2021:21:33:54 +0700] "GET / HTTP/1.0" 200 290 "-" "Expanse indexes the network perimeters of our customers. If you have any questions or concerns, please reach out to: scaninfo@expanseinc.com"
34.96.130.7 - - [07/Dec/2021:21:33:54 +0700] "GET / HTTP/1.1" 200 32517 "-" "Expanse indexes the network perimeters of our customers. If you have any questions or concerns, please reach out to: scaninfo@expanseinc.com"
23.148.145.38 - - [09/Dec/2021:23:33:56 +0700] "GET /wp-content/ HTTP/1.0" 404 373 "-" "Mozilla/5.0 (Macintosh; Intel Mac OS X 10.15; rv:77.0) Gecko/20100101 Firefox/77.0"
95.211.186.231 - - [10/Dec/2021:06:05:41 +0700] "GET / HTTP/1.0" 200 290 "-" "-"
87.250.224.65 - - [10/Dec/2021:23:07:04 +0700] "GET /robots.txt HTTP/1.0" 404 372 "-" "Mozilla/5.0 (compatible; YandexBot/3.0; +http://yandex.com/bots)"
5.255.231.246 - - [10/Dec/2021:23:07:07 +0700] "GET / HTTP/1.0" 200 290 "-" "Mozilla/5.0 (compatible; YandexBot/3.0; +http://yandex.com/bots)"
34.77.162.11 - - [11/Dec/2021:02:05:15 +0700] "GET / HTTP/1.0" 200 290 "-" "Expanse indexes the network perimeters of our customers. If you have any questions or concerns, please reach out to: scaninfo@expanseinc.com"
103.124.251.212 - - [11/Dec/2021:02:21:22 +0700] "GET /dup-installer/main.installer.php HTTP/1.0" 404 394 "-" "-"
141.8.142.77 - - [11/Dec/2021:02:38:37 +0700] "GET /robots.txt HTTP/1.0" 404 372 "-" "Mozilla/5.0 (compatible; YandexBot/3.0; +http://yandex.com/bots)"
95.108.213.23 - - [11/Dec/2021:02:38:41 +0700] "GET / HTTP/1.0" 200 290 "-" "Mozilla/5.0 (compatible; YandexBot/3.0; +http://yandex.com/bots)"
95.211.186.231 - - [10/Dec/2021:06:05:41 +0700] "GET / HTTP/1.1" 200 7688 "-" "-"
5.255.231.246 - - [10/Dec/2021:23:07:07 +0700] "GET / HTTP/1.1" 200 7688 "-" "Mozilla/5.0 (compatible; YandexBot/3.0; +http://yandex.com/bots)"
34.77.162.11 - - [11/Dec/2021:02:05:15 +0700] "GET / HTTP/1.1" 200 32517 "-" "Expanse indexes the network perimeters of our customers. If you have any questions or concerns, please reach out to: scaninfo@expanseinc.com"
95.108.213.23 - - [11/Dec/2021:02:38:41 +0700] "GET / HTTP/1.1" 200 7688 "-" "Mozilla/5.0 (compatible; YandexBot/3.0; +http://yandex.com/bots)"
92.118.160.1 - - [11/Dec/2021:20:53:26 +0700] "GET / HTTP/1.0" 200 290 "-" "NetSystemsResearch studies the availability of various services across the internet. Our website is netsystemsresearch.com"
92.118.160.1 - - [11/Dec/2021:20:53:26 +0700] "GET / HTTP/1.1" 200 32517 "-" "NetSystemsResearch studies the availability of various services across the internet. Our website is netsystemsresearch.com"
159.223.148.120 - - [12/Dec/2021:05:20:55 +0700] "POST / HTTP/1.0" 200 7983 "-" "Mozilla/5.0 (X11; Linux x86_64) AppleWebKit/537.36 (KHTML, like Gecko) Chrome/81.0.4044.129 Safari/537.36"
87.250.224.166 - - [13/Dec/2021:00:59:56 +0700] "GET /robots.txt HTTP/1.0" 404 372 "-" "Mozilla/5.0 (compatible; YandexBot/3.0; +http://yandex.com/bots)"
95.108.213.62 - - [13/Dec/2021:01:00:00 +0700] "GET / HTTP/1.0" 200 290 "-" "Mozilla/5.0 (compatible; YandexBot/3.0; +http://yandex.com/bots)"
159.223.148.120 - - [12/Dec/2021:05:20:50 +0700] "GET /.env HTTP/1.1" 403 548 "-" "Mozilla/5.0 (X11; Linux x86_64) AppleWebKit/537.36 (KHTML, like Gecko) Chrome/81.0.4044.129 Safari/537.36"
95.108.213.62 - - [13/Dec/2021:01:00:00 +0700] "GET / HTTP/1.1" 200 7688 "-" "Mozilla/5.0 (compatible; YandexBot/3.0; +http://yandex.com/bots)"
20.124.33.171 - - [13/Dec/2021:13:20:37 +0700] "GET / HTTP/1.0" 200 290 "-" "-"
20.124.33.171 - - [13/Dec/2021:13:20:38 +0700] "GET /wp-admin HTTP/1.0" 404 370 "-" "-"
20.124.33.171 - - [13/Dec/2021:13:20:38 +0700] "GET /wordpress HTTP/1.0" 404 371 "-" "-"
20.124.33.171 - - [13/Dec/2021:13:20:38 +0700] "GET /wp HTTP/1.0" 404 364 "-" "-"
20.124.33.171 - - [13/Dec/2021:13:20:39 +0700] "GET /blog HTTP/1.0" 404 366 "-" "-"
20.124.33.171 - - [13/Dec/2021:13:20:39 +0700] "GET /new HTTP/1.0" 404 365 "-" "-"
20.124.33.171 - - [13/Dec/2021:13:20:39 +0700] "GET /old HTTP/1.0" 404 365 "-" "-"
20.124.33.171 - - [13/Dec/2021:13:20:40 +0700] "GET /newsite HTTP/1.0" 404 369 "-" "-"
20.124.33.171 - - [13/Dec/2021:13:20:40 +0700] "GET /test HTTP/1.0" 301 520 "-" "-"
20.124.33.171 - - [13/Dec/2021:13:20:40 +0700] "GET /test/ HTTP/1.0" 403 371 "-" "-"
20.124.33.171 - - [13/Dec/2021:13:20:41 +0700] "GET /main HTTP/1.0" 404 366 "-" "-"
20.124.33.171 - - [13/Dec/2021:13:20:42 +0700] "GET /cms HTTP/1.0" 404 365 "-" "-"
20.124.33.171 - - [13/Dec/2021:13:20:49 +0700] "GET /cms HTTP/1.0" 404 365 "-" "-"
20.124.33.171 - - [13/Dec/2021:13:20:37 +0700] "GET / HTTP/1.1" 200 32517 "-" "-"
45.140.185.246 - - [15/Dec/2021:01:59:09 +0700] "GET / HTTP/1.0" 200 290 "www.google.com" "Mozlila/5.0 (Linux; Android 7.0; SM-G892A Bulid/NRD90M; wv) AppleWebKit/537.36 (KHTML, like Gecko) Version/4.0 Chrome/60.0.3112.107 Moblie Safari/537.36"
45.140.185.246 - - [15/Dec/2021:01:59:18 +0700] "GET /wp HTTP/1.0" 404 364 "www.google.com" "Mozlila/5.0 (Linux; Android 7.0; SM-G892A Bulid/NRD90M; wv) AppleWebKit/537.36 (KHTML, like Gecko) Version/4.0 Chrome/60.0.3112.107 Moblie Safari/537.36"
45.140.185.246 - - [15/Dec/2021:01:59:22 +0700] "GET /wordpress HTTP/1.0" 404 371 "www.google.com" "Mozlila/5.0 (Linux; Android 7.0; SM-G892A Bulid/NRD90M; wv) AppleWebKit/537.36 (KHTML, like Gecko) Version/4.0 Chrome/60.0.3112.107 Moblie Safari/537.36"
45.140.185.246 - - [15/Dec/2021:01:59:26 +0700] "GET /revit HTTP/1.0" 404 367 "www.google.com" "Mozlila/5.0 (Linux; Android 7.0; SM-G892A Bulid/NRD90M; wv) AppleWebKit/537.36 (KHTML, like Gecko) Version/4.0 Chrome/60.0.3112.107 Moblie Safari/537.36"
45.140.185.246 - - [15/Dec/2021:01:59:34 +0700] "GET /WP HTTP/1.0" 404 364 "www.google.com" "Mozlila/5.0 (Linux; Android 7.0; SM-G892A Bulid/NRD90M; wv) AppleWebKit/537.36 (KHTML, like Gecko) Version/4.0 Chrome/60.0.3112.107 Moblie Safari/537.36"
45.140.185.246 - - [15/Dec/2021:01:59:40 +0700] "GET /shop HTTP/1.0" 404 366 "www.google.com" "Mozlila/5.0 (Linux; Android 7.0; SM-G892A Bulid/NRD90M; wv) AppleWebKit/537.36 (KHTML, like Gecko) Version/4.0 Chrome/60.0.3112.107 Moblie Safari/537.36"
45.140.185.246 - - [15/Dec/2021:01:59:46 +0700] "GET /STORE HTTP/1.0" 404 367 "www.google.com" "Mozlila/5.0 (Linux; Android 7.0; SM-G892A Bulid/NRD90M; wv) AppleWebKit/537.36 (KHTML, like Gecko) Version/4.0 Chrome/60.0.3112.107 Moblie Safari/537.36"
45.140.185.246 - - [15/Dec/2021:01:59:52 +0700] "GET /forum HTTP/1.0" 404 367 "www.google.com" "Mozlila/5.0 (Linux; Android 7.0; SM-G892A Bulid/NRD90M; wv) AppleWebKit/537.36 (KHTML, like Gecko) Version/4.0 Chrome/60.0.3112.107 Moblie Safari/537.36"
45.140.185.246 - - [15/Dec/2021:01:59:58 +0700] "GET /FORUM HTTP/1.0" 404 367 "www.google.com" "Mozlila/5.0 (Linux; Android 7.0; SM-G892A Bulid/NRD90M; wv) AppleWebKit/537.36 (KHTML, like Gecko) Version/4.0 Chrome/60.0.3112.107 Moblie Safari/537.36"
45.140.185.246 - - [15/Dec/2021:02:00:05 +0700] "GET /store HTTP/1.0" 404 367 "www.google.com" "Mozlila/5.0 (Linux; Android 7.0; SM-G892A Bulid/NRD90M; wv) AppleWebKit/537.36 (KHTML, like Gecko) Version/4.0 Chrome/60.0.3112.107 Moblie Safari/537.36"
45.140.185.246 - - [15/Dec/2021:02:00:10 +0700] "GET /SHOP HTTP/1.0" 404 366 "www.google.com" "Mozlila/5.0 (Linux; Android 7.0; SM-G892A Bulid/NRD90M; wv) AppleWebKit/537.36 (KHTML, like Gecko) Version/4.0 Chrome/60.0.3112.107 Moblie Safari/537.36"
