5.167.67.220 - - [15/May/2020:03:44:05 +0700] "GET /js/vendor/modernizr-2.7.1.min.js HTTP/1.1" 200 6312 "https://revit.cic.com.vn/" "Mozilla/5.0 (Windows NT 6.3; WOW64) AppleWebKit/537.36 (KHTML, like Gecko) Chrome/79.0.3945.136 YaBrowser/20.2.4.143 Yowser/2.5 Yptp/1.58 Safari/537.36"
5.167.67.220 - - [15/May/2020:03:44:05 +0700] "GET /img/logo_cic.png HTTP/1.1" 200 2711 "https://revit.cic.com.vn/" "Mozilla/5.0 (Windows NT 6.3; WOW64) AppleWebKit/537.36 (KHTML, like Gecko) Chrome/79.0.3945.136 YaBrowser/20.2.4.143 Yowser/2.5 Yptp/1.58 Safari/537.36"
5.167.67.220 - - [15/May/2020:03:44:05 +0700] "GET /img/Locked-Cloud.png HTTP/1.1" 200 4340 "https://revit.cic.com.vn/" "Mozilla/5.0 (Windows NT 6.3; WOW64) AppleWebKit/537.36 (KHTML, like Gecko) Chrome/79.0.3945.136 YaBrowser/20.2.4.143 Yowser/2.5 Yptp/1.58 Safari/537.36"
5.167.67.220 - - [15/May/2020:03:44:05 +0700] "GET /img/Programming.png HTTP/1.1" 200 3445 "https://revit.cic.com.vn/" "Mozilla/5.0 (Windows NT 6.3; WOW64) AppleWebKit/537.36 (KHTML, like Gecko) Chrome/79.0.3945.136 YaBrowser/20.2.4.143 Yowser/2.5 Yptp/1.58 Safari/537.36"
5.167.67.220 - - [15/May/2020:03:44:05 +0700] "GET /img/Download-Computer.png HTTP/1.1" 200 4066 "https://revit.cic.com.vn/" "Mozilla/5.0 (Windows NT 6.3; WOW64) AppleWebKit/537.36 (KHTML, like Gecko) Chrome/79.0.3945.136 YaBrowser/20.2.4.143 Yowser/2.5 Yptp/1.58 Safari/537.36"
5.167.67.220 - - [15/May/2020:03:44:05 +0700] "GET /img/client/logo1-hover.png HTTP/1.1" 200 7400 "https://revit.cic.com.vn/" "Mozilla/5.0 (Windows NT 6.3; WOW64) AppleWebKit/537.36 (KHTML, like Gecko) Chrome/79.0.3945.136 YaBrowser/20.2.4.143 Yowser/2.5 Yptp/1.58 Safari/537.36"
5.167.67.220 - - [15/May/2020:03:44:05 +0700] "GET /img/client/logo2-hover.png HTTP/1.1" 200 4800 "https://revit.cic.com.vn/" "Mozilla/5.0 (Windows NT 6.3; WOW64) AppleWebKit/537.36 (KHTML, like Gecko) Chrome/79.0.3945.136 YaBrowser/20.2.4.143 Yowser/2.5 Yptp/1.58 Safari/537.36"
5.167.67.220 - - [15/May/2020:03:44:05 +0700] "GET /img/client/logo3-hover.png HTTP/1.1" 200 2913 "https://revit.cic.com.vn/" "Mozilla/5.0 (Windows NT 6.3; WOW64) AppleWebKit/537.36 (KHTML, like Gecko) Chrome/79.0.3945.136 YaBrowser/20.2.4.143 Yowser/2.5 Yptp/1.58 Safari/537.36"
5.167.67.220 - - [15/May/2020:03:44:05 +0700] "GET /img/client/logo4-hover.png HTTP/1.1" 200 4770 "https://revit.cic.com.vn/" "Mozilla/5.0 (Windows NT 6.3; WOW64) AppleWebKit/537.36 (KHTML, like Gecko) Chrome/79.0.3945.136 YaBrowser/20.2.4.143 Yowser/2.5 Yptp/1.58 Safari/537.36"
5.167.67.220 - - [15/May/2020:03:44:05 +0700] "GET /img/client/logo5-hover.png HTTP/1.1" 200 4335 "https://revit.cic.com.vn/" "Mozilla/5.0 (Windows NT 6.3; WOW64) AppleWebKit/537.36 (KHTML, like Gecko) Chrome/79.0.3945.136 YaBrowser/20.2.4.143 Yowser/2.5 Yptp/1.58 Safari/537.36"
5.167.67.220 - - [15/May/2020:03:44:05 +0700] "GET /img/phone-screen2.png HTTP/1.1" 200 161372 "https://revit.cic.com.vn/" "Mozilla/5.0 (Windows NT 6.3; WOW64) AppleWebKit/537.36 (KHTML, like Gecko) Chrome/79.0.3945.136 YaBrowser/20.2.4.143 Yowser/2.5 Yptp/1.58 Safari/537.36"
5.167.67.220 - - [15/May/2020:03:44:05 +0700] "GET /img/client/logo6-hover.png HTTP/1.1" 200 6011 "https://revit.cic.com.vn/" "Mozilla/5.0 (Windows NT 6.3; WOW64) AppleWebKit/537.36 (KHTML, like Gecko) Chrome/79.0.3945.136 YaBrowser/20.2.4.143 Yowser/2.5 Yptp/1.58 Safari/537.36"
5.167.67.220 - - [15/May/2020:03:44:06 +0700] "GET /img/client/logo7-hover.png HTTP/1.1" 200 3738 "https://revit.cic.com.vn/" "Mozilla/5.0 (Windows NT 6.3; WOW64) AppleWebKit/537.36 (KHTML, like Gecko) Chrome/79.0.3945.136 YaBrowser/20.2.4.143 Yowser/2.5 Yptp/1.58 Safari/537.36"
5.167.67.220 - - [15/May/2020:03:44:06 +0700] "GET /img/phone-screen.png HTTP/1.1" 200 293227 "https://revit.cic.com.vn/" "Mozilla/5.0 (Windows NT 6.3; WOW64) AppleWebKit/537.36 (KHTML, like Gecko) Chrome/79.0.3945.136 YaBrowser/20.2.4.143 Yowser/2.5 Yptp/1.58 Safari/537.36"
5.167.67.220 - - [15/May/2020:03:44:06 +0700] "GET /img/client/logo8-hover.png HTTP/1.1" 200 6708 "https://revit.cic.com.vn/" "Mozilla/5.0 (Windows NT 6.3; WOW64) AppleWebKit/537.36 (KHTML, like Gecko) Chrome/79.0.3945.136 YaBrowser/20.2.4.143 Yowser/2.5 Yptp/1.58 Safari/537.36"
5.167.67.220 - - [15/May/2020:03:44:06 +0700] "GET /img/client/logo9-hover.png HTTP/1.1" 200 4179 "https://revit.cic.com.vn/" "Mozilla/5.0 (Windows NT 6.3; WOW64) AppleWebKit/537.36 (KHTML, like Gecko) Chrome/79.0.3945.136 YaBrowser/20.2.4.143 Yowser/2.5 Yptp/1.58 Safari/537.36"
5.167.67.220 - - [15/May/2020:03:44:06 +0700] "GET /img/client/logo10-hover.png HTTP/1.1" 200 6008 "https://revit.cic.com.vn/" "Mozilla/5.0 (Windows NT 6.3; WOW64) AppleWebKit/537.36 (KHTML, like Gecko) Chrome/79.0.3945.136 YaBrowser/20.2.4.143 Yowser/2.5 Yptp/1.58 Safari/537.36"
5.167.67.220 - - [15/May/2020:03:44:06 +0700] "GET /js/vendor/jquery-1.11.2.min.js HTTP/1.1" 200 33334 "https://revit.cic.com.vn/" "Mozilla/5.0 (Windows NT 6.3; WOW64) AppleWebKit/537.36 (KHTML, like Gecko) Chrome/79.0.3945.136 YaBrowser/20.2.4.143 Yowser/2.5 Yptp/1.58 Safari/537.36"
5.167.67.220 - - [15/May/2020:03:44:06 +0700] "GET /js/vendor/wow.min.js HTTP/1.1" 200 2714 "https://revit.cic.com.vn/" "Mozilla/5.0 (Windows NT 6.3; WOW64) AppleWebKit/537.36 (KHTML, like Gecko) Chrome/79.0.3945.136 YaBrowser/20.2.4.143 Yowser/2.5 Yptp/1.58 Safari/537.36"
5.167.67.220 - - [15/May/2020:03:44:06 +0700] "GET /img/phone-screen-how1.png HTTP/1.1" 200 207843 "https://revit.cic.com.vn/" "Mozilla/5.0 (Windows NT 6.3; WOW64) AppleWebKit/537.36 (KHTML, like Gecko) Chrome/79.0.3945.136 YaBrowser/20.2.4.143 Yowser/2.5 Yptp/1.58 Safari/537.36"
5.167.67.220 - - [15/May/2020:03:44:06 +0700] "GET /js/vendor/owl.carousel.min.js HTTP/1.1" 200 10535 "https://revit.cic.com.vn/" "Mozilla/5.0 (Windows NT 6.3; WOW64) AppleWebKit/537.36 (KHTML, like Gecko) Chrome/79.0.3945.136 YaBrowser/20.2.4.143 Yowser/2.5 Yptp/1.58 Safari/537.36"
5.167.67.220 - - [15/May/2020:03:44:06 +0700] "GET /js/vendor/swiper/js/swiper.js HTTP/1.1" 200 25424 "https://revit.cic.com.vn/" "Mozilla/5.0 (Windows NT 6.3; WOW64) AppleWebKit/537.36 (KHTML, like Gecko) Chrome/79.0.3945.136 YaBrowser/20.2.4.143 Yowser/2.5 Yptp/1.58 Safari/537.36"
5.167.67.220 - - [15/May/2020:03:44:06 +0700] "GET /js/vegas/vegas.min.js HTTP/1.1" 200 2824 "https://revit.cic.com.vn/" "Mozilla/5.0 (Windows NT 6.3; WOW64) AppleWebKit/537.36 (KHTML, like Gecko) Chrome/79.0.3945.136 YaBrowser/20.2.4.143 Yowser/2.5 Yptp/1.58 Safari/537.36"
5.167.67.220 - - [15/May/2020:03:44:06 +0700] "GET /js/jquery.maximage.js HTTP/1.1" 200 6284 "https://revit.cic.com.vn/" "Mozilla/5.0 (Windows NT 6.3; WOW64) AppleWebKit/537.36 (KHTML, like Gecko) Chrome/79.0.3945.136 YaBrowser/20.2.4.143 Yowser/2.5 Yptp/1.58 Safari/537.36"
5.167.67.220 - - [15/May/2020:03:44:06 +0700] "GET /js/main.js HTTP/1.1" 200 2606 "https://revit.cic.com.vn/" "Mozilla/5.0 (Windows NT 6.3; WOW64) AppleWebKit/537.36 (KHTML, like Gecko) Chrome/79.0.3945.136 YaBrowser/20.2.4.143 Yowser/2.5 Yptp/1.58 Safari/537.36"
5.167.67.220 - - [15/May/2020:03:44:06 +0700] "GET /js/form_script.js HTTP/1.1" 200 1257 "https://revit.cic.com.vn/" "Mozilla/5.0 (Windows NT 6.3; WOW64) AppleWebKit/537.36 (KHTML, like Gecko) Chrome/79.0.3945.136 YaBrowser/20.2.4.143 Yowser/2.5 Yptp/1.58 Safari/537.36"
5.167.67.220 - - [15/May/2020:03:44:06 +0700] "GET /img/phone-screen3.png HTTP/1.1" 200 585417 "https://revit.cic.com.vn/" "Mozilla/5.0 (Windows NT 6.3; WOW64) AppleWebKit/537.36 (KHTML, like Gecko) Chrome/79.0.3945.136 YaBrowser/20.2.4.143 Yowser/2.5 Yptp/1.58 Safari/537.36"
5.167.67.220 - - [15/May/2020:03:44:07 +0700] "GET /img/bg_abstract_blue.png HTTP/1.1" 200 55700 "https://revit.cic.com.vn/" "Mozilla/5.0 (Windows NT 6.3; WOW64) AppleWebKit/537.36 (KHTML, like Gecko) Chrome/79.0.3945.136 YaBrowser/20.2.4.143 Yowser/2.5 Yptp/1.58 Safari/537.36"
5.167.67.220 - - [15/May/2020:03:44:11 +0700] "GET /img/bg_header.png HTTP/1.1" 200 504565 "https://revit.cic.com.vn/" "Mozilla/5.0 (Windows NT 6.3; WOW64) AppleWebKit/537.36 (KHTML, like Gecko) Chrome/79.0.3945.136 YaBrowser/20.2.4.143 Yowser/2.5 Yptp/1.58 Safari/537.36"
209.17.96.250 - - [15/May/2020:10:20:05 +0700] "GET / HTTP/1.0" 200 386 "-" "Mozilla/5.0 (compatible; Nimbostratus-Bot/v1.3.2; http://cloudsystemnetworks.com)"
209.17.96.250 - - [15/May/2020:10:20:05 +0700] "GET / HTTP/1.1" 200 32517 "-" "Mozilla/5.0 (compatible; Nimbostratus-Bot/v1.3.2; http://cloudsystemnetworks.com)"
213.180.203.55 - - [18/May/2020:09:55:01 +0700] "GET /robots.txt HTTP/1.0" 404 567 "-" "Mozilla/5.0 (compatible; YandexBot/3.0; +http://yandex.com/bots)"
178.154.200.244 - - [18/May/2020:11:28:29 +0700] "GET /robots.txt HTTP/1.0" 404 567 "-" "Mozilla/5.0 (compatible; YandexBot/3.0; +http://yandex.com/bots)"
178.154.200.244 - - [18/May/2020:11:28:32 +0700] "GET / HTTP/1.0" 200 386 "-" "Mozilla/5.0 (compatible; YandexBot/3.0; +http://yandex.com/bots)"
178.154.200.244 - - [18/May/2020:11:28:32 +0700] "GET / HTTP/1.1" 200 7688 "-" "Mozilla/5.0 (compatible; YandexBot/3.0; +http://yandex.com/bots)"
209.17.97.18 - - [20/May/2020:23:16:26 +0700] "GET / HTTP/1.0" 200 386 "-" "Mozilla/5.0 (compatible; Nimbostratus-Bot/v1.3.2; http://cloudsystemnetworks.com)"
209.17.97.18 - - [20/May/2020:23:16:26 +0700] "GET / HTTP/1.1" 200 32517 "-" "Mozilla/5.0 (compatible; Nimbostratus-Bot/v1.3.2; http://cloudsystemnetworks.com)"
178.154.200.244 - - [23/May/2020:13:28:18 +0700] "GET /robots.txt HTTP/1.0" 404 567 "-" "Mozilla/5.0 (compatible; YandexBot/3.0; +http://yandex.com/bots)"
213.180.203.55 - - [23/May/2020:13:28:24 +0700] "GET /robots.txt HTTP/1.0" 404 567 "-" "Mozilla/5.0 (compatible; YandexBot/3.0; +http://yandex.com/bots)"
213.180.203.55 - - [23/May/2020:13:28:28 +0700] "GET / HTTP/1.0" 200 386 "-" "Mozilla/5.0 (compatible; YandexBot/3.0; +http://yandex.com/bots)"
178.154.200.244 - - [23/May/2020:13:28:32 +0700] "GET / HTTP/1.0" 200 386 "-" "Mozilla/5.0 (compatible; YandexBot/3.0; +http://yandex.com/bots)"
213.180.203.55 - - [23/May/2020:20:30:07 +0700] "GET /robots.txt HTTP/1.0" 404 567 "-" "Mozilla/5.0 (compatible; YandexBot/3.0; +http://yandex.com/bots)"
213.180.203.55 - - [23/May/2020:20:30:10 +0700] "GET / HTTP/1.0" 200 386 "-" "Mozilla/5.0 (compatible; YandexBot/3.0; +http://yandex.com/bots)"
213.180.203.55 - - [23/May/2020:13:28:28 +0700] "GET / HTTP/1.1" 200 7688 "-" "Mozilla/5.0 (compatible; YandexBot/3.0; +http://yandex.com/bots)"
178.154.200.244 - - [23/May/2020:13:28:32 +0700] "GET / HTTP/1.1" 200 7688 "-" "Mozilla/5.0 (compatible; YandexBot/3.0; +http://yandex.com/bots)"
213.180.203.55 - - [23/May/2020:20:30:10 +0700] "GET / HTTP/1.1" 200 7688 "-" "Mozilla/5.0 (compatible; YandexBot/3.0; +http://yandex.com/bots)"
213.180.203.55 - - [28/May/2020:10:32:32 +0700] "GET /robots.txt HTTP/1.0" 404 567 "-" "Mozilla/5.0 (compatible; YandexBot/3.0; +http://yandex.com/bots)"
213.180.203.55 - - [28/May/2020:10:32:35 +0700] "GET / HTTP/1.0" 200 386 "-" "Mozilla/5.0 (compatible; YandexBot/3.0; +http://yandex.com/bots)"
178.154.200.244 - - [28/May/2020:16:56:05 +0700] "GET /robots.txt HTTP/1.0" 404 567 "-" "Mozilla/5.0 (compatible; YandexBot/3.0; +http://yandex.com/bots)"
213.180.203.55 - - [28/May/2020:16:56:20 +0700] "GET /robots.txt HTTP/1.0" 404 567 "-" "Mozilla/5.0 (compatible; YandexBot/3.0; +http://yandex.com/bots)"
213.180.203.55 - - [28/May/2020:16:56:23 +0700] "GET / HTTP/1.0" 200 386 "-" "Mozilla/5.0 (compatible; YandexBot/3.0; +http://yandex.com/bots)"
213.180.203.55 - - [28/May/2020:10:32:35 +0700] "GET / HTTP/1.1" 200 7688 "-" "Mozilla/5.0 (compatible; YandexBot/3.0; +http://yandex.com/bots)"
213.180.203.55 - - [28/May/2020:16:56:23 +0700] "GET / HTTP/1.1" 200 7688 "-" "Mozilla/5.0 (compatible; YandexBot/3.0; +http://yandex.com/bots)"
18.221.251.103 - - [29/May/2020:13:36:04 +0700] "GET / HTTP/1.0" 200 386 "https://builtwith.com" "Mozilla/5.0 (Windows NT 10.0; Win64; x64) AppleWebKit/537.36 (KHTML, like Gecko; compatible; BW/1.1; bit.ly/2W6Px8S) Chrome/74.0.3729.131 Safari/537.36"
18.221.251.103 - - [29/May/2020:13:36:28 +0700] "GET /js/vendor/owl.carousel.min.js HTTP/1.0" 200 418 "https://revit.cic.com.vn/" "Mozilla/5.0 (linux) AppleWebKit/537.36 (KHTML, like Gecko) jsdom/16.2.2"
18.221.251.103 - - [29/May/2020:13:36:28 +0700] "GET /js/vendor/modernizr-2.7.1.min.js HTTP/1.0" 200 421 "https://revit.cic.com.vn/" "Mozilla/5.0 (linux) AppleWebKit/537.36 (KHTML, like Gecko) jsdom/16.2.2"
18.221.251.103 - - [29/May/2020:13:36:28 +0700] "GET /js/form_script.js HTTP/1.0" 200 406 "https://revit.cic.com.vn/" "Mozilla/5.0 (linux) AppleWebKit/537.36 (KHTML, like Gecko) jsdom/16.2.2"
18.221.251.103 - - [29/May/2020:13:36:28 +0700] "GET /js/vegas/vegas.min.js HTTP/1.0" 200 410 "https://revit.cic.com.vn/" "Mozilla/5.0 (linux) AppleWebKit/537.36 (KHTML, like Gecko) jsdom/16.2.2"
18.221.251.103 - - [29/May/2020:13:36:28 +0700] "GET /js/vendor/wow.min.js HTTP/1.0" 200 409 "https://revit.cic.com.vn/" "Mozilla/5.0 (linux) AppleWebKit/537.36 (KHTML, like Gecko) jsdom/16.2.2"
18.221.251.103 - - [29/May/2020:13:36:28 +0700] "GET /js/jquery.maximage.js HTTP/1.0" 200 410 "https://revit.cic.com.vn/" "Mozilla/5.0 (linux) AppleWebKit/537.36 (KHTML, like Gecko) jsdom/16.2.2"
18.221.251.103 - - [29/May/2020:13:36:28 +0700] "GET /js/vendor/jquery-1.11.2.min.js HTTP/1.0" 200 419 "https://revit.cic.com.vn/" "Mozilla/5.0 (linux) AppleWebKit/537.36 (KHTML, like Gecko) jsdom/16.2.2"
18.221.251.103 - - [29/May/2020:13:36:28 +0700] "GET /js/main.js HTTP/1.0" 200 399 "https://revit.cic.com.vn/" "Mozilla/5.0 (linux) AppleWebKit/537.36 (KHTML, like Gecko) jsdom/16.2.2"
18.221.251.103 - - [29/May/2020:13:36:28 +0700] "GET /js/vendor/swiper/js/swiper.js HTTP/1.0" 200 418 "https://revit.cic.com.vn/" "Mozilla/5.0 (linux) AppleWebKit/537.36 (KHTML, like Gecko) jsdom/16.2.2"
18.221.251.103 - - [29/May/2020:13:36:56 +0700] "GET /js/vegas/vegas.min.js HTTP/1.0" 200 410 "https://builtwith.com" "Mozilla/5.0 (Windows NT 10.0; Win64; x64) AppleWebKit/537.36 (KHTML, like Gecko; compatible; BW/1.1; bit.ly/2W6Px8S) Chrome/74.0.3729.131 Safari/537.36"
18.221.251.103 - - [29/May/2020:13:36:56 +0700] "GET /js/vendor/owl.carousel.min.js HTTP/1.0" 200 418 "https://builtwith.com" "Mozilla/5.0 (Windows NT 10.0; Win64; x64) AppleWebKit/537.36 (KHTML, like Gecko; compatible; BW/1.1; bit.ly/2W6Px8S) Chrome/74.0.3729.131 Safari/537.36"
18.221.251.103 - - [29/May/2020:13:36:56 +0700] "GET /js/vendor/swiper/js/swiper.js HTTP/1.0" 200 418 "https://builtwith.com" "Mozilla/5.0 (Windows NT 10.0; Win64; x64) AppleWebKit/537.36 (KHTML, like Gecko; compatible; BW/1.1; bit.ly/2W6Px8S) Chrome/74.0.3729.131 Safari/537.36"
18.221.251.103 - - [29/May/2020:13:36:56 +0700] "GET /js/vendor/wow.min.js HTTP/1.0" 200 409 "https://builtwith.com" "Mozilla/5.0 (Windows NT 10.0; Win64; x64) AppleWebKit/537.36 (KHTML, like Gecko; compatible; BW/1.1; bit.ly/2W6Px8S) Chrome/74.0.3729.131 Safari/537.36"
18.221.251.103 - - [29/May/2020:13:36:56 +0700] "GET /js/form_script.js HTTP/1.0" 200 406 "https://builtwith.com" "Mozilla/5.0 (Windows NT 10.0; Win64; x64) AppleWebKit/537.36 (KHTML, like Gecko; compatible; BW/1.1; bit.ly/2W6Px8S) Chrome/74.0.3729.131 Safari/537.36"
18.221.251.103 - - [29/May/2020:13:36:56 +0700] "GET /js/main.js HTTP/1.0" 200 399 "https://builtwith.com" "Mozilla/5.0 (Windows NT 10.0; Win64; x64) AppleWebKit/537.36 (KHTML, like Gecko; compatible; BW/1.1; bit.ly/2W6Px8S) Chrome/74.0.3729.131 Safari/537.36"
18.221.251.103 - - [29/May/2020:13:36:58 +0700] "GET /robots.txt HTTP/1.0" 404 567 "https://builtwith.com" "Mozilla/5.0 (Windows NT 10.0; Win64; x64) AppleWebKit/537.36 (KHTML, like Gecko; compatible; BW/1.1; bit.ly/2W6Px8S) Chrome/74.0.3729.131 Safari/537.36"
18.221.251.103 - - [29/May/2020:13:36:58 +0700] "GET /ads.txt HTTP/1.0" 404 564 "https://builtwith.com" "Mozilla/5.0 (Windows NT 10.0; Win64; x64) AppleWebKit/537.36 (KHTML, like Gecko; compatible; BW/1.1; bit.ly/2W6Px8S) Chrome/74.0.3729.131 Safari/537.36"
213.180.203.55 - - [29/May/2020:16:21:01 +0700] "GET /robots.txt HTTP/1.0" 404 567 "-" "Mozilla/5.0 (compatible; YandexBot/3.0; +http://yandex.com/bots)"
213.180.203.55 - - [29/May/2020:16:21:04 +0700] "GET /img/phone-screen2.png HTTP/1.0" 200 397 "-" "Mozilla/5.0 (compatible; YandexImages/3.0; +http://yandex.com/bots)"
18.221.251.103 - - [29/May/2020:13:36:04 +0700] "GET / HTTP/1.1" 200 7688 "https://builtwith.com" "Mozilla/5.0 (Windows NT 10.0; Win64; x64) AppleWebKit/537.36 (KHTML, like Gecko; compatible; BW/1.1; bit.ly/2W6Px8S) Chrome/74.0.3729.131 Safari/537.36"
18.221.251.103 - - [29/May/2020:13:36:28 +0700] "GET /js/form_script.js HTTP/1.1" 200 1257 "https://revit.cic.com.vn/" "Mozilla/5.0 (linux) AppleWebKit/537.36 (KHTML, like Gecko) jsdom/16.2.2"
18.221.251.103 - - [29/May/2020:13:36:28 +0700] "GET /js/vendor/modernizr-2.7.1.min.js HTTP/1.1" 200 6312 "https://revit.cic.com.vn/" "Mozilla/5.0 (linux) AppleWebKit/537.36 (KHTML, like Gecko) jsdom/16.2.2"
18.221.251.103 - - [29/May/2020:13:36:28 +0700] "GET /js/vendor/owl.carousel.min.js HTTP/1.1" 200 10535 "https://revit.cic.com.vn/" "Mozilla/5.0 (linux) AppleWebKit/537.36 (KHTML, like Gecko) jsdom/16.2.2"
18.221.251.103 - - [29/May/2020:13:36:28 +0700] "GET /js/vegas/vegas.min.js HTTP/1.1" 200 2824 "https://revit.cic.com.vn/" "Mozilla/5.0 (linux) AppleWebKit/537.36 (KHTML, like Gecko) jsdom/16.2.2"
18.221.251.103 - - [29/May/2020:13:36:28 +0700] "GET /js/vendor/wow.min.js HTTP/1.1" 200 2714 "https://revit.cic.com.vn/" "Mozilla/5.0 (linux) AppleWebKit/537.36 (KHTML, like Gecko) jsdom/16.2.2"
18.221.251.103 - - [29/May/2020:13:36:28 +0700] "GET /js/jquery.maximage.js HTTP/1.1" 200 6284 "https://revit.cic.com.vn/" "Mozilla/5.0 (linux) AppleWebKit/537.36 (KHTML, like Gecko) jsdom/16.2.2"
18.221.251.103 - - [29/May/2020:13:36:28 +0700] "GET /js/vendor/jquery-1.11.2.min.js HTTP/1.1" 200 33334 "https://revit.cic.com.vn/" "Mozilla/5.0 (linux) AppleWebKit/537.36 (KHTML, like Gecko) jsdom/16.2.2"
18.221.251.103 - - [29/May/2020:13:36:28 +0700] "GET /js/main.js HTTP/1.1" 200 2606 "https://revit.cic.com.vn/" "Mozilla/5.0 (linux) AppleWebKit/537.36 (KHTML, like Gecko) jsdom/16.2.2"
18.221.251.103 - - [29/May/2020:13:36:29 +0700] "GET /js/vendor/swiper/js/swiper.js HTTP/1.1" 200 25424 "https://revit.cic.com.vn/" "Mozilla/5.0 (linux) AppleWebKit/537.36 (KHTML, like Gecko) jsdom/16.2.2"
18.221.251.103 - - [29/May/2020:13:36:56 +0700] "GET /js/vegas/vegas.min.js HTTP/1.1" 200 2824 "https://builtwith.com" "Mozilla/5.0 (Windows NT 10.0; Win64; x64) AppleWebKit/537.36 (KHTML, like Gecko; compatible; BW/1.1; bit.ly/2W6Px8S) Chrome/74.0.3729.131 Safari/537.36"
18.221.251.103 - - [29/May/2020:13:36:56 +0700] "GET /js/vendor/owl.carousel.min.js HTTP/1.1" 200 10535 "https://builtwith.com" "Mozilla/5.0 (Windows NT 10.0; Win64; x64) AppleWebKit/537.36 (KHTML, like Gecko; compatible; BW/1.1; bit.ly/2W6Px8S) Chrome/74.0.3729.131 Safari/537.36"
18.221.251.103 - - [29/May/2020:13:36:56 +0700] "GET /js/vendor/swiper/js/swiper.js HTTP/1.1" 200 25424 "https://builtwith.com" "Mozilla/5.0 (Windows NT 10.0; Win64; x64) AppleWebKit/537.36 (KHTML, like Gecko; compatible; BW/1.1; bit.ly/2W6Px8S) Chrome/74.0.3729.131 Safari/537.36"
18.221.251.103 - - [29/May/2020:13:36:56 +0700] "GET /js/main.js HTTP/1.1" 200 2606 "https://builtwith.com" "Mozilla/5.0 (Windows NT 10.0; Win64; x64) AppleWebKit/537.36 (KHTML, like Gecko; compatible; BW/1.1; bit.ly/2W6Px8S) Chrome/74.0.3729.131 Safari/537.36"
18.221.251.103 - - [29/May/2020:13:36:56 +0700] "GET /js/vendor/wow.min.js HTTP/1.1" 200 2714 "https://builtwith.com" "Mozilla/5.0 (Windows NT 10.0; Win64; x64) AppleWebKit/537.36 (KHTML, like Gecko; compatible; BW/1.1; bit.ly/2W6Px8S) Chrome/74.0.3729.131 Safari/537.36"
18.221.251.103 - - [29/May/2020:13:36:56 +0700] "GET /js/form_script.js HTTP/1.1" 200 1257 "https://builtwith.com" "Mozilla/5.0 (Windows NT 10.0; Win64; x64) AppleWebKit/537.36 (KHTML, like Gecko; compatible; BW/1.1; bit.ly/2W6Px8S) Chrome/74.0.3729.131 Safari/537.36"
18.221.251.103 - - [29/May/2020:13:37:10 +0700] "" 400 0 "-" "-"
213.180.203.55 - - [29/May/2020:16:21:04 +0700] "GET /img/phone-screen2.png HTTP/1.1" 304 0 "-" "Mozilla/5.0 (compatible; YandexImages/3.0; +http://yandex.com/bots)"
117.239.180.188 - - [31/May/2020:21:46:18 +0700] "GET /wp-login.php HTTP/1.0" 404 491 "http://revit.cic.com.vn/wp-login.php" "Mozilla/5.0 (X11; Ubuntu; Linux x86_64; rv:62.0) Gecko/20100101 Firefox/62.0"
179.43.169.182 - - [01/Jun/2020:09:32:39 +0700] "GET / HTTP/1.0" 200 386 "-" "Mozilla/5.0 (X11; Linux i686; rv:10.0) Gecko/20100101 Firefox/10.0"
179.43.169.182 - - [01/Jun/2020:09:32:45 +0700] "GET / HTTP/1.0" 200 386 "-" "Mozilla/5.0 (X11; Linux i686; rv:10.0) Gecko/20100101 Firefox/10.0"
69.4.89.106 - - [01/Jun/2020:09:34:46 +0700] "GET / HTTP/1.0" 200 386 "-" "Mozilla/5.0 (Macintosh; Intel Mac OS X 10.13; rv:58.0) Gecko/20100101 Firefox/58.0"
93.119.227.19 - - [01/Jun/2020:09:35:39 +0700] "GET / HTTP/1.0" 200 386 "-" "Mozilla/5.0 (Macintosh; Intel Mac OS X 10_12_6) AppleWebKit/604.5.6 (KHTML, like Gecko) Version/11.0.3 Safari/604.5.6"
84.17.42.37 - - [01/Jun/2020:09:48:10 +0700] "GET / HTTP/1.0" 200 386 "https://revit.cic.com.vn/" "Mozilla/5.0 (iPhone; CPU iPhone OS 7_0 like Mac OS X) AppleWebKit/537.51.1 (KHTML, like Gecko) Version/7.0 Mobile/11A465 Safari/9537.53"
150.143.151.207 - - [01/Jun/2020:09:48:10 +0700] "GET / HTTP/1.0" 200 386 "https://revit.cic.com.vn/" "Mozilla/5.0 (Linux; Android 9; Mi A1 Build/PKQ1.180917.001; wv) AppleWebKit/537.36 (KHTML, like Gecko) Version/4.0 Chrome/74.0.3729.157 Mobile Safari/537.36"
192.253.249.130 - - [01/Jun/2020:09:48:12 +0700] "GET / HTTP/1.0" 200 386 "https://revit.cic.com.vn/" "Mozilla/5.0 (X11; Linux x86_64) AppleWebKit/537.36 (KHTML, like Gecko) HeadlessChrome/68.0.3440.106 Safari/537.36"
76.104.27.43 - - [01/Jun/2020:09:48:12 +0700] "GET / HTTP/1.0" 200 386 "https://revit.cic.com.vn/" "Mozilla/5.0 (iPhone; CPU iPhone OS 13_4_1 like Mac OS X) AppleWebKit/605.1.15 (KHTML, like Gecko) Version/13.1 Mobile/15E148 Safari/604.1"
150.143.151.207 - - [01/Jun/2020:09:49:38 +0700] "GET / HTTP/1.0" 200 386 "http://revit.cic.com.vn/" "Mozilla/5.0 (Linux; Android 9; Mi A1 Build/PKQ1.180917.001; wv) AppleWebKit/537.36 (KHTML, like Gecko) Version/4.0 Chrome/74.0.3729.157 Mobile Safari/537.36"
84.17.42.37 - - [01/Jun/2020:09:49:38 +0700] "GET / HTTP/1.0" 200 386 "http://revit.cic.com.vn/" "Mozilla/5.0 (iPhone; CPU iPhone OS 7_0 like Mac OS X) AppleWebKit/537.51.1 (KHTML, like Gecko) Version/7.0 Mobile/11A465 Safari/9537.53"
76.104.27.43 - - [01/Jun/2020:09:49:39 +0700] "GET / HTTP/1.0" 200 386 "http://revit.cic.com.vn/" "Mozilla/5.0 (iPhone; CPU iPhone OS 13_4_1 like Mac OS X) AppleWebKit/605.1.15 (KHTML, like Gecko) Version/13.1 Mobile/15E148 Safari/604.1"
192.253.249.130 - - [01/Jun/2020:09:49:40 +0700] "GET / HTTP/1.0" 200 386 "http://revit.cic.com.vn/" "Mozilla/5.0 (X11; Linux x86_64) AppleWebKit/537.36 (KHTML, like Gecko) HeadlessChrome/68.0.3440.106 Safari/537.36"
157.245.214.78 - - [01/Jun/2020:12:30:07 +0700] "GET / HTTP/1.0" 200 386 "-" "Mozilla/5.0 (compatible; NetcraftSurveyAgent/1.0; +info@netcraft.com)"
52.15.254.228 - - [01/Jun/2020:09:30:48 +0700] "GET /.well-known/acme-challenge/0hHur36OaXByV5DkcZy-L3E8HypVbePd_iy6xwVdQnk HTTP/1.1" 200 87 "http://revit.cic.com.vn/.well-known/acme-challenge/0hHur36OaXByV5DkcZy-L3E8HypVbePd_iy6xwVdQnk" "Mozilla/5.0 (compatible; Let's Encrypt validation server; +https://www.letsencrypt.org)"
18.196.96.172 - - [01/Jun/2020:09:30:48 +0700] "GET /.well-known/acme-challenge/0hHur36OaXByV5DkcZy-L3E8HypVbePd_iy6xwVdQnk HTTP/1.1" 200 87 "http://revit.cic.com.vn/.well-known/acme-challenge/0hHur36OaXByV5DkcZy-L3E8HypVbePd_iy6xwVdQnk" "Mozilla/5.0 (compatible; Let's Encrypt validation server; +https://www.letsencrypt.org)"
34.209.232.166 - - [01/Jun/2020:09:30:49 +0700] "GET /.well-known/acme-challenge/0hHur36OaXByV5DkcZy-L3E8HypVbePd_iy6xwVdQnk HTTP/1.1" 200 87 "http://revit.cic.com.vn/.well-known/acme-challenge/0hHur36OaXByV5DkcZy-L3E8HypVbePd_iy6xwVdQnk" "Mozilla/5.0 (compatible; Let's Encrypt validation server; +https://www.letsencrypt.org)"
66.133.109.36 - - [01/Jun/2020:09:30:52 +0700] "GET /.well-known/acme-challenge/0hHur36OaXByV5DkcZy-L3E8HypVbePd_iy6xwVdQnk HTTP/1.1" 200 87 "http://revit.cic.com.vn/.well-known/acme-challenge/0hHur36OaXByV5DkcZy-L3E8HypVbePd_iy6xwVdQnk" "Mozilla/5.0 (compatible; Let's Encrypt validation server; +https://www.letsencrypt.org)"
179.43.169.182 - - [01/Jun/2020:09:32:39 +0700] "GET / HTTP/2.0" 200 7675 "-" "Mozilla/5.0 (X11; Linux i686; rv:10.0) Gecko/20100101 Firefox/10.0"
179.43.169.182 - - [01/Jun/2020:09:32:45 +0700] "GET / HTTP/2.0" 200 7675 "-" "Mozilla/5.0 (X11; Linux i686; rv:10.0) Gecko/20100101 Firefox/10.0"
69.4.89.106 - - [01/Jun/2020:09:34:46 +0700] "GET / HTTP/1.1" 200 32517 "-" "Mozilla/5.0 (Macintosh; Intel Mac OS X 10.13; rv:58.0) Gecko/20100101 Firefox/58.0"
93.119.227.19 - - [01/Jun/2020:09:35:39 +0700] "GET / HTTP/1.1" 200 32517 "-" "Mozilla/5.0 (Macintosh; Intel Mac OS X 10_12_6) AppleWebKit/604.5.6 (KHTML, like Gecko) Version/11.0.3 Safari/604.5.6"
84.17.42.37 - - [01/Jun/2020:09:48:10 +0700] "GET / HTTP/1.1" 200 32517 "https://revit.cic.com.vn/" "Mozilla/5.0 (iPhone; CPU iPhone OS 7_0 like Mac OS X) AppleWebKit/537.51.1 (KHTML, like Gecko) Version/7.0 Mobile/11A465 Safari/9537.53"
150.143.151.207 - - [01/Jun/2020:09:48:10 +0700] "GET / HTTP/1.1" 200 32517 "https://revit.cic.com.vn/" "Mozilla/5.0 (Linux; Android 9; Mi A1 Build/PKQ1.180917.001; wv) AppleWebKit/537.36 (KHTML, like Gecko) Version/4.0 Chrome/74.0.3729.157 Mobile Safari/537.36"
192.253.249.130 - - [01/Jun/2020:09:48:12 +0700] "GET / HTTP/1.1" 200 32517 "https://revit.cic.com.vn/" "Mozilla/5.0 (X11; Linux x86_64) AppleWebKit/537.36 (KHTML, like Gecko) HeadlessChrome/68.0.3440.106 Safari/537.36"
76.104.27.43 - - [01/Jun/2020:09:48:12 +0700] "GET / HTTP/1.1" 200 32517 "https://revit.cic.com.vn/" "Mozilla/5.0 (iPhone; CPU iPhone OS 13_4_1 like Mac OS X) AppleWebKit/605.1.15 (KHTML, like Gecko) Version/13.1 Mobile/15E148 Safari/604.1"
150.143.151.207 - - [01/Jun/2020:09:49:38 +0700] "GET / HTTP/1.1" 200 32517 "http://revit.cic.com.vn/" "Mozilla/5.0 (Linux; Android 9; Mi A1 Build/PKQ1.180917.001; wv) AppleWebKit/537.36 (KHTML, like Gecko) Version/4.0 Chrome/74.0.3729.157 Mobile Safari/537.36"
84.17.42.37 - - [01/Jun/2020:09:49:38 +0700] "GET / HTTP/1.1" 200 32517 "http://revit.cic.com.vn/" "Mozilla/5.0 (iPhone; CPU iPhone OS 7_0 like Mac OS X) AppleWebKit/537.51.1 (KHTML, like Gecko) Version/7.0 Mobile/11A465 Safari/9537.53"
76.104.27.43 - - [01/Jun/2020:09:49:39 +0700] "GET / HTTP/1.1" 200 32517 "http://revit.cic.com.vn/" "Mozilla/5.0 (iPhone; CPU iPhone OS 13_4_1 like Mac OS X) AppleWebKit/605.1.15 (KHTML, like Gecko) Version/13.1 Mobile/15E148 Safari/604.1"
192.253.249.130 - - [01/Jun/2020:09:49:40 +0700] "GET / HTTP/1.1" 200 32517 "http://revit.cic.com.vn/" "Mozilla/5.0 (X11; Linux x86_64) AppleWebKit/537.36 (KHTML, like Gecko) HeadlessChrome/68.0.3440.106 Safari/537.36"
157.245.214.78 - - [01/Jun/2020:12:30:07 +0700] "GET / HTTP/1.0" 200 32517 "-" "Mozilla/5.0 (compatible; NetcraftSurveyAgent/1.0; +info@netcraft.com)"
183.136.225.46 - - [02/Jun/2020:19:38:00 +0700] "GET / HTTP/1.0" 200 386 "-" "Mozilla/5.0 (Macintosh; Intel Mac OS X 10.11; rv:47.0) Gecko/20100101 Firefox/47.0"
163.172.70.242 - - [02/Jun/2020:20:10:02 +0700] "GET / HTTP/1.0" 200 386 "-" "Mozilla/5.0 (X11; Ubuntu; Linux x86_64; rv:58.0) Gecko/20100101 Firefox/58.0"
178.154.200.96 - - [02/Jun/2020:22:05:06 +0700] "GET /robots.txt HTTP/1.0" 404 567 "-" "Mozilla/5.0 (compatible; YandexBot/3.0; +http://yandex.com/bots)"
178.154.200.62 - - [02/Jun/2020:22:05:15 +0700] "GET /robots.txt HTTP/1.0" 404 567 "-" "Mozilla/5.0 (compatible; YandexBot/3.0; +http://yandex.com/bots)"
178.154.200.62 - - [02/Jun/2020:22:05:18 +0700] "GET / HTTP/1.0" 200 386 "-" "Mozilla/5.0 (compatible; YandexBot/3.0; +http://yandex.com/bots)"
213.180.203.55 - - [02/Jun/2020:23:18:07 +0700] "GET /robots.txt HTTP/1.0" 404 567 "-" "Mozilla/5.0 (compatible; YandexBot/3.0; +http://yandex.com/bots)"
213.180.203.55 - - [02/Jun/2020:23:18:09 +0700] "GET / HTTP/1.0" 200 386 "-" "Mozilla/5.0 (compatible; YandexBot/3.0; +http://yandex.com/bots)"
183.136.225.46 - - [02/Jun/2020:19:38:00 +0700] "GET / HTTP/1.1" 200 32517 "-" "Mozilla/5.0 (Macintosh; Intel Mac OS X 10.11; rv:47.0) Gecko/20100101 Firefox/47.0"
163.172.70.242 - - [02/Jun/2020:20:10:02 +0700] "GET / HTTP/1.1" 200 32517 "-" "Mozilla/5.0 (X11; Ubuntu; Linux x86_64; rv:58.0) Gecko/20100101 Firefox/58.0"
178.154.200.62 - - [02/Jun/2020:22:05:18 +0700] "GET / HTTP/1.1" 200 7688 "-" "Mozilla/5.0 (compatible; YandexBot/3.0; +http://yandex.com/bots)"
213.180.203.55 - - [02/Jun/2020:23:18:09 +0700] "GET / HTTP/1.1" 200 7688 "-" "Mozilla/5.0 (compatible; YandexBot/3.0; +http://yandex.com/bots)"
35.166.14.235 - - [05/Jun/2020:09:42:16 +0700] "GET / HTTP/1.0" 200 386 "-" "Mozilla/5.0 (Windows NT 10.0; Win64; x64) AppleWebKit/537.36 (KHTML, like Gecko; compatible; BuiltWith/1.0; +http://builtwith.com/biup) Chrome/74.0.3729.131 Safari/537.36"
209.17.96.34 - - [05/Jun/2020:12:32:41 +0700] "GET / HTTP/1.0" 200 386 "-" "Mozilla/5.0 (compatible; Nimbostratus-Bot/v1.3.2; http://cloudsystemnetworks.com)"
159.203.118.211 - - [06/Jun/2020:01:58:41 +0700] "GET / HTTP/1.0" 200 386 "-" "Mozilla/5.0 (compatible; NetcraftSurveyAgent/1.0; +info@netcraft.com)"
35.166.14.235 - - [05/Jun/2020:09:42:16 +0700] "GET / HTTP/1.1" 200 7688 "-" "Mozilla/5.0 (Windows NT 10.0; Win64; x64) AppleWebKit/537.36 (KHTML, like Gecko; compatible; BuiltWith/1.0; +http://builtwith.com/biup) Chrome/74.0.3729.131 Safari/537.36"
209.17.96.34 - - [05/Jun/2020:12:32:41 +0700] "GET / HTTP/1.1" 200 32517 "-" "Mozilla/5.0 (compatible; Nimbostratus-Bot/v1.3.2; http://cloudsystemnetworks.com)"
159.203.118.211 - - [06/Jun/2020:01:58:41 +0700] "GET / HTTP/1.0" 200 32517 "-" "Mozilla/5.0 (compatible; NetcraftSurveyAgent/1.0; +info@netcraft.com)"
213.180.203.55 - - [07/Jun/2020:18:02:11 +0700] "GET /robots.txt HTTP/1.0" 404 567 "-" "Mozilla/5.0 (compatible; YandexBot/3.0; +http://yandex.com/bots)"
213.180.203.55 - - [07/Jun/2020:18:02:21 +0700] "GET /robots.txt HTTP/1.0" 404 567 "-" "Mozilla/5.0 (compatible; YandexBot/3.0; +http://yandex.com/bots)"
213.180.203.55 - - [07/Jun/2020:18:02:24 +0700] "GET / HTTP/1.0" 200 386 "-" "Mozilla/5.0 (compatible; YandexBot/3.0; +http://yandex.com/bots)"
178.154.200.244 - - [07/Jun/2020:18:03:27 +0700] "GET / HTTP/1.0" 200 386 "-" "Mozilla/5.0 (compatible; YandexBot/3.0; +http://yandex.com/bots)"
85.206.163.235 - - [07/Jun/2020:21:07:43 +0700] "GET /index.php?option=com_kunena&func=userlist&search='+and+1=2)+union+select+1,concat(0x3c757365723e,username,0x3c757365723e3c706173733e,password,0x3c706173733e),3,4,5,6,7,8,9,10,11,12,13,14,15+from+jos_users+where+gid=24+limit+0,1--+; HTTP/1.0" 403 570 "-" "Mozilla/5.0 (Windows NT 6.1; WOW64; rv:54.0) Gecko/20100101 Firefox/54.0"
85.206.163.235 - - [07/Jun/2020:21:07:48 +0700] "GET /index.php?option=com_kunena&func=userlist&search='+and+1=2)+union+select+1,concat(0x3c757365723e,username,0x3c757365723e3c706173733e,password,0x3c706173733e),3,4,5,6,7,8,9,10,11,12,13,14,15+from+jos_users+where+gid=25+limit+0,1--+; HTTP/1.0" 403 570 "-" "Mozilla/5.0 (Windows NT 6.1; WOW64; rv:54.0) Gecko/20100101 Firefox/54.0"
213.180.203.55 - - [07/Jun/2020:18:02:24 +0700] "GET / HTTP/1.1" 200 7688 "-" "Mozilla/5.0 (compatible; YandexBot/3.0; +http://yandex.com/bots)"
178.154.200.244 - - [07/Jun/2020:18:03:27 +0700] "GET / HTTP/1.1" 200 7688 "-" "Mozilla/5.0 (compatible; YandexBot/3.0; +http://yandex.com/bots)"
178.216.123.183 - - [08/Jun/2020:04:08:12 +0700] "GET /img/phone-screen2.png HTTP/1.0" 200 397 "https://yandex.ua/" "Mozilla/5.0 (Windows NT 10.0; Win64; x64) AppleWebKit/537.36 (KHTML, like Gecko) Chrome/83.0.4103.61 Safari/537.36"
178.216.123.183 - - [08/Jun/2020:04:08:16 +0700] "GET /img/phone-screen2.png HTTP/2.0" 200 161372 "https://yandex.ua/" "Mozilla/5.0 (Windows NT 10.0; Win64; x64) AppleWebKit/537.36 (KHTML, like Gecko) Chrome/83.0.4103.61 Safari/537.36"
85.206.163.229 - - [09/Jun/2020:20:27:14 +0700] "GET /index.php?option=com_muscol&view=artists&letter=1%22+and+1=0+union+select+1,concat(0x3c757365723e,username,0x3c757365723e3c706173733e,password,0x3c706173733e),3,4,5,6,7,8,9,10,11,12,13,14,15,16,17,18,19+from+jos_users+where+gid=24+limit+0,1--+a HTTP/1.0" 403 570 "-" "Mozilla/5.0 (Windows NT 6.1; WOW64; rv:54.0) Gecko/20100101 Firefox/54.0"
85.206.163.229 - - [09/Jun/2020:20:27:19 +0700] "GET /index.php?option=com_muscol&view=artists&letter=1%22+and+1=0+union+select+1,concat(0x3c757365723e,username,0x3c757365723e3c706173733e,password,0x3c706173733e),3,4,5,6,7,8,9,10,11,12,13,14,15,16,17,18,19+from+jos_users+where+gid=25+limit+0,1--+a HTTP/1.0" 403 570 "-" "Mozilla/5.0 (Windows NT 6.1; WOW64; rv:54.0) Gecko/20100101 Firefox/54.0"
209.17.96.130 - - [09/Jun/2020:21:12:28 +0700] "GET / HTTP/1.0" 200 386 "-" "Mozilla/5.0 (compatible; Nimbostratus-Bot/v1.3.2; http://cloudsystemnetworks.com)"
138.68.62.91 - - [10/Jun/2020:02:09:11 +0700] "GET /vendor/phpunit/phpunit/LICENSE HTTP/1.0" 404 587 "-" "curl/7.58.0"
209.17.96.130 - - [09/Jun/2020:21:12:28 +0700] "GET / HTTP/1.1" 200 32517 "-" "Mozilla/5.0 (compatible; Nimbostratus-Bot/v1.3.2; http://cloudsystemnetworks.com)"
52.30.138.82 - - [11/Jun/2020:12:53:15 +0700] "GET /robots.txt HTTP/1.0" 404 567 "-" "PleskBot"
52.30.138.82 - - [11/Jun/2020:12:53:17 +0700] "GET / HTTP/1.0" 200 386 "-" "PleskBot"
52.30.138.82 - - [11/Jun/2020:12:53:17 +0700] "GET / HTTP/1.1" 200 32517 "-" "PleskBot"
209.17.96.146 - - [13/Jun/2020:09:48:24 +0700] "GET / HTTP/1.0" 200 386 "-" "Mozilla/5.0 (compatible; Nimbostratus-Bot/v1.3.2; http://cloudsystemnetworks.com)"
209.17.96.146 - - [13/Jun/2020:09:48:24 +0700] "GET / HTTP/1.1" 200 32517 "-" "Mozilla/5.0 (compatible; Nimbostratus-Bot/v1.3.2; http://cloudsystemnetworks.com)"
91.207.102.153 - - [14/Jun/2020:18:50:49 +0700] "GET /index.php?view=videos&type=member&user_id=66+and+1=0+union+select+1,2,3,4,5,6,7,8,9,10,11,12,concat%280x3c757365723e,username,0x3c757365723e3c706173733e,password,0x3c706173733e%29,14,15,16,17,18,19,20,21,22,23,24,25,26+from+jos_users+where+gid=24+limit+0,1--&option=com_mytube HTTP/1.0" 403 570 "-" "Mozilla/5.0 (Windows NT 6.1; WOW64; rv:54.0) Gecko/20100101 Firefox/54.0"
91.207.102.153 - - [14/Jun/2020:18:50:54 +0700] "GET /index.php?view=videos&type=member&user_id=66+and+1=0+union+select+1,2,3,4,5,6,7,8,9,10,11,12,concat%280x3c757365723e,username,0x3c757365723e3c706173733e,password,0x3c706173733e%29,14,15,16,17,18,19,20,21,22,23,24,25,26+from+jos_users+where+gid=25+limit+0,1--&option=com_mytube HTTP/1.0" 403 570 "-" "Mozilla/5.0 (Windows NT 6.1; WOW64; rv:54.0) Gecko/20100101 Firefox/54.0"
213.180.203.55 - - [15/Jun/2020:07:57:27 +0700] "GET /robots.txt HTTP/1.0" 404 567 "-" "Mozilla/5.0 (compatible; YandexBot/3.0; +http://yandex.com/bots)"
213.180.203.55 - - [15/Jun/2020:07:57:30 +0700] "GET / HTTP/1.0" 200 386 "-" "Mozilla/5.0 (compatible; YandexBot/3.0; +http://yandex.com/bots)"
178.154.200.244 - - [15/Jun/2020:16:27:37 +0700] "GET /robots.txt HTTP/1.0" 404 567 "-" "Mozilla/5.0 (compatible; YandexBot/3.0; +http://yandex.com/bots)"
178.154.200.244 - - [15/Jun/2020:16:27:41 +0700] "GET /robots.txt HTTP/1.0" 404 567 "-" "Mozilla/5.0 (compatible; YandexBot/3.0; +http://yandex.com/bots)"
213.180.203.55 - - [15/Jun/2020:16:27:46 +0700] "GET / HTTP/1.0" 200 386 "-" "Mozilla/5.0 (compatible; YandexBot/3.0; +http://yandex.com/bots)"
213.180.203.55 - - [15/Jun/2020:07:57:30 +0700] "GET / HTTP/1.1" 200 7688 "-" "Mozilla/5.0 (compatible; YandexBot/3.0; +http://yandex.com/bots)"
213.180.203.55 - - [15/Jun/2020:16:27:46 +0700] "GET / HTTP/1.1" 200 7688 "-" "Mozilla/5.0 (compatible; YandexBot/3.0; +http://yandex.com/bots)"
209.17.96.226 - - [17/Jun/2020:21:47:25 +0700] "GET / HTTP/1.0" 200 386 "-" "Mozilla/5.0 (compatible; Nimbostratus-Bot/v1.3.2; http://cloudsystemnetworks.com)"
209.17.96.226 - - [17/Jun/2020:21:47:25 +0700] "GET / HTTP/1.1" 200 32517 "-" "Mozilla/5.0 (compatible; Nimbostratus-Bot/v1.3.2; http://cloudsystemnetworks.com)"
209.17.96.26 - - [19/Jun/2020:10:11:09 +0700] "GET / HTTP/1.0" 200 386 "-" "Mozilla/5.0 (compatible; Nimbostratus-Bot/v1.3.2; http://cloudsystemnetworks.com)"
3.249.51.5 - - [19/Jun/2020:13:21:22 +0700] "GET /robots.txt HTTP/1.0" 404 567 "-" "PleskBot"
3.249.51.5 - - [19/Jun/2020:13:21:24 +0700] "GET / HTTP/1.0" 200 386 "-" "PleskBot"
213.180.203.168 - - [20/Jun/2020:01:16:41 +0700] "GET /robots.txt HTTP/1.0" 404 567 "-" "Mozilla/5.0 (compatible; YandexBot/3.0; +http://yandex.com/bots)"
178.154.200.132 - - [20/Jun/2020:01:16:45 +0700] "GET / HTTP/1.0" 200 386 "-" "Mozilla/5.0 (compatible; YandexBot/3.0; +http://yandex.com/bots)"
209.17.96.26 - - [19/Jun/2020:10:11:09 +0700] "GET / HTTP/1.1" 200 32517 "-" "Mozilla/5.0 (compatible; Nimbostratus-Bot/v1.3.2; http://cloudsystemnetworks.com)"
3.249.51.5 - - [19/Jun/2020:13:21:24 +0700] "GET / HTTP/1.1" 200 32517 "-" "PleskBot"
178.154.200.132 - - [20/Jun/2020:01:16:45 +0700] "GET / HTTP/1.1" 200 7688 "-" "Mozilla/5.0 (compatible; YandexBot/3.0; +http://yandex.com/bots)"
178.154.200.244 - - [20/Jun/2020:23:13:34 +0700] "GET /robots.txt HTTP/1.0" 404 567 "-" "Mozilla/5.0 (compatible; YandexBot/3.0; +http://yandex.com/bots)"
213.180.203.55 - - [20/Jun/2020:23:13:42 +0700] "GET /robots.txt HTTP/1.0" 404 567 "-" "Mozilla/5.0 (compatible; YandexBot/3.0; +http://yandex.com/bots)"
213.180.203.55 - - [20/Jun/2020:23:13:44 +0700] "GET / HTTP/1.0" 200 386 "-" "Mozilla/5.0 (compatible; YandexBot/3.0; +http://yandex.com/bots)"
213.180.203.55 - - [20/Jun/2020:23:13:44 +0700] "GET / HTTP/1.1" 200 7688 "-" "Mozilla/5.0 (compatible; YandexBot/3.0; +http://yandex.com/bots)"
114.7.197.82 - - [23/Jun/2020:21:29:26 +0700] "GET /wp-login.php HTTP/1.0" 404 491 "http://revit.cic.com.vn/wp-login.php" "Mozilla/5.0 (X11; Ubuntu; Linux x86_64; rv:62.0) Gecko/20100101 Firefox/62.0"
209.17.97.58 - - [24/Jun/2020:22:02:54 +0700] "GET / HTTP/1.0" 200 386 "-" "Mozilla/5.0 (compatible; Nimbostratus-Bot/v1.3.2; http://cloudsystemnetworks.com)"
209.17.97.58 - - [24/Jun/2020:22:02:54 +0700] "GET / HTTP/1.1" 200 32517 "-" "Mozilla/5.0 (compatible; Nimbostratus-Bot/v1.3.2; http://cloudsystemnetworks.com)"
3.249.26.83 - - [26/Jun/2020:17:17:06 +0700] "GET /robots.txt HTTP/1.0" 404 567 "-" "PleskBot"
3.249.26.83 - - [26/Jun/2020:17:17:08 +0700] "GET / HTTP/1.0" 200 386 "-" "PleskBot"
3.249.26.83 - - [26/Jun/2020:17:17:08 +0700] "GET / HTTP/1.1" 200 32517 "-" "PleskBot"
213.180.203.55 - - [27/Jun/2020:11:56:11 +0700] "GET /robots.txt HTTP/1.0" 404 567 "-" "Mozilla/5.0 (compatible; YandexBot/3.0; +http://yandex.com/bots)"
213.180.203.55 - - [27/Jun/2020:11:56:14 +0700] "GET / HTTP/1.0" 200 386 "-" "Mozilla/5.0 (compatible; YandexBot/3.0; +http://yandex.com/bots)"
213.180.203.55 - - [27/Jun/2020:11:56:14 +0700] "GET / HTTP/1.1" 200 7688 "-" "Mozilla/5.0 (compatible; YandexBot/3.0; +http://yandex.com/bots)"
51.141.177.40 - - [02/Jul/2020:11:48:28 +0700] "GET / HTTP/1.0" 200 386 "-" "Mozlila/5.0 (Linux; Android 7.0; SM-G892A Bulid/NRD90M; wv) AppleWebKit/537.36 (KHTML, like Gecko) Version/4.0 Chrome/60.0.3112.107 Moblie Safari/537.36"
51.141.177.40 - - [02/Jul/2020:11:48:28 +0700] "GET / HTTP/1.1" 200 7688 "-" "Mozlila/5.0 (Linux; Android 7.0; SM-G892A Bulid/NRD90M; wv) AppleWebKit/537.36 (KHTML, like Gecko) Version/4.0 Chrome/60.0.3112.107 Moblie Safari/537.36"
51.141.177.40 - - [02/Jul/2020:11:48:31 +0700] "GET /.env HTTP/1.1" 403 548 "-" "Mozlila/5.0 (Linux; Android 7.0; SM-G892A Bulid/NRD90M; wv) AppleWebKit/537.36 (KHTML, like Gecko) Version/4.0 Chrome/60.0.3112.107 Moblie Safari/537.36"
64.225.8.42 - - [03/Jul/2020:06:58:38 +0700] "GET / HTTP/1.0" 200 386 "-" "Mozilla/5.0 (compatible; NetcraftSurveyAgent/1.0; +info@netcraft.com)"
64.225.8.42 - - [03/Jul/2020:06:58:38 +0700] "GET / HTTP/1.0" 200 32517 "-" "Mozilla/5.0 (compatible; NetcraftSurveyAgent/1.0; +info@netcraft.com)"
52.51.199.191 - - [04/Jul/2020:13:08:50 +0700] "GET /robots.txt HTTP/1.0" 404 567 "-" "PleskBot"
52.51.199.191 - - [04/Jul/2020:13:08:55 +0700] "GET / HTTP/1.0" 200 386 "-" "PleskBot"
209.17.97.114 - - [04/Jul/2020:13:39:46 +0700] "GET / HTTP/1.0" 200 386 "-" "Mozilla/5.0 (compatible; Nimbostratus-Bot/v1.3.2; http://cloudsystemnetworks.com)"
64.90.63.133 - - [04/Jul/2020:23:24:39 +0700] "GET /wp-login.php HTTP/1.0" 404 491 "http://revit.cic.com.vn/wp-login.php" "Mozilla/5.0 (X11; Ubuntu; Linux x86_64; rv:62.0) Gecko/20100101 Firefox/62.0"
52.51.199.191 - - [04/Jul/2020:13:08:55 +0700] "GET / HTTP/1.1" 200 32517 "-" "PleskBot"
209.17.97.114 - - [04/Jul/2020:13:39:46 +0700] "GET / HTTP/1.1" 200 32517 "-" "Mozilla/5.0 (compatible; Nimbostratus-Bot/v1.3.2; http://cloudsystemnetworks.com)"
213.180.203.55 - - [05/Jul/2020:14:38:59 +0700] "GET /robots.txt HTTP/1.0" 404 567 "-" "Mozilla/5.0 (compatible; YandexBot/3.0; +http://yandex.com/bots)"
213.180.203.55 - - [05/Jul/2020:14:39:03 +0700] "GET /robots.txt HTTP/1.0" 404 567 "-" "Mozilla/5.0 (compatible; YandexBot/3.0; +http://yandex.com/bots)"
213.180.203.55 - - [05/Jul/2020:14:39:07 +0700] "GET / HTTP/1.0" 200 386 "-" "Mozilla/5.0 (compatible; YandexBot/3.0; +http://yandex.com/bots)"
213.180.203.55 - - [05/Jul/2020:14:39:07 +0700] "GET / HTTP/1.1" 200 7688 "-" "Mozilla/5.0 (compatible; YandexBot/3.0; +http://yandex.com/bots)"
165.227.114.44 - - [06/Jul/2020:04:23:51 +0700] "GET / HTTP/1.0" 200 6593 "-" "Mozilla/5.0 (compatible; NetcraftSurveyAgent/1.0; +info@netcraft.com)"
178.154.200.244 - - [07/Jul/2020:01:37:42 +0700] "GET /robots.txt HTTP/1.0" 404 567 "-" "Mozilla/5.0 (compatible; YandexBot/3.0; +http://yandex.com/bots)"
178.154.200.244 - - [07/Jul/2020:01:37:46 +0700] "GET /robots.txt HTTP/1.0" 404 567 "-" "Mozilla/5.0 (compatible; YandexBot/3.0; +http://yandex.com/bots)"
213.180.203.55 - - [07/Jul/2020:01:37:50 +0700] "GET / HTTP/1.0" 200 386 "-" "Mozilla/5.0 (compatible; YandexBot/3.0; +http://yandex.com/bots)"
165.227.114.44 - - [06/Jul/2020:04:23:51 +0700] "GET / HTTP/1.0" 200 32517 "-" "Mozilla/5.0 (compatible; NetcraftSurveyAgent/1.0; +info@netcraft.com)"
213.180.203.55 - - [07/Jul/2020:01:37:50 +0700] "GET / HTTP/1.1" 200 7688 "-" "Mozilla/5.0 (compatible; YandexBot/3.0; +http://yandex.com/bots)"
3.228.19.177 - - [07/Jul/2020:16:22:39 +0700] "GET / HTTP/1.0" 200 386 "-" "Mozilla/5.0 (Windows NT 10.0; Win64; x64) AppleWebKit/537.36 (KHTML, like Gecko; compatible; BW/1.1; bit.ly/2W6Px8S) Chrome/74.0.3729.131 Safari/537.36"
3.228.19.177 - - [07/Jul/2020:16:22:48 +0700] "GET /robots.txt HTTP/1.0" 404 567 "-" "Mozilla/5.0 (Windows NT 10.0; Win64; x64) AppleWebKit/537.36 (KHTML, like Gecko; compatible; BW/1.1; bit.ly/2W6Px8S) Chrome/74.0.3729.131 Safari/537.36"
3.228.19.177 - - [07/Jul/2020:16:22:56 +0700] "GET /js/main.js HTTP/1.0" 200 399 "https://revit.cic.com.vn/" "Mozilla/5.0 (linux) AppleWebKit/537.36 (KHTML, like Gecko) jsdom/16.2.2"
3.228.19.177 - - [07/Jul/2020:16:22:56 +0700] "GET /js/vendor/swiper/js/swiper.js HTTP/1.0" 200 418 "https://revit.cic.com.vn/" "Mozilla/5.0 (linux) AppleWebKit/537.36 (KHTML, like Gecko) jsdom/16.2.2"
3.228.19.177 - - [07/Jul/2020:16:22:56 +0700] "GET /js/form_script.js HTTP/1.0" 200 406 "https://revit.cic.com.vn/" "Mozilla/5.0 (linux) AppleWebKit/537.36 (KHTML, like Gecko) jsdom/16.2.2"
3.228.19.177 - - [07/Jul/2020:16:22:56 +0700] "GET /js/vegas/vegas.min.js HTTP/1.0" 200 410 "https://revit.cic.com.vn/" "Mozilla/5.0 (linux) AppleWebKit/537.36 (KHTML, like Gecko) jsdom/16.2.2"
3.228.19.177 - - [07/Jul/2020:16:22:56 +0700] "GET /js/vendor/owl.carousel.min.js HTTP/1.0" 200 418 "https://revit.cic.com.vn/" "Mozilla/5.0 (linux) AppleWebKit/537.36 (KHTML, like Gecko) jsdom/16.2.2"
3.228.19.177 - - [07/Jul/2020:16:22:56 +0700] "GET /js/jquery.maximage.js HTTP/1.0" 200 410 "https://revit.cic.com.vn/" "Mozilla/5.0 (linux) AppleWebKit/537.36 (KHTML, like Gecko) jsdom/16.2.2"
3.228.19.177 - - [07/Jul/2020:16:22:56 +0700] "GET /js/vendor/wow.min.js HTTP/1.0" 200 409 "https://revit.cic.com.vn/" "Mozilla/5.0 (linux) AppleWebKit/537.36 (KHTML, like Gecko) jsdom/16.2.2"
3.228.19.177 - - [07/Jul/2020:16:22:56 +0700] "GET /js/vendor/modernizr-2.7.1.min.js HTTP/1.0" 200 421 "https://revit.cic.com.vn/" "Mozilla/5.0 (linux) AppleWebKit/537.36 (KHTML, like Gecko) jsdom/16.2.2"
3.228.19.177 - - [07/Jul/2020:16:22:56 +0700] "GET /js/vendor/jquery-1.11.2.min.js HTTP/1.0" 200 419 "https://revit.cic.com.vn/" "Mozilla/5.0 (linux) AppleWebKit/537.36 (KHTML, like Gecko) jsdom/16.2.2"
3.228.19.177 - - [07/Jul/2020:16:23:20 +0700] "GET /js/vendor/swiper/js/swiper.js HTTP/1.0" 200 418 "-" "Mozilla/5.0 (Windows NT 10.0; Win64; x64) AppleWebKit/537.36 (KHTML, like Gecko; compatible; BW/1.1; bit.ly/2W6Px8S) Chrome/74.0.3729.131 Safari/537.36"
3.228.19.177 - - [07/Jul/2020:16:23:20 +0700] "GET /js/vendor/owl.carousel.min.js HTTP/1.0" 200 418 "-" "Mozilla/5.0 (Windows NT 10.0; Win64; x64) AppleWebKit/537.36 (KHTML, like Gecko; compatible; BW/1.1; bit.ly/2W6Px8S) Chrome/74.0.3729.131 Safari/537.36"
3.228.19.177 - - [07/Jul/2020:16:23:20 +0700] "GET /js/vendor/wow.min.js HTTP/1.0" 200 409 "-" "Mozilla/5.0 (Windows NT 10.0; Win64; x64) AppleWebKit/537.36 (KHTML, like Gecko; compatible; BW/1.1; bit.ly/2W6Px8S) Chrome/74.0.3729.131 Safari/537.36"
3.228.19.177 - - [07/Jul/2020:16:23:20 +0700] "GET /js/form_script.js HTTP/1.0" 200 406 "-" "Mozilla/5.0 (Windows NT 10.0; Win64; x64) AppleWebKit/537.36 (KHTML, like Gecko; compatible; BW/1.1; bit.ly/2W6Px8S) Chrome/74.0.3729.131 Safari/537.36"
3.228.19.177 - - [07/Jul/2020:16:23:20 +0700] "GET /js/main.js HTTP/1.0" 200 399 "-" "Mozilla/5.0 (Windows NT 10.0; Win64; x64) AppleWebKit/537.36 (KHTML, like Gecko; compatible; BW/1.1; bit.ly/2W6Px8S) Chrome/74.0.3729.131 Safari/537.36"
3.228.19.177 - - [07/Jul/2020:16:23:20 +0700] "GET /js/vegas/vegas.min.js HTTP/1.0" 200 410 "-" "Mozilla/5.0 (Windows NT 10.0; Win64; x64) AppleWebKit/537.36 (KHTML, like Gecko; compatible; BW/1.1; bit.ly/2W6Px8S) Chrome/74.0.3729.131 Safari/537.36"
3.228.19.177 - - [07/Jul/2020:16:23:21 +0700] "GET /ads.txt HTTP/1.0" 404 564 "-" "Mozilla/5.0 (Windows NT 10.0; Win64; x64) AppleWebKit/537.36 (KHTML, like Gecko; compatible; BW/1.1; bit.ly/2W6Px8S) Chrome/74.0.3729.131 Safari/537.36"
3.228.19.177 - - [07/Jul/2020:16:22:39 +0700] "GET / HTTP/1.1" 200 7688 "-" "Mozilla/5.0 (Windows NT 10.0; Win64; x64) AppleWebKit/537.36 (KHTML, like Gecko; compatible; BW/1.1; bit.ly/2W6Px8S) Chrome/74.0.3729.131 Safari/537.36"
3.228.19.177 - - [07/Jul/2020:16:22:56 +0700] "GET /js/main.js HTTP/1.1" 200 2606 "https://revit.cic.com.vn/" "Mozilla/5.0 (linux) AppleWebKit/537.36 (KHTML, like Gecko) jsdom/16.2.2"
3.228.19.177 - - [07/Jul/2020:16:22:56 +0700] "GET /js/vendor/swiper/js/swiper.js HTTP/1.1" 200 25424 "https://revit.cic.com.vn/" "Mozilla/5.0 (linux) AppleWebKit/537.36 (KHTML, like Gecko) jsdom/16.2.2"
3.228.19.177 - - [07/Jul/2020:16:22:56 +0700] "GET /js/form_script.js HTTP/1.1" 200 1257 "https://revit.cic.com.vn/" "Mozilla/5.0 (linux) AppleWebKit/537.36 (KHTML, like Gecko) jsdom/16.2.2"
3.228.19.177 - - [07/Jul/2020:16:22:56 +0700] "GET /js/vegas/vegas.min.js HTTP/1.1" 200 2824 "https://revit.cic.com.vn/" "Mozilla/5.0 (linux) AppleWebKit/537.36 (KHTML, like Gecko) jsdom/16.2.2"
3.228.19.177 - - [07/Jul/2020:16:22:56 +0700] "GET /js/vendor/owl.carousel.min.js HTTP/1.1" 200 10535 "https://revit.cic.com.vn/" "Mozilla/5.0 (linux) AppleWebKit/537.36 (KHTML, like Gecko) jsdom/16.2.2"
3.228.19.177 - - [07/Jul/2020:16:22:56 +0700] "GET /js/jquery.maximage.js HTTP/1.1" 200 6284 "https://revit.cic.com.vn/" "Mozilla/5.0 (linux) AppleWebKit/537.36 (KHTML, like Gecko) jsdom/16.2.2"
3.228.19.177 - - [07/Jul/2020:16:22:56 +0700] "GET /js/vendor/wow.min.js HTTP/1.1" 200 2714 "https://revit.cic.com.vn/" "Mozilla/5.0 (linux) AppleWebKit/537.36 (KHTML, like Gecko) jsdom/16.2.2"
3.228.19.177 - - [07/Jul/2020:16:22:56 +0700] "GET /js/vendor/modernizr-2.7.1.min.js HTTP/1.1" 200 6312 "https://revit.cic.com.vn/" "Mozilla/5.0 (linux) AppleWebKit/537.36 (KHTML, like Gecko) jsdom/16.2.2"
3.228.19.177 - - [07/Jul/2020:16:22:56 +0700] "GET /js/vendor/jquery-1.11.2.min.js HTTP/1.1" 200 33334 "https://revit.cic.com.vn/" "Mozilla/5.0 (linux) AppleWebKit/537.36 (KHTML, like Gecko) jsdom/16.2.2"
3.228.19.177 - - [07/Jul/2020:16:23:20 +0700] "GET /js/vendor/owl.carousel.min.js HTTP/1.1" 200 10535 "-" "Mozilla/5.0 (Windows NT 10.0; Win64; x64) AppleWebKit/537.36 (KHTML, like Gecko; compatible; BW/1.1; bit.ly/2W6Px8S) Chrome/74.0.3729.131 Safari/537.36"
3.228.19.177 - - [07/Jul/2020:16:23:20 +0700] "GET /js/vendor/wow.min.js HTTP/1.1" 200 2714 "-" "Mozilla/5.0 (Windows NT 10.0; Win64; x64) AppleWebKit/537.36 (KHTML, like Gecko; compatible; BW/1.1; bit.ly/2W6Px8S) Chrome/74.0.3729.131 Safari/537.36"
3.228.19.177 - - [07/Jul/2020:16:23:20 +0700] "GET /js/vendor/swiper/js/swiper.js HTTP/1.1" 200 25424 "-" "Mozilla/5.0 (Windows NT 10.0; Win64; x64) AppleWebKit/537.36 (KHTML, like Gecko; compatible; BW/1.1; bit.ly/2W6Px8S) Chrome/74.0.3729.131 Safari/537.36"
3.228.19.177 - - [07/Jul/2020:16:23:20 +0700] "GET /js/form_script.js HTTP/1.1" 200 1257 "-" "Mozilla/5.0 (Windows NT 10.0; Win64; x64) AppleWebKit/537.36 (KHTML, like Gecko; compatible; BW/1.1; bit.ly/2W6Px8S) Chrome/74.0.3729.131 Safari/537.36"
3.228.19.177 - - [07/Jul/2020:16:23:20 +0700] "GET /js/main.js HTTP/1.1" 200 2606 "-" "Mozilla/5.0 (Windows NT 10.0; Win64; x64) AppleWebKit/537.36 (KHTML, like Gecko; compatible; BW/1.1; bit.ly/2W6Px8S) Chrome/74.0.3729.131 Safari/537.36"
3.228.19.177 - - [07/Jul/2020:16:23:20 +0700] "GET /js/vegas/vegas.min.js HTTP/1.1" 200 2824 "-" "Mozilla/5.0 (Windows NT 10.0; Win64; x64) AppleWebKit/537.36 (KHTML, like Gecko; compatible; BW/1.1; bit.ly/2W6Px8S) Chrome/74.0.3729.131 Safari/537.36"
3.228.19.177 - - [07/Jul/2020:16:23:36 +0700] "" 400 0 "-" "-"
178.154.200.244 - - [08/Jul/2020:11:36:29 +0700] "GET /robots.txt HTTP/1.0" 404 567 "-" "Mozilla/5.0 (compatible; YandexBot/3.0; +http://yandex.com/bots)"
