118.70.182.173 - - [03/Apr/2020:07:55:35 +0700] "GET /fonts/opensans/stylesheet.css HTTP/1.0" 200 476 "https://revit.cic.com.vn/" "Mozilla/5.0 (Windows NT 10.0; Win64; x64) AppleWebKit/537.36 (KHTML, like Gecko) Chrome/80.0.3987.106 Safari/537.36"
118.70.182.173 - - [03/Apr/2020:07:55:35 +0700] "GET /fonts/roboto/stylesheet.css HTTP/1.0" 200 474 "https://revit.cic.com.vn/" "Mozilla/5.0 (Windows NT 10.0; Win64; x64) AppleWebKit/537.36 (KHTML, like Gecko) Chrome/80.0.3987.106 Safari/537.36"
118.70.182.173 - - [03/Apr/2020:07:55:35 +0700] "GET /css/main.css HTTP/1.0" 200 459 "https://revit.cic.com.vn/" "Mozilla/5.0 (Windows NT 10.0; Win64; x64) AppleWebKit/537.36 (KHTML, like Gecko) Chrome/80.0.3987.106 Safari/537.36"
118.70.182.173 - - [03/Apr/2020:07:55:35 +0700] "GET /css/ionicons.min.css HTTP/1.0" 200 467 "https://revit.cic.com.vn/" "Mozilla/5.0 (Windows NT 10.0; Win64; x64) AppleWebKit/537.36 (KHTML, like Gecko) Chrome/80.0.3987.106 Safari/537.36"
118.70.182.173 - - [03/Apr/2020:07:55:35 +0700] "GET /css/style1.css HTTP/1.0" 200 461 "https://revit.cic.com.vn/" "Mozilla/5.0 (Windows NT 10.0; Win64; x64) AppleWebKit/537.36 (KHTML, like Gecko) Chrome/80.0.3987.106 Safari/537.36"
118.70.182.173 - - [03/Apr/2020:07:55:35 +0700] "GET /js/vendor/modernizr-2.7.1.min.js HTTP/1.0" 200 493 "https://revit.cic.com.vn/" "Mozilla/5.0 (Windows NT 10.0; Win64; x64) AppleWebKit/537.36 (KHTML, like Gecko) Chrome/80.0.3987.106 Safari/537.36"
118.70.182.173 - - [03/Apr/2020:07:55:35 +0700] "GET /img/logo_cic.png HTTP/1.0" 200 464 "https://revit.cic.com.vn/" "Mozilla/5.0 (Windows NT 10.0; Win64; x64) AppleWebKit/537.36 (KHTML, like Gecko) Chrome/80.0.3987.106 Safari/537.36"
118.70.182.173 - - [03/Apr/2020:07:55:35 +0700] "GET /img/Locked-Cloud.png HTTP/1.0" 200 468 "https://revit.cic.com.vn/" "Mozilla/5.0 (Windows NT 10.0; Win64; x64) AppleWebKit/537.36 (KHTML, like Gecko) Chrome/80.0.3987.106 Safari/537.36"
118.70.182.173 - - [03/Apr/2020:07:55:35 +0700] "GET /fonts/montserrat/stylesheet.css HTTP/1.0" 200 478 "https://revit.cic.com.vn/" "Mozilla/5.0 (Windows NT 10.0; Win64; x64) AppleWebKit/537.36 (KHTML, like Gecko) Chrome/80.0.3987.106 Safari/537.36"
118.70.182.173 - - [03/Apr/2020:07:55:36 +0700] "GET /js/vendor/wow.min.js HTTP/1.0" 200 481 "https://revit.cic.com.vn/" "Mozilla/5.0 (Windows NT 10.0; Win64; x64) AppleWebKit/537.36 (KHTML, like Gecko) Chrome/80.0.3987.106 Safari/537.36"
118.70.182.173 - - [03/Apr/2020:07:55:36 +0700] "GET /js/vendor/jquery-1.11.2.min.js HTTP/1.0" 200 491 "https://revit.cic.com.vn/" "Mozilla/5.0 (Windows NT 10.0; Win64; x64) AppleWebKit/537.36 (KHTML, like Gecko) Chrome/80.0.3987.106 Safari/537.36"
118.70.182.173 - - [03/Apr/2020:07:55:36 +0700] "GET /js/vendor/swiper/js/swiper.js HTTP/1.0" 200 490 "https://revit.cic.com.vn/" "Mozilla/5.0 (Windows NT 10.0; Win64; x64) AppleWebKit/537.36 (KHTML, like Gecko) Chrome/80.0.3987.106 Safari/537.36"
118.70.182.173 - - [03/Apr/2020:07:55:36 +0700] "GET /js/vendor/owl.carousel.min.js HTTP/1.0" 200 490 "https://revit.cic.com.vn/" "Mozilla/5.0 (Windows NT 10.0; Win64; x64) AppleWebKit/537.36 (KHTML, like Gecko) Chrome/80.0.3987.106 Safari/537.36"
118.70.182.173 - - [03/Apr/2020:07:55:36 +0700] "GET /js/vegas/vegas.min.js HTTP/1.0" 200 482 "https://revit.cic.com.vn/" "Mozilla/5.0 (Windows NT 10.0; Win64; x64) AppleWebKit/537.36 (KHTML, like Gecko) Chrome/80.0.3987.106 Safari/537.36"
118.70.182.173 - - [03/Apr/2020:07:55:36 +0700] "GET /js/jquery.maximage.js HTTP/1.0" 200 482 "https://revit.cic.com.vn/" "Mozilla/5.0 (Windows NT 10.0; Win64; x64) AppleWebKit/537.36 (KHTML, like Gecko) Chrome/80.0.3987.106 Safari/537.36"
118.70.182.173 - - [03/Apr/2020:07:55:36 +0700] "GET /js/form_script.js HTTP/1.0" 200 478 "https://revit.cic.com.vn/" "Mozilla/5.0 (Windows NT 10.0; Win64; x64) AppleWebKit/537.36 (KHTML, like Gecko) Chrome/80.0.3987.106 Safari/537.36"
118.70.182.173 - - [03/Apr/2020:07:55:36 +0700] "GET /img/Programming.png HTTP/1.0" 200 467 "https://revit.cic.com.vn/" "Mozilla/5.0 (Windows NT 10.0; Win64; x64) AppleWebKit/537.36 (KHTML, like Gecko) Chrome/80.0.3987.106 Safari/537.36"
118.70.182.173 - - [03/Apr/2020:07:55:36 +0700] "GET /img/phone-screen.png HTTP/1.0" 200 468 "https://revit.cic.com.vn/" "Mozilla/5.0 (Windows NT 10.0; Win64; x64) AppleWebKit/537.36 (KHTML, like Gecko) Chrome/80.0.3987.106 Safari/537.36"
118.70.182.173 - - [03/Apr/2020:07:55:36 +0700] "GET /img/client/logo1-hover.png HTTP/1.0" 200 474 "https://revit.cic.com.vn/" "Mozilla/5.0 (Windows NT 10.0; Win64; x64) AppleWebKit/537.36 (KHTML, like Gecko) Chrome/80.0.3987.106 Safari/537.36"
118.70.182.173 - - [03/Apr/2020:07:55:36 +0700] "GET /img/client/logo10-hover.png HTTP/1.0" 200 475 "https://revit.cic.com.vn/" "Mozilla/5.0 (Windows NT 10.0; Win64; x64) AppleWebKit/537.36 (KHTML, like Gecko) Chrome/80.0.3987.106 Safari/537.36"
118.70.182.173 - - [03/Apr/2020:07:55:36 +0700] "GET /img/client/logo7-hover.png HTTP/1.0" 200 474 "https://revit.cic.com.vn/" "Mozilla/5.0 (Windows NT 10.0; Win64; x64) AppleWebKit/537.36 (KHTML, like Gecko) Chrome/80.0.3987.106 Safari/537.36"
118.70.182.173 - - [03/Apr/2020:07:55:36 +0700] "GET /img/client/logo3-hover.png HTTP/1.0" 200 474 "https://revit.cic.com.vn/" "Mozilla/5.0 (Windows NT 10.0; Win64; x64) AppleWebKit/537.36 (KHTML, like Gecko) Chrome/80.0.3987.106 Safari/537.36"
118.70.182.173 - - [03/Apr/2020:07:55:36 +0700] "GET /img/client/logo5-hover.png HTTP/1.0" 200 474 "https://revit.cic.com.vn/" "Mozilla/5.0 (Windows NT 10.0; Win64; x64) AppleWebKit/537.36 (KHTML, like Gecko) Chrome/80.0.3987.106 Safari/537.36"
118.70.182.173 - - [03/Apr/2020:07:55:36 +0700] "GET /img/client/logo6-hover.png HTTP/1.0" 200 474 "https://revit.cic.com.vn/" "Mozilla/5.0 (Windows NT 10.0; Win64; x64) AppleWebKit/537.36 (KHTML, like Gecko) Chrome/80.0.3987.106 Safari/537.36"
118.70.182.173 - - [03/Apr/2020:07:55:36 +0700] "GET /img/client/logo2-hover.png HTTP/1.0" 200 474 "https://revit.cic.com.vn/" "Mozilla/5.0 (Windows NT 10.0; Win64; x64) AppleWebKit/537.36 (KHTML, like Gecko) Chrome/80.0.3987.106 Safari/537.36"
118.70.182.173 - - [03/Apr/2020:07:55:36 +0700] "GET /img/client/logo9-hover.png HTTP/1.0" 200 474 "https://revit.cic.com.vn/" "Mozilla/5.0 (Windows NT 10.0; Win64; x64) AppleWebKit/537.36 (KHTML, like Gecko) Chrome/80.0.3987.106 Safari/537.36"
118.70.182.173 - - [03/Apr/2020:07:55:36 +0700] "GET /img/phone-screen2.png HTTP/1.0" 200 469 "https://revit.cic.com.vn/" "Mozilla/5.0 (Windows NT 10.0; Win64; x64) AppleWebKit/537.36 (KHTML, like Gecko) Chrome/80.0.3987.106 Safari/537.36"
118.70.182.173 - - [03/Apr/2020:07:55:36 +0700] "GET /img/client/logo8-hover.png HTTP/1.0" 200 474 "https://revit.cic.com.vn/" "Mozilla/5.0 (Windows NT 10.0; Win64; x64) AppleWebKit/537.36 (KHTML, like Gecko) Chrome/80.0.3987.106 Safari/537.36"
118.70.182.173 - - [03/Apr/2020:07:55:36 +0700] "GET /img/Download-Computer.png HTTP/1.0" 200 473 "https://revit.cic.com.vn/" "Mozilla/5.0 (Windows NT 10.0; Win64; x64) AppleWebKit/537.36 (KHTML, like Gecko) Chrome/80.0.3987.106 Safari/537.36"
118.70.182.173 - - [03/Apr/2020:07:55:36 +0700] "GET /img/phone-screen3.png HTTP/1.0" 200 469 "https://revit.cic.com.vn/" "Mozilla/5.0 (Windows NT 10.0; Win64; x64) AppleWebKit/537.36 (KHTML, like Gecko) Chrome/80.0.3987.106 Safari/537.36"
118.70.182.173 - - [03/Apr/2020:07:55:36 +0700] "GET /img/client/logo4-hover.png HTTP/1.0" 200 474 "https://revit.cic.com.vn/" "Mozilla/5.0 (Windows NT 10.0; Win64; x64) AppleWebKit/537.36 (KHTML, like Gecko) Chrome/80.0.3987.106 Safari/537.36"
118.70.182.173 - - [03/Apr/2020:07:55:36 +0700] "GET /js/main.js HTTP/1.0" 200 471 "https://revit.cic.com.vn/" "Mozilla/5.0 (Windows NT 10.0; Win64; x64) AppleWebKit/537.36 (KHTML, like Gecko) Chrome/80.0.3987.106 Safari/537.36"
118.70.182.173 - - [03/Apr/2020:07:55:36 +0700] "GET /img/phone-screen-how1.png HTTP/1.0" 200 473 "https://revit.cic.com.vn/" "Mozilla/5.0 (Windows NT 10.0; Win64; x64) AppleWebKit/537.36 (KHTML, like Gecko) Chrome/80.0.3987.106 Safari/537.36"
118.70.182.173 - - [03/Apr/2020:07:55:36 +0700] "GET /img/bg_header.png HTTP/1.0" 200 465 "https://revit.cic.com.vn/css/main.css" "Mozilla/5.0 (Windows NT 10.0; Win64; x64) AppleWebKit/537.36 (KHTML, like Gecko) Chrome/80.0.3987.106 Safari/537.36"
118.70.182.173 - - [03/Apr/2020:07:55:36 +0700] "GET /img/bg_abstract_blue.png HTTP/1.0" 200 472 "https://revit.cic.com.vn/css/style1.css" "Mozilla/5.0 (Windows NT 10.0; Win64; x64) AppleWebKit/537.36 (KHTML, like Gecko) Chrome/80.0.3987.106 Safari/537.36"
118.70.182.173 - - [03/Apr/2020:07:55:36 +0700] "GET /img/texture_download.png HTTP/1.0" 404 581 "https://revit.cic.com.vn/css/style1.css" "Mozilla/5.0 (Windows NT 10.0; Win64; x64) AppleWebKit/537.36 (KHTML, like Gecko) Chrome/80.0.3987.106 Safari/537.36"
118.70.182.173 - - [03/Apr/2020:07:55:36 +0700] "GET /fonts/ionicons28b5.ttf?v=2.0.0 HTTP/1.0" 200 482 "https://revit.cic.com.vn/css/ionicons.min.css" "Mozilla/5.0 (Windows NT 10.0; Win64; x64) AppleWebKit/537.36 (KHTML, like Gecko) Chrome/80.0.3987.106 Safari/537.36"
118.70.182.173 - - [03/Apr/2020:07:55:36 +0700] "GET /img/bg-cover.jpg HTTP/1.0" 404 573 "https://revit.cic.com.vn/" "Mozilla/5.0 (Windows NT 10.0; Win64; x64) AppleWebKit/537.36 (KHTML, like Gecko) Chrome/80.0.3987.106 Safari/537.36"
118.70.182.173 - - [03/Apr/2020:07:55:38 +0700] "GET /img/favicon.ico HTTP/1.0" 200 478 "https://revit.cic.com.vn/" "Mozilla/5.0 (Windows NT 10.0; Win64; x64) AppleWebKit/537.36 (KHTML, like Gecko) Chrome/80.0.3987.106 Safari/537.36"
118.70.182.173 - - [03/Apr/2020:07:55:45 +0700] "GET / HTTP/1.0" 200 456 "-" "Mozilla/5.0 (Windows NT 10.0; Win64; x64) AppleWebKit/537.36 (KHTML, like Gecko) Chrome/80.0.3987.106 Safari/537.36"
118.70.182.173 - - [03/Apr/2020:07:55:45 +0700] "GET /img/texture_download.png HTTP/1.0" 404 581 "https://revit.cic.com.vn/css/style1.css" "Mozilla/5.0 (Windows NT 10.0; Win64; x64) AppleWebKit/537.36 (KHTML, like Gecko) Chrome/80.0.3987.106 Safari/537.36"
118.70.182.173 - - [03/Apr/2020:07:55:45 +0700] "GET /img/bg-cover.jpg HTTP/1.0" 404 573 "https://revit.cic.com.vn/" "Mozilla/5.0 (Windows NT 10.0; Win64; x64) AppleWebKit/537.36 (KHTML, like Gecko) Chrome/80.0.3987.106 Safari/537.36"
147.147.220.124 - - [03/Apr/2020:04:34:47 +0700] "GET / HTTP/1.1" 200 32517 "https://revit.cic.com.vn/" "Mozilla/5.0 (iPhone; CPU iPhone OS 13_3_1 like Mac OS X) AppleWebKit/605.1.15 (KHTML, like Gecko) Version/13.0.5 Mobile/15E148 Safari/604.1"
81.92.207.97 - - [03/Apr/2020:04:34:47 +0700] "GET / HTTP/1.1" 200 32517 "https://revit.cic.com.vn/" "Mozilla/5.0 (Windows NT 6.1; WOW64; Trident/7.0; SLCC2; .NET CLR 2.0.50727; .NET CLR 3.5.30729; .NET CLR 3.0.30729; .NET4.0C; .NET4.0E; rv 11.0) like Gecko"
212.83.166.62 - - [03/Apr/2020:04:34:48 +0700] "GET / HTTP/1.1" 200 32517 "https://revit.cic.com.vn/" "Mozilla/5.0 (Windows NT 10.0; Win64; x64; rv:74.0) Gecko/20100101 Firefox/74.0"
192.253.249.130 - - [03/Apr/2020:04:34:48 +0700] "GET / HTTP/1.1" 200 32517 "https://revit.cic.com.vn/" "Mozilla/5.0 (iPhone; CPU iPhone OS 13_3_1 like Mac OS X) AppleWebKit/605.1.15 (KHTML, like Gecko) Mobile/15E148"
68.183.241.134 - - [03/Apr/2020:04:35:55 +0700] "GET / HTTP/1.1" 200 32517 "http://revit.cic.com.vn/" "Mozilla/5.0 (Linux; Android 4.2.1; en-us; Nexus 5 Build/JOP40D) AppleWebKit/535.19 (KHTML, like Gecko; googleweblight) Chrome/38.0.1025.166 Mobile Safari/535.19"
147.147.220.124 - - [03/Apr/2020:04:35:55 +0700] "GET / HTTP/1.1" 200 32517 "http://revit.cic.com.vn/" "Mozilla/4.0 (compatible; MSIE 8.0; Windows NT 5.1; Trident/4.0)"
192.253.249.130 - - [03/Apr/2020:04:35:55 +0700] "GET / HTTP/1.1" 200 32517 "http://revit.cic.com.vn/" "Mozilla/5.0 (Linux; U; Android 8.1.0; zh-CN; EML-AL00 Build/HUAWEIEML-AL00) AppleWebKit/537.36 (KHTML, like Gecko) Version/4.0 Chrome/57.0.2987.108 baidu.sogo.uc.UCBrowser/11.9.4.974 UWS/2.13.1.48 Mobile Safari/537.36 AliApp(DingTalk/4.5.11) com.alibaba.android.rimet/10487439 Channel/227200 language/zh-CN"
195.154.179.3 - - [03/Apr/2020:04:35:56 +0700] "GET / HTTP/1.1" 200 32517 "http://revit.cic.com.vn/" "Mozilla/5.0 (Windows NT 10.0; Win64; x64) AppleWebKit/537.36 (KHTML, like Gecko) Chrome/80.0.3987.132 Safari/537.36"
118.70.182.173 - - [03/Apr/2020:07:55:33 +0700] "GET / HTTP/2.0" 200 7675 "-" "Mozilla/5.0 (Windows NT 10.0; Win64; x64) AppleWebKit/537.36 (KHTML, like Gecko) Chrome/80.0.3987.106 Safari/537.36"
118.70.182.173 - - [03/Apr/2020:07:55:35 +0700] "GET /css/pageloader.css HTTP/2.0" 200 610 "https://revit.cic.com.vn/" "Mozilla/5.0 (Windows NT 10.0; Win64; x64) AppleWebKit/537.36 (KHTML, like Gecko) Chrome/80.0.3987.106 Safari/537.36"
118.70.182.173 - - [03/Apr/2020:07:55:35 +0700] "GET /js/vendor/assets/owl.carousel.css HTTP/2.0" 200 1103 "https://revit.cic.com.vn/" "Mozilla/5.0 (Windows NT 10.0; Win64; x64) AppleWebKit/537.36 (KHTML, like Gecko) Chrome/80.0.3987.106 Safari/537.36"
118.70.182.173 - - [03/Apr/2020:07:55:35 +0700] "GET /js/vegas/vegas.min.css HTTP/2.0" 200 1252 "https://revit.cic.com.vn/" "Mozilla/5.0 (Windows NT 10.0; Win64; x64) AppleWebKit/537.36 (KHTML, like Gecko) Chrome/80.0.3987.106 Safari/537.36"
118.70.182.173 - - [03/Apr/2020:07:55:35 +0700] "GET /css/foundation.min.css HTTP/2.0" 200 18988 "https://revit.cic.com.vn/" "Mozilla/5.0 (Windows NT 10.0; Win64; x64) AppleWebKit/537.36 (KHTML, like Gecko) Chrome/80.0.3987.106 Safari/537.36"
118.70.182.173 - - [03/Apr/2020:07:55:35 +0700] "GET /css/animate.css HTTP/2.0" 200 4935 "https://revit.cic.com.vn/" "Mozilla/5.0 (Windows NT 10.0; Win64; x64) AppleWebKit/537.36 (KHTML, like Gecko) Chrome/80.0.3987.106 Safari/537.36"
118.70.182.173 - - [03/Apr/2020:07:55:35 +0700] "GET /css/normalize.css HTTP/2.0" 200 2594 "https://revit.cic.com.vn/" "Mozilla/5.0 (Windows NT 10.0; Win64; x64) AppleWebKit/537.36 (KHTML, like Gecko) Chrome/80.0.3987.106 Safari/537.36"
118.70.182.173 - - [03/Apr/2020:07:55:35 +0700] "GET /js/vendor/swiper/css/swiper.min.css HTTP/2.0" 200 2392 "https://revit.cic.com.vn/" "Mozilla/5.0 (Windows NT 10.0; Win64; x64) AppleWebKit/537.36 (KHTML, like Gecko) Chrome/80.0.3987.106 Safari/537.36"
118.70.182.173 - - [03/Apr/2020:07:55:35 +0700] "GET /fonts/playfair/stylesheet.css HTTP/2.0" 200 320 "https://revit.cic.com.vn/" "Mozilla/5.0 (Windows NT 10.0; Win64; x64) AppleWebKit/537.36 (KHTML, like Gecko) Chrome/80.0.3987.106 Safari/537.36"
118.70.182.173 - - [03/Apr/2020:07:55:35 +0700] "GET /fonts/opensans/stylesheet.css HTTP/2.0" 200 349 "https://revit.cic.com.vn/" "Mozilla/5.0 (Windows NT 10.0; Win64; x64) AppleWebKit/537.36 (KHTML, like Gecko) Chrome/80.0.3987.106 Safari/537.36"
118.70.182.173 - - [03/Apr/2020:07:55:35 +0700] "GET /fonts/roboto/stylesheet.css HTTP/2.0" 200 300 "https://revit.cic.com.vn/" "Mozilla/5.0 (Windows NT 10.0; Win64; x64) AppleWebKit/537.36 (KHTML, like Gecko) Chrome/80.0.3987.106 Safari/537.36"
118.70.182.173 - - [03/Apr/2020:07:55:36 +0700] "GET /css/main.css HTTP/2.0" 200 11902 "https://revit.cic.com.vn/" "Mozilla/5.0 (Windows NT 10.0; Win64; x64) AppleWebKit/537.36 (KHTML, like Gecko) Chrome/80.0.3987.106 Safari/537.36"
118.70.182.173 - - [03/Apr/2020:07:55:36 +0700] "GET /css/ionicons.min.css HTTP/2.0" 200 8286 "https://revit.cic.com.vn/" "Mozilla/5.0 (Windows NT 10.0; Win64; x64) AppleWebKit/537.36 (KHTML, like Gecko) Chrome/80.0.3987.106 Safari/537.36"
118.70.182.173 - - [03/Apr/2020:07:55:36 +0700] "GET /css/style1.css HTTP/2.0" 200 1088 "https://revit.cic.com.vn/" "Mozilla/5.0 (Windows NT 10.0; Win64; x64) AppleWebKit/537.36 (KHTML, like Gecko) Chrome/80.0.3987.106 Safari/537.36"
118.70.182.173 - - [03/Apr/2020:07:55:36 +0700] "GET /js/vendor/modernizr-2.7.1.min.js HTTP/2.0" 200 6299 "https://revit.cic.com.vn/" "Mozilla/5.0 (Windows NT 10.0; Win64; x64) AppleWebKit/537.36 (KHTML, like Gecko) Chrome/80.0.3987.106 Safari/537.36"
118.70.182.173 - - [03/Apr/2020:07:55:36 +0700] "GET /img/logo_cic.png HTTP/2.0" 200 2711 "https://revit.cic.com.vn/" "Mozilla/5.0 (Windows NT 10.0; Win64; x64) AppleWebKit/537.36 (KHTML, like Gecko) Chrome/80.0.3987.106 Safari/537.36"
118.70.182.173 - - [03/Apr/2020:07:55:36 +0700] "GET /img/Locked-Cloud.png HTTP/2.0" 200 4340 "https://revit.cic.com.vn/" "Mozilla/5.0 (Windows NT 10.0; Win64; x64) AppleWebKit/537.36 (KHTML, like Gecko) Chrome/80.0.3987.106 Safari/537.36"
118.70.182.173 - - [03/Apr/2020:07:55:36 +0700] "GET /fonts/montserrat/stylesheet.css HTTP/2.0" 200 384 "https://revit.cic.com.vn/" "Mozilla/5.0 (Windows NT 10.0; Win64; x64) AppleWebKit/537.36 (KHTML, like Gecko) Chrome/80.0.3987.106 Safari/537.36"
118.70.182.173 - - [03/Apr/2020:07:55:36 +0700] "GET /js/vendor/wow.min.js HTTP/2.0" 200 2702 "https://revit.cic.com.vn/" "Mozilla/5.0 (Windows NT 10.0; Win64; x64) AppleWebKit/537.36 (KHTML, like Gecko) Chrome/80.0.3987.106 Safari/537.36"
118.70.182.173 - - [03/Apr/2020:07:55:36 +0700] "GET /js/vendor/jquery-1.11.2.min.js HTTP/2.0" 200 33321 "https://revit.cic.com.vn/" "Mozilla/5.0 (Windows NT 10.0; Win64; x64) AppleWebKit/537.36 (KHTML, like Gecko) Chrome/80.0.3987.106 Safari/537.36"
118.70.182.173 - - [03/Apr/2020:07:55:36 +0700] "GET /js/vendor/owl.carousel.min.js HTTP/2.0" 200 10522 "https://revit.cic.com.vn/" "Mozilla/5.0 (Windows NT 10.0; Win64; x64) AppleWebKit/537.36 (KHTML, like Gecko) Chrome/80.0.3987.106 Safari/537.36"
118.70.182.173 - - [03/Apr/2020:07:55:36 +0700] "GET /js/vendor/swiper/js/swiper.js HTTP/2.0" 200 25411 "https://revit.cic.com.vn/" "Mozilla/5.0 (Windows NT 10.0; Win64; x64) AppleWebKit/537.36 (KHTML, like Gecko) Chrome/80.0.3987.106 Safari/537.36"
118.70.182.173 - - [03/Apr/2020:07:55:36 +0700] "GET /js/vegas/vegas.min.js HTTP/2.0" 200 2812 "https://revit.cic.com.vn/" "Mozilla/5.0 (Windows NT 10.0; Win64; x64) AppleWebKit/537.36 (KHTML, like Gecko) Chrome/80.0.3987.106 Safari/537.36"
118.70.182.173 - - [03/Apr/2020:07:55:36 +0700] "GET /js/jquery.maximage.js HTTP/2.0" 200 6271 "https://revit.cic.com.vn/" "Mozilla/5.0 (Windows NT 10.0; Win64; x64) AppleWebKit/537.36 (KHTML, like Gecko) Chrome/80.0.3987.106 Safari/537.36"
118.70.182.173 - - [03/Apr/2020:07:55:36 +0700] "GET /js/form_script.js HTTP/2.0" 200 1245 "https://revit.cic.com.vn/" "Mozilla/5.0 (Windows NT 10.0; Win64; x64) AppleWebKit/537.36 (KHTML, like Gecko) Chrome/80.0.3987.106 Safari/537.36"
118.70.182.173 - - [03/Apr/2020:07:55:36 +0700] "GET /img/Programming.png HTTP/2.0" 200 3445 "https://revit.cic.com.vn/" "Mozilla/5.0 (Windows NT 10.0; Win64; x64) AppleWebKit/537.36 (KHTML, like Gecko) Chrome/80.0.3987.106 Safari/537.36"
118.70.182.173 - - [03/Apr/2020:07:55:36 +0700] "GET /img/phone-screen.png HTTP/2.0" 200 293227 "https://revit.cic.com.vn/" "Mozilla/5.0 (Windows NT 10.0; Win64; x64) AppleWebKit/537.36 (KHTML, like Gecko) Chrome/80.0.3987.106 Safari/537.36"
118.70.182.173 - - [03/Apr/2020:07:55:36 +0700] "GET /img/Download-Computer.png HTTP/2.0" 200 4066 "https://revit.cic.com.vn/" "Mozilla/5.0 (Windows NT 10.0; Win64; x64) AppleWebKit/537.36 (KHTML, like Gecko) Chrome/80.0.3987.106 Safari/537.36"
118.70.182.173 - - [03/Apr/2020:07:55:36 +0700] "GET /js/main.js HTTP/2.0" 200 2594 "https://revit.cic.com.vn/" "Mozilla/5.0 (Windows NT 10.0; Win64; x64) AppleWebKit/537.36 (KHTML, like Gecko) Chrome/80.0.3987.106 Safari/537.36"
118.70.182.173 - - [03/Apr/2020:07:55:36 +0700] "GET /img/client/logo1-hover.png HTTP/2.0" 200 7400 "https://revit.cic.com.vn/" "Mozilla/5.0 (Windows NT 10.0; Win64; x64) AppleWebKit/537.36 (KHTML, like Gecko) Chrome/80.0.3987.106 Safari/537.36"
118.70.182.173 - - [03/Apr/2020:07:55:36 +0700] "GET /img/client/logo2-hover.png HTTP/2.0" 200 4800 "https://revit.cic.com.vn/" "Mozilla/5.0 (Windows NT 10.0; Win64; x64) AppleWebKit/537.36 (KHTML, like Gecko) Chrome/80.0.3987.106 Safari/537.36"
118.70.182.173 - - [03/Apr/2020:07:55:36 +0700] "GET /img/phone-screen2.png HTTP/2.0" 200 161372 "https://revit.cic.com.vn/" "Mozilla/5.0 (Windows NT 10.0; Win64; x64) AppleWebKit/537.36 (KHTML, like Gecko) Chrome/80.0.3987.106 Safari/537.36"
118.70.182.173 - - [03/Apr/2020:07:55:36 +0700] "GET /img/client/logo3-hover.png HTTP/2.0" 200 2913 "https://revit.cic.com.vn/" "Mozilla/5.0 (Windows NT 10.0; Win64; x64) AppleWebKit/537.36 (KHTML, like Gecko) Chrome/80.0.3987.106 Safari/537.36"
118.70.182.173 - - [03/Apr/2020:07:55:36 +0700] "GET /img/client/logo4-hover.png HTTP/2.0" 200 4770 "https://revit.cic.com.vn/" "Mozilla/5.0 (Windows NT 10.0; Win64; x64) AppleWebKit/537.36 (KHTML, like Gecko) Chrome/80.0.3987.106 Safari/537.36"
118.70.182.173 - - [03/Apr/2020:07:55:36 +0700] "GET /img/client/logo5-hover.png HTTP/2.0" 200 4335 "https://revit.cic.com.vn/" "Mozilla/5.0 (Windows NT 10.0; Win64; x64) AppleWebKit/537.36 (KHTML, like Gecko) Chrome/80.0.3987.106 Safari/537.36"
118.70.182.173 - - [03/Apr/2020:07:55:36 +0700] "GET /img/client/logo6-hover.png HTTP/2.0" 200 6011 "https://revit.cic.com.vn/" "Mozilla/5.0 (Windows NT 10.0; Win64; x64) AppleWebKit/537.36 (KHTML, like Gecko) Chrome/80.0.3987.106 Safari/537.36"
118.70.182.173 - - [03/Apr/2020:07:55:36 +0700] "GET /img/client/logo7-hover.png HTTP/2.0" 200 3738 "https://revit.cic.com.vn/" "Mozilla/5.0 (Windows NT 10.0; Win64; x64) AppleWebKit/537.36 (KHTML, like Gecko) Chrome/80.0.3987.106 Safari/537.36"
118.70.182.173 - - [03/Apr/2020:07:55:36 +0700] "GET /img/client/logo8-hover.png HTTP/2.0" 200 6708 "https://revit.cic.com.vn/" "Mozilla/5.0 (Windows NT 10.0; Win64; x64) AppleWebKit/537.36 (KHTML, like Gecko) Chrome/80.0.3987.106 Safari/537.36"
118.70.182.173 - - [03/Apr/2020:07:55:36 +0700] "GET /img/client/logo9-hover.png HTTP/2.0" 200 4179 "https://revit.cic.com.vn/" "Mozilla/5.0 (Windows NT 10.0; Win64; x64) AppleWebKit/537.36 (KHTML, like Gecko) Chrome/80.0.3987.106 Safari/537.36"
118.70.182.173 - - [03/Apr/2020:07:55:36 +0700] "GET /img/client/logo10-hover.png HTTP/2.0" 200 6008 "https://revit.cic.com.vn/" "Mozilla/5.0 (Windows NT 10.0; Win64; x64) AppleWebKit/537.36 (KHTML, like Gecko) Chrome/80.0.3987.106 Safari/537.36"
118.70.182.173 - - [03/Apr/2020:07:55:36 +0700] "GET /fonts/ionicons28b5.ttf?v=2.0.0 HTTP/2.0" 200 188508 "https://revit.cic.com.vn/css/ionicons.min.css" "Mozilla/5.0 (Windows NT 10.0; Win64; x64) AppleWebKit/537.36 (KHTML, like Gecko) Chrome/80.0.3987.106 Safari/537.36"
118.70.182.173 - - [03/Apr/2020:07:55:36 +0700] "GET /img/phone-screen-how1.png HTTP/2.0" 200 207843 "https://revit.cic.com.vn/" "Mozilla/5.0 (Windows NT 10.0; Win64; x64) AppleWebKit/537.36 (KHTML, like Gecko) Chrome/80.0.3987.106 Safari/537.36"
118.70.182.173 - - [03/Apr/2020:07:55:36 +0700] "GET /img/bg_abstract_blue.png HTTP/2.0" 200 55700 "https://revit.cic.com.vn/css/style1.css" "Mozilla/5.0 (Windows NT 10.0; Win64; x64) AppleWebKit/537.36 (KHTML, like Gecko) Chrome/80.0.3987.106 Safari/537.36"
118.70.182.173 - - [03/Apr/2020:07:55:36 +0700] "GET /img/bg_header.png HTTP/2.0" 200 504565 "https://revit.cic.com.vn/css/main.css" "Mozilla/5.0 (Windows NT 10.0; Win64; x64) AppleWebKit/537.36 (KHTML, like Gecko) Chrome/80.0.3987.106 Safari/537.36"
118.70.182.173 - - [03/Apr/2020:07:55:36 +0700] "GET /img/phone-screen3.png HTTP/2.0" 200 585417 "https://revit.cic.com.vn/" "Mozilla/5.0 (Windows NT 10.0; Win64; x64) AppleWebKit/537.36 (KHTML, like Gecko) Chrome/80.0.3987.106 Safari/537.36"
118.70.182.173 - - [03/Apr/2020:07:55:38 +0700] "GET /img/favicon.ico HTTP/2.0" 200 1430 "https://revit.cic.com.vn/" "Mozilla/5.0 (Windows NT 10.0; Win64; x64) AppleWebKit/537.36 (KHTML, like Gecko) Chrome/80.0.3987.106 Safari/537.36"
118.70.182.173 - - [03/Apr/2020:07:55:45 +0700] "GET / HTTP/2.0" 304 0 "-" "Mozilla/5.0 (Windows NT 10.0; Win64; x64) AppleWebKit/537.36 (KHTML, like Gecko) Chrome/80.0.3987.106 Safari/537.36"
87.115.231.212 - - [04/Apr/2020:04:34:50 +0700] "GET / HTTP/1.0" 200 456 "https://revit.cic.com.vn/" "Mozilla/4.0 (compatible; MSIE 8.0; Windows NT 6.1; WOW64; Trident/4.0; SLCC2; .NET CLR 2.0.50727; .NET CLR 3.5.30729; .NET CLR 3.0.30729; Media Center PC 6.0; .NET4.0C; .NET4.0E; InfoPath.2)"
134.209.129.223 - - [04/Apr/2020:04:34:51 +0700] "GET / HTTP/1.0" 200 456 "https://revit.cic.com.vn/" "Mozilla/5.0 (Windows NT 10.0; Win64; x64) AppleWebKit/537.36 (KHTML, like Gecko) Chrome/80.0.3987.132 Safari/537.36"
87.115.231.212 - - [04/Apr/2020:04:36:02 +0700] "GET / HTTP/1.0" 200 6663 "http://revit.cic.com.vn/" "Mozilla/5.0 (Windows NT 10.0; Win64; x64; rv:74.0) Gecko/20100101 Firefox/74.0"
84.17.42.9 - - [04/Apr/2020:04:36:02 +0700] "GET / HTTP/1.0" 200 456 "http://revit.cic.com.vn/" "Mozilla/5.0 (Linux; Android 7.0; SAMSUNG SM-G950F Build/NRD90M) AppleWebKit/537.36 (KHTML, like Gecko) SamsungBrowser/5.2 Chrome/51.0.2704.106 Mobile Safari/537.36"
134.209.129.223 - - [04/Apr/2020:04:36:02 +0700] "GET / HTTP/1.0" 200 456 "http://revit.cic.com.vn/" "Mozilla/5.0 (iPhone; CPU iPhone OS 13_1 like Mac OS X) AppleWebKit/605.1.15 (KHTML, like Gecko) Version/13.0.1 Mobile/15E148 Safari/604.1"
38.145.76.250 - - [04/Apr/2020:07:04:58 +0700] "GET / HTTP/1.0" 200 456 "-" "Mozilla/5.0 (Linux; Android 7.0; SM-G925W8 Build/NRD90M) AppleWebKit/537.36 (KHTML, like Gecko) Chrome/61.0.3163.98 Mobile Safari/537.36"
87.115.231.212 - - [04/Apr/2020:04:34:50 +0700] "GET / HTTP/1.1" 200 32517 "https://revit.cic.com.vn/" "Mozilla/4.0 (compatible; MSIE 8.0; Windows NT 6.1; WOW64; Trident/4.0; SLCC2; .NET CLR 2.0.50727; .NET CLR 3.5.30729; .NET CLR 3.0.30729; Media Center PC 6.0; .NET4.0C; .NET4.0E; InfoPath.2)"
134.209.129.223 - - [04/Apr/2020:04:34:51 +0700] "GET / HTTP/1.1" 200 32517 "https://revit.cic.com.vn/" "Mozilla/5.0 (Windows NT 10.0; Win64; x64) AppleWebKit/537.36 (KHTML, like Gecko) Chrome/80.0.3987.132 Safari/537.36"
87.115.231.212 - - [04/Apr/2020:04:36:02 +0700] "GET / HTTP/1.1" 200 32517 "http://revit.cic.com.vn/" "Mozilla/5.0 (Windows NT 10.0; Win64; x64; rv:74.0) Gecko/20100101 Firefox/74.0"
84.17.42.9 - - [04/Apr/2020:04:36:02 +0700] "GET / HTTP/1.1" 200 32517 "http://revit.cic.com.vn/" "Mozilla/5.0 (Linux; Android 7.0; SAMSUNG SM-G950F Build/NRD90M) AppleWebKit/537.36 (KHTML, like Gecko) SamsungBrowser/5.2 Chrome/51.0.2704.106 Mobile Safari/537.36"
134.209.129.223 - - [04/Apr/2020:04:36:02 +0700] "GET / HTTP/1.1" 200 32517 "http://revit.cic.com.vn/" "Mozilla/5.0 (iPhone; CPU iPhone OS 13_1 like Mac OS X) AppleWebKit/605.1.15 (KHTML, like Gecko) Version/13.0.1 Mobile/15E148 Safari/604.1"
38.145.76.250 - - [04/Apr/2020:07:04:58 +0700] "GET / HTTP/1.1" 200 7688 "-" "Mozilla/5.0 (Linux; Android 7.0; SM-G925W8 Build/NRD90M) AppleWebKit/537.36 (KHTML, like Gecko) Chrome/61.0.3163.98 Mobile Safari/537.36"
3.91.91.100 - - [05/Apr/2020:08:29:56 +0700] "GET / HTTP/1.0" 200 6663 "-" "Mozilla/5.0 (Windows NT 10.0; Win64; x64) AppleWebKit/537.36 (KHTML, like Gecko; compatible; BuiltWith/1.0; +http://builtwith.com/biup) Chrome/74.0.3729.131 Safari/537.36"
3.91.91.100 - - [05/Apr/2020:08:29:56 +0700] "GET / HTTP/1.1" 200 7688 "-" "Mozilla/5.0 (Windows NT 10.0; Win64; x64) AppleWebKit/537.36 (KHTML, like Gecko; compatible; BuiltWith/1.0; +http://builtwith.com/biup) Chrome/74.0.3729.131 Safari/537.36"
84.17.46.201 - - [06/Apr/2020:04:34:44 +0700] "GET / HTTP/1.0" 200 6663 "https://revit.cic.com.vn/" "Mozilla/5.0 (Linux; Android 7.0; SAMSUNG SM-G950F Build/NRD90M) AppleWebKit/537.36 (KHTML, like Gecko) SamsungBrowser/5.2 Chrome/51.0.2704.106 Mobile Safari/537.36"
185.93.2.121 - - [06/Apr/2020:04:34:44 +0700] "GET / HTTP/1.0" 200 456 "https://revit.cic.com.vn/" "Mozilla/5.0 (Linux; Android 4.2.1; en-us; Nexus 5 Build/JOP40D) AppleWebKit/535.19 (KHTML, like Gecko; googleweblight) Chrome/38.0.1025.166 Mobile Safari/535.19"
84.13.186.188 - - [06/Apr/2020:04:34:44 +0700] "GET / HTTP/1.0" 200 456 "https://revit.cic.com.vn/" "Mozilla/5.0 (Windows NT 10.0; Win64; x64; rv:73.0) Gecko/20100101 Firefox/73.0"
198.23.242.150 - - [06/Apr/2020:04:34:44 +0700] "GET / HTTP/1.0" 200 456 "https://revit.cic.com.vn/" "Mozilla/5.0 (Windows NT 10.0; Win64; x64; rv:73.0) Gecko/20100101 Firefox/73.0"
192.253.249.130 - - [06/Apr/2020:04:34:44 +0700] "GET / HTTP/1.0" 200 456 "https://revit.cic.com.vn/" "Mozilla/5.0 (iPhone; CPU iPhone OS 13_3 like Mac OS X) AppleWebKit/605.1.15 (KHTML, like Gecko) Version/13.0.4 Mobile/15E148 Safari/604.1"
185.93.2.121 - - [06/Apr/2020:04:35:03 +0700] "GET / HTTP/1.0" 200 456 "http://revit.cic.com.vn/" "Mozilla/5.0 (Linux; Android 4.2.1; en-us; Nexus 5 Build/JOP40D) AppleWebKit/535.19 (KHTML, like Gecko; googleweblight) Chrome/38.0.1025.166 Mobile Safari/535.19"
84.13.186.188 - - [06/Apr/2020:04:35:03 +0700] "GET / HTTP/1.0" 200 456 "http://revit.cic.com.vn/" "Mozilla/5.0 (Windows NT 10.0; Win64; x64; rv:73.0) Gecko/20100101 Firefox/73.0"
192.253.249.130 - - [06/Apr/2020:04:35:04 +0700] "GET / HTTP/1.0" 200 6663 "http://revit.cic.com.vn/" "Mozilla/5.0 (iPhone; CPU iPhone OS 13_3 like Mac OS X) AppleWebKit/605.1.15 (KHTML, like Gecko) Version/13.0.4 Mobile/15E148 Safari/604.1"
198.23.242.150 - - [06/Apr/2020:04:35:04 +0700] "GET / HTTP/1.0" 200 456 "http://revit.cic.com.vn/" "Mozilla/5.0 (Windows NT 10.0; Win64; x64; rv:73.0) Gecko/20100101 Firefox/73.0"
84.17.46.201 - - [06/Apr/2020:04:35:06 +0700] "GET / HTTP/1.0" 200 456 "http://revit.cic.com.vn/" "Mozilla/5.0 (Linux; Android 7.0; SAMSUNG SM-G950F Build/NRD90M) AppleWebKit/537.36 (KHTML, like Gecko) SamsungBrowser/5.2 Chrome/51.0.2704.106 Mobile Safari/537.36"
87.115.231.133 - - [06/Apr/2020:04:37:18 +0700] "GET / HTTP/1.0" 200 456 "http://revit.cic.com.vn/" "Mozilla/5.0 (Linux; U; Android 8.1.0; zh-CN; EML-AL00 Build/HUAWEIEML-AL00) AppleWebKit/537.36 (KHTML, like Gecko) Version/4.0 Chrome/57.0.2987.108 baidu.sogo.uc.UCBrowser/11.9.4.974 UWS/2.13.1.48 Mobile Safari/537.36 AliApp(DingTalk/4.5.11) com.alibaba.android.rimet/10487439 Channel/227200 language/zh-CN"
103.9.76.199 - - [06/Apr/2020:04:37:19 +0700] "GET / HTTP/1.0" 200 456 "http://revit.cic.com.vn/" "Mozilla/5.0 (Windows NT 10.0; Win64; x64; rv:73.0) Gecko/20100101 Firefox/73.0"
107.150.31.86 - - [06/Apr/2020:04:37:19 +0700] "GET / HTTP/1.0" 200 456 "http://revit.cic.com.vn/" "Mozilla/5.0 (Windows NT 10.0; Win64; x64; rv:73.0) Gecko/20100101 Firefox/73.0"
84.17.46.201 - - [06/Apr/2020:04:34:44 +0700] "GET / HTTP/1.1" 200 32517 "https://revit.cic.com.vn/" "Mozilla/5.0 (Linux; Android 7.0; SAMSUNG SM-G950F Build/NRD90M) AppleWebKit/537.36 (KHTML, like Gecko) SamsungBrowser/5.2 Chrome/51.0.2704.106 Mobile Safari/537.36"
185.93.2.121 - - [06/Apr/2020:04:34:44 +0700] "GET / HTTP/1.1" 200 32517 "https://revit.cic.com.vn/" "Mozilla/5.0 (Linux; Android 4.2.1; en-us; Nexus 5 Build/JOP40D) AppleWebKit/535.19 (KHTML, like Gecko; googleweblight) Chrome/38.0.1025.166 Mobile Safari/535.19"
84.13.186.188 - - [06/Apr/2020:04:34:44 +0700] "GET / HTTP/1.1" 200 32517 "https://revit.cic.com.vn/" "Mozilla/5.0 (Windows NT 10.0; Win64; x64; rv:73.0) Gecko/20100101 Firefox/73.0"
198.23.242.150 - - [06/Apr/2020:04:34:44 +0700] "GET / HTTP/1.1" 200 32517 "https://revit.cic.com.vn/" "Mozilla/5.0 (Windows NT 10.0; Win64; x64; rv:73.0) Gecko/20100101 Firefox/73.0"
192.253.249.130 - - [06/Apr/2020:04:34:44 +0700] "GET / HTTP/1.1" 200 32517 "https://revit.cic.com.vn/" "Mozilla/5.0 (iPhone; CPU iPhone OS 13_3 like Mac OS X) AppleWebKit/605.1.15 (KHTML, like Gecko) Version/13.0.4 Mobile/15E148 Safari/604.1"
185.93.2.121 - - [06/Apr/2020:04:35:03 +0700] "GET / HTTP/1.1" 200 32517 "http://revit.cic.com.vn/" "Mozilla/5.0 (Linux; Android 4.2.1; en-us; Nexus 5 Build/JOP40D) AppleWebKit/535.19 (KHTML, like Gecko; googleweblight) Chrome/38.0.1025.166 Mobile Safari/535.19"
84.13.186.188 - - [06/Apr/2020:04:35:03 +0700] "GET / HTTP/1.1" 200 32517 "http://revit.cic.com.vn/" "Mozilla/5.0 (Windows NT 10.0; Win64; x64; rv:73.0) Gecko/20100101 Firefox/73.0"
192.253.249.130 - - [06/Apr/2020:04:35:04 +0700] "GET / HTTP/1.1" 200 32517 "http://revit.cic.com.vn/" "Mozilla/5.0 (iPhone; CPU iPhone OS 13_3 like Mac OS X) AppleWebKit/605.1.15 (KHTML, like Gecko) Version/13.0.4 Mobile/15E148 Safari/604.1"
198.23.242.150 - - [06/Apr/2020:04:35:04 +0700] "GET / HTTP/1.1" 200 32517 "http://revit.cic.com.vn/" "Mozilla/5.0 (Windows NT 10.0; Win64; x64; rv:73.0) Gecko/20100101 Firefox/73.0"
84.17.46.201 - - [06/Apr/2020:04:35:06 +0700] "GET / HTTP/1.1" 200 32517 "http://revit.cic.com.vn/" "Mozilla/5.0 (Linux; Android 7.0; SAMSUNG SM-G950F Build/NRD90M) AppleWebKit/537.36 (KHTML, like Gecko) SamsungBrowser/5.2 Chrome/51.0.2704.106 Mobile Safari/537.36"
87.115.231.133 - - [06/Apr/2020:04:37:18 +0700] "GET / HTTP/1.1" 200 32517 "http://revit.cic.com.vn/" "Mozilla/5.0 (Linux; U; Android 8.1.0; zh-CN; EML-AL00 Build/HUAWEIEML-AL00) AppleWebKit/537.36 (KHTML, like Gecko) Version/4.0 Chrome/57.0.2987.108 baidu.sogo.uc.UCBrowser/11.9.4.974 UWS/2.13.1.48 Mobile Safari/537.36 AliApp(DingTalk/4.5.11) com.alibaba.android.rimet/10487439 Channel/227200 language/zh-CN"
103.9.76.199 - - [06/Apr/2020:04:37:19 +0700] "GET / HTTP/1.1" 200 32517 "http://revit.cic.com.vn/" "Mozilla/5.0 (Windows NT 10.0; Win64; x64; rv:73.0) Gecko/20100101 Firefox/73.0"
107.150.31.86 - - [06/Apr/2020:04:37:19 +0700] "GET / HTTP/1.1" 200 32517 "http://revit.cic.com.vn/" "Mozilla/5.0 (Windows NT 10.0; Win64; x64; rv:73.0) Gecko/20100101 Firefox/73.0"
54.229.31.6 - - [09/Apr/2020:09:02:05 +0700] "GET /robots.txt HTTP/1.0" 404 567 "-" "PleskBot"
54.229.31.6 - - [09/Apr/2020:09:02:07 +0700] "GET / HTTP/1.0" 200 456 "-" "PleskBot"
178.154.200.83 - - [10/Apr/2020:01:20:24 +0700] "GET /robots.txt HTTP/1.0" 404 567 "-" "Mozilla/5.0 (compatible; YandexBot/3.0; +http://yandex.com/bots)"
178.154.200.83 - - [10/Apr/2020:01:20:28 +0700] "GET /robots.txt HTTP/1.0" 404 567 "-" "Mozilla/5.0 (compatible; YandexBot/3.0; +http://yandex.com/bots)"
213.180.203.55 - - [10/Apr/2020:01:20:32 +0700] "GET /img/phone-screen2.png HTTP/1.0" 200 6676 "-" "Mozilla/5.0 (compatible; YandexImages/3.0; +http://yandex.com/bots)"
54.229.31.6 - - [09/Apr/2020:09:02:07 +0700] "GET / HTTP/1.1" 200 32517 "-" "PleskBot"
213.180.203.55 - - [10/Apr/2020:01:20:32 +0700] "GET /img/phone-screen2.png HTTP/1.1" 200 161372 "-" "Mozilla/5.0 (compatible; YandexImages/3.0; +http://yandex.com/bots)"
87.115.231.133 - - [10/Apr/2020:04:36:47 +0700] "GET / HTTP/1.0" 200 456 "https://revit.cic.com.vn/" "Mozilla/5.0 (X11; Linux x86_64) AppleWebKit/537.36 (KHTML, like Gecko) HeadlessChrome/68.0.3440.106 Safari/537.36"
109.201.152.8 - - [10/Apr/2020:04:36:48 +0700] "GET / HTTP/1.0" 200 456 "https://revit.cic.com.vn/" "Mozilla/5.0 (iPhone; CPU iPhone OS 13_1 like Mac OS X) AppleWebKit/605.1.15 (KHTML, like Gecko) Version/13.0.1 Mobile/15E148 Safari/604.1"
84.17.42.20 - - [10/Apr/2020:04:36:48 +0700] "GET / HTTP/1.0" 200 456 "https://revit.cic.com.vn/" "Mozilla/5.0 (Windows NT 10.0; Win64; x64; rv:74.0) Gecko/20100101 Firefox/74.0"
51.68.201.113 - - [10/Apr/2020:04:36:48 +0700] "GET / HTTP/1.0" 200 456 "https://revit.cic.com.vn/" "Mozilla/5.0 (iPhone; CPU iPhone OS 13_3 like Mac OS X) AppleWebKit/605.1.15 (KHTML, like Gecko) CriOS/80.0.3987.95 Mobile/15E148 Safari/604.1"
192.253.249.130 - - [10/Apr/2020:04:36:49 +0700] "GET / HTTP/1.0" 200 456 "https://revit.cic.com.vn/" "Mozilla/5.0 (iPhone; CPU iPhone OS 13_3 like Mac OS X) AppleWebKit/605.1.15 (KHTML, like Gecko) Version/13.0.4 Mobile/15E148 Safari/604.1"
87.115.231.133 - - [10/Apr/2020:04:40:30 +0700] "GET / HTTP/1.0" 200 456 "http://revit.cic.com.vn/" "Mozilla/5.0 (X11; Linux x86_64; rv:68.0) Gecko/20100101 Firefox/68.0"
185.212.171.148 - - [10/Apr/2020:04:40:30 +0700] "GET / HTTP/1.0" 200 456 "http://revit.cic.com.vn/" "Mozilla/5.0 (Linux; U; Android 8.1.0; zh-CN; EML-AL00 Build/HUAWEIEML-AL00) AppleWebKit/537.36 (KHTML, like Gecko) Version/4.0 Chrome/57.0.2987.108 baidu.sogo.uc.UCBrowser/11.9.4.974 UWS/2.13.1.48 Mobile Safari/537.36 AliApp(DingTalk/4.5.11) com.alibaba.android.rimet/10487439 Channel/227200 language/zh-CN"
103.9.76.199 - - [10/Apr/2020:04:40:30 +0700] "GET / HTTP/1.0" 200 456 "http://revit.cic.com.vn/" "Mozilla/5.0 (iPhone; CPU iPhone OS 13_4 like Mac OS X) AppleWebKit/605.1.15 (KHTML, like Gecko) Version/13.1 Mobile/15E148 Safari/604.1"
196.251.250.201 - - [10/Apr/2020:04:40:31 +0700] "GET / HTTP/1.0" 200 456 "http://revit.cic.com.vn/" "Mozilla/5.0 (iPhone; CPU iPhone OS 13_4 like Mac OS X) AppleWebKit/605.1.15 (KHTML, like Gecko) Version/13.1 Mobile/15E148 Safari/604.1"
185.93.2.105 - - [10/Apr/2020:04:40:34 +0700] "GET / HTTP/1.0" 200 456 "http://revit.cic.com.vn/" "Mozilla/5.0 (Windows NT 10.0; Win64; x64; rv:74.0) Gecko/20100101 Firefox/74.0"
78.138.117.191 - - [10/Apr/2020:06:49:43 +0700] "GET /robots.txt HTTP/1.0" 404 567 "-" "Mozilla/5.0 (compatible; XoviOnpageCrawler; +http://www.xovi.de/)"
78.138.117.191 - - [10/Apr/2020:06:49:43 +0700] "GET / HTTP/1.0" 200 456 "-" "Mozilla/5.0 (compatible; XoviOnpageCrawler; +http://www.xovi.de/)"
78.138.117.191 - - [10/Apr/2020:06:49:44 +0700] "GET /img/favicon.ico HTTP/1.0" 200 478 "-" "Mozilla/5.0 (compatible; XoviOnpageCrawler; +http://www.xovi.de/)"
78.138.117.191 - - [10/Apr/2020:06:49:44 +0700] "GET /css/pageloader.css HTTP/1.0" 200 465 "-" "Mozilla/5.0 (compatible; XoviOnpageCrawler; +http://www.xovi.de/)"
78.138.117.191 - - [10/Apr/2020:06:49:44 +0700] "GET /js/vendor/assets/owl.carousel.css HTTP/1.0" 200 480 "-" "Mozilla/5.0 (compatible; XoviOnpageCrawler; +http://www.xovi.de/)"
78.138.117.191 - - [10/Apr/2020:06:49:44 +0700] "GET /js/vegas/vegas.min.css HTTP/1.0" 200 469 "-" "Mozilla/5.0 (compatible; XoviOnpageCrawler; +http://www.xovi.de/)"
78.138.117.191 - - [10/Apr/2020:06:49:45 +0700] "GET /css/foundation.min.css HTTP/1.0" 200 469 "-" "Mozilla/5.0 (compatible; XoviOnpageCrawler; +http://www.xovi.de/)"
78.138.117.191 - - [10/Apr/2020:06:49:45 +0700] "GET /css/animate.css HTTP/1.0" 200 462 "-" "Mozilla/5.0 (compatible; XoviOnpageCrawler; +http://www.xovi.de/)"
78.138.117.191 - - [10/Apr/2020:06:49:45 +0700] "GET /css/normalize.css HTTP/1.0" 200 464 "-" "Mozilla/5.0 (compatible; XoviOnpageCrawler; +http://www.xovi.de/)"
78.138.117.191 - - [10/Apr/2020:06:49:45 +0700] "GET /js/vendor/swiper/css/swiper.min.css HTTP/1.0" 200 482 "-" "Mozilla/5.0 (compatible; XoviOnpageCrawler; +http://www.xovi.de/)"
78.138.117.191 - - [10/Apr/2020:06:49:46 +0700] "GET /fonts/aller/stylesheet.css HTTP/1.0" 200 793 "-" "Mozilla/5.0 (compatible; XoviOnpageCrawler; +http://www.xovi.de/)"
78.138.117.191 - - [10/Apr/2020:06:49:46 +0700] "GET /fonts/opensans/stylesheet.css HTTP/1.0" 200 476 "-" "Mozilla/5.0 (compatible; XoviOnpageCrawler; +http://www.xovi.de/)"
78.138.117.191 - - [10/Apr/2020:06:49:46 +0700] "GET /fonts/montserrat/stylesheet.css HTTP/1.0" 200 478 "-" "Mozilla/5.0 (compatible; XoviOnpageCrawler; +http://www.xovi.de/)"
78.138.117.191 - - [10/Apr/2020:06:49:46 +0700] "GET /fonts/playfair/stylesheet.css HTTP/1.0" 200 476 "-" "Mozilla/5.0 (compatible; XoviOnpageCrawler; +http://www.xovi.de/)"
78.138.117.191 - - [10/Apr/2020:06:49:46 +0700] "GET /fonts/roboto/stylesheet.css HTTP/1.0" 200 474 "-" "Mozilla/5.0 (compatible; XoviOnpageCrawler; +http://www.xovi.de/)"
78.138.117.191 - - [10/Apr/2020:06:49:47 +0700] "GET /css/ionicons.min.css HTTP/1.0" 200 467 "-" "Mozilla/5.0 (compatible; XoviOnpageCrawler; +http://www.xovi.de/)"
78.138.117.191 - - [10/Apr/2020:06:49:47 +0700] "GET /css/main.css HTTP/1.0" 200 459 "-" "Mozilla/5.0 (compatible; XoviOnpageCrawler; +http://www.xovi.de/)"
78.138.117.191 - - [10/Apr/2020:06:49:47 +0700] "GET /css/style1.css HTTP/1.0" 200 461 "-" "Mozilla/5.0 (compatible; XoviOnpageCrawler; +http://www.xovi.de/)"
78.138.117.191 - - [10/Apr/2020:06:49:47 +0700] "GET /js/vendor/modernizr-2.7.1.min.js HTTP/1.0" 200 493 "-" "Mozilla/5.0 (compatible; XoviOnpageCrawler; +http://www.xovi.de/)"
78.138.117.191 - - [10/Apr/2020:06:49:47 +0700] "GET /js/vendor/jquery-1.11.2.min.js HTTP/1.0" 200 491 "-" "Mozilla/5.0 (compatible; XoviOnpageCrawler; +http://www.xovi.de/)"
78.138.117.191 - - [10/Apr/2020:06:49:48 +0700] "GET /js/vendor/wow.min.js HTTP/1.0" 200 481 "-" "Mozilla/5.0 (compatible; XoviOnpageCrawler; +http://www.xovi.de/)"
78.138.117.191 - - [10/Apr/2020:06:49:48 +0700] "GET /js/vendor/owl.carousel.min.js HTTP/1.0" 200 490 "-" "Mozilla/5.0 (compatible; XoviOnpageCrawler; +http://www.xovi.de/)"
78.138.117.191 - - [10/Apr/2020:06:49:48 +0700] "GET /js/vendor/swiper/js/swiper.js HTTP/1.0" 200 490 "-" "Mozilla/5.0 (compatible; XoviOnpageCrawler; +http://www.xovi.de/)"
78.138.117.191 - - [10/Apr/2020:06:49:48 +0700] "GET /js/vegas/vegas.min.js HTTP/1.0" 200 482 "-" "Mozilla/5.0 (compatible; XoviOnpageCrawler; +http://www.xovi.de/)"
78.138.117.191 - - [10/Apr/2020:06:49:49 +0700] "GET /js/jquery.maximage.js HTTP/1.0" 200 482 "-" "Mozilla/5.0 (compatible; XoviOnpageCrawler; +http://www.xovi.de/)"
78.138.117.191 - - [10/Apr/2020:06:49:49 +0700] "GET /js/main.js HTTP/1.0" 200 471 "-" "Mozilla/5.0 (compatible; XoviOnpageCrawler; +http://www.xovi.de/)"
78.138.117.191 - - [10/Apr/2020:06:49:49 +0700] "GET /js/form_script.js HTTP/1.0" 200 478 "-" "Mozilla/5.0 (compatible; XoviOnpageCrawler; +http://www.xovi.de/)"
87.115.231.133 - - [10/Apr/2020:04:36:47 +0700] "GET / HTTP/1.1" 200 32517 "https://revit.cic.com.vn/" "Mozilla/5.0 (X11; Linux x86_64) AppleWebKit/537.36 (KHTML, like Gecko) HeadlessChrome/68.0.3440.106 Safari/537.36"
109.201.152.8 - - [10/Apr/2020:04:36:48 +0700] "GET / HTTP/1.1" 200 32517 "https://revit.cic.com.vn/" "Mozilla/5.0 (iPhone; CPU iPhone OS 13_1 like Mac OS X) AppleWebKit/605.1.15 (KHTML, like Gecko) Version/13.0.1 Mobile/15E148 Safari/604.1"
84.17.42.20 - - [10/Apr/2020:04:36:48 +0700] "GET / HTTP/1.1" 200 32517 "https://revit.cic.com.vn/" "Mozilla/5.0 (Windows NT 10.0; Win64; x64; rv:74.0) Gecko/20100101 Firefox/74.0"
51.68.201.113 - - [10/Apr/2020:04:36:48 +0700] "GET / HTTP/1.1" 200 32517 "https://revit.cic.com.vn/" "Mozilla/5.0 (iPhone; CPU iPhone OS 13_3 like Mac OS X) AppleWebKit/605.1.15 (KHTML, like Gecko) CriOS/80.0.3987.95 Mobile/15E148 Safari/604.1"
192.253.249.130 - - [10/Apr/2020:04:36:49 +0700] "GET / HTTP/1.1" 200 32517 "https://revit.cic.com.vn/" "Mozilla/5.0 (iPhone; CPU iPhone OS 13_3 like Mac OS X) AppleWebKit/605.1.15 (KHTML, like Gecko) Version/13.0.4 Mobile/15E148 Safari/604.1"
87.115.231.133 - - [10/Apr/2020:04:40:30 +0700] "GET / HTTP/1.1" 200 32517 "http://revit.cic.com.vn/" "Mozilla/5.0 (X11; Linux x86_64; rv:68.0) Gecko/20100101 Firefox/68.0"
185.212.171.148 - - [10/Apr/2020:04:40:30 +0700] "GET / HTTP/1.1" 200 32517 "http://revit.cic.com.vn/" "Mozilla/5.0 (Linux; U; Android 8.1.0; zh-CN; EML-AL00 Build/HUAWEIEML-AL00) AppleWebKit/537.36 (KHTML, like Gecko) Version/4.0 Chrome/57.0.2987.108 baidu.sogo.uc.UCBrowser/11.9.4.974 UWS/2.13.1.48 Mobile Safari/537.36 AliApp(DingTalk/4.5.11) com.alibaba.android.rimet/10487439 Channel/227200 language/zh-CN"
103.9.76.199 - - [10/Apr/2020:04:40:30 +0700] "GET / HTTP/1.1" 200 32517 "http://revit.cic.com.vn/" "Mozilla/5.0 (iPhone; CPU iPhone OS 13_4 like Mac OS X) AppleWebKit/605.1.15 (KHTML, like Gecko) Version/13.1 Mobile/15E148 Safari/604.1"
196.251.250.201 - - [10/Apr/2020:04:40:31 +0700] "GET / HTTP/1.1" 200 32517 "http://revit.cic.com.vn/" "Mozilla/5.0 (iPhone; CPU iPhone OS 13_4 like Mac OS X) AppleWebKit/605.1.15 (KHTML, like Gecko) Version/13.1 Mobile/15E148 Safari/604.1"
185.93.2.105 - - [10/Apr/2020:04:40:34 +0700] "GET / HTTP/1.1" 200 32517 "http://revit.cic.com.vn/" "Mozilla/5.0 (Windows NT 10.0; Win64; x64; rv:74.0) Gecko/20100101 Firefox/74.0"
78.138.117.191 - - [10/Apr/2020:06:49:43 +0700] "GET / HTTP/1.1" 200 7688 "-" "Mozilla/5.0 (compatible; XoviOnpageCrawler; +http://www.xovi.de/)"
78.138.117.191 - - [10/Apr/2020:06:49:44 +0700] "GET /img/favicon.ico HTTP/1.1" 200 1430 "-" "Mozilla/5.0 (compatible; XoviOnpageCrawler; +http://www.xovi.de/)"
78.138.117.191 - - [10/Apr/2020:06:49:44 +0700] "GET /css/pageloader.css HTTP/1.1" 200 622 "-" "Mozilla/5.0 (compatible; XoviOnpageCrawler; +http://www.xovi.de/)"
78.138.117.191 - - [10/Apr/2020:06:49:44 +0700] "GET /js/vendor/assets/owl.carousel.css HTTP/1.1" 200 1115 "-" "Mozilla/5.0 (compatible; XoviOnpageCrawler; +http://www.xovi.de/)"
78.138.117.191 - - [10/Apr/2020:06:49:44 +0700] "GET /js/vegas/vegas.min.css HTTP/1.1" 200 1264 "-" "Mozilla/5.0 (compatible; XoviOnpageCrawler; +http://www.xovi.de/)"
78.138.117.191 - - [10/Apr/2020:06:49:45 +0700] "GET /css/foundation.min.css HTTP/1.1" 200 19001 "-" "Mozilla/5.0 (compatible; XoviOnpageCrawler; +http://www.xovi.de/)"
78.138.117.191 - - [10/Apr/2020:06:49:45 +0700] "GET /css/animate.css HTTP/1.1" 200 4948 "-" "Mozilla/5.0 (compatible; XoviOnpageCrawler; +http://www.xovi.de/)"
78.138.117.191 - - [10/Apr/2020:06:49:45 +0700] "GET /css/normalize.css HTTP/1.1" 200 2606 "-" "Mozilla/5.0 (compatible; XoviOnpageCrawler; +http://www.xovi.de/)"
78.138.117.191 - - [10/Apr/2020:06:49:45 +0700] "GET /js/vendor/swiper/css/swiper.min.css HTTP/1.1" 200 2404 "-" "Mozilla/5.0 (compatible; XoviOnpageCrawler; +http://www.xovi.de/)"
78.138.117.191 - - [10/Apr/2020:06:49:46 +0700] "GET /fonts/opensans/stylesheet.css HTTP/1.1" 200 361 "-" "Mozilla/5.0 (compatible; XoviOnpageCrawler; +http://www.xovi.de/)"
78.138.117.191 - - [10/Apr/2020:06:49:46 +0700] "GET /fonts/montserrat/stylesheet.css HTTP/1.1" 200 396 "-" "Mozilla/5.0 (compatible; XoviOnpageCrawler; +http://www.xovi.de/)"
78.138.117.191 - - [10/Apr/2020:06:49:46 +0700] "GET /fonts/playfair/stylesheet.css HTTP/1.1" 200 332 "-" "Mozilla/5.0 (compatible; XoviOnpageCrawler; +http://www.xovi.de/)"
78.138.117.191 - - [10/Apr/2020:06:49:46 +0700] "GET /fonts/roboto/stylesheet.css HTTP/1.1" 200 312 "-" "Mozilla/5.0 (compatible; XoviOnpageCrawler; +http://www.xovi.de/)"
78.138.117.191 - - [10/Apr/2020:06:49:47 +0700] "GET /css/ionicons.min.css HTTP/1.1" 200 8299 "-" "Mozilla/5.0 (compatible; XoviOnpageCrawler; +http://www.xovi.de/)"
78.138.117.191 - - [10/Apr/2020:06:49:47 +0700] "GET /css/main.css HTTP/1.1" 200 11915 "-" "Mozilla/5.0 (compatible; XoviOnpageCrawler; +http://www.xovi.de/)"
78.138.117.191 - - [10/Apr/2020:06:49:47 +0700] "GET /css/style1.css HTTP/1.1" 200 1100 "-" "Mozilla/5.0 (compatible; XoviOnpageCrawler; +http://www.xovi.de/)"
78.138.117.191 - - [10/Apr/2020:06:49:47 +0700] "GET /js/vendor/modernizr-2.7.1.min.js HTTP/1.1" 200 6312 "-" "Mozilla/5.0 (compatible; XoviOnpageCrawler; +http://www.xovi.de/)"
78.138.117.191 - - [10/Apr/2020:06:49:47 +0700] "GET /js/vendor/jquery-1.11.2.min.js HTTP/1.1" 200 33334 "-" "Mozilla/5.0 (compatible; XoviOnpageCrawler; +http://www.xovi.de/)"
78.138.117.191 - - [10/Apr/2020:06:49:48 +0700] "GET /js/vendor/wow.min.js HTTP/1.1" 200 2714 "-" "Mozilla/5.0 (compatible; XoviOnpageCrawler; +http://www.xovi.de/)"
78.138.117.191 - - [10/Apr/2020:06:49:48 +0700] "GET /js/vendor/owl.carousel.min.js HTTP/1.1" 200 10535 "-" "Mozilla/5.0 (compatible; XoviOnpageCrawler; +http://www.xovi.de/)"
78.138.117.191 - - [10/Apr/2020:06:49:48 +0700] "GET /js/vendor/swiper/js/swiper.js HTTP/1.1" 200 25424 "-" "Mozilla/5.0 (compatible; XoviOnpageCrawler; +http://www.xovi.de/)"
78.138.117.191 - - [10/Apr/2020:06:49:48 +0700] "GET /js/vegas/vegas.min.js HTTP/1.1" 200 2824 "-" "Mozilla/5.0 (compatible; XoviOnpageCrawler; +http://www.xovi.de/)"
78.138.117.191 - - [10/Apr/2020:06:49:49 +0700] "GET /js/jquery.maximage.js HTTP/1.1" 200 6284 "-" "Mozilla/5.0 (compatible; XoviOnpageCrawler; +http://www.xovi.de/)"
78.138.117.191 - - [10/Apr/2020:06:49:49 +0700] "GET /js/main.js HTTP/1.1" 200 2606 "-" "Mozilla/5.0 (compatible; XoviOnpageCrawler; +http://www.xovi.de/)"
78.138.117.191 - - [10/Apr/2020:06:49:49 +0700] "GET /js/form_script.js HTTP/1.1" 200 1257 "-" "Mozilla/5.0 (compatible; XoviOnpageCrawler; +http://www.xovi.de/)"
178.154.200.83 - - [15/Apr/2020:13:59:54 +0700] "GET /robots.txt HTTP/1.0" 404 567 "-" "Mozilla/5.0 (compatible; YandexBot/3.0; +http://yandex.com/bots)"
213.180.203.55 - - [15/Apr/2020:13:59:55 +0700] "GET /robots.txt HTTP/1.0" 404 567 "-" "Mozilla/5.0 (compatible; YandexBot/3.0; +http://yandex.com/bots)"
213.180.203.55 - - [15/Apr/2020:13:59:58 +0700] "GET / HTTP/1.0" 200 386 "-" "Mozilla/5.0 (compatible; YandexBot/3.0; +http://yandex.com/bots)"
213.180.203.55 - - [15/Apr/2020:13:59:58 +0700] "GET / HTTP/1.1" 200 7688 "-" "Mozilla/5.0 (compatible; YandexBot/3.0; +http://yandex.com/bots)"
213.180.203.55 - - [17/Apr/2020:12:40:50 +0700] "GET /robots.txt HTTP/1.0" 404 567 "-" "Mozilla/5.0 (compatible; YandexBot/3.0; +http://yandex.com/bots)"
213.180.203.1 - - [17/Apr/2020:12:40:54 +0700] "GET / HTTP/1.0" 200 386 "-" "Mozilla/5.0 (compatible; YandexBot/3.0; +http://yandex.com/bots)"
213.180.203.1 - - [17/Apr/2020:12:40:54 +0700] "GET / HTTP/1.1" 200 7688 "-" "Mozilla/5.0 (compatible; YandexBot/3.0; +http://yandex.com/bots)"
65.154.226.109 - - [19/Apr/2020:03:52:28 +0700] "GET / HTTP/1.0" 200 6593 "http://www.bing.com/search?q=amazon" "Mozilla/4.0 (compatible; MSIE 8.0; Windows NT 6.1; WOW64; Trident/4.0; SLCC2; .NET CLR 2.0.50727; .NET CLR 3.5.30729; .NET CLR 3.0.30729; Media Center PC 6.0; .NET4.0C; .NET4.0E; InfoPath.2)"
65.154.226.109 - - [19/Apr/2020:03:52:28 +0700] "GET / HTTP/2.0" 200 7675 "http://www.bing.com/search?q=amazon" "Mozilla/4.0 (compatible; MSIE 8.0; Windows NT 6.1; WOW64; Trident/4.0; SLCC2; .NET CLR 2.0.50727; .NET CLR 3.5.30729; .NET CLR 3.0.30729; Media Center PC 6.0; .NET4.0C; .NET4.0E; InfoPath.2)"
65.154.226.109 - - [19/Apr/2020:03:52:29 +0700] "GET /js/vendor/assets/owl.carousel.css HTTP/1.0" 200 408 "https://revit.cic.com.vn/" "Mozilla/4.0 (compatible; MSIE 8.0; Windows NT 6.1; WOW64; Trident/4.0; SLCC2; .NET CLR 2.0.50727; .NET CLR 3.5.30729; .NET CLR 3.0.30729; Media Center PC 6.0; .NET4.0C; .NET4.0E; InfoPath.2)"
65.154.226.109 - - [19/Apr/2020:03:52:29 +0700] "GET /css/pageloader.css HTTP/1.0" 200 393 "https://revit.cic.com.vn/" "Mozilla/4.0 (compatible; MSIE 8.0; Windows NT 6.1; WOW64; Trident/4.0; SLCC2; .NET CLR 2.0.50727; .NET CLR 3.5.30729; .NET CLR 3.0.30729; Media Center PC 6.0; .NET4.0C; .NET4.0E; InfoPath.2)"
65.154.226.109 - - [19/Apr/2020:03:52:29 +0700] "GET /js/vegas/vegas.min.css HTTP/1.0" 200 397 "https://revit.cic.com.vn/" "Mozilla/4.0 (compatible; MSIE 8.0; Windows NT 6.1; WOW64; Trident/4.0; SLCC2; .NET CLR 2.0.50727; .NET CLR 3.5.30729; .NET CLR 3.0.30729; Media Center PC 6.0; .NET4.0C; .NET4.0E; InfoPath.2)"
