185.239.40.66 - - [20/Jul/2022:01:45:43 +0700] "GET /wp-login.php HTTP/1.0" 404 337 "-" "Mozilla/5.0 (Windows NT 10.0; Win64; x64; rv:96.0) Gecko/20100101 Firefox/96"
87.250.224.135 - - [19/Jul/2022:03:49:24 +0700] "GET / HTTP/1.1" 200 7688 "-" "Mozilla/5.0 (compatible; YandexBot/3.0; +http://yandex.com/bots)"
34.172.129.172 - - [21/Jul/2022:01:01:30 +0700] "GET / HTTP/1.0" 200 290 "-" "Mozlila/5.0 (Linux; Android 7.0; SM-G892A Bulid/NRD90M; wv) AppleWebKit/537.36 (KHTML, like Gecko) Version/4.0 Chrome/60.0.3112.107 Moblie Safari/537.36"
34.172.129.172 - - [21/Jul/2022:01:01:30 +0700] "GET / HTTP/1.1" 200 7688 "-" "Mozlila/5.0 (Linux; Android 7.0; SM-G892A Bulid/NRD90M; wv) AppleWebKit/537.36 (KHTML, like Gecko) Version/4.0 Chrome/60.0.3112.107 Moblie Safari/537.36"
5.255.253.154 - - [22/Jul/2022:00:52:18 +0700] "GET /robots.txt HTTP/1.0" 404 372 "-" "Mozilla/5.0 (compatible; YandexBot/3.0; +http://yandex.com/bots)"
95.108.213.24 - - [22/Jul/2022:00:52:22 +0700] "GET / HTTP/1.0" 200 290 "-" "Mozilla/5.0 (compatible; YandexBot/3.0; +http://yandex.com/bots)"
95.108.213.24 - - [22/Jul/2022:00:52:22 +0700] "GET / HTTP/1.1" 200 7688 "-" "Mozilla/5.0 (compatible; YandexBot/3.0; +http://yandex.com/bots)"
20.14.74.138 - - [22/Jul/2022:15:24:09 +0700] "GET /assets/plugins/jquery-file-upload/server/php/ HTTP/1.0" 404 407 "-" "Mozilla/5.0 (X11; Linux x86_64) AppleWebKit/537.36 (KHTML, like Gecko) Chrome/78.0.3904.62 Safari/537.36"
20.14.74.138 - - [22/Jul/2022:15:24:09 +0700] "GET /assets/plugins/jQuery-File-Upload/server/php/ HTTP/1.0" 404 407 "-" "Mozilla/5.0 (X11; Linux x86_64) AppleWebKit/537.36 (KHTML, like Gecko) Chrome/78.0.3904.62 Safari/537.36"
20.14.74.138 - - [22/Jul/2022:15:24:10 +0700] "GET /assets/global/plugins/jquery-file-upload/server/php/ HTTP/1.0" 404 414 "-" "Mozilla/5.0 (X11; Linux x86_64) AppleWebKit/537.36 (KHTML, like Gecko) Chrome/78.0.3904.62 Safari/537.36"
20.14.74.138 - - [22/Jul/2022:15:24:10 +0700] "GET /assets/global/plugins/jQuery-File-Upload/server/php/ HTTP/1.0" 404 414 "-" "Mozilla/5.0 (X11; Linux x86_64) AppleWebKit/537.36 (KHTML, like Gecko) Chrome/78.0.3904.62 Safari/537.36"
20.14.74.138 - - [22/Jul/2022:15:24:11 +0700] "GET /admin/assets/plugins/jquery-file-upload/server/php/ HTTP/1.0" 404 413 "-" "Mozilla/5.0 (X11; Linux x86_64) AppleWebKit/537.36 (KHTML, like Gecko) Chrome/78.0.3904.62 Safari/537.36"
20.14.74.138 - - [22/Jul/2022:15:24:11 +0700] "GET /admin/assets/plugins/jQuery-File-Upload/server/php/ HTTP/1.0" 404 413 "-" "Mozilla/5.0 (X11; Linux x86_64) AppleWebKit/537.36 (KHTML, like Gecko) Chrome/78.0.3904.62 Safari/537.36"
20.14.74.138 - - [22/Jul/2022:15:24:12 +0700] "GET /assets/plugins/jquery-fileupload/server/php/ HTTP/1.0" 404 406 "-" "Mozilla/5.0 (X11; Linux x86_64) AppleWebKit/537.36 (KHTML, like Gecko) Chrome/78.0.3904.62 Safari/537.36"
20.14.74.138 - - [22/Jul/2022:15:24:12 +0700] "GET /plugins/jquery-file-upload/server/php/ HTTP/1.0" 404 400 "-" "Mozilla/5.0 (X11; Linux x86_64) AppleWebKit/537.36 (KHTML, like Gecko) Chrome/78.0.3904.62 Safari/537.36"
20.14.74.138 - - [22/Jul/2022:15:24:12 +0700] "GET /assets/jquery-file-upload/server/php/ HTTP/1.0" 404 399 "-" "Mozilla/5.0 (X11; Linux x86_64) AppleWebKit/537.36 (KHTML, like Gecko) Chrome/78.0.3904.62 Safari/537.36"
20.14.74.138 - - [22/Jul/2022:15:24:13 +0700] "GET /wp-login.php HTTP/1.0" 404 337 "-" "Mozilla/5.0 (X11; Linux x86_64) AppleWebKit/537.36 (KHTML, like Gecko) Chrome/78.0.3904.62 Safari/537.36"
5.255.253.154 - - [24/Jul/2022:05:11:54 +0700] "GET /robots.txt HTTP/1.0" 404 372 "-" "Mozilla/5.0 (compatible; YandexBot/3.0; +http://yandex.com/bots)"
5.255.253.154 - - [24/Jul/2022:05:11:58 +0700] "GET / HTTP/1.0" 200 290 "-" "Mozilla/5.0 (compatible; YandexBot/3.0; +http://yandex.com/bots)"
5.255.253.154 - - [24/Jul/2022:05:11:58 +0700] "GET / HTTP/1.1" 200 7688 "-" "Mozilla/5.0 (compatible; YandexBot/3.0; +http://yandex.com/bots)"
87.250.224.93 - - [27/Jul/2022:20:53:16 +0700] "GET /robots.txt HTTP/1.0" 404 372 "-" "Mozilla/5.0 (compatible; YandexBot/3.0; +http://yandex.com/bots)"
87.250.224.175 - - [28/Jul/2022:04:11:35 +0700] "GET /robots.txt HTTP/1.0" 404 372 "-" "Mozilla/5.0 (compatible; YandexBot/3.0; +http://yandex.com/bots)"
5.255.253.104 - - [28/Jul/2022:04:11:39 +0700] "GET / HTTP/1.0" 200 290 "-" "Mozilla/5.0 (compatible; YandexBot/3.0; +http://yandex.com/bots)"
172.111.197.212 - - [28/Jul/2022:10:35:50 +0700] "GET / HTTP/1.0" 200 290 "http://revit.cic.com.vn/" "Mozilla/5.0 (Windows NT 10.0; Win64; x64) AppleWebKit/537.36 (KHTML, like Gecko) Chrome/103.0.0.0 Safari/537.36"
92.17.136.89 - - [28/Jul/2022:10:35:50 +0700] "GET / HTTP/1.0" 200 290 "http://revit.cic.com.vn/" "Mozilla/5.0 (iPhone; CPU iPhone OS 15_1 like Mac OS X) AppleWebKit/605.1.15 (KHTML, like Gecko) CriOS/103.0.5060.63 Mobile/15E148 Safari/604.1"
192.200.158.221 - - [28/Jul/2022:10:35:51 +0700] "GET / HTTP/1.0" 200 290 "http://revit.cic.com.vn/" "Mozilla/5.0 (Linux; Android 7.0; Moto G (4)) AppleWebKit/537.36 (KHTML, like Gecko) Chrome/94.0.4590.2 Mobile Safari/537.36 Chrome-Lighthouse"
172.111.197.212 - - [28/Jul/2022:10:36:54 +0700] "GET /img/client/logo7-hover.png HTTP/1.0" 200 308 "http://revit.cic.com.vn/img/client/logo7-hover.png" "Mozilla/5.0 (Windows NT 10.0; Win64; x64) AppleWebKit/537.36 (KHTML, like Gecko) Chrome/103.0.0.0 Safari/537.36"
172.111.197.212 - - [28/Jul/2022:10:36:54 +0700] "GET /img/client/logo10-hover.png HTTP/1.0" 200 309 "http://revit.cic.com.vn/img/client/logo10-hover.png" "Mozilla/5.0 (Windows NT 10.0; Win64; x64) AppleWebKit/537.36 (KHTML, like Gecko) Chrome/103.0.0.0 Safari/537.36"
172.111.197.212 - - [28/Jul/2022:10:36:54 +0700] "GET /img/client/logo4-hover.png HTTP/1.0" 200 308 "http://revit.cic.com.vn/img/client/logo4-hover.png" "Mozilla/5.0 (Windows NT 10.0; Win64; x64) AppleWebKit/537.36 (KHTML, like Gecko) Chrome/103.0.0.0 Safari/537.36"
172.111.197.212 - - [28/Jul/2022:10:36:54 +0700] "GET /img/client/logo2-hover.png HTTP/1.0" 200 308 "http://revit.cic.com.vn/img/client/logo2-hover.png" "Mozilla/5.0 (Windows NT 10.0; Win64; x64) AppleWebKit/537.36 (KHTML, like Gecko) Chrome/103.0.0.0 Safari/537.36"
172.111.197.212 - - [28/Jul/2022:10:36:54 +0700] "GET /img/client/logo6-hover.png HTTP/1.0" 200 308 "http://revit.cic.com.vn/img/client/logo6-hover.png" "Mozilla/5.0 (Windows NT 10.0; Win64; x64) AppleWebKit/537.36 (KHTML, like Gecko) Chrome/103.0.0.0 Safari/537.36"
172.111.197.212 - - [28/Jul/2022:10:36:54 +0700] "GET /img/logo_cic.png HTTP/1.0" 200 298 "http://revit.cic.com.vn/img/logo_cic.png" "Mozilla/5.0 (Windows NT 10.0; Win64; x64) AppleWebKit/537.36 (KHTML, like Gecko) Chrome/103.0.0.0 Safari/537.36"
172.111.197.212 - - [28/Jul/2022:10:36:54 +0700] "GET /img/client/logo8-hover.png HTTP/1.0" 200 308 "http://revit.cic.com.vn/img/client/logo8-hover.png" "Mozilla/5.0 (Windows NT 10.0; Win64; x64) AppleWebKit/537.36 (KHTML, like Gecko) Chrome/103.0.0.0 Safari/537.36"
172.111.197.212 - - [28/Jul/2022:10:36:54 +0700] "GET /img/client/logo3-hover.png HTTP/1.0" 200 308 "http://revit.cic.com.vn/img/client/logo3-hover.png" "Mozilla/5.0 (Windows NT 10.0; Win64; x64) AppleWebKit/537.36 (KHTML, like Gecko) Chrome/103.0.0.0 Safari/537.36"
172.111.197.212 - - [28/Jul/2022:10:36:54 +0700] "GET /img/client/logo9-hover.png HTTP/1.0" 200 308 "http://revit.cic.com.vn/img/client/logo9-hover.png" "Mozilla/5.0 (Windows NT 10.0; Win64; x64) AppleWebKit/537.36 (KHTML, like Gecko) Chrome/103.0.0.0 Safari/537.36"
172.111.197.212 - - [28/Jul/2022:10:36:54 +0700] "GET /img/client/logo5-hover.png HTTP/1.0" 200 308 "http://revit.cic.com.vn/img/client/logo5-hover.png" "Mozilla/5.0 (Windows NT 10.0; Win64; x64) AppleWebKit/537.36 (KHTML, like Gecko) Chrome/103.0.0.0 Safari/537.36"
172.111.197.212 - - [28/Jul/2022:10:36:54 +0700] "GET /img/client/logo1-hover.png HTTP/1.0" 200 308 "http://revit.cic.com.vn/img/client/logo1-hover.png" "Mozilla/5.0 (Windows NT 10.0; Win64; x64) AppleWebKit/537.36 (KHTML, like Gecko) Chrome/103.0.0.0 Safari/537.36"
92.17.136.89 - - [28/Jul/2022:10:37:03 +0700] "GET /img/client/logo7-hover.png HTTP/1.0" 200 308 "http://revit.cic.com.vn/img/client/logo7-hover.png" "Mozilla/5.0 (iPhone; CPU iPhone OS 15_1 like Mac OS X) AppleWebKit/605.1.15 (KHTML, like Gecko) CriOS/103.0.5060.63 Mobile/15E148 Safari/604.1"
92.17.136.89 - - [28/Jul/2022:10:37:03 +0700] "GET /img/client/logo4-hover.png HTTP/1.0" 200 308 "http://revit.cic.com.vn/img/client/logo4-hover.png" "Mozilla/5.0 (iPhone; CPU iPhone OS 15_1 like Mac OS X) AppleWebKit/605.1.15 (KHTML, like Gecko) CriOS/103.0.5060.63 Mobile/15E148 Safari/604.1"
92.17.136.89 - - [28/Jul/2022:10:37:03 +0700] "GET /img/client/logo8-hover.png HTTP/1.0" 200 308 "http://revit.cic.com.vn/img/client/logo8-hover.png" "Mozilla/5.0 (iPhone; CPU iPhone OS 15_1 like Mac OS X) AppleWebKit/605.1.15 (KHTML, like Gecko) CriOS/103.0.5060.63 Mobile/15E148 Safari/604.1"
92.17.136.89 - - [28/Jul/2022:10:37:03 +0700] "GET /img/client/logo3-hover.png HTTP/1.0" 200 308 "http://revit.cic.com.vn/img/client/logo3-hover.png" "Mozilla/5.0 (iPhone; CPU iPhone OS 15_1 like Mac OS X) AppleWebKit/605.1.15 (KHTML, like Gecko) CriOS/103.0.5060.63 Mobile/15E148 Safari/604.1"
92.17.136.89 - - [28/Jul/2022:10:37:03 +0700] "GET /img/logo_cic.png HTTP/1.0" 200 298 "http://revit.cic.com.vn/img/logo_cic.png" "Mozilla/5.0 (iPhone; CPU iPhone OS 15_1 like Mac OS X) AppleWebKit/605.1.15 (KHTML, like Gecko) CriOS/103.0.5060.63 Mobile/15E148 Safari/604.1"
92.17.136.89 - - [28/Jul/2022:10:37:03 +0700] "GET /img/client/logo5-hover.png HTTP/1.0" 200 308 "http://revit.cic.com.vn/img/client/logo5-hover.png" "Mozilla/5.0 (iPhone; CPU iPhone OS 15_1 like Mac OS X) AppleWebKit/605.1.15 (KHTML, like Gecko) CriOS/103.0.5060.63 Mobile/15E148 Safari/604.1"
92.17.136.89 - - [28/Jul/2022:10:37:03 +0700] "GET /img/client/logo1-hover.png HTTP/1.0" 200 308 "http://revit.cic.com.vn/img/client/logo1-hover.png" "Mozilla/5.0 (iPhone; CPU iPhone OS 15_1 like Mac OS X) AppleWebKit/605.1.15 (KHTML, like Gecko) CriOS/103.0.5060.63 Mobile/15E148 Safari/604.1"
92.17.136.89 - - [28/Jul/2022:10:37:03 +0700] "GET /img/client/logo9-hover.png HTTP/1.0" 200 308 "http://revit.cic.com.vn/img/client/logo9-hover.png" "Mozilla/5.0 (iPhone; CPU iPhone OS 15_1 like Mac OS X) AppleWebKit/605.1.15 (KHTML, like Gecko) CriOS/103.0.5060.63 Mobile/15E148 Safari/604.1"
92.17.136.89 - - [28/Jul/2022:10:37:03 +0700] "GET /img/client/logo2-hover.png HTTP/1.0" 200 308 "http://revit.cic.com.vn/img/client/logo2-hover.png" "Mozilla/5.0 (iPhone; CPU iPhone OS 15_1 like Mac OS X) AppleWebKit/605.1.15 (KHTML, like Gecko) CriOS/103.0.5060.63 Mobile/15E148 Safari/604.1"
92.17.136.89 - - [28/Jul/2022:10:37:03 +0700] "GET /img/client/logo6-hover.png HTTP/1.0" 200 308 "http://revit.cic.com.vn/img/client/logo6-hover.png" "Mozilla/5.0 (iPhone; CPU iPhone OS 15_1 like Mac OS X) AppleWebKit/605.1.15 (KHTML, like Gecko) CriOS/103.0.5060.63 Mobile/15E148 Safari/604.1"
92.17.136.89 - - [28/Jul/2022:10:37:03 +0700] "GET /img/client/logo10-hover.png HTTP/1.0" 200 309 "http://revit.cic.com.vn/img/client/logo10-hover.png" "Mozilla/5.0 (iPhone; CPU iPhone OS 15_1 like Mac OS X) AppleWebKit/605.1.15 (KHTML, like Gecko) CriOS/103.0.5060.63 Mobile/15E148 Safari/604.1"
20.199.106.211 - - [28/Jul/2022:10:38:35 +0700] "GET /z0f76a1d14fd21a8fb5fd0d03e0fdc3d3cedae52f?wsidchk=6019947 HTTP/1.0" 404 403 "http://revit.cic.com.vn/" "Mozilla/5.0 (Linux; Android 7.0; Moto G (4)) AppleWebKit/537.36 (KHTML, like Gecko) Chrome/94.0.4590.2 Mobile Safari/537.36 Chrome-Lighthouse"
5.62.41.132 - - [28/Jul/2022:10:38:35 +0700] "GET /z0f76a1d14fd21a8fb5fd0d03e0fdc3d3cedae52f?wsidchk=6019947 HTTP/1.0" 404 403 "http://revit.cic.com.vn/" "Mozilla/5.0 (iPhone; CPU iPhone OS 15_1 like Mac OS X) AppleWebKit/605.1.15 (KHTML, like Gecko) CriOS/103.0.5060.63 Mobile/15E148 Safari/604.1"
191.96.168.84 - - [28/Jul/2022:10:38:36 +0700] "GET /z0f76a1d14fd21a8fb5fd0d03e0fdc3d3cedae52f?wsidchk=6019947 HTTP/1.0" 404 403 "http://revit.cic.com.vn/" "Mozilla/5.0 (Windows NT 10.0; Win64; x64) AppleWebKit/537.36 (KHTML, like Gecko) Chrome/103.0.0.0 Safari/537.36"
103.9.79.233 - - [28/Jul/2022:10:38:36 +0700] "GET /z0f76a1d14fd21a8fb5fd0d03e0fdc3d3cedae52f?wsidchk=6019947 HTTP/1.0" 404 403 "http://revit.cic.com.vn/" "Mozilla/5.0 (iPhone; CPU iPhone OS 15_4_1 like Mac OS X) AppleWebKit/605.1.15 (KHTML, like Gecko) Version/15.4 Mobile/15E148 Safari/604.1"
5.62.41.132 - - [28/Jul/2022:10:38:37 +0700] "GET /oFpbygzDNOVtf HTTP/1.0" 404 375 "http://revit.cic.com.vn/" "Mozilla/5.0 (X11; Ubuntu; Linux x86_64; rv:103.0) Gecko/20100101 Firefox/103.0"
5.62.41.132 - - [28/Jul/2022:10:38:37 +0700] "OPTIONS /z0f76a1d14fd21a8fb5fd0d03e0fdc3d3cedae52f?wsidchk=6019947 HTTP/1.0" 200 235 "http://revit.cic.com.vn/" "Mozilla/5.0 (Windows NT 10.0; Win64; x64) AppleWebKit/537.36 (KHTML, like Gecko) Chrome/103.0.0.0 Safari/537.36"
191.96.168.84 - - [28/Jul/2022:10:38:37 +0700] "GET /z0f76a1d14fd21a8fb5fd0d03e0fdc3d3cedae52f?wsidchk=6019947 HTTP/1.0" 404 403 "http://revit.cic.com.vn/" "Mozilla/5.0 (iPhone; CPU iPhone OS 15_3_1 like Mac OS X) AppleWebKit/605.1.15 (KHTML, like Gecko) Version/15.3 Mobile/15E148 Safari/604.1"
115.79.213.185 - - [28/Jul/2022:10:45:47 +0700] "GET / HTTP/1.0" 200 290 "-" "Mozilla/5.0 (Windows NT 10.0; Win64; x64) AppleWebKit/537.36 (KHTML, like Gecko) Chrome/58.0.3029.110 Safari/537.36"
5.255.253.104 - - [28/Jul/2022:04:11:39 +0700] "GET / HTTP/1.1" 200 7688 "-" "Mozilla/5.0 (compatible; YandexBot/3.0; +http://yandex.com/bots)"
3.73.55.21 - - [28/Jul/2022:10:31:59 +0700] "GET /.well-known/acme-challenge/ciVho6EHTmnolLD7QCVjFrhxF0YwROJRFAq92Z-7n9Q HTTP/1.1" 200 87 "-" "Mozilla/5.0 (compatible; Let's Encrypt validation server; +https://www.letsencrypt.org)"
35.85.42.201 - - [28/Jul/2022:10:31:59 +0700] "GET /.well-known/acme-challenge/ciVho6EHTmnolLD7QCVjFrhxF0YwROJRFAq92Z-7n9Q HTTP/1.1" 200 87 "-" "Mozilla/5.0 (compatible; Let's Encrypt validation server; +https://www.letsencrypt.org)"
3.22.75.27 - - [28/Jul/2022:10:31:59 +0700] "GET /.well-known/acme-challenge/ciVho6EHTmnolLD7QCVjFrhxF0YwROJRFAq92Z-7n9Q HTTP/1.1" 200 87 "-" "Mozilla/5.0 (compatible; Let's Encrypt validation server; +https://www.letsencrypt.org)"
23.178.112.103 - - [28/Jul/2022:10:32:01 +0700] "GET /.well-known/acme-challenge/ciVho6EHTmnolLD7QCVjFrhxF0YwROJRFAq92Z-7n9Q HTTP/1.1" 200 87 "-" "Mozilla/5.0 (compatible; Let's Encrypt validation server; +https://www.letsencrypt.org)"
172.111.197.212 - - [28/Jul/2022:10:35:50 +0700] "GET / HTTP/1.1" 200 32517 "http://revit.cic.com.vn/" "Mozilla/5.0 (Windows NT 10.0; Win64; x64) AppleWebKit/537.36 (KHTML, like Gecko) Chrome/103.0.0.0 Safari/537.36"
92.17.136.89 - - [28/Jul/2022:10:35:50 +0700] "GET / HTTP/1.1" 200 32517 "http://revit.cic.com.vn/" "Mozilla/5.0 (iPhone; CPU iPhone OS 15_1 like Mac OS X) AppleWebKit/605.1.15 (KHTML, like Gecko) CriOS/103.0.5060.63 Mobile/15E148 Safari/604.1"
192.200.158.221 - - [28/Jul/2022:10:35:51 +0700] "GET / HTTP/1.1" 200 32517 "http://revit.cic.com.vn/" "Mozilla/5.0 (Linux; Android 7.0; Moto G (4)) AppleWebKit/537.36 (KHTML, like Gecko) Chrome/94.0.4590.2 Mobile Safari/537.36 Chrome-Lighthouse"
172.111.197.212 - - [28/Jul/2022:10:36:54 +0700] "GET /img/client/logo7-hover.png HTTP/1.1" 200 3738 "http://revit.cic.com.vn/img/client/logo7-hover.png" "Mozilla/5.0 (Windows NT 10.0; Win64; x64) AppleWebKit/537.36 (KHTML, like Gecko) Chrome/103.0.0.0 Safari/537.36"
172.111.197.212 - - [28/Jul/2022:10:36:54 +0700] "GET /img/client/logo10-hover.png HTTP/1.1" 200 6008 "http://revit.cic.com.vn/img/client/logo10-hover.png" "Mozilla/5.0 (Windows NT 10.0; Win64; x64) AppleWebKit/537.36 (KHTML, like Gecko) Chrome/103.0.0.0 Safari/537.36"
172.111.197.212 - - [28/Jul/2022:10:36:54 +0700] "GET /img/client/logo4-hover.png HTTP/1.1" 200 4770 "http://revit.cic.com.vn/img/client/logo4-hover.png" "Mozilla/5.0 (Windows NT 10.0; Win64; x64) AppleWebKit/537.36 (KHTML, like Gecko) Chrome/103.0.0.0 Safari/537.36"
172.111.197.212 - - [28/Jul/2022:10:36:54 +0700] "GET /img/client/logo2-hover.png HTTP/1.1" 200 4800 "http://revit.cic.com.vn/img/client/logo2-hover.png" "Mozilla/5.0 (Windows NT 10.0; Win64; x64) AppleWebKit/537.36 (KHTML, like Gecko) Chrome/103.0.0.0 Safari/537.36"
172.111.197.212 - - [28/Jul/2022:10:36:54 +0700] "GET /img/logo_cic.png HTTP/1.1" 200 2711 "http://revit.cic.com.vn/img/logo_cic.png" "Mozilla/5.0 (Windows NT 10.0; Win64; x64) AppleWebKit/537.36 (KHTML, like Gecko) Chrome/103.0.0.0 Safari/537.36"
172.111.197.212 - - [28/Jul/2022:10:36:54 +0700] "GET /img/client/logo6-hover.png HTTP/1.1" 200 6011 "http://revit.cic.com.vn/img/client/logo6-hover.png" "Mozilla/5.0 (Windows NT 10.0; Win64; x64) AppleWebKit/537.36 (KHTML, like Gecko) Chrome/103.0.0.0 Safari/537.36"
172.111.197.212 - - [28/Jul/2022:10:36:54 +0700] "GET /img/client/logo8-hover.png HTTP/1.1" 200 6708 "http://revit.cic.com.vn/img/client/logo8-hover.png" "Mozilla/5.0 (Windows NT 10.0; Win64; x64) AppleWebKit/537.36 (KHTML, like Gecko) Chrome/103.0.0.0 Safari/537.36"
172.111.197.212 - - [28/Jul/2022:10:36:54 +0700] "GET /img/client/logo3-hover.png HTTP/1.1" 200 2913 "http://revit.cic.com.vn/img/client/logo3-hover.png" "Mozilla/5.0 (Windows NT 10.0; Win64; x64) AppleWebKit/537.36 (KHTML, like Gecko) Chrome/103.0.0.0 Safari/537.36"
172.111.197.212 - - [28/Jul/2022:10:36:54 +0700] "GET /img/client/logo9-hover.png HTTP/1.1" 200 4179 "http://revit.cic.com.vn/img/client/logo9-hover.png" "Mozilla/5.0 (Windows NT 10.0; Win64; x64) AppleWebKit/537.36 (KHTML, like Gecko) Chrome/103.0.0.0 Safari/537.36"
172.111.197.212 - - [28/Jul/2022:10:36:54 +0700] "GET /img/client/logo5-hover.png HTTP/1.1" 200 4335 "http://revit.cic.com.vn/img/client/logo5-hover.png" "Mozilla/5.0 (Windows NT 10.0; Win64; x64) AppleWebKit/537.36 (KHTML, like Gecko) Chrome/103.0.0.0 Safari/537.36"
172.111.197.212 - - [28/Jul/2022:10:36:54 +0700] "GET /img/client/logo1-hover.png HTTP/1.1" 200 7400 "http://revit.cic.com.vn/img/client/logo1-hover.png" "Mozilla/5.0 (Windows NT 10.0; Win64; x64) AppleWebKit/537.36 (KHTML, like Gecko) Chrome/103.0.0.0 Safari/537.36"
92.17.136.89 - - [28/Jul/2022:10:37:03 +0700] "GET /img/client/logo5-hover.png HTTP/1.1" 200 4335 "http://revit.cic.com.vn/img/client/logo5-hover.png" "Mozilla/5.0 (iPhone; CPU iPhone OS 15_1 like Mac OS X) AppleWebKit/605.1.15 (KHTML, like Gecko) CriOS/103.0.5060.63 Mobile/15E148 Safari/604.1"
92.17.136.89 - - [28/Jul/2022:10:37:03 +0700] "GET /img/client/logo7-hover.png HTTP/1.1" 200 3738 "http://revit.cic.com.vn/img/client/logo7-hover.png" "Mozilla/5.0 (iPhone; CPU iPhone OS 15_1 like Mac OS X) AppleWebKit/605.1.15 (KHTML, like Gecko) CriOS/103.0.5060.63 Mobile/15E148 Safari/604.1"
92.17.136.89 - - [28/Jul/2022:10:37:03 +0700] "GET /img/client/logo4-hover.png HTTP/1.1" 200 4770 "http://revit.cic.com.vn/img/client/logo4-hover.png" "Mozilla/5.0 (iPhone; CPU iPhone OS 15_1 like Mac OS X) AppleWebKit/605.1.15 (KHTML, like Gecko) CriOS/103.0.5060.63 Mobile/15E148 Safari/604.1"
92.17.136.89 - - [28/Jul/2022:10:37:03 +0700] "GET /img/client/logo8-hover.png HTTP/1.1" 200 6708 "http://revit.cic.com.vn/img/client/logo8-hover.png" "Mozilla/5.0 (iPhone; CPU iPhone OS 15_1 like Mac OS X) AppleWebKit/605.1.15 (KHTML, like Gecko) CriOS/103.0.5060.63 Mobile/15E148 Safari/604.1"
92.17.136.89 - - [28/Jul/2022:10:37:03 +0700] "GET /img/logo_cic.png HTTP/1.1" 200 2711 "http://revit.cic.com.vn/img/logo_cic.png" "Mozilla/5.0 (iPhone; CPU iPhone OS 15_1 like Mac OS X) AppleWebKit/605.1.15 (KHTML, like Gecko) CriOS/103.0.5060.63 Mobile/15E148 Safari/604.1"
92.17.136.89 - - [28/Jul/2022:10:37:03 +0700] "GET /img/client/logo3-hover.png HTTP/1.1" 200 2913 "http://revit.cic.com.vn/img/client/logo3-hover.png" "Mozilla/5.0 (iPhone; CPU iPhone OS 15_1 like Mac OS X) AppleWebKit/605.1.15 (KHTML, like Gecko) CriOS/103.0.5060.63 Mobile/15E148 Safari/604.1"
92.17.136.89 - - [28/Jul/2022:10:37:03 +0700] "GET /img/client/logo1-hover.png HTTP/1.1" 200 7400 "http://revit.cic.com.vn/img/client/logo1-hover.png" "Mozilla/5.0 (iPhone; CPU iPhone OS 15_1 like Mac OS X) AppleWebKit/605.1.15 (KHTML, like Gecko) CriOS/103.0.5060.63 Mobile/15E148 Safari/604.1"
92.17.136.89 - - [28/Jul/2022:10:37:03 +0700] "GET /img/client/logo9-hover.png HTTP/1.1" 200 4179 "http://revit.cic.com.vn/img/client/logo9-hover.png" "Mozilla/5.0 (iPhone; CPU iPhone OS 15_1 like Mac OS X) AppleWebKit/605.1.15 (KHTML, like Gecko) CriOS/103.0.5060.63 Mobile/15E148 Safari/604.1"
92.17.136.89 - - [28/Jul/2022:10:37:03 +0700] "GET /img/client/logo6-hover.png HTTP/1.1" 200 6011 "http://revit.cic.com.vn/img/client/logo6-hover.png" "Mozilla/5.0 (iPhone; CPU iPhone OS 15_1 like Mac OS X) AppleWebKit/605.1.15 (KHTML, like Gecko) CriOS/103.0.5060.63 Mobile/15E148 Safari/604.1"
92.17.136.89 - - [28/Jul/2022:10:37:03 +0700] "GET /img/client/logo2-hover.png HTTP/1.1" 200 4800 "http://revit.cic.com.vn/img/client/logo2-hover.png" "Mozilla/5.0 (iPhone; CPU iPhone OS 15_1 like Mac OS X) AppleWebKit/605.1.15 (KHTML, like Gecko) CriOS/103.0.5060.63 Mobile/15E148 Safari/604.1"
92.17.136.89 - - [28/Jul/2022:10:37:03 +0700] "GET /img/client/logo10-hover.png HTTP/1.1" 200 6008 "http://revit.cic.com.vn/img/client/logo10-hover.png" "Mozilla/5.0 (iPhone; CPU iPhone OS 15_1 like Mac OS X) AppleWebKit/605.1.15 (KHTML, like Gecko) CriOS/103.0.5060.63 Mobile/15E148 Safari/604.1"
115.79.213.185 - - [28/Jul/2022:10:45:47 +0700] "GET / HTTP/1.1" 200 32517 "-" "Mozilla/5.0 (Windows NT 10.0; Win64; x64) AppleWebKit/537.36 (KHTML, like Gecko) Chrome/58.0.3029.110 Safari/537.36"
