37.145.38.249 - - [30/Jul/2020:19:42:36 +0700] "GET /js/vendor/jquery-1.11.2.min.js HTTP/1.1" 200 33334 "https://revit.cic.com.vn/" "Mozilla/5.0 (Windows NT 6.3; WOW64) AppleWebKit/537.36 (KHTML, like Gecko) Chrome/79.0.3945.136 YaBrowser/20.2.4.143 Yowser/2.5 Yptp/1.58 Safari/537.36"
37.145.38.249 - - [30/Jul/2020:19:42:36 +0700] "GET /js/vendor/wow.min.js HTTP/1.1" 200 2714 "https://revit.cic.com.vn/" "Mozilla/5.0 (Windows NT 6.3; WOW64) AppleWebKit/537.36 (KHTML, like Gecko) Chrome/79.0.3945.136 YaBrowser/20.2.4.143 Yowser/2.5 Yptp/1.58 Safari/537.36"
37.145.38.249 - - [30/Jul/2020:19:42:36 +0700] "GET /img/phone-screen-how1.png HTTP/1.1" 200 207843 "https://revit.cic.com.vn/" "Mozilla/5.0 (Windows NT 6.3; WOW64) AppleWebKit/537.36 (KHTML, like Gecko) Chrome/79.0.3945.136 YaBrowser/20.2.4.143 Yowser/2.5 Yptp/1.58 Safari/537.36"
37.145.38.249 - - [30/Jul/2020:19:42:36 +0700] "GET /js/vendor/owl.carousel.min.js HTTP/1.1" 200 10535 "https://revit.cic.com.vn/" "Mozilla/5.0 (Windows NT 6.3; WOW64) AppleWebKit/537.36 (KHTML, like Gecko) Chrome/79.0.3945.136 YaBrowser/20.2.4.143 Yowser/2.5 Yptp/1.58 Safari/537.36"
37.145.38.249 - - [30/Jul/2020:19:42:36 +0700] "GET /js/vendor/swiper/js/swiper.js HTTP/1.1" 200 25424 "https://revit.cic.com.vn/" "Mozilla/5.0 (Windows NT 6.3; WOW64) AppleWebKit/537.36 (KHTML, like Gecko) Chrome/79.0.3945.136 YaBrowser/20.2.4.143 Yowser/2.5 Yptp/1.58 Safari/537.36"
37.145.38.249 - - [30/Jul/2020:19:42:36 +0700] "GET /js/vegas/vegas.min.js HTTP/1.1" 200 2824 "https://revit.cic.com.vn/" "Mozilla/5.0 (Windows NT 6.3; WOW64) AppleWebKit/537.36 (KHTML, like Gecko) Chrome/79.0.3945.136 YaBrowser/20.2.4.143 Yowser/2.5 Yptp/1.58 Safari/537.36"
37.145.38.249 - - [30/Jul/2020:19:42:36 +0700] "GET /js/jquery.maximage.js HTTP/1.1" 200 6284 "https://revit.cic.com.vn/" "Mozilla/5.0 (Windows NT 6.3; WOW64) AppleWebKit/537.36 (KHTML, like Gecko) Chrome/79.0.3945.136 YaBrowser/20.2.4.143 Yowser/2.5 Yptp/1.58 Safari/537.36"
37.145.38.249 - - [30/Jul/2020:19:42:37 +0700] "GET /img/phone-screen3.png HTTP/1.1" 200 585417 "https://revit.cic.com.vn/" "Mozilla/5.0 (Windows NT 6.3; WOW64) AppleWebKit/537.36 (KHTML, like Gecko) Chrome/79.0.3945.136 YaBrowser/20.2.4.143 Yowser/2.5 Yptp/1.58 Safari/537.36"
37.145.38.249 - - [30/Jul/2020:19:42:37 +0700] "GET /js/main.js HTTP/1.1" 200 2606 "https://revit.cic.com.vn/" "Mozilla/5.0 (Windows NT 6.3; WOW64) AppleWebKit/537.36 (KHTML, like Gecko) Chrome/79.0.3945.136 YaBrowser/20.2.4.143 Yowser/2.5 Yptp/1.58 Safari/537.36"
37.145.38.249 - - [30/Jul/2020:19:42:37 +0700] "GET /js/form_script.js HTTP/1.1" 200 1257 "https://revit.cic.com.vn/" "Mozilla/5.0 (Windows NT 6.3; WOW64) AppleWebKit/537.36 (KHTML, like Gecko) Chrome/79.0.3945.136 YaBrowser/20.2.4.143 Yowser/2.5 Yptp/1.58 Safari/537.36"
37.145.38.249 - - [30/Jul/2020:19:42:38 +0700] "GET /img/bg_abstract_blue.png HTTP/1.1" 200 55700 "https://revit.cic.com.vn/" "Mozilla/5.0 (Windows NT 6.3; WOW64) AppleWebKit/537.36 (KHTML, like Gecko) Chrome/79.0.3945.136 YaBrowser/20.2.4.143 Yowser/2.5 Yptp/1.58 Safari/537.36"
37.145.38.249 - - [30/Jul/2020:19:42:38 +0700] "GET /img/phone-screen.png HTTP/1.1" 200 293227 "https://revit.cic.com.vn/" "Mozilla/5.0 (Windows NT 6.3; WOW64) AppleWebKit/537.36 (KHTML, like Gecko) Chrome/79.0.3945.136 YaBrowser/20.2.4.143 Yowser/2.5 Yptp/1.58 Safari/537.36"
37.145.38.249 - - [30/Jul/2020:19:42:38 +0700] "GET /img/bg_header.png HTTP/1.1" 200 504565 "https://revit.cic.com.vn/" "Mozilla/5.0 (Windows NT 6.3; WOW64) AppleWebKit/537.36 (KHTML, like Gecko) Chrome/79.0.3945.136 YaBrowser/20.2.4.143 Yowser/2.5 Yptp/1.58 Safari/537.36"
213.180.203.55 - - [30/Jul/2020:22:19:57 +0700] "GET / HTTP/1.1" 200 7688 "-" "Mozilla/5.0 (compatible; YandexBot/3.0; +http://yandex.com/bots)"
179.43.169.182 - - [31/Jul/2020:09:32:06 +0700] "GET / HTTP/1.0" 200 386 "-" "Mozilla/5.0 (X11; Linux i686; rv:10.0) Gecko/20100101 Firefox/10.0"
179.43.169.182 - - [31/Jul/2020:09:32:06 +0700] "GET / HTTP/1.0" 200 386 "-" "Mozilla/5.0 (X11; Linux i686; rv:10.0) Gecko/20100101 Firefox/10.0"
65.154.226.109 - - [31/Jul/2020:10:35:46 +0700] "GET / HTTP/1.0" 200 386 "http://www.bing.com/search?q=amazon" "Mozilla/5.0 (Windows NT 10.0; Win64; x64) AppleWebKit/537.36 (KHTML, like Gecko) Chrome/76.0.3809.71 Safari/537.36"
65.154.226.109 - - [31/Jul/2020:10:35:46 +0700] "GET /css/pageloader.css HTTP/1.0" 200 393 "https://revit.cic.com.vn/" "Mozilla/5.0 (Windows NT 10.0; Win64; x64) AppleWebKit/537.36 (KHTML, like Gecko) Chrome/76.0.3809.71 Safari/537.36"
65.154.226.109 - - [31/Jul/2020:10:35:46 +0700] "GET /js/vegas/vegas.min.css HTTP/1.0" 200 397 "https://revit.cic.com.vn/" "Mozilla/5.0 (Windows NT 10.0; Win64; x64) AppleWebKit/537.36 (KHTML, like Gecko) Chrome/76.0.3809.71 Safari/537.36"
65.154.226.109 - - [31/Jul/2020:10:35:46 +0700] "GET /css/foundation.min.css HTTP/1.0" 200 397 "https://revit.cic.com.vn/" "Mozilla/5.0 (Windows NT 10.0; Win64; x64) AppleWebKit/537.36 (KHTML, like Gecko) Chrome/76.0.3809.71 Safari/537.36"
65.154.226.109 - - [31/Jul/2020:10:35:46 +0700] "GET /css/animate.css HTTP/1.0" 200 390 "https://revit.cic.com.vn/" "Mozilla/5.0 (Windows NT 10.0; Win64; x64) AppleWebKit/537.36 (KHTML, like Gecko) Chrome/76.0.3809.71 Safari/537.36"
65.154.226.109 - - [31/Jul/2020:10:35:46 +0700] "GET /js/vendor/assets/owl.carousel.css HTTP/1.0" 200 408 "https://revit.cic.com.vn/" "Mozilla/5.0 (Windows NT 10.0; Win64; x64) AppleWebKit/537.36 (KHTML, like Gecko) Chrome/76.0.3809.71 Safari/537.36"
65.154.226.109 - - [31/Jul/2020:10:35:46 +0700] "GET /css/normalize.css HTTP/1.0" 200 392 "https://revit.cic.com.vn/" "Mozilla/5.0 (Windows NT 10.0; Win64; x64) AppleWebKit/537.36 (KHTML, like Gecko) Chrome/76.0.3809.71 Safari/537.36"
65.154.226.109 - - [31/Jul/2020:10:35:46 +0700] "GET /js/vendor/swiper/css/swiper.min.css HTTP/1.0" 200 410 "https://revit.cic.com.vn/" "Mozilla/5.0 (Windows NT 10.0; Win64; x64) AppleWebKit/537.36 (KHTML, like Gecko) Chrome/76.0.3809.71 Safari/537.36"
65.154.226.109 - - [31/Jul/2020:10:35:46 +0700] "GET /fonts/opensans/stylesheet.css HTTP/1.0" 200 404 "https://revit.cic.com.vn/" "Mozilla/5.0 (Windows NT 10.0; Win64; x64) AppleWebKit/537.36 (KHTML, like Gecko) Chrome/76.0.3809.71 Safari/537.36"
65.154.226.109 - - [31/Jul/2020:10:35:46 +0700] "GET /fonts/aller/stylesheet.css HTTP/1.0" 200 753 "https://revit.cic.com.vn/" "Mozilla/5.0 (Windows NT 10.0; Win64; x64) AppleWebKit/537.36 (KHTML, like Gecko) Chrome/76.0.3809.71 Safari/537.36"
65.154.226.109 - - [31/Jul/2020:10:35:46 +0700] "GET /fonts/roboto/stylesheet.css HTTP/1.0" 200 402 "https://revit.cic.com.vn/" "Mozilla/5.0 (Windows NT 10.0; Win64; x64) AppleWebKit/537.36 (KHTML, like Gecko) Chrome/76.0.3809.71 Safari/537.36"
65.154.226.109 - - [31/Jul/2020:10:35:46 +0700] "GET /css/style1.css HTTP/1.0" 200 389 "https://revit.cic.com.vn/" "Mozilla/5.0 (Windows NT 10.0; Win64; x64) AppleWebKit/537.36 (KHTML, like Gecko) Chrome/76.0.3809.71 Safari/537.36"
65.154.226.109 - - [31/Jul/2020:10:35:46 +0700] "GET /css/main.css HTTP/1.0" 200 387 "https://revit.cic.com.vn/" "Mozilla/5.0 (Windows NT 10.0; Win64; x64) AppleWebKit/537.36 (KHTML, like Gecko) Chrome/76.0.3809.71 Safari/537.36"
65.154.226.109 - - [31/Jul/2020:10:35:46 +0700] "GET /fonts/montserrat/stylesheet.css HTTP/1.0" 200 406 "https://revit.cic.com.vn/" "Mozilla/5.0 (Windows NT 10.0; Win64; x64) AppleWebKit/537.36 (KHTML, like Gecko) Chrome/76.0.3809.71 Safari/537.36"
65.154.226.109 - - [31/Jul/2020:10:35:46 +0700] "GET /fonts/playfair/stylesheet.css HTTP/1.0" 200 404 "https://revit.cic.com.vn/" "Mozilla/5.0 (Windows NT 10.0; Win64; x64) AppleWebKit/537.36 (KHTML, like Gecko) Chrome/76.0.3809.71 Safari/537.36"
65.154.226.109 - - [31/Jul/2020:10:35:46 +0700] "GET /css/ionicons.min.css HTTP/1.0" 200 395 "https://revit.cic.com.vn/" "Mozilla/5.0 (Windows NT 10.0; Win64; x64) AppleWebKit/537.36 (KHTML, like Gecko) Chrome/76.0.3809.71 Safari/537.36"
65.154.226.109 - - [31/Jul/2020:10:35:46 +0700] "GET /js/vendor/modernizr-2.7.1.min.js HTTP/1.0" 200 421 "https://revit.cic.com.vn/" "Mozilla/5.0 (Windows NT 10.0; Win64; x64) AppleWebKit/537.36 (KHTML, like Gecko) Chrome/76.0.3809.71 Safari/537.36"
65.154.226.109 - - [31/Jul/2020:10:35:46 +0700] "GET /img/Locked-Cloud.png HTTP/1.0" 200 396 "https://revit.cic.com.vn/" "Mozilla/5.0 (Windows NT 10.0; Win64; x64) AppleWebKit/537.36 (KHTML, like Gecko) Chrome/76.0.3809.71 Safari/537.36"
65.154.226.109 - - [31/Jul/2020:10:35:46 +0700] "GET /img/logo_cic.png HTTP/1.0" 200 392 "https://revit.cic.com.vn/" "Mozilla/5.0 (Windows NT 10.0; Win64; x64) AppleWebKit/537.36 (KHTML, like Gecko) Chrome/76.0.3809.71 Safari/537.36"
65.154.226.109 - - [31/Jul/2020:10:35:47 +0700] "GET /js/vendor/jquery-1.11.2.min.js HTTP/1.0" 200 419 "https://revit.cic.com.vn/" "Mozilla/5.0 (Windows NT 10.0; Win64; x64) AppleWebKit/537.36 (KHTML, like Gecko) Chrome/76.0.3809.71 Safari/537.36"
65.154.226.109 - - [31/Jul/2020:10:35:47 +0700] "GET /js/vendor/wow.min.js HTTP/1.0" 200 409 "https://revit.cic.com.vn/" "Mozilla/5.0 (Windows NT 10.0; Win64; x64) AppleWebKit/537.36 (KHTML, like Gecko) Chrome/76.0.3809.71 Safari/537.36"
65.154.226.109 - - [31/Jul/2020:10:35:47 +0700] "GET /js/vendor/owl.carousel.min.js HTTP/1.0" 200 418 "https://revit.cic.com.vn/" "Mozilla/5.0 (Windows NT 10.0; Win64; x64) AppleWebKit/537.36 (KHTML, like Gecko) Chrome/76.0.3809.71 Safari/537.36"
65.154.226.109 - - [31/Jul/2020:10:35:47 +0700] "GET /js/vendor/swiper/js/swiper.js HTTP/1.0" 200 418 "https://revit.cic.com.vn/" "Mozilla/5.0 (Windows NT 10.0; Win64; x64) AppleWebKit/537.36 (KHTML, like Gecko) Chrome/76.0.3809.71 Safari/537.36"
65.154.226.109 - - [31/Jul/2020:10:35:47 +0700] "GET /js/vegas/vegas.min.js HTTP/1.0" 200 410 "https://revit.cic.com.vn/" "Mozilla/5.0 (Windows NT 10.0; Win64; x64) AppleWebKit/537.36 (KHTML, like Gecko) Chrome/76.0.3809.71 Safari/537.36"
65.154.226.109 - - [31/Jul/2020:10:35:47 +0700] "GET /js/jquery.maximage.js HTTP/1.0" 200 410 "https://revit.cic.com.vn/" "Mozilla/5.0 (Windows NT 10.0; Win64; x64) AppleWebKit/537.36 (KHTML, like Gecko) Chrome/76.0.3809.71 Safari/537.36"
65.154.226.109 - - [31/Jul/2020:10:35:47 +0700] "GET /js/main.js HTTP/1.0" 200 399 "https://revit.cic.com.vn/" "Mozilla/5.0 (Windows NT 10.0; Win64; x64) AppleWebKit/537.36 (KHTML, like Gecko) Chrome/76.0.3809.71 Safari/537.36"
65.154.226.109 - - [31/Jul/2020:10:35:47 +0700] "GET /js/form_script.js HTTP/1.0" 200 406 "https://revit.cic.com.vn/" "Mozilla/5.0 (Windows NT 10.0; Win64; x64) AppleWebKit/537.36 (KHTML, like Gecko) Chrome/76.0.3809.71 Safari/537.36"
65.154.226.109 - - [31/Jul/2020:10:35:47 +0700] "GET /fonts/ionicons28b5.ttf?v=2.0.0 HTTP/1.0" 200 410 "https://revit.cic.com.vn/css/ionicons.min.css" "Mozilla/5.0 (Windows NT 10.0; Win64; x64) AppleWebKit/537.36 (KHTML, like Gecko) Chrome/76.0.3809.71 Safari/537.36"
65.154.226.109 - - [31/Jul/2020:10:35:47 +0700] "GET /img/bg_header.png HTTP/1.0" 200 393 "https://revit.cic.com.vn/css/main.css" "Mozilla/5.0 (Windows NT 10.0; Win64; x64) AppleWebKit/537.36 (KHTML, like Gecko) Chrome/76.0.3809.71 Safari/537.36"
65.154.226.109 - - [31/Jul/2020:10:35:48 +0700] "GET /img/Download-Computer.png HTTP/1.0" 200 401 "https://revit.cic.com.vn/" "Mozilla/5.0 (Windows NT 10.0; Win64; x64) AppleWebKit/537.36 (KHTML, like Gecko) Chrome/76.0.3809.71 Safari/537.36"
65.154.226.109 - - [31/Jul/2020:10:35:48 +0700] "GET /img/Programming.png HTTP/1.0" 200 395 "https://revit.cic.com.vn/" "Mozilla/5.0 (Windows NT 10.0; Win64; x64) AppleWebKit/537.36 (KHTML, like Gecko) Chrome/76.0.3809.71 Safari/537.36"
65.154.226.109 - - [31/Jul/2020:10:35:48 +0700] "GET /img/phone-screen2.png HTTP/1.0" 200 397 "https://revit.cic.com.vn/" "Mozilla/5.0 (Windows NT 10.0; Win64; x64) AppleWebKit/537.36 (KHTML, like Gecko) Chrome/76.0.3809.71 Safari/537.36"
65.154.226.109 - - [31/Jul/2020:10:35:48 +0700] "GET /img/phone-screen3.png HTTP/1.0" 200 397 "https://revit.cic.com.vn/" "Mozilla/5.0 (Windows NT 10.0; Win64; x64) AppleWebKit/537.36 (KHTML, like Gecko) Chrome/76.0.3809.71 Safari/537.36"
65.154.226.109 - - [31/Jul/2020:10:35:48 +0700] "GET /img/phone-screen.png HTTP/1.0" 200 396 "https://revit.cic.com.vn/" "Mozilla/5.0 (Windows NT 10.0; Win64; x64) AppleWebKit/537.36 (KHTML, like Gecko) Chrome/76.0.3809.71 Safari/537.36"
65.154.226.109 - - [31/Jul/2020:10:35:49 +0700] "GET /img/bg-cover.jpg HTTP/1.0" 404 573 "https://revit.cic.com.vn/" "Mozilla/5.0 (Windows NT 10.0; Win64; x64) AppleWebKit/537.36 (KHTML, like Gecko) Chrome/76.0.3809.71 Safari/537.36"
65.154.226.109 - - [31/Jul/2020:10:35:50 +0700] "GET /img/phone-screen-how1.png HTTP/1.0" 200 401 "https://revit.cic.com.vn/" "Mozilla/5.0 (Windows NT 10.0; Win64; x64) AppleWebKit/537.36 (KHTML, like Gecko) Chrome/76.0.3809.71 Safari/537.36"
65.154.226.109 - - [31/Jul/2020:10:35:50 +0700] "GET /img/client/logo1-hover.png HTTP/1.0" 200 402 "https://revit.cic.com.vn/" "Mozilla/5.0 (Windows NT 10.0; Win64; x64) AppleWebKit/537.36 (KHTML, like Gecko) Chrome/76.0.3809.71 Safari/537.36"
65.154.226.109 - - [31/Jul/2020:10:35:52 +0700] "GET /img/client/logo4-hover.png HTTP/1.0" 200 402 "https://revit.cic.com.vn/" "Mozilla/5.0 (Windows NT 10.0; Win64; x64) AppleWebKit/537.36 (KHTML, like Gecko) Chrome/76.0.3809.71 Safari/537.36"
65.154.226.109 - - [31/Jul/2020:10:35:52 +0700] "GET /img/client/logo2-hover.png HTTP/1.0" 200 402 "https://revit.cic.com.vn/" "Mozilla/5.0 (Windows NT 10.0; Win64; x64) AppleWebKit/537.36 (KHTML, like Gecko) Chrome/76.0.3809.71 Safari/537.36"
65.154.226.109 - - [31/Jul/2020:10:35:52 +0700] "GET /img/client/logo3-hover.png HTTP/1.0" 200 402 "https://revit.cic.com.vn/" "Mozilla/5.0 (Windows NT 10.0; Win64; x64) AppleWebKit/537.36 (KHTML, like Gecko) Chrome/76.0.3809.71 Safari/537.36"
65.154.226.109 - - [31/Jul/2020:10:35:53 +0700] "GET /img/client/logo5-hover.png HTTP/1.0" 200 402 "https://revit.cic.com.vn/" "Mozilla/5.0 (Windows NT 10.0; Win64; x64) AppleWebKit/537.36 (KHTML, like Gecko) Chrome/76.0.3809.71 Safari/537.36"
65.154.226.109 - - [31/Jul/2020:10:35:54 +0700] "GET /img/client/logo6-hover.png HTTP/1.0" 200 402 "https://revit.cic.com.vn/" "Mozilla/5.0 (Windows NT 10.0; Win64; x64) AppleWebKit/537.36 (KHTML, like Gecko) Chrome/76.0.3809.71 Safari/537.36"
65.154.226.109 - - [31/Jul/2020:10:35:54 +0700] "GET /img/client/logo7-hover.png HTTP/1.0" 200 402 "https://revit.cic.com.vn/" "Mozilla/5.0 (Windows NT 10.0; Win64; x64) AppleWebKit/537.36 (KHTML, like Gecko) Chrome/76.0.3809.71 Safari/537.36"
65.154.226.109 - - [31/Jul/2020:10:35:55 +0700] "GET /img/client/logo8-hover.png HTTP/1.0" 200 402 "https://revit.cic.com.vn/" "Mozilla/5.0 (Windows NT 10.0; Win64; x64) AppleWebKit/537.36 (KHTML, like Gecko) Chrome/76.0.3809.71 Safari/537.36"
65.154.226.109 - - [31/Jul/2020:10:35:55 +0700] "GET /img/client/logo10-hover.png HTTP/1.0" 200 403 "https://revit.cic.com.vn/" "Mozilla/5.0 (Windows NT 10.0; Win64; x64) AppleWebKit/537.36 (KHTML, like Gecko) Chrome/76.0.3809.71 Safari/537.36"
65.154.226.109 - - [31/Jul/2020:10:35:55 +0700] "GET /img/client/logo9-hover.png HTTP/1.0" 200 402 "https://revit.cic.com.vn/" "Mozilla/5.0 (Windows NT 10.0; Win64; x64) AppleWebKit/537.36 (KHTML, like Gecko) Chrome/76.0.3809.71 Safari/537.36"
65.154.226.109 - - [31/Jul/2020:10:35:55 +0700] "GET /img/bg_abstract_blue.png HTTP/1.0" 200 400 "https://revit.cic.com.vn/css/style1.css" "Mozilla/5.0 (Windows NT 10.0; Win64; x64) AppleWebKit/537.36 (KHTML, like Gecko) Chrome/76.0.3809.71 Safari/537.36"
65.154.226.109 - - [31/Jul/2020:10:35:55 +0700] "GET /img/texture_download.png HTTP/1.0" 404 581 "https://revit.cic.com.vn/css/style1.css" "Mozilla/5.0 (Windows NT 10.0; Win64; x64) AppleWebKit/537.36 (KHTML, like Gecko) Chrome/76.0.3809.71 Safari/537.36"
179.43.169.182 - - [31/Jul/2020:10:41:42 +0700] "GET / HTTP/1.0" 200 386 "-" "Mozilla/5.0 (X11; Linux i686; rv:10.0) Gecko/20100101 Firefox/10.0"
67.205.165.53 - - [31/Jul/2020:10:42:42 +0700] "GET / HTTP/1.0" 200 386 "-" "Go-http-client/2.0"
93.119.227.34 - - [31/Jul/2020:14:10:52 +0700] "GET / HTTP/1.0" 200 386 "-" "Mozilla/5.0 (Macintosh; Intel Mac OS X 10_12_6) AppleWebKit/537.36 (KHTML, like Gecko) Chrome/64.0.3282.186 Safari/537.36"
69.4.87.74 - - [31/Jul/2020:20:45:19 +0700] "GET / HTTP/1.0" 200 386 "-" "Mozilla/5.0 (Macintosh; Intel Mac OS X 10_12_6) AppleWebKit/604.5.6 (KHTML, like Gecko) Version/11.0.3 Safari/604.5.6"
209.17.97.74 - - [01/Aug/2020:00:03:17 +0700] "GET / HTTP/1.0" 200 386 "-" "Mozilla/5.0 (compatible; Nimbostratus-Bot/v1.3.2; http://cloudsystemnetworks.com)"
34.222.229.130 - - [31/Jul/2020:09:30:43 +0700] "GET /.well-known/acme-challenge/JHZz-LAF5xI24Mh33RrygSd3xAYdoFaYY-1bxkVhX1c HTTP/1.1" 200 87 "http://revit.cic.com.vn/.well-known/acme-challenge/JHZz-LAF5xI24Mh33RrygSd3xAYdoFaYY-1bxkVhX1c" "Mozilla/5.0 (compatible; Let's Encrypt validation server; +https://www.letsencrypt.org)"
18.196.96.172 - - [31/Jul/2020:09:30:43 +0700] "GET /.well-known/acme-challenge/JHZz-LAF5xI24Mh33RrygSd3xAYdoFaYY-1bxkVhX1c HTTP/1.1" 200 87 "http://revit.cic.com.vn/.well-known/acme-challenge/JHZz-LAF5xI24Mh33RrygSd3xAYdoFaYY-1bxkVhX1c" "Mozilla/5.0 (compatible; Let's Encrypt validation server; +https://www.letsencrypt.org)"
52.15.254.228 - - [31/Jul/2020:09:30:46 +0700] "GET /.well-known/acme-challenge/JHZz-LAF5xI24Mh33RrygSd3xAYdoFaYY-1bxkVhX1c HTTP/1.1" 200 87 "http://revit.cic.com.vn/.well-known/acme-challenge/JHZz-LAF5xI24Mh33RrygSd3xAYdoFaYY-1bxkVhX1c" "Mozilla/5.0 (compatible; Let's Encrypt validation server; +https://www.letsencrypt.org)"
66.133.109.36 - - [31/Jul/2020:09:30:47 +0700] "GET /.well-known/acme-challenge/JHZz-LAF5xI24Mh33RrygSd3xAYdoFaYY-1bxkVhX1c HTTP/1.1" 200 87 "http://revit.cic.com.vn/.well-known/acme-challenge/JHZz-LAF5xI24Mh33RrygSd3xAYdoFaYY-1bxkVhX1c" "Mozilla/5.0 (compatible; Let's Encrypt validation server; +https://www.letsencrypt.org)"
179.43.169.182 - - [31/Jul/2020:09:32:06 +0700] "GET / HTTP/2.0" 200 7675 "-" "Mozilla/5.0 (X11; Linux i686; rv:10.0) Gecko/20100101 Firefox/10.0"
179.43.169.182 - - [31/Jul/2020:09:32:06 +0700] "GET / HTTP/2.0" 200 7675 "-" "Mozilla/5.0 (X11; Linux i686; rv:10.0) Gecko/20100101 Firefox/10.0"
65.154.226.109 - - [31/Jul/2020:10:35:46 +0700] "GET / HTTP/2.0" 200 7675 "http://www.bing.com/search?q=amazon" "Mozilla/5.0 (Windows NT 10.0; Win64; x64) AppleWebKit/537.36 (KHTML, like Gecko) Chrome/76.0.3809.71 Safari/537.36"
65.154.226.109 - - [31/Jul/2020:10:35:46 +0700] "GET /css/pageloader.css HTTP/2.0" 200 610 "https://revit.cic.com.vn/" "Mozilla/5.0 (Windows NT 10.0; Win64; x64) AppleWebKit/537.36 (KHTML, like Gecko) Chrome/76.0.3809.71 Safari/537.36"
65.154.226.109 - - [31/Jul/2020:10:35:46 +0700] "GET /js/vegas/vegas.min.css HTTP/2.0" 200 1252 "https://revit.cic.com.vn/" "Mozilla/5.0 (Windows NT 10.0; Win64; x64) AppleWebKit/537.36 (KHTML, like Gecko) Chrome/76.0.3809.71 Safari/537.36"
65.154.226.109 - - [31/Jul/2020:10:35:46 +0700] "GET /css/foundation.min.css HTTP/2.0" 200 18988 "https://revit.cic.com.vn/" "Mozilla/5.0 (Windows NT 10.0; Win64; x64) AppleWebKit/537.36 (KHTML, like Gecko) Chrome/76.0.3809.71 Safari/537.36"
65.154.226.109 - - [31/Jul/2020:10:35:46 +0700] "GET /css/animate.css HTTP/2.0" 200 4935 "https://revit.cic.com.vn/" "Mozilla/5.0 (Windows NT 10.0; Win64; x64) AppleWebKit/537.36 (KHTML, like Gecko) Chrome/76.0.3809.71 Safari/537.36"
65.154.226.109 - - [31/Jul/2020:10:35:46 +0700] "GET /js/vendor/assets/owl.carousel.css HTTP/2.0" 200 1103 "https://revit.cic.com.vn/" "Mozilla/5.0 (Windows NT 10.0; Win64; x64) AppleWebKit/537.36 (KHTML, like Gecko) Chrome/76.0.3809.71 Safari/537.36"
65.154.226.109 - - [31/Jul/2020:10:35:46 +0700] "GET /css/normalize.css HTTP/2.0" 200 2594 "https://revit.cic.com.vn/" "Mozilla/5.0 (Windows NT 10.0; Win64; x64) AppleWebKit/537.36 (KHTML, like Gecko) Chrome/76.0.3809.71 Safari/537.36"
65.154.226.109 - - [31/Jul/2020:10:35:46 +0700] "GET /fonts/opensans/stylesheet.css HTTP/2.0" 200 349 "https://revit.cic.com.vn/" "Mozilla/5.0 (Windows NT 10.0; Win64; x64) AppleWebKit/537.36 (KHTML, like Gecko) Chrome/76.0.3809.71 Safari/537.36"
65.154.226.109 - - [31/Jul/2020:10:35:46 +0700] "GET /js/vendor/swiper/css/swiper.min.css HTTP/2.0" 200 2392 "https://revit.cic.com.vn/" "Mozilla/5.0 (Windows NT 10.0; Win64; x64) AppleWebKit/537.36 (KHTML, like Gecko) Chrome/76.0.3809.71 Safari/537.36"
65.154.226.109 - - [31/Jul/2020:10:35:46 +0700] "GET /fonts/roboto/stylesheet.css HTTP/2.0" 200 300 "https://revit.cic.com.vn/" "Mozilla/5.0 (Windows NT 10.0; Win64; x64) AppleWebKit/537.36 (KHTML, like Gecko) Chrome/76.0.3809.71 Safari/537.36"
65.154.226.109 - - [31/Jul/2020:10:35:46 +0700] "GET /css/style1.css HTTP/2.0" 200 1088 "https://revit.cic.com.vn/" "Mozilla/5.0 (Windows NT 10.0; Win64; x64) AppleWebKit/537.36 (KHTML, like Gecko) Chrome/76.0.3809.71 Safari/537.36"
65.154.226.109 - - [31/Jul/2020:10:35:46 +0700] "GET /css/main.css HTTP/2.0" 200 11902 "https://revit.cic.com.vn/" "Mozilla/5.0 (Windows NT 10.0; Win64; x64) AppleWebKit/537.36 (KHTML, like Gecko) Chrome/76.0.3809.71 Safari/537.36"
65.154.226.109 - - [31/Jul/2020:10:35:46 +0700] "GET /fonts/montserrat/stylesheet.css HTTP/2.0" 200 384 "https://revit.cic.com.vn/" "Mozilla/5.0 (Windows NT 10.0; Win64; x64) AppleWebKit/537.36 (KHTML, like Gecko) Chrome/76.0.3809.71 Safari/537.36"
65.154.226.109 - - [31/Jul/2020:10:35:46 +0700] "GET /fonts/playfair/stylesheet.css HTTP/2.0" 200 320 "https://revit.cic.com.vn/" "Mozilla/5.0 (Windows NT 10.0; Win64; x64) AppleWebKit/537.36 (KHTML, like Gecko) Chrome/76.0.3809.71 Safari/537.36"
65.154.226.109 - - [31/Jul/2020:10:35:46 +0700] "GET /css/ionicons.min.css HTTP/2.0" 200 8286 "https://revit.cic.com.vn/" "Mozilla/5.0 (Windows NT 10.0; Win64; x64) AppleWebKit/537.36 (KHTML, like Gecko) Chrome/76.0.3809.71 Safari/537.36"
65.154.226.109 - - [31/Jul/2020:10:35:46 +0700] "GET /img/Locked-Cloud.png HTTP/2.0" 200 4340 "https://revit.cic.com.vn/" "Mozilla/5.0 (Windows NT 10.0; Win64; x64) AppleWebKit/537.36 (KHTML, like Gecko) Chrome/76.0.3809.71 Safari/537.36"
65.154.226.109 - - [31/Jul/2020:10:35:46 +0700] "GET /img/logo_cic.png HTTP/2.0" 200 2711 "https://revit.cic.com.vn/" "Mozilla/5.0 (Windows NT 10.0; Win64; x64) AppleWebKit/537.36 (KHTML, like Gecko) Chrome/76.0.3809.71 Safari/537.36"
65.154.226.109 - - [31/Jul/2020:10:35:46 +0700] "GET /js/vendor/modernizr-2.7.1.min.js HTTP/2.0" 200 6299 "https://revit.cic.com.vn/" "Mozilla/5.0 (Windows NT 10.0; Win64; x64) AppleWebKit/537.36 (KHTML, like Gecko) Chrome/76.0.3809.71 Safari/537.36"
65.154.226.109 - - [31/Jul/2020:10:35:47 +0700] "GET /js/vendor/jquery-1.11.2.min.js HTTP/2.0" 200 33321 "https://revit.cic.com.vn/" "Mozilla/5.0 (Windows NT 10.0; Win64; x64) AppleWebKit/537.36 (KHTML, like Gecko) Chrome/76.0.3809.71 Safari/537.36"
65.154.226.109 - - [31/Jul/2020:10:35:47 +0700] "GET /js/vendor/wow.min.js HTTP/2.0" 200 2702 "https://revit.cic.com.vn/" "Mozilla/5.0 (Windows NT 10.0; Win64; x64) AppleWebKit/537.36 (KHTML, like Gecko) Chrome/76.0.3809.71 Safari/537.36"
65.154.226.109 - - [31/Jul/2020:10:35:47 +0700] "GET /js/vendor/owl.carousel.min.js HTTP/2.0" 200 10522 "https://revit.cic.com.vn/" "Mozilla/5.0 (Windows NT 10.0; Win64; x64) AppleWebKit/537.36 (KHTML, like Gecko) Chrome/76.0.3809.71 Safari/537.36"
65.154.226.109 - - [31/Jul/2020:10:35:47 +0700] "GET /js/vendor/swiper/js/swiper.js HTTP/2.0" 200 25411 "https://revit.cic.com.vn/" "Mozilla/5.0 (Windows NT 10.0; Win64; x64) AppleWebKit/537.36 (KHTML, like Gecko) Chrome/76.0.3809.71 Safari/537.36"
65.154.226.109 - - [31/Jul/2020:10:35:47 +0700] "GET /js/vegas/vegas.min.js HTTP/2.0" 200 2812 "https://revit.cic.com.vn/" "Mozilla/5.0 (Windows NT 10.0; Win64; x64) AppleWebKit/537.36 (KHTML, like Gecko) Chrome/76.0.3809.71 Safari/537.36"
65.154.226.109 - - [31/Jul/2020:10:35:47 +0700] "GET /js/jquery.maximage.js HTTP/2.0" 200 6271 "https://revit.cic.com.vn/" "Mozilla/5.0 (Windows NT 10.0; Win64; x64) AppleWebKit/537.36 (KHTML, like Gecko) Chrome/76.0.3809.71 Safari/537.36"
65.154.226.109 - - [31/Jul/2020:10:35:47 +0700] "GET /js/main.js HTTP/2.0" 200 2594 "https://revit.cic.com.vn/" "Mozilla/5.0 (Windows NT 10.0; Win64; x64) AppleWebKit/537.36 (KHTML, like Gecko) Chrome/76.0.3809.71 Safari/537.36"
65.154.226.109 - - [31/Jul/2020:10:35:47 +0700] "GET /js/form_script.js HTTP/2.0" 200 1245 "https://revit.cic.com.vn/" "Mozilla/5.0 (Windows NT 10.0; Win64; x64) AppleWebKit/537.36 (KHTML, like Gecko) Chrome/76.0.3809.71 Safari/537.36"
65.154.226.109 - - [31/Jul/2020:10:35:47 +0700] "GET /fonts/ionicons28b5.ttf?v=2.0.0 HTTP/2.0" 200 188508 "https://revit.cic.com.vn/css/ionicons.min.css" "Mozilla/5.0 (Windows NT 10.0; Win64; x64) AppleWebKit/537.36 (KHTML, like Gecko) Chrome/76.0.3809.71 Safari/537.36"
65.154.226.109 - - [31/Jul/2020:10:35:47 +0700] "GET /img/bg_header.png HTTP/2.0" 200 504565 "https://revit.cic.com.vn/css/main.css" "Mozilla/5.0 (Windows NT 10.0; Win64; x64) AppleWebKit/537.36 (KHTML, like Gecko) Chrome/76.0.3809.71 Safari/537.36"
65.154.226.109 - - [31/Jul/2020:10:35:48 +0700] "GET /img/Download-Computer.png HTTP/2.0" 200 4066 "https://revit.cic.com.vn/" "Mozilla/5.0 (Windows NT 10.0; Win64; x64) AppleWebKit/537.36 (KHTML, like Gecko) Chrome/76.0.3809.71 Safari/537.36"
65.154.226.109 - - [31/Jul/2020:10:35:48 +0700] "GET /img/Programming.png HTTP/2.0" 200 3445 "https://revit.cic.com.vn/" "Mozilla/5.0 (Windows NT 10.0; Win64; x64) AppleWebKit/537.36 (KHTML, like Gecko) Chrome/76.0.3809.71 Safari/537.36"
65.154.226.109 - - [31/Jul/2020:10:35:49 +0700] "GET /img/phone-screen3.png HTTP/2.0" 200 585417 "https://revit.cic.com.vn/" "Mozilla/5.0 (Windows NT 10.0; Win64; x64) AppleWebKit/537.36 (KHTML, like Gecko) Chrome/76.0.3809.71 Safari/537.36"
65.154.226.109 - - [31/Jul/2020:10:35:51 +0700] "GET /img/phone-screen2.png HTTP/2.0" 200 161372 "https://revit.cic.com.vn/" "Mozilla/5.0 (Windows NT 10.0; Win64; x64) AppleWebKit/537.36 (KHTML, like Gecko) Chrome/76.0.3809.71 Safari/537.36"
65.154.226.109 - - [31/Jul/2020:10:35:51 +0700] "GET /img/phone-screen-how1.png HTTP/2.0" 200 207843 "https://revit.cic.com.vn/" "Mozilla/5.0 (Windows NT 10.0; Win64; x64) AppleWebKit/537.36 (KHTML, like Gecko) Chrome/76.0.3809.71 Safari/537.36"
65.154.226.109 - - [31/Jul/2020:10:35:51 +0700] "GET /img/client/logo1-hover.png HTTP/2.0" 200 7400 "https://revit.cic.com.vn/" "Mozilla/5.0 (Windows NT 10.0; Win64; x64) AppleWebKit/537.36 (KHTML, like Gecko) Chrome/76.0.3809.71 Safari/537.36"
65.154.226.109 - - [31/Jul/2020:10:35:52 +0700] "GET /img/phone-screen.png HTTP/2.0" 200 293227 "https://revit.cic.com.vn/" "Mozilla/5.0 (Windows NT 10.0; Win64; x64) AppleWebKit/537.36 (KHTML, like Gecko) Chrome/76.0.3809.71 Safari/537.36"
65.154.226.109 - - [31/Jul/2020:10:35:52 +0700] "GET /img/client/logo4-hover.png HTTP/2.0" 200 4770 "https://revit.cic.com.vn/" "Mozilla/5.0 (Windows NT 10.0; Win64; x64) AppleWebKit/537.36 (KHTML, like Gecko) Chrome/76.0.3809.71 Safari/537.36"
65.154.226.109 - - [31/Jul/2020:10:35:52 +0700] "GET /img/client/logo2-hover.png HTTP/2.0" 200 4800 "https://revit.cic.com.vn/" "Mozilla/5.0 (Windows NT 10.0; Win64; x64) AppleWebKit/537.36 (KHTML, like Gecko) Chrome/76.0.3809.71 Safari/537.36"
65.154.226.109 - - [31/Jul/2020:10:35:52 +0700] "GET /img/client/logo3-hover.png HTTP/2.0" 200 2913 "https://revit.cic.com.vn/" "Mozilla/5.0 (Windows NT 10.0; Win64; x64) AppleWebKit/537.36 (KHTML, like Gecko) Chrome/76.0.3809.71 Safari/537.36"
65.154.226.109 - - [31/Jul/2020:10:35:53 +0700] "GET /img/client/logo5-hover.png HTTP/2.0" 200 4335 "https://revit.cic.com.vn/" "Mozilla/5.0 (Windows NT 10.0; Win64; x64) AppleWebKit/537.36 (KHTML, like Gecko) Chrome/76.0.3809.71 Safari/537.36"
65.154.226.109 - - [31/Jul/2020:10:35:54 +0700] "GET /img/client/logo6-hover.png HTTP/2.0" 200 6011 "https://revit.cic.com.vn/" "Mozilla/5.0 (Windows NT 10.0; Win64; x64) AppleWebKit/537.36 (KHTML, like Gecko) Chrome/76.0.3809.71 Safari/537.36"
65.154.226.109 - - [31/Jul/2020:10:35:54 +0700] "GET /img/client/logo7-hover.png HTTP/2.0" 200 3738 "https://revit.cic.com.vn/" "Mozilla/5.0 (Windows NT 10.0; Win64; x64) AppleWebKit/537.36 (KHTML, like Gecko) Chrome/76.0.3809.71 Safari/537.36"
65.154.226.109 - - [31/Jul/2020:10:35:55 +0700] "GET /img/client/logo8-hover.png HTTP/2.0" 200 6708 "https://revit.cic.com.vn/" "Mozilla/5.0 (Windows NT 10.0; Win64; x64) AppleWebKit/537.36 (KHTML, like Gecko) Chrome/76.0.3809.71 Safari/537.36"
65.154.226.109 - - [31/Jul/2020:10:35:55 +0700] "GET /img/client/logo10-hover.png HTTP/2.0" 200 6008 "https://revit.cic.com.vn/" "Mozilla/5.0 (Windows NT 10.0; Win64; x64) AppleWebKit/537.36 (KHTML, like Gecko) Chrome/76.0.3809.71 Safari/537.36"
65.154.226.109 - - [31/Jul/2020:10:35:55 +0700] "GET /img/client/logo9-hover.png HTTP/2.0" 200 4179 "https://revit.cic.com.vn/" "Mozilla/5.0 (Windows NT 10.0; Win64; x64) AppleWebKit/537.36 (KHTML, like Gecko) Chrome/76.0.3809.71 Safari/537.36"
65.154.226.109 - - [31/Jul/2020:10:35:55 +0700] "GET /img/bg_abstract_blue.png HTTP/2.0" 200 55700 "https://revit.cic.com.vn/css/style1.css" "Mozilla/5.0 (Windows NT 10.0; Win64; x64) AppleWebKit/537.36 (KHTML, like Gecko) Chrome/76.0.3809.71 Safari/537.36"
179.43.169.182 - - [31/Jul/2020:10:41:42 +0700] "GET / HTTP/2.0" 200 7675 "-" "Mozilla/5.0 (X11; Linux i686; rv:10.0) Gecko/20100101 Firefox/10.0"
67.205.165.53 - - [31/Jul/2020:10:42:42 +0700] "GET / HTTP/2.0" 200 7675 "-" "Go-http-client/2.0"
93.119.227.34 - - [31/Jul/2020:14:10:52 +0700] "GET / HTTP/1.1" 200 32517 "-" "Mozilla/5.0 (Macintosh; Intel Mac OS X 10_12_6) AppleWebKit/537.36 (KHTML, like Gecko) Chrome/64.0.3282.186 Safari/537.36"
69.4.87.74 - - [31/Jul/2020:20:45:19 +0700] "GET / HTTP/1.1" 200 32517 "-" "Mozilla/5.0 (Macintosh; Intel Mac OS X 10_12_6) AppleWebKit/604.5.6 (KHTML, like Gecko) Version/11.0.3 Safari/604.5.6"
209.17.97.74 - - [01/Aug/2020:00:03:17 +0700] "GET / HTTP/1.1" 200 32517 "-" "Mozilla/5.0 (compatible; Nimbostratus-Bot/v1.3.2; http://cloudsystemnetworks.com)"
163.172.161.137 - - [01/Aug/2020:08:24:56 +0700] "GET / HTTP/1.0" 200 386 "-" "Mozilla/5.0 (X11; Linux x86_64) AppleWebKit/537.36 (KHTML, like Gecko) Chrome/78.0.3904.108 Safari/537.36"
51.15.192.148 - - [01/Aug/2020:08:36:17 +0700] "GET / HTTP/1.0" 200 386 "-" "Mozilla/5.0 (X11; Linux x86_64) AppleWebKit/537.36 (KHTML, like Gecko) Chrome/78.0.3904.108 Safari/537.36"
93.119.227.91 - - [02/Aug/2020:02:40:13 +0700] "GET / HTTP/1.0" 200 386 "-" "Mozilla/5.0 (Windows NT 6.1; WOW64; Trident/7.0; rv:11.0) like Gecko"
69.4.89.106 - - [02/Aug/2020:03:00:43 +0700] "GET / HTTP/1.0" 200 386 "-" "Mozilla/5.0 (iPhone; CPU iPhone OS 10_3_1 like Mac OS X) AppleWebKit/603.1.30 (KHTML, like Gecko) Version/10.0 Mobile/14E304 Safari/602.1"
163.172.161.137 - - [01/Aug/2020:08:24:56 +0700] "GET / HTTP/1.1" 200 7688 "-" "Mozilla/5.0 (X11; Linux x86_64) AppleWebKit/537.36 (KHTML, like Gecko) Chrome/78.0.3904.108 Safari/537.36"
51.15.192.148 - - [01/Aug/2020:08:36:17 +0700] "GET / HTTP/1.1" 200 7688 "-" "Mozilla/5.0 (X11; Linux x86_64) AppleWebKit/537.36 (KHTML, like Gecko) Chrome/78.0.3904.108 Safari/537.36"
93.119.227.91 - - [02/Aug/2020:02:40:13 +0700] "GET / HTTP/1.1" 200 32517 "-" "Mozilla/5.0 (Windows NT 6.1; WOW64; Trident/7.0; rv:11.0) like Gecko"
69.4.89.106 - - [02/Aug/2020:03:00:43 +0700] "GET / HTTP/1.1" 200 32517 "-" "Mozilla/5.0 (iPhone; CPU iPhone OS 10_3_1 like Mac OS X) AppleWebKit/603.1.30 (KHTML, like Gecko) Version/10.0 Mobile/14E304 Safari/602.1"
104.131.25.105 - - [03/Aug/2020:19:35:21 +0700] "GET / HTTP/1.0" 200 386 "-" "Mozilla/5.0 (compatible; NetcraftSurveyAgent/1.0; +info@netcraft.com)"
104.131.25.105 - - [03/Aug/2020:19:35:21 +0700] "GET / HTTP/1.0" 200 32517 "-" "Mozilla/5.0 (compatible; NetcraftSurveyAgent/1.0; +info@netcraft.com)"
34.247.56.84 - - [05/Aug/2020:16:16:42 +0700] "GET /robots.txt HTTP/1.0" 404 567 "-" "PleskBot"
34.247.56.84 - - [05/Aug/2020:16:16:44 +0700] "GET / HTTP/1.0" 200 386 "-" "PleskBot"
37.120.192.30 - - [05/Aug/2020:19:11:54 +0700] "GET / HTTP/1.0" 200 386 "-" "Mozilla/5.0 (Windows NT 6.1; WOW64; rv:54.0) Gecko/20100101 Firefox/54.0"
209.17.96.98 - - [06/Aug/2020:00:20:43 +0700] "GET / HTTP/1.0" 200 386 "-" "Mozilla/5.0 (compatible; Nimbostratus-Bot/v1.3.2; http://cloudsystemnetworks.com)"
119.73.112.111 - - [05/Aug/2020:12:21:39 +0700] "GET /.env HTTP/1.1" 403 548 "-" "Mozlila/5.0 (Linux; Android 7.0; SM-G892A Bulid/NRD90M; wv) AppleWebKit/537.36 (KHTML, like Gecko) Version/4.0 Chrome/60.0.3112.107 Moblie Safari/537.36"
34.247.56.84 - - [05/Aug/2020:16:16:44 +0700] "GET / HTTP/1.1" 200 32517 "-" "PleskBot"
37.120.192.30 - - [05/Aug/2020:19:11:54 +0700] "GET / HTTP/1.1" 200 32517 "-" "Mozilla/5.0 (Windows NT 6.1; WOW64; rv:54.0) Gecko/20100101 Firefox/54.0"
209.17.96.98 - - [06/Aug/2020:00:20:43 +0700] "GET / HTTP/1.1" 200 32517 "-" "Mozilla/5.0 (compatible; Nimbostratus-Bot/v1.3.2; http://cloudsystemnetworks.com)"
5.255.253.144 - - [06/Aug/2020:11:58:30 +0700] "GET /robots.txt HTTP/1.0" 404 567 "-" "Mozilla/5.0 (compatible; YandexBot/3.0; +http://yandex.com/bots)"
5.255.253.144 - - [06/Aug/2020:11:58:36 +0700] "GET /robots.txt HTTP/1.0" 404 567 "-" "Mozilla/5.0 (compatible; YandexBot/3.0; +http://yandex.com/bots)"
5.255.253.144 - - [06/Aug/2020:11:58:39 +0700] "GET / HTTP/1.0" 200 386 "-" "Mozilla/5.0 (compatible; YandexBot/3.0; +http://yandex.com/bots)"
5.255.253.144 - - [06/Aug/2020:19:10:40 +0700] "GET /robots.txt HTTP/1.0" 404 567 "-" "Mozilla/5.0 (compatible; YandexBot/3.0; +http://yandex.com/bots)"
5.255.253.144 - - [06/Aug/2020:19:10:43 +0700] "GET / HTTP/1.0" 200 386 "-" "Mozilla/5.0 (compatible; YandexBot/3.0; +http://yandex.com/bots)"
119.63.138.32 - - [06/Aug/2020:10:46:40 +0700] "GET /.env HTTP/1.1" 403 548 "-" "Mozlila/5.0 (Linux; Android 7.0; SM-G892A Bulid/NRD90M; wv) AppleWebKit/537.36 (KHTML, like Gecko) Version/4.0 Chrome/60.0.3112.107 Moblie Safari/537.36"
5.255.253.144 - - [06/Aug/2020:11:58:39 +0700] "GET / HTTP/1.1" 200 7688 "-" "Mozilla/5.0 (compatible; YandexBot/3.0; +http://yandex.com/bots)"
5.255.253.144 - - [06/Aug/2020:19:10:43 +0700] "GET / HTTP/1.1" 200 7688 "-" "Mozilla/5.0 (compatible; YandexBot/3.0; +http://yandex.com/bots)"
52.166.4.83 - - [07/Aug/2020:08:55:03 +0700] "GET /wp-login.php HTTP/1.0" 404 491 "http://revit.cic.com.vn/wp-login.php" "Mozilla/5.0 (X11; Ubuntu; Linux x86_64; rv:62.0) Gecko/20100101 Firefox/62.0"
34.220.176.217 - - [08/Aug/2020:15:49:06 +0700] "GET / HTTP/1.0" 200 386 "-" "Mozilla/5.0 (Windows NT 10.0; Win64; x64) AppleWebKit/537.36 (KHTML, like Gecko; compatible; BW/1.1; bit.ly/2W6Px8S) Chrome/84.0.4147.105 Safari/537.36"
34.220.176.217 - - [08/Aug/2020:15:49:08 +0700] "GET /robots.txt HTTP/1.0" 404 567 "-" "Mozilla/5.0 (Windows NT 10.0; Win64; x64) AppleWebKit/537.36 (KHTML, like Gecko; compatible; BW/1.1; bit.ly/2W6Px8S) Chrome/84.0.4147.105 Safari/537.36"
34.220.176.217 - - [08/Aug/2020:15:49:10 +0700] "GET /js/vendor/owl.carousel.min.js HTTP/1.0" 200 418 "https://revit.cic.com.vn/" "Mozilla/5.0 (linux) AppleWebKit/537.36 (KHTML, like Gecko) jsdom/16.2.2"
34.220.176.217 - - [08/Aug/2020:15:49:10 +0700] "GET /js/vendor/swiper/js/swiper.js HTTP/1.0" 200 418 "https://revit.cic.com.vn/" "Mozilla/5.0 (linux) AppleWebKit/537.36 (KHTML, like Gecko) jsdom/16.2.2"
34.220.176.217 - - [08/Aug/2020:15:49:10 +0700] "GET /js/main.js HTTP/1.0" 200 399 "https://revit.cic.com.vn/" "Mozilla/5.0 (linux) AppleWebKit/537.36 (KHTML, like Gecko) jsdom/16.2.2"
34.220.176.217 - - [08/Aug/2020:15:49:10 +0700] "GET /js/form_script.js HTTP/1.0" 200 406 "https://revit.cic.com.vn/" "Mozilla/5.0 (linux) AppleWebKit/537.36 (KHTML, like Gecko) jsdom/16.2.2"
34.220.176.217 - - [08/Aug/2020:15:49:10 +0700] "GET /js/vendor/jquery-1.11.2.min.js HTTP/1.0" 200 419 "https://revit.cic.com.vn/" "Mozilla/5.0 (linux) AppleWebKit/537.36 (KHTML, like Gecko) jsdom/16.2.2"
34.220.176.217 - - [08/Aug/2020:15:49:10 +0700] "GET /js/vendor/modernizr-2.7.1.min.js HTTP/1.0" 200 421 "https://revit.cic.com.vn/" "Mozilla/5.0 (linux) AppleWebKit/537.36 (KHTML, like Gecko) jsdom/16.2.2"
34.220.176.217 - - [08/Aug/2020:15:49:10 +0700] "GET /js/vegas/vegas.min.js HTTP/1.0" 200 410 "https://revit.cic.com.vn/" "Mozilla/5.0 (linux) AppleWebKit/537.36 (KHTML, like Gecko) jsdom/16.2.2"
34.220.176.217 - - [08/Aug/2020:15:49:10 +0700] "GET /js/vendor/wow.min.js HTTP/1.0" 200 409 "https://revit.cic.com.vn/" "Mozilla/5.0 (linux) AppleWebKit/537.36 (KHTML, like Gecko) jsdom/16.2.2"
34.220.176.217 - - [08/Aug/2020:15:49:10 +0700] "GET /js/jquery.maximage.js HTTP/1.0" 200 410 "https://revit.cic.com.vn/" "Mozilla/5.0 (linux) AppleWebKit/537.36 (KHTML, like Gecko) jsdom/16.2.2"
34.220.176.217 - - [08/Aug/2020:15:49:40 +0700] "GET /js/vendor/owl.carousel.min.js HTTP/1.0" 200 418 "-" "Mozilla/5.0 (Windows NT 10.0; Win64; x64) AppleWebKit/537.36 (KHTML, like Gecko; compatible; BW/1.1; bit.ly/2W6Px8S) Chrome/84.0.4147.105 Safari/537.36"
34.220.176.217 - - [08/Aug/2020:15:49:40 +0700] "GET /js/main.js HTTP/1.0" 200 399 "-" "Mozilla/5.0 (Windows NT 10.0; Win64; x64) AppleWebKit/537.36 (KHTML, like Gecko; compatible; BW/1.1; bit.ly/2W6Px8S) Chrome/84.0.4147.105 Safari/537.36"
34.220.176.217 - - [08/Aug/2020:15:49:40 +0700] "GET /js/vegas/vegas.min.js HTTP/1.0" 200 410 "-" "Mozilla/5.0 (Windows NT 10.0; Win64; x64) AppleWebKit/537.36 (KHTML, like Gecko; compatible; BW/1.1; bit.ly/2W6Px8S) Chrome/84.0.4147.105 Safari/537.36"
34.220.176.217 - - [08/Aug/2020:15:49:40 +0700] "GET /js/vendor/swiper/js/swiper.js HTTP/1.0" 200 418 "-" "Mozilla/5.0 (Windows NT 10.0; Win64; x64) AppleWebKit/537.36 (KHTML, like Gecko; compatible; BW/1.1; bit.ly/2W6Px8S) Chrome/84.0.4147.105 Safari/537.36"
34.220.176.217 - - [08/Aug/2020:15:49:40 +0700] "GET /js/vendor/wow.min.js HTTP/1.0" 200 409 "-" "Mozilla/5.0 (Windows NT 10.0; Win64; x64) AppleWebKit/537.36 (KHTML, like Gecko; compatible; BW/1.1; bit.ly/2W6Px8S) Chrome/84.0.4147.105 Safari/537.36"
34.220.176.217 - - [08/Aug/2020:15:49:40 +0700] "GET /js/form_script.js HTTP/1.0" 200 406 "-" "Mozilla/5.0 (Windows NT 10.0; Win64; x64) AppleWebKit/537.36 (KHTML, like Gecko; compatible; BW/1.1; bit.ly/2W6Px8S) Chrome/84.0.4147.105 Safari/537.36"
34.220.176.217 - - [08/Aug/2020:15:49:41 +0700] "GET /ads.txt HTTP/1.0" 404 564 "-" "Mozilla/5.0 (Windows NT 10.0; Win64; x64) AppleWebKit/537.36 (KHTML, like Gecko; compatible; BW/1.1; bit.ly/2W6Px8S) Chrome/84.0.4147.105 Safari/537.36"
34.220.176.217 - - [08/Aug/2020:15:49:06 +0700] "GET / HTTP/1.1" 200 7688 "-" "Mozilla/5.0 (Windows NT 10.0; Win64; x64) AppleWebKit/537.36 (KHTML, like Gecko; compatible; BW/1.1; bit.ly/2W6Px8S) Chrome/84.0.4147.105 Safari/537.36"
34.220.176.217 - - [08/Aug/2020:15:49:10 +0700] "GET /js/vendor/owl.carousel.min.js HTTP/1.1" 200 10535 "https://revit.cic.com.vn/" "Mozilla/5.0 (linux) AppleWebKit/537.36 (KHTML, like Gecko) jsdom/16.2.2"
34.220.176.217 - - [08/Aug/2020:15:49:10 +0700] "GET /js/main.js HTTP/1.1" 200 2606 "https://revit.cic.com.vn/" "Mozilla/5.0 (linux) AppleWebKit/537.36 (KHTML, like Gecko) jsdom/16.2.2"
34.220.176.217 - - [08/Aug/2020:15:49:10 +0700] "GET /js/vendor/swiper/js/swiper.js HTTP/1.1" 200 25424 "https://revit.cic.com.vn/" "Mozilla/5.0 (linux) AppleWebKit/537.36 (KHTML, like Gecko) jsdom/16.2.2"
34.220.176.217 - - [08/Aug/2020:15:49:10 +0700] "GET /js/form_script.js HTTP/1.1" 200 1257 "https://revit.cic.com.vn/" "Mozilla/5.0 (linux) AppleWebKit/537.36 (KHTML, like Gecko) jsdom/16.2.2"
34.220.176.217 - - [08/Aug/2020:15:49:10 +0700] "GET /js/vendor/modernizr-2.7.1.min.js HTTP/1.1" 200 6312 "https://revit.cic.com.vn/" "Mozilla/5.0 (linux) AppleWebKit/537.36 (KHTML, like Gecko) jsdom/16.2.2"
34.220.176.217 - - [08/Aug/2020:15:49:10 +0700] "GET /js/vegas/vegas.min.js HTTP/1.1" 200 2824 "https://revit.cic.com.vn/" "Mozilla/5.0 (linux) AppleWebKit/537.36 (KHTML, like Gecko) jsdom/16.2.2"
34.220.176.217 - - [08/Aug/2020:15:49:10 +0700] "GET /js/vendor/jquery-1.11.2.min.js HTTP/1.1" 200 33334 "https://revit.cic.com.vn/" "Mozilla/5.0 (linux) AppleWebKit/537.36 (KHTML, like Gecko) jsdom/16.2.2"
34.220.176.217 - - [08/Aug/2020:15:49:10 +0700] "GET /js/vendor/wow.min.js HTTP/1.1" 200 2714 "https://revit.cic.com.vn/" "Mozilla/5.0 (linux) AppleWebKit/537.36 (KHTML, like Gecko) jsdom/16.2.2"
34.220.176.217 - - [08/Aug/2020:15:49:10 +0700] "GET /js/jquery.maximage.js HTTP/1.1" 200 6284 "https://revit.cic.com.vn/" "Mozilla/5.0 (linux) AppleWebKit/537.36 (KHTML, like Gecko) jsdom/16.2.2"
34.220.176.217 - - [08/Aug/2020:15:49:40 +0700] "GET /js/main.js HTTP/1.1" 200 2606 "-" "Mozilla/5.0 (Windows NT 10.0; Win64; x64) AppleWebKit/537.36 (KHTML, like Gecko; compatible; BW/1.1; bit.ly/2W6Px8S) Chrome/84.0.4147.105 Safari/537.36"
34.220.176.217 - - [08/Aug/2020:15:49:40 +0700] "GET /js/vegas/vegas.min.js HTTP/1.1" 200 2824 "-" "Mozilla/5.0 (Windows NT 10.0; Win64; x64) AppleWebKit/537.36 (KHTML, like Gecko; compatible; BW/1.1; bit.ly/2W6Px8S) Chrome/84.0.4147.105 Safari/537.36"
34.220.176.217 - - [08/Aug/2020:15:49:40 +0700] "GET /js/vendor/owl.carousel.min.js HTTP/1.1" 200 10535 "-" "Mozilla/5.0 (Windows NT 10.0; Win64; x64) AppleWebKit/537.36 (KHTML, like Gecko; compatible; BW/1.1; bit.ly/2W6Px8S) Chrome/84.0.4147.105 Safari/537.36"
34.220.176.217 - - [08/Aug/2020:15:49:40 +0700] "GET /js/vendor/swiper/js/swiper.js HTTP/1.1" 200 25424 "-" "Mozilla/5.0 (Windows NT 10.0; Win64; x64) AppleWebKit/537.36 (KHTML, like Gecko; compatible; BW/1.1; bit.ly/2W6Px8S) Chrome/84.0.4147.105 Safari/537.36"
34.220.176.217 - - [08/Aug/2020:15:49:40 +0700] "GET /js/vendor/wow.min.js HTTP/1.1" 200 2714 "-" "Mozilla/5.0 (Windows NT 10.0; Win64; x64) AppleWebKit/537.36 (KHTML, like Gecko; compatible; BW/1.1; bit.ly/2W6Px8S) Chrome/84.0.4147.105 Safari/537.36"
34.220.176.217 - - [08/Aug/2020:15:49:40 +0700] "GET /js/form_script.js HTTP/1.1" 200 1257 "-" "Mozilla/5.0 (Windows NT 10.0; Win64; x64) AppleWebKit/537.36 (KHTML, like Gecko; compatible; BW/1.1; bit.ly/2W6Px8S) Chrome/84.0.4147.105 Safari/537.36"
34.220.176.217 - - [08/Aug/2020:15:49:42 +0700] "" 400 0 "-" "-"
142.93.186.166 - - [09/Aug/2020:17:03:16 +0700] "GET / HTTP/1.0" 200 386 "-" "Mozilla/5.0 (compatible; NetcraftSurveyAgent/1.0; +info@netcraft.com)"
93.119.227.19 - - [10/Aug/2020:00:51:25 +0700] "GET / HTTP/1.0" 200 386 "-" "Mozilla/5.0 (Windows NT 10.0; Win64; x64; rv:58.0) Gecko/20100101 Firefox/58.0"
142.93.186.166 - - [09/Aug/2020:17:03:16 +0700] "GET / HTTP/1.0" 200 32517 "-" "Mozilla/5.0 (compatible; NetcraftSurveyAgent/1.0; +info@netcraft.com)"
93.119.227.19 - - [10/Aug/2020:00:51:25 +0700] "GET / HTTP/1.1" 200 32517 "-" "Mozilla/5.0 (Windows NT 10.0; Win64; x64; rv:58.0) Gecko/20100101 Firefox/58.0"
209.17.97.58 - - [12/Aug/2020:00:38:50 +0700] "GET / HTTP/1.0" 200 386 "-" "Mozilla/5.0 (compatible; Nimbostratus-Bot/v1.3.2; http://cloudsystemnetworks.com)"
209.17.97.58 - - [12/Aug/2020:00:38:50 +0700] "GET / HTTP/1.1" 200 32517 "-" "Mozilla/5.0 (compatible; Nimbostratus-Bot/v1.3.2; http://cloudsystemnetworks.com)"
5.255.253.144 - - [13/Aug/2020:07:28:26 +0700] "GET /robots.txt HTTP/1.0" 404 567 "-" "Mozilla/5.0 (compatible; YandexBot/3.0; +http://yandex.com/bots)"
5.255.253.144 - - [13/Aug/2020:07:28:35 +0700] "GET /robots.txt HTTP/1.0" 404 567 "-" "Mozilla/5.0 (compatible; YandexBot/3.0; +http://yandex.com/bots)"
213.180.203.52 - - [13/Aug/2020:07:28:39 +0700] "GET / HTTP/1.0" 200 386 "-" "Mozilla/5.0 (compatible; YandexBot/3.0; +http://yandex.com/bots)"
54.78.108.214 - - [13/Aug/2020:15:43:25 +0700] "GET /robots.txt HTTP/1.0" 404 567 "-" "PleskBot"
54.78.108.214 - - [13/Aug/2020:15:43:28 +0700] "GET / HTTP/1.0" 200 386 "-" "PleskBot"
5.255.253.144 - - [13/Aug/2020:19:51:27 +0700] "GET /robots.txt HTTP/1.0" 404 567 "-" "Mozilla/5.0 (compatible; YandexBot/3.0; +http://yandex.com/bots)"
5.255.253.144 - - [13/Aug/2020:19:51:30 +0700] "GET / HTTP/1.0" 200 386 "-" "Mozilla/5.0 (compatible; YandexBot/3.0; +http://yandex.com/bots)"
213.180.203.52 - - [13/Aug/2020:07:28:39 +0700] "GET / HTTP/1.1" 200 7688 "-" "Mozilla/5.0 (compatible; YandexBot/3.0; +http://yandex.com/bots)"
54.78.108.214 - - [13/Aug/2020:15:43:28 +0700] "GET / HTTP/1.1" 200 32517 "-" "PleskBot"
5.255.253.144 - - [13/Aug/2020:19:51:30 +0700] "GET / HTTP/1.1" 200 7688 "-" "Mozilla/5.0 (compatible; YandexBot/3.0; +http://yandex.com/bots)"
209.17.97.50 - - [16/Aug/2020:01:35:01 +0700] "GET / HTTP/1.0" 200 386 "-" "Mozilla/5.0 (compatible; Nimbostratus-Bot/v1.3.2; http://cloudsystemnetworks.com)"
209.17.97.50 - - [16/Aug/2020:01:35:01 +0700] "GET / HTTP/1.1" 200 32517 "-" "Mozilla/5.0 (compatible; Nimbostratus-Bot/v1.3.2; http://cloudsystemnetworks.com)"
18.130.92.54 - - [16/Aug/2020:18:30:18 +0700] "GET /.git/HEAD HTTP/1.1" 403 146 "-" "curl/7.47.0"
131.220.6.156 - - [17/Aug/2020:20:02:41 +0700] "GET / HTTP/1.0" 200 386 "-" "Mozilla/5.0 (X11; Linux x86_64) AppleWebKit/537.36 (KHTML, like Gecko) Chrome/79.0.3945.79 Safari/537.36"
13.49.67.108 - - [17/Aug/2020:09:56:20 +0700] "GET /.git/HEAD HTTP/1.1" 403 146 "-" "curl/7.47.0"
13.48.43.95 - - [17/Aug/2020:12:02:54 +0700] "GET /.git/HEAD HTTP/1.1" 403 146 "-" "curl/7.47.0"
131.220.6.156 - - [17/Aug/2020:20:02:41 +0700] "GET / HTTP/1.1" 200 7688 "-" "Mozilla/5.0 (X11; Linux x86_64) AppleWebKit/537.36 (KHTML, like Gecko) Chrome/79.0.3945.79 Safari/537.36"
5.255.253.144 - - [18/Aug/2020:11:29:58 +0700] "GET /robots.txt HTTP/1.0" 404 567 "-" "Mozilla/5.0 (compatible; YandexBot/3.0; +http://yandex.com/bots)"
5.255.253.144 - - [18/Aug/2020:11:30:05 +0700] "GET /robots.txt HTTP/1.0" 404 567 "-" "Mozilla/5.0 (compatible; YandexBot/3.0; +http://yandex.com/bots)"
5.255.253.144 - - [18/Aug/2020:11:30:08 +0700] "GET / HTTP/1.0" 200 386 "-" "Mozilla/5.0 (compatible; YandexBot/3.0; +http://yandex.com/bots)"
27.115.124.74 - - [18/Aug/2020:12:03:56 +0700] "GET / HTTP/1.0" 200 386 "-" "-"
27.115.124.75 - - [18/Aug/2020:12:03:59 +0700] "GET / HTTP/1.0" 200 386 "-" "Mozilla/5.0 (Macintosh; Intel Mac OS X 10_14_6) AppleWebKit/537.36 (KHTML, like Gecko) Chrome/81.0.4044.138 Safari/537.36"
27.115.124.75 - - [18/Aug/2020:12:04:00 +0700] "GET /img/favicon.ico HTTP/1.0" 200 406 "-" "Mozilla/5.0 (Macintosh; Intel Mac OS X 10_14_6) AppleWebKit/537.36 (KHTML, like Gecko) Chrome/81.0.4044.138 Safari/537.36"
27.115.124.74 - - [18/Aug/2020:12:04:00 +0700] "POST /dns-query HTTP/1.0" 404 566 "-" "Python-urllib/3.7"
27.115.124.75 - - [18/Aug/2020:12:04:01 +0700] "GET /robots.txt HTTP/1.0" 404 567 "-" "Mozilla/5.0 (Macintosh; Intel Mac OS X 10_14_6) AppleWebKit/537.36 (KHTML, like Gecko) Chrome/81.0.4044.138 Safari/537.36"
27.115.124.10 - - [18/Aug/2020:12:04:02 +0700] "GET /sitemap.xml HTTP/1.0" 404 568 "-" "Mozilla/5.0 (Macintosh; Intel Mac OS X 10_14_6) AppleWebKit/537.36 (KHTML, like Gecko) Chrome/81.0.4044.138 Safari/537.36"
27.115.124.74 - - [18/Aug/2020:12:04:08 +0700] "GET / HTTP/1.0" 200 6593 "-" "Mozilla/5.0 (Macintosh; Intel Mac OS X 10_14_6) AppleWebKit/537.36 (KHTML, like Gecko) Chrome/81.0.4044.138 Safari/537.36"
195.181.166.144 - - [18/Aug/2020:12:23:32 +0700] "GET /assets/global/plugins/jquery-file-upload/server/php/index.php?secure=1 HTTP/1.0" 403 622 "-" "Mozilla/5.0 (compatible; Googlebot/2.1; +http://www.google.com/bot.html)"
195.181.166.144 - - [18/Aug/2020:12:23:34 +0700] "GET /assets/plugins/jquery-file-upload/server/php/index.php?secure=1 HTTP/1.0" 403 615 "-" "Mozilla/5.0 (compatible; Googlebot/2.1; +http://www.google.com/bot.html)"
118.127.15.84 - - [18/Aug/2020:13:39:58 +0700] "GET / HTTP/1.0" 200 386 "-" "Mozilla/5.0 (Macintosh; Intel Mac OS X 10_9_3) AppleWebKit/537.36 (KHTML, like Gecko) Chrome/35.0.1916.47 Safari/537.36"
5.255.253.144 - - [18/Aug/2020:16:15:35 +0700] "GET /robots.txt HTTP/1.0" 404 567 "-" "Mozilla/5.0 (compatible; YandexBot/3.0; +http://yandex.com/bots)"
5.255.253.144 - - [18/Aug/2020:16:15:38 +0700] "GET / HTTP/1.0" 200 386 "-" "Mozilla/5.0 (compatible; YandexBot/3.0; +http://yandex.com/bots)"
5.255.253.144 - - [18/Aug/2020:11:30:08 +0700] "GET / HTTP/1.1" 200 7688 "-" "Mozilla/5.0 (compatible; YandexBot/3.0; +http://yandex.com/bots)"
27.115.124.74 - - [18/Aug/2020:12:03:56 +0700] "GET / HTTP/1.0" 200 32517 "-" "-"
27.115.124.10 - - [18/Aug/2020:12:03:56 +0700] "\x00\x00\x07\x00\x08\x00\x03\x00\x04\x00\x05\x00\x06" 400 150 "-" "-"
27.115.124.75 - - [18/Aug/2020:12:03:59 +0700] "GET / HTTP/1.1" 200 7688 "-" "Mozilla/5.0 (Macintosh; Intel Mac OS X 10_14_6) AppleWebKit/537.36 (KHTML, like Gecko) Chrome/81.0.4044.138 Safari/537.36"
27.115.124.75 - - [18/Aug/2020:12:04:00 +0700] "GET /img/favicon.ico HTTP/1.1" 200 1430 "-" "Mozilla/5.0 (Macintosh; Intel Mac OS X 10_14_6) AppleWebKit/537.36 (KHTML, like Gecko) Chrome/81.0.4044.138 Safari/537.36"
27.115.124.74 - - [18/Aug/2020:12:04:08 +0700] "GET / HTTP/1.1" 200 7688 "-" "Mozilla/5.0 (Macintosh; Intel Mac OS X 10_14_6) AppleWebKit/537.36 (KHTML, like Gecko) Chrome/81.0.4044.138 Safari/537.36"
118.127.15.84 - - [18/Aug/2020:13:39:58 +0700] "GET / HTTP/1.1" 200 32517 "-" "Mozilla/5.0 (Macintosh; Intel Mac OS X 10_9_3) AppleWebKit/537.36 (KHTML, like Gecko) Chrome/35.0.1916.47 Safari/537.36"
5.255.253.144 - - [18/Aug/2020:16:15:38 +0700] "GET / HTTP/1.1" 200 7688 "-" "Mozilla/5.0 (compatible; YandexBot/3.0; +http://yandex.com/bots)"
5.255.253.144 - - [21/Aug/2020:04:35:46 +0700] "GET /robots.txt HTTP/1.0" 404 567 "-" "Mozilla/5.0 (compatible; YandexBot/3.0; +http://yandex.com/bots)"
5.255.253.144 - - [21/Aug/2020:04:35:49 +0700] "GET /img/phone-screen2.png HTTP/1.0" 200 397 "-" "Mozilla/5.0 (compatible; YandexImages/3.0; +http://yandex.com/bots)"
18.185.188.19 - - [21/Aug/2020:09:01:47 +0700] "GET / HTTP/1.0" 200 386 "-" "Mozilla/5.0 (Windows NT 10.0; Win64; x64) AppleWebKit/537.36 (KHTML, like Gecko; compatible; BW/1.1; bit.ly/2W6Px8S) Chrome/84.0.4147.105 Safari/537.36"
18.185.188.19 - - [21/Aug/2020:09:01:48 +0700] "GET /robots.txt HTTP/1.0" 404 567 "-" "Mozilla/5.0 (Windows NT 10.0; Win64; x64) AppleWebKit/537.36 (KHTML, like Gecko; compatible; BW/1.1; bit.ly/2W6Px8S) Chrome/84.0.4147.105 Safari/537.36"
34.245.235.155 - - [21/Aug/2020:12:55:45 +0700] "GET /robots.txt HTTP/1.0" 404 567 "-" "PleskBot"
34.245.235.155 - - [21/Aug/2020:12:55:47 +0700] "GET / HTTP/1.0" 200 386 "-" "PleskBot"
