104.223.116.105 - - [03/Dec/2021:16:43:04 +0700] "GET / HTTP/1.1" 200 8212 "-" "Mozilla/5.0 (Windows NT 10.0; Win64; x64) AppleWebKit/537.36 (KHTML, like Gecko) Chrome/80.0.3987.149 Safari/537.36"
34.77.162.13 - - [03/Dec/2021:16:43:55 +0700] "GET / HTTP/1.1" 200 36096 "-" "Expanse indexes the network perimeters of our customers. If you have any questions or concerns, please reach out to: scaninfo@expanseinc.com"
157.55.39.148 - - [04/Dec/2021:11:38:19 +0700] "GET /robots.txt HTTP/1.0" 404 372 "-" "Mozilla/5.0 (compatible; bingbot/2.0; +http://www.bing.com/bingbot.htm)"
207.46.13.153 - - [04/Dec/2021:11:38:23 +0700] "GET /img/screenshot/img5.png HTTP/1.0" 200 305 "-" "Mozilla/5.0 (compatible; bingbot/2.0; +http://www.bing.com/bingbot.htm)"
103.131.71.133 - - [04/Dec/2021:13:48:17 +0700] "GET /robots.txt HTTP/1.0" 404 372 "-" "Mozilla/5.0 (compatible; coccocbot-web/1.0; +http://help.coccoc.com/searchengine)"
114.119.145.66 - - [04/Dec/2021:14:15:26 +0700] "GET /robots.txt HTTP/1.0" 404 372 "-" "Mozilla/5.0 (compatible;PetalBot;+https://webmaster.petalsearch.com/site/petalbot)"
114.119.146.185 - - [04/Dec/2021:17:40:54 +0700] "GET /robots.txt HTTP/1.0" 404 372 "-" "Mozilla/5.0 (compatible;PetalBot;+https://webmaster.petalsearch.com/site/petalbot)"
95.108.213.23 - - [04/Dec/2021:18:30:51 +0700] "GET /robots.txt HTTP/1.0" 404 372 "-" "Mozilla/5.0 (compatible; YandexBot/3.0; +http://yandex.com/bots)"
87.250.224.15 - - [04/Dec/2021:18:30:55 +0700] "GET / HTTP/1.0" 200 290 "-" "Mozilla/5.0 (compatible; YandexBot/3.0; +http://yandex.com/bots)"
103.131.71.89 - - [05/Dec/2021:02:26:32 +0700] "GET /robots.txt HTTP/1.0" 404 372 "-" "Mozilla/5.0 (compatible; coccocbot-web/1.0; +http://help.coccoc.com/searchengine)"
207.46.13.153 - - [04/Dec/2021:11:38:27 +0700] "GET /img/screenshot/img5.png HTTP/1.1" 200 887895 "-" "Mozilla/5.0 (compatible; bingbot/2.0; +http://www.bing.com/bingbot.htm)"
87.250.224.15 - - [04/Dec/2021:18:30:55 +0700] "GET / HTTP/1.1" 200 8212 "-" "Mozilla/5.0 (compatible; YandexBot/3.0; +http://yandex.com/bots)"
23.148.145.23 - - [05/Dec/2021:08:23:38 +0700] "GET /wp-content/ HTTP/1.0" 404 373 "-" "Mozilla/5.0 (Macintosh; Intel Mac OS X 10.15; rv:77.0) Gecko/20100101 Firefox/77.0"
92.118.160.9 - - [05/Dec/2021:08:41:24 +0700] "GET / HTTP/1.0" 200 290 "-" "NetSystemsResearch studies the availability of various services across the internet. Our website is netsystemsresearch.com"
47.184.222.159 - - [05/Dec/2021:12:07:03 +0700] "GET /img/screenshot/img3.png HTTP/1.0" 200 305 "-" "-"
47.250.52.82 - - [05/Dec/2021:13:17:50 +0700] "GET /img/screenshot/img3.png HTTP/1.0" 200 305 "-" "-"
14.185.173.157 - - [05/Dec/2021:14:31:57 +0700] "GET /img/screenshot/img3.png HTTP/1.0" 200 305 "-" "Mozilla/5.0 (Windows NT 6.1; Win64; x64) AppleWebKit/537.36 (KHTML, like Gecko) Chrome/71.0.3578.98 Safari/537.36"
103.131.71.133 - - [05/Dec/2021:17:08:49 +0700] "GET /robots.txt HTTP/1.0" 404 372 "-" "Mozilla/5.0 (compatible; coccocbot-web/1.0; +http://help.coccoc.com/searchengine)"
47.185.18.126 - - [05/Dec/2021:18:29:24 +0700] "GET /img/screenshot/img3.png HTTP/1.0" 200 305 "-" "-"
199.116.112.2 - - [05/Dec/2021:18:52:48 +0700] "GET /img/screenshot/img3.png HTTP/1.0" 200 305 "-" "-"
114.119.131.52 - - [05/Dec/2021:22:20:02 +0700] "GET /robots.txt HTTP/1.0" 404 372 "-" "Mozilla/5.0 (compatible;PetalBot;+https://webmaster.petalsearch.com/site/petalbot)"
92.118.160.9 - - [05/Dec/2021:08:41:24 +0700] "GET / HTTP/1.1" 200 36096 "-" "NetSystemsResearch studies the availability of various services across the internet. Our website is netsystemsresearch.com"
47.184.222.159 - - [05/Dec/2021:12:07:06 +0700] "GET /img/screenshot/img3.png HTTP/1.1" 200 176592 "-" "-"
47.250.52.82 - - [05/Dec/2021:13:17:50 +0700] "GET /img/screenshot/img3.png HTTP/1.1" 200 176592 "-" "-"
14.185.173.157 - - [05/Dec/2021:14:31:57 +0700] "GET /img/screenshot/img3.png HTTP/1.1" 200 176592 "-" "Mozilla/5.0 (Windows NT 6.1; Win64; x64) AppleWebKit/537.36 (KHTML, like Gecko) Chrome/71.0.3578.98 Safari/537.36"
47.185.18.126 - - [05/Dec/2021:18:29:25 +0700] "GET /img/screenshot/img3.png HTTP/1.1" 200 176592 "-" "-"
199.116.112.2 - - [05/Dec/2021:18:52:49 +0700] "GET /img/screenshot/img3.png HTTP/1.1" 200 176592 "-" "-"
104.144.47.251 - - [06/Dec/2021:09:04:41 +0700] "GET / HTTP/1.0" 200 290 "-" "Mozilla/5.0 (Windows NT 10.0; Win64; x64) AppleWebKit/537.36 (KHTML, like Gecko) Chrome/80.0.3987.149 Safari/537.36"
20.106.224.166 - - [06/Dec/2021:10:34:03 +0700] "GET / HTTP/1.0" 200 290 "-" "python-requests/2.26.0"
95.42.82.96 - - [06/Dec/2021:13:48:49 +0700] "GET /img/screenshot/img3.png HTTP/1.0" 200 305 "-" "-"
115.87.217.152 - - [06/Dec/2021:15:26:23 +0700] "GET /img/screenshot/img3.png HTTP/1.0" 200 305 "-" "-"
68.71.255.210 - - [06/Dec/2021:16:26:07 +0700] "GET /img/screenshot/img3.png HTTP/1.0" 200 305 "-" "-"
103.131.71.192 - - [06/Dec/2021:16:35:40 +0700] "GET /robots.txt HTTP/1.0" 404 372 "-" "Mozilla/5.0 (compatible; coccocbot-web/1.0; +http://help.coccoc.com/searchengine)"
184.178.172.21 - - [06/Dec/2021:18:46:54 +0700] "GET /img/screenshot/img3.png HTTP/1.0" 200 305 "-" "-"
67.201.33.12 - - [06/Dec/2021:19:28:21 +0700] "GET /img/screenshot/img3.png HTTP/1.0" 200 305 "-" "-"
114.119.151.206 - - [06/Dec/2021:22:52:55 +0700] "GET /robots.txt HTTP/1.0" 404 372 "-" "Mozilla/5.0 (compatible;PetalBot;+https://webmaster.petalsearch.com/site/petalbot)"
103.131.71.206 - - [06/Dec/2021:23:02:32 +0700] "GET /robots.txt HTTP/1.0" 404 372 "-" "Mozilla/5.0 (compatible; coccocbot-image/1.0; +http://help.coccoc.com/searchengine)"
104.144.47.251 - - [06/Dec/2021:09:04:41 +0700] "GET / HTTP/1.1" 200 8212 "-" "Mozilla/5.0 (Windows NT 10.0; Win64; x64) AppleWebKit/537.36 (KHTML, like Gecko) Chrome/80.0.3987.149 Safari/537.36"
20.106.224.166 - - [06/Dec/2021:10:34:03 +0700] "GET / HTTP/1.1" 200 8212 "-" "python-requests/2.26.0"
95.42.82.96 - - [06/Dec/2021:13:48:49 +0700] "GET /img/screenshot/img3.png HTTP/1.1" 200 176592 "-" "-"
115.87.217.152 - - [06/Dec/2021:15:26:24 +0700] "GET /img/screenshot/img3.png HTTP/1.1" 200 176592 "-" "-"
68.71.255.210 - - [06/Dec/2021:16:26:08 +0700] "GET /img/screenshot/img3.png HTTP/1.1" 200 176592 "-" "-"
184.178.172.21 - - [06/Dec/2021:18:46:55 +0700] "GET /img/screenshot/img3.png HTTP/1.1" 200 176592 "-" "-"
67.201.33.12 - - [06/Dec/2021:19:28:21 +0700] "GET /img/screenshot/img3.png HTTP/1.1" 200 176592 "-" "-"
103.131.71.201 - - [07/Dec/2021:19:31:34 +0700] "GET /robots.txt HTTP/1.0" 404 372 "-" "Mozilla/5.0 (compatible; coccocbot-image/1.0; +http://help.coccoc.com/searchengine)"
114.119.146.246 - - [07/Dec/2021:19:52:44 +0700] "GET /robots.txt HTTP/1.0" 404 372 "-" "Mozilla/5.0 (compatible;PetalBot;+https://webmaster.petalsearch.com/site/petalbot)"
157.55.39.200 - - [08/Dec/2021:06:58:40 +0700] "GET /robots.txt HTTP/1.0" 404 372 "-" "Mozilla/5.0 (compatible; bingbot/2.0; +http://www.bing.com/bingbot.htm)"
207.46.13.20 - - [08/Dec/2021:06:58:44 +0700] "GET /img/bg-autocad2016.png HTTP/1.0" 200 304 "-" "Mozilla/5.0 (compatible; bingbot/2.0; +http://www.bing.com/bingbot.htm)"
34.96.130.29 - - [08/Dec/2021:07:45:13 +0700] "GET / HTTP/1.0" 503 473 "-" "Expanse indexes the network perimeters of our customers. If you have any questions or concerns, please reach out to: scaninfo@expanseinc.com"
114.119.129.4 - - [08/Dec/2021:14:37:29 +0700] "GET /robots.txt HTTP/1.0" 404 372 "-" "Mozilla/5.0 (compatible;PetalBot;+https://webmaster.petalsearch.com/site/petalbot)"
207.46.13.153 - - [08/Dec/2021:19:34:08 +0700] "GET /img/Cad/smartdimensi.gif HTTP/1.0" 200 306 "-" "Mozilla/5.0 (compatible; bingbot/2.0; +http://www.bing.com/bingbot.htm)"
103.131.71.173 - - [08/Dec/2021:22:09:21 +0700] "GET /robots.txt HTTP/1.0" 404 372 "-" "Mozilla/5.0 (compatible; coccocbot-web/1.0; +http://help.coccoc.com/searchengine)"
104.223.116.105 - - [09/Dec/2021:03:13:43 +0700] "GET / HTTP/1.0" 200 290 "-" "Mozilla/5.0 (Windows NT 10.0; Win64; x64) AppleWebKit/537.36 (KHTML, like Gecko) Chrome/80.0.3987.149 Safari/537.36"
207.46.13.20 - - [08/Dec/2021:06:58:46 +0700] "GET /img/bg-autocad2016.png HTTP/1.1" 200 491235 "-" "Mozilla/5.0 (compatible; bingbot/2.0; +http://www.bing.com/bingbot.htm)"
207.46.13.153 - - [08/Dec/2021:19:34:09 +0700] "GET /img/Cad/smartdimensi.gif HTTP/1.1" 200 366754 "-" "Mozilla/5.0 (compatible; bingbot/2.0; +http://www.bing.com/bingbot.htm)"
104.223.116.105 - - [09/Dec/2021:03:13:43 +0700] "GET / HTTP/1.1" 200 8212 "-" "Mozilla/5.0 (Windows NT 10.0; Win64; x64) AppleWebKit/537.36 (KHTML, like Gecko) Chrome/80.0.3987.149 Safari/537.36"
114.119.142.69 - - [09/Dec/2021:11:12:52 +0700] "GET /robots.txt HTTP/1.0" 404 372 "-" "Mozilla/5.0 (compatible;PetalBot;+https://webmaster.petalsearch.com/site/petalbot)"
103.131.71.154 - - [09/Dec/2021:23:27:27 +0700] "GET /robots.txt HTTP/1.0" 404 372 "-" "Mozilla/5.0 (compatible; coccocbot-web/1.0; +http://help.coccoc.com/searchengine)"
23.148.145.38 - - [09/Dec/2021:23:36:45 +0700] "GET /wp-content/ HTTP/1.0" 404 373 "-" "Mozilla/5.0 (Macintosh; Intel Mac OS X 10.15; rv:77.0) Gecko/20100101 Firefox/77.0"
114.119.135.34 - - [10/Dec/2021:07:39:06 +0700] "GET /robots.txt HTTP/1.0" 404 372 "-" "Mozilla/5.0 (compatible;PetalBot;+https://webmaster.petalsearch.com/site/petalbot)"
157.55.39.200 - - [10/Dec/2021:08:59:10 +0700] "GET /robots.txt HTTP/1.0" 404 372 "-" "Mozilla/5.0 (compatible; bingbot/2.0; +http://www.bing.com/bingbot.htm)"
207.46.13.153 - - [10/Dec/2021:08:59:16 +0700] "GET /img/screenshot/img5.png HTTP/1.0" 200 305 "-" "Mozilla/5.0 (compatible; bingbot/2.0; +http://www.bing.com/bingbot.htm)"
87.250.224.49 - - [10/Dec/2021:19:03:21 +0700] "GET /robots.txt HTTP/1.0" 404 372 "-" "Mozilla/5.0 (compatible; YandexBot/3.0; +http://yandex.com/bots)"
87.250.224.14 - - [10/Dec/2021:19:03:26 +0700] "GET / HTTP/1.0" 200 290 "-" "Mozilla/5.0 (compatible; YandexBot/3.0; +http://yandex.com/bots)"
34.86.35.29 - - [10/Dec/2021:19:34:48 +0700] "GET / HTTP/1.0" 200 290 "-" "Expanse indexes the network perimeters of our customers. If you have any questions or concerns, please reach out to: scaninfo@expanseinc.com"
159.223.148.120 - - [10/Dec/2021:21:12:57 +0700] "POST / HTTP/1.0" 200 8494 "-" "Mozilla/5.0 (X11; Linux x86_64) AppleWebKit/537.36 (KHTML, like Gecko) Chrome/81.0.4044.129 Safari/537.36"
103.131.71.184 - - [10/Dec/2021:23:54:39 +0700] "GET /robots.txt HTTP/1.0" 404 372 "-" "Mozilla/5.0 (compatible; coccocbot-web/1.0; +http://help.coccoc.com/searchengine)"
95.211.186.231 - - [10/Dec/2021:23:55:53 +0700] "GET / HTTP/1.0" 200 290 "-" "-"
103.124.251.212 - - [11/Dec/2021:02:20:03 +0700] "GET /dup-installer/main.installer.php HTTP/1.0" 404 394 "-" "-"
207.46.13.153 - - [10/Dec/2021:08:59:18 +0700] "GET /img/screenshot/img5.png HTTP/1.1" 200 887895 "-" "Mozilla/5.0 (compatible; bingbot/2.0; +http://www.bing.com/bingbot.htm)"
87.250.224.14 - - [10/Dec/2021:19:03:26 +0700] "GET / HTTP/1.1" 200 8212 "-" "Mozilla/5.0 (compatible; YandexBot/3.0; +http://yandex.com/bots)"
34.86.35.29 - - [10/Dec/2021:19:34:48 +0700] "GET / HTTP/1.1" 200 36096 "-" "Expanse indexes the network perimeters of our customers. If you have any questions or concerns, please reach out to: scaninfo@expanseinc.com"
159.223.148.120 - - [10/Dec/2021:21:12:47 +0700] "GET /.env HTTP/1.1" 403 548 "-" "Mozilla/5.0 (X11; Linux x86_64) AppleWebKit/537.36 (KHTML, like Gecko) Chrome/81.0.4044.129 Safari/537.36"
95.211.186.231 - - [10/Dec/2021:23:55:53 +0700] "GET / HTTP/1.1" 200 8212 "-" "-"
103.131.71.53 - - [11/Dec/2021:05:56:47 +0700] "GET /robots.txt HTTP/1.0" 404 372 "-" "Mozilla/5.0 (compatible; coccocbot-image/1.0; +http://help.coccoc.com/searchengine)"
87.250.224.37 - - [11/Dec/2021:06:06:03 +0700] "GET /robots.txt HTTP/1.0" 404 372 "-" "Mozilla/5.0 (compatible; YandexBot/3.0; +http://yandex.com/bots)"
87.250.224.121 - - [11/Dec/2021:06:06:07 +0700] "GET / HTTP/1.0" 200 290 "-" "Mozilla/5.0 (compatible; YandexBot/3.0; +http://yandex.com/bots)"
103.131.71.192 - - [11/Dec/2021:08:48:17 +0700] "GET /robots.txt HTTP/1.0" 404 372 "-" "Mozilla/5.0 (compatible; coccocbot-web/1.0; +http://help.coccoc.com/searchengine)"
20.106.224.166 - - [11/Dec/2021:13:41:56 +0700] "GET / HTTP/1.0" 200 290 "-" "python-requests/2.26.0"
149.202.191.30 - - [11/Dec/2021:14:39:16 +0700] "GET / HTTP/1.0" 200 290 "-" "Mozilla/5.0 (Windows NT 10.0; Win64; x64) AppleWebKit/537.36 (KHTML, like Gecko) Chrome/80.0.3987.149 Safari/537.36"
103.131.71.184 - - [12/Dec/2021:01:17:32 +0700] "GET /robots.txt HTTP/1.0" 404 372 "-" "Mozilla/5.0 (compatible; coccocbot-web/1.0; +http://help.coccoc.com/searchengine)"
91.102.231.245 - - [12/Dec/2021:03:05:50 +0700] "GET /user/register/ HTTP/1.0" 404 376 "-" "Mozilla/5.0 (Windows; U; Windows NT 5.1; de; rv:1.9) Gecko/2008052906 Firefox/3.0"
87.250.224.121 - - [11/Dec/2021:06:06:07 +0700] "GET / HTTP/1.1" 200 8212 "-" "Mozilla/5.0 (compatible; YandexBot/3.0; +http://yandex.com/bots)"
20.106.224.166 - - [11/Dec/2021:13:41:56 +0700] "GET / HTTP/1.1" 200 8212 "-" "python-requests/2.26.0"
149.202.191.30 - - [11/Dec/2021:14:39:16 +0700] "GET / HTTP/1.1" 200 8212 "-" "Mozilla/5.0 (Windows NT 10.0; Win64; x64) AppleWebKit/537.36 (KHTML, like Gecko) Chrome/80.0.3987.149 Safari/537.36"
114.119.150.22 - - [12/Dec/2021:10:23:04 +0700] "GET /robots.txt HTTP/1.0" 404 372 "-" "Mozilla/5.0 (compatible;PetalBot;+https://webmaster.petalsearch.com/site/petalbot)"
92.118.160.37 - - [12/Dec/2021:16:48:14 +0700] "GET / HTTP/1.0" 200 290 "-" "NetSystemsResearch studies the availability of various services across the internet. Our website is netsystemsresearch.com"
114.119.137.211 - - [12/Dec/2021:22:18:07 +0700] "GET /robots.txt HTTP/1.0" 404 372 "-" "Mozilla/5.0 (compatible;PetalBot;+https://webmaster.petalsearch.com/site/petalbot)"
103.131.71.160 - - [13/Dec/2021:02:00:00 +0700] "GET /robots.txt HTTP/1.0" 404 372 "-" "Mozilla/5.0 (compatible; coccocbot-web/1.0; +http://help.coccoc.com/searchengine)"
92.118.160.37 - - [12/Dec/2021:16:48:14 +0700] "GET / HTTP/1.1" 200 36096 "-" "NetSystemsResearch studies the availability of various services across the internet. Our website is netsystemsresearch.com"
95.211.186.231 - - [13/Dec/2021:07:12:33 +0700] "GET / HTTP/1.0" 200 290 "-" "-"
103.131.71.129 - - [13/Dec/2021:09:21:16 +0700] "GET /robots.txt HTTP/1.0" 404 372 "-" "Mozilla/5.0 (compatible; coccocbot-web/1.0; +http://help.coccoc.com/searchengine)"
114.119.149.159 - - [13/Dec/2021:09:47:56 +0700] "GET /robots.txt HTTP/1.0" 404 372 "-" "Mozilla/5.0 (compatible;PetalBot;+https://webmaster.petalsearch.com/site/petalbot)"
20.124.33.171 - - [13/Dec/2021:13:20:35 +0700] "GET / HTTP/1.0" 200 290 "-" "-"
20.124.33.171 - - [13/Dec/2021:13:20:35 +0700] "GET /wp-admin HTTP/1.0" 404 370 "-" "-"
20.124.33.171 - - [13/Dec/2021:13:20:35 +0700] "GET /wordpress HTTP/1.0" 404 371 "-" "-"
20.124.33.171 - - [13/Dec/2021:13:20:36 +0700] "GET /wp HTTP/1.0" 404 364 "-" "-"
20.124.33.171 - - [13/Dec/2021:13:20:36 +0700] "GET /blog HTTP/1.0" 404 366 "-" "-"
20.124.33.171 - - [13/Dec/2021:13:20:37 +0700] "GET /new HTTP/1.0" 404 365 "-" "-"
20.124.33.171 - - [13/Dec/2021:13:20:37 +0700] "GET /old HTTP/1.0" 404 365 "-" "-"
20.124.33.171 - - [13/Dec/2021:13:20:37 +0700] "GET /newsite HTTP/1.0" 404 369 "-" "-"
20.124.33.171 - - [13/Dec/2021:13:20:38 +0700] "GET /test HTTP/1.0" 301 524 "-" "-"
20.124.33.171 - - [13/Dec/2021:13:20:38 +0700] "GET /test/ HTTP/1.0" 403 371 "-" "-"
20.124.33.171 - - [13/Dec/2021:13:20:38 +0700] "GET /main HTTP/1.0" 404 366 "-" "-"
20.124.33.171 - - [13/Dec/2021:13:20:39 +0700] "GET /cms HTTP/1.0" 404 365 "-" "-"
20.124.33.171 - - [13/Dec/2021:13:20:39 +0700] "GET /dev HTTP/1.0" 404 365 "-" "-"
20.124.33.171 - - [13/Dec/2021:13:20:39 +0700] "GET /backup HTTP/1.0" 404 368 "-" "-"
20.124.33.171 - - [13/Dec/2021:13:20:40 +0700] "GET /protal HTTP/1.0" 404 368 "-" "-"
167.160.170.7 - - [13/Dec/2021:14:58:37 +0700] "GET / HTTP/1.0" 200 290 "-" "Mozilla/5.0 (Windows NT 10.0; Win64; x64) AppleWebKit/537.36 (KHTML, like Gecko) Chrome/80.0.3987.149 Safari/537.36"
103.131.71.37 - - [13/Dec/2021:16:03:02 +0700] "GET /robots.txt HTTP/1.0" 404 372 "-" "Mozilla/5.0 (compatible; coccocbot-image/1.0; +http://help.coccoc.com/searchengine)"
64.147.91.228 - - [13/Dec/2021:20:46:39 +0700] "GET / HTTP/1.0" 200 290 "https://www.google.com/" "Mozilla/5.0 (Windows NT 10.0; Win64; x64) AppleWebKit/537.36 (KHTML, like Gecko) Chrome/96.0.4664.45 Safari/537.36"
64.147.91.228 - - [13/Dec/2021:20:46:39 +0700] "GET /css/overwrite.css HTTP/1.0" 200 298 "http://autocad.cic.com.vn/" "Mozilla/5.0 (Windows NT 10.0; Win64; x64) AppleWebKit/537.36 (KHTML, like Gecko) Chrome/96.0.4664.45 Safari/537.36"
64.147.91.228 - - [13/Dec/2021:20:46:40 +0700] "GET /css/bootstrap.min.css HTTP/1.0" 200 302 "http://autocad.cic.com.vn/" "Mozilla/5.0 (Windows NT 10.0; Win64; x64) AppleWebKit/537.36 (KHTML, like Gecko) Chrome/96.0.4664.45 Safari/537.36"
64.147.91.228 - - [13/Dec/2021:20:46:40 +0700] "GET /css/font-awesome.css HTTP/1.0" 200 301 "http://autocad.cic.com.vn/" "Mozilla/5.0 (Windows NT 10.0; Win64; x64) AppleWebKit/537.36 (KHTML, like Gecko) Chrome/96.0.4664.45 Safari/537.36"
64.147.91.228 - - [13/Dec/2021:20:46:40 +0700] "GET /fonts/open-sans/stylesheet.css HTTP/1.0" 200 311 "http://autocad.cic.com.vn/" "Mozilla/5.0 (Windows NT 10.0; Win64; x64) AppleWebKit/537.36 (KHTML, like Gecko) Chrome/96.0.4664.45 Safari/537.36"
64.147.91.228 - - [13/Dec/2021:20:46:40 +0700] "GET /fonts/pe-icon-7-stroke/css/helper.css HTTP/1.0" 200 318 "http://autocad.cic.com.vn/" "Mozilla/5.0 (Windows NT 10.0; Win64; x64) AppleWebKit/537.36 (KHTML, like Gecko) Chrome/96.0.4664.45 Safari/537.36"
64.147.91.228 - - [13/Dec/2021:20:46:40 +0700] "GET /fonts/pe-icon-7-stroke/css/pe-icon-7-stroke.css HTTP/1.0" 200 328 "http://autocad.cic.com.vn/" "Mozilla/5.0 (Windows NT 10.0; Win64; x64) AppleWebKit/537.36 (KHTML, like Gecko) Chrome/96.0.4664.45 Safari/537.36"
64.147.91.228 - - [13/Dec/2021:20:46:40 +0700] "GET /css/prettyPhoto.css HTTP/1.0" 200 300 "http://autocad.cic.com.vn/" "Mozilla/5.0 (Windows NT 10.0; Win64; x64) AppleWebKit/537.36 (KHTML, like Gecko) Chrome/96.0.4664.45 Safari/537.36"
64.147.91.228 - - [13/Dec/2021:20:46:40 +0700] "GET /css/animate.css HTTP/1.0" 200 296 "http://autocad.cic.com.vn/" "Mozilla/5.0 (Windows NT 10.0; Win64; x64) AppleWebKit/537.36 (KHTML, like Gecko) Chrome/96.0.4664.45 Safari/537.36"
64.147.91.228 - - [13/Dec/2021:20:46:40 +0700] "GET /css/owl.carousel.css HTTP/1.0" 200 301 "http://autocad.cic.com.vn/" "Mozilla/5.0 (Windows NT 10.0; Win64; x64) AppleWebKit/537.36 (KHTML, like Gecko) Chrome/96.0.4664.45 Safari/537.36"
64.147.91.228 - - [13/Dec/2021:20:46:40 +0700] "GET /css/flexslider.css HTTP/1.0" 200 299 "http://autocad.cic.com.vn/" "Mozilla/5.0 (Windows NT 10.0; Win64; x64) AppleWebKit/537.36 (KHTML, like Gecko) Chrome/96.0.4664.45 Safari/537.36"
64.147.91.228 - - [13/Dec/2021:20:46:40 +0700] "GET /css/owl.theme.css HTTP/1.0" 200 298 "http://autocad.cic.com.vn/" "Mozilla/5.0 (Windows NT 10.0; Win64; x64) AppleWebKit/537.36 (KHTML, like Gecko) Chrome/96.0.4664.45 Safari/537.36"
64.147.91.228 - - [13/Dec/2021:20:46:41 +0700] "GET /css/owl.transitions.css HTTP/1.0" 200 304 "http://autocad.cic.com.vn/" "Mozilla/5.0 (Windows NT 10.0; Win64; x64) AppleWebKit/537.36 (KHTML, like Gecko) Chrome/96.0.4664.45 Safari/537.36"
64.147.91.228 - - [13/Dec/2021:20:46:41 +0700] "GET /skins/default.css HTTP/1.0" 200 298 "http://autocad.cic.com.vn/" "Mozilla/5.0 (Windows NT 10.0; Win64; x64) AppleWebKit/537.36 (KHTML, like Gecko) Chrome/96.0.4664.45 Safari/537.36"
64.147.91.228 - - [13/Dec/2021:20:46:41 +0700] "GET /js/counters/jquery-1.9.1.min.js HTTP/1.0" 200 326 "http://autocad.cic.com.vn/" "Mozilla/5.0 (Windows NT 10.0; Win64; x64) AppleWebKit/537.36 (KHTML, like Gecko) Chrome/96.0.4664.45 Safari/537.36"
64.147.91.228 - - [13/Dec/2021:20:46:41 +0700] "GET /css/style.css HTTP/1.0" 200 294 "http://autocad.cic.com.vn/" "Mozilla/5.0 (Windows NT 10.0; Win64; x64) AppleWebKit/537.36 (KHTML, like Gecko) Chrome/96.0.4664.45 Safari/537.36"
64.147.91.228 - - [13/Dec/2021:20:46:41 +0700] "GET /css/colorpicker.css HTTP/1.0" 200 300 "http://autocad.cic.com.vn/" "Mozilla/5.0 (Windows NT 10.0; Win64; x64) AppleWebKit/537.36 (KHTML, like Gecko) Chrome/96.0.4664.45 Safari/537.36"
64.147.91.228 - - [13/Dec/2021:20:46:41 +0700] "GET /css/counter/time.css HTTP/1.0" 200 301 "http://autocad.cic.com.vn/" "Mozilla/5.0 (Windows NT 10.0; Win64; x64) AppleWebKit/537.36 (KHTML, like Gecko) Chrome/96.0.4664.45 Safari/537.36"
64.147.91.228 - - [13/Dec/2021:20:46:41 +0700] "GET /js/counters/jquery.countdown.js HTTP/1.0" 200 326 "http://autocad.cic.com.vn/" "Mozilla/5.0 (Windows NT 10.0; Win64; x64) AppleWebKit/537.36 (KHTML, like Gecko) Chrome/96.0.4664.45 Safari/537.36"
64.147.91.228 - - [13/Dec/2021:20:46:42 +0700] "GET /js/jquery.js HTTP/1.0" 200 307 "http://autocad.cic.com.vn/" "Mozilla/5.0 (Windows NT 10.0; Win64; x64) AppleWebKit/537.36 (KHTML, like Gecko) Chrome/96.0.4664.45 Safari/537.36"
64.147.91.228 - - [13/Dec/2021:20:46:43 +0700] "GET /js/bootstrap.min.js HTTP/1.0" 200 314 "http://autocad.cic.com.vn/" "Mozilla/5.0 (Windows NT 10.0; Win64; x64) AppleWebKit/537.36 (KHTML, like Gecko) Chrome/96.0.4664.45 Safari/537.36"
64.147.91.228 - - [13/Dec/2021:20:46:44 +0700] "GET /js/jquery-easing-1.3.js HTTP/1.0" 200 318 "http://autocad.cic.com.vn/" "Mozilla/5.0 (Windows NT 10.0; Win64; x64) AppleWebKit/537.36 (KHTML, like Gecko) Chrome/96.0.4664.45 Safari/537.36"
64.147.91.228 - - [13/Dec/2021:20:46:44 +0700] "GET / HTTP/1.0" 200 290 "http://www.google.com/url?sa=t&rct=j&q=&esrc=s&source=web&cd=4&ved=0CEAQFjAF&url=http%3A%2F%2Fautocad.cic.com.vn%2F&ei=w063YfqCD77iZqtT&usg=AFQjCNHW_sqmZmXC-0WvQW_JNjdfo8b5NQ" "Mozilla/5.0 (iPhone; CPU iPhone OS 14_8 like Mac OS X) AppleWebKit/605.1.15 (KHTML, like Gecko) Version/14.1.2 Mobile/15E148 Safari/604.1"
64.147.91.228 - - [13/Dec/2021:20:46:44 +0700] "GET /js/flexslider/jquery.flexslider.js HTTP/1.0" 200 329 "http://autocad.cic.com.vn/" "Mozilla/5.0 (Windows NT 10.0; Win64; x64) AppleWebKit/537.36 (KHTML, like Gecko) Chrome/96.0.4664.45 Safari/537.36"
64.147.91.228 - - [13/Dec/2021:20:46:44 +0700] "GET /js/flexslider/setting.js HTTP/1.0" 200 549 "http://autocad.cic.com.vn/" "Mozilla/5.0 (Windows NT 10.0; Win64; x64) AppleWebKit/537.36 (KHTML, like Gecko) Chrome/96.0.4664.45 Safari/537.36"
64.147.91.228 - - [13/Dec/2021:20:46:45 +0700] "GET /js/prettyPhoto/jquery.prettyPhoto.js HTTP/1.0" 200 331 "http://autocad.cic.com.vn/" "Mozilla/5.0 (Windows NT 10.0; Win64; x64) AppleWebKit/537.36 (KHTML, like Gecko) Chrome/96.0.4664.45 Safari/537.36"
64.147.91.228 - - [13/Dec/2021:20:46:45 +0700] "GET /css/overwrite.css HTTP/1.0" 200 298 "http://autocad.cic.com.vn/" "Mozilla/5.0 (iPhone; CPU iPhone OS 14_8 like Mac OS X) AppleWebKit/605.1.15 (KHTML, like Gecko) Version/14.1.2 Mobile/15E148 Safari/604.1"
64.147.91.228 - - [13/Dec/2021:20:46:45 +0700] "GET /css/bootstrap.min.css HTTP/1.0" 200 302 "http://autocad.cic.com.vn/" "Mozilla/5.0 (iPhone; CPU iPhone OS 14_8 like Mac OS X) AppleWebKit/605.1.15 (KHTML, like Gecko) Version/14.1.2 Mobile/15E148 Safari/604.1"
64.147.91.228 - - [13/Dec/2021:20:46:45 +0700] "GET /fonts/pe-icon-7-stroke/css/helper.css HTTP/1.0" 200 318 "http://autocad.cic.com.vn/" "Mozilla/5.0 (iPhone; CPU iPhone OS 14_8 like Mac OS X) AppleWebKit/605.1.15 (KHTML, like Gecko) Version/14.1.2 Mobile/15E148 Safari/604.1"
64.147.91.228 - - [13/Dec/2021:20:46:45 +0700] "GET / HTTP/1.0" 200 290 "http://www.google.com/url?sa=t&rct=j&q=&esrc=s&source=web&cd=1&ved=0CCAQFjAB&url=http%3A%2F%2Fautocad.cic.com.vn%2F&ei=xU63YbfqFJzp_QKPhwE&usg=AFQjCNHW_sqmZmXC-0WvQW_JNjdfo8b5NQ" "Mozilla/5.0 (iPhone; CPU iPhone OS 14_8 like Mac OS X) AppleWebKit/605.1.15 (KHTML, like Gecko) Version/14.1.2 Mobile/15E148 Safari/604.1"
64.147.91.228 - - [13/Dec/2021:20:46:45 +0700] "GET /css/font-awesome.css HTTP/1.0" 200 301 "http://autocad.cic.com.vn/" "Mozilla/5.0 (iPhone; CPU iPhone OS 14_8 like Mac OS X) AppleWebKit/605.1.15 (KHTML, like Gecko) Version/14.1.2 Mobile/15E148 Safari/604.1"
64.147.91.228 - - [13/Dec/2021:20:46:45 +0700] "GET /fonts/open-sans/stylesheet.css HTTP/1.0" 200 311 "http://autocad.cic.com.vn/" "Mozilla/5.0 (iPhone; CPU iPhone OS 14_8 like Mac OS X) AppleWebKit/605.1.15 (KHTML, like Gecko) Version/14.1.2 Mobile/15E148 Safari/604.1"
64.147.91.228 - - [13/Dec/2021:20:46:45 +0700] "GET /fonts/pe-icon-7-stroke/css/pe-icon-7-stroke.css HTTP/1.0" 200 328 "http://autocad.cic.com.vn/" "Mozilla/5.0 (iPhone; CPU iPhone OS 14_8 like Mac OS X) AppleWebKit/605.1.15 (KHTML, like Gecko) Version/14.1.2 Mobile/15E148 Safari/604.1"
64.147.91.228 - - [13/Dec/2021:20:46:45 +0700] "GET / HTTP/1.0" 200 290 "https://www.google.com/" "Mozilla/5.0 (Linux; Android 12; SM-G998U) AppleWebKit/537.36 (KHTML, like Gecko) Chrome/96.0.4664.45 Mobile Safari/537.36"
64.147.91.228 - - [13/Dec/2021:20:46:45 +0700] "GET /js/prettyPhoto/setting.js HTTP/1.0" 200 565 "http://autocad.cic.com.vn/" "Mozilla/5.0 (Windows NT 10.0; Win64; x64) AppleWebKit/537.36 (KHTML, like Gecko) Chrome/96.0.4664.45 Safari/537.36"
64.147.91.228 - - [13/Dec/2021:20:46:46 +0700] "GET /css/animate.css HTTP/1.0" 200 296 "http://autocad.cic.com.vn/" "Mozilla/5.0 (iPhone; CPU iPhone OS 14_8 like Mac OS X) AppleWebKit/605.1.15 (KHTML, like Gecko) Version/14.1.2 Mobile/15E148 Safari/604.1"
64.147.91.228 - - [13/Dec/2021:20:46:46 +0700] "GET /css/prettyPhoto.css HTTP/1.0" 200 300 "http://autocad.cic.com.vn/" "Mozilla/5.0 (iPhone; CPU iPhone OS 14_8 like Mac OS X) AppleWebKit/605.1.15 (KHTML, like Gecko) Version/14.1.2 Mobile/15E148 Safari/604.1"
64.147.91.228 - - [13/Dec/2021:20:46:46 +0700] "GET /css/overwrite.css HTTP/1.0" 200 298 "http://autocad.cic.com.vn/" "Mozilla/5.0 (iPhone; CPU iPhone OS 14_8 like Mac OS X) AppleWebKit/605.1.15 (KHTML, like Gecko) Version/14.1.2 Mobile/15E148 Safari/604.1"
64.147.91.228 - - [13/Dec/2021:20:46:46 +0700] "GET /fonts/pe-icon-7-stroke/css/pe-icon-7-stroke.css HTTP/1.0" 200 328 "http://autocad.cic.com.vn/" "Mozilla/5.0 (iPhone; CPU iPhone OS 14_8 like Mac OS X) AppleWebKit/605.1.15 (KHTML, like Gecko) Version/14.1.2 Mobile/15E148 Safari/604.1"
64.147.91.228 - - [13/Dec/2021:20:46:46 +0700] "GET /fonts/open-sans/stylesheet.css HTTP/1.0" 200 311 "http://autocad.cic.com.vn/" "Mozilla/5.0 (iPhone; CPU iPhone OS 14_8 like Mac OS X) AppleWebKit/605.1.15 (KHTML, like Gecko) Version/14.1.2 Mobile/15E148 Safari/604.1"
64.147.91.228 - - [13/Dec/2021:20:46:46 +0700] "GET /css/bootstrap.min.css HTTP/1.0" 200 302 "http://autocad.cic.com.vn/" "Mozilla/5.0 (iPhone; CPU iPhone OS 14_8 like Mac OS X) AppleWebKit/605.1.15 (KHTML, like Gecko) Version/14.1.2 Mobile/15E148 Safari/604.1"
64.147.91.228 - - [13/Dec/2021:20:46:46 +0700] "GET /fonts/pe-icon-7-stroke/css/helper.css HTTP/1.0" 200 318 "http://autocad.cic.com.vn/" "Mozilla/5.0 (iPhone; CPU iPhone OS 14_8 like Mac OS X) AppleWebKit/605.1.15 (KHTML, like Gecko) Version/14.1.2 Mobile/15E148 Safari/604.1"
64.147.91.228 - - [13/Dec/2021:20:46:46 +0700] "GET /css/flexslider.css HTTP/1.0" 200 299 "http://autocad.cic.com.vn/" "Mozilla/5.0 (iPhone; CPU iPhone OS 14_8 like Mac OS X) AppleWebKit/605.1.15 (KHTML, like Gecko) Version/14.1.2 Mobile/15E148 Safari/604.1"
64.147.91.228 - - [13/Dec/2021:20:46:46 +0700] "GET /css/owl.carousel.css HTTP/1.0" 200 301 "http://autocad.cic.com.vn/" "Mozilla/5.0 (iPhone; CPU iPhone OS 14_8 like Mac OS X) AppleWebKit/605.1.15 (KHTML, like Gecko) Version/14.1.2 Mobile/15E148 Safari/604.1"
64.147.91.228 - - [13/Dec/2021:20:46:46 +0700] "GET /css/font-awesome.css HTTP/1.0" 200 301 "http://autocad.cic.com.vn/" "Mozilla/5.0 (iPhone; CPU iPhone OS 14_8 like Mac OS X) AppleWebKit/605.1.15 (KHTML, like Gecko) Version/14.1.2 Mobile/15E148 Safari/604.1"
64.147.91.228 - - [13/Dec/2021:20:46:46 +0700] "GET /css/owl.transitions.css HTTP/1.0" 200 304 "http://autocad.cic.com.vn/" "Mozilla/5.0 (iPhone; CPU iPhone OS 14_8 like Mac OS X) AppleWebKit/605.1.15 (KHTML, like Gecko) Version/14.1.2 Mobile/15E148 Safari/604.1"
64.147.91.228 - - [13/Dec/2021:20:46:46 +0700] "GET /css/owl.theme.css HTTP/1.0" 200 298 "http://autocad.cic.com.vn/" "Mozilla/5.0 (iPhone; CPU iPhone OS 14_8 like Mac OS X) AppleWebKit/605.1.15 (KHTML, like Gecko) Version/14.1.2 Mobile/15E148 Safari/604.1"
64.147.91.228 - - [13/Dec/2021:20:46:46 +0700] "GET /img/logo.png HTTP/1.0" 200 294 "http://autocad.cic.com.vn/" "Mozilla/5.0 (Windows NT 10.0; Win64; x64) AppleWebKit/537.36 (KHTML, like Gecko) Chrome/96.0.4664.45 Safari/537.36"
64.147.91.228 - - [13/Dec/2021:20:46:46 +0700] "GET /css/overwrite.css HTTP/1.0" 200 298 "http://autocad.cic.com.vn/" "Mozilla/5.0 (Linux; Android 12; SM-G998U) AppleWebKit/537.36 (KHTML, like Gecko) Chrome/96.0.4664.45 Mobile Safari/537.36"
64.147.91.228 - - [13/Dec/2021:20:46:46 +0700] "GET /fonts/open-sans/stylesheet.css HTTP/1.0" 200 311 "http://autocad.cic.com.vn/" "Mozilla/5.0 (Linux; Android 12; SM-G998U) AppleWebKit/537.36 (KHTML, like Gecko) Chrome/96.0.4664.45 Mobile Safari/537.36"
64.147.91.228 - - [13/Dec/2021:20:46:46 +0700] "GET /css/bootstrap.min.css HTTP/1.0" 200 302 "http://autocad.cic.com.vn/" "Mozilla/5.0 (Linux; Android 12; SM-G998U) AppleWebKit/537.36 (KHTML, like Gecko) Chrome/96.0.4664.45 Mobile Safari/537.36"
64.147.91.228 - - [13/Dec/2021:20:46:46 +0700] "GET /css/font-awesome.css HTTP/1.0" 200 301 "http://autocad.cic.com.vn/" "Mozilla/5.0 (Linux; Android 12; SM-G998U) AppleWebKit/537.36 (KHTML, like Gecko) Chrome/96.0.4664.45 Mobile Safari/537.36"
64.147.91.228 - - [13/Dec/2021:20:46:46 +0700] "GET /fonts/pe-icon-7-stroke/css/pe-icon-7-stroke.css HTTP/1.0" 200 328 "http://autocad.cic.com.vn/" "Mozilla/5.0 (Linux; Android 12; SM-G998U) AppleWebKit/537.36 (KHTML, like Gecko) Chrome/96.0.4664.45 Mobile Safari/537.36"
64.147.91.228 - - [13/Dec/2021:20:46:46 +0700] "GET /img/bg-autocad2016.png HTTP/1.0" 200 304 "http://autocad.cic.com.vn/" "Mozilla/5.0 (Windows NT 10.0; Win64; x64) AppleWebKit/537.36 (KHTML, like Gecko) Chrome/96.0.4664.45 Safari/537.36"
64.147.91.228 - - [13/Dec/2021:20:46:46 +0700] "GET /fonts/pe-icon-7-stroke/css/helper.css HTTP/1.0" 200 318 "http://autocad.cic.com.vn/" "Mozilla/5.0 (Linux; Android 12; SM-G998U) AppleWebKit/537.36 (KHTML, like Gecko) Chrome/96.0.4664.45 Mobile Safari/537.36"
64.147.91.228 - - [13/Dec/2021:20:46:46 +0700] "GET /css/style.css HTTP/1.0" 200 294 "http://autocad.cic.com.vn/" "Mozilla/5.0 (iPhone; CPU iPhone OS 14_8 like Mac OS X) AppleWebKit/605.1.15 (KHTML, like Gecko) Version/14.1.2 Mobile/15E148 Safari/604.1"
64.147.91.228 - - [13/Dec/2021:20:46:47 +0700] "GET /skins/default.css HTTP/1.0" 200 298 "http://autocad.cic.com.vn/" "Mozilla/5.0 (iPhone; CPU iPhone OS 14_8 like Mac OS X) AppleWebKit/605.1.15 (KHTML, like Gecko) Version/14.1.2 Mobile/15E148 Safari/604.1"
64.147.91.228 - - [13/Dec/2021:20:46:47 +0700] "GET /css/prettyPhoto.css HTTP/1.0" 200 300 "http://autocad.cic.com.vn/" "Mozilla/5.0 (iPhone; CPU iPhone OS 14_8 like Mac OS X) AppleWebKit/605.1.15 (KHTML, like Gecko) Version/14.1.2 Mobile/15E148 Safari/604.1"
64.147.91.228 - - [13/Dec/2021:20:46:47 +0700] "GET /css/colorpicker.css HTTP/1.0" 200 300 "http://autocad.cic.com.vn/" "Mozilla/5.0 (iPhone; CPU iPhone OS 14_8 like Mac OS X) AppleWebKit/605.1.15 (KHTML, like Gecko) Version/14.1.2 Mobile/15E148 Safari/604.1"
64.147.91.228 - - [13/Dec/2021:20:46:47 +0700] "GET /css/flexslider.css HTTP/1.0" 200 299 "http://autocad.cic.com.vn/" "Mozilla/5.0 (iPhone; CPU iPhone OS 14_8 like Mac OS X) AppleWebKit/605.1.15 (KHTML, like Gecko) Version/14.1.2 Mobile/15E148 Safari/604.1"
64.147.91.228 - - [13/Dec/2021:20:46:47 +0700] "GET /css/counter/time.css HTTP/1.0" 200 301 "http://autocad.cic.com.vn/" "Mozilla/5.0 (iPhone; CPU iPhone OS 14_8 like Mac OS X) AppleWebKit/605.1.15 (KHTML, like Gecko) Version/14.1.2 Mobile/15E148 Safari/604.1"
64.147.91.228 - - [13/Dec/2021:20:46:47 +0700] "GET /css/animate.css HTTP/1.0" 200 296 "http://autocad.cic.com.vn/" "Mozilla/5.0 (iPhone; CPU iPhone OS 14_8 like Mac OS X) AppleWebKit/605.1.15 (KHTML, like Gecko) Version/14.1.2 Mobile/15E148 Safari/604.1"
64.147.91.228 - - [13/Dec/2021:20:46:47 +0700] "GET /css/owl.carousel.css HTTP/1.0" 200 301 "http://autocad.cic.com.vn/" "Mozilla/5.0 (iPhone; CPU iPhone OS 14_8 like Mac OS X) AppleWebKit/605.1.15 (KHTML, like Gecko) Version/14.1.2 Mobile/15E148 Safari/604.1"
64.147.91.228 - - [13/Dec/2021:20:46:47 +0700] "GET / HTTP/1.0" 200 290 "http://www.google.com/url?sa=t&rct=j&q=&esrc=s&source=web&cd=1&ved=0CEEQFjAD&url=http%3A%2F%2Fautocad.cic.com.vn%2F&ei=w063YaqeGJyDBvFT&usg=AFQjCNHW_sqmZmXC-0WvQW_JNjdfo8b5NQ" "Mozilla/5.0 (Windows NT 10.0; WOW64; Trident/7.0; Touch; rv:11.0) like Gecko"
64.147.91.228 - - [13/Dec/2021:20:46:47 +0700] "GET /js/counters/jquery.countdown.js HTTP/1.0" 200 326 "http://autocad.cic.com.vn/" "Mozilla/5.0 (iPhone; CPU iPhone OS 14_8 like Mac OS X) AppleWebKit/605.1.15 (KHTML, like Gecko) Version/14.1.2 Mobile/15E148 Safari/604.1"
64.147.91.228 - - [13/Dec/2021:20:46:47 +0700] "GET /js/counters/jquery-1.9.1.min.js HTTP/1.0" 200 326 "http://autocad.cic.com.vn/" "Mozilla/5.0 (iPhone; CPU iPhone OS 14_8 like Mac OS X) AppleWebKit/605.1.15 (KHTML, like Gecko) Version/14.1.2 Mobile/15E148 Safari/604.1"
64.147.91.228 - - [13/Dec/2021:20:46:47 +0700] "GET /img/Cad/snap.gif HTTP/1.0" 200 298 "http://autocad.cic.com.vn/" "Mozilla/5.0 (Windows NT 10.0; Win64; x64) AppleWebKit/537.36 (KHTML, like Gecko) Chrome/96.0.4664.45 Safari/537.36"
64.147.91.228 - - [13/Dec/2021:20:46:47 +0700] "GET /css/animate.css HTTP/1.0" 200 296 "http://autocad.cic.com.vn/" "Mozilla/5.0 (Linux; Android 12; SM-G998U) AppleWebKit/537.36 (KHTML, like Gecko) Chrome/96.0.4664.45 Mobile Safari/537.36"
64.147.91.228 - - [13/Dec/2021:20:46:47 +0700] "GET / HTTP/1.0" 200 290 "https://www.google.com/" "Mozilla/5.0 (Linux; Android 11; SM-G970U) AppleWebKit/537.36 (KHTML, like Gecko) Chrome/96.0.4664.45 Mobile Safari/537.36"
64.147.91.229 - - [13/Dec/2021:20:46:47 +0700] "GET / HTTP/1.0" 200 290 "http://www.google.com/url?sa=t&rct=j&q=&esrc=s&source=web&cd=4&ved=0CDAQFjAD&url=http%3A%2F%2Fautocad.cic.com.vn%2F&ei=w063Ya7AAvzA2gSQDg&usg=AFQjCNHW_sqmZmXC-0WvQW_JNjdfo8b5NQ" "Mozilla/5.0 (Windows NT 10.0; WOW64; Trident/7.0; rv:11.0) like Gecko"
64.147.91.228 - - [13/Dec/2021:20:46:47 +0700] "GET /css/prettyPhoto.css HTTP/1.0" 200 300 "http://autocad.cic.com.vn/" "Mozilla/5.0 (Linux; Android 12; SM-G998U) AppleWebKit/537.36 (KHTML, like Gecko) Chrome/96.0.4664.45 Mobile Safari/537.36"
64.147.91.228 - - [13/Dec/2021:20:46:47 +0700] "GET /css/owl.theme.css HTTP/1.0" 200 298 "http://autocad.cic.com.vn/" "Mozilla/5.0 (iPhone; CPU iPhone OS 14_8 like Mac OS X) AppleWebKit/605.1.15 (KHTML, like Gecko) Version/14.1.2 Mobile/15E148 Safari/604.1"
64.147.91.228 - - [13/Dec/2021:20:46:47 +0700] "GET /css/owl.carousel.css HTTP/1.0" 200 301 "http://autocad.cic.com.vn/" "Mozilla/5.0 (Linux; Android 12; SM-G998U) AppleWebKit/537.36 (KHTML, like Gecko) Chrome/96.0.4664.45 Mobile Safari/537.36"
64.147.91.228 - - [13/Dec/2021:20:46:47 +0700] "GET /css/owl.theme.css HTTP/1.0" 200 298 "http://autocad.cic.com.vn/" "Mozilla/5.0 (Linux; Android 12; SM-G998U) AppleWebKit/537.36 (KHTML, like Gecko) Chrome/96.0.4664.45 Mobile Safari/537.36"
64.147.91.228 - - [13/Dec/2021:20:46:47 +0700] "GET /css/flexslider.css HTTP/1.0" 200 299 "http://autocad.cic.com.vn/" "Mozilla/5.0 (Linux; Android 12; SM-G998U) AppleWebKit/537.36 (KHTML, like Gecko) Chrome/96.0.4664.45 Mobile Safari/537.36"
64.147.91.228 - - [13/Dec/2021:20:46:47 +0700] "GET /css/owl.transitions.css HTTP/1.0" 200 304 "http://autocad.cic.com.vn/" "Mozilla/5.0 (Linux; Android 12; SM-G998U) AppleWebKit/537.36 (KHTML, like Gecko) Chrome/96.0.4664.45 Mobile Safari/537.36"
64.147.91.228 - - [13/Dec/2021:20:46:47 +0700] "GET /css/owl.transitions.css HTTP/1.0" 200 304 "http://autocad.cic.com.vn/" "Mozilla/5.0 (iPhone; CPU iPhone OS 14_8 like Mac OS X) AppleWebKit/605.1.15 (KHTML, like Gecko) Version/14.1.2 Mobile/15E148 Safari/604.1"
64.147.91.228 - - [13/Dec/2021:20:46:47 +0700] "GET /css/style.css HTTP/1.0" 200 294 "http://autocad.cic.com.vn/" "Mozilla/5.0 (iPhone; CPU iPhone OS 14_8 like Mac OS X) AppleWebKit/605.1.15 (KHTML, like Gecko) Version/14.1.2 Mobile/15E148 Safari/604.1"
64.147.91.228 - - [13/Dec/2021:20:46:47 +0700] "GET /skins/default.css HTTP/1.0" 200 298 "http://autocad.cic.com.vn/" "Mozilla/5.0 (iPhone; CPU iPhone OS 14_8 like Mac OS X) AppleWebKit/605.1.15 (KHTML, like Gecko) Version/14.1.2 Mobile/15E148 Safari/604.1"
64.147.91.228 - - [13/Dec/2021:20:46:48 +0700] "GET /css/bootstrap.min.css HTTP/1.0" 200 302 "http://autocad.cic.com.vn/" "Mozilla/5.0 (Windows NT 10.0; WOW64; Trident/7.0; Touch; rv:11.0) like Gecko"
64.147.91.228 - - [13/Dec/2021:20:46:48 +0700] "GET /css/overwrite.css HTTP/1.0" 200 298 "http://autocad.cic.com.vn/" "Mozilla/5.0 (Windows NT 10.0; WOW64; Trident/7.0; Touch; rv:11.0) like Gecko"
64.147.91.228 - - [13/Dec/2021:20:46:48 +0700] "GET /js/jquery.js HTTP/1.0" 200 307 "http://autocad.cic.com.vn/" "Mozilla/5.0 (iPhone; CPU iPhone OS 14_8 like Mac OS X) AppleWebKit/605.1.15 (KHTML, like Gecko) Version/14.1.2 Mobile/15E148 Safari/604.1"
64.147.91.228 - - [13/Dec/2021:20:46:48 +0700] "GET /css/overwrite.css HTTP/1.0" 200 298 "http://autocad.cic.com.vn/" "Mozilla/5.0 (Linux; Android 11; SM-G970U) AppleWebKit/537.36 (KHTML, like Gecko) Chrome/96.0.4664.45 Mobile Safari/537.36"
64.147.91.228 - - [13/Dec/2021:20:46:48 +0700] "GET /fonts/open-sans/stylesheet.css HTTP/1.0" 200 311 "http://autocad.cic.com.vn/" "Mozilla/5.0 (Linux; Android 11; SM-G970U) AppleWebKit/537.36 (KHTML, like Gecko) Chrome/96.0.4664.45 Mobile Safari/537.36"
64.147.91.228 - - [13/Dec/2021:20:46:48 +0700] "GET /css/bootstrap.min.css HTTP/1.0" 200 302 "http://autocad.cic.com.vn/" "Mozilla/5.0 (Linux; Android 11; SM-G970U) AppleWebKit/537.36 (KHTML, like Gecko) Chrome/96.0.4664.45 Mobile Safari/537.36"
64.147.91.228 - - [13/Dec/2021:20:46:48 +0700] "GET /fonts/pe-icon-7-stroke/css/helper.css HTTP/1.0" 200 318 "http://autocad.cic.com.vn/" "Mozilla/5.0 (Linux; Android 11; SM-G970U) AppleWebKit/537.36 (KHTML, like Gecko) Chrome/96.0.4664.45 Mobile Safari/537.36"
64.147.91.228 - - [13/Dec/2021:20:46:48 +0700] "GET /css/font-awesome.css HTTP/1.0" 200 301 "http://autocad.cic.com.vn/" "Mozilla/5.0 (Linux; Android 11; SM-G970U) AppleWebKit/537.36 (KHTML, like Gecko) Chrome/96.0.4664.45 Mobile Safari/537.36"
64.147.91.228 - - [13/Dec/2021:20:46:48 +0700] "GET /fonts/pe-icon-7-stroke/css/pe-icon-7-stroke.css HTTP/1.0" 200 328 "http://autocad.cic.com.vn/" "Mozilla/5.0 (Linux; Android 11; SM-G970U) AppleWebKit/537.36 (KHTML, like Gecko) Chrome/96.0.4664.45 Mobile Safari/537.36"
64.147.91.228 - - [13/Dec/2021:20:46:48 +0700] "GET /skins/default.css HTTP/1.0" 200 298 "http://autocad.cic.com.vn/" "Mozilla/5.0 (Linux; Android 12; SM-G998U) AppleWebKit/537.36 (KHTML, like Gecko) Chrome/96.0.4664.45 Mobile Safari/537.36"
64.147.91.228 - - [13/Dec/2021:20:46:48 +0700] "GET /css/counter/time.css HTTP/1.0" 200 301 "http://autocad.cic.com.vn/" "Mozilla/5.0 (iPhone; CPU iPhone OS 14_8 like Mac OS X) AppleWebKit/605.1.15 (KHTML, like Gecko) Version/14.1.2 Mobile/15E148 Safari/604.1"
64.147.91.228 - - [13/Dec/2021:20:46:48 +0700] "GET /css/font-awesome.css HTTP/1.0" 200 301 "http://autocad.cic.com.vn/" "Mozilla/5.0 (Windows NT 10.0; WOW64; Trident/7.0; Touch; rv:11.0) like Gecko"
64.147.91.229 - - [13/Dec/2021:20:46:48 +0700] "GET /css/overwrite.css HTTP/1.0" 200 298 "http://autocad.cic.com.vn/" "Mozilla/5.0 (Windows NT 10.0; WOW64; Trident/7.0; rv:11.0) like Gecko"
64.147.91.228 - - [13/Dec/2021:20:46:48 +0700] "GET /fonts/pe-icon-7-stroke/css/pe-icon-7-stroke.css HTTP/1.0" 200 328 "http://autocad.cic.com.vn/" "Mozilla/5.0 (Windows NT 10.0; WOW64; Trident/7.0; Touch; rv:11.0) like Gecko"
64.147.91.229 - - [13/Dec/2021:20:46:48 +0700] "GET /css/bootstrap.min.css HTTP/1.0" 200 302 "http://autocad.cic.com.vn/" "Mozilla/5.0 (Windows NT 10.0; WOW64; Trident/7.0; rv:11.0) like Gecko"
64.147.91.228 - - [13/Dec/2021:20:46:48 +0700] "GET /js/counters/jquery-1.9.1.min.js HTTP/1.0" 200 326 "http://autocad.cic.com.vn/" "Mozilla/5.0 (iPhone; CPU iPhone OS 14_8 like Mac OS X) AppleWebKit/605.1.15 (KHTML, like Gecko) Version/14.1.2 Mobile/15E148 Safari/604.1"
64.147.91.229 - - [13/Dec/2021:20:46:48 +0700] "GET /fonts/pe-icon-7-stroke/css/helper.css HTTP/1.0" 200 318 "http://autocad.cic.com.vn/" "Mozilla/5.0 (Windows NT 10.0; WOW64; Trident/7.0; rv:11.0) like Gecko"
64.147.91.228 - - [13/Dec/2021:20:46:48 +0700] "GET /css/style.css HTTP/1.0" 200 294 "http://autocad.cic.com.vn/" "Mozilla/5.0 (Linux; Android 12; SM-G998U) AppleWebKit/537.36 (KHTML, like Gecko) Chrome/96.0.4664.45 Mobile Safari/537.36"
64.147.91.228 - - [13/Dec/2021:20:46:48 +0700] "GET /js/bootstrap.min.js HTTP/1.0" 200 314 "http://autocad.cic.com.vn/" "Mozilla/5.0 (iPhone; CPU iPhone OS 14_8 like Mac OS X) AppleWebKit/605.1.15 (KHTML, like Gecko) Version/14.1.2 Mobile/15E148 Safari/604.1"
64.147.91.228 - - [13/Dec/2021:20:46:48 +0700] "GET /css/colorpicker.css HTTP/1.0" 200 300 "http://autocad.cic.com.vn/" "Mozilla/5.0 (Linux; Android 12; SM-G998U) AppleWebKit/537.36 (KHTML, like Gecko) Chrome/96.0.4664.45 Mobile Safari/537.36"
64.147.91.229 - - [13/Dec/2021:20:46:48 +0700] "GET /fonts/open-sans/stylesheet.css HTTP/1.0" 200 311 "http://autocad.cic.com.vn/" "Mozilla/5.0 (Windows NT 10.0; WOW64; Trident/7.0; rv:11.0) like Gecko"
64.147.91.229 - - [13/Dec/2021:20:46:48 +0700] "GET /fonts/pe-icon-7-stroke/css/pe-icon-7-stroke.css HTTP/1.0" 200 328 "http://autocad.cic.com.vn/" "Mozilla/5.0 (Windows NT 10.0; WOW64; Trident/7.0; rv:11.0) like Gecko"
64.147.91.228 - - [13/Dec/2021:20:46:48 +0700] "GET /css/counter/time.css HTTP/1.0" 200 301 "http://autocad.cic.com.vn/" "Mozilla/5.0 (Linux; Android 12; SM-G998U) AppleWebKit/537.36 (KHTML, like Gecko) Chrome/96.0.4664.45 Mobile Safari/537.36"
64.147.91.228 - - [13/Dec/2021:20:46:48 +0700] "GET / HTTP/1.0" 200 290 "https://www.google.com/" "Mozilla/5.0 (Windows NT 10.0; Win64; x64) AppleWebKit/537.36 (KHTML, like Gecko) Chrome/96.0.4664.45 Safari/537.36"
64.147.91.228 - - [13/Dec/2021:20:46:48 +0700] "GET /css/colorpicker.css HTTP/1.0" 200 300 "http://autocad.cic.com.vn/" "Mozilla/5.0 (iPhone; CPU iPhone OS 14_8 like Mac OS X) AppleWebKit/605.1.15 (KHTML, like Gecko) Version/14.1.2 Mobile/15E148 Safari/604.1"
64.147.91.228 - - [13/Dec/2021:20:46:48 +0700] "GET /fonts/open-sans/stylesheet.css HTTP/1.0" 200 311 "http://autocad.cic.com.vn/" "Mozilla/5.0 (Windows NT 10.0; WOW64; Trident/7.0; Touch; rv:11.0) like Gecko"
64.147.91.229 - - [13/Dec/2021:20:46:48 +0700] "GET /css/font-awesome.css HTTP/1.0" 200 301 "http://autocad.cic.com.vn/" "Mozilla/5.0 (Windows NT 10.0; WOW64; Trident/7.0; rv:11.0) like Gecko"
64.147.91.228 - - [13/Dec/2021:20:46:48 +0700] "GET /js/counters/jquery.countdown.js HTTP/1.0" 200 326 "http://autocad.cic.com.vn/" "Mozilla/5.0 (Linux; Android 12; SM-G998U) AppleWebKit/537.36 (KHTML, like Gecko) Chrome/96.0.4664.45 Mobile Safari/537.36"
64.147.91.228 - - [13/Dec/2021:20:46:48 +0700] "GET /js/counters/jquery.countdown.js HTTP/1.0" 200 326 "http://autocad.cic.com.vn/" "Mozilla/5.0 (iPhone; CPU iPhone OS 14_8 like Mac OS X) AppleWebKit/605.1.15 (KHTML, like Gecko) Version/14.1.2 Mobile/15E148 Safari/604.1"
64.147.91.228 - - [13/Dec/2021:20:46:48 +0700] "GET /js/counters/jquery-1.9.1.min.js HTTP/1.0" 200 326 "http://autocad.cic.com.vn/" "Mozilla/5.0 (Linux; Android 12; SM-G998U) AppleWebKit/537.36 (KHTML, like Gecko) Chrome/96.0.4664.45 Mobile Safari/537.36"
64.147.91.228 - - [13/Dec/2021:20:46:48 +0700] "GET /css/flexslider.css HTTP/1.0" 200 299 "http://autocad.cic.com.vn/" "Mozilla/5.0 (Linux; Android 11; SM-G970U) AppleWebKit/537.36 (KHTML, like Gecko) Chrome/96.0.4664.45 Mobile Safari/537.36"
64.147.91.228 - - [13/Dec/2021:20:46:48 +0700] "GET /css/owl.theme.css HTTP/1.0" 200 298 "http://autocad.cic.com.vn/" "Mozilla/5.0 (Linux; Android 11; SM-G970U) AppleWebKit/537.36 (KHTML, like Gecko) Chrome/96.0.4664.45 Mobile Safari/537.36"
64.147.91.228 - - [13/Dec/2021:20:46:48 +0700] "GET /css/owl.carousel.css HTTP/1.0" 200 301 "http://autocad.cic.com.vn/" "Mozilla/5.0 (Linux; Android 11; SM-G970U) AppleWebKit/537.36 (KHTML, like Gecko) Chrome/96.0.4664.45 Mobile Safari/537.36"
64.147.91.229 - - [13/Dec/2021:20:46:48 +0700] "GET /css/flexslider.css HTTP/1.0" 200 299 "http://autocad.cic.com.vn/" "Mozilla/5.0 (Windows NT 10.0; WOW64; Trident/7.0; rv:11.0) like Gecko"
64.147.91.228 - - [13/Dec/2021:20:46:48 +0700] "GET /css/animate.css HTTP/1.0" 200 296 "http://autocad.cic.com.vn/" "Mozilla/5.0 (Linux; Android 11; SM-G970U) AppleWebKit/537.36 (KHTML, like Gecko) Chrome/96.0.4664.45 Mobile Safari/537.36"
64.147.91.228 - - [13/Dec/2021:20:46:49 +0700] "GET /css/owl.carousel.css HTTP/1.0" 200 301 "http://autocad.cic.com.vn/" "Mozilla/5.0 (Windows NT 10.0; WOW64; Trident/7.0; Touch; rv:11.0) like Gecko"
64.147.91.228 - - [13/Dec/2021:20:46:49 +0700] "GET /css/owl.theme.css HTTP/1.0" 200 298 "http://autocad.cic.com.vn/" "Mozilla/5.0 (Windows NT 10.0; WOW64; Trident/7.0; Touch; rv:11.0) like Gecko"
64.147.91.228 - - [13/Dec/2021:20:46:49 +0700] "GET /js/jquery-easing-1.3.js HTTP/1.0" 200 318 "http://autocad.cic.com.vn/" "Mozilla/5.0 (iPhone; CPU iPhone OS 14_8 like Mac OS X) AppleWebKit/605.1.15 (KHTML, like Gecko) Version/14.1.2 Mobile/15E148 Safari/604.1"
64.147.91.228 - - [13/Dec/2021:20:46:49 +0700] "GET /css/prettyPhoto.css HTTP/1.0" 200 300 "http://autocad.cic.com.vn/" "Mozilla/5.0 (Linux; Android 11; SM-G970U) AppleWebKit/537.36 (KHTML, like Gecko) Chrome/96.0.4664.45 Mobile Safari/537.36"
64.147.91.229 - - [13/Dec/2021:20:46:49 +0700] "GET /css/prettyPhoto.css HTTP/1.0" 200 300 "http://autocad.cic.com.vn/" "Mozilla/5.0 (Windows NT 10.0; WOW64; Trident/7.0; rv:11.0) like Gecko"
64.147.91.228 - - [13/Dec/2021:20:46:49 +0700] "GET /css/owl.transitions.css HTTP/1.0" 200 304 "http://autocad.cic.com.vn/" "Mozilla/5.0 (Linux; Android 11; SM-G970U) AppleWebKit/537.36 (KHTML, like Gecko) Chrome/96.0.4664.45 Mobile Safari/537.36"
64.147.91.229 - - [13/Dec/2021:20:46:49 +0700] "GET /css/owl.carousel.css HTTP/1.0" 200 301 "http://autocad.cic.com.vn/" "Mozilla/5.0 (Windows NT 10.0; WOW64; Trident/7.0; rv:11.0) like Gecko"
64.147.91.228 - - [13/Dec/2021:20:46:49 +0700] "GET /js/flexslider/jquery.flexslider.js HTTP/1.0" 200 329 "http://autocad.cic.com.vn/" "Mozilla/5.0 (iPhone; CPU iPhone OS 14_8 like Mac OS X) AppleWebKit/605.1.15 (KHTML, like Gecko) Version/14.1.2 Mobile/15E148 Safari/604.1"
64.147.91.229 - - [13/Dec/2021:20:46:49 +0700] "GET /css/owl.theme.css HTTP/1.0" 200 298 "http://autocad.cic.com.vn/" "Mozilla/5.0 (Windows NT 10.0; WOW64; Trident/7.0; rv:11.0) like Gecko"
64.147.91.228 - - [13/Dec/2021:20:46:49 +0700] "GET /css/font-awesome.css HTTP/1.0" 200 301 "http://autocad.cic.com.vn/" "Mozilla/5.0 (Windows NT 10.0; Win64; x64) AppleWebKit/537.36 (KHTML, like Gecko) Chrome/96.0.4664.45 Safari/537.36"
64.147.91.229 - - [13/Dec/2021:20:46:49 +0700] "GET /css/style.css HTTP/1.0" 200 294 "http://autocad.cic.com.vn/" "Mozilla/5.0 (Windows NT 10.0; WOW64; Trident/7.0; rv:11.0) like Gecko"
64.147.91.228 - - [13/Dec/2021:20:46:49 +0700] "GET /css/bootstrap.min.css HTTP/1.0" 200 302 "http://autocad.cic.com.vn/" "Mozilla/5.0 (Windows NT 10.0; Win64; x64) AppleWebKit/537.36 (KHTML, like Gecko) Chrome/96.0.4664.45 Safari/537.36"
64.147.91.228 - - [13/Dec/2021:20:46:49 +0700] "GET /fonts/pe-icon-7-stroke/css/pe-icon-7-stroke.css HTTP/1.0" 200 328 "http://autocad.cic.com.vn/" "Mozilla/5.0 (Windows NT 10.0; Win64; x64) AppleWebKit/537.36 (KHTML, like Gecko) Chrome/96.0.4664.45 Safari/537.36"
64.147.91.228 - - [13/Dec/2021:20:46:49 +0700] "GET /css/animate.css HTTP/1.0" 200 296 "http://autocad.cic.com.vn/" "Mozilla/5.0 (Windows NT 10.0; WOW64; Trident/7.0; Touch; rv:11.0) like Gecko"
64.147.91.228 - - [13/Dec/2021:20:46:49 +0700] "GET /js/jquery.js HTTP/1.0" 200 307 "http://autocad.cic.com.vn/" "Mozilla/5.0 (iPhone; CPU iPhone OS 14_8 like Mac OS X) AppleWebKit/605.1.15 (KHTML, like Gecko) Version/14.1.2 Mobile/15E148 Safari/604.1"
64.147.91.229 - - [13/Dec/2021:20:46:49 +0700] "GET /css/animate.css HTTP/1.0" 200 296 "http://autocad.cic.com.vn/" "Mozilla/5.0 (Windows NT 10.0; WOW64; Trident/7.0; rv:11.0) like Gecko"
64.147.91.228 - - [13/Dec/2021:20:46:49 +0700] "GET /js/jquery.js HTTP/1.0" 200 307 "http://autocad.cic.com.vn/" "Mozilla/5.0 (Linux; Android 12; SM-G998U) AppleWebKit/537.36 (KHTML, like Gecko) Chrome/96.0.4664.45 Mobile Safari/537.36"
64.147.91.228 - - [13/Dec/2021:20:46:49 +0700] "GET /fonts/open-sans/stylesheet.css HTTP/1.0" 200 311 "http://autocad.cic.com.vn/" "Mozilla/5.0 (Windows NT 10.0; Win64; x64) AppleWebKit/537.36 (KHTML, like Gecko) Chrome/96.0.4664.45 Safari/537.36"
64.147.91.228 - - [13/Dec/2021:20:46:49 +0700] "GET /css/overwrite.css HTTP/1.0" 200 298 "http://autocad.cic.com.vn/" "Mozilla/5.0 (Windows NT 10.0; Win64; x64) AppleWebKit/537.36 (KHTML, like Gecko) Chrome/96.0.4664.45 Safari/537.36"
64.147.91.228 - - [13/Dec/2021:20:46:49 +0700] "GET /fonts/pe-icon-7-stroke/css/helper.css HTTP/1.0" 200 318 "http://autocad.cic.com.vn/" "Mozilla/5.0 (Windows NT 10.0; Win64; x64) AppleWebKit/537.36 (KHTML, like Gecko) Chrome/96.0.4664.45 Safari/537.36"
64.147.91.228 - - [13/Dec/2021:20:46:49 +0700] "GET /img/Cad/revcloud.gif HTTP/1.0" 200 302 "http://autocad.cic.com.vn/" "Mozilla/5.0 (Windows NT 10.0; Win64; x64) AppleWebKit/537.36 (KHTML, like Gecko) Chrome/96.0.4664.45 Safari/537.36"
64.147.91.228 - - [13/Dec/2021:20:46:49 +0700] "GET /js/bootstrap.min.js HTTP/1.0" 200 314 "http://autocad.cic.com.vn/" "Mozilla/5.0 (iPhone; CPU iPhone OS 14_8 like Mac OS X) AppleWebKit/605.1.15 (KHTML, like Gecko) Version/14.1.2 Mobile/15E148 Safari/604.1"
64.147.91.228 - - [13/Dec/2021:20:46:49 +0700] "GET /css/flexslider.css HTTP/1.0" 200 299 "http://autocad.cic.com.vn/" "Mozilla/5.0 (Windows NT 10.0; WOW64; Trident/7.0; Touch; rv:11.0) like Gecko"
