64.147.91.228 - - [13/Dec/2021:20:46:49 +0700] "GET /css/prettyPhoto.css HTTP/1.0" 200 300 "http://autocad.cic.com.vn/" "Mozilla/5.0 (Windows NT 10.0; WOW64; Trident/7.0; Touch; rv:11.0) like Gecko"
64.147.91.228 - - [13/Dec/2021:20:46:49 +0700] "GET /css/style.css HTTP/1.0" 200 294 "http://autocad.cic.com.vn/" "Mozilla/5.0 (Linux; Android 11; SM-G970U) AppleWebKit/537.36 (KHTML, like Gecko) Chrome/96.0.4664.45 Mobile Safari/537.36"
64.147.91.228 - - [13/Dec/2021:20:46:49 +0700] "GET /skins/default.css HTTP/1.0" 200 298 "http://autocad.cic.com.vn/" "Mozilla/5.0 (Linux; Android 11; SM-G970U) AppleWebKit/537.36 (KHTML, like Gecko) Chrome/96.0.4664.45 Mobile Safari/537.36"
64.147.91.229 - - [13/Dec/2021:20:46:49 +0700] "GET /css/owl.transitions.css HTTP/1.0" 200 304 "http://autocad.cic.com.vn/" "Mozilla/5.0 (Windows NT 10.0; WOW64; Trident/7.0; rv:11.0) like Gecko"
64.147.91.228 - - [13/Dec/2021:20:46:49 +0700] "GET /css/counter/time.css HTTP/1.0" 200 301 "http://autocad.cic.com.vn/" "Mozilla/5.0 (Linux; Android 11; SM-G970U) AppleWebKit/537.36 (KHTML, like Gecko) Chrome/96.0.4664.45 Mobile Safari/537.36"
64.147.91.228 - - [13/Dec/2021:20:46:49 +0700] "GET /css/colorpicker.css HTTP/1.0" 200 300 "http://autocad.cic.com.vn/" "Mozilla/5.0 (Linux; Android 11; SM-G970U) AppleWebKit/537.36 (KHTML, like Gecko) Chrome/96.0.4664.45 Mobile Safari/537.36"
64.147.91.228 - - [13/Dec/2021:20:46:49 +0700] "GET /css/style.css HTTP/1.0" 200 294 "http://autocad.cic.com.vn/" "Mozilla/5.0 (Windows NT 10.0; WOW64; Trident/7.0; Touch; rv:11.0) like Gecko"
64.147.91.228 - - [13/Dec/2021:20:46:49 +0700] "GET /skins/default.css HTTP/1.0" 200 298 "http://autocad.cic.com.vn/" "Mozilla/5.0 (Windows NT 10.0; WOW64; Trident/7.0; Touch; rv:11.0) like Gecko"
64.147.91.229 - - [13/Dec/2021:20:46:49 +0700] "GET /css/counter/time.css HTTP/1.0" 200 301 "http://autocad.cic.com.vn/" "Mozilla/5.0 (Windows NT 10.0; WOW64; Trident/7.0; rv:11.0) like Gecko"
64.147.91.229 - - [13/Dec/2021:20:46:49 +0700] "GET /css/colorpicker.css HTTP/1.0" 200 300 "http://autocad.cic.com.vn/" "Mozilla/5.0 (Windows NT 10.0; WOW64; Trident/7.0; rv:11.0) like Gecko"
64.147.91.228 - - [13/Dec/2021:20:46:49 +0700] "GET /js/counters/jquery-1.9.1.min.js HTTP/1.0" 200 326 "http://autocad.cic.com.vn/" "Mozilla/5.0 (Linux; Android 11; SM-G970U) AppleWebKit/537.36 (KHTML, like Gecko) Chrome/96.0.4664.45 Mobile Safari/537.36"
64.147.91.229 - - [13/Dec/2021:20:46:49 +0700] "GET /js/counters/jquery-1.9.1.min.js HTTP/1.0" 200 326 "http://autocad.cic.com.vn/" "Mozilla/5.0 (Windows NT 10.0; WOW64; Trident/7.0; rv:11.0) like Gecko"
64.147.91.229 - - [13/Dec/2021:20:46:49 +0700] "GET /js/counters/jquery.countdown.js HTTP/1.0" 200 326 "http://autocad.cic.com.vn/" "Mozilla/5.0 (Windows NT 10.0; WOW64; Trident/7.0; rv:11.0) like Gecko"
64.147.91.228 - - [13/Dec/2021:20:46:49 +0700] "GET /css/animate.css HTTP/1.0" 200 296 "http://autocad.cic.com.vn/" "Mozilla/5.0 (Windows NT 10.0; Win64; x64) AppleWebKit/537.36 (KHTML, like Gecko) Chrome/96.0.4664.45 Safari/537.36"
64.147.91.228 - - [13/Dec/2021:20:46:49 +0700] "GET /js/counters/jquery.countdown.js HTTP/1.0" 200 326 "http://autocad.cic.com.vn/" "Mozilla/5.0 (Linux; Android 11; SM-G970U) AppleWebKit/537.36 (KHTML, like Gecko) Chrome/96.0.4664.45 Mobile Safari/537.36"
64.147.91.228 - - [13/Dec/2021:20:46:49 +0700] "GET /js/prettyPhoto/jquery.prettyPhoto.js HTTP/1.0" 200 331 "http://autocad.cic.com.vn/" "Mozilla/5.0 (iPhone; CPU iPhone OS 14_8 like Mac OS X) AppleWebKit/605.1.15 (KHTML, like Gecko) Version/14.1.2 Mobile/15E148 Safari/604.1"
64.147.91.229 - - [13/Dec/2021:20:46:50 +0700] "GET /js/jquery.js HTTP/1.0" 200 307 "http://autocad.cic.com.vn/" "Mozilla/5.0 (Windows NT 10.0; WOW64; Trident/7.0; rv:11.0) like Gecko"
64.147.91.228 - - [13/Dec/2021:20:46:50 +0700] "GET /css/colorpicker.css HTTP/1.0" 200 300 "http://autocad.cic.com.vn/" "Mozilla/5.0 (Windows NT 10.0; WOW64; Trident/7.0; Touch; rv:11.0) like Gecko"
64.147.91.228 - - [13/Dec/2021:20:46:50 +0700] "GET /img/Cad/smartdimensi.gif HTTP/1.0" 200 306 "http://autocad.cic.com.vn/" "Mozilla/5.0 (Windows NT 10.0; Win64; x64) AppleWebKit/537.36 (KHTML, like Gecko) Chrome/96.0.4664.45 Safari/537.36"
64.147.91.228 - - [13/Dec/2021:20:46:50 +0700] "GET /css/flexslider.css HTTP/1.0" 200 299 "http://autocad.cic.com.vn/" "Mozilla/5.0 (Windows NT 10.0; Win64; x64) AppleWebKit/537.36 (KHTML, like Gecko) Chrome/96.0.4664.45 Safari/537.36"
64.147.91.228 - - [13/Dec/2021:20:46:50 +0700] "GET /css/owl.theme.css HTTP/1.0" 200 298 "http://autocad.cic.com.vn/" "Mozilla/5.0 (Windows NT 10.0; Win64; x64) AppleWebKit/537.36 (KHTML, like Gecko) Chrome/96.0.4664.45 Safari/537.36"
64.147.91.228 - - [13/Dec/2021:20:46:50 +0700] "GET /fonts/pe-icon-7-stroke/css/helper.css HTTP/1.0" 200 318 "http://autocad.cic.com.vn/" "Mozilla/5.0 (Windows NT 10.0; WOW64; Trident/7.0; Touch; rv:11.0) like Gecko"
64.147.91.228 - - [13/Dec/2021:20:46:50 +0700] "GET /css/owl.carousel.css HTTP/1.0" 200 301 "http://autocad.cic.com.vn/" "Mozilla/5.0 (Windows NT 10.0; Win64; x64) AppleWebKit/537.36 (KHTML, like Gecko) Chrome/96.0.4664.45 Safari/537.36"
64.147.91.228 - - [13/Dec/2021:20:46:50 +0700] "GET /css/prettyPhoto.css HTTP/1.0" 200 300 "http://autocad.cic.com.vn/" "Mozilla/5.0 (Windows NT 10.0; Win64; x64) AppleWebKit/537.36 (KHTML, like Gecko) Chrome/96.0.4664.45 Safari/537.36"
64.147.91.228 - - [13/Dec/2021:20:46:50 +0700] "GET /css/counter/time.css HTTP/1.0" 200 301 "http://autocad.cic.com.vn/" "Mozilla/5.0 (Windows NT 10.0; WOW64; Trident/7.0; Touch; rv:11.0) like Gecko"
64.147.91.228 - - [13/Dec/2021:20:46:50 +0700] "GET /js/jquery-easing-1.3.js HTTP/1.0" 200 318 "http://autocad.cic.com.vn/" "Mozilla/5.0 (iPhone; CPU iPhone OS 14_8 like Mac OS X) AppleWebKit/605.1.15 (KHTML, like Gecko) Version/14.1.2 Mobile/15E148 Safari/604.1"
64.147.91.228 - - [13/Dec/2021:20:46:50 +0700] "GET /css/owl.transitions.css HTTP/1.0" 200 304 "http://autocad.cic.com.vn/" "Mozilla/5.0 (Windows NT 10.0; Win64; x64) AppleWebKit/537.36 (KHTML, like Gecko) Chrome/96.0.4664.45 Safari/537.36"
64.147.91.228 - - [13/Dec/2021:20:46:50 +0700] "GET /js/counters/jquery-1.9.1.min.js HTTP/1.0" 200 326 "http://autocad.cic.com.vn/" "Mozilla/5.0 (Windows NT 10.0; WOW64; Trident/7.0; Touch; rv:11.0) like Gecko"
64.147.91.229 - - [13/Dec/2021:20:46:50 +0700] "GET /js/bootstrap.min.js HTTP/1.0" 200 314 "http://autocad.cic.com.vn/" "Mozilla/5.0 (Windows NT 10.0; WOW64; Trident/7.0; rv:11.0) like Gecko"
64.147.91.228 - - [13/Dec/2021:20:46:50 +0700] "GET /js/flexslider/jquery.flexslider.js HTTP/1.0" 200 329 "http://autocad.cic.com.vn/" "Mozilla/5.0 (iPhone; CPU iPhone OS 14_8 like Mac OS X) AppleWebKit/605.1.15 (KHTML, like Gecko) Version/14.1.2 Mobile/15E148 Safari/604.1"
64.147.91.229 - - [13/Dec/2021:20:46:50 +0700] "GET /skins/default.css HTTP/1.0" 200 298 "http://autocad.cic.com.vn/" "Mozilla/5.0 (Windows NT 10.0; WOW64; Trident/7.0; rv:11.0) like Gecko"
64.147.91.229 - - [13/Dec/2021:20:46:50 +0700] "GET /js/jquery-easing-1.3.js HTTP/1.0" 200 318 "http://autocad.cic.com.vn/" "Mozilla/5.0 (Windows NT 10.0; WOW64; Trident/7.0; rv:11.0) like Gecko"
64.147.91.228 - - [13/Dec/2021:20:46:50 +0700] "GET /css/owl.transitions.css HTTP/1.0" 200 304 "http://autocad.cic.com.vn/" "Mozilla/5.0 (Windows NT 10.0; WOW64; Trident/7.0; Touch; rv:11.0) like Gecko"
64.147.91.228 - - [13/Dec/2021:20:46:50 +0700] "GET /js/counters/jquery.countdown.js HTTP/1.0" 200 326 "http://autocad.cic.com.vn/" "Mozilla/5.0 (Windows NT 10.0; WOW64; Trident/7.0; Touch; rv:11.0) like Gecko"
64.147.91.229 - - [13/Dec/2021:20:46:50 +0700] "GET /js/flexslider/jquery.flexslider.js HTTP/1.0" 200 329 "http://autocad.cic.com.vn/" "Mozilla/5.0 (Windows NT 10.0; WOW64; Trident/7.0; rv:11.0) like Gecko"
64.147.91.228 - - [13/Dec/2021:20:46:50 +0700] "GET /js/bootstrap.min.js HTTP/1.0" 200 314 "http://autocad.cic.com.vn/" "Mozilla/5.0 (Linux; Android 12; SM-G998U) AppleWebKit/537.36 (KHTML, like Gecko) Chrome/96.0.4664.45 Mobile Safari/537.36"
64.147.91.228 - - [13/Dec/2021:20:46:50 +0700] "GET /js/jquery.js HTTP/1.0" 200 307 "http://autocad.cic.com.vn/" "Mozilla/5.0 (Linux; Android 11; SM-G970U) AppleWebKit/537.36 (KHTML, like Gecko) Chrome/96.0.4664.45 Mobile Safari/537.36"
64.147.91.228 - - [13/Dec/2021:20:46:50 +0700] "GET /skins/default.css HTTP/1.0" 200 298 "http://autocad.cic.com.vn/" "Mozilla/5.0 (Windows NT 10.0; Win64; x64) AppleWebKit/537.36 (KHTML, like Gecko) Chrome/96.0.4664.45 Safari/537.36"
64.147.91.228 - - [13/Dec/2021:20:46:50 +0700] "GET /js/bootstrap.min.js HTTP/1.0" 200 314 "http://autocad.cic.com.vn/" "Mozilla/5.0 (Windows NT 10.0; WOW64; Trident/7.0; Touch; rv:11.0) like Gecko"
64.147.91.229 - - [13/Dec/2021:20:46:50 +0700] "GET /js/prettyPhoto/jquery.prettyPhoto.js HTTP/1.0" 200 331 "http://autocad.cic.com.vn/" "Mozilla/5.0 (Windows NT 10.0; WOW64; Trident/7.0; rv:11.0) like Gecko"
64.147.91.228 - - [13/Dec/2021:20:46:50 +0700] "GET /css/colorpicker.css HTTP/1.0" 200 300 "http://autocad.cic.com.vn/" "Mozilla/5.0 (Windows NT 10.0; Win64; x64) AppleWebKit/537.36 (KHTML, like Gecko) Chrome/96.0.4664.45 Safari/537.36"
64.147.91.228 - - [13/Dec/2021:20:46:50 +0700] "GET /js/counters/jquery-1.9.1.min.js HTTP/1.0" 200 326 "http://autocad.cic.com.vn/" "Mozilla/5.0 (Windows NT 10.0; Win64; x64) AppleWebKit/537.36 (KHTML, like Gecko) Chrome/96.0.4664.45 Safari/537.36"
64.147.91.228 - - [13/Dec/2021:20:46:51 +0700] "GET /css/counter/time.css HTTP/1.0" 200 301 "http://autocad.cic.com.vn/" "Mozilla/5.0 (Windows NT 10.0; Win64; x64) AppleWebKit/537.36 (KHTML, like Gecko) Chrome/96.0.4664.45 Safari/537.36"
64.147.91.228 - - [13/Dec/2021:20:46:51 +0700] "GET /js/bootstrap.min.js HTTP/1.0" 200 314 "http://autocad.cic.com.vn/" "Mozilla/5.0 (Linux; Android 11; SM-G970U) AppleWebKit/537.36 (KHTML, like Gecko) Chrome/96.0.4664.45 Mobile Safari/537.36"
64.147.91.228 - - [13/Dec/2021:20:46:51 +0700] "GET /js/counters/jquery.countdown.js HTTP/1.0" 200 326 "http://autocad.cic.com.vn/" "Mozilla/5.0 (Windows NT 10.0; Win64; x64) AppleWebKit/537.36 (KHTML, like Gecko) Chrome/96.0.4664.45 Safari/537.36"
64.147.91.228 - - [13/Dec/2021:20:46:51 +0700] "GET /js/flexslider/jquery.flexslider.js HTTP/1.0" 200 329 "http://autocad.cic.com.vn/" "Mozilla/5.0 (Windows NT 10.0; WOW64; Trident/7.0; Touch; rv:11.0) like Gecko"
64.147.91.228 - - [13/Dec/2021:20:46:51 +0700] "GET /img/logo.png HTTP/1.0" 200 294 "http://autocad.cic.com.vn/" "Mozilla/5.0 (iPhone; CPU iPhone OS 14_8 like Mac OS X) AppleWebKit/605.1.15 (KHTML, like Gecko) Version/14.1.2 Mobile/15E148 Safari/604.1"
64.147.91.228 - - [13/Dec/2021:20:46:51 +0700] "GET /js/prettyPhoto/jquery.prettyPhoto.js HTTP/1.0" 200 331 "http://autocad.cic.com.vn/" "Mozilla/5.0 (iPhone; CPU iPhone OS 14_8 like Mac OS X) AppleWebKit/605.1.15 (KHTML, like Gecko) Version/14.1.2 Mobile/15E148 Safari/604.1"
64.147.91.229 - - [13/Dec/2021:20:46:51 +0700] "GET /img/logo.png HTTP/1.0" 200 294 "http://autocad.cic.com.vn/" "Mozilla/5.0 (Windows NT 10.0; WOW64; Trident/7.0; rv:11.0) like Gecko"
64.147.91.229 - - [13/Dec/2021:20:46:51 +0700] "GET /img/bg-autocad2016.png HTTP/1.0" 200 304 "http://autocad.cic.com.vn/" "Mozilla/5.0 (Windows NT 10.0; WOW64; Trident/7.0; rv:11.0) like Gecko"
64.147.91.228 - - [13/Dec/2021:20:46:51 +0700] "GET /js/jquery.js HTTP/1.0" 200 307 "http://autocad.cic.com.vn/" "Mozilla/5.0 (Windows NT 10.0; WOW64; Trident/7.0; Touch; rv:11.0) like Gecko"
64.147.91.228 - - [13/Dec/2021:20:46:51 +0700] "GET /js/jquery-easing-1.3.js HTTP/1.0" 200 318 "http://autocad.cic.com.vn/" "Mozilla/5.0 (Windows NT 10.0; WOW64; Trident/7.0; Touch; rv:11.0) like Gecko"
64.147.91.228 - - [13/Dec/2021:20:46:51 +0700] "GET /js/prettyPhoto/jquery.prettyPhoto.js HTTP/1.0" 200 331 "http://autocad.cic.com.vn/" "Mozilla/5.0 (Windows NT 10.0; WOW64; Trident/7.0; Touch; rv:11.0) like Gecko"
64.147.91.228 - - [13/Dec/2021:20:46:51 +0700] "GET /js/jquery-easing-1.3.js HTTP/1.0" 200 318 "http://autocad.cic.com.vn/" "Mozilla/5.0 (Linux; Android 12; SM-G998U) AppleWebKit/537.36 (KHTML, like Gecko) Chrome/96.0.4664.45 Mobile Safari/537.36"
64.147.91.228 - - [13/Dec/2021:20:46:51 +0700] "GET /img/bg-autocad2016.png HTTP/1.0" 200 304 "http://autocad.cic.com.vn/" "Mozilla/5.0 (iPhone; CPU iPhone OS 14_8 like Mac OS X) AppleWebKit/605.1.15 (KHTML, like Gecko) Version/14.1.2 Mobile/15E148 Safari/604.1"
64.147.91.229 - - [13/Dec/2021:20:46:51 +0700] "GET /img/Cad/snap.gif HTTP/1.0" 200 298 "http://autocad.cic.com.vn/" "Mozilla/5.0 (Windows NT 10.0; WOW64; Trident/7.0; rv:11.0) like Gecko"
64.147.91.228 - - [13/Dec/2021:20:46:51 +0700] "GET /js/jquery-easing-1.3.js HTTP/1.0" 200 318 "http://autocad.cic.com.vn/" "Mozilla/5.0 (Linux; Android 11; SM-G970U) AppleWebKit/537.36 (KHTML, like Gecko) Chrome/96.0.4664.45 Mobile Safari/537.36"
64.147.91.229 - - [13/Dec/2021:20:46:51 +0700] "GET /img/screenshot/img1.png HTTP/1.0" 200 305 "http://autocad.cic.com.vn/" "Mozilla/5.0 (Windows NT 10.0; WOW64; Trident/7.0; rv:11.0) like Gecko"
64.147.91.228 - - [13/Dec/2021:20:46:51 +0700] "GET /js/flexslider/jquery.flexslider.js HTTP/1.0" 200 329 "http://autocad.cic.com.vn/" "Mozilla/5.0 (Linux; Android 11; SM-G970U) AppleWebKit/537.36 (KHTML, like Gecko) Chrome/96.0.4664.45 Mobile Safari/537.36"
64.147.91.228 - - [13/Dec/2021:20:46:51 +0700] "GET /img/logo.png HTTP/1.0" 200 294 "http://autocad.cic.com.vn/" "Mozilla/5.0 (Windows NT 10.0; WOW64; Trident/7.0; Touch; rv:11.0) like Gecko"
64.147.91.228 - - [13/Dec/2021:20:46:51 +0700] "GET /css/style.css HTTP/1.0" 200 294 "http://autocad.cic.com.vn/" "Mozilla/5.0 (Windows NT 10.0; Win64; x64) AppleWebKit/537.36 (KHTML, like Gecko) Chrome/96.0.4664.45 Safari/537.36"
64.147.91.228 - - [13/Dec/2021:20:46:51 +0700] "GET /img/Cad/snap.gif HTTP/1.0" 200 298 "http://autocad.cic.com.vn/" "Mozilla/5.0 (iPhone; CPU iPhone OS 14_8 like Mac OS X) AppleWebKit/605.1.15 (KHTML, like Gecko) Version/14.1.2 Mobile/15E148 Safari/604.1"
64.147.91.228 - - [13/Dec/2021:20:46:52 +0700] "GET /js/jquery.js HTTP/1.0" 200 307 "http://autocad.cic.com.vn/" "Mozilla/5.0 (Windows NT 10.0; Win64; x64) AppleWebKit/537.36 (KHTML, like Gecko) Chrome/96.0.4664.45 Safari/537.36"
64.147.91.229 - - [13/Dec/2021:20:46:52 +0700] "GET /fonts/pe-icon-7-stroke/fonts/Pe-icon-7-stroked41d.eot? HTTP/1.0" 200 355 "http://autocad.cic.com.vn/" "Mozilla/5.0 (Windows NT 10.0; WOW64; Trident/7.0; rv:11.0) like Gecko"
64.147.91.228 - - [13/Dec/2021:20:46:52 +0700] "GET /fonts/fontawesome/fontawesome-webfontd41d.eot? HTTP/1.0" 200 347 "http://autocad.cic.com.vn/" "Mozilla/5.0 (Windows NT 10.0; WOW64; Trident/7.0; Touch; rv:11.0) like Gecko"
64.147.91.228 - - [13/Dec/2021:20:46:52 +0700] "GET /fonts/pe-icon-7-stroke/fonts/Pe-icon-7-stroked41d.eot? HTTP/1.0" 200 355 "http://autocad.cic.com.vn/" "Mozilla/5.0 (Windows NT 10.0; WOW64; Trident/7.0; Touch; rv:11.0) like Gecko"
64.147.91.228 - - [13/Dec/2021:20:46:52 +0700] "GET /js/flexslider/jquery.flexslider.js HTTP/1.0" 200 329 "http://autocad.cic.com.vn/" "Mozilla/5.0 (Linux; Android 12; SM-G998U) AppleWebKit/537.36 (KHTML, like Gecko) Chrome/96.0.4664.45 Mobile Safari/537.36"
64.147.91.228 - - [13/Dec/2021:20:46:52 +0700] "GET /img/device.png HTTP/1.0" 200 296 "http://autocad.cic.com.vn/" "Mozilla/5.0 (Windows NT 10.0; Win64; x64) AppleWebKit/537.36 (KHTML, like Gecko) Chrome/96.0.4664.45 Safari/537.36"
64.147.91.228 - - [13/Dec/2021:20:46:52 +0700] "GET /img/bg-autocad2016.png HTTP/1.0" 200 304 "http://autocad.cic.com.vn/" "Mozilla/5.0 (Windows NT 10.0; WOW64; Trident/7.0; Touch; rv:11.0) like Gecko"
64.147.91.228 - - [13/Dec/2021:20:46:52 +0700] "GET /img/logo.png HTTP/1.0" 200 294 "http://autocad.cic.com.vn/" "Mozilla/5.0 (iPhone; CPU iPhone OS 14_8 like Mac OS X) AppleWebKit/605.1.15 (KHTML, like Gecko) Version/14.1.2 Mobile/15E148 Safari/604.1"
64.147.91.229 - - [13/Dec/2021:20:46:52 +0700] "GET /fonts/fontawesome/fontawesome-webfontd41d.eot? HTTP/1.0" 200 347 "http://autocad.cic.com.vn/" "Mozilla/5.0 (Windows NT 10.0; WOW64; Trident/7.0; rv:11.0) like Gecko"
64.147.91.228 - - [13/Dec/2021:20:46:52 +0700] "GET /img/hand-award.png HTTP/1.0" 200 300 "http://autocad.cic.com.vn/" "Mozilla/5.0 (Windows NT 10.0; WOW64; Trident/7.0; Touch; rv:11.0) like Gecko"
64.147.91.228 - - [13/Dec/2021:20:46:52 +0700] "GET /img/Cad/snap.gif HTTP/1.0" 200 298 "http://autocad.cic.com.vn/" "Mozilla/5.0 (Windows NT 10.0; WOW64; Trident/7.0; Touch; rv:11.0) like Gecko"
64.147.91.228 - - [13/Dec/2021:20:46:52 +0700] "GET /js/bootstrap.min.js HTTP/1.0" 200 314 "http://autocad.cic.com.vn/" "Mozilla/5.0 (Windows NT 10.0; Win64; x64) AppleWebKit/537.36 (KHTML, like Gecko) Chrome/96.0.4664.45 Safari/537.36"
64.147.91.228 - - [13/Dec/2021:20:46:52 +0700] "GET /js/prettyPhoto/jquery.prettyPhoto.js HTTP/1.0" 200 331 "http://autocad.cic.com.vn/" "Mozilla/5.0 (Windows NT 10.0; Win64; x64) AppleWebKit/537.36 (KHTML, like Gecko) Chrome/96.0.4664.45 Safari/537.36"
64.147.91.228 - - [13/Dec/2021:20:46:52 +0700] "GET /js/flexslider/jquery.flexslider.js HTTP/1.0" 200 329 "http://autocad.cic.com.vn/" "Mozilla/5.0 (Windows NT 10.0; Win64; x64) AppleWebKit/537.36 (KHTML, like Gecko) Chrome/96.0.4664.45 Safari/537.36"
64.147.91.228 - - [13/Dec/2021:20:46:52 +0700] "GET /img/screenshot/img1.png HTTP/1.0" 200 305 "http://autocad.cic.com.vn/" "Mozilla/5.0 (Windows NT 10.0; WOW64; Trident/7.0; Touch; rv:11.0) like Gecko"
64.147.91.228 - - [13/Dec/2021:20:46:52 +0700] "GET /js/prettyPhoto/jquery.prettyPhoto.js HTTP/1.0" 200 331 "http://autocad.cic.com.vn/" "Mozilla/5.0 (Linux; Android 11; SM-G970U) AppleWebKit/537.36 (KHTML, like Gecko) Chrome/96.0.4664.45 Mobile Safari/537.36"
64.147.91.228 - - [13/Dec/2021:20:46:52 +0700] "GET /img/bg-autocad2016.png HTTP/1.0" 200 304 "http://autocad.cic.com.vn/" "Mozilla/5.0 (iPhone; CPU iPhone OS 14_8 like Mac OS X) AppleWebKit/605.1.15 (KHTML, like Gecko) Version/14.1.2 Mobile/15E148 Safari/604.1"
64.147.91.228 - - [13/Dec/2021:20:46:53 +0700] "GET /js/prettyPhoto/jquery.prettyPhoto.js HTTP/1.0" 200 331 "http://autocad.cic.com.vn/" "Mozilla/5.0 (Linux; Android 12; SM-G998U) AppleWebKit/537.36 (KHTML, like Gecko) Chrome/96.0.4664.45 Mobile Safari/537.36"
64.147.91.229 - - [13/Dec/2021:20:46:53 +0700] "GET /img/bg_direction_nav_prev.png HTTP/1.0" 200 704 "http://autocad.cic.com.vn/" "Mozilla/5.0 (Windows NT 10.0; WOW64; Trident/7.0; rv:11.0) like Gecko"
64.147.91.228 - - [13/Dec/2021:20:46:53 +0700] "GET /img/Cad/snap.gif HTTP/1.0" 200 298 "http://autocad.cic.com.vn/" "Mozilla/5.0 (iPhone; CPU iPhone OS 14_8 like Mac OS X) AppleWebKit/605.1.15 (KHTML, like Gecko) Version/14.1.2 Mobile/15E148 Safari/604.1"
64.147.91.228 - - [13/Dec/2021:20:46:53 +0700] "GET /img/logo.png HTTP/1.0" 200 294 "http://autocad.cic.com.vn/" "Mozilla/5.0 (Windows NT 10.0; Win64; x64) AppleWebKit/537.36 (KHTML, like Gecko) Chrome/96.0.4664.45 Safari/537.36"
64.147.91.228 - - [13/Dec/2021:20:46:53 +0700] "GET /img/Cad/snap.gif HTTP/1.0" 200 298 "http://autocad.cic.com.vn/" "Mozilla/5.0 (Windows NT 10.0; Win64; x64) AppleWebKit/537.36 (KHTML, like Gecko) Chrome/96.0.4664.45 Safari/537.36"
64.147.91.228 - - [13/Dec/2021:20:46:53 +0700] "GET /img/Cad/revcloud.gif HTTP/1.0" 200 302 "http://autocad.cic.com.vn/" "Mozilla/5.0 (Windows NT 10.0; Win64; x64) AppleWebKit/537.36 (KHTML, like Gecko) Chrome/96.0.4664.45 Safari/537.36"
64.147.91.228 - - [13/Dec/2021:20:46:53 +0700] "GET /img/bg-autocad2016.png HTTP/1.0" 200 304 "http://autocad.cic.com.vn/" "Mozilla/5.0 (Windows NT 10.0; Win64; x64) AppleWebKit/537.36 (KHTML, like Gecko) Chrome/96.0.4664.45 Safari/537.36"
64.147.91.228 - - [13/Dec/2021:20:46:53 +0700] "GET /js/jquery-easing-1.3.js HTTP/1.0" 200 318 "http://autocad.cic.com.vn/" "Mozilla/5.0 (Windows NT 10.0; Win64; x64) AppleWebKit/537.36 (KHTML, like Gecko) Chrome/96.0.4664.45 Safari/537.36"
64.147.91.229 - - [13/Dec/2021:20:46:53 +0700] "GET /img/bg_direction_nav_next.png HTTP/1.0" 200 712 "http://autocad.cic.com.vn/" "Mozilla/5.0 (Windows NT 10.0; WOW64; Trident/7.0; rv:11.0) like Gecko"
64.147.91.228 - - [13/Dec/2021:20:46:53 +0700] "GET /img/screenshot/img3.png HTTP/1.0" 200 305 "http://autocad.cic.com.vn/" "Mozilla/5.0 (Windows NT 10.0; WOW64; Trident/7.0; Touch; rv:11.0) like Gecko"
64.147.91.228 - - [13/Dec/2021:20:46:53 +0700] "GET /img/screenshot/img2.png HTTP/1.0" 200 305 "http://autocad.cic.com.vn/" "Mozilla/5.0 (Windows NT 10.0; WOW64; Trident/7.0; Touch; rv:11.0) like Gecko"
64.147.91.229 - - [13/Dec/2021:20:46:53 +0700] "GET /img/screenshot/img4.png HTTP/1.0" 200 305 "http://autocad.cic.com.vn/" "Mozilla/5.0 (Windows NT 10.0; WOW64; Trident/7.0; rv:11.0) like Gecko"
64.147.91.228 - - [13/Dec/2021:20:46:53 +0700] "GET /img/logo.png HTTP/1.0" 200 294 "http://autocad.cic.com.vn/" "Mozilla/5.0 (Linux; Android 11; SM-G970U) AppleWebKit/537.36 (KHTML, like Gecko) Chrome/96.0.4664.45 Mobile Safari/537.36"
64.147.91.229 - - [13/Dec/2021:20:46:53 +0700] "GET /img/screenshot/img3.png HTTP/1.0" 200 305 "http://autocad.cic.com.vn/" "Mozilla/5.0 (Windows NT 10.0; WOW64; Trident/7.0; rv:11.0) like Gecko"
64.147.91.228 - - [13/Dec/2021:20:46:53 +0700] "GET /img/logo.png HTTP/1.0" 200 294 "http://autocad.cic.com.vn/" "Mozilla/5.0 (Linux; Android 12; SM-G998U) AppleWebKit/537.36 (KHTML, like Gecko) Chrome/96.0.4664.45 Mobile Safari/537.36"
64.147.91.228 - - [13/Dec/2021:20:46:54 +0700] "GET /img/screenshot/img4.png HTTP/1.0" 200 305 "http://autocad.cic.com.vn/" "Mozilla/5.0 (Windows NT 10.0; WOW64; Trident/7.0; Touch; rv:11.0) like Gecko"
64.147.91.228 - - [13/Dec/2021:20:46:54 +0700] "GET /img/Cad/smartdimensi.gif HTTP/1.0" 200 306 "http://autocad.cic.com.vn/" "Mozilla/5.0 (Windows NT 10.0; Win64; x64) AppleWebKit/537.36 (KHTML, like Gecko) Chrome/96.0.4664.45 Safari/537.36"
64.147.91.228 - - [13/Dec/2021:20:46:54 +0700] "GET /img/hand-award.png HTTP/1.0" 200 300 "http://autocad.cic.com.vn/" "Mozilla/5.0 (Windows NT 10.0; Win64; x64) AppleWebKit/537.36 (KHTML, like Gecko) Chrome/96.0.4664.45 Safari/537.36"
64.147.91.229 - - [13/Dec/2021:20:46:54 +0700] "GET /img/screenshot/img2.png HTTP/1.0" 200 305 "http://autocad.cic.com.vn/" "Mozilla/5.0 (Windows NT 10.0; WOW64; Trident/7.0; rv:11.0) like Gecko"
64.147.91.228 - - [13/Dec/2021:20:46:54 +0700] "GET /img/hand-award.png HTTP/1.0" 200 300 "http://autocad.cic.com.vn/" "Mozilla/5.0 (Windows NT 10.0; Win64; x64) AppleWebKit/537.36 (KHTML, like Gecko) Chrome/96.0.4664.45 Safari/537.36"
64.147.91.228 - - [13/Dec/2021:20:46:54 +0700] "GET /img/bg-autocad2016.png HTTP/1.0" 200 304 "http://autocad.cic.com.vn/" "Mozilla/5.0 (Linux; Android 12; SM-G998U) AppleWebKit/537.36 (KHTML, like Gecko) Chrome/96.0.4664.45 Mobile Safari/537.36"
64.147.91.228 - - [13/Dec/2021:20:46:54 +0700] "GET /img/bg-autocad2016.png HTTP/1.0" 200 304 "http://autocad.cic.com.vn/" "Mozilla/5.0 (Linux; Android 11; SM-G970U) AppleWebKit/537.36 (KHTML, like Gecko) Chrome/96.0.4664.45 Mobile Safari/537.36"
64.147.91.228 - - [13/Dec/2021:20:46:54 +0700] "GET /img/device.png HTTP/1.0" 200 296 "http://autocad.cic.com.vn/" "Mozilla/5.0 (Windows NT 10.0; Win64; x64) AppleWebKit/537.36 (KHTML, like Gecko) Chrome/96.0.4664.45 Safari/537.36"
64.147.91.229 - - [13/Dec/2021:20:46:54 +0700] "GET /img/hand-award.png HTTP/1.0" 200 300 "http://autocad.cic.com.vn/" "Mozilla/5.0 (Windows NT 10.0; WOW64; Trident/7.0; rv:11.0) like Gecko"
64.147.91.229 - - [13/Dec/2021:20:46:54 +0700] "GET /img/Cad/AutoCADSUITE.png HTTP/1.0" 200 306 "http://autocad.cic.com.vn/" "Mozilla/5.0 (Windows NT 10.0; WOW64; Trident/7.0; rv:11.0) like Gecko"
64.147.91.228 - - [13/Dec/2021:20:46:54 +0700] "GET /img/Cad/snap.gif HTTP/1.0" 200 298 "http://autocad.cic.com.vn/" "Mozilla/5.0 (Linux; Android 11; SM-G970U) AppleWebKit/537.36 (KHTML, like Gecko) Chrome/96.0.4664.45 Mobile Safari/537.36"
64.147.91.228 - - [13/Dec/2021:20:46:54 +0700] "GET /img/Cad/snap.gif HTTP/1.0" 200 298 "http://autocad.cic.com.vn/" "Mozilla/5.0 (Linux; Android 12; SM-G998U) AppleWebKit/537.36 (KHTML, like Gecko) Chrome/96.0.4664.45 Mobile Safari/537.36"
64.147.91.228 - - [13/Dec/2021:20:46:54 +0700] "GET /img/screenshot/img1.png HTTP/1.0" 200 305 "http://autocad.cic.com.vn/" "Mozilla/5.0 (Windows NT 10.0; Win64; x64) AppleWebKit/537.36 (KHTML, like Gecko) Chrome/96.0.4664.45 Safari/537.36"
64.147.91.228 - - [13/Dec/2021:20:46:55 +0700] "GET /img/Cad/revcloud.gif HTTP/1.0" 200 302 "http://autocad.cic.com.vn/" "Mozilla/5.0 (iPhone; CPU iPhone OS 14_8 like Mac OS X) AppleWebKit/605.1.15 (KHTML, like Gecko) Version/14.1.2 Mobile/15E148 Safari/604.1"
64.147.91.228 - - [13/Dec/2021:20:46:55 +0700] "GET /img/Cad/revcloud.gif HTTP/1.0" 200 302 "http://autocad.cic.com.vn/" "Mozilla/5.0 (iPhone; CPU iPhone OS 14_8 like Mac OS X) AppleWebKit/605.1.15 (KHTML, like Gecko) Version/14.1.2 Mobile/15E148 Safari/604.1"
64.147.91.228 - - [13/Dec/2021:20:46:55 +0700] "GET /img/screenshot/img1.png HTTP/1.0" 200 305 "http://autocad.cic.com.vn/" "Mozilla/5.0 (Windows NT 10.0; Win64; x64) AppleWebKit/537.36 (KHTML, like Gecko) Chrome/96.0.4664.45 Safari/537.36"
64.147.91.228 - - [13/Dec/2021:20:46:55 +0700] "GET /img/device.png HTTP/1.0" 200 296 "http://autocad.cic.com.vn/" "Mozilla/5.0 (Windows NT 10.0; WOW64; Trident/7.0; Touch; rv:11.0) like Gecko"
64.147.91.228 - - [13/Dec/2021:20:46:55 +0700] "GET /img/browser.png HTTP/1.0" 200 297 "http://autocad.cic.com.vn/" "Mozilla/5.0 (Windows NT 10.0; WOW64; Trident/7.0; Touch; rv:11.0) like Gecko"
64.147.91.228 - - [13/Dec/2021:20:46:55 +0700] "GET /img/screenshot/img2.png HTTP/1.0" 200 305 "http://autocad.cic.com.vn/" "Mozilla/5.0 (Windows NT 10.0; Win64; x64) AppleWebKit/537.36 (KHTML, like Gecko) Chrome/96.0.4664.45 Safari/537.36"
64.147.91.229 - - [13/Dec/2021:20:46:56 +0700] "GET /img/client/logo3-hover.png HTTP/1.0" 200 308 "http://autocad.cic.com.vn/" "Mozilla/5.0 (Windows NT 10.0; WOW64; Trident/7.0; rv:11.0) like Gecko"
64.147.91.229 - - [13/Dec/2021:20:46:56 +0700] "GET /img/screenshot/img5.png HTTP/1.0" 200 305 "http://autocad.cic.com.vn/" "Mozilla/5.0 (Windows NT 10.0; WOW64; Trident/7.0; rv:11.0) like Gecko"
64.147.91.228 - - [13/Dec/2021:20:46:56 +0700] "GET /img/screenshot/img2.png HTTP/1.0" 200 305 "http://autocad.cic.com.vn/" "Mozilla/5.0 (Windows NT 10.0; Win64; x64) AppleWebKit/537.36 (KHTML, like Gecko) Chrome/96.0.4664.45 Safari/537.36"
64.147.91.229 - - [13/Dec/2021:20:46:56 +0700] "GET /img/Cad/AutoCADLT.png HTTP/1.0" 200 303 "http://autocad.cic.com.vn/" "Mozilla/5.0 (Windows NT 10.0; WOW64; Trident/7.0; rv:11.0) like Gecko"
64.147.91.229 - - [13/Dec/2021:20:46:56 +0700] "GET /img/browser.png HTTP/1.0" 200 297 "http://autocad.cic.com.vn/" "Mozilla/5.0 (Windows NT 10.0; WOW64; Trident/7.0; rv:11.0) like Gecko"
64.147.91.228 - - [13/Dec/2021:20:46:56 +0700] "GET /img/Cad/revcloud.gif HTTP/1.0" 200 302 "http://autocad.cic.com.vn/" "Mozilla/5.0 (Windows NT 10.0; WOW64; Trident/7.0; Touch; rv:11.0) like Gecko"
64.147.91.228 - - [13/Dec/2021:20:46:56 +0700] "GET /img/screenshot/img4.png HTTP/1.0" 200 305 "http://autocad.cic.com.vn/" "Mozilla/5.0 (Windows NT 10.0; Win64; x64) AppleWebKit/537.36 (KHTML, like Gecko) Chrome/96.0.4664.45 Safari/537.36"
64.147.91.228 - - [13/Dec/2021:20:46:56 +0700] "GET /img/screenshot/img3.png HTTP/1.0" 200 305 "http://autocad.cic.com.vn/" "Mozilla/5.0 (Windows NT 10.0; Win64; x64) AppleWebKit/537.36 (KHTML, like Gecko) Chrome/96.0.4664.45 Safari/537.36"
64.147.91.228 - - [13/Dec/2021:20:46:56 +0700] "GET /img/screenshot/img5.png HTTP/1.0" 200 305 "http://autocad.cic.com.vn/" "Mozilla/5.0 (Windows NT 10.0; Win64; x64) AppleWebKit/537.36 (KHTML, like Gecko) Chrome/96.0.4664.45 Safari/537.36"
64.147.91.228 - - [13/Dec/2021:20:46:56 +0700] "GET /img/Cad/revcloud.gif HTTP/1.0" 200 302 "http://autocad.cic.com.vn/" "Mozilla/5.0 (Linux; Android 11; SM-G970U) AppleWebKit/537.36 (KHTML, like Gecko) Chrome/96.0.4664.45 Mobile Safari/537.36"
64.147.91.228 - - [13/Dec/2021:20:46:56 +0700] "GET /img/browser.png HTTP/1.0" 200 297 "http://autocad.cic.com.vn/" "Mozilla/5.0 (Windows NT 10.0; Win64; x64) AppleWebKit/537.36 (KHTML, like Gecko) Chrome/96.0.4664.45 Safari/537.36"
64.147.91.228 - - [13/Dec/2021:20:46:56 +0700] "GET /img/Cad/revcloud.gif HTTP/1.0" 200 302 "http://autocad.cic.com.vn/" "Mozilla/5.0 (Linux; Android 12; SM-G998U) AppleWebKit/537.36 (KHTML, like Gecko) Chrome/96.0.4664.45 Mobile Safari/537.36"
64.147.91.229 - - [13/Dec/2021:20:46:56 +0700] "GET /img/client/logo4-hover.png HTTP/1.0" 200 308 "http://autocad.cic.com.vn/" "Mozilla/5.0 (Windows NT 10.0; WOW64; Trident/7.0; rv:11.0) like Gecko"
64.147.91.229 - - [13/Dec/2021:20:46:56 +0700] "GET /img/Cad/AutoCAD.png HTTP/1.0" 200 301 "http://autocad.cic.com.vn/" "Mozilla/5.0 (Windows NT 10.0; WOW64; Trident/7.0; rv:11.0) like Gecko"
64.147.91.228 - - [13/Dec/2021:20:46:57 +0700] "GET /img/Cad/smartdimensi.gif HTTP/1.0" 200 306 "http://autocad.cic.com.vn/" "Mozilla/5.0 (Windows NT 10.0; WOW64; Trident/7.0; Touch; rv:11.0) like Gecko"
64.147.91.229 - - [13/Dec/2021:20:46:57 +0700] "GET /img/client/logo-NAGECCO.jpg HTTP/1.0" 200 310 "http://autocad.cic.com.vn/" "Mozilla/5.0 (Windows NT 10.0; WOW64; Trident/7.0; rv:11.0) like Gecko"
64.147.91.228 - - [13/Dec/2021:20:46:57 +0700] "GET /img/Cad/smartdimensi.gif HTTP/1.0" 200 306 "http://autocad.cic.com.vn/" "Mozilla/5.0 (iPhone; CPU iPhone OS 14_8 like Mac OS X) AppleWebKit/605.1.15 (KHTML, like Gecko) Version/14.1.2 Mobile/15E148 Safari/604.1"
64.147.91.228 - - [13/Dec/2021:20:46:57 +0700] "GET /img/Cad/smartdimensi.gif HTTP/1.0" 200 306 "http://autocad.cic.com.vn/" "Mozilla/5.0 (iPhone; CPU iPhone OS 14_8 like Mac OS X) AppleWebKit/605.1.15 (KHTML, like Gecko) Version/14.1.2 Mobile/15E148 Safari/604.1"
64.147.91.228 - - [13/Dec/2021:20:46:57 +0700] "GET /img/screenshot/img5.png HTTP/1.0" 200 305 "http://autocad.cic.com.vn/" "Mozilla/5.0 (Windows NT 10.0; WOW64; Trident/7.0; Touch; rv:11.0) like Gecko"
64.147.91.228 - - [13/Dec/2021:20:46:57 +0700] "GET /img/client/logo3-hover.png HTTP/1.0" 200 308 "http://autocad.cic.com.vn/" "Mozilla/5.0 (Windows NT 10.0; WOW64; Trident/7.0; Touch; rv:11.0) like Gecko"
64.147.91.228 - - [13/Dec/2021:20:46:57 +0700] "GET /img/Cad/smartdimensi.gif HTTP/1.0" 200 306 "http://autocad.cic.com.vn/" "Mozilla/5.0 (Linux; Android 12; SM-G998U) AppleWebKit/537.36 (KHTML, like Gecko) Chrome/96.0.4664.45 Mobile Safari/537.36"
64.147.91.228 - - [13/Dec/2021:20:46:57 +0700] "GET /img/Cad/AutoCADLT.png HTTP/1.0" 200 303 "http://autocad.cic.com.vn/" "Mozilla/5.0 (Windows NT 10.0; Win64; x64) AppleWebKit/537.36 (KHTML, like Gecko) Chrome/96.0.4664.45 Safari/537.36"
64.147.91.228 - - [13/Dec/2021:20:46:57 +0700] "GET /img/device.png HTTP/1.0" 200 296 "http://autocad.cic.com.vn/" "Mozilla/5.0 (iPhone; CPU iPhone OS 14_8 like Mac OS X) AppleWebKit/605.1.15 (KHTML, like Gecko) Version/14.1.2 Mobile/15E148 Safari/604.1"
64.147.91.229 - - [13/Dec/2021:20:46:57 +0700] "GET /img/client/Logo-HoaBinh.jpg HTTP/1.0" 200 310 "http://autocad.cic.com.vn/" "Mozilla/5.0 (Windows NT 10.0; WOW64; Trident/7.0; rv:11.0) like Gecko"
64.147.91.228 - - [13/Dec/2021:20:46:57 +0700] "GET /img/screenshot/img3.png HTTP/1.0" 200 305 "http://autocad.cic.com.vn/" "Mozilla/5.0 (Windows NT 10.0; Win64; x64) AppleWebKit/537.36 (KHTML, like Gecko) Chrome/96.0.4664.45 Safari/537.36"
64.147.91.229 - - [13/Dec/2021:20:46:57 +0700] "GET /img/client/logo5-hover.png HTTP/1.0" 200 308 "http://autocad.cic.com.vn/" "Mozilla/5.0 (Windows NT 10.0; WOW64; Trident/7.0; rv:11.0) like Gecko"
64.147.91.229 - - [13/Dec/2021:20:46:57 +0700] "GET /img/client/logo6-hover.png HTTP/1.0" 200 308 "http://autocad.cic.com.vn/" "Mozilla/5.0 (Windows NT 10.0; WOW64; Trident/7.0; rv:11.0) like Gecko"
64.147.91.228 - - [13/Dec/2021:20:46:57 +0700] "GET /img/screenshot/img4.png HTTP/1.0" 200 305 "http://autocad.cic.com.vn/" "Mozilla/5.0 (Windows NT 10.0; Win64; x64) AppleWebKit/537.36 (KHTML, like Gecko) Chrome/96.0.4664.45 Safari/537.36"
64.147.91.229 - - [13/Dec/2021:20:46:58 +0700] "GET /img/client/logo7-hover.png HTTP/1.0" 200 308 "http://autocad.cic.com.vn/" "Mozilla/5.0 (Windows NT 10.0; WOW64; Trident/7.0; rv:11.0) like Gecko"
64.147.91.228 - - [13/Dec/2021:20:46:58 +0700] "GET /img/Cad/AutoCADLT.png HTTP/1.0" 200 303 "http://autocad.cic.com.vn/" "Mozilla/5.0 (Windows NT 10.0; WOW64; Trident/7.0; Touch; rv:11.0) like Gecko"
64.147.91.228 - - [13/Dec/2021:20:46:58 +0700] "GET /img/Cad/AutoCAD.png HTTP/1.0" 200 301 "http://autocad.cic.com.vn/" "Mozilla/5.0 (Windows NT 10.0; Win64; x64) AppleWebKit/537.36 (KHTML, like Gecko) Chrome/96.0.4664.45 Safari/537.36"
64.147.91.228 - - [13/Dec/2021:20:46:58 +0700] "GET /img/Cad/AutoCADSUITE.png HTTP/1.0" 200 306 "http://autocad.cic.com.vn/" "Mozilla/5.0 (Windows NT 10.0; Win64; x64) AppleWebKit/537.36 (KHTML, like Gecko) Chrome/96.0.4664.45 Safari/537.36"
64.147.91.228 - - [13/Dec/2021:20:46:58 +0700] "GET /img/client/logo4-hover.png HTTP/1.0" 200 308 "http://autocad.cic.com.vn/" "Mozilla/5.0 (Windows NT 10.0; WOW64; Trident/7.0; Touch; rv:11.0) like Gecko"
64.147.91.228 - - [13/Dec/2021:20:46:58 +0700] "GET /img/client/logo1-hover.png HTTP/1.0" 200 308 "http://autocad.cic.com.vn/" "Mozilla/5.0 (Windows NT 10.0; Win64; x64) AppleWebKit/537.36 (KHTML, like Gecko) Chrome/96.0.4664.45 Safari/537.36"
64.147.91.228 - - [13/Dec/2021:20:46:58 +0700] "GET /img/client/logo2-hover.png HTTP/1.0" 200 308 "http://autocad.cic.com.vn/" "Mozilla/5.0 (Windows NT 10.0; Win64; x64) AppleWebKit/537.36 (KHTML, like Gecko) Chrome/96.0.4664.45 Safari/537.36"
64.147.91.229 - - [13/Dec/2021:20:46:58 +0700] "GET /img/client/Logo-VietsovPetro.jpg HTTP/1.0" 200 315 "http://autocad.cic.com.vn/" "Mozilla/5.0 (Windows NT 10.0; WOW64; Trident/7.0; rv:11.0) like Gecko"
64.147.91.229 - - [13/Dec/2021:20:46:58 +0700] "GET /img/client/Logo_IDCo.jpg HTTP/1.0" 200 307 "http://autocad.cic.com.vn/" "Mozilla/5.0 (Windows NT 10.0; WOW64; Trident/7.0; rv:11.0) like Gecko"
64.147.91.229 - - [13/Dec/2021:20:46:58 +0700] "GET /img/client/CC1-logo.jpg HTTP/1.0" 200 306 "http://autocad.cic.com.vn/" "Mozilla/5.0 (Windows NT 10.0; WOW64; Trident/7.0; rv:11.0) like Gecko"
64.147.91.228 - - [13/Dec/2021:20:46:58 +0700] "GET /img/client/logo5-hover.png HTTP/1.0" 200 308 "http://autocad.cic.com.vn/" "Mozilla/5.0 (Windows NT 10.0; WOW64; Trident/7.0; Touch; rv:11.0) like Gecko"
64.147.91.229 - - [13/Dec/2021:20:46:58 +0700] "GET /img/client/logo10-hover.png HTTP/1.0" 200 309 "http://autocad.cic.com.vn/" "Mozilla/5.0 (Windows NT 10.0; WOW64; Trident/7.0; rv:11.0) like Gecko"
64.147.91.228 - - [13/Dec/2021:20:46:58 +0700] "GET /img/client/CC1-logo.jpg HTTP/1.0" 200 306 "http://autocad.cic.com.vn/" "Mozilla/5.0 (Windows NT 10.0; WOW64; Trident/7.0; Touch; rv:11.0) like Gecko"
64.147.91.228 - - [13/Dec/2021:20:46:58 +0700] "GET /img/client/logo3-hover.png HTTP/1.0" 200 308 "http://autocad.cic.com.vn/" "Mozilla/5.0 (Windows NT 10.0; Win64; x64) AppleWebKit/537.36 (KHTML, like Gecko) Chrome/96.0.4664.45 Safari/537.36"
64.147.91.228 - - [13/Dec/2021:20:46:58 +0700] "GET /img/Cad/smartdimensi.gif HTTP/1.0" 200 306 "http://autocad.cic.com.vn/" "Mozilla/5.0 (Linux; Android 11; SM-G970U) AppleWebKit/537.36 (KHTML, like Gecko) Chrome/96.0.4664.45 Mobile Safari/537.36"
64.147.91.228 - - [13/Dec/2021:20:46:59 +0700] "GET /img/client/logo4-hover.png HTTP/1.0" 200 308 "http://autocad.cic.com.vn/" "Mozilla/5.0 (Windows NT 10.0; Win64; x64) AppleWebKit/537.36 (KHTML, like Gecko) Chrome/96.0.4664.45 Safari/537.36"
64.147.91.228 - - [13/Dec/2021:20:46:59 +0700] "GET /img/client/logo5-hover.png HTTP/1.0" 200 308 "http://autocad.cic.com.vn/" "Mozilla/5.0 (Windows NT 10.0; Win64; x64) AppleWebKit/537.36 (KHTML, like Gecko) Chrome/96.0.4664.45 Safari/537.36"
64.147.91.228 - - [13/Dec/2021:20:46:59 +0700] "GET /img/client/Logo_IDCo.jpg HTTP/1.0" 200 307 "http://autocad.cic.com.vn/" "Mozilla/5.0 (Windows NT 10.0; WOW64; Trident/7.0; Touch; rv:11.0) like Gecko"
64.147.91.228 - - [13/Dec/2021:20:46:59 +0700] "GET /img/client/CC1-logo.jpg HTTP/1.0" 200 306 "http://autocad.cic.com.vn/" "Mozilla/5.0 (Windows NT 10.0; Win64; x64) AppleWebKit/537.36 (KHTML, like Gecko) Chrome/96.0.4664.45 Safari/537.36"
64.147.91.229 - - [13/Dec/2021:20:46:59 +0700] "GET /img/Cad/smartdimensi.gif HTTP/1.0" 200 306 "http://autocad.cic.com.vn/" "Mozilla/5.0 (Windows NT 10.0; WOW64; Trident/7.0; rv:11.0) like Gecko"
64.147.91.229 - - [13/Dec/2021:20:46:59 +0700] "GET /img/client/logo8-hover.png HTTP/1.0" 200 308 "http://autocad.cic.com.vn/" "Mozilla/5.0 (Windows NT 10.0; WOW64; Trident/7.0; rv:11.0) like Gecko"
64.147.91.229 - - [13/Dec/2021:20:46:59 +0700] "GET /js/navigation/waypoints.min.js HTTP/1.0" 200 325 "http://autocad.cic.com.vn/" "Mozilla/5.0 (Windows NT 10.0; WOW64; Trident/7.0; rv:11.0) like Gecko"
64.147.91.228 - - [13/Dec/2021:20:46:59 +0700] "GET /img/client/Logo-HoaBinh.jpg HTTP/1.0" 200 310 "http://autocad.cic.com.vn/" "Mozilla/5.0 (Windows NT 10.0; WOW64; Trident/7.0; Touch; rv:11.0) like Gecko"
64.147.91.228 - - [13/Dec/2021:20:46:59 +0700] "GET /img/device.png HTTP/1.0" 200 296 "http://autocad.cic.com.vn/" "Mozilla/5.0 (iPhone; CPU iPhone OS 14_8 like Mac OS X) AppleWebKit/605.1.15 (KHTML, like Gecko) Version/14.1.2 Mobile/15E148 Safari/604.1"
64.147.91.228 - - [13/Dec/2021:20:46:59 +0700] "GET /img/device.png HTTP/1.0" 200 296 "http://autocad.cic.com.vn/" "Mozilla/5.0 (Linux; Android 12; SM-G998U) AppleWebKit/537.36 (KHTML, like Gecko) Chrome/96.0.4664.45 Mobile Safari/537.36"
64.147.91.228 - - [13/Dec/2021:20:46:59 +0700] "GET /img/Cad/AutoCAD.png HTTP/1.0" 200 301 "http://autocad.cic.com.vn/" "Mozilla/5.0 (Windows NT 10.0; WOW64; Trident/7.0; Touch; rv:11.0) like Gecko"
64.147.91.229 - - [13/Dec/2021:20:46:59 +0700] "GET /img/Cad/revcloud.gif HTTP/1.0" 200 302 "http://autocad.cic.com.vn/" "Mozilla/5.0 (Windows NT 10.0; WOW64; Trident/7.0; rv:11.0) like Gecko"
64.147.91.228 - - [13/Dec/2021:20:46:59 +0700] "GET /img/screenshot/img5.png HTTP/1.0" 200 305 "http://autocad.cic.com.vn/" "Mozilla/5.0 (Windows NT 10.0; Win64; x64) AppleWebKit/537.36 (KHTML, like Gecko) Chrome/96.0.4664.45 Safari/537.36"
64.147.91.228 - - [13/Dec/2021:20:46:59 +0700] "GET /img/client/logo-NAGECCO.jpg HTTP/1.0" 200 310 "http://autocad.cic.com.vn/" "Mozilla/5.0 (Windows NT 10.0; WOW64; Trident/7.0; Touch; rv:11.0) like Gecko"
64.147.91.228 - - [13/Dec/2021:20:46:59 +0700] "GET /img/client/Logo_IDCo.jpg HTTP/1.0" 200 307 "http://autocad.cic.com.vn/" "Mozilla/5.0 (Windows NT 10.0; Win64; x64) AppleWebKit/537.36 (KHTML, like Gecko) Chrome/96.0.4664.45 Safari/537.36"
64.147.91.228 - - [13/Dec/2021:20:46:59 +0700] "GET /img/client/Logo-HoaBinh.jpg HTTP/1.0" 200 310 "http://autocad.cic.com.vn/" "Mozilla/5.0 (Windows NT 10.0; Win64; x64) AppleWebKit/537.36 (KHTML, like Gecko) Chrome/96.0.4664.45 Safari/537.36"
64.147.91.228 - - [13/Dec/2021:20:46:59 +0700] "GET /img/client/logo-NAGECCO.jpg HTTP/1.0" 200 310 "http://autocad.cic.com.vn/" "Mozilla/5.0 (Windows NT 10.0; Win64; x64) AppleWebKit/537.36 (KHTML, like Gecko) Chrome/96.0.4664.45 Safari/537.36"
64.147.91.228 - - [13/Dec/2021:20:46:59 +0700] "GET /img/client/Logo-VietsovPetro.jpg HTTP/1.0" 200 315 "http://autocad.cic.com.vn/" "Mozilla/5.0 (Windows NT 10.0; Win64; x64) AppleWebKit/537.36 (KHTML, like Gecko) Chrome/96.0.4664.45 Safari/537.36"
64.147.91.228 - - [13/Dec/2021:20:46:59 +0700] "GET /img/client/Logo-VietsovPetro.jpg HTTP/1.0" 200 315 "http://autocad.cic.com.vn/" "Mozilla/5.0 (Windows NT 10.0; WOW64; Trident/7.0; Touch; rv:11.0) like Gecko"
64.147.91.228 - - [13/Dec/2021:20:46:59 +0700] "GET /img/hand-award.png HTTP/1.0" 200 300 "http://autocad.cic.com.vn/" "Mozilla/5.0 (iPhone; CPU iPhone OS 14_8 like Mac OS X) AppleWebKit/605.1.15 (KHTML, like Gecko) Version/14.1.2 Mobile/15E148 Safari/604.1"
64.147.91.228 - - [13/Dec/2021:20:46:59 +0700] "GET /img/Cad/AutoCADSUITE.png HTTP/1.0" 200 306 "http://autocad.cic.com.vn/" "Mozilla/5.0 (Windows NT 10.0; WOW64; Trident/7.0; Touch; rv:11.0) like Gecko"
64.147.91.229 - - [13/Dec/2021:20:46:59 +0700] "GET /img/client/logo9-hover.png HTTP/1.0" 200 308 "http://autocad.cic.com.vn/" "Mozilla/5.0 (Windows NT 10.0; WOW64; Trident/7.0; rv:11.0) like Gecko"
64.147.91.229 - - [13/Dec/2021:20:46:59 +0700] "GET /js/wow/wow.min.js HTTP/1.0" 200 312 "http://autocad.cic.com.vn/" "Mozilla/5.0 (Windows NT 10.0; WOW64; Trident/7.0; rv:11.0) like Gecko"
64.147.91.228 - - [13/Dec/2021:20:46:59 +0700] "GET /img/hand-award.png HTTP/1.0" 200 300 "http://autocad.cic.com.vn/" "Mozilla/5.0 (iPhone; CPU iPhone OS 14_8 like Mac OS X) AppleWebKit/605.1.15 (KHTML, like Gecko) Version/14.1.2 Mobile/15E148 Safari/604.1"
64.147.91.228 - - [13/Dec/2021:20:47:00 +0700] "GET /img/client/logo6-hover.png HTTP/1.0" 200 308 "http://autocad.cic.com.vn/" "Mozilla/5.0 (Windows NT 10.0; WOW64; Trident/7.0; Touch; rv:11.0) like Gecko"
64.147.91.229 - - [13/Dec/2021:20:47:00 +0700] "GET /js/wow/setting.js HTTP/1.0" 200 376 "http://autocad.cic.com.vn/" "Mozilla/5.0 (Windows NT 10.0; WOW64; Trident/7.0; rv:11.0) like Gecko"
64.147.91.228 - - [13/Dec/2021:20:47:00 +0700] "GET /img/screenshot/img1.png HTTP/1.0" 200 305 "http://autocad.cic.com.vn/" "Mozilla/5.0 (iPhone; CPU iPhone OS 14_8 like Mac OS X) AppleWebKit/605.1.15 (KHTML, like Gecko) Version/14.1.2 Mobile/15E148 Safari/604.1"
64.147.91.228 - - [13/Dec/2021:20:47:00 +0700] "GET /img/client/logo9-hover.png HTTP/1.0" 200 308 "http://autocad.cic.com.vn/" "Mozilla/5.0 (Windows NT 10.0; WOW64; Trident/7.0; Touch; rv:11.0) like Gecko"
64.147.91.228 - - [13/Dec/2021:20:47:00 +0700] "GET /img/client/logo6-hover.png HTTP/1.0" 200 308 "http://autocad.cic.com.vn/" "Mozilla/5.0 (Windows NT 10.0; Win64; x64) AppleWebKit/537.36 (KHTML, like Gecko) Chrome/96.0.4664.45 Safari/537.36"
64.147.91.228 - - [13/Dec/2021:20:47:00 +0700] "GET /img/client/logo8-hover.png HTTP/1.0" 200 308 "http://autocad.cic.com.vn/" "Mozilla/5.0 (Windows NT 10.0; WOW64; Trident/7.0; Touch; rv:11.0) like Gecko"
64.147.91.228 - - [13/Dec/2021:20:47:00 +0700] "GET /img/client/logo8-hover.png HTTP/1.0" 200 308 "http://autocad.cic.com.vn/" "Mozilla/5.0 (Windows NT 10.0; Win64; x64) AppleWebKit/537.36 (KHTML, like Gecko) Chrome/96.0.4664.45 Safari/537.36"
64.147.91.228 - - [13/Dec/2021:20:47:00 +0700] "GET /img/client/logo7-hover.png HTTP/1.0" 200 308 "http://autocad.cic.com.vn/" "Mozilla/5.0 (Windows NT 10.0; Win64; x64) AppleWebKit/537.36 (KHTML, like Gecko) Chrome/96.0.4664.45 Safari/537.36"
64.147.91.228 - - [13/Dec/2021:20:47:00 +0700] "GET /img/client/logo9-hover.png HTTP/1.0" 200 308 "http://autocad.cic.com.vn/" "Mozilla/5.0 (Windows NT 10.0; Win64; x64) AppleWebKit/537.36 (KHTML, like Gecko) Chrome/96.0.4664.45 Safari/537.36"
64.147.91.229 - - [13/Dec/2021:20:47:00 +0700] "GET /img/client/logo1-hover.png HTTP/1.0" 200 308 "http://autocad.cic.com.vn/" "Mozilla/5.0 (Windows NT 10.0; WOW64; Trident/7.0; rv:11.0) like Gecko"
64.147.91.228 - - [13/Dec/2021:20:47:00 +0700] "GET /img/client/logo1-hover.png HTTP/1.0" 200 308 "http://autocad.cic.com.vn/" "Mozilla/5.0 (Windows NT 10.0; WOW64; Trident/7.0; Touch; rv:11.0) like Gecko"
64.147.91.228 - - [13/Dec/2021:20:47:00 +0700] "GET /img/client/logo10-hover.png HTTP/1.0" 200 309 "http://autocad.cic.com.vn/" "Mozilla/5.0 (Windows NT 10.0; WOW64; Trident/7.0; Touch; rv:11.0) like Gecko"
64.147.91.229 - - [13/Dec/2021:20:47:00 +0700] "GET /js/parallax/jquery.parallax-1.1.3.js HTTP/1.0" 200 331 "http://autocad.cic.com.vn/" "Mozilla/5.0 (Windows NT 10.0; WOW64; Trident/7.0; rv:11.0) like Gecko"
64.147.91.228 - - [13/Dec/2021:20:47:01 +0700] "GET /img/hand-award.png HTTP/1.0" 200 300 "http://autocad.cic.com.vn/" "Mozilla/5.0 (Linux; Android 12; SM-G998U) AppleWebKit/537.36 (KHTML, like Gecko) Chrome/96.0.4664.45 Mobile Safari/537.36"
64.147.91.228 - - [13/Dec/2021:20:47:01 +0700] "GET /js/navigation/navbar.js HTTP/1.0" 200 318 "http://autocad.cic.com.vn/" "Mozilla/5.0 (Windows NT 10.0; WOW64; Trident/7.0; Touch; rv:11.0) like Gecko"
64.147.91.228 - - [13/Dec/2021:20:47:01 +0700] "GET /js/navigation/waypoints.min.js HTTP/1.0" 200 325 "http://autocad.cic.com.vn/" "Mozilla/5.0 (Windows NT 10.0; Win64; x64) AppleWebKit/537.36 (KHTML, like Gecko) Chrome/96.0.4664.45 Safari/537.36"
64.147.91.228 - - [13/Dec/2021:20:47:01 +0700] "GET /img/client/logo10-hover.png HTTP/1.0" 200 309 "http://autocad.cic.com.vn/" "Mozilla/5.0 (Windows NT 10.0; Win64; x64) AppleWebKit/537.36 (KHTML, like Gecko) Chrome/96.0.4664.45 Safari/537.36"
64.147.91.228 - - [13/Dec/2021:20:47:01 +0700] "GET /js/wow/wow.min.js HTTP/1.0" 200 312 "http://autocad.cic.com.vn/" "Mozilla/5.0 (Windows NT 10.0; WOW64; Trident/7.0; Touch; rv:11.0) like Gecko"
64.147.91.229 - - [13/Dec/2021:20:47:01 +0700] "GET /js/parallax/setting.js HTTP/1.0" 200 742 "http://autocad.cic.com.vn/" "Mozilla/5.0 (Windows NT 10.0; WOW64; Trident/7.0; rv:11.0) like Gecko"
64.147.91.228 - - [13/Dec/2021:20:47:01 +0700] "GET /js/navigation/jquery.smooth-scroll.js HTTP/1.0" 200 332 "http://autocad.cic.com.vn/" "Mozilla/5.0 (Windows NT 10.0; Win64; x64) AppleWebKit/537.36 (KHTML, like Gecko) Chrome/96.0.4664.45 Safari/537.36"
64.147.91.228 - - [13/Dec/2021:20:47:01 +0700] "GET /js/navigation/navbar.js HTTP/1.0" 200 318 "http://autocad.cic.com.vn/" "Mozilla/5.0 (Windows NT 10.0; Win64; x64) AppleWebKit/537.36 (KHTML, like Gecko) Chrome/96.0.4664.45 Safari/537.36"
64.147.91.229 - - [13/Dec/2021:20:47:01 +0700] "GET /js/counters/setting.js HTTP/1.0" 200 695 "http://autocad.cic.com.vn/" "Mozilla/5.0 (Windows NT 10.0; WOW64; Trident/7.0; rv:11.0) like Gecko"
64.147.91.228 - - [13/Dec/2021:20:47:01 +0700] "GET /js/parallax/jquery.parallax-1.1.3.js HTTP/1.0" 200 331 "http://autocad.cic.com.vn/" "Mozilla/5.0 (Windows NT 10.0; WOW64; Trident/7.0; Touch; rv:11.0) like Gecko"
64.147.91.228 - - [13/Dec/2021:20:47:01 +0700] "GET /img/client/logo7-hover.png HTTP/1.0" 200 308 "http://autocad.cic.com.vn/" "Mozilla/5.0 (Windows NT 10.0; WOW64; Trident/7.0; Touch; rv:11.0) like Gecko"
64.147.91.229 - - [13/Dec/2021:20:47:01 +0700] "GET /js/counters/jquery.appear.js HTTP/1.0" 200 323 "http://autocad.cic.com.vn/" "Mozilla/5.0 (Windows NT 10.0; WOW64; Trident/7.0; rv:11.0) like Gecko"
64.147.91.228 - - [13/Dec/2021:20:47:01 +0700] "GET /img/screenshot/img2.png HTTP/1.0" 200 305 "http://autocad.cic.com.vn/" "Mozilla/5.0 (iPhone; CPU iPhone OS 14_8 like Mac OS X) AppleWebKit/605.1.15 (KHTML, like Gecko) Version/14.1.2 Mobile/15E148 Safari/604.1"
64.147.91.228 - - [13/Dec/2021:20:47:01 +0700] "GET /img/screenshot/img1.png HTTP/1.0" 200 305 "http://autocad.cic.com.vn/" "Mozilla/5.0 (iPhone; CPU iPhone OS 14_8 like Mac OS X) AppleWebKit/605.1.15 (KHTML, like Gecko) Version/14.1.2 Mobile/15E148 Safari/604.1"
64.147.91.228 - - [13/Dec/2021:20:47:01 +0700] "GET /js/wow/wow.min.js HTTP/1.0" 200 312 "http://autocad.cic.com.vn/" "Mozilla/5.0 (Windows NT 10.0; Win64; x64) AppleWebKit/537.36 (KHTML, like Gecko) Chrome/96.0.4664.45 Safari/537.36"
64.147.91.229 - - [13/Dec/2021:20:47:01 +0700] "GET /img/device.png HTTP/1.0" 200 296 "http://autocad.cic.com.vn/" "Mozilla/5.0 (Windows NT 10.0; WOW64; Trident/7.0; rv:11.0) like Gecko"
64.147.91.228 - - [13/Dec/2021:20:47:01 +0700] "GET /js/parallax/jquery.parallax-1.1.3.js HTTP/1.0" 200 331 "http://autocad.cic.com.vn/" "Mozilla/5.0 (Windows NT 10.0; Win64; x64) AppleWebKit/537.36 (KHTML, like Gecko) Chrome/96.0.4664.45 Safari/537.36"
64.147.91.228 - - [13/Dec/2021:20:47:01 +0700] "GET /js/counters/stellar.js HTTP/1.0" 200 317 "http://autocad.cic.com.vn/" "Mozilla/5.0 (Windows NT 10.0; WOW64; Trident/7.0; Touch; rv:11.0) like Gecko"
64.147.91.229 - - [13/Dec/2021:20:47:01 +0700] "GET /js/counters/stellar.js HTTP/1.0" 200 317 "http://autocad.cic.com.vn/" "Mozilla/5.0 (Windows NT 10.0; WOW64; Trident/7.0; rv:11.0) like Gecko"
64.147.91.228 - - [13/Dec/2021:20:47:01 +0700] "GET /js/counters/stellar.js HTTP/1.0" 200 317 "http://autocad.cic.com.vn/" "Mozilla/5.0 (Windows NT 10.0; Win64; x64) AppleWebKit/537.36 (KHTML, like Gecko) Chrome/96.0.4664.45 Safari/537.36"
64.147.91.228 - - [13/Dec/2021:20:47:01 +0700] "GET /js/counters/jquery.appear.js HTTP/1.0" 200 323 "http://autocad.cic.com.vn/" "Mozilla/5.0 (Windows NT 10.0; Win64; x64) AppleWebKit/537.36 (KHTML, like Gecko) Chrome/96.0.4664.45 Safari/537.36"
64.147.91.228 - - [13/Dec/2021:20:47:02 +0700] "GET /img/screenshot/img2.png HTTP/1.0" 200 305 "http://autocad.cic.com.vn/" "Mozilla/5.0 (iPhone; CPU iPhone OS 14_8 like Mac OS X) AppleWebKit/605.1.15 (KHTML, like Gecko) Version/14.1.2 Mobile/15E148 Safari/604.1"
64.147.91.228 - - [13/Dec/2021:20:47:02 +0700] "GET /img/screenshot/img1.png HTTP/1.0" 200 305 "http://autocad.cic.com.vn/" "Mozilla/5.0 (Linux; Android 12; SM-G998U) AppleWebKit/537.36 (KHTML, like Gecko) Chrome/96.0.4664.45 Mobile Safari/537.36"
64.147.91.229 - - [13/Dec/2021:20:47:02 +0700] "GET /js/owlcarousel/setting.js HTTP/1.0" 200 574 "http://autocad.cic.com.vn/" "Mozilla/5.0 (Windows NT 10.0; WOW64; Trident/7.0; rv:11.0) like Gecko"
64.147.91.229 - - [13/Dec/2021:20:47:02 +0700] "GET /js/totop/jquery.ui.totop.js HTTP/1.0" 200 322 "http://autocad.cic.com.vn/" "Mozilla/5.0 (Windows NT 10.0; WOW64; Trident/7.0; rv:11.0) like Gecko"
64.147.91.228 - - [13/Dec/2021:20:47:02 +0700] "GET /img/client/logo2-hover.png HTTP/1.0" 200 308 "http://autocad.cic.com.vn/" "Mozilla/5.0 (Windows NT 10.0; WOW64; Trident/7.0; Touch; rv:11.0) like Gecko"
64.147.91.228 - - [13/Dec/2021:20:47:02 +0700] "GET /js/navigation/jquery.smooth-scroll.js HTTP/1.0" 200 332 "http://autocad.cic.com.vn/" "Mozilla/5.0 (Windows NT 10.0; WOW64; Trident/7.0; Touch; rv:11.0) like Gecko"
64.147.91.228 - - [13/Dec/2021:20:47:02 +0700] "GET /js/owlcarousel/owl.carousel.js HTTP/1.0" 200 325 "http://autocad.cic.com.vn/" "Mozilla/5.0 (Windows NT 10.0; Win64; x64) AppleWebKit/537.36 (KHTML, like Gecko) Chrome/96.0.4664.45 Safari/537.36"
64.147.91.228 - - [13/Dec/2021:20:47:02 +0700] "GET /img/device.png HTTP/1.0" 200 296 "http://autocad.cic.com.vn/" "Mozilla/5.0 (Linux; Android 11; SM-G970U) AppleWebKit/537.36 (KHTML, like Gecko) Chrome/96.0.4664.45 Mobile Safari/537.36"
