14.238.102.34 - - [17/May/2022:11:26:41 +0700] "GET /js/theme-option/colorpicker.js HTTP/1.0" 200 491 "https://autocad.cic.com.vn/" "Mozilla/5.0 (Windows NT 10.0; WOW64) AppleWebKit/537.36 (KHTML, like Gecko) Chrome/100.0.4896.136 Safari/537.36"
14.238.102.34 - - [17/May/2022:11:26:41 +0700] "GET /js/totop/setting.js HTTP/1.0" 200 685 "https://autocad.cic.com.vn/" "Mozilla/5.0 (Windows NT 10.0; WOW64) AppleWebKit/537.36 (KHTML, like Gecko) Chrome/100.0.4896.136 Safari/537.36"
14.238.102.34 - - [17/May/2022:11:26:41 +0700] "GET /img/bg_direction_nav_prev.png HTTP/1.0" 200 928 "https://autocad.cic.com.vn/css/flexslider.css" "Mozilla/5.0 (Windows NT 10.0; WOW64) AppleWebKit/537.36 (KHTML, like Gecko) Chrome/100.0.4896.136 Safari/537.36"
14.238.102.34 - - [17/May/2022:11:26:41 +0700] "GET /img/bg_direction_nav_next.png HTTP/1.0" 200 936 "https://autocad.cic.com.vn/css/flexslider.css" "Mozilla/5.0 (Windows NT 10.0; WOW64) AppleWebKit/537.36 (KHTML, like Gecko) Chrome/100.0.4896.136 Safari/537.36"
14.238.102.34 - - [17/May/2022:11:26:42 +0700] "GET /fonts/fontawesome/fontawesome-webfont78ce.woff?v=4.2.0 HTTP/1.0" 200 506 "https://autocad.cic.com.vn/css/font-awesome.css" "Mozilla/5.0 (Windows NT 10.0; WOW64) AppleWebKit/537.36 (KHTML, like Gecko) Chrome/100.0.4896.136 Safari/537.36"
14.238.102.34 - - [17/May/2022:11:26:42 +0700] "GET /img/ui.totop.png HTTP/1.0" 200 944 "https://autocad.cic.com.vn/css/style.css" "Mozilla/5.0 (Windows NT 10.0; WOW64) AppleWebKit/537.36 (KHTML, like Gecko) Chrome/100.0.4896.136 Safari/537.36"
14.238.102.34 - - [17/May/2022:11:26:42 +0700] "GET /ico/faviconcic.ico HTTP/1.0" 200 481 "https://autocad.cic.com.vn/" "Mozilla/5.0 (Windows NT 10.0; WOW64) AppleWebKit/537.36 (KHTML, like Gecko) Chrome/100.0.4896.136 Safari/537.36"
66.249.68.77 - - [17/May/2022:13:38:15 +0700] "GET /img/client/logo2-hover.png HTTP/1.0" 200 474 "-" "Googlebot-Image/1.0"
66.249.68.81 - - [17/May/2022:13:47:18 +0700] "GET /img/client/Logo_IDCo.jpg HTTP/1.0" 200 473 "-" "Googlebot-Image/1.0"
66.249.68.85 - - [17/May/2022:15:32:14 +0700] "GET /img/screenshot/img2.png HTTP/1.0" 200 471 "-" "Googlebot-Image/1.0"
66.249.68.83 - - [17/May/2022:16:03:19 +0700] "GET /img/client/logo7-hover.png HTTP/1.0" 200 474 "-" "Googlebot-Image/1.0"
205.210.31.23 - - [17/May/2022:16:50:03 +0700] "GET / HTTP/1.0" 200 456 "-" "Expanse, a Palo Alto Networks company, searches across the global IPv4 space multiple times per day to identify customers&#39; presences on the Internet. If you would like to be excluded from our scans, please send IP addresses/domains to: scaninfo@paloaltonetworks.com"
66.249.68.81 - - [17/May/2022:19:32:12 +0700] "GET /robots.txt HTTP/1.0" 404 567 "-" "Mozilla/5.0 (compatible; Googlebot/2.1; +http://www.google.com/bot.html)"
66.249.68.83 - - [17/May/2022:19:32:12 +0700] "GET /img/browser.png HTTP/1.0" 200 463 "-" "Googlebot-Image/1.0"
66.249.68.85 - - [17/May/2022:19:39:38 +0700] "GET /img/client/logo6-hover.png HTTP/1.0" 200 474 "-" "Googlebot-Image/1.0"
66.249.68.81 - - [18/May/2022:00:26:06 +0700] "GET /img/Cad/AutoCADSUITE.png HTTP/1.0" 200 472 "-" "Googlebot-Image/1.0"
87.250.224.172 - - [18/May/2022:01:44:17 +0700] "GET /robots.txt HTTP/1.0" 404 567 "-" "Mozilla/5.0 (compatible; YandexBot/3.0; +http://yandex.com/bots)"
87.250.224.172 - - [18/May/2022:01:44:20 +0700] "GET / HTTP/1.0" 200 456 "-" "Mozilla/5.0 (compatible; YandexBot/3.0; +http://yandex.com/bots)"
66.249.68.81 - - [18/May/2022:01:53:45 +0700] "GET /img/screenshot/img1.png HTTP/1.0" 200 471 "-" "Googlebot-Image/1.0"
66.249.68.83 - - [17/May/2022:07:13:10 +0700] "GET /img/client/logo8-hover.png HTTP/1.1" 200 6708 "-" "Googlebot-Image/1.0"
103.131.71.26 - - [17/May/2022:08:17:12 +0700] "GET /img/Cad/smartdimensi.gif HTTP/1.1" 200 366754 "-" "Mozilla/5.0 (compatible; coccocbot-image/1.0; +http://help.coccoc.com/searchengine)"
66.249.68.85 - - [17/May/2022:08:30:13 +0700] "GET / HTTP/1.1" 200 7649 "-" "Mozilla/5.0 (Linux; Android 6.0.1; Nexus 5X Build/MMB29P) AppleWebKit/537.36 (KHTML, like Gecko) Chrome/101.0.4951.64 Mobile Safari/537.36 (compatible; Googlebot/2.1; +http://www.google.com/bot.html)"
66.249.68.83 - - [17/May/2022:08:30:25 +0700] "GET /css/overwrite.css HTTP/1.1" 200 2344 "https://autocad.cic.com.vn/" "Mozilla/5.0 (Linux; Android 6.0.1; Nexus 5X Build/MMB29P) AppleWebKit/537.36 (KHTML, like Gecko) Chrome/101.0.4951.41 Mobile Safari/537.36 (compatible; Googlebot/2.1; +http://www.google.com/bot.html)"
66.249.68.81 - - [17/May/2022:08:30:26 +0700] "GET /js/totop/jquery.ui.totop.js HTTP/1.1" 200 635 "https://autocad.cic.com.vn/" "Mozilla/5.0 (Linux; Android 6.0.1; Nexus 5X Build/MMB29P) AppleWebKit/537.36 (KHTML, like Gecko) Chrome/101.0.4951.41 Mobile Safari/537.36 (compatible; Googlebot/2.1; +http://www.google.com/bot.html)"
66.249.68.81 - - [17/May/2022:08:30:26 +0700] "GET /js/wow/wow.min.js HTTP/1.1" 200 1568 "https://autocad.cic.com.vn/" "Mozilla/5.0 (Linux; Android 6.0.1; Nexus 5X Build/MMB29P) AppleWebKit/537.36 (KHTML, like Gecko) Chrome/101.0.4951.41 Mobile Safari/537.36 (compatible; Googlebot/2.1; +http://www.google.com/bot.html)"
66.249.68.81 - - [17/May/2022:08:30:28 +0700] "GET /js/youtube-player/youTubeEmbed-jquery.js HTTP/1.1" 200 1834 "https://autocad.cic.com.vn/" "Mozilla/5.0 (Linux; Android 6.0.1; Nexus 5X Build/MMB29P) AppleWebKit/537.36 (KHTML, like Gecko) Chrome/101.0.4951.41 Mobile Safari/537.36 (compatible; Googlebot/2.1; +http://www.google.com/bot.html)"
66.249.68.81 - - [17/May/2022:08:30:29 +0700] "GET /js/owlcarousel/owl.carousel.js HTTP/1.1" 200 8317 "https://autocad.cic.com.vn/" "Mozilla/5.0 (Linux; Android 6.0.1; Nexus 5X Build/MMB29P) AppleWebKit/537.36 (KHTML, like Gecko) Chrome/101.0.4951.41 Mobile Safari/537.36 (compatible; Googlebot/2.1; +http://www.google.com/bot.html)"
66.249.68.81 - - [17/May/2022:08:31:32 +0700] "GET / HTTP/1.1" 200 7649 "-" "Mozilla/5.0 (Linux; Android 6.0.1; Nexus 5X Build/MMB29P) AppleWebKit/537.36 (KHTML, like Gecko) Chrome/101.0.4951.64 Mobile Safari/537.36 (compatible; Googlebot/2.1; +http://www.google.com/bot.html)"
66.249.68.75 - - [17/May/2022:09:19:08 +0700] "GET /img/client/logo3-hover.png HTTP/1.1" 200 2913 "-" "Googlebot-Image/1.0"
103.199.32.132 - - [17/May/2022:11:20:52 +0700] "GET /img/screenshot/img3.png HTTP/2.0" 200 176592 "https://vn-z.vn/" "Mozilla/5.0 (Windows NT 10.0; Win64; x64) AppleWebKit/537.36 (KHTML, like Gecko) Chrome/101.0.4951.54 Safari/537.36"
66.249.68.75 - - [17/May/2022:11:22:28 +0700] "GET /img/screenshot/img4.png HTTP/1.1" 200 967510 "-" "Googlebot-Image/1.0"
14.238.102.34 - - [17/May/2022:11:26:41 +0700] "GET / HTTP/2.0" 200 7636 "https://www.google.com/" "Mozilla/5.0 (Windows NT 10.0; WOW64) AppleWebKit/537.36 (KHTML, like Gecko) Chrome/100.0.4896.136 Safari/537.36"
14.238.102.34 - - [17/May/2022:11:26:41 +0700] "GET /css/animate.css HTTP/2.0" 200 4742 "https://autocad.cic.com.vn/" "Mozilla/5.0 (Windows NT 10.0; WOW64) AppleWebKit/537.36 (KHTML, like Gecko) Chrome/100.0.4896.136 Safari/537.36"
14.238.102.34 - - [17/May/2022:11:26:41 +0700] "GET /fonts/pe-icon-7-stroke/css/helper.css HTTP/2.0" 200 903 "https://autocad.cic.com.vn/" "Mozilla/5.0 (Windows NT 10.0; WOW64) AppleWebKit/537.36 (KHTML, like Gecko) Chrome/100.0.4896.136 Safari/537.36"
14.238.102.34 - - [17/May/2022:11:26:41 +0700] "GET /css/counter/time.css HTTP/2.0" 200 497 "https://autocad.cic.com.vn/" "Mozilla/5.0 (Windows NT 10.0; WOW64) AppleWebKit/537.36 (KHTML, like Gecko) Chrome/100.0.4896.136 Safari/537.36"
14.238.102.34 - - [17/May/2022:11:26:41 +0700] "GET /css/owl.transitions.css HTTP/2.0" 200 653 "https://autocad.cic.com.vn/" "Mozilla/5.0 (Windows NT 10.0; WOW64) AppleWebKit/537.36 (KHTML, like Gecko) Chrome/100.0.4896.136 Safari/537.36"
14.238.102.34 - - [17/May/2022:11:26:41 +0700] "GET /fonts/open-sans/stylesheet.css HTTP/2.0" 200 299 "https://autocad.cic.com.vn/" "Mozilla/5.0 (Windows NT 10.0; WOW64) AppleWebKit/537.36 (KHTML, like Gecko) Chrome/100.0.4896.136 Safari/537.36"
14.238.102.34 - - [17/May/2022:11:26:41 +0700] "GET /css/overwrite.css HTTP/2.0" 200 2332 "https://autocad.cic.com.vn/" "Mozilla/5.0 (Windows NT 10.0; WOW64) AppleWebKit/537.36 (KHTML, like Gecko) Chrome/100.0.4896.136 Safari/537.36"
14.238.102.34 - - [17/May/2022:11:26:41 +0700] "GET /css/bootstrap.min.css HTTP/2.0" 200 16601 "https://autocad.cic.com.vn/" "Mozilla/5.0 (Windows NT 10.0; WOW64) AppleWebKit/537.36 (KHTML, like Gecko) Chrome/100.0.4896.136 Safari/537.36"
14.238.102.34 - - [17/May/2022:11:26:41 +0700] "GET /js/counters/jquery-1.9.1.min.js HTTP/2.0" 200 31588 "https://autocad.cic.com.vn/" "Mozilla/5.0 (Windows NT 10.0; WOW64) AppleWebKit/537.36 (KHTML, like Gecko) Chrome/100.0.4896.136 Safari/537.36"
14.238.102.34 - - [17/May/2022:11:26:41 +0700] "GET /css/font-awesome.css HTTP/2.0" 200 5003 "https://autocad.cic.com.vn/" "Mozilla/5.0 (Windows NT 10.0; WOW64) AppleWebKit/537.36 (KHTML, like Gecko) Chrome/100.0.4896.136 Safari/537.36"
14.238.102.34 - - [17/May/2022:11:26:41 +0700] "GET /js/counters/jquery.countdown.js HTTP/2.0" 200 2406 "https://autocad.cic.com.vn/" "Mozilla/5.0 (Windows NT 10.0; WOW64) AppleWebKit/537.36 (KHTML, like Gecko) Chrome/100.0.4896.136 Safari/537.36"
14.238.102.34 - - [17/May/2022:11:26:41 +0700] "GET /css/prettyPhoto.css HTTP/2.0" 200 3281 "https://autocad.cic.com.vn/" "Mozilla/5.0 (Windows NT 10.0; WOW64) AppleWebKit/537.36 (KHTML, like Gecko) Chrome/100.0.4896.136 Safari/537.36"
14.238.102.34 - - [17/May/2022:11:26:41 +0700] "GET /css/colorpicker.css HTTP/2.0" 200 616 "https://autocad.cic.com.vn/" "Mozilla/5.0 (Windows NT 10.0; WOW64) AppleWebKit/537.36 (KHTML, like Gecko) Chrome/100.0.4896.136 Safari/537.36"
14.238.102.34 - - [17/May/2022:11:26:41 +0700] "GET /css/flexslider.css HTTP/2.0" 200 1422 "https://autocad.cic.com.vn/" "Mozilla/5.0 (Windows NT 10.0; WOW64) AppleWebKit/537.36 (KHTML, like Gecko) Chrome/100.0.4896.136 Safari/537.36"
14.238.102.34 - - [17/May/2022:11:26:41 +0700] "GET /skins/default.css HTTP/2.0" 200 779 "https://autocad.cic.com.vn/" "Mozilla/5.0 (Windows NT 10.0; WOW64) AppleWebKit/537.36 (KHTML, like Gecko) Chrome/100.0.4896.136 Safari/537.36"
14.238.102.34 - - [17/May/2022:11:26:41 +0700] "GET /fonts/pe-icon-7-stroke/css/pe-icon-7-stroke.css HTTP/2.0" 200 1457 "https://autocad.cic.com.vn/" "Mozilla/5.0 (Windows NT 10.0; WOW64) AppleWebKit/537.36 (KHTML, like Gecko) Chrome/100.0.4896.136 Safari/537.36"
14.238.102.34 - - [17/May/2022:11:26:41 +0700] "GET /css/style.css HTTP/2.0" 200 6202 "https://autocad.cic.com.vn/" "Mozilla/5.0 (Windows NT 10.0; WOW64) AppleWebKit/537.36 (KHTML, like Gecko) Chrome/100.0.4896.136 Safari/537.36"
14.238.102.34 - - [17/May/2022:11:26:41 +0700] "GET /css/owl.carousel.css HTTP/2.0" 200 471 "https://autocad.cic.com.vn/" "Mozilla/5.0 (Windows NT 10.0; WOW64) AppleWebKit/537.36 (KHTML, like Gecko) Chrome/100.0.4896.136 Safari/537.36"
14.238.102.34 - - [17/May/2022:11:26:41 +0700] "GET /css/owl.theme.css HTTP/2.0" 200 782 "https://autocad.cic.com.vn/" "Mozilla/5.0 (Windows NT 10.0; WOW64) AppleWebKit/537.36 (KHTML, like Gecko) Chrome/100.0.4896.136 Safari/537.36"
14.238.102.34 - - [17/May/2022:11:26:41 +0700] "GET /js/bootstrap.min.js HTTP/2.0" 200 8119 "https://autocad.cic.com.vn/" "Mozilla/5.0 (Windows NT 10.0; WOW64) AppleWebKit/537.36 (KHTML, like Gecko) Chrome/100.0.4896.136 Safari/537.36"
14.238.102.34 - - [17/May/2022:11:26:41 +0700] "GET /js/jquery.js HTTP/2.0" 200 32138 "https://autocad.cic.com.vn/" "Mozilla/5.0 (Windows NT 10.0; WOW64) AppleWebKit/537.36 (KHTML, like Gecko) Chrome/100.0.4896.136 Safari/537.36"
14.238.102.34 - - [17/May/2022:11:26:41 +0700] "GET /js/jquery-easing-1.3.js HTTP/2.0" 200 1883 "https://autocad.cic.com.vn/" "Mozilla/5.0 (Windows NT 10.0; WOW64) AppleWebKit/537.36 (KHTML, like Gecko) Chrome/100.0.4896.136 Safari/537.36"
14.238.102.34 - - [17/May/2022:11:26:41 +0700] "GET /js/flexslider/jquery.flexslider.js HTTP/2.0" 200 8583 "https://autocad.cic.com.vn/" "Mozilla/5.0 (Windows NT 10.0; WOW64) AppleWebKit/537.36 (KHTML, like Gecko) Chrome/100.0.4896.136 Safari/537.36"
14.238.102.34 - - [17/May/2022:11:26:41 +0700] "GET /js/prettyPhoto/jquery.prettyPhoto.js HTTP/2.0" 200 8546 "https://autocad.cic.com.vn/" "Mozilla/5.0 (Windows NT 10.0; WOW64) AppleWebKit/537.36 (KHTML, like Gecko) Chrome/100.0.4896.136 Safari/537.36"
14.238.102.34 - - [17/May/2022:11:26:41 +0700] "GET /img/logo.png HTTP/2.0" 200 5386 "https://autocad.cic.com.vn/" "Mozilla/5.0 (Windows NT 10.0; WOW64) AppleWebKit/537.36 (KHTML, like Gecko) Chrome/100.0.4896.136 Safari/537.36"
14.238.102.34 - - [17/May/2022:11:26:41 +0700] "GET /fonts/pe-icon-7-stroke/fonts/Pe-icon-7-strokea93c.woff?-2irksn HTTP/2.0" 200 31068 "https://autocad.cic.com.vn/fonts/pe-icon-7-stroke/css/pe-icon-7-stroke.css" "Mozilla/5.0 (Windows NT 10.0; WOW64) AppleWebKit/537.36 (KHTML, like Gecko) Chrome/100.0.4896.136 Safari/537.36"
14.238.102.34 - - [17/May/2022:11:26:41 +0700] "GET /img/bg-autocad2016.png HTTP/2.0" 200 491235 "https://autocad.cic.com.vn/" "Mozilla/5.0 (Windows NT 10.0; WOW64) AppleWebKit/537.36 (KHTML, like Gecko) Chrome/100.0.4896.136 Safari/537.36"
14.238.102.34 - - [17/May/2022:11:26:41 +0700] "GET /img/Cad/snap.gif HTTP/2.0" 200 253196 "https://autocad.cic.com.vn/" "Mozilla/5.0 (Windows NT 10.0; WOW64) AppleWebKit/537.36 (KHTML, like Gecko) Chrome/100.0.4896.136 Safari/537.36"
14.238.102.34 - - [17/May/2022:11:26:41 +0700] "GET /img/Cad/revcloud.gif HTTP/2.0" 200 292069 "https://autocad.cic.com.vn/" "Mozilla/5.0 (Windows NT 10.0; WOW64) AppleWebKit/537.36 (KHTML, like Gecko) Chrome/100.0.4896.136 Safari/537.36"
14.238.102.34 - - [17/May/2022:11:26:41 +0700] "GET /img/hand-award.png HTTP/2.0" 200 154935 "https://autocad.cic.com.vn/" "Mozilla/5.0 (Windows NT 10.0; WOW64) AppleWebKit/537.36 (KHTML, like Gecko) Chrome/100.0.4896.136 Safari/537.36"
14.238.102.34 - - [17/May/2022:11:26:42 +0700] "GET /fonts/fontawesome/fontawesome-webfont78ce.woff?v=4.2.0 HTTP/2.0" 200 65452 "https://autocad.cic.com.vn/css/font-awesome.css" "Mozilla/5.0 (Windows NT 10.0; WOW64) AppleWebKit/537.36 (KHTML, like Gecko) Chrome/100.0.4896.136 Safari/537.36"
14.238.102.34 - - [17/May/2022:11:26:42 +0700] "GET /img/Cad/smartdimensi.gif HTTP/2.0" 200 366754 "https://autocad.cic.com.vn/" "Mozilla/5.0 (Windows NT 10.0; WOW64) AppleWebKit/537.36 (KHTML, like Gecko) Chrome/100.0.4896.136 Safari/537.36"
14.238.102.34 - - [17/May/2022:11:26:42 +0700] "GET /img/device.png HTTP/2.0" 200 386417 "https://autocad.cic.com.vn/" "Mozilla/5.0 (Windows NT 10.0; WOW64) AppleWebKit/537.36 (KHTML, like Gecko) Chrome/100.0.4896.136 Safari/537.36"
14.238.102.34 - - [17/May/2022:11:26:42 +0700] "GET /img/screenshot/img3.png HTTP/2.0" 200 176592 "https://autocad.cic.com.vn/" "Mozilla/5.0 (Windows NT 10.0; WOW64) AppleWebKit/537.36 (KHTML, like Gecko) Chrome/100.0.4896.136 Safari/537.36"
14.238.102.34 - - [17/May/2022:11:26:42 +0700] "GET /img/screenshot/img1.png HTTP/2.0" 200 415784 "https://autocad.cic.com.vn/" "Mozilla/5.0 (Windows NT 10.0; WOW64) AppleWebKit/537.36 (KHTML, like Gecko) Chrome/100.0.4896.136 Safari/537.36"
14.238.102.34 - - [17/May/2022:11:26:42 +0700] "GET /img/screenshot/img2.png HTTP/2.0" 200 255262 "https://autocad.cic.com.vn/" "Mozilla/5.0 (Windows NT 10.0; WOW64) AppleWebKit/537.36 (KHTML, like Gecko) Chrome/100.0.4896.136 Safari/537.36"
14.238.102.34 - - [17/May/2022:11:26:42 +0700] "GET /img/browser.png HTTP/2.0" 200 4962 "https://autocad.cic.com.vn/" "Mozilla/5.0 (Windows NT 10.0; WOW64) AppleWebKit/537.36 (KHTML, like Gecko) Chrome/100.0.4896.136 Safari/537.36"
14.238.102.34 - - [17/May/2022:11:26:42 +0700] "GET /img/Cad/AutoCADLT.png HTTP/2.0" 200 7974 "https://autocad.cic.com.vn/" "Mozilla/5.0 (Windows NT 10.0; WOW64) AppleWebKit/537.36 (KHTML, like Gecko) Chrome/100.0.4896.136 Safari/537.36"
14.238.102.34 - - [17/May/2022:11:26:42 +0700] "GET /img/Cad/AutoCAD.png HTTP/2.0" 200 7777 "https://autocad.cic.com.vn/" "Mozilla/5.0 (Windows NT 10.0; WOW64) AppleWebKit/537.36 (KHTML, like Gecko) Chrome/100.0.4896.136 Safari/537.36"
14.238.102.34 - - [17/May/2022:11:26:42 +0700] "GET /img/Cad/AutoCADSUITE.png HTTP/2.0" 200 7608 "https://autocad.cic.com.vn/" "Mozilla/5.0 (Windows NT 10.0; WOW64) AppleWebKit/537.36 (KHTML, like Gecko) Chrome/100.0.4896.136 Safari/537.36"
14.238.102.34 - - [17/May/2022:11:26:42 +0700] "GET /img/client/logo1-hover.png HTTP/2.0" 200 7400 "https://autocad.cic.com.vn/" "Mozilla/5.0 (Windows NT 10.0; WOW64) AppleWebKit/537.36 (KHTML, like Gecko) Chrome/100.0.4896.136 Safari/537.36"
14.238.102.34 - - [17/May/2022:11:26:42 +0700] "GET /img/client/logo2-hover.png HTTP/2.0" 200 4800 "https://autocad.cic.com.vn/" "Mozilla/5.0 (Windows NT 10.0; WOW64) AppleWebKit/537.36 (KHTML, like Gecko) Chrome/100.0.4896.136 Safari/537.36"
14.238.102.34 - - [17/May/2022:11:26:42 +0700] "GET /img/client/logo3-hover.png HTTP/2.0" 200 2913 "https://autocad.cic.com.vn/" "Mozilla/5.0 (Windows NT 10.0; WOW64) AppleWebKit/537.36 (KHTML, like Gecko) Chrome/100.0.4896.136 Safari/537.36"
14.238.102.34 - - [17/May/2022:11:26:42 +0700] "GET /img/client/logo4-hover.png HTTP/2.0" 200 4770 "https://autocad.cic.com.vn/" "Mozilla/5.0 (Windows NT 10.0; WOW64) AppleWebKit/537.36 (KHTML, like Gecko) Chrome/100.0.4896.136 Safari/537.36"
14.238.102.34 - - [17/May/2022:11:26:42 +0700] "GET /img/client/logo5-hover.png HTTP/2.0" 200 4335 "https://autocad.cic.com.vn/" "Mozilla/5.0 (Windows NT 10.0; WOW64) AppleWebKit/537.36 (KHTML, like Gecko) Chrome/100.0.4896.136 Safari/537.36"
14.238.102.34 - - [17/May/2022:11:26:42 +0700] "GET /img/client/CC1-logo.jpg HTTP/2.0" 200 4234 "https://autocad.cic.com.vn/" "Mozilla/5.0 (Windows NT 10.0; WOW64) AppleWebKit/537.36 (KHTML, like Gecko) Chrome/100.0.4896.136 Safari/537.36"
14.238.102.34 - - [17/May/2022:11:26:42 +0700] "GET /img/client/Logo_IDCo.jpg HTTP/2.0" 200 4874 "https://autocad.cic.com.vn/" "Mozilla/5.0 (Windows NT 10.0; WOW64) AppleWebKit/537.36 (KHTML, like Gecko) Chrome/100.0.4896.136 Safari/537.36"
14.238.102.34 - - [17/May/2022:11:26:42 +0700] "GET /img/client/Logo-HoaBinh.jpg HTTP/2.0" 200 4476 "https://autocad.cic.com.vn/" "Mozilla/5.0 (Windows NT 10.0; WOW64) AppleWebKit/537.36 (KHTML, like Gecko) Chrome/100.0.4896.136 Safari/537.36"
14.238.102.34 - - [17/May/2022:11:26:42 +0700] "GET /img/client/logo-NAGECCO.jpg HTTP/2.0" 200 4228 "https://autocad.cic.com.vn/" "Mozilla/5.0 (Windows NT 10.0; WOW64) AppleWebKit/537.36 (KHTML, like Gecko) Chrome/100.0.4896.136 Safari/537.36"
14.238.102.34 - - [17/May/2022:11:26:42 +0700] "GET /img/client/Logo-VietsovPetro.jpg HTTP/2.0" 200 5407 "https://autocad.cic.com.vn/" "Mozilla/5.0 (Windows NT 10.0; WOW64) AppleWebKit/537.36 (KHTML, like Gecko) Chrome/100.0.4896.136 Safari/537.36"
14.238.102.34 - - [17/May/2022:11:26:42 +0700] "GET /img/client/logo6-hover.png HTTP/2.0" 200 6011 "https://autocad.cic.com.vn/" "Mozilla/5.0 (Windows NT 10.0; WOW64) AppleWebKit/537.36 (KHTML, like Gecko) Chrome/100.0.4896.136 Safari/537.36"
14.238.102.34 - - [17/May/2022:11:26:42 +0700] "GET /img/client/logo7-hover.png HTTP/2.0" 200 3738 "https://autocad.cic.com.vn/" "Mozilla/5.0 (Windows NT 10.0; WOW64) AppleWebKit/537.36 (KHTML, like Gecko) Chrome/100.0.4896.136 Safari/537.36"
14.238.102.34 - - [17/May/2022:11:26:42 +0700] "GET /img/client/logo8-hover.png HTTP/2.0" 200 6708 "https://autocad.cic.com.vn/" "Mozilla/5.0 (Windows NT 10.0; WOW64) AppleWebKit/537.36 (KHTML, like Gecko) Chrome/100.0.4896.136 Safari/537.36"
14.238.102.34 - - [17/May/2022:11:26:42 +0700] "GET /img/client/logo9-hover.png HTTP/2.0" 200 4179 "https://autocad.cic.com.vn/" "Mozilla/5.0 (Windows NT 10.0; WOW64) AppleWebKit/537.36 (KHTML, like Gecko) Chrome/100.0.4896.136 Safari/537.36"
14.238.102.34 - - [17/May/2022:11:26:42 +0700] "GET /img/client/logo10-hover.png HTTP/2.0" 200 6008 "https://autocad.cic.com.vn/" "Mozilla/5.0 (Windows NT 10.0; WOW64) AppleWebKit/537.36 (KHTML, like Gecko) Chrome/100.0.4896.136 Safari/537.36"
14.238.102.34 - - [17/May/2022:11:26:42 +0700] "GET /js/navigation/waypoints.min.js HTTP/2.0" 200 2456 "https://autocad.cic.com.vn/" "Mozilla/5.0 (Windows NT 10.0; WOW64) AppleWebKit/537.36 (KHTML, like Gecko) Chrome/100.0.4896.136 Safari/537.36"
14.238.102.34 - - [17/May/2022:11:26:42 +0700] "GET /js/navigation/jquery.smooth-scroll.js HTTP/2.0" 200 2244 "https://autocad.cic.com.vn/" "Mozilla/5.0 (Windows NT 10.0; WOW64) AppleWebKit/537.36 (KHTML, like Gecko) Chrome/100.0.4896.136 Safari/537.36"
14.238.102.34 - - [17/May/2022:11:26:42 +0700] "GET /js/navigation/navbar.js HTTP/2.0" 200 1481 "https://autocad.cic.com.vn/" "Mozilla/5.0 (Windows NT 10.0; WOW64) AppleWebKit/537.36 (KHTML, like Gecko) Chrome/100.0.4896.136 Safari/537.36"
14.238.102.34 - - [17/May/2022:11:26:42 +0700] "GET /js/wow/wow.min.js HTTP/2.0" 200 1556 "https://autocad.cic.com.vn/" "Mozilla/5.0 (Windows NT 10.0; WOW64) AppleWebKit/537.36 (KHTML, like Gecko) Chrome/100.0.4896.136 Safari/537.36"
14.238.102.34 - - [17/May/2022:11:26:42 +0700] "GET /js/parallax/jquery.parallax-1.1.3.js HTTP/2.0" 200 736 "https://autocad.cic.com.vn/" "Mozilla/5.0 (Windows NT 10.0; WOW64) AppleWebKit/537.36 (KHTML, like Gecko) Chrome/100.0.4896.136 Safari/537.36"
14.238.102.34 - - [17/May/2022:11:26:42 +0700] "GET /js/counters/jquery.appear.js HTTP/2.0" 200 770 "https://autocad.cic.com.vn/" "Mozilla/5.0 (Windows NT 10.0; WOW64) AppleWebKit/537.36 (KHTML, like Gecko) Chrome/100.0.4896.136 Safari/537.36"
14.238.102.34 - - [17/May/2022:11:26:42 +0700] "GET /js/counters/stellar.js HTTP/2.0" 200 4520 "https://autocad.cic.com.vn/" "Mozilla/5.0 (Windows NT 10.0; WOW64) AppleWebKit/537.36 (KHTML, like Gecko) Chrome/100.0.4896.136 Safari/537.36"
14.238.102.34 - - [17/May/2022:11:26:42 +0700] "GET /js/owlcarousel/owl.carousel.js HTTP/2.0" 200 8304 "https://autocad.cic.com.vn/" "Mozilla/5.0 (Windows NT 10.0; WOW64) AppleWebKit/537.36 (KHTML, like Gecko) Chrome/100.0.4896.136 Safari/537.36"
14.238.102.34 - - [17/May/2022:11:26:42 +0700] "GET /js/totop/jquery.ui.totop.js HTTP/2.0" 200 623 "https://autocad.cic.com.vn/" "Mozilla/5.0 (Windows NT 10.0; WOW64) AppleWebKit/537.36 (KHTML, like Gecko) Chrome/100.0.4896.136 Safari/537.36"
14.238.102.34 - - [17/May/2022:11:26:42 +0700] "GET /js/youtube-player/jquery.swfobject.1-1-1.min.js HTTP/2.0" 200 1187 "https://autocad.cic.com.vn/" "Mozilla/5.0 (Windows NT 10.0; WOW64) AppleWebKit/537.36 (KHTML, like Gecko) Chrome/100.0.4896.136 Safari/537.36"
14.238.102.34 - - [17/May/2022:11:26:42 +0700] "GET /js/youtube-player/youTubeEmbed-jquery.js HTTP/2.0" 200 1822 "https://autocad.cic.com.vn/" "Mozilla/5.0 (Windows NT 10.0; WOW64) AppleWebKit/537.36 (KHTML, like Gecko) Chrome/100.0.4896.136 Safari/537.36"
14.238.102.34 - - [17/May/2022:11:26:42 +0700] "GET /js/validation.js HTTP/2.0" 200 719 "https://autocad.cic.com.vn/" "Mozilla/5.0 (Windows NT 10.0; WOW64) AppleWebKit/537.36 (KHTML, like Gecko) Chrome/100.0.4896.136 Safari/537.36"
14.238.102.34 - - [17/May/2022:11:26:42 +0700] "GET /js/theme-option/colorpicker.js HTTP/2.0" 200 3547 "https://autocad.cic.com.vn/" "Mozilla/5.0 (Windows NT 10.0; WOW64) AppleWebKit/537.36 (KHTML, like Gecko) Chrome/100.0.4896.136 Safari/537.36"
14.238.102.34 - - [17/May/2022:11:26:42 +0700] "GET /js/theme-option/optionspanel.js HTTP/2.0" 200 767 "https://autocad.cic.com.vn/" "Mozilla/5.0 (Windows NT 10.0; WOW64) AppleWebKit/537.36 (KHTML, like Gecko) Chrome/100.0.4896.136 Safari/537.36"
14.238.102.34 - - [17/May/2022:11:26:42 +0700] "GET /img/screenshot/img4.png HTTP/2.0" 200 967510 "https://autocad.cic.com.vn/" "Mozilla/5.0 (Windows NT 10.0; WOW64) AppleWebKit/537.36 (KHTML, like Gecko) Chrome/100.0.4896.136 Safari/537.36"
14.238.102.34 - - [17/May/2022:11:26:42 +0700] "GET /img/screenshot/img5.png HTTP/2.0" 200 887895 "https://autocad.cic.com.vn/" "Mozilla/5.0 (Windows NT 10.0; WOW64) AppleWebKit/537.36 (KHTML, like Gecko) Chrome/100.0.4896.136 Safari/537.36"
14.238.102.34 - - [17/May/2022:11:26:42 +0700] "GET /ico/faviconcic.ico HTTP/2.0" 200 1430 "https://autocad.cic.com.vn/" "Mozilla/5.0 (Windows NT 10.0; WOW64) AppleWebKit/537.36 (KHTML, like Gecko) Chrome/100.0.4896.136 Safari/537.36"
66.249.68.77 - - [17/May/2022:13:38:15 +0700] "GET /img/client/logo2-hover.png HTTP/1.1" 200 4800 "-" "Googlebot-Image/1.0"
66.249.68.81 - - [17/May/2022:13:47:18 +0700] "GET /img/client/Logo_IDCo.jpg HTTP/1.1" 200 4874 "-" "Googlebot-Image/1.0"
66.249.68.85 - - [17/May/2022:15:32:15 +0700] "GET /img/screenshot/img2.png HTTP/1.1" 200 255262 "-" "Googlebot-Image/1.0"
66.249.68.83 - - [17/May/2022:16:03:19 +0700] "GET /img/client/logo7-hover.png HTTP/1.1" 200 3738 "-" "Googlebot-Image/1.0"
205.210.31.23 - - [17/May/2022:16:50:03 +0700] "GET / HTTP/1.1" 200 36096 "-" "Expanse, a Palo Alto Networks company, searches across the global IPv4 space multiple times per day to identify customers&#39; presences on the Internet. If you would like to be excluded from our scans, please send IP addresses/domains to: scaninfo@paloaltonetworks.com"
66.249.68.83 - - [17/May/2022:19:32:12 +0700] "GET /img/browser.png HTTP/1.1" 200 4962 "-" "Googlebot-Image/1.0"
66.249.68.85 - - [17/May/2022:19:39:38 +0700] "GET /img/client/logo6-hover.png HTTP/1.1" 200 6011 "-" "Googlebot-Image/1.0"
66.249.68.81 - - [18/May/2022:00:26:06 +0700] "GET /img/Cad/AutoCADSUITE.png HTTP/1.1" 200 7608 "-" "Googlebot-Image/1.0"
87.250.224.172 - - [18/May/2022:01:44:20 +0700] "GET / HTTP/1.1" 200 8212 "-" "Mozilla/5.0 (compatible; YandexBot/3.0; +http://yandex.com/bots)"
66.249.68.81 - - [18/May/2022:01:53:46 +0700] "GET /img/screenshot/img1.png HTTP/1.1" 200 415784 "-" "Googlebot-Image/1.0"
66.249.68.81 - - [18/May/2022:07:40:08 +0700] "GET /robots.txt HTTP/1.0" 404 567 "-" "Mozilla/5.0 (compatible; Googlebot/2.1; +http://www.google.com/bot.html)"
66.249.68.81 - - [18/May/2022:07:40:08 +0700] "GET /img/client/logo10-hover.png HTTP/1.0" 200 475 "-" "Googlebot-Image/1.0"
103.131.71.27 - - [18/May/2022:10:32:14 +0700] "GET /img/Cad/snap.gif HTTP/1.0" 200 464 "-" "Mozilla/5.0 (compatible; coccocbot-image/1.0; +http://help.coccoc.com/searchengine)"
95.163.255.81 - - [18/May/2022:10:34:18 +0700] "GET /robots.txt HTTP/1.0" 404 567 "-" "Mozilla/5.0 (compatible; Linux x86_64; Mail.RU_Bot/Img/2.0; +https://help.mail.ru/webmaster/indexing/robots)"
95.163.255.71 - - [18/May/2022:10:34:42 +0700] "GET /img/Cad/revcloud.gif HTTP/1.0" 200 468 "http://go.mail.ru/search_images" "Mozilla/5.0 (compatible; Linux x86_64; Mail.RU_Bot/Img/2.0; +https://help.mail.ru/webmaster/indexing/robots)"
95.163.255.81 - - [18/May/2022:10:34:45 +0700] "GET /img/Cad/smartdimensi.gif HTTP/1.0" 200 472 "http://go.mail.ru/search_images" "Mozilla/5.0 (compatible; Linux x86_64; Mail.RU_Bot/Img/2.0; +https://help.mail.ru/webmaster/indexing/robots)"
114.119.143.77 - - [18/May/2022:15:31:31 +0700] "GET /robots.txt HTTP/1.0" 404 567 "-" "Mozilla/5.0 (compatible;PetalBot;+https://webmaster.petalsearch.com/site/petalbot)"
123.22.176.72 - - [18/May/2022:16:15:37 +0700] "GET /img/screenshot/img3.png HTTP/1.0" 200 471 "https://vn-z.vn/" "Mozilla/5.0 (Windows NT 10.0; Win64; x64) AppleWebKit/537.36 (KHTML, like Gecko) Chrome/101.0.4951.67 Safari/537.36"
40.77.167.100 - - [19/May/2022:02:24:58 +0700] "GET /robots.txt HTTP/1.0" 404 567 "-" "Mozilla/5.0 (compatible; bingbot/2.0; +http://www.bing.com/bingbot.htm)"
207.46.13.30 - - [19/May/2022:02:27:48 +0700] "GET /js/parallax/setting.js HTTP/1.0" 200 966 "-" "Mozilla/5.0 (compatible; MSIE 9.0; Windows NT 6.1; Trident/5.0)"
95.163.255.121 - - [19/May/2022:02:29:54 +0700] "GET /robots.txt HTTP/1.0" 404 567 "-" "Mozilla/5.0 (compatible; Linux x86_64; Mail.RU_Bot/Img/2.0; +https://help.mail.ru/webmaster/indexing/robots)"
95.163.255.130 - - [19/May/2022:02:34:07 +0700] "GET /img/client/logo4-hover.png HTTP/1.0" 200 474 "http://go.mail.ru/search_images" "Mozilla/5.0 (compatible; Linux x86_64; Mail.RU_Bot/Img/2.0; +https://help.mail.ru/webmaster/indexing/robots)"
66.249.68.81 - - [18/May/2022:07:40:08 +0700] "GET /img/client/logo10-hover.png HTTP/1.1" 200 6008 "-" "Googlebot-Image/1.0"
103.131.71.27 - - [18/May/2022:10:32:20 +0700] "GET /img/Cad/snap.gif HTTP/1.1" 200 253196 "-" "Mozilla/5.0 (compatible; coccocbot-image/1.0; +http://help.coccoc.com/searchengine)"
95.163.255.71 - - [18/May/2022:10:34:43 +0700] "GET /img/Cad/revcloud.gif HTTP/1.1" 200 292069 "http://go.mail.ru/search_images" "Mozilla/5.0 (compatible; Linux x86_64; Mail.RU_Bot/Img/2.0; +https://help.mail.ru/webmaster/indexing/robots)"
95.163.255.81 - - [18/May/2022:10:34:46 +0700] "GET /img/Cad/smartdimensi.gif HTTP/1.1" 200 366754 "http://go.mail.ru/search_images" "Mozilla/5.0 (compatible; Linux x86_64; Mail.RU_Bot/Img/2.0; +https://help.mail.ru/webmaster/indexing/robots)"
123.22.176.72 - - [18/May/2022:16:15:38 +0700] "GET /img/screenshot/img3.png HTTP/2.0" 200 176592 "https://vn-z.vn/" "Mozilla/5.0 (Windows NT 10.0; Win64; x64) AppleWebKit/537.36 (KHTML, like Gecko) Chrome/101.0.4951.67 Safari/537.36"
95.163.255.130 - - [19/May/2022:02:34:07 +0700] "GET /img/client/logo4-hover.png HTTP/1.1" 200 4770 "http://go.mail.ru/search_images" "Mozilla/5.0 (compatible; Linux x86_64; Mail.RU_Bot/Img/2.0; +https://help.mail.ru/webmaster/indexing/robots)"
95.163.255.131 - - [19/May/2022:04:04:30 +0700] "GET /robots.txt HTTP/1.0" 404 567 "-" "Mozilla/5.0 (compatible; Linux x86_64; Mail.RU_Bot/Img/2.0; +https://help.mail.ru/webmaster/indexing/robots)"
95.163.255.121 - - [19/May/2022:04:06:36 +0700] "GET /img/client/logo5-hover.png HTTP/1.0" 200 474 "http://go.mail.ru/search_images" "Mozilla/5.0 (compatible; Linux x86_64; Mail.RU_Bot/Img/2.0; +https://help.mail.ru/webmaster/indexing/robots)"
207.46.13.30 - - [19/May/2022:07:47:22 +0700] "GET /js/custom.js HTTP/1.0" 200 856 "-" "Mozilla/5.0 (compatible; MSIE 9.0; Windows NT 6.1; Trident/5.0)"
207.46.13.156 - - [19/May/2022:09:31:46 +0700] "GET /js/jquery.js HTTP/1.0" 200 473 "-" "Mozilla/5.0 (compatible; MSIE 9.0; Windows NT 6.1; Trident/5.0)"
157.55.39.67 - - [19/May/2022:09:32:50 +0700] "GET /js/html5shiv.js HTTP/1.0" 404 572 "-" "Mozilla/5.0 (compatible; MSIE 9.0; Windows NT 6.1; Trident/5.0)"
103.131.71.32 - - [19/May/2022:09:54:01 +0700] "GET /img/browser.png HTTP/1.0" 200 463 "-" "Mozilla/5.0 (compatible; coccocbot-image/1.0; +http://help.coccoc.com/searchengine)"
207.46.13.156 - - [19/May/2022:12:51:36 +0700] "GET /js/owlcarousel/setting.js HTTP/1.0" 200 798 "-" "Mozilla/5.0 (compatible; MSIE 9.0; Windows NT 6.1; Trident/5.0)"
157.55.39.67 - - [19/May/2022:12:51:38 +0700] "GET /js/wow/setting.js HTTP/1.0" 200 571 "-" "Mozilla/5.0 (compatible; MSIE 9.0; Windows NT 6.1; Trident/5.0)"
207.46.13.30 - - [19/May/2022:12:54:31 +0700] "GET /js/flexslider/setting.js HTTP/1.0" 200 773 "-" "Mozilla/5.0 (compatible; MSIE 9.0; Windows NT 6.1; Trident/5.0)"
118.69.161.57 - - [19/May/2022:13:26:40 +0700] "GET /img/screenshot/img3.png HTTP/1.0" 200 471 "https://vn-z.vn/" "Mozilla/5.0 (Windows NT 10.0; Win64; x64) AppleWebKit/537.36 (KHTML, like Gecko) Chrome/101.0.4951.67 Safari/537.36"
66.249.71.223 - - [19/May/2022:15:54:06 +0700] "GET /robots.txt HTTP/1.0" 404 567 "-" "Mozilla/5.0 (compatible; Googlebot/2.1; +http://www.google.com/bot.html)"
66.249.71.223 - - [19/May/2022:15:55:35 +0700] "GET / HTTP/1.0" 200 456 "-" "Mozilla/5.0 (Linux; Android 6.0.1; Nexus 5X Build/MMB29P) AppleWebKit/537.36 (KHTML, like Gecko) Chrome/101.0.4951.64 Mobile Safari/537.36 (compatible; Googlebot/2.1; +http://www.google.com/bot.html)"
157.55.39.81 - - [19/May/2022:16:08:30 +0700] "GET /js/counters/setting.js HTTP/1.0" 200 919 "-" "Mozilla/5.0 (compatible; MSIE 9.0; Windows NT 6.1; Trident/5.0)"
157.55.39.67 - - [19/May/2022:16:20:28 +0700] "GET /js/validation.js HTTP/1.0" 200 477 "-" "Mozilla/5.0 (compatible; MSIE 9.0; Windows NT 6.1; Trident/5.0)"
207.46.13.156 - - [19/May/2022:19:46:16 +0700] "GET /js/totop/setting.js HTTP/1.0" 200 685 "-" "Mozilla/5.0 (compatible; MSIE 9.0; Windows NT 6.1; Trident/5.0)"
157.55.39.174 - - [19/May/2022:19:48:39 +0700] "GET /js/prettyphoto/jquery.prettyphoto.js HTTP/1.0" 404 593 "-" "Mozilla/5.0 (compatible; MSIE 9.0; Windows NT 6.1; Trident/5.0)"
157.55.39.81 - - [19/May/2022:19:51:22 +0700] "GET /js/youtube-player/youtubeembed-jquery.js HTTP/1.0" 404 597 "-" "Mozilla/5.0 (compatible; MSIE 9.0; Windows NT 6.1; Trident/5.0)"
95.163.255.121 - - [19/May/2022:04:06:36 +0700] "GET /img/client/logo5-hover.png HTTP/1.1" 200 4335 "http://go.mail.ru/search_images" "Mozilla/5.0 (compatible; Linux x86_64; Mail.RU_Bot/Img/2.0; +https://help.mail.ru/webmaster/indexing/robots)"
207.46.13.156 - - [19/May/2022:09:31:46 +0700] "GET /js/jquery.js HTTP/2.0" 200 33266 "-" "Mozilla/5.0 (compatible; MSIE 9.0; Windows NT 6.1; Trident/5.0)"
103.131.71.32 - - [19/May/2022:09:54:01 +0700] "GET /img/browser.png HTTP/1.1" 200 4962 "-" "Mozilla/5.0 (compatible; coccocbot-image/1.0; +http://help.coccoc.com/searchengine)"
118.69.161.57 - - [19/May/2022:13:26:41 +0700] "GET /img/screenshot/img3.png HTTP/2.0" 200 176592 "https://vn-z.vn/" "Mozilla/5.0 (Windows NT 10.0; Win64; x64) AppleWebKit/537.36 (KHTML, like Gecko) Chrome/101.0.4951.67 Safari/537.36"
66.249.71.223 - - [19/May/2022:15:55:35 +0700] "GET / HTTP/1.1" 200 7649 "-" "Mozilla/5.0 (Linux; Android 6.0.1; Nexus 5X Build/MMB29P) AppleWebKit/537.36 (KHTML, like Gecko) Chrome/101.0.4951.64 Mobile Safari/537.36 (compatible; Googlebot/2.1; +http://www.google.com/bot.html)"
157.55.39.67 - - [19/May/2022:16:20:28 +0700] "GET /js/validation.js HTTP/2.0" 200 847 "-" "Mozilla/5.0 (compatible; MSIE 9.0; Windows NT 6.1; Trident/5.0)"
193.11.185.238 - - [20/May/2022:06:20:02 +0700] "GET /img/Cad/revcloud.gif HTTP/1.0" 200 468 "https://www.google.se/" "Mozilla/5.0 (Windows NT 10.0; Win64; x64) AppleWebKit/537.36 (KHTML, like Gecko) Chrome/101.0.4951.67 Safari/537.36"
103.131.71.27 - - [20/May/2022:12:55:29 +0700] "GET /img/screenshot/img3.png HTTP/1.0" 200 471 "-" "Mozilla/5.0 (compatible; coccocbot-image/1.0; +http://help.coccoc.com/searchengine)"
66.249.71.223 - - [20/May/2022:15:47:45 +0700] "GET /robots.txt HTTP/1.0" 404 567 "-" "Mozilla/5.0 (compatible; Googlebot/2.1; +http://www.google.com/bot.html)"
66.249.71.222 - - [20/May/2022:15:47:45 +0700] "GET / HTTP/1.0" 200 456 "-" "Mozilla/5.0 (Linux; Android 6.0.1; Nexus 5X Build/MMB29P) AppleWebKit/537.36 (KHTML, like Gecko) Chrome/101.0.4951.64 Mobile Safari/537.36 (compatible; Googlebot/2.1; +http://www.google.com/bot.html)"
66.249.71.222 - - [20/May/2022:15:48:23 +0700] "GET /css/flexslider.css HTTP/1.0" 200 465 "https://autocad.cic.com.vn/" "Mozilla/5.0 (Linux; Android 6.0.1; Nexus 5X Build/MMB29P) AppleWebKit/537.36 (KHTML, like Gecko) Chrome/101.0.4951.64 Mobile Safari/537.36 (compatible; Googlebot/2.1; +http://www.google.com/bot.html)"
66.249.68.85 - - [20/May/2022:15:48:24 +0700] "GET /css/owl.transitions.css HTTP/1.0" 200 470 "https://autocad.cic.com.vn/" "Mozilla/5.0 (Linux; Android 6.0.1; Nexus 5X Build/MMB29P) AppleWebKit/537.36 (KHTML, like Gecko) Chrome/101.0.4951.64 Mobile Safari/537.36 (compatible; Googlebot/2.1; +http://www.google.com/bot.html)"
66.249.71.222 - - [20/May/2022:15:48:24 +0700] "GET /css/overwrite.css HTTP/1.0" 200 464 "https://autocad.cic.com.vn/" "Mozilla/5.0 (Linux; Android 6.0.1; Nexus 5X Build/MMB29P) AppleWebKit/537.36 (KHTML, like Gecko) Chrome/101.0.4951.64 Mobile Safari/537.36 (compatible; Googlebot/2.1; +http://www.google.com/bot.html)"
66.249.71.193 - - [20/May/2022:15:48:25 +0700] "GET /js/flexslider/jquery.flexslider.js HTTP/1.0" 200 495 "https://autocad.cic.com.vn/" "Mozilla/5.0 (Linux; Android 6.0.1; Nexus 5X Build/MMB29P) AppleWebKit/537.36 (KHTML, like Gecko) Chrome/101.0.4951.64 Mobile Safari/537.36 (compatible; Googlebot/2.1; +http://www.google.com/bot.html)"
66.249.71.222 - - [20/May/2022:15:48:26 +0700] "GET /js/parallax/setting.js HTTP/1.0" 200 966 "https://autocad.cic.com.vn/" "Mozilla/5.0 (Linux; Android 6.0.1; Nexus 5X Build/MMB29P) AppleWebKit/537.36 (KHTML, like Gecko) Chrome/101.0.4951.64 Mobile Safari/537.36 (compatible; Googlebot/2.1; +http://www.google.com/bot.html)"
66.249.71.223 - - [20/May/2022:15:48:27 +0700] "GET /js/counters/jquery.appear.js HTTP/1.0" 200 489 "https://autocad.cic.com.vn/" "Mozilla/5.0 (Linux; Android 6.0.1; Nexus 5X Build/MMB29P) AppleWebKit/537.36 (KHTML, like Gecko) Chrome/101.0.4951.64 Mobile Safari/537.36 (compatible; Googlebot/2.1; +http://www.google.com/bot.html)"
66.249.71.222 - - [20/May/2022:15:48:28 +0700] "GET /js/navigation/waypoints.min.js HTTP/1.0" 200 491 "https://autocad.cic.com.vn/" "Mozilla/5.0 (Linux; Android 6.0.1; Nexus 5X Build/MMB29P) AppleWebKit/537.36 (KHTML, like Gecko) Chrome/101.0.4951.64 Mobile Safari/537.36 (compatible; Googlebot/2.1; +http://www.google.com/bot.html)"
66.249.71.222 - - [20/May/2022:15:48:29 +0700] "GET /js/theme-option/colorpicker.js HTTP/1.0" 200 491 "https://autocad.cic.com.vn/" "Mozilla/5.0 (Linux; Android 6.0.1; Nexus 5X Build/MMB29P) AppleWebKit/537.36 (KHTML, like Gecko) Chrome/101.0.4951.64 Mobile Safari/537.36 (compatible; Googlebot/2.1; +http://www.google.com/bot.html)"
66.249.71.222 - - [20/May/2022:15:48:30 +0700] "GET /js/owlcarousel/setting.js HTTP/1.0" 200 798 "https://autocad.cic.com.vn/" "Mozilla/5.0 (Linux; Android 6.0.1; Nexus 5X Build/MMB29P) AppleWebKit/537.36 (KHTML, like Gecko) Chrome/101.0.4951.64 Mobile Safari/537.36 (compatible; Googlebot/2.1; +http://www.google.com/bot.html)"
66.249.71.222 - - [20/May/2022:15:48:30 +0700] "GET /js/owlcarousel/owl.carousel.js HTTP/1.0" 200 491 "https://autocad.cic.com.vn/" "Mozilla/5.0 (Linux; Android 6.0.1; Nexus 5X Build/MMB29P) AppleWebKit/537.36 (KHTML, like Gecko) Chrome/101.0.4951.64 Mobile Safari/537.36 (compatible; Googlebot/2.1; +http://www.google.com/bot.html)"
66.249.68.81 - - [20/May/2022:15:48:31 +0700] "GET /js/prettyPhoto/setting.js HTTP/1.0" 200 789 "https://autocad.cic.com.vn/" "Mozilla/5.0 (Linux; Android 6.0.1; Nexus 5X Build/MMB29P) AppleWebKit/537.36 (KHTML, like Gecko) Chrome/101.0.4951.64 Mobile Safari/537.36 (compatible; Googlebot/2.1; +http://www.google.com/bot.html)"
66.249.68.81 - - [20/May/2022:15:48:32 +0700] "GET /js/totop/setting.js HTTP/1.0" 200 685 "https://autocad.cic.com.vn/" "Mozilla/5.0 (Linux; Android 6.0.1; Nexus 5X Build/MMB29P) AppleWebKit/537.36 (KHTML, like Gecko) Chrome/101.0.4951.64 Mobile Safari/537.36 (compatible; Googlebot/2.1; +http://www.google.com/bot.html)"
66.249.71.222 - - [20/May/2022:15:48:32 +0700] "GET /js/navigation/navbar.js HTTP/1.0" 200 484 "https://autocad.cic.com.vn/" "Mozilla/5.0 (Linux; Android 6.0.1; Nexus 5X Build/MMB29P) AppleWebKit/537.36 (KHTML, like Gecko) Chrome/101.0.4951.64 Mobile Safari/537.36 (compatible; Googlebot/2.1; +http://www.google.com/bot.html)"
66.249.71.222 - - [20/May/2022:16:08:07 +0700] "GET / HTTP/1.0" 200 456 "-" "Mozilla/5.0 (compatible; Googlebot/2.1; +http://www.google.com/bot.html)"
66.249.71.222 - - [20/May/2022:16:08:18 +0700] "GET /js/counters/setting.js HTTP/1.0" 200 919 "https://autocad.cic.com.vn/" "Mozilla/5.0 AppleWebKit/537.36 (KHTML, like Gecko; compatible; Googlebot/2.1; +http://www.google.com/bot.html) Chrome/101.0.4951.64 Safari/537.36"
138.246.253.24 - - [20/May/2022:18:02:14 +0700] "GET /robots.txt HTTP/1.0" 404 567 "-" "Mozilla/5.0 (Windows NT 10.0; Win64; x64) AppleWebKit/537.36 (KHTML, like Gecko) Chrome/88.0.4324.146 Safari/537.36"
171.228.197.99 - - [20/May/2022:18:48:57 +0700] "GET /img/screenshot/img3.png HTTP/1.0" 200 471 "https://vn-z.vn/" "Mozilla/5.0 (Windows NT 6.1; Win64; x64) AppleWebKit/537.36 (KHTML, like Gecko) Chrome/101.0.4951.67 Safari/537.36"
207.46.13.156 - - [20/May/2022:20:00:22 +0700] "GET / HTTP/1.0" 200 456 "-" "Mozilla/5.0 (compatible; bingbot/2.0; +http://www.bing.com/bingbot.htm)"
198.235.24.130 - - [21/May/2022:02:21:35 +0700] "GET / HTTP/1.0" 200 456 "-" "Expanse, a Palo Alto Networks company, searches across the global IPv4 space multiple times per day to identify customers&#39; presences on the Internet. If you would like to be excluded from our scans, please send IP addresses/domains to: scaninfo@paloaltonetworks.com"
193.11.185.238 - - [20/May/2022:06:20:02 +0700] "GET /img/Cad/revcloud.gif HTTP/2.0" 200 292069 "https://www.google.se/" "Mozilla/5.0 (Windows NT 10.0; Win64; x64) AppleWebKit/537.36 (KHTML, like Gecko) Chrome/101.0.4951.67 Safari/537.36"
103.131.71.27 - - [20/May/2022:12:55:34 +0700] "GET /img/screenshot/img3.png HTTP/1.1" 200 176592 "-" "Mozilla/5.0 (compatible; coccocbot-image/1.0; +http://help.coccoc.com/searchengine)"
66.249.71.222 - - [20/May/2022:15:47:45 +0700] "GET / HTTP/1.1" 200 7649 "-" "Mozilla/5.0 (Linux; Android 6.0.1; Nexus 5X Build/MMB29P) AppleWebKit/537.36 (KHTML, like Gecko) Chrome/101.0.4951.64 Mobile Safari/537.36 (compatible; Googlebot/2.1; +http://www.google.com/bot.html)"
66.249.71.222 - - [20/May/2022:15:48:23 +0700] "GET /css/flexslider.css HTTP/1.1" 200 1434 "https://autocad.cic.com.vn/" "Mozilla/5.0 (Linux; Android 6.0.1; Nexus 5X Build/MMB29P) AppleWebKit/537.36 (KHTML, like Gecko) Chrome/101.0.4951.64 Mobile Safari/537.36 (compatible; Googlebot/2.1; +http://www.google.com/bot.html)"
66.249.68.85 - - [20/May/2022:15:48:24 +0700] "GET /css/owl.transitions.css HTTP/1.1" 200 665 "https://autocad.cic.com.vn/" "Mozilla/5.0 (Linux; Android 6.0.1; Nexus 5X Build/MMB29P) AppleWebKit/537.36 (KHTML, like Gecko) Chrome/101.0.4951.64 Mobile Safari/537.36 (compatible; Googlebot/2.1; +http://www.google.com/bot.html)"
66.249.71.222 - - [20/May/2022:15:48:24 +0700] "GET /css/overwrite.css HTTP/1.1" 200 2344 "https://autocad.cic.com.vn/" "Mozilla/5.0 (Linux; Android 6.0.1; Nexus 5X Build/MMB29P) AppleWebKit/537.36 (KHTML, like Gecko) Chrome/101.0.4951.64 Mobile Safari/537.36 (compatible; Googlebot/2.1; +http://www.google.com/bot.html)"
66.249.71.193 - - [20/May/2022:15:48:25 +0700] "GET /js/flexslider/jquery.flexslider.js HTTP/1.1" 200 8596 "https://autocad.cic.com.vn/" "Mozilla/5.0 (Linux; Android 6.0.1; Nexus 5X Build/MMB29P) AppleWebKit/537.36 (KHTML, like Gecko) Chrome/101.0.4951.64 Mobile Safari/537.36 (compatible; Googlebot/2.1; +http://www.google.com/bot.html)"
66.249.71.223 - - [20/May/2022:15:48:27 +0700] "GET /js/counters/jquery.appear.js HTTP/1.1" 200 782 "https://autocad.cic.com.vn/" "Mozilla/5.0 (Linux; Android 6.0.1; Nexus 5X Build/MMB29P) AppleWebKit/537.36 (KHTML, like Gecko) Chrome/101.0.4951.64 Mobile Safari/537.36 (compatible; Googlebot/2.1; +http://www.google.com/bot.html)"
66.249.71.222 - - [20/May/2022:15:48:28 +0700] "GET /js/navigation/waypoints.min.js HTTP/1.1" 200 2468 "https://autocad.cic.com.vn/" "Mozilla/5.0 (Linux; Android 6.0.1; Nexus 5X Build/MMB29P) AppleWebKit/537.36 (KHTML, like Gecko) Chrome/101.0.4951.64 Mobile Safari/537.36 (compatible; Googlebot/2.1; +http://www.google.com/bot.html)"
66.249.71.222 - - [20/May/2022:15:48:29 +0700] "GET /js/theme-option/colorpicker.js HTTP/1.1" 200 3559 "https://autocad.cic.com.vn/" "Mozilla/5.0 (Linux; Android 6.0.1; Nexus 5X Build/MMB29P) AppleWebKit/537.36 (KHTML, like Gecko) Chrome/101.0.4951.64 Mobile Safari/537.36 (compatible; Googlebot/2.1; +http://www.google.com/bot.html)"
66.249.71.222 - - [20/May/2022:15:48:30 +0700] "GET /js/owlcarousel/owl.carousel.js HTTP/1.1" 200 8317 "https://autocad.cic.com.vn/" "Mozilla/5.0 (Linux; Android 6.0.1; Nexus 5X Build/MMB29P) AppleWebKit/537.36 (KHTML, like Gecko) Chrome/101.0.4951.64 Mobile Safari/537.36 (compatible; Googlebot/2.1; +http://www.google.com/bot.html)"
66.249.71.222 - - [20/May/2022:15:48:32 +0700] "GET /js/navigation/navbar.js HTTP/1.1" 200 1493 "https://autocad.cic.com.vn/" "Mozilla/5.0 (Linux; Android 6.0.1; Nexus 5X Build/MMB29P) AppleWebKit/537.36 (KHTML, like Gecko) Chrome/101.0.4951.64 Mobile Safari/537.36 (compatible; Googlebot/2.1; +http://www.google.com/bot.html)"
66.249.71.222 - - [20/May/2022:16:08:07 +0700] "GET / HTTP/1.1" 200 7649 "-" "Mozilla/5.0 (compatible; Googlebot/2.1; +http://www.google.com/bot.html)"
171.228.197.99 - - [20/May/2022:18:48:57 +0700] "GET /img/screenshot/img3.png HTTP/2.0" 200 176592 "https://vn-z.vn/" "Mozilla/5.0 (Windows NT 6.1; Win64; x64) AppleWebKit/537.36 (KHTML, like Gecko) Chrome/101.0.4951.67 Safari/537.36"
207.46.13.156 - - [20/May/2022:20:00:22 +0700] "GET / HTTP/2.0" 200 8199 "-" "Mozilla/5.0 (compatible; bingbot/2.0; +http://www.bing.com/bingbot.htm)"
198.235.24.130 - - [21/May/2022:02:21:35 +0700] "GET / HTTP/1.1" 200 36096 "-" "Expanse, a Palo Alto Networks company, searches across the global IPv4 space multiple times per day to identify customers&#39; presences on the Internet. If you would like to be excluded from our scans, please send IP addresses/domains to: scaninfo@paloaltonetworks.com"
103.131.71.29 - - [21/May/2022:12:45:00 +0700] "GET /img/logo.png HTTP/1.0" 200 460 "-" "Mozilla/5.0 (compatible; coccocbot-image/1.0; +http://help.coccoc.com/searchengine)"
113.182.178.178 - - [21/May/2022:20:30:16 +0700] "GET /img/screenshot/img3.png HTTP/1.0" 200 471 "https://www.google.com/" "Mozilla/5.0 (Macintosh; Intel Mac OS X 10_15_7) AppleWebKit/605.1.15 (KHTML, like Gecko) Version/15.4 Safari/605.1.15"
114.119.141.80 - - [21/May/2022:23:00:34 +0700] "GET /robots.txt HTTP/1.0" 404 567 "-" "Mozilla/5.0 (compatible;PetalBot;+https://webmaster.petalsearch.com/site/petalbot)"
103.131.71.29 - - [21/May/2022:12:45:00 +0700] "GET /img/logo.png HTTP/1.1" 200 5386 "-" "Mozilla/5.0 (compatible; coccocbot-image/1.0; +http://help.coccoc.com/searchengine)"
113.182.178.178 - - [21/May/2022:20:30:16 +0700] "GET /img/screenshot/img3.png HTTP/2.0" 200 176592 "https://www.google.com/" "Mozilla/5.0 (Macintosh; Intel Mac OS X 10_15_7) AppleWebKit/605.1.15 (KHTML, like Gecko) Version/15.4 Safari/605.1.15"
205.210.31.149 - - [22/May/2022:04:51:56 +0700] "GET / HTTP/1.0" 200 456 "-" "Expanse, a Palo Alto Networks company, searches across the global IPv4 space multiple times per day to identify customers&#39; presences on the Internet. If you would like to be excluded from our scans, please send IP addresses/domains to: scaninfo@paloaltonetworks.com"
125.235.233.174 - - [22/May/2022:09:10:35 +0700] "GET /img/screenshot/img3.png HTTP/1.0" 200 471 "https://vn-z.vn/" "Mozilla/5.0 (Windows NT 10.0; Win64; x64) AppleWebKit/537.36 (KHTML, like Gecko) Chrome/101.0.4951.67 Safari/537.36"
103.131.71.50 - - [22/May/2022:14:50:47 +0700] "GET /img/Cad/AutoCAD.png HTTP/1.0" 200 467 "-" "Mozilla/5.0 (compatible; coccocbot-image/1.0; +http://help.coccoc.com/searchengine)"
87.250.224.172 - - [23/May/2022:01:00:47 +0700] "GET /robots.txt HTTP/1.0" 404 567 "-" "Mozilla/5.0 (compatible; YandexBot/3.0; +http://yandex.com/bots)"
87.250.224.172 - - [23/May/2022:01:00:50 +0700] "GET / HTTP/1.0" 200 456 "-" "Mozilla/5.0 (compatible; YandexBot/3.0; +http://yandex.com/bots)"
205.210.31.149 - - [22/May/2022:04:51:56 +0700] "GET / HTTP/1.1" 200 36096 "-" "Expanse, a Palo Alto Networks company, searches across the global IPv4 space multiple times per day to identify customers&#39; presences on the Internet. If you would like to be excluded from our scans, please send IP addresses/domains to: scaninfo@paloaltonetworks.com"
125.235.233.174 - - [22/May/2022:09:10:35 +0700] "GET /img/screenshot/img3.png HTTP/2.0" 200 176592 "https://vn-z.vn/" "Mozilla/5.0 (Windows NT 10.0; Win64; x64) AppleWebKit/537.36 (KHTML, like Gecko) Chrome/101.0.4951.67 Safari/537.36"
103.131.71.50 - - [22/May/2022:14:50:47 +0700] "GET /img/Cad/AutoCAD.png HTTP/1.1" 200 7777 "-" "Mozilla/5.0 (compatible; coccocbot-image/1.0; +http://help.coccoc.com/searchengine)"
87.250.224.172 - - [23/May/2022:01:00:50 +0700] "GET / HTTP/1.1" 200 8212 "-" "Mozilla/5.0 (compatible; YandexBot/3.0; +http://yandex.com/bots)"
103.131.71.82 - - [23/May/2022:03:55:07 +0700] "GET / HTTP/1.0" 200 456 "-" "Mozilla/5.0 (compatible; coccocbot-web/1.0; +http://help.coccoc.com/searchengine)"
35.181.43.75 - - [23/May/2022:16:11:30 +0700] "GET / HTTP/1.0" 200 456 "-" "Mozilla/5.0 (Macintosh; Intel Mac OS X 10_15_7) AppleWebKit/605.1.15 (KHTML, like Gecko) Version/14.1.2 Safari/605.1.15"
103.131.71.33 - - [23/May/2022:16:49:28 +0700] "GET /img/Cad/AutoCADLT.png HTTP/1.0" 200 469 "-" "Mozilla/5.0 (compatible; coccocbot-image/1.0; +http://help.coccoc.com/searchengine)"
114.119.152.164 - - [23/May/2022:23:32:00 +0700] "GET /robots.txt HTTP/1.0" 404 567 "-" "Mozilla/5.0 (compatible;PetalBot;+https://webmaster.petalsearch.com/site/petalbot)"
103.131.71.188 - - [24/May/2022:01:48:13 +0700] "GET / HTTP/1.0" 200 456 "-" "Mozilla/5.0 (compatible; coccocbot-web/1.0; +http://help.coccoc.com/searchengine)"
103.131.71.82 - - [23/May/2022:03:55:07 +0700] "GET / HTTP/1.1" 304 0 "-" "Mozilla/5.0 (compatible; coccocbot-web/1.0; +http://help.coccoc.com/searchengine)"
35.181.43.75 - - [23/May/2022:16:11:30 +0700] "GET / HTTP/1.1" 200 8212 "-" "Mozilla/5.0 (Macintosh; Intel Mac OS X 10_15_7) AppleWebKit/605.1.15 (KHTML, like Gecko) Version/14.1.2 Safari/605.1.15"
103.131.71.33 - - [23/May/2022:16:49:28 +0700] "GET /img/Cad/AutoCADLT.png HTTP/1.1" 200 7974 "-" "Mozilla/5.0 (compatible; coccocbot-image/1.0; +http://help.coccoc.com/searchengine)"
103.131.71.188 - - [24/May/2022:01:48:13 +0700] "GET / HTTP/1.1" 304 0 "-" "Mozilla/5.0 (compatible; coccocbot-web/1.0; +http://help.coccoc.com/searchengine)"
35.84.2.120 - - [24/May/2022:03:02:45 +0700] "" 400 0 "-" "-"
113.185.40.153 - - [24/May/2022:09:16:01 +0700] "GET /img/screenshot/img3.png HTTP/1.0" 200 471 "https://vn-z.vn/" "Mozilla/5.0 (Windows NT 6.1; Win64; x64) AppleWebKit/537.36 (KHTML, like Gecko) Chrome/101.0.4951.67 Safari/537.36"
103.131.71.47 - - [24/May/2022:16:29:50 +0700] "GET /img/Cad/AutoCADSUITE.png HTTP/1.0" 200 472 "-" "Mozilla/5.0 (compatible; coccocbot-image/1.0; +http://help.coccoc.com/searchengine)"
114.119.135.96 - - [25/May/2022:02:49:34 +0700] "GET /robots.txt HTTP/1.0" 404 567 "-" "Mozilla/5.0 (compatible;PetalBot;+https://webmaster.petalsearch.com/site/petalbot)"
113.185.40.153 - - [24/May/2022:09:16:02 +0700] "GET /img/screenshot/img3.png HTTP/2.0" 200 176592 "https://vn-z.vn/" "Mozilla/5.0 (Windows NT 6.1; Win64; x64) AppleWebKit/537.36 (KHTML, like Gecko) Chrome/101.0.4951.67 Safari/537.36"
