103.15.49.222 - - [17/Oct/2021:08:35:29 +0700] "GET / HTTP/1.0" 200 290 "-" "Mozilla/5.0 (Windows NT 10.0; Win64; x64) AppleWebKit/537.36 (KHTML, like Gecko) Chrome/58.0.3029.110 Safari/537.36"
103.15.49.222 - - [17/Oct/2021:08:35:29 +0700] "GET / HTTP/1.1" 200 36096 "-" "Mozilla/5.0 (Windows NT 10.0; Win64; x64) AppleWebKit/537.36 (KHTML, like Gecko) Chrome/58.0.3029.110 Safari/537.36"
198.154.83.50 - - [18/Oct/2021:12:58:08 +0700] "GET / HTTP/1.0" 200 290 "-" "Mozilla/5.0 (Windows NT 10.0; Win64; x64) AppleWebKit/537.36 (KHTML, like Gecko) Chrome/80.0.3987.149 Safari/537.36"
23.146.241.237 - - [18/Oct/2021:14:13:02 +0700] "GET /wp-content/ HTTP/1.0" 404 373 "-" "Mozilla/5.0 (Macintosh; Intel Mac OS X 10.15; rv:77.0) Gecko/20100101 Firefox/77.0"
34.243.68.198 - - [18/Oct/2021:16:12:54 +0700] "GET /robots.txt HTTP/1.0" 404 372 "-" "webprosbot/2.0 (+mailto:abuse-6337@webpros.com)"
34.243.68.198 - - [18/Oct/2021:16:12:54 +0700] "GET / HTTP/1.0" 200 290 "-" "webprosbot/2.0 (+mailto:abuse-6337@webpros.com)"
198.154.83.50 - - [18/Oct/2021:12:58:08 +0700] "GET / HTTP/1.1" 200 8212 "-" "Mozilla/5.0 (Windows NT 10.0; Win64; x64) AppleWebKit/537.36 (KHTML, like Gecko) Chrome/80.0.3987.149 Safari/537.36"
34.243.68.198 - - [18/Oct/2021:16:12:54 +0700] "GET / HTTP/1.1" 200 36096 "-" "webprosbot/2.0 (+mailto:abuse-6337@webpros.com)"
95.108.213.22 - - [20/Oct/2021:06:46:25 +0700] "GET /robots.txt HTTP/1.0" 404 372 "-" "Mozilla/5.0 (compatible; YandexBot/3.0; +http://yandex.com/bots)"
5.45.207.133 - - [20/Oct/2021:06:46:29 +0700] "GET / HTTP/1.0" 200 290 "-" "Mozilla/5.0 (compatible; YandexBot/3.0; +http://yandex.com/bots)"
5.45.207.133 - - [20/Oct/2021:06:46:29 +0700] "GET / HTTP/1.1" 200 8212 "-" "Mozilla/5.0 (compatible; YandexBot/3.0; +http://yandex.com/bots)"
198.154.83.34 - - [21/Oct/2021:06:51:54 +0700] "GET / HTTP/1.0" 200 290 "-" "Mozilla/5.0 (Windows NT 10.0; Win64; x64) AppleWebKit/537.36 (KHTML, like Gecko) Chrome/80.0.3987.149 Safari/537.36"
114.119.150.95 - - [21/Oct/2021:08:45:22 +0700] "GET /robots.txt HTTP/1.0" 404 372 "-" "Mozilla/5.0 (compatible;PetalBot;+https://webmaster.petalsearch.com/site/petalbot)"
114.119.144.202 - - [21/Oct/2021:12:06:07 +0700] "GET /robots.txt HTTP/1.0" 404 372 "-" "Mozilla/5.0 (compatible;PetalBot;+https://webmaster.petalsearch.com/site/petalbot)"
3.16.136.89 - - [21/Oct/2021:20:37:02 +0700] "GET / HTTP/1.0" 200 290 "-" "Mozilla/5.0 (Windows NT 10.0; Win64; x64) AppleWebKit/537.36 (KHTML, like Gecko; compatible; BW/1.1; bit.ly/2W6Px8S) Chrome/84.0.4147.105 Safari/537.36"
3.16.136.89 - - [21/Oct/2021:20:37:02 +0700] "GET /robots.txt HTTP/1.0" 404 372 "-" "Mozilla/5.0 (Windows NT 10.0; Win64; x64) AppleWebKit/537.36 (KHTML, like Gecko; compatible; BW/1.1; bit.ly/2W6Px8S) Chrome/84.0.4147.105 Safari/537.36"
103.131.71.196 - - [22/Oct/2021:01:53:36 +0700] "GET /robots.txt HTTP/1.0" 404 372 "-" "Mozilla/5.0 (compatible; coccocbot-web/1.0; +http://help.coccoc.com/searchengine)"
198.154.83.34 - - [21/Oct/2021:06:51:54 +0700] "GET / HTTP/1.1" 200 8212 "-" "Mozilla/5.0 (Windows NT 10.0; Win64; x64) AppleWebKit/537.36 (KHTML, like Gecko) Chrome/80.0.3987.149 Safari/537.36"
52.167.7.30 - - [21/Oct/2021:18:54:46 +0700] "GET /.env HTTP/1.1" 403 146 "-" "Mozilla/5.0 (Macintosh; Intel Mac OS X 10.15; rv:77.0) Gecko/20100101 Firefox/77.0"
3.16.136.89 - - [21/Oct/2021:20:37:02 +0700] "GET / HTTP/1.1" 200 8212 "-" "Mozilla/5.0 (Windows NT 10.0; Win64; x64) AppleWebKit/537.36 (KHTML, like Gecko; compatible; BW/1.1; bit.ly/2W6Px8S) Chrome/84.0.4147.105 Safari/537.36"
114.119.139.220 - - [22/Oct/2021:05:32:37 +0700] "GET /robots.txt HTTP/1.0" 404 372 "-" "Mozilla/5.0 (compatible;PetalBot;+https://webmaster.petalsearch.com/site/petalbot)"
77.88.5.57 - - [22/Oct/2021:18:14:53 +0700] "GET /robots.txt HTTP/1.0" 404 372 "-" "Mozilla/5.0 (compatible; YandexBot/3.0; +http://yandex.com/bots)"
77.88.5.57 - - [22/Oct/2021:18:14:57 +0700] "GET / HTTP/1.0" 200 290 "-" "Mozilla/5.0 (compatible; YandexBot/3.0; +http://yandex.com/bots)"
77.88.5.57 - - [22/Oct/2021:18:14:57 +0700] "GET / HTTP/1.1" 200 8212 "-" "Mozilla/5.0 (compatible; YandexBot/3.0; +http://yandex.com/bots)"
149.202.191.30 - - [23/Oct/2021:17:01:05 +0700] "GET / HTTP/1.0" 200 290 "-" "Mozilla/5.0 (Windows NT 10.0; Win64; x64) AppleWebKit/537.36 (KHTML, like Gecko) Chrome/80.0.3987.149 Safari/537.36"
114.119.152.139 - - [23/Oct/2021:19:25:28 +0700] "GET /robots.txt HTTP/1.0" 404 372 "-" "Mozilla/5.0 (compatible;PetalBot;+https://webmaster.petalsearch.com/site/petalbot)"
114.119.144.127 - - [23/Oct/2021:23:48:02 +0700] "GET /robots.txt HTTP/1.0" 404 372 "-" "Mozilla/5.0 (compatible;PetalBot;+https://webmaster.petalsearch.com/site/petalbot)"
149.202.191.30 - - [23/Oct/2021:17:01:05 +0700] "GET / HTTP/1.1" 200 8212 "-" "Mozilla/5.0 (Windows NT 10.0; Win64; x64) AppleWebKit/537.36 (KHTML, like Gecko) Chrome/80.0.3987.149 Safari/537.36"
40.77.167.45 - - [24/Oct/2021:03:36:35 +0700] "GET /robots.txt HTTP/1.0" 404 372 "-" "Mozilla/5.0 (compatible; bingbot/2.0; +http://www.bing.com/bingbot.htm)"
207.46.13.106 - - [24/Oct/2021:03:36:41 +0700] "GET /img/bg-autocad2016.png HTTP/1.0" 200 304 "-" "Mozilla/5.0 (compatible; bingbot/2.0; +http://www.bing.com/bingbot.htm)"
114.119.153.56 - - [24/Oct/2021:04:14:18 +0700] "GET /robots.txt HTTP/1.0" 404 372 "-" "Mozilla/5.0 (compatible;PetalBot;+https://webmaster.petalsearch.com/site/petalbot)"
114.119.141.42 - - [25/Oct/2021:02:14:27 +0700] "GET /robots.txt HTTP/1.0" 404 372 "-" "Mozilla/5.0 (compatible;PetalBot;+https://webmaster.petalsearch.com/site/petalbot)"
77.88.5.18 - - [25/Oct/2021:02:58:20 +0700] "GET /robots.txt HTTP/1.0" 404 372 "-" "Mozilla/5.0 (compatible; YandexBot/3.0; +http://yandex.com/bots)"
77.88.5.18 - - [25/Oct/2021:02:58:24 +0700] "GET / HTTP/1.0" 200 290 "-" "Mozilla/5.0 (compatible; YandexBot/3.0; +http://yandex.com/bots)"
207.46.13.106 - - [24/Oct/2021:03:36:45 +0700] "GET /img/bg-autocad2016.png HTTP/1.1" 200 491235 "-" "Mozilla/5.0 (compatible; bingbot/2.0; +http://www.bing.com/bingbot.htm)"
77.88.5.18 - - [25/Oct/2021:02:58:24 +0700] "GET / HTTP/1.1" 200 8212 "-" "Mozilla/5.0 (compatible; YandexBot/3.0; +http://yandex.com/bots)"
114.119.140.161 - - [25/Oct/2021:07:02:54 +0700] "GET /robots.txt HTTP/1.0" 404 372 "-" "Mozilla/5.0 (compatible;PetalBot;+https://webmaster.petalsearch.com/site/petalbot)"
114.119.130.221 - - [25/Oct/2021:11:49:27 +0700] "GET /robots.txt HTTP/1.0" 404 372 "-" "Mozilla/5.0 (compatible;PetalBot;+https://webmaster.petalsearch.com/site/petalbot)"
103.131.71.79 - - [25/Oct/2021:14:52:51 +0700] "GET /robots.txt HTTP/1.0" 404 372 "-" "Mozilla/5.0 (compatible; coccocbot-web/1.0; +http://help.coccoc.com/searchengine)"
198.154.83.50 - - [26/Oct/2021:01:44:36 +0700] "GET / HTTP/1.0" 200 290 "-" "Mozilla/5.0 (Windows NT 10.0; Win64; x64) AppleWebKit/537.36 (KHTML, like Gecko) Chrome/80.0.3987.149 Safari/537.36"
198.154.83.50 - - [26/Oct/2021:01:44:36 +0700] "GET / HTTP/1.1" 200 8212 "-" "Mozilla/5.0 (Windows NT 10.0; Win64; x64) AppleWebKit/537.36 (KHTML, like Gecko) Chrome/80.0.3987.149 Safari/537.36"
65.108.91.190 - - [26/Oct/2021:07:28:42 +0700] "GET /_ignition/execute-solution HTTP/1.0" 404 388 "-" "Apache/2.4.34 (Ubuntu) OpenSSL/1.1.1 (internal dummy connection)"
114.119.151.72 - - [26/Oct/2021:15:57:40 +0700] "GET /robots.txt HTTP/1.0" 404 372 "-" "Mozilla/5.0 (compatible;PetalBot;+https://webmaster.petalsearch.com/site/petalbot)"
77.88.5.18 - - [27/Oct/2021:07:28:54 +0700] "GET /robots.txt HTTP/1.0" 404 372 "-" "Mozilla/5.0 (compatible; YandexBot/3.0; +http://yandex.com/bots)"
77.88.5.18 - - [27/Oct/2021:07:28:58 +0700] "GET / HTTP/1.0" 200 290 "-" "Mozilla/5.0 (compatible; YandexBot/3.0; +http://yandex.com/bots)"
103.131.71.176 - - [27/Oct/2021:09:39:52 +0700] "GET /robots.txt HTTP/1.0" 404 372 "-" "Mozilla/5.0 (compatible; coccocbot-web/1.0; +http://help.coccoc.com/searchengine)"
114.119.137.145 - - [27/Oct/2021:20:51:19 +0700] "GET /robots.txt HTTP/1.0" 404 372 "-" "Mozilla/5.0 (compatible;PetalBot;+https://webmaster.petalsearch.com/site/petalbot)"
20.212.18.109 - - [27/Oct/2021:23:38:37 +0700] "GET /wp-content/ HTTP/1.0" 404 373 "-" "Mozilla/5.0 (Macintosh; Intel Mac OS X 10.15; rv:77.0) Gecko/20100101 Firefox/77.0"
77.88.5.18 - - [27/Oct/2021:07:28:58 +0700] "GET / HTTP/1.1" 200 8212 "-" "Mozilla/5.0 (compatible; YandexBot/3.0; +http://yandex.com/bots)"
18.191.102.222 - - [27/Oct/2021:11:50:56 +0700] "GET /.env HTTP/1.1" 403 146 "-" "Mozilla/5.0 (Macintosh; Intel Mac OS X 10.15; rv:77.0) Gecko/20100101 Firefox/77.0"
20.212.18.109 - - [27/Oct/2021:23:38:36 +0700] "GET /.env HTTP/1.1" 403 146 "-" "Mozilla/5.0 (Macintosh; Intel Mac OS X 10.15; rv:77.0) Gecko/20100101 Firefox/77.0"
104.144.47.95 - - [28/Oct/2021:15:41:05 +0700] "GET / HTTP/1.0" 200 290 "-" "Mozilla/5.0 (Windows NT 10.0; Win64; x64) AppleWebKit/537.36 (KHTML, like Gecko) Chrome/80.0.3987.149 Safari/537.36"
114.119.135.171 - - [29/Oct/2021:01:23:36 +0700] "GET /robots.txt HTTP/1.0" 404 372 "-" "Mozilla/5.0 (compatible;PetalBot;+https://webmaster.petalsearch.com/site/petalbot)"
87.250.224.181 - - [29/Oct/2021:01:42:24 +0700] "GET /robots.txt HTTP/1.0" 404 372 "-" "Mozilla/5.0 (compatible; YandexBot/3.0; +http://yandex.com/bots)"
87.250.224.181 - - [29/Oct/2021:01:42:28 +0700] "GET / HTTP/1.0" 200 290 "-" "Mozilla/5.0 (compatible; YandexBot/3.0; +http://yandex.com/bots)"
104.144.47.95 - - [28/Oct/2021:15:41:05 +0700] "GET / HTTP/1.1" 200 8212 "-" "Mozilla/5.0 (Windows NT 10.0; Win64; x64) AppleWebKit/537.36 (KHTML, like Gecko) Chrome/80.0.3987.149 Safari/537.36"
87.250.224.181 - - [29/Oct/2021:01:42:28 +0700] "GET / HTTP/1.1" 200 8212 "-" "Mozilla/5.0 (compatible; YandexBot/3.0; +http://yandex.com/bots)"
103.131.71.84 - - [29/Oct/2021:04:39:29 +0700] "GET /robots.txt HTTP/1.0" 404 372 "-" "Mozilla/5.0 (compatible; coccocbot-web/1.0; +http://help.coccoc.com/searchengine)"
157.55.39.159 - - [29/Oct/2021:08:40:12 +0700] "GET /robots.txt HTTP/1.0" 404 372 "-" "Mozilla/5.0 (compatible; bingbot/2.0; +http://www.bing.com/bingbot.htm)"
40.77.167.55 - - [29/Oct/2021:08:40:20 +0700] "GET /img/Cad/smartdimensi.gif HTTP/1.0" 200 306 "-" "Mozilla/5.0 (compatible; bingbot/2.0; +http://www.bing.com/bingbot.htm)"
114.119.128.143 - - [29/Oct/2021:22:07:43 +0700] "GET /robots.txt HTTP/1.0" 404 372 "-" "Mozilla/5.0 (compatible;PetalBot;+https://webmaster.petalsearch.com/site/petalbot)"
87.250.224.181 - - [29/Oct/2021:22:34:08 +0700] "GET /robots.txt HTTP/1.0" 404 372 "-" "Mozilla/5.0 (compatible; YandexBot/3.0; +http://yandex.com/bots)"
87.250.224.181 - - [29/Oct/2021:22:34:11 +0700] "GET /img/Cad/AutoCAD.png HTTP/1.0" 200 301 "-" "Mozilla/5.0 (compatible; YandexImages/3.0; +http://yandex.com/bots)"
40.77.167.55 - - [29/Oct/2021:08:40:21 +0700] "GET /img/Cad/smartdimensi.gif HTTP/1.1" 200 366754 "-" "Mozilla/5.0 (compatible; bingbot/2.0; +http://www.bing.com/bingbot.htm)"
87.250.224.181 - - [29/Oct/2021:22:34:11 +0700] "GET /img/Cad/AutoCAD.png HTTP/1.1" 200 7777 "-" "Mozilla/5.0 (compatible; YandexImages/3.0; +http://yandex.com/bots)"
103.131.71.171 - - [30/Oct/2021:15:19:54 +0700] "GET /robots.txt HTTP/1.0" 404 372 "-" "Mozilla/5.0 (compatible; coccocbot-web/1.0; +http://help.coccoc.com/searchengine)"
114.119.146.120 - - [30/Oct/2021:23:39:38 +0700] "GET /robots.txt HTTP/1.0" 404 372 "-" "Mozilla/5.0 (compatible;PetalBot;+https://webmaster.petalsearch.com/site/petalbot)"
87.250.224.181 - - [31/Oct/2021:05:53:29 +0700] "GET /robots.txt HTTP/1.0" 404 372 "-" "Mozilla/5.0 (compatible; YandexBot/3.0; +http://yandex.com/bots)"
87.250.224.181 - - [31/Oct/2021:05:53:33 +0700] "GET / HTTP/1.0" 200 290 "-" "Mozilla/5.0 (compatible; YandexBot/3.0; +http://yandex.com/bots)"
114.119.148.174 - - [31/Oct/2021:06:31:33 +0700] "GET /robots.txt HTTP/1.0" 404 372 "-" "Mozilla/5.0 (compatible;PetalBot;+https://webmaster.petalsearch.com/site/petalbot)"
104.223.116.118 - - [31/Oct/2021:12:18:46 +0700] "GET / HTTP/1.0" 200 290 "-" "Mozilla/5.0 (Windows NT 10.0; Win64; x64) AppleWebKit/537.36 (KHTML, like Gecko) Chrome/80.0.3987.149 Safari/537.36"
209.97.157.128 - - [31/Oct/2021:14:15:41 +0700] "GET / HTTP/1.0" 200 290 "-" "Mozilla/5.0 (compatible; NetcraftSurveyAgent/1.0; +info@netcraft.com)"
35.181.59.186 - - [31/Oct/2021:14:57:45 +0700] "GET / HTTP/1.0" 200 290 "-" "Mozilla/5.0 (Windows NT 10.0; Win64; x64; rv:88.0) Gecko/20100101 Firefox/88.0"
103.131.71.190 - - [31/Oct/2021:21:00:06 +0700] "GET /robots.txt HTTP/1.0" 404 372 "-" "Mozilla/5.0 (compatible; coccocbot-web/1.0; +http://help.coccoc.com/searchengine)"
87.250.224.181 - - [31/Oct/2021:05:53:33 +0700] "GET / HTTP/1.1" 200 8212 "-" "Mozilla/5.0 (compatible; YandexBot/3.0; +http://yandex.com/bots)"
104.223.116.118 - - [31/Oct/2021:12:18:46 +0700] "GET / HTTP/1.1" 200 8212 "-" "Mozilla/5.0 (Windows NT 10.0; Win64; x64) AppleWebKit/537.36 (KHTML, like Gecko) Chrome/80.0.3987.149 Safari/537.36"
209.97.157.128 - - [31/Oct/2021:14:15:41 +0700] "GET / HTTP/1.0" 200 36096 "-" "Mozilla/5.0 (compatible; NetcraftSurveyAgent/1.0; +info@netcraft.com)"
35.181.59.186 - - [31/Oct/2021:14:57:45 +0700] "GET / HTTP/1.1" 200 8212 "-" "Mozilla/5.0 (Windows NT 10.0; Win64; x64; rv:88.0) Gecko/20100101 Firefox/88.0"
114.119.138.207 - - [01/Nov/2021:10:27:43 +0700] "GET / HTTP/1.0" 200 290 "-" "Mozilla/5.0 (Linux; Android 7.0;) AppleWebKit/537.36 (KHTML, like Gecko) Mobile Safari/537.36 (compatible; PetalBot;+https://webmaster.petalsearch.com/site/petalbot)"
114.119.138.207 - - [01/Nov/2021:10:27:43 +0700] "GET /js/counters/jquery-1.9.1.min.js HTTP/1.0" 200 326 "http://autocad.cic.com.vn/" "Mozilla/5.0 (Linux; Android 7.0;) AppleWebKit/537.36 (KHTML, like Gecko) Mobile Safari/537.36 (compatible; PetalBot;+https://webmaster.petalsearch.com/site/petalbot)"
114.119.138.207 - - [01/Nov/2021:10:27:43 +0700] "GET /js/counters/jquery.countdown.js HTTP/1.0" 200 326 "http://autocad.cic.com.vn/" "Mozilla/5.0 (Linux; Android 7.0;) AppleWebKit/537.36 (KHTML, like Gecko) Mobile Safari/537.36 (compatible; PetalBot;+https://webmaster.petalsearch.com/site/petalbot)"
114.119.138.207 - - [01/Nov/2021:10:27:44 +0700] "GET /js/jquery.js HTTP/1.0" 200 307 "http://autocad.cic.com.vn/" "Mozilla/5.0 (Linux; Android 7.0;) AppleWebKit/537.36 (KHTML, like Gecko) Mobile Safari/537.36 (compatible; PetalBot;+https://webmaster.petalsearch.com/site/petalbot)"
114.119.138.207 - - [01/Nov/2021:10:27:44 +0700] "GET /js/bootstrap.min.js HTTP/1.0" 200 314 "http://autocad.cic.com.vn/" "Mozilla/5.0 (Linux; Android 7.0;) AppleWebKit/537.36 (KHTML, like Gecko) Mobile Safari/537.36 (compatible; PetalBot;+https://webmaster.petalsearch.com/site/petalbot)"
114.119.138.207 - - [01/Nov/2021:10:27:44 +0700] "GET /js/jquery-easing-1.3.js HTTP/1.0" 200 318 "http://autocad.cic.com.vn/" "Mozilla/5.0 (Linux; Android 7.0;) AppleWebKit/537.36 (KHTML, like Gecko) Mobile Safari/537.36 (compatible; PetalBot;+https://webmaster.petalsearch.com/site/petalbot)"
114.119.138.207 - - [01/Nov/2021:10:27:44 +0700] "GET /js/flexslider/jquery.flexslider.js HTTP/1.0" 200 329 "http://autocad.cic.com.vn/" "Mozilla/5.0 (Linux; Android 7.0;) AppleWebKit/537.36 (KHTML, like Gecko) Mobile Safari/537.36 (compatible; PetalBot;+https://webmaster.petalsearch.com/site/petalbot)"
114.119.138.207 - - [01/Nov/2021:10:27:44 +0700] "GET /js/prettyPhoto/jquery.prettyPhoto.js HTTP/1.0" 200 331 "http://autocad.cic.com.vn/" "Mozilla/5.0 (Linux; Android 7.0;) AppleWebKit/537.36 (KHTML, like Gecko) Mobile Safari/537.36 (compatible; PetalBot;+https://webmaster.petalsearch.com/site/petalbot)"
114.119.138.207 - - [01/Nov/2021:10:27:44 +0700] "GET /js/prettyPhoto/setting.js HTTP/1.0" 200 565 "http://autocad.cic.com.vn/" "Mozilla/5.0 (Linux; Android 7.0;) AppleWebKit/537.36 (KHTML, like Gecko) Mobile Safari/537.36 (compatible; PetalBot;+https://webmaster.petalsearch.com/site/petalbot)"
114.119.138.207 - - [01/Nov/2021:10:27:44 +0700] "GET /js/flexslider/setting.js HTTP/1.0" 200 549 "http://autocad.cic.com.vn/" "Mozilla/5.0 (Linux; Android 7.0;) AppleWebKit/537.36 (KHTML, like Gecko) Mobile Safari/537.36 (compatible; PetalBot;+https://webmaster.petalsearch.com/site/petalbot)"
114.119.138.207 - - [01/Nov/2021:10:27:45 +0700] "GET /js/navigation/jquery.smooth-scroll.js HTTP/1.0" 200 332 "http://autocad.cic.com.vn/" "Mozilla/5.0 (Linux; Android 7.0;) AppleWebKit/537.36 (KHTML, like Gecko) Mobile Safari/537.36 (compatible; PetalBot;+https://webmaster.petalsearch.com/site/petalbot)"
114.119.138.207 - - [01/Nov/2021:10:27:45 +0700] "GET /js/navigation/waypoints.min.js HTTP/1.0" 200 325 "http://autocad.cic.com.vn/" "Mozilla/5.0 (Linux; Android 7.0;) AppleWebKit/537.36 (KHTML, like Gecko) Mobile Safari/537.36 (compatible; PetalBot;+https://webmaster.petalsearch.com/site/petalbot)"
114.119.138.207 - - [01/Nov/2021:10:27:45 +0700] "GET /js/wow/setting.js HTTP/1.0" 200 376 "http://autocad.cic.com.vn/" "Mozilla/5.0 (Linux; Android 7.0;) AppleWebKit/537.36 (KHTML, like Gecko) Mobile Safari/537.36 (compatible; PetalBot;+https://webmaster.petalsearch.com/site/petalbot)"
114.119.138.207 - - [01/Nov/2021:10:27:45 +0700] "GET /js/wow/wow.min.js HTTP/1.0" 200 312 "http://autocad.cic.com.vn/" "Mozilla/5.0 (Linux; Android 7.0;) AppleWebKit/537.36 (KHTML, like Gecko) Mobile Safari/537.36 (compatible; PetalBot;+https://webmaster.petalsearch.com/site/petalbot)"
114.119.138.207 - - [01/Nov/2021:10:27:45 +0700] "GET /js/navigation/navbar.js HTTP/1.0" 200 318 "http://autocad.cic.com.vn/" "Mozilla/5.0 (Linux; Android 7.0;) AppleWebKit/537.36 (KHTML, like Gecko) Mobile Safari/537.36 (compatible; PetalBot;+https://webmaster.petalsearch.com/site/petalbot)"
114.119.138.207 - - [01/Nov/2021:10:27:45 +0700] "GET /js/parallax/setting.js HTTP/1.0" 200 742 "http://autocad.cic.com.vn/" "Mozilla/5.0 (Linux; Android 7.0;) AppleWebKit/537.36 (KHTML, like Gecko) Mobile Safari/537.36 (compatible; PetalBot;+https://webmaster.petalsearch.com/site/petalbot)"
114.119.138.207 - - [01/Nov/2021:10:27:45 +0700] "GET /js/parallax/jquery.parallax-1.1.3.js HTTP/1.0" 200 331 "http://autocad.cic.com.vn/" "Mozilla/5.0 (Linux; Android 7.0;) AppleWebKit/537.36 (KHTML, like Gecko) Mobile Safari/537.36 (compatible; PetalBot;+https://webmaster.petalsearch.com/site/petalbot)"
114.119.138.207 - - [01/Nov/2021:10:27:45 +0700] "GET /js/counters/jquery.appear.js HTTP/1.0" 200 323 "http://autocad.cic.com.vn/" "Mozilla/5.0 (Linux; Android 7.0;) AppleWebKit/537.36 (KHTML, like Gecko) Mobile Safari/537.36 (compatible; PetalBot;+https://webmaster.petalsearch.com/site/petalbot)"
114.119.138.207 - - [01/Nov/2021:10:27:45 +0700] "GET /js/counters/stellar.js HTTP/1.0" 200 317 "http://autocad.cic.com.vn/" "Mozilla/5.0 (Linux; Android 7.0;) AppleWebKit/537.36 (KHTML, like Gecko) Mobile Safari/537.36 (compatible; PetalBot;+https://webmaster.petalsearch.com/site/petalbot)"
114.119.138.207 - - [01/Nov/2021:10:27:45 +0700] "GET /js/counters/setting.js HTTP/1.0" 200 695 "http://autocad.cic.com.vn/" "Mozilla/5.0 (Linux; Android 7.0;) AppleWebKit/537.36 (KHTML, like Gecko) Mobile Safari/537.36 (compatible; PetalBot;+https://webmaster.petalsearch.com/site/petalbot)"
114.119.138.207 - - [01/Nov/2021:10:27:45 +0700] "GET /js/owlcarousel/setting.js HTTP/1.0" 200 574 "http://autocad.cic.com.vn/" "Mozilla/5.0 (Linux; Android 7.0;) AppleWebKit/537.36 (KHTML, like Gecko) Mobile Safari/537.36 (compatible; PetalBot;+https://webmaster.petalsearch.com/site/petalbot)"
114.119.138.207 - - [01/Nov/2021:10:27:45 +0700] "GET /js/owlcarousel/owl.carousel.js HTTP/1.0" 200 325 "http://autocad.cic.com.vn/" "Mozilla/5.0 (Linux; Android 7.0;) AppleWebKit/537.36 (KHTML, like Gecko) Mobile Safari/537.36 (compatible; PetalBot;+https://webmaster.petalsearch.com/site/petalbot)"
114.119.138.207 - - [01/Nov/2021:10:27:45 +0700] "GET /js/youtube-player/jquery.swfobject.1-1-1.min.js HTTP/1.0" 200 342 "http://autocad.cic.com.vn/" "Mozilla/5.0 (Linux; Android 7.0;) AppleWebKit/537.36 (KHTML, like Gecko) Mobile Safari/537.36 (compatible; PetalBot;+https://webmaster.petalsearch.com/site/petalbot)"
114.119.138.207 - - [01/Nov/2021:10:27:45 +0700] "GET /js/totop/jquery.ui.totop.js HTTP/1.0" 200 322 "http://autocad.cic.com.vn/" "Mozilla/5.0 (Linux; Android 7.0;) AppleWebKit/537.36 (KHTML, like Gecko) Mobile Safari/537.36 (compatible; PetalBot;+https://webmaster.petalsearch.com/site/petalbot)"
114.119.138.207 - - [01/Nov/2021:10:27:45 +0700] "GET /js/youtube-player/youTubeEmbed-jquery.js HTTP/1.0" 200 335 "http://autocad.cic.com.vn/" "Mozilla/5.0 (Linux; Android 7.0;) AppleWebKit/537.36 (KHTML, like Gecko) Mobile Safari/537.36 (compatible; PetalBot;+https://webmaster.petalsearch.com/site/petalbot)"
114.119.138.207 - - [01/Nov/2021:10:27:45 +0700] "GET /js/youtube-player/setting.js HTTP/1.0" 200 488 "http://autocad.cic.com.vn/" "Mozilla/5.0 (Linux; Android 7.0;) AppleWebKit/537.36 (KHTML, like Gecko) Mobile Safari/537.36 (compatible; PetalBot;+https://webmaster.petalsearch.com/site/petalbot)"
114.119.138.207 - - [01/Nov/2021:10:27:45 +0700] "GET /js/totop/setting.js HTTP/1.0" 200 461 "http://autocad.cic.com.vn/" "Mozilla/5.0 (Linux; Android 7.0;) AppleWebKit/537.36 (KHTML, like Gecko) Mobile Safari/537.36 (compatible; PetalBot;+https://webmaster.petalsearch.com/site/petalbot)"
114.119.138.207 - - [01/Nov/2021:10:27:45 +0700] "GET /js/theme-option/colorpicker.js HTTP/1.0" 200 325 "http://autocad.cic.com.vn/" "Mozilla/5.0 (Linux; Android 7.0;) AppleWebKit/537.36 (KHTML, like Gecko) Mobile Safari/537.36 (compatible; PetalBot;+https://webmaster.petalsearch.com/site/petalbot)"
114.119.138.207 - - [01/Nov/2021:10:27:45 +0700] "GET /js/validation.js HTTP/1.0" 200 311 "http://autocad.cic.com.vn/" "Mozilla/5.0 (Linux; Android 7.0;) AppleWebKit/537.36 (KHTML, like Gecko) Mobile Safari/537.36 (compatible; PetalBot;+https://webmaster.petalsearch.com/site/petalbot)"
114.119.138.207 - - [01/Nov/2021:10:27:45 +0700] "GET /js/theme-option/optionspanel.js HTTP/1.0" 200 326 "http://autocad.cic.com.vn/" "Mozilla/5.0 (Linux; Android 7.0;) AppleWebKit/537.36 (KHTML, like Gecko) Mobile Safari/537.36 (compatible; PetalBot;+https://webmaster.petalsearch.com/site/petalbot)"
114.119.138.207 - - [01/Nov/2021:10:27:45 +0700] "GET /js/custom.js HTTP/1.0" 200 632 "http://autocad.cic.com.vn/" "Mozilla/5.0 (Linux; Android 7.0;) AppleWebKit/537.36 (KHTML, like Gecko) Mobile Safari/537.36 (compatible; PetalBot;+https://webmaster.petalsearch.com/site/petalbot)"
114.119.148.1 - - [01/Nov/2021:10:30:40 +0700] "GET / HTTP/1.0" 200 290 "-" "Mozilla/5.0 (compatible;PetalBot;+https://webmaster.petalsearch.com/site/petalbot)"
114.119.148.103 - - [01/Nov/2021:10:37:09 +0700] "GET / HTTP/1.0" 200 290 "-" "Mozilla/5.0 (Linux; Android 7.0;) AppleWebKit/537.36 (KHTML, like Gecko) Mobile Safari/537.36 (compatible; PetalBot;+https://webmaster.petalsearch.com/site/petalbot)"
103.131.71.171 - - [01/Nov/2021:10:56:04 +0700] "GET /robots.txt HTTP/1.0" 404 372 "-" "Mozilla/5.0 (compatible; coccocbot-web/1.0; +http://help.coccoc.com/searchengine)"
141.8.142.83 - - [01/Nov/2021:17:01:13 +0700] "GET /robots.txt HTTP/1.0" 404 372 "-" "Mozilla/5.0 (compatible; YandexBot/3.0; +http://yandex.com/bots)"
87.250.224.137 - - [01/Nov/2021:17:01:17 +0700] "GET / HTTP/1.0" 200 290 "-" "Mozilla/5.0 (compatible; YandexBot/3.0; +http://yandex.com/bots)"
114.119.148.197 - - [01/Nov/2021:18:03:00 +0700] "GET /robots.txt HTTP/1.0" 404 372 "-" "Mozilla/5.0 (compatible;PetalBot;+https://webmaster.petalsearch.com/site/petalbot)"
103.131.71.211 - - [01/Nov/2021:18:03:45 +0700] "GET /robots.txt HTTP/1.0" 404 372 "-" "Mozilla/5.0 (compatible; coccocbot-image/1.0; +http://help.coccoc.com/searchengine)"
114.119.148.108 - - [01/Nov/2021:22:59:35 +0700] "GET /robots.txt HTTP/1.0" 404 372 "-" "Mozilla/5.0 (Linux; Android 7.0;) AppleWebKit/537.36 (KHTML, like Gecko) Mobile Safari/537.36 (compatible; PetalBot;+https://webmaster.petalsearch.com/site/petalbot)"
157.55.39.159 - - [02/Nov/2021:01:12:40 +0700] "GET /robots.txt HTTP/1.0" 404 372 "-" "Mozilla/5.0 (compatible; bingbot/2.0; +http://www.bing.com/bingbot.htm)"
157.55.39.89 - - [02/Nov/2021:01:12:52 +0700] "GET /img/client/logo-NAGECCO.jpg HTTP/1.0" 200 310 "-" "Mozilla/5.0 (compatible; bingbot/2.0; +http://www.bing.com/bingbot.htm)"
114.119.138.207 - - [01/Nov/2021:10:27:43 +0700] "GET / HTTP/1.1" 200 8212 "-" "Mozilla/5.0 (Linux; Android 7.0;) AppleWebKit/537.36 (KHTML, like Gecko) Mobile Safari/537.36 (compatible; PetalBot;+https://webmaster.petalsearch.com/site/petalbot)"
114.119.138.207 - - [01/Nov/2021:10:27:43 +0700] "GET /js/counters/jquery-1.9.1.min.js HTTP/1.1" 200 32836 "http://autocad.cic.com.vn/" "Mozilla/5.0 (Linux; Android 7.0;) AppleWebKit/537.36 (KHTML, like Gecko) Mobile Safari/537.36 (compatible; PetalBot;+https://webmaster.petalsearch.com/site/petalbot)"
114.119.138.207 - - [01/Nov/2021:10:27:43 +0700] "GET /js/counters/jquery.countdown.js HTTP/1.1" 200 2602 "http://autocad.cic.com.vn/" "Mozilla/5.0 (Linux; Android 7.0;) AppleWebKit/537.36 (KHTML, like Gecko) Mobile Safari/537.36 (compatible; PetalBot;+https://webmaster.petalsearch.com/site/petalbot)"
114.119.138.207 - - [01/Nov/2021:10:27:44 +0700] "GET /js/jquery.js HTTP/1.1" 200 33279 "http://autocad.cic.com.vn/" "Mozilla/5.0 (Linux; Android 7.0;) AppleWebKit/537.36 (KHTML, like Gecko) Mobile Safari/537.36 (compatible; PetalBot;+https://webmaster.petalsearch.com/site/petalbot)"
114.119.138.207 - - [01/Nov/2021:10:27:44 +0700] "GET /js/bootstrap.min.js HTTP/1.1" 200 8549 "http://autocad.cic.com.vn/" "Mozilla/5.0 (Linux; Android 7.0;) AppleWebKit/537.36 (KHTML, like Gecko) Mobile Safari/537.36 (compatible; PetalBot;+https://webmaster.petalsearch.com/site/petalbot)"
114.119.138.207 - - [01/Nov/2021:10:27:44 +0700] "GET /js/jquery-easing-1.3.js HTTP/1.1" 200 2003 "http://autocad.cic.com.vn/" "Mozilla/5.0 (Linux; Android 7.0;) AppleWebKit/537.36 (KHTML, like Gecko) Mobile Safari/537.36 (compatible; PetalBot;+https://webmaster.petalsearch.com/site/petalbot)"
114.119.138.207 - - [01/Nov/2021:10:27:44 +0700] "GET /js/flexslider/jquery.flexslider.js HTTP/1.1" 200 8997 "http://autocad.cic.com.vn/" "Mozilla/5.0 (Linux; Android 7.0;) AppleWebKit/537.36 (KHTML, like Gecko) Mobile Safari/537.36 (compatible; PetalBot;+https://webmaster.petalsearch.com/site/petalbot)"
114.119.138.207 - - [01/Nov/2021:10:27:44 +0700] "GET /js/prettyPhoto/jquery.prettyPhoto.js HTTP/1.1" 200 9097 "http://autocad.cic.com.vn/" "Mozilla/5.0 (Linux; Android 7.0;) AppleWebKit/537.36 (KHTML, like Gecko) Mobile Safari/537.36 (compatible; PetalBot;+https://webmaster.petalsearch.com/site/petalbot)"
114.119.138.207 - - [01/Nov/2021:10:27:45 +0700] "GET /js/navigation/jquery.smooth-scroll.js HTTP/1.1" 200 2413 "http://autocad.cic.com.vn/" "Mozilla/5.0 (Linux; Android 7.0;) AppleWebKit/537.36 (KHTML, like Gecko) Mobile Safari/537.36 (compatible; PetalBot;+https://webmaster.petalsearch.com/site/petalbot)"
114.119.138.207 - - [01/Nov/2021:10:27:45 +0700] "GET /js/navigation/waypoints.min.js HTTP/1.1" 200 2629 "http://autocad.cic.com.vn/" "Mozilla/5.0 (Linux; Android 7.0;) AppleWebKit/537.36 (KHTML, like Gecko) Mobile Safari/537.36 (compatible; PetalBot;+https://webmaster.petalsearch.com/site/petalbot)"
114.119.138.207 - - [01/Nov/2021:10:27:45 +0700] "GET /js/navigation/navbar.js HTTP/1.1" 200 1641 "http://autocad.cic.com.vn/" "Mozilla/5.0 (Linux; Android 7.0;) AppleWebKit/537.36 (KHTML, like Gecko) Mobile Safari/537.36 (compatible; PetalBot;+https://webmaster.petalsearch.com/site/petalbot)"
114.119.138.207 - - [01/Nov/2021:10:27:45 +0700] "GET /js/wow/wow.min.js HTTP/1.1" 200 1713 "http://autocad.cic.com.vn/" "Mozilla/5.0 (Linux; Android 7.0;) AppleWebKit/537.36 (KHTML, like Gecko) Mobile Safari/537.36 (compatible; PetalBot;+https://webmaster.petalsearch.com/site/petalbot)"
114.119.138.207 - - [01/Nov/2021:10:27:45 +0700] "GET /js/parallax/jquery.parallax-1.1.3.js HTTP/1.1" 200 829 "http://autocad.cic.com.vn/" "Mozilla/5.0 (Linux; Android 7.0;) AppleWebKit/537.36 (KHTML, like Gecko) Mobile Safari/537.36 (compatible; PetalBot;+https://webmaster.petalsearch.com/site/petalbot)"
114.119.138.207 - - [01/Nov/2021:10:27:45 +0700] "GET /js/counters/stellar.js HTTP/1.1" 200 4817 "http://autocad.cic.com.vn/" "Mozilla/5.0 (Linux; Android 7.0;) AppleWebKit/537.36 (KHTML, like Gecko) Mobile Safari/537.36 (compatible; PetalBot;+https://webmaster.petalsearch.com/site/petalbot)"
114.119.138.207 - - [01/Nov/2021:10:27:45 +0700] "GET /js/counters/jquery.appear.js HTTP/1.1" 200 899 "http://autocad.cic.com.vn/" "Mozilla/5.0 (Linux; Android 7.0;) AppleWebKit/537.36 (KHTML, like Gecko) Mobile Safari/537.36 (compatible; PetalBot;+https://webmaster.petalsearch.com/site/petalbot)"
114.119.138.207 - - [01/Nov/2021:10:27:45 +0700] "GET /js/owlcarousel/owl.carousel.js HTTP/1.1" 200 8765 "http://autocad.cic.com.vn/" "Mozilla/5.0 (Linux; Android 7.0;) AppleWebKit/537.36 (KHTML, like Gecko) Mobile Safari/537.36 (compatible; PetalBot;+https://webmaster.petalsearch.com/site/petalbot)"
114.119.138.207 - - [01/Nov/2021:10:27:45 +0700] "GET /js/totop/jquery.ui.totop.js HTTP/1.1" 200 699 "http://autocad.cic.com.vn/" "Mozilla/5.0 (Linux; Android 7.0;) AppleWebKit/537.36 (KHTML, like Gecko) Mobile Safari/537.36 (compatible; PetalBot;+https://webmaster.petalsearch.com/site/petalbot)"
114.119.138.207 - - [01/Nov/2021:10:27:45 +0700] "GET /js/youtube-player/youTubeEmbed-jquery.js HTTP/1.1" 200 2035 "http://autocad.cic.com.vn/" "Mozilla/5.0 (Linux; Android 7.0;) AppleWebKit/537.36 (KHTML, like Gecko) Mobile Safari/537.36 (compatible; PetalBot;+https://webmaster.petalsearch.com/site/petalbot)"
114.119.138.207 - - [01/Nov/2021:10:27:45 +0700] "GET /js/youtube-player/jquery.swfobject.1-1-1.min.js HTTP/1.1" 200 1351 "http://autocad.cic.com.vn/" "Mozilla/5.0 (Linux; Android 7.0;) AppleWebKit/537.36 (KHTML, like Gecko) Mobile Safari/537.36 (compatible; PetalBot;+https://webmaster.petalsearch.com/site/petalbot)"
114.119.138.207 - - [01/Nov/2021:10:27:45 +0700] "GET /js/validation.js HTTP/1.1" 200 859 "http://autocad.cic.com.vn/" "Mozilla/5.0 (Linux; Android 7.0;) AppleWebKit/537.36 (KHTML, like Gecko) Mobile Safari/537.36 (compatible; PetalBot;+https://webmaster.petalsearch.com/site/petalbot)"
114.119.138.207 - - [01/Nov/2021:10:27:45 +0700] "GET /js/theme-option/optionspanel.js HTTP/1.1" 200 892 "http://autocad.cic.com.vn/" "Mozilla/5.0 (Linux; Android 7.0;) AppleWebKit/537.36 (KHTML, like Gecko) Mobile Safari/537.36 (compatible; PetalBot;+https://webmaster.petalsearch.com/site/petalbot)"
114.119.138.207 - - [01/Nov/2021:10:27:45 +0700] "GET /js/theme-option/colorpicker.js HTTP/1.1" 200 3765 "http://autocad.cic.com.vn/" "Mozilla/5.0 (Linux; Android 7.0;) AppleWebKit/537.36 (KHTML, like Gecko) Mobile Safari/537.36 (compatible; PetalBot;+https://webmaster.petalsearch.com/site/petalbot)"
114.119.148.1 - - [01/Nov/2021:10:30:40 +0700] "GET / HTTP/1.1" 200 8212 "-" "Mozilla/5.0 (compatible;PetalBot;+https://webmaster.petalsearch.com/site/petalbot)"
114.119.148.103 - - [01/Nov/2021:10:37:09 +0700] "GET / HTTP/1.1" 200 8212 "-" "Mozilla/5.0 (Linux; Android 7.0;) AppleWebKit/537.36 (KHTML, like Gecko) Mobile Safari/537.36 (compatible; PetalBot;+https://webmaster.petalsearch.com/site/petalbot)"
87.250.224.137 - - [01/Nov/2021:17:01:17 +0700] "GET / HTTP/1.1" 200 8212 "-" "Mozilla/5.0 (compatible; YandexBot/3.0; +http://yandex.com/bots)"
157.55.39.89 - - [02/Nov/2021:01:12:52 +0700] "GET /img/client/logo-NAGECCO.jpg HTTP/1.1" 200 4228 "-" "Mozilla/5.0 (compatible; bingbot/2.0; +http://www.bing.com/bingbot.htm)"
114.119.159.238 - - [02/Nov/2021:04:52:20 +0700] "GET / HTTP/1.0" 200 290 "-" "Mozilla/5.0 (compatible;PetalBot;+https://webmaster.petalsearch.com/site/petalbot)"
114.119.159.238 - - [02/Nov/2021:04:52:21 +0700] "GET /js/counters/jquery-1.9.1.min.js HTTP/1.0" 200 326 "http://autocad.cic.com.vn/" "Mozilla/5.0 (compatible;PetalBot;+https://webmaster.petalsearch.com/site/petalbot)"
114.119.159.238 - - [02/Nov/2021:04:52:21 +0700] "GET /js/counters/jquery.countdown.js HTTP/1.0" 200 326 "http://autocad.cic.com.vn/" "Mozilla/5.0 (compatible;PetalBot;+https://webmaster.petalsearch.com/site/petalbot)"
114.119.159.238 - - [02/Nov/2021:04:52:22 +0700] "GET /js/jquery.js HTTP/1.0" 200 307 "http://autocad.cic.com.vn/" "Mozilla/5.0 (compatible;PetalBot;+https://webmaster.petalsearch.com/site/petalbot)"
114.119.159.238 - - [02/Nov/2021:04:52:22 +0700] "GET /js/bootstrap.min.js HTTP/1.0" 200 314 "http://autocad.cic.com.vn/" "Mozilla/5.0 (compatible;PetalBot;+https://webmaster.petalsearch.com/site/petalbot)"
114.119.159.238 - - [02/Nov/2021:04:52:22 +0700] "GET /js/flexslider/jquery.flexslider.js HTTP/1.0" 200 329 "http://autocad.cic.com.vn/" "Mozilla/5.0 (compatible;PetalBot;+https://webmaster.petalsearch.com/site/petalbot)"
114.119.159.238 - - [02/Nov/2021:04:52:22 +0700] "GET /js/jquery-easing-1.3.js HTTP/1.0" 200 318 "http://autocad.cic.com.vn/" "Mozilla/5.0 (compatible;PetalBot;+https://webmaster.petalsearch.com/site/petalbot)"
114.119.159.238 - - [02/Nov/2021:04:52:22 +0700] "GET /js/flexslider/setting.js HTTP/1.0" 200 549 "http://autocad.cic.com.vn/" "Mozilla/5.0 (compatible;PetalBot;+https://webmaster.petalsearch.com/site/petalbot)"
114.119.159.238 - - [02/Nov/2021:04:52:22 +0700] "GET /js/prettyPhoto/jquery.prettyPhoto.js HTTP/1.0" 200 331 "http://autocad.cic.com.vn/" "Mozilla/5.0 (compatible;PetalBot;+https://webmaster.petalsearch.com/site/petalbot)"
114.119.159.238 - - [02/Nov/2021:04:52:22 +0700] "GET /js/prettyPhoto/setting.js HTTP/1.0" 200 565 "http://autocad.cic.com.vn/" "Mozilla/5.0 (compatible;PetalBot;+https://webmaster.petalsearch.com/site/petalbot)"
114.119.159.238 - - [02/Nov/2021:04:52:22 +0700] "GET /js/navigation/jquery.smooth-scroll.js HTTP/1.0" 200 332 "http://autocad.cic.com.vn/" "Mozilla/5.0 (compatible;PetalBot;+https://webmaster.petalsearch.com/site/petalbot)"
114.119.159.238 - - [02/Nov/2021:04:52:22 +0700] "GET /js/wow/wow.min.js HTTP/1.0" 200 312 "http://autocad.cic.com.vn/" "Mozilla/5.0 (compatible;PetalBot;+https://webmaster.petalsearch.com/site/petalbot)"
114.119.159.238 - - [02/Nov/2021:04:52:22 +0700] "GET /js/navigation/waypoints.min.js HTTP/1.0" 200 325 "http://autocad.cic.com.vn/" "Mozilla/5.0 (compatible;PetalBot;+https://webmaster.petalsearch.com/site/petalbot)"
114.119.159.238 - - [02/Nov/2021:04:52:22 +0700] "GET /js/navigation/navbar.js HTTP/1.0" 200 318 "http://autocad.cic.com.vn/" "Mozilla/5.0 (compatible;PetalBot;+https://webmaster.petalsearch.com/site/petalbot)"
114.119.159.238 - - [02/Nov/2021:04:52:22 +0700] "GET /js/parallax/jquery.parallax-1.1.3.js HTTP/1.0" 200 331 "http://autocad.cic.com.vn/" "Mozilla/5.0 (compatible;PetalBot;+https://webmaster.petalsearch.com/site/petalbot)"
114.119.159.238 - - [02/Nov/2021:04:52:22 +0700] "GET /js/wow/setting.js HTTP/1.0" 200 376 "http://autocad.cic.com.vn/" "Mozilla/5.0 (compatible;PetalBot;+https://webmaster.petalsearch.com/site/petalbot)"
114.119.159.238 - - [02/Nov/2021:04:52:22 +0700] "GET /js/counters/jquery.appear.js HTTP/1.0" 200 323 "http://autocad.cic.com.vn/" "Mozilla/5.0 (compatible;PetalBot;+https://webmaster.petalsearch.com/site/petalbot)"
114.119.159.238 - - [02/Nov/2021:04:52:22 +0700] "GET /js/counters/stellar.js HTTP/1.0" 200 317 "http://autocad.cic.com.vn/" "Mozilla/5.0 (compatible;PetalBot;+https://webmaster.petalsearch.com/site/petalbot)"
114.119.159.238 - - [02/Nov/2021:04:52:22 +0700] "GET /js/counters/setting.js HTTP/1.0" 200 695 "http://autocad.cic.com.vn/" "Mozilla/5.0 (compatible;PetalBot;+https://webmaster.petalsearch.com/site/petalbot)"
114.119.159.238 - - [02/Nov/2021:04:52:22 +0700] "GET /js/totop/jquery.ui.totop.js HTTP/1.0" 200 322 "http://autocad.cic.com.vn/" "Mozilla/5.0 (compatible;PetalBot;+https://webmaster.petalsearch.com/site/petalbot)"
114.119.159.238 - - [02/Nov/2021:04:52:22 +0700] "GET /js/owlcarousel/setting.js HTTP/1.0" 200 574 "http://autocad.cic.com.vn/" "Mozilla/5.0 (compatible;PetalBot;+https://webmaster.petalsearch.com/site/petalbot)"
114.119.159.238 - - [02/Nov/2021:04:52:22 +0700] "GET /js/owlcarousel/owl.carousel.js HTTP/1.0" 200 325 "http://autocad.cic.com.vn/" "Mozilla/5.0 (compatible;PetalBot;+https://webmaster.petalsearch.com/site/petalbot)"
114.119.159.238 - - [02/Nov/2021:04:52:23 +0700] "GET /js/parallax/setting.js HTTP/1.0" 200 742 "http://autocad.cic.com.vn/" "Mozilla/5.0 (compatible;PetalBot;+https://webmaster.petalsearch.com/site/petalbot)"
114.119.159.238 - - [02/Nov/2021:04:52:23 +0700] "GET /js/youtube-player/youTubeEmbed-jquery.js HTTP/1.0" 200 335 "http://autocad.cic.com.vn/" "Mozilla/5.0 (compatible;PetalBot;+https://webmaster.petalsearch.com/site/petalbot)"
114.119.159.238 - - [02/Nov/2021:04:52:23 +0700] "GET /js/youtube-player/setting.js HTTP/1.0" 200 488 "http://autocad.cic.com.vn/" "Mozilla/5.0 (compatible;PetalBot;+https://webmaster.petalsearch.com/site/petalbot)"
114.119.159.238 - - [02/Nov/2021:04:52:23 +0700] "GET /js/youtube-player/jquery.swfobject.1-1-1.min.js HTTP/1.0" 200 342 "http://autocad.cic.com.vn/" "Mozilla/5.0 (compatible;PetalBot;+https://webmaster.petalsearch.com/site/petalbot)"
114.119.159.238 - - [02/Nov/2021:04:52:23 +0700] "GET /js/validation.js HTTP/1.0" 200 311 "http://autocad.cic.com.vn/" "Mozilla/5.0 (compatible;PetalBot;+https://webmaster.petalsearch.com/site/petalbot)"
114.119.159.238 - - [02/Nov/2021:04:52:23 +0700] "GET /js/totop/setting.js HTTP/1.0" 200 461 "http://autocad.cic.com.vn/" "Mozilla/5.0 (compatible;PetalBot;+https://webmaster.petalsearch.com/site/petalbot)"
114.119.159.238 - - [02/Nov/2021:04:52:23 +0700] "GET /js/custom.js HTTP/1.0" 200 632 "http://autocad.cic.com.vn/" "Mozilla/5.0 (compatible;PetalBot;+https://webmaster.petalsearch.com/site/petalbot)"
114.119.159.238 - - [02/Nov/2021:04:52:23 +0700] "GET /js/theme-option/colorpicker.js HTTP/1.0" 200 325 "http://autocad.cic.com.vn/" "Mozilla/5.0 (compatible;PetalBot;+https://webmaster.petalsearch.com/site/petalbot)"
114.119.159.238 - - [02/Nov/2021:04:52:23 +0700] "GET /js/theme-option/optionspanel.js HTTP/1.0" 200 326 "http://autocad.cic.com.vn/" "Mozilla/5.0 (compatible;PetalBot;+https://webmaster.petalsearch.com/site/petalbot)"
103.131.71.103 - - [02/Nov/2021:06:39:10 +0700] "GET /robots.txt HTTP/1.0" 404 372 "-" "Mozilla/5.0 (compatible; coccocbot-web/1.0; +http://help.coccoc.com/searchengine)"
114.119.148.105 - - [02/Nov/2021:09:18:38 +0700] "GET /robots.txt HTTP/1.0" 404 372 "-" "Mozilla/5.0 (compatible;PetalBot;+https://webmaster.petalsearch.com/site/petalbot)"
103.131.71.213 - - [02/Nov/2021:19:49:34 +0700] "GET /robots.txt HTTP/1.0" 404 372 "-" "Mozilla/5.0 (compatible; coccocbot-image/1.0; +http://help.coccoc.com/searchengine)"
20.151.203.18 - - [02/Nov/2021:21:25:56 +0700] "GET /yooowhatsapp HTTP/1.0" 404 374 "-" "Mozlila/5.0 (Linux; Android 7.0; SM-G892A Bulid/NRD90M; wv) AppleWebKit/537.36 (KHTML, like Gecko) Version/4.0 Chrome/60.0.3112.107 Moblie Safari/537.36"
20.151.203.18 - - [02/Nov/2021:21:25:57 +0700] "POST / HTTP/1.0" 200 8494 "-" "Mozlila/5.0 (Linux; Android 7.0; SM-G892A Bulid/NRD90M; wv) AppleWebKit/537.36 (KHTML, like Gecko) Version/4.0 Chrome/60.0.3112.107 Moblie Safari/537.36"
20.151.203.18 - - [02/Nov/2021:21:25:58 +0700] "GET /_profiler/phpinfo HTTP/1.0" 404 379 "-" "Mozlila/5.0 (Linux; Android 7.0; SM-G892A Bulid/NRD90M; wv) AppleWebKit/537.36 (KHTML, like Gecko) Version/4.0 Chrome/60.0.3112.107 Moblie Safari/537.36"
20.151.203.18 - - [02/Nov/2021:21:25:58 +0700] "GET /phpinfo.php HTTP/1.0" 404 337 "-" "Mozlila/5.0 (Linux; Android 7.0; SM-G892A Bulid/NRD90M; wv) AppleWebKit/537.36 (KHTML, like Gecko) Version/4.0 Chrome/60.0.3112.107 Moblie Safari/537.36"
20.151.203.18 - - [02/Nov/2021:21:25:59 +0700] "GET /phpinfo HTTP/1.0" 404 369 "-" "Mozlila/5.0 (Linux; Android 7.0; SM-G892A Bulid/NRD90M; wv) AppleWebKit/537.36 (KHTML, like Gecko) Version/4.0 Chrome/60.0.3112.107 Moblie Safari/537.36"
20.151.203.18 - - [02/Nov/2021:21:25:59 +0700] "GET /aws.yml HTTP/1.0" 404 369 "-" "Mozlila/5.0 (Linux; Android 7.0; SM-G892A Bulid/NRD90M; wv) AppleWebKit/537.36 (KHTML, like Gecko) Version/4.0 Chrome/60.0.3112.107 Moblie Safari/537.36"
20.151.203.18 - - [02/Nov/2021:21:26:00 +0700] "GET /info.php HTTP/1.0" 404 337 "-" "Mozlila/5.0 (Linux; Android 7.0; SM-G892A Bulid/NRD90M; wv) AppleWebKit/537.36 (KHTML, like Gecko) Version/4.0 Chrome/60.0.3112.107 Moblie Safari/537.36"
20.151.203.18 - - [02/Nov/2021:21:26:01 +0700] "GET / HTTP/1.0" 200 290 "-" "Mozlila/5.0 (Linux; Android 7.0; SM-G892A Bulid/NRD90M; wv) AppleWebKit/537.36 (KHTML, like Gecko) Version/4.0 Chrome/60.0.3112.107 Moblie Safari/537.36"
20.151.203.18 - - [02/Nov/2021:21:26:02 +0700] "GET /config/aws.yml HTTP/1.0" 404 376 "-" "Mozlila/5.0 (Linux; Android 7.0; SM-G892A Bulid/NRD90M; wv) AppleWebKit/537.36 (KHTML, like Gecko) Version/4.0 Chrome/60.0.3112.107 Moblie Safari/537.36"
20.151.203.18 - - [02/Nov/2021:21:26:02 +0700] "GET /config.js HTTP/1.0" 404 371 "-" "Mozlila/5.0 (Linux; Android 7.0; SM-G892A Bulid/NRD90M; wv) AppleWebKit/537.36 (KHTML, like Gecko) Version/4.0 Chrome/60.0.3112.107 Moblie Safari/537.36"
20.151.203.18 - - [02/Nov/2021:21:26:03 +0700] "GET /config.json HTTP/1.0" 404 373 "-" "Mozlila/5.0 (Linux; Android 7.0; SM-G892A Bulid/NRD90M; wv) AppleWebKit/537.36 (KHTML, like Gecko) Version/4.0 Chrome/60.0.3112.107 Moblie Safari/537.36"
20.151.203.18 - - [02/Nov/2021:21:26:03 +0700] "GET /config/config.json HTTP/1.0" 404 380 "-" "Mozlila/5.0 (Linux; Android 7.0; SM-G892A Bulid/NRD90M; wv) AppleWebKit/537.36 (KHTML, like Gecko) Version/4.0 Chrome/60.0.3112.107 Moblie Safari/537.36"
20.151.203.18 - - [02/Nov/2021:21:26:04 +0700] "GET /?pp=env HTTP/1.0" 200 290 "-" "Mozlila/5.0 (Linux; Android 7.0; SM-G892A Bulid/NRD90M; wv) AppleWebKit/537.36 (KHTML, like Gecko) Version/4.0 Chrome/60.0.3112.107 Moblie Safari/537.36"
20.151.203.18 - - [02/Nov/2021:21:26:04 +0700] "GET /helpers/utility.js HTTP/1.0" 404 380 "-" "Mozlila/5.0 (Linux; Android 7.0; SM-G892A Bulid/NRD90M; wv) AppleWebKit/537.36 (KHTML, like Gecko) Version/4.0 Chrome/60.0.3112.107 Moblie Safari/537.36"
20.151.203.18 - - [02/Nov/2021:21:26:04 +0700] "GET /dev/helpers/utility.js HTTP/1.0" 404 384 "-" "Mozlila/5.0 (Linux; Android 7.0; SM-G892A Bulid/NRD90M; wv) AppleWebKit/537.36 (KHTML, like Gecko) Version/4.0 Chrome/60.0.3112.107 Moblie Safari/537.36"
20.151.203.18 - - [02/Nov/2021:21:26:05 +0700] "GET /test/helpers/utility.js HTTP/1.0" 404 385 "-" "Mozlila/5.0 (Linux; Android 7.0; SM-G892A Bulid/NRD90M; wv) AppleWebKit/537.36 (KHTML, like Gecko) Version/4.0 Chrome/60.0.3112.107 Moblie Safari/537.36"
20.151.203.18 - - [02/Nov/2021:21:26:05 +0700] "GET /bountysports/helpers/utility.js HTTP/1.0" 404 393 "-" "Mozlila/5.0 (Linux; Android 7.0; SM-G892A Bulid/NRD90M; wv) AppleWebKit/537.36 (KHTML, like Gecko) Version/4.0 Chrome/60.0.3112.107 Moblie Safari/537.36"
114.119.159.238 - - [02/Nov/2021:04:52:20 +0700] "GET / HTTP/1.1" 200 8212 "-" "Mozilla/5.0 (compatible;PetalBot;+https://webmaster.petalsearch.com/site/petalbot)"
114.119.159.238 - - [02/Nov/2021:04:52:21 +0700] "GET /js/counters/jquery-1.9.1.min.js HTTP/1.1" 200 32836 "http://autocad.cic.com.vn/" "Mozilla/5.0 (compatible;PetalBot;+https://webmaster.petalsearch.com/site/petalbot)"
114.119.159.238 - - [02/Nov/2021:04:52:21 +0700] "GET /js/counters/jquery.countdown.js HTTP/1.1" 200 2602 "http://autocad.cic.com.vn/" "Mozilla/5.0 (compatible;PetalBot;+https://webmaster.petalsearch.com/site/petalbot)"
114.119.159.238 - - [02/Nov/2021:04:52:22 +0700] "GET /js/bootstrap.min.js HTTP/1.1" 200 8549 "http://autocad.cic.com.vn/" "Mozilla/5.0 (compatible;PetalBot;+https://webmaster.petalsearch.com/site/petalbot)"
114.119.159.238 - - [02/Nov/2021:04:52:22 +0700] "GET /js/jquery.js HTTP/1.1" 200 33279 "http://autocad.cic.com.vn/" "Mozilla/5.0 (compatible;PetalBot;+https://webmaster.petalsearch.com/site/petalbot)"
114.119.159.238 - - [02/Nov/2021:04:52:22 +0700] "GET /js/jquery-easing-1.3.js HTTP/1.1" 200 2003 "http://autocad.cic.com.vn/" "Mozilla/5.0 (compatible;PetalBot;+https://webmaster.petalsearch.com/site/petalbot)"
114.119.159.238 - - [02/Nov/2021:04:52:22 +0700] "GET /js/flexslider/jquery.flexslider.js HTTP/1.1" 200 8997 "http://autocad.cic.com.vn/" "Mozilla/5.0 (compatible;PetalBot;+https://webmaster.petalsearch.com/site/petalbot)"
114.119.159.238 - - [02/Nov/2021:04:52:22 +0700] "GET /js/prettyPhoto/jquery.prettyPhoto.js HTTP/1.1" 200 9097 "http://autocad.cic.com.vn/" "Mozilla/5.0 (compatible;PetalBot;+https://webmaster.petalsearch.com/site/petalbot)"
114.119.159.238 - - [02/Nov/2021:04:52:22 +0700] "GET /js/navigation/jquery.smooth-scroll.js HTTP/1.1" 200 2413 "http://autocad.cic.com.vn/" "Mozilla/5.0 (compatible;PetalBot;+https://webmaster.petalsearch.com/site/petalbot)"
114.119.159.238 - - [02/Nov/2021:04:52:22 +0700] "GET /js/wow/wow.min.js HTTP/1.1" 200 1713 "http://autocad.cic.com.vn/" "Mozilla/5.0 (compatible;PetalBot;+https://webmaster.petalsearch.com/site/petalbot)"
114.119.159.238 - - [02/Nov/2021:04:52:22 +0700] "GET /js/navigation/waypoints.min.js HTTP/1.1" 200 2629 "http://autocad.cic.com.vn/" "Mozilla/5.0 (compatible;PetalBot;+https://webmaster.petalsearch.com/site/petalbot)"
114.119.159.238 - - [02/Nov/2021:04:52:22 +0700] "GET /js/navigation/navbar.js HTTP/1.1" 200 1641 "http://autocad.cic.com.vn/" "Mozilla/5.0 (compatible;PetalBot;+https://webmaster.petalsearch.com/site/petalbot)"
114.119.159.238 - - [02/Nov/2021:04:52:22 +0700] "GET /js/parallax/jquery.parallax-1.1.3.js HTTP/1.1" 200 829 "http://autocad.cic.com.vn/" "Mozilla/5.0 (compatible;PetalBot;+https://webmaster.petalsearch.com/site/petalbot)"
114.119.159.238 - - [02/Nov/2021:04:52:22 +0700] "GET /js/counters/jquery.appear.js HTTP/1.1" 200 899 "http://autocad.cic.com.vn/" "Mozilla/5.0 (compatible;PetalBot;+https://webmaster.petalsearch.com/site/petalbot)"
114.119.159.238 - - [02/Nov/2021:04:52:22 +0700] "GET /js/counters/stellar.js HTTP/1.1" 200 4817 "http://autocad.cic.com.vn/" "Mozilla/5.0 (compatible;PetalBot;+https://webmaster.petalsearch.com/site/petalbot)"
114.119.159.238 - - [02/Nov/2021:04:52:22 +0700] "GET /js/totop/jquery.ui.totop.js HTTP/1.1" 200 699 "http://autocad.cic.com.vn/" "Mozilla/5.0 (compatible;PetalBot;+https://webmaster.petalsearch.com/site/petalbot)"
114.119.159.238 - - [02/Nov/2021:04:52:22 +0700] "GET /js/owlcarousel/owl.carousel.js HTTP/1.1" 200 8765 "http://autocad.cic.com.vn/" "Mozilla/5.0 (compatible;PetalBot;+https://webmaster.petalsearch.com/site/petalbot)"
114.119.159.238 - - [02/Nov/2021:04:52:23 +0700] "GET /js/youtube-player/youTubeEmbed-jquery.js HTTP/1.1" 200 2035 "http://autocad.cic.com.vn/" "Mozilla/5.0 (compatible;PetalBot;+https://webmaster.petalsearch.com/site/petalbot)"
114.119.159.238 - - [02/Nov/2021:04:52:23 +0700] "GET /js/youtube-player/jquery.swfobject.1-1-1.min.js HTTP/1.1" 200 1351 "http://autocad.cic.com.vn/" "Mozilla/5.0 (compatible;PetalBot;+https://webmaster.petalsearch.com/site/petalbot)"
114.119.159.238 - - [02/Nov/2021:04:52:23 +0700] "GET /js/validation.js HTTP/1.1" 200 859 "http://autocad.cic.com.vn/" "Mozilla/5.0 (compatible;PetalBot;+https://webmaster.petalsearch.com/site/petalbot)"
114.119.159.238 - - [02/Nov/2021:04:52:23 +0700] "GET /js/theme-option/optionspanel.js HTTP/1.1" 200 892 "http://autocad.cic.com.vn/" "Mozilla/5.0 (compatible;PetalBot;+https://webmaster.petalsearch.com/site/petalbot)"
114.119.159.238 - - [02/Nov/2021:04:52:23 +0700] "GET /js/theme-option/colorpicker.js HTTP/1.1" 200 3765 "http://autocad.cic.com.vn/" "Mozilla/5.0 (compatible;PetalBot;+https://webmaster.petalsearch.com/site/petalbot)"
20.151.203.18 - - [02/Nov/2021:21:25:57 +0700] "GET /.env HTTP/1.1" 403 548 "-" "Mozlila/5.0 (Linux; Android 7.0; SM-G892A Bulid/NRD90M; wv) AppleWebKit/537.36 (KHTML, like Gecko) Version/4.0 Chrome/60.0.3112.107 Moblie Safari/537.36"
20.151.203.18 - - [02/Nov/2021:21:26:00 +0700] "GET /.env.bak HTTP/1.1" 403 548 "-" "Mozlila/5.0 (Linux; Android 7.0; SM-G892A Bulid/NRD90M; wv) AppleWebKit/537.36 (KHTML, like Gecko) Version/4.0 Chrome/60.0.3112.107 Moblie Safari/537.36"
20.151.203.18 - - [02/Nov/2021:21:26:01 +0700] "GET /.aws/credentials HTTP/1.1" 403 548 "-" "Mozlila/5.0 (Linux; Android 7.0; SM-G892A Bulid/NRD90M; wv) AppleWebKit/537.36 (KHTML, like Gecko) Version/4.0 Chrome/60.0.3112.107 Moblie Safari/537.36"
20.151.203.18 - - [02/Nov/2021:21:26:01 +0700] "GET / HTTP/1.1" 200 8212 "-" "Mozlila/5.0 (Linux; Android 7.0; SM-G892A Bulid/NRD90M; wv) AppleWebKit/537.36 (KHTML, like Gecko) Version/4.0 Chrome/60.0.3112.107 Moblie Safari/537.36"
20.151.203.18 - - [02/Nov/2021:21:26:04 +0700] "GET /?pp=env HTTP/1.1" 200 8212 "-" "Mozlila/5.0 (Linux; Android 7.0; SM-G892A Bulid/NRD90M; wv) AppleWebKit/537.36 (KHTML, like Gecko) Version/4.0 Chrome/60.0.3112.107 Moblie Safari/537.36"
104.223.116.105 - - [03/Nov/2021:07:38:55 +0700] "GET / HTTP/1.0" 200 290 "-" "Mozilla/5.0 (Windows NT 10.0; Win64; x64) AppleWebKit/537.36 (KHTML, like Gecko) Chrome/80.0.3987.149 Safari/537.36"
114.119.159.134 - - [03/Nov/2021:07:45:56 +0700] "GET /robots.txt HTTP/1.0" 404 372 "-" "Mozilla/5.0 (Linux; Android 7.0;) AppleWebKit/537.36 (KHTML, like Gecko) Mobile Safari/537.36 (compatible; PetalBot;+https://webmaster.petalsearch.com/site/petalbot)"
103.131.71.185 - - [03/Nov/2021:11:43:02 +0700] "GET /robots.txt HTTP/1.0" 404 372 "-" "Mozilla/5.0 (compatible; coccocbot-web/1.0; +http://help.coccoc.com/searchengine)"
40.77.167.55 - - [03/Nov/2021:14:09:56 +0700] "GET /img/Cad/smartdimensi.gif HTTP/1.0" 200 306 "-" "Mozilla/5.0 (compatible; bingbot/2.0; +http://www.bing.com/bingbot.htm)"
103.131.71.147 - - [04/Nov/2021:02:08:27 +0700] "GET /robots.txt HTTP/1.0" 404 372 "-" "Mozilla/5.0 (compatible; coccocbot-web/1.0; +http://help.coccoc.com/searchengine)"
104.223.116.105 - - [03/Nov/2021:07:38:55 +0700] "GET / HTTP/1.1" 200 8212 "-" "Mozilla/5.0 (Windows NT 10.0; Win64; x64) AppleWebKit/537.36 (KHTML, like Gecko) Chrome/80.0.3987.149 Safari/537.36"
40.77.167.55 - - [03/Nov/2021:14:09:57 +0700] "GET /img/Cad/smartdimensi.gif HTTP/1.1" 200 366754 "-" "Mozilla/5.0 (compatible; bingbot/2.0; +http://www.bing.com/bingbot.htm)"
