82.163.176.13 - - [20/Mar/2022:23:46:04 +0700] "GET /wikindex.php HTTP/1.0" 404 273 "-" "Mozilla/5.0 (iPhone; CPU iPhone OS 14_3 like Mac OS X) AppleWebKit/605.1.15 (KHTML, like Gecko) Version/14.0.2 Mobile/15E148 Safari/604.1"
82.163.176.13 - - [20/Mar/2022:23:46:04 +0700] "GET /1index.php HTTP/1.0" 404 273 "-" "Mozilla/5.0 (iPhone; CPU iPhone OS 13_7 like Mac OS X) AppleWebKit/605.1.15 (KHTML, like Gecko) Version/13.1.2 Mobile/15E148 Safari/604.1"
157.90.177.226 - - [21/Mar/2022:08:59:52 +0700] "GET /robots.txt HTTP/1.0" 404 372 "-" "Mozilla/5.0 (compatible; BLEXBot/1.0; +http://webmeup-crawler.com/)"
103.131.71.92 - - [21/Mar/2022:09:28:46 +0700] "GET /robots.txt HTTP/1.0" 404 372 "-" "Mozilla/5.0 (compatible; coccocbot-web/1.0; +http://help.coccoc.com/searchengine)"
103.131.71.68 - - [21/Mar/2022:09:29:04 +0700] "GET / HTTP/1.0" 200 290 "-" "Mozilla/5.0 (compatible; coccocbot-web/1.0; +http://help.coccoc.com/searchengine)"
20.191.45.212 - - [21/Mar/2022:09:32:55 +0700] "GET / HTTP/1.0" 200 290 "http://escon.cic.com.vn/" "Mozilla/5.0 (compatible; DuckDuckGo-Favicons-Bot/1.0; +http://duckduckgo.com)"
20.191.45.212 - - [21/Mar/2022:09:32:55 +0700] "GET /images/icons/faviconcic.ico HTTP/1.0" 200 324 "http://escon.cic.com.vn/images/icons/faviconcic.ico" "Mozilla/5.0 (compatible; DuckDuckGo-Favicons-Bot/1.0; +http://duckduckgo.com)"
103.131.71.204 - - [21/Mar/2022:17:05:45 +0700] "GET /robots.txt HTTP/1.0" 404 372 "-" "Mozilla/5.0 (compatible; coccocbot-image/1.0; +http://help.coccoc.com/searchengine)"
157.90.177.226 - - [21/Mar/2022:18:11:51 +0700] "GET /robots.txt HTTP/1.0" 404 372 "-" "Mozilla/5.0 (compatible; BLEXBot/1.0; +http://webmeup-crawler.com/)"
103.131.71.165 - - [21/Mar/2022:22:40:10 +0700] "GET /robots.txt HTTP/1.0" 404 372 "-" "Mozilla/5.0 (compatible; coccocbot-web/1.0; +http://help.coccoc.com/searchengine)"
103.131.71.185 - - [21/Mar/2022:22:40:23 +0700] "GET / HTTP/1.0" 200 290 "-" "Mozilla/5.0 (compatible; coccocbot-web/1.0; +http://help.coccoc.com/searchengine)"
103.131.71.201 - - [22/Mar/2022:02:22:20 +0700] "GET /robots.txt HTTP/1.0" 404 372 "-" "Mozilla/5.0 (compatible; coccocbot-image/1.0; +http://help.coccoc.com/searchengine)"
157.90.177.226 - - [22/Mar/2022:02:27:34 +0700] "GET /robots.txt HTTP/1.0" 404 372 "-" "Mozilla/5.0 (compatible; BLEXBot/1.0; +http://webmeup-crawler.com/)"
103.131.71.68 - - [21/Mar/2022:09:29:04 +0700] "GET / HTTP/1.1" 304 0 "-" "Mozilla/5.0 (compatible; coccocbot-web/1.0; +http://help.coccoc.com/searchengine)"
20.191.45.212 - - [21/Mar/2022:09:32:55 +0700] "GET / HTTP/1.1" 200 13245 "http://escon.cic.com.vn/" "Mozilla/5.0 (compatible; DuckDuckGo-Favicons-Bot/1.0; +http://duckduckgo.com)"
20.191.45.212 - - [21/Mar/2022:09:32:55 +0700] "GET /images/icons/faviconcic.ico HTTP/1.1" 200 1150 "http://escon.cic.com.vn/images/icons/faviconcic.ico" "Mozilla/5.0 (compatible; DuckDuckGo-Favicons-Bot/1.0; +http://duckduckgo.com)"
103.131.71.185 - - [21/Mar/2022:22:40:23 +0700] "GET / HTTP/1.1" 304 0 "-" "Mozilla/5.0 (compatible; coccocbot-web/1.0; +http://help.coccoc.com/searchengine)"
103.131.71.153 - - [22/Mar/2022:08:55:06 +0700] "GET /robots.txt HTTP/1.0" 404 372 "-" "Mozilla/5.0 (compatible; coccocbot-web/1.0; +http://help.coccoc.com/searchengine)"
103.131.71.99 - - [22/Mar/2022:08:55:16 +0700] "GET / HTTP/1.0" 200 290 "-" "Mozilla/5.0 (compatible; coccocbot-web/1.0; +http://help.coccoc.com/searchengine)"
157.90.177.226 - - [22/Mar/2022:10:37:48 +0700] "GET /robots.txt HTTP/1.0" 404 372 "-" "Mozilla/5.0 (compatible; BLEXBot/1.0; +http://webmeup-crawler.com/)"
103.131.71.36 - - [22/Mar/2022:13:08:16 +0700] "GET /robots.txt HTTP/1.0" 404 372 "-" "Mozilla/5.0 (compatible; coccocbot-image/1.0; +http://help.coccoc.com/searchengine)"
103.131.71.21 - - [22/Mar/2022:13:08:26 +0700] "GET /images/team5.png HTTP/1.0" 200 298 "-" "Mozilla/5.0 (compatible; coccocbot-image/1.0; +http://help.coccoc.com/searchengine)"
157.90.177.226 - - [22/Mar/2022:18:04:54 +0700] "GET /robots.txt HTTP/1.0" 404 372 "-" "Mozilla/5.0 (compatible; BLEXBot/1.0; +http://webmeup-crawler.com/)"
20.70.40.17 - - [22/Mar/2022:21:57:24 +0700] "GET /installer.php HTTP/1.0" 404 337 "-" "Mozilla/5.0 (X11; Linux i686; rv:79.0) Gecko/20100101 Firefox/79.0"
51.222.253.2 - - [22/Mar/2022:22:07:48 +0700] "GET /robots.txt HTTP/1.0" 404 372 "-" "Mozilla/5.0 (compatible; AhrefsBot/7.0; +http://ahrefs.com/robot/)"
157.90.177.226 - - [23/Mar/2022:01:07:12 +0700] "GET /robots.txt HTTP/1.0" 404 372 "-" "Mozilla/5.0 (compatible; BLEXBot/1.0; +http://webmeup-crawler.com/)"
103.131.71.99 - - [22/Mar/2022:08:55:16 +0700] "GET / HTTP/1.1" 304 0 "-" "Mozilla/5.0 (compatible; coccocbot-web/1.0; +http://help.coccoc.com/searchengine)"
103.131.71.21 - - [22/Mar/2022:13:08:26 +0700] "GET /images/team5.png HTTP/1.1" 200 28968 "-" "Mozilla/5.0 (compatible; coccocbot-image/1.0; +http://help.coccoc.com/searchengine)"
157.90.177.226 - - [23/Mar/2022:08:05:43 +0700] "GET /robots.txt HTTP/1.0" 404 372 "-" "Mozilla/5.0 (compatible; BLEXBot/1.0; +http://webmeup-crawler.com/)"
157.90.177.226 - - [23/Mar/2022:15:19:31 +0700] "GET /robots.txt HTTP/1.0" 404 372 "-" "Mozilla/5.0 (compatible; BLEXBot/1.0; +http://webmeup-crawler.com/)"
103.131.71.18 - - [24/Mar/2022:11:06:03 +0700] "GET /robots.txt HTTP/1.0" 404 372 "-" "Mozilla/5.0 (compatible; coccocbot-image/1.0; +http://help.coccoc.com/searchengine)"
103.131.71.22 - - [24/Mar/2022:11:06:13 +0700] "GET /images/icons/logo_escon_100.png HTTP/1.0" 200 313 "-" "Mozilla/5.0 (compatible; coccocbot-image/1.0; +http://help.coccoc.com/searchengine)"
103.131.71.191 - - [25/Mar/2022:00:40:47 +0700] "GET /robots.txt HTTP/1.0" 404 372 "-" "Mozilla/5.0 (compatible; coccocbot-web/1.0; +http://help.coccoc.com/searchengine)"
103.131.71.226 - - [25/Mar/2022:00:40:58 +0700] "GET / HTTP/1.0" 200 290 "-" "Mozilla/5.0 (compatible; coccocbot-web/1.0; +http://help.coccoc.com/searchengine)"
54.36.148.161 - - [25/Mar/2022:03:45:07 +0700] "GET /robots.txt HTTP/1.0" 404 372 "-" "Mozilla/5.0 (compatible; AhrefsBot/7.0; +http://ahrefs.com/robot/)"
103.131.71.22 - - [24/Mar/2022:11:06:13 +0700] "GET /images/icons/logo_escon_100.png HTTP/1.1" 200 3538 "-" "Mozilla/5.0 (compatible; coccocbot-image/1.0; +http://help.coccoc.com/searchengine)"
103.131.71.226 - - [25/Mar/2022:00:40:58 +0700] "GET / HTTP/1.1" 304 0 "-" "Mozilla/5.0 (compatible; coccocbot-web/1.0; +http://help.coccoc.com/searchengine)"
103.131.71.46 - - [25/Mar/2022:23:13:23 +0700] "GET /robots.txt HTTP/1.0" 404 372 "-" "Mozilla/5.0 (compatible; coccocbot-image/1.0; +http://help.coccoc.com/searchengine)"
103.131.71.38 - - [25/Mar/2022:23:13:33 +0700] "GET /images/screenshot1.png HTTP/1.0" 200 304 "-" "Mozilla/5.0 (compatible; coccocbot-image/1.0; +http://help.coccoc.com/searchengine)"
51.222.253.4 - - [26/Mar/2022:00:54:44 +0700] "GET /robots.txt HTTP/1.0" 404 372 "-" "Mozilla/5.0 (compatible; AhrefsBot/7.0; +http://ahrefs.com/robot/)"
103.131.71.92 - - [26/Mar/2022:01:01:33 +0700] "GET /robots.txt HTTP/1.0" 404 372 "-" "Mozilla/5.0 (compatible; coccocbot-web/1.0; +http://help.coccoc.com/searchengine)"
103.131.71.130 - - [26/Mar/2022:01:02:32 +0700] "GET / HTTP/1.0" 200 290 "-" "Mozilla/5.0 (compatible; coccocbot-web/1.0; +http://help.coccoc.com/searchengine)"
103.131.71.38 - - [25/Mar/2022:23:13:35 +0700] "GET /images/screenshot1.png HTTP/1.1" 200 145435 "-" "Mozilla/5.0 (compatible; coccocbot-image/1.0; +http://help.coccoc.com/searchengine)"
103.131.71.130 - - [26/Mar/2022:01:02:32 +0700] "GET / HTTP/1.1" 304 0 "-" "Mozilla/5.0 (compatible; coccocbot-web/1.0; +http://help.coccoc.com/searchengine)"
103.131.71.53 - - [26/Mar/2022:13:12:07 +0700] "GET /robots.txt HTTP/1.0" 404 372 "-" "Mozilla/5.0 (compatible; coccocbot-image/1.0; +http://help.coccoc.com/searchengine)"
103.131.71.28 - - [26/Mar/2022:20:53:24 +0700] "GET /robots.txt HTTP/1.0" 404 372 "-" "Mozilla/5.0 (compatible; coccocbot-image/1.0; +http://help.coccoc.com/searchengine)"
103.131.71.46 - - [27/Mar/2022:09:43:25 +0700] "GET /robots.txt HTTP/1.0" 404 372 "-" "Mozilla/5.0 (compatible; coccocbot-image/1.0; +http://help.coccoc.com/searchengine)"
103.131.71.88 - - [27/Mar/2022:10:12:27 +0700] "GET /robots.txt HTTP/1.0" 404 372 "-" "Mozilla/5.0 (compatible; coccocbot-web/1.0; +http://help.coccoc.com/searchengine)"
103.131.71.183 - - [27/Mar/2022:10:12:37 +0700] "GET / HTTP/1.0" 200 290 "-" "Mozilla/5.0 (compatible; coccocbot-web/1.0; +http://help.coccoc.com/searchengine)"
13.88.5.43 - - [27/Mar/2022:15:50:59 +0700] "GET / HTTP/1.0" 200 290 "-" "python-requests/2.27.1"
103.131.71.183 - - [27/Mar/2022:10:12:37 +0700] "GET / HTTP/1.1" 304 0 "-" "Mozilla/5.0 (compatible; coccocbot-web/1.0; +http://help.coccoc.com/searchengine)"
13.88.5.43 - - [27/Mar/2022:15:50:59 +0700] "GET / HTTP/1.1" 200 13245 "-" "python-requests/2.27.1"
20.70.185.204 - - [28/Mar/2022:06:19:59 +0700] "GET / HTTP/1.0" 200 290 "-" "Mozilla/5.0 (Windows NT 10.0; Win64; x64) AppleWebKit/537.36 (KHTML, like Gecko) Chrome/89.0.4389.114 Safari/537.36"
20.70.185.204 - - [28/Mar/2022:06:20:00 +0700] "GET / HTTP/1.0" 200 290 "-" "Mozilla/5.0 (Windows NT 10.0; Win64; x64) AppleWebKit/537.36 (KHTML, like Gecko) Chrome/89.0.4389.114 Safari/537.36"
20.70.185.204 - - [28/Mar/2022:06:20:01 +0700] "GET /wp-includes/wlwmanifest.xml HTTP/1.0" 404 389 "-" "Mozilla/5.0 (Windows NT 10.0; Win64; x64) AppleWebKit/537.36 (KHTML, like Gecko) Chrome/89.0.4389.114 Safari/537.36"
20.70.185.204 - - [28/Mar/2022:06:20:02 +0700] "GET / HTTP/1.0" 200 290 "-" "Mozilla/5.0 (Windows NT 10.0; Win64; x64) AppleWebKit/537.36 (KHTML, like Gecko) Chrome/89.0.4389.114 Safari/537.36"
20.70.185.204 - - [28/Mar/2022:06:20:03 +0700] "GET /blog/wp-includes/wlwmanifest.xml HTTP/1.0" 404 394 "-" "Mozilla/5.0 (Windows NT 10.0; Win64; x64) AppleWebKit/537.36 (KHTML, like Gecko) Chrome/89.0.4389.114 Safari/537.36"
20.70.185.204 - - [28/Mar/2022:06:20:03 +0700] "GET /web/wp-includes/wlwmanifest.xml HTTP/1.0" 404 393 "-" "Mozilla/5.0 (Windows NT 10.0; Win64; x64) AppleWebKit/537.36 (KHTML, like Gecko) Chrome/89.0.4389.114 Safari/537.36"
20.70.185.204 - - [28/Mar/2022:06:20:04 +0700] "GET /wordpress/wp-includes/wlwmanifest.xml HTTP/1.0" 404 399 "-" "Mozilla/5.0 (Windows NT 10.0; Win64; x64) AppleWebKit/537.36 (KHTML, like Gecko) Chrome/89.0.4389.114 Safari/537.36"
20.70.185.204 - - [28/Mar/2022:06:20:04 +0700] "GET /website/wp-includes/wlwmanifest.xml HTTP/1.0" 404 397 "-" "Mozilla/5.0 (Windows NT 10.0; Win64; x64) AppleWebKit/537.36 (KHTML, like Gecko) Chrome/89.0.4389.114 Safari/537.36"
20.70.185.204 - - [28/Mar/2022:06:20:05 +0700] "GET /wp/wp-includes/wlwmanifest.xml HTTP/1.0" 404 392 "-" "Mozilla/5.0 (Windows NT 10.0; Win64; x64) AppleWebKit/537.36 (KHTML, like Gecko) Chrome/89.0.4389.114 Safari/537.36"
20.70.185.204 - - [28/Mar/2022:06:20:05 +0700] "GET /news/wp-includes/wlwmanifest.xml HTTP/1.0" 404 394 "-" "Mozilla/5.0 (Windows NT 10.0; Win64; x64) AppleWebKit/537.36 (KHTML, like Gecko) Chrome/89.0.4389.114 Safari/537.36"
20.70.185.204 - - [28/Mar/2022:06:20:05 +0700] "GET /2020/wp-includes/wlwmanifest.xml HTTP/1.0" 404 394 "-" "Mozilla/5.0 (Windows NT 10.0; Win64; x64) AppleWebKit/537.36 (KHTML, like Gecko) Chrome/89.0.4389.114 Safari/537.36"
20.70.185.204 - - [28/Mar/2022:06:20:06 +0700] "GET /2019/wp-includes/wlwmanifest.xml HTTP/1.0" 404 394 "-" "Mozilla/5.0 (Windows NT 10.0; Win64; x64) AppleWebKit/537.36 (KHTML, like Gecko) Chrome/89.0.4389.114 Safari/537.36"
20.70.185.204 - - [28/Mar/2022:06:20:06 +0700] "GET /shop/wp-includes/wlwmanifest.xml HTTP/1.0" 404 394 "-" "Mozilla/5.0 (Windows NT 10.0; Win64; x64) AppleWebKit/537.36 (KHTML, like Gecko) Chrome/89.0.4389.114 Safari/537.36"
20.70.185.204 - - [28/Mar/2022:06:20:07 +0700] "GET /wp1/wp-includes/wlwmanifest.xml HTTP/1.0" 404 393 "-" "Mozilla/5.0 (Windows NT 10.0; Win64; x64) AppleWebKit/537.36 (KHTML, like Gecko) Chrome/89.0.4389.114 Safari/537.36"
20.70.185.204 - - [28/Mar/2022:06:20:07 +0700] "GET /test/wp-includes/wlwmanifest.xml HTTP/1.0" 404 394 "-" "Mozilla/5.0 (Windows NT 10.0; Win64; x64) AppleWebKit/537.36 (KHTML, like Gecko) Chrome/89.0.4389.114 Safari/537.36"
20.70.185.204 - - [28/Mar/2022:06:20:08 +0700] "GET /wp2/wp-includes/wlwmanifest.xml HTTP/1.0" 404 393 "-" "Mozilla/5.0 (Windows NT 10.0; Win64; x64) AppleWebKit/537.36 (KHTML, like Gecko) Chrome/89.0.4389.114 Safari/537.36"
20.70.185.204 - - [28/Mar/2022:06:20:08 +0700] "GET /site/wp-includes/wlwmanifest.xml HTTP/1.0" 404 394 "-" "Mozilla/5.0 (Windows NT 10.0; Win64; x64) AppleWebKit/537.36 (KHTML, like Gecko) Chrome/89.0.4389.114 Safari/537.36"
20.70.185.204 - - [28/Mar/2022:06:20:09 +0700] "GET /cms/wp-includes/wlwmanifest.xml HTTP/1.0" 404 393 "-" "Mozilla/5.0 (Windows NT 10.0; Win64; x64) AppleWebKit/537.36 (KHTML, like Gecko) Chrome/89.0.4389.114 Safari/537.36"
20.70.185.204 - - [28/Mar/2022:06:20:09 +0700] "GET /sito/wp-includes/wlwmanifest.xml HTTP/1.0" 404 394 "-" "Mozilla/5.0 (Windows NT 10.0; Win64; x64) AppleWebKit/537.36 (KHTML, like Gecko) Chrome/89.0.4389.114 Safari/537.36"
103.131.71.34 - - [28/Mar/2022:18:43:51 +0700] "GET /robots.txt HTTP/1.0" 404 372 "-" "Mozilla/5.0 (compatible; coccocbot-image/1.0; +http://help.coccoc.com/searchengine)"
20.70.185.204 - - [28/Mar/2022:06:20:00 +0700] "GET / HTTP/1.1" 200 56096 "-" "Mozilla/5.0 (Windows NT 10.0; Win64; x64) AppleWebKit/537.36 (KHTML, like Gecko) Chrome/89.0.4389.114 Safari/537.36"
20.70.185.204 - - [28/Mar/2022:06:20:00 +0700] "GET / HTTP/1.1" 200 56096 "-" "Mozilla/5.0 (Windows NT 10.0; Win64; x64) AppleWebKit/537.36 (KHTML, like Gecko) Chrome/89.0.4389.114 Safari/537.36"
20.70.185.204 - - [28/Mar/2022:06:20:02 +0700] "GET / HTTP/1.1" 200 56096 "-" "Mozilla/5.0 (Windows NT 10.0; Win64; x64) AppleWebKit/537.36 (KHTML, like Gecko) Chrome/89.0.4389.114 Safari/537.36"
103.131.71.193 - - [29/Mar/2022:05:21:16 +0700] "GET /robots.txt HTTP/1.0" 404 372 "-" "Mozilla/5.0 (compatible; coccocbot-web/1.0; +http://help.coccoc.com/searchengine)"
103.131.71.79 - - [29/Mar/2022:05:21:26 +0700] "GET / HTTP/1.0" 200 290 "-" "Mozilla/5.0 (compatible; coccocbot-web/1.0; +http://help.coccoc.com/searchengine)"
103.131.71.44 - - [29/Mar/2022:11:59:32 +0700] "GET /robots.txt HTTP/1.0" 404 372 "-" "Mozilla/5.0 (compatible; coccocbot-image/1.0; +http://help.coccoc.com/searchengine)"
103.131.71.214 - - [29/Mar/2022:12:04:05 +0700] "GET /robots.txt HTTP/1.0" 404 372 "-" "Mozilla/5.0 (compatible; coccocbot-image/1.0; +http://help.coccoc.com/searchengine)"
104.219.215.243 - - [29/Mar/2022:14:21:12 +0700] "GET /manager/css/style.css HTTP/1.0" 404 383 "-" "Mozilla/4.0 (compatible; MSIE 8.0; Windows NT 6.1; Trident/4.0)"
103.131.71.86 - - [29/Mar/2022:21:05:24 +0700] "GET /robots.txt HTTP/1.0" 404 372 "-" "Mozilla/5.0 (compatible; coccocbot-web/1.0; +http://help.coccoc.com/searchengine)"
103.131.71.20 - - [29/Mar/2022:21:55:30 +0700] "GET /robots.txt HTTP/1.0" 404 372 "-" "Mozilla/5.0 (compatible; coccocbot-image/1.0; +http://help.coccoc.com/searchengine)"
54.36.148.216 - - [30/Mar/2022:03:19:56 +0700] "GET /robots.txt HTTP/1.0" 404 372 "-" "Mozilla/5.0 (compatible; AhrefsBot/7.0; +http://ahrefs.com/robot/)"
103.131.71.79 - - [29/Mar/2022:05:21:26 +0700] "GET / HTTP/1.1" 200 13245 "-" "Mozilla/5.0 (compatible; coccocbot-web/1.0; +http://help.coccoc.com/searchengine)"
20.79.223.156 - - [30/Mar/2022:10:36:13 +0700] "GET / HTTP/1.0" 200 290 "http://escon.cic.com.vn/" "Mozilla/5.0 (iPhone; CPU iPhone OS 15_3_1 like Mac OS X) AppleWebKit/605.1.15 (KHTML, like Gecko) Version/15.3 Mobile/15E148 Safari/604.1"
147.147.220.70 - - [30/Mar/2022:10:36:13 +0700] "GET / HTTP/1.0" 200 290 "http://escon.cic.com.vn/" "Mozilla/5.0 (Linux; U; Android 8.1.0; zh-CN; EML-AL00 Build/HUAWEIEML-AL00) AppleWebKit/537.36 (KHTML, like Gecko) Version/4.0 Chrome/57.0.2987.108 baidu.sogo.uc.UCBrowser/11.9.4.974 UWS/2.13.1.48 Mobile Safari/537.36 AliApp(DingTalk/4.5.11) com.alibaba.android.rimet/10487439 Channel/227200 language/zh-CN"
51.75.141.254 - - [30/Mar/2022:10:36:13 +0700] "GET / HTTP/1.0" 200 290 "http://escon.cic.com.vn/" "Mozilla/5.0 (iPhone; CPU iPhone OS 14_8_1 like Mac OS X) AppleWebKit/605.1.15 (KHTML, like Gecko) Version/14.1.2 Mobile/15E148 Safari/604.1"
103.9.76.197 - - [30/Mar/2022:10:36:13 +0700] "GET / HTTP/1.0" 200 290 "http://escon.cic.com.vn/" "Mozilla/5.0 (Windows NT 10.0; Win64; x64) AppleWebKit/537.36 (KHTML, like Gecko) Chrome/98.0.4758.102 Safari/537.36"
172.241.131.137 - - [30/Mar/2022:10:36:13 +0700] "GET / HTTP/1.0" 200 290 "http://escon.cic.com.vn/" "Mozilla/5.0 (Windows NT 10.0; Win64; x64) AppleWebKit/537.36 (KHTML, like Gecko) Chrome/99.0.4844.51 Safari/537.36"
147.147.220.70 - - [30/Mar/2022:10:36:19 +0700] "GET /images/icons/logo_cic_90.png HTTP/1.0" 200 310 "http://escon.cic.com.vn/images/icons/logo_cic_90.png" "Mozilla/5.0 (Linux; U; Android 8.1.0; zh-CN; EML-AL00 Build/HUAWEIEML-AL00) AppleWebKit/537.36 (KHTML, like Gecko) Version/4.0 Chrome/57.0.2987.108 baidu.sogo.uc.UCBrowser/11.9.4.974 UWS/2.13.1.48 Mobile Safari/537.36 AliApp(DingTalk/4.5.11) com.alibaba.android.rimet/10487439 Channel/227200 language/zh-CN"
147.147.220.70 - - [30/Mar/2022:10:36:19 +0700] "GET /images/icons/logo_escon_100.png HTTP/1.0" 200 313 "http://escon.cic.com.vn/images/icons/logo_escon_100.png" "Mozilla/5.0 (Linux; U; Android 8.1.0; zh-CN; EML-AL00 Build/HUAWEIEML-AL00) AppleWebKit/537.36 (KHTML, like Gecko) Version/4.0 Chrome/57.0.2987.108 baidu.sogo.uc.UCBrowser/11.9.4.974 UWS/2.13.1.48 Mobile Safari/537.36 AliApp(DingTalk/4.5.11) com.alibaba.android.rimet/10487439 Channel/227200 language/zh-CN"
103.9.76.197 - - [30/Mar/2022:10:36:32 +0700] "GET /images/icons/logo_cic_90.png HTTP/1.0" 200 310 "http://escon.cic.com.vn/images/icons/logo_cic_90.png" "Mozilla/5.0 (Windows NT 10.0; Win64; x64) AppleWebKit/537.36 (KHTML, like Gecko) Chrome/98.0.4758.102 Safari/537.36"
103.9.76.197 - - [30/Mar/2022:10:36:32 +0700] "GET /images/icons/logo_escon_100.png HTTP/1.0" 200 313 "http://escon.cic.com.vn/images/icons/logo_escon_100.png" "Mozilla/5.0 (Windows NT 10.0; Win64; x64) AppleWebKit/537.36 (KHTML, like Gecko) Chrome/98.0.4758.102 Safari/537.36"
51.75.141.254 - - [30/Mar/2022:10:36:36 +0700] "GET /images/icons/logo_cic_90.png HTTP/1.0" 200 310 "http://escon.cic.com.vn/images/icons/logo_cic_90.png" "Mozilla/5.0 (iPhone; CPU iPhone OS 14_8_1 like Mac OS X) AppleWebKit/605.1.15 (KHTML, like Gecko) Version/14.1.2 Mobile/15E148 Safari/604.1"
51.75.141.254 - - [30/Mar/2022:10:36:36 +0700] "GET /images/icons/logo_escon_100.png HTTP/1.0" 200 313 "http://escon.cic.com.vn/images/icons/logo_escon_100.png" "Mozilla/5.0 (iPhone; CPU iPhone OS 14_8_1 like Mac OS X) AppleWebKit/605.1.15 (KHTML, like Gecko) Version/14.1.2 Mobile/15E148 Safari/604.1"
172.241.131.137 - - [30/Mar/2022:10:47:48 +0700] "GET /images/icons/logo_escon_100.png HTTP/1.0" 200 313 "http://escon.cic.com.vn/images/icons/logo_escon_100.png" "Mozilla/5.0 (Windows NT 10.0; Win64; x64) AppleWebKit/537.36 (KHTML, like Gecko) Chrome/99.0.4844.51 Safari/537.36"
172.241.131.137 - - [30/Mar/2022:10:47:48 +0700] "GET /images/icons/logo_cic_90.png HTTP/1.0" 200 310 "http://escon.cic.com.vn/images/icons/logo_cic_90.png" "Mozilla/5.0 (Windows NT 10.0; Win64; x64) AppleWebKit/537.36 (KHTML, like Gecko) Chrome/99.0.4844.51 Safari/537.36"
89.242.125.20 - - [30/Mar/2022:10:49:20 +0700] "GET / HTTP/1.0" 200 290 "http://escon.cic.com.vn/" "Mozilla/5.0 (iPhone; CPU iPhone OS 12_2 like Mac OS X) AppleWebKit/605.1.15 (KHTML, like Gecko) Mobile/15E148"
102.165.41.54 - - [30/Mar/2022:10:49:20 +0700] "GET / HTTP/1.0" 200 290 "http://escon.cic.com.vn/" "Mozilla/5.0 (Windows NT 10.0; Win64; x64) AppleWebKit/537.36 (KHTML, like Gecko) Chrome/99.0.4844.74 Safari/537.36"
218.232.76.138 - - [30/Mar/2022:10:49:22 +0700] "GET / HTTP/1.0" 200 290 "http://escon.cic.com.vn/" "Mozilla/5.0 (iPhone; CPU iPhone OS 15_4 like Mac OS X) AppleWebKit/605.1.15 (KHTML, like Gecko) Version/15.4 Mobile/15E148 Safari/604.1"
206.189.247.132 - - [30/Mar/2022:10:49:28 +0700] "GET / HTTP/1.0" 200 290 "http://escon.cic.com.vn/" "Mozilla/5.0 (Linux; U; Android 8.1.0; zh-CN; EML-AL00 Build/HUAWEIEML-AL00) AppleWebKit/537.36 (KHTML, like Gecko) Version/4.0 Chrome/57.0.2987.108 baidu.sogo.uc.UCBrowser/11.9.4.974 UWS/2.13.1.48 Mobile Safari/537.36 AliApp(DingTalk/4.5.11) com.alibaba.android.rimet/10487439 Channel/227200 language/zh-CN"
218.232.76.138 - - [30/Mar/2022:10:49:32 +0700] "GET /images/icons/logo_cic_90.png HTTP/1.0" 200 310 "http://escon.cic.com.vn/images/icons/logo_cic_90.png" "Mozilla/5.0 (iPhone; CPU iPhone OS 15_4 like Mac OS X) AppleWebKit/605.1.15 (KHTML, like Gecko) Version/15.4 Mobile/15E148 Safari/604.1"
218.232.76.138 - - [30/Mar/2022:10:49:32 +0700] "GET /images/icons/logo_escon_100.png HTTP/1.0" 200 313 "http://escon.cic.com.vn/images/icons/logo_escon_100.png" "Mozilla/5.0 (iPhone; CPU iPhone OS 15_4 like Mac OS X) AppleWebKit/605.1.15 (KHTML, like Gecko) Version/15.4 Mobile/15E148 Safari/604.1"
102.165.41.54 - - [30/Mar/2022:10:50:10 +0700] "GET /images/icons/logo_cic_90.png HTTP/1.0" 200 310 "http://escon.cic.com.vn/images/icons/logo_cic_90.png" "Mozilla/5.0 (Windows NT 10.0; Win64; x64) AppleWebKit/537.36 (KHTML, like Gecko) Chrome/99.0.4844.74 Safari/537.36"
102.165.41.54 - - [30/Mar/2022:10:50:10 +0700] "GET /images/icons/logo_escon_100.png HTTP/1.0" 200 313 "http://escon.cic.com.vn/images/icons/logo_escon_100.png" "Mozilla/5.0 (Windows NT 10.0; Win64; x64) AppleWebKit/537.36 (KHTML, like Gecko) Chrome/99.0.4844.74 Safari/537.36"
206.189.247.132 - - [30/Mar/2022:10:51:48 +0700] "GET /images/icons/logo_cic_90.png HTTP/1.0" 200 310 "http://escon.cic.com.vn/images/icons/logo_cic_90.png" "Mozilla/5.0 (Linux; U; Android 8.1.0; zh-CN; EML-AL00 Build/HUAWEIEML-AL00) AppleWebKit/537.36 (KHTML, like Gecko) Version/4.0 Chrome/57.0.2987.108 baidu.sogo.uc.UCBrowser/11.9.4.974 UWS/2.13.1.48 Mobile Safari/537.36 AliApp(DingTalk/4.5.11) com.alibaba.android.rimet/10487439 Channel/227200 language/zh-CN"
206.189.247.132 - - [30/Mar/2022:10:51:48 +0700] "GET /images/icons/logo_escon_100.png HTTP/1.0" 200 313 "http://escon.cic.com.vn/images/icons/logo_escon_100.png" "Mozilla/5.0 (Linux; U; Android 8.1.0; zh-CN; EML-AL00 Build/HUAWEIEML-AL00) AppleWebKit/537.36 (KHTML, like Gecko) Version/4.0 Chrome/57.0.2987.108 baidu.sogo.uc.UCBrowser/11.9.4.974 UWS/2.13.1.48 Mobile Safari/537.36 AliApp(DingTalk/4.5.11) com.alibaba.android.rimet/10487439 Channel/227200 language/zh-CN"
211.140.23.130 - - [30/Mar/2022:12:02:55 +0700] "GET /images/team4.png HTTP/1.0" 200 298 "-" "Mozilla/5.0 (X11; Ubuntu; Linux x86_64; rv:45.0) Gecko/20100101 Firefox/45"
103.131.71.44 - - [30/Mar/2022:14:22:09 +0700] "GET /robots.txt HTTP/1.0" 404 372 "-" "Mozilla/5.0 (compatible; coccocbot-image/1.0; +http://help.coccoc.com/searchengine)"
51.81.167.146 - - [30/Mar/2022:23:09:35 +0700] "GET / HTTP/1.0" 200 290 "-" "Mozilla/5.0 (iPhone; CPU iPhone OS 15_1_1 like Mac OS X) AppleWebKit/605.1.15 (KHTML, like Gecko) Version/15.1 Mobile/15E148 Safari/604.1"
65.154.226.169 - - [30/Mar/2022:23:10:25 +0700] "GET / HTTP/1.0" 200 290 "-" "Mozilla/5.0 (Windows NT 10.0; Win64; x64) AppleWebKit/537.36 (KHTML, like Gecko) Chrome/76.0.3809.71 Safari/537.36"
65.154.226.169 - - [30/Mar/2022:23:10:30 +0700] "GET /assets/css/bootstrap.css HTTP/1.0" 200 305 "http://escon.cic.com.vn/" "Mozilla/5.0 (Windows NT 10.0; Win64; x64) AppleWebKit/537.36 (KHTML, like Gecko) Chrome/76.0.3809.71 Safari/537.36"
65.154.226.169 - - [30/Mar/2022:23:10:30 +0700] "GET /assets/css/magnific-popup.css HTTP/1.0" 200 310 "http://escon.cic.com.vn/" "Mozilla/5.0 (Windows NT 10.0; Win64; x64) AppleWebKit/537.36 (KHTML, like Gecko) Chrome/76.0.3809.71 Safari/537.36"
65.154.226.169 - - [30/Mar/2022:23:10:31 +0700] "GET /assets/css/owl.carousel.css HTTP/1.0" 200 308 "http://escon.cic.com.vn/" "Mozilla/5.0 (Windows NT 10.0; Win64; x64) AppleWebKit/537.36 (KHTML, like Gecko) Chrome/76.0.3809.71 Safari/537.36"
65.154.226.169 - - [30/Mar/2022:23:10:31 +0700] "GET /assets/css/animate.css HTTP/1.0" 200 303 "http://escon.cic.com.vn/" "Mozilla/5.0 (Windows NT 10.0; Win64; x64) AppleWebKit/537.36 (KHTML, like Gecko) Chrome/76.0.3809.71 Safari/537.36"
65.154.226.169 - - [30/Mar/2022:23:10:31 +0700] "GET /assets/css/style.css HTTP/1.0" 200 301 "http://escon.cic.com.vn/" "Mozilla/5.0 (Windows NT 10.0; Win64; x64) AppleWebKit/537.36 (KHTML, like Gecko) Chrome/76.0.3809.71 Safari/537.36"
65.154.226.169 - - [30/Mar/2022:23:10:31 +0700] "GET /assets/css/owl.theme.css HTTP/1.0" 200 305 "http://escon.cic.com.vn/" "Mozilla/5.0 (Windows NT 10.0; Win64; x64) AppleWebKit/537.36 (KHTML, like Gecko) Chrome/76.0.3809.71 Safari/537.36"
65.154.226.169 - - [30/Mar/2022:23:10:31 +0700] "GET /assets/css/responsive.css HTTP/1.0" 200 306 "http://escon.cic.com.vn/" "Mozilla/5.0 (Windows NT 10.0; Win64; x64) AppleWebKit/537.36 (KHTML, like Gecko) Chrome/76.0.3809.71 Safari/537.36"
65.154.226.169 - - [30/Mar/2022:23:10:31 +0700] "GET /assets/css/getformcontact.css HTTP/1.0" 200 310 "http://escon.cic.com.vn/" "Mozilla/5.0 (Windows NT 10.0; Win64; x64) AppleWebKit/537.36 (KHTML, like Gecko) Chrome/76.0.3809.71 Safari/537.36"
65.154.226.169 - - [30/Mar/2022:23:10:31 +0700] "GET /assets/font-awesome-4.3.0/css/font-awesome.min.css HTTP/1.0" 200 331 "http://escon.cic.com.vn/" "Mozilla/5.0 (Windows NT 10.0; Win64; x64) AppleWebKit/537.36 (KHTML, like Gecko) Chrome/76.0.3809.71 Safari/537.36"
65.154.226.169 - - [30/Mar/2022:23:10:31 +0700] "GET /images/icons/logo_cic_90.png HTTP/1.0" 200 310 "http://escon.cic.com.vn/" "Mozilla/5.0 (Windows NT 10.0; Win64; x64) AppleWebKit/537.36 (KHTML, like Gecko) Chrome/76.0.3809.71 Safari/537.36"
65.154.226.169 - - [30/Mar/2022:23:10:31 +0700] "GET /images/icons/logo_escon_100.png HTTP/1.0" 200 313 "http://escon.cic.com.vn/" "Mozilla/5.0 (Windows NT 10.0; Win64; x64) AppleWebKit/537.36 (KHTML, like Gecko) Chrome/76.0.3809.71 Safari/537.36"
65.154.226.169 - - [30/Mar/2022:23:10:32 +0700] "GET /assets/js/jquery.js HTTP/1.0" 200 314 "http://escon.cic.com.vn/" "Mozilla/5.0 (Windows NT 10.0; Win64; x64) AppleWebKit/537.36 (KHTML, like Gecko) Chrome/76.0.3809.71 Safari/537.36"
65.154.226.169 - - [30/Mar/2022:23:10:32 +0700] "GET /assets/js/bootstrap.min.js HTTP/1.0" 200 321 "http://escon.cic.com.vn/" "Mozilla/5.0 (Windows NT 10.0; Win64; x64) AppleWebKit/537.36 (KHTML, like Gecko) Chrome/76.0.3809.71 Safari/537.36"
65.154.226.169 - - [30/Mar/2022:23:10:32 +0700] "GET /assets/js/smoothscroll.js HTTP/1.0" 200 320 "http://escon.cic.com.vn/" "Mozilla/5.0 (Windows NT 10.0; Win64; x64) AppleWebKit/537.36 (KHTML, like Gecko) Chrome/76.0.3809.71 Safari/537.36"
65.154.226.169 - - [30/Mar/2022:23:10:32 +0700] "GET /assets/js/jquery.scrollTo.min.js HTTP/1.0" 200 327 "http://escon.cic.com.vn/" "Mozilla/5.0 (Windows NT 10.0; Win64; x64) AppleWebKit/537.36 (KHTML, like Gecko) Chrome/76.0.3809.71 Safari/537.36"
65.154.226.169 - - [30/Mar/2022:23:10:32 +0700] "GET /assets/js/owl.carousel.js HTTP/1.0" 200 320 "http://escon.cic.com.vn/" "Mozilla/5.0 (Windows NT 10.0; Win64; x64) AppleWebKit/537.36 (KHTML, like Gecko) Chrome/76.0.3809.71 Safari/537.36"
65.154.226.169 - - [30/Mar/2022:23:10:32 +0700] "GET /assets/js/jquery.localScroll.min.js HTTP/1.0" 200 330 "http://escon.cic.com.vn/" "Mozilla/5.0 (Windows NT 10.0; Win64; x64) AppleWebKit/537.36 (KHTML, like Gecko) Chrome/76.0.3809.71 Safari/537.36"
65.154.226.169 - - [30/Mar/2022:23:10:32 +0700] "GET /assets/js/jquery.flexslider-min.js HTTP/1.0" 200 329 "http://escon.cic.com.vn/" "Mozilla/5.0 (Windows NT 10.0; Win64; x64) AppleWebKit/537.36 (KHTML, like Gecko) Chrome/76.0.3809.71 Safari/537.36"
65.154.226.169 - - [30/Mar/2022:23:10:32 +0700] "GET /assets/js/jquery.magnific-popup.js HTTP/1.0" 200 329 "http://escon.cic.com.vn/" "Mozilla/5.0 (Windows NT 10.0; Win64; x64) AppleWebKit/537.36 (KHTML, like Gecko) Chrome/76.0.3809.71 Safari/537.36"
65.154.226.169 - - [30/Mar/2022:23:10:32 +0700] "GET /assets/js/jquery.ajaxchimp.min.js HTTP/1.0" 200 328 "http://escon.cic.com.vn/" "Mozilla/5.0 (Windows NT 10.0; Win64; x64) AppleWebKit/537.36 (KHTML, like Gecko) Chrome/76.0.3809.71 Safari/537.36"
65.154.226.169 - - [30/Mar/2022:23:10:32 +0700] "GET /assets/js/jquery.nav.js HTTP/1.0" 200 318 "http://escon.cic.com.vn/" "Mozilla/5.0 (Windows NT 10.0; Win64; x64) AppleWebKit/537.36 (KHTML, like Gecko) Chrome/76.0.3809.71 Safari/537.36"
65.154.226.169 - - [30/Mar/2022:23:10:32 +0700] "GET /assets/js/jquery.placeholder.js HTTP/1.0" 200 326 "http://escon.cic.com.vn/" "Mozilla/5.0 (Windows NT 10.0; Win64; x64) AppleWebKit/537.36 (KHTML, like Gecko) Chrome/76.0.3809.71 Safari/537.36"
65.154.226.169 - - [30/Mar/2022:23:10:32 +0700] "GET /images/hero_bg_demo.jpg HTTP/1.0" 200 306 "http://escon.cic.com.vn/" "Mozilla/5.0 (Windows NT 10.0; Win64; x64) AppleWebKit/537.36 (KHTML, like Gecko) Chrome/76.0.3809.71 Safari/537.36"
65.154.226.169 - - [30/Mar/2022:23:10:32 +0700] "GET /images/Bg_head_CIC.png HTTP/1.0" 200 304 "http://escon.cic.com.vn/assets/css/style.css" "Mozilla/5.0 (Windows NT 10.0; Win64; x64) AppleWebKit/537.36 (KHTML, like Gecko) Chrome/76.0.3809.71 Safari/537.36"
65.154.226.169 - - [30/Mar/2022:23:10:32 +0700] "GET /images/Banner_header_slide.jpg HTTP/1.0" 404 392 "http://escon.cic.com.vn/assets/css/style.css" "Mozilla/5.0 (Windows NT 10.0; Win64; x64) AppleWebKit/537.36 (KHTML, like Gecko) Chrome/76.0.3809.71 Safari/537.36"
65.154.226.169 - - [30/Mar/2022:23:10:33 +0700] "GET /assets/js/wow.js HTTP/1.0" 200 311 "http://escon.cic.com.vn/" "Mozilla/5.0 (Windows NT 10.0; Win64; x64) AppleWebKit/537.36 (KHTML, like Gecko) Chrome/76.0.3809.71 Safari/537.36"
65.154.226.169 - - [30/Mar/2022:23:10:33 +0700] "GET /images/feature-mockup.png HTTP/1.0" 200 307 "http://escon.cic.com.vn/" "Mozilla/5.0 (Windows NT 10.0; Win64; x64) AppleWebKit/537.36 (KHTML, like Gecko) Chrome/76.0.3809.71 Safari/537.36"
65.154.226.169 - - [30/Mar/2022:23:10:33 +0700] "GET /assets/js/script.js HTTP/1.0" 200 314 "http://escon.cic.com.vn/" "Mozilla/5.0 (Windows NT 10.0; Win64; x64) AppleWebKit/537.36 (KHTML, like Gecko) Chrome/76.0.3809.71 Safari/537.36"
65.154.226.169 - - [30/Mar/2022:23:10:33 +0700] "GET /images/mockup2.png HTTP/1.0" 200 300 "http://escon.cic.com.vn/" "Mozilla/5.0 (Windows NT 10.0; Win64; x64) AppleWebKit/537.36 (KHTML, like Gecko) Chrome/76.0.3809.71 Safari/537.36"
65.154.226.169 - - [30/Mar/2022:23:10:33 +0700] "GET /images/screenshot2.png HTTP/1.0" 200 304 "http://escon.cic.com.vn/" "Mozilla/5.0 (Windows NT 10.0; Win64; x64) AppleWebKit/537.36 (KHTML, like Gecko) Chrome/76.0.3809.71 Safari/537.36"
65.154.226.169 - - [30/Mar/2022:23:10:33 +0700] "GET /images/screenshot1.png HTTP/1.0" 200 304 "http://escon.cic.com.vn/" "Mozilla/5.0 (Windows NT 10.0; Win64; x64) AppleWebKit/537.36 (KHTML, like Gecko) Chrome/76.0.3809.71 Safari/537.36"
65.154.226.169 - - [30/Mar/2022:23:10:33 +0700] "GET /images/screenshot3.png HTTP/1.0" 200 304 "http://escon.cic.com.vn/" "Mozilla/5.0 (Windows NT 10.0; Win64; x64) AppleWebKit/537.36 (KHTML, like Gecko) Chrome/76.0.3809.71 Safari/537.36"
65.154.226.169 - - [30/Mar/2022:23:10:34 +0700] "GET /images/screenshot4.png HTTP/1.0" 404 384 "http://escon.cic.com.vn/" "Mozilla/5.0 (Windows NT 10.0; Win64; x64) AppleWebKit/537.36 (KHTML, like Gecko) Chrome/76.0.3809.71 Safari/537.36"
65.154.226.169 - - [30/Mar/2022:23:10:34 +0700] "GET /images/screenshot5.png HTTP/1.0" 404 384 "http://escon.cic.com.vn/" "Mozilla/5.0 (Windows NT 10.0; Win64; x64) AppleWebKit/537.36 (KHTML, like Gecko) Chrome/76.0.3809.71 Safari/537.36"
65.154.226.169 - - [30/Mar/2022:23:10:35 +0700] "GET /images/team2.png HTTP/1.0" 200 298 "http://escon.cic.com.vn/" "Mozilla/5.0 (Windows NT 10.0; Win64; x64) AppleWebKit/537.36 (KHTML, like Gecko) Chrome/76.0.3809.71 Safari/537.36"
65.154.226.169 - - [30/Mar/2022:23:10:35 +0700] "GET /images/team1.png HTTP/1.0" 200 298 "http://escon.cic.com.vn/" "Mozilla/5.0 (Windows NT 10.0; Win64; x64) AppleWebKit/537.36 (KHTML, like Gecko) Chrome/76.0.3809.71 Safari/537.36"
65.154.226.169 - - [30/Mar/2022:23:10:35 +0700] "GET /images/screenshot6.png HTTP/1.0" 404 384 "http://escon.cic.com.vn/" "Mozilla/5.0 (Windows NT 10.0; Win64; x64) AppleWebKit/537.36 (KHTML, like Gecko) Chrome/76.0.3809.71 Safari/537.36"
65.154.226.169 - - [30/Mar/2022:23:10:35 +0700] "GET /images/team3.png HTTP/1.0" 200 298 "http://escon.cic.com.vn/" "Mozilla/5.0 (Windows NT 10.0; Win64; x64) AppleWebKit/537.36 (KHTML, like Gecko) Chrome/76.0.3809.71 Safari/537.36"
65.154.226.169 - - [30/Mar/2022:23:10:35 +0700] "GET /images/team4.png HTTP/1.0" 200 298 "http://escon.cic.com.vn/" "Mozilla/5.0 (Windows NT 10.0; Win64; x64) AppleWebKit/537.36 (KHTML, like Gecko) Chrome/76.0.3809.71 Safari/537.36"
65.154.226.169 - - [30/Mar/2022:23:10:35 +0700] "GET /images/Feature_blue.jpg HTTP/1.0" 200 306 "http://escon.cic.com.vn/assets/css/style.css" "Mozilla/5.0 (Windows NT 10.0; Win64; x64) AppleWebKit/537.36 (KHTML, like Gecko) Chrome/76.0.3809.71 Safari/537.36"
65.154.226.169 - - [30/Mar/2022:23:10:35 +0700] "GET /images/team5.png HTTP/1.0" 200 298 "http://escon.cic.com.vn/" "Mozilla/5.0 (Windows NT 10.0; Win64; x64) AppleWebKit/537.36 (KHTML, like Gecko) Chrome/76.0.3809.71 Safari/537.36"
65.154.226.169 - - [30/Mar/2022:23:10:35 +0700] "GET /images/faq-mockup.png HTTP/1.0" 200 303 "http://escon.cic.com.vn/" "Mozilla/5.0 (Windows NT 10.0; Win64; x64) AppleWebKit/537.36 (KHTML, like Gecko) Chrome/76.0.3809.71 Safari/537.36"
65.154.226.169 - - [30/Mar/2022:23:10:35 +0700] "GET /images/play-btn.png HTTP/1.0" 200 301 "http://escon.cic.com.vn/assets/css/style.css" "Mozilla/5.0 (Windows NT 10.0; Win64; x64) AppleWebKit/537.36 (KHTML, like Gecko) Chrome/76.0.3809.71 Safari/537.36"
65.154.226.169 - - [30/Mar/2022:23:10:36 +0700] "GET /assets/fonts/glyphicons-halflings-regular.woff2 HTTP/1.0" 200 304 "http://escon.cic.com.vn/assets/css/bootstrap.css" "Mozilla/5.0 (Windows NT 10.0; Win64; x64) AppleWebKit/537.36 (KHTML, like Gecko) Chrome/76.0.3809.71 Safari/537.36"
65.154.226.169 - - [30/Mar/2022:23:10:45 +0700] "GET /images/marker1.png HTTP/1.0" 200 300 "http://escon.cic.com.vn/" "Mozilla/5.0 (Windows NT 10.0; Win64; x64) AppleWebKit/537.36 (KHTML, like Gecko) Chrome/76.0.3809.71 Safari/537.36"
65.154.226.169 - - [30/Mar/2022:23:10:46 +0700] "GET /images/marker1.png HTTP/1.0" 200 300 "http://escon.cic.com.vn/" "Mozilla/5.0 (Windows NT 10.0; Win64; x64) AppleWebKit/537.36 (KHTML, like Gecko) Chrome/76.0.3809.71 Safari/537.36"
66.133.109.36 - - [30/Mar/2022:10:32:54 +0700] "GET /.well-known/acme-challenge/_9w16xQ87UdtHt6WDNUsgv-tT1g7ZcbnzGY2jm3YjAg HTTP/1.1" 200 87 "-" "Mozilla/5.0 (compatible; Let's Encrypt validation server; +https://www.letsencrypt.org)"
3.142.122.14 - - [30/Mar/2022:10:32:54 +0700] "GET /.well-known/acme-challenge/_9w16xQ87UdtHt6WDNUsgv-tT1g7ZcbnzGY2jm3YjAg HTTP/1.1" 200 87 "-" "Mozilla/5.0 (compatible; Let's Encrypt validation server; +https://www.letsencrypt.org)"
18.192.36.99 - - [30/Mar/2022:10:32:55 +0700] "GET /.well-known/acme-challenge/_9w16xQ87UdtHt6WDNUsgv-tT1g7ZcbnzGY2jm3YjAg HTTP/1.1" 200 87 "-" "Mozilla/5.0 (compatible; Let's Encrypt validation server; +https://www.letsencrypt.org)"
52.39.4.59 - - [30/Mar/2022:10:32:55 +0700] "GET /.well-known/acme-challenge/_9w16xQ87UdtHt6WDNUsgv-tT1g7ZcbnzGY2jm3YjAg HTTP/1.1" 200 87 "-" "Mozilla/5.0 (compatible; Let's Encrypt validation server; +https://www.letsencrypt.org)"
51.75.141.254 - - [30/Mar/2022:10:36:13 +0700] "GET / HTTP/1.1" 200 56096 "http://escon.cic.com.vn/" "Mozilla/5.0 (iPhone; CPU iPhone OS 14_8_1 like Mac OS X) AppleWebKit/605.1.15 (KHTML, like Gecko) Version/14.1.2 Mobile/15E148 Safari/604.1"
20.79.223.156 - - [30/Mar/2022:10:36:13 +0700] "GET / HTTP/1.1" 200 56096 "http://escon.cic.com.vn/" "Mozilla/5.0 (iPhone; CPU iPhone OS 15_3_1 like Mac OS X) AppleWebKit/605.1.15 (KHTML, like Gecko) Version/15.3 Mobile/15E148 Safari/604.1"
147.147.220.70 - - [30/Mar/2022:10:36:13 +0700] "GET / HTTP/1.1" 200 56096 "http://escon.cic.com.vn/" "Mozilla/5.0 (Linux; U; Android 8.1.0; zh-CN; EML-AL00 Build/HUAWEIEML-AL00) AppleWebKit/537.36 (KHTML, like Gecko) Version/4.0 Chrome/57.0.2987.108 baidu.sogo.uc.UCBrowser/11.9.4.974 UWS/2.13.1.48 Mobile Safari/537.36 AliApp(DingTalk/4.5.11) com.alibaba.android.rimet/10487439 Channel/227200 language/zh-CN"
103.9.76.197 - - [30/Mar/2022:10:36:14 +0700] "GET / HTTP/1.1" 200 56096 "http://escon.cic.com.vn/" "Mozilla/5.0 (Windows NT 10.0; Win64; x64) AppleWebKit/537.36 (KHTML, like Gecko) Chrome/98.0.4758.102 Safari/537.36"
172.241.131.137 - - [30/Mar/2022:10:36:14 +0700] "GET / HTTP/1.1" 200 56096 "http://escon.cic.com.vn/" "Mozilla/5.0 (Windows NT 10.0; Win64; x64) AppleWebKit/537.36 (KHTML, like Gecko) Chrome/99.0.4844.51 Safari/537.36"
147.147.220.70 - - [30/Mar/2022:10:36:19 +0700] "GET /images/icons/logo_cic_90.png HTTP/1.1" 200 6415 "http://escon.cic.com.vn/images/icons/logo_cic_90.png" "Mozilla/5.0 (Linux; U; Android 8.1.0; zh-CN; EML-AL00 Build/HUAWEIEML-AL00) AppleWebKit/537.36 (KHTML, like Gecko) Version/4.0 Chrome/57.0.2987.108 baidu.sogo.uc.UCBrowser/11.9.4.974 UWS/2.13.1.48 Mobile Safari/537.36 AliApp(DingTalk/4.5.11) com.alibaba.android.rimet/10487439 Channel/227200 language/zh-CN"
147.147.220.70 - - [30/Mar/2022:10:36:19 +0700] "GET /images/icons/logo_escon_100.png HTTP/1.1" 200 3538 "http://escon.cic.com.vn/images/icons/logo_escon_100.png" "Mozilla/5.0 (Linux; U; Android 8.1.0; zh-CN; EML-AL00 Build/HUAWEIEML-AL00) AppleWebKit/537.36 (KHTML, like Gecko) Version/4.0 Chrome/57.0.2987.108 baidu.sogo.uc.UCBrowser/11.9.4.974 UWS/2.13.1.48 Mobile Safari/537.36 AliApp(DingTalk/4.5.11) com.alibaba.android.rimet/10487439 Channel/227200 language/zh-CN"
103.9.76.197 - - [30/Mar/2022:10:36:32 +0700] "GET /images/icons/logo_escon_100.png HTTP/1.1" 200 3538 "http://escon.cic.com.vn/images/icons/logo_escon_100.png" "Mozilla/5.0 (Windows NT 10.0; Win64; x64) AppleWebKit/537.36 (KHTML, like Gecko) Chrome/98.0.4758.102 Safari/537.36"
103.9.76.197 - - [30/Mar/2022:10:36:32 +0700] "GET /images/icons/logo_cic_90.png HTTP/1.1" 200 6415 "http://escon.cic.com.vn/images/icons/logo_cic_90.png" "Mozilla/5.0 (Windows NT 10.0; Win64; x64) AppleWebKit/537.36 (KHTML, like Gecko) Chrome/98.0.4758.102 Safari/537.36"
51.75.141.254 - - [30/Mar/2022:10:36:36 +0700] "GET /images/icons/logo_cic_90.png HTTP/1.1" 200 6415 "http://escon.cic.com.vn/images/icons/logo_cic_90.png" "Mozilla/5.0 (iPhone; CPU iPhone OS 14_8_1 like Mac OS X) AppleWebKit/605.1.15 (KHTML, like Gecko) Version/14.1.2 Mobile/15E148 Safari/604.1"
51.75.141.254 - - [30/Mar/2022:10:36:36 +0700] "GET /images/icons/logo_escon_100.png HTTP/1.1" 200 3538 "http://escon.cic.com.vn/images/icons/logo_escon_100.png" "Mozilla/5.0 (iPhone; CPU iPhone OS 14_8_1 like Mac OS X) AppleWebKit/605.1.15 (KHTML, like Gecko) Version/14.1.2 Mobile/15E148 Safari/604.1"
172.241.131.137 - - [30/Mar/2022:10:47:48 +0700] "GET /images/icons/logo_cic_90.png HTTP/1.1" 200 6415 "http://escon.cic.com.vn/images/icons/logo_cic_90.png" "Mozilla/5.0 (Windows NT 10.0; Win64; x64) AppleWebKit/537.36 (KHTML, like Gecko) Chrome/99.0.4844.51 Safari/537.36"
172.241.131.137 - - [30/Mar/2022:10:47:48 +0700] "GET /images/icons/logo_escon_100.png HTTP/1.1" 200 3538 "http://escon.cic.com.vn/images/icons/logo_escon_100.png" "Mozilla/5.0 (Windows NT 10.0; Win64; x64) AppleWebKit/537.36 (KHTML, like Gecko) Chrome/99.0.4844.51 Safari/537.36"
89.242.125.20 - - [30/Mar/2022:10:49:20 +0700] "GET / HTTP/1.1" 200 56096 "http://escon.cic.com.vn/" "Mozilla/5.0 (iPhone; CPU iPhone OS 12_2 like Mac OS X) AppleWebKit/605.1.15 (KHTML, like Gecko) Mobile/15E148"
102.165.41.54 - - [30/Mar/2022:10:49:21 +0700] "GET / HTTP/1.1" 200 56096 "http://escon.cic.com.vn/" "Mozilla/5.0 (Windows NT 10.0; Win64; x64) AppleWebKit/537.36 (KHTML, like Gecko) Chrome/99.0.4844.74 Safari/537.36"
218.232.76.138 - - [30/Mar/2022:10:49:26 +0700] "GET / HTTP/1.1" 200 56096 "http://escon.cic.com.vn/" "Mozilla/5.0 (iPhone; CPU iPhone OS 15_4 like Mac OS X) AppleWebKit/605.1.15 (KHTML, like Gecko) Version/15.4 Mobile/15E148 Safari/604.1"
206.189.247.132 - - [30/Mar/2022:10:49:28 +0700] "GET / HTTP/1.1" 200 56096 "http://escon.cic.com.vn/" "Mozilla/5.0 (Linux; U; Android 8.1.0; zh-CN; EML-AL00 Build/HUAWEIEML-AL00) AppleWebKit/537.36 (KHTML, like Gecko) Version/4.0 Chrome/57.0.2987.108 baidu.sogo.uc.UCBrowser/11.9.4.974 UWS/2.13.1.48 Mobile Safari/537.36 AliApp(DingTalk/4.5.11) com.alibaba.android.rimet/10487439 Channel/227200 language/zh-CN"
218.232.76.138 - - [30/Mar/2022:10:49:32 +0700] "GET /images/icons/logo_cic_90.png HTTP/1.1" 200 6415 "http://escon.cic.com.vn/images/icons/logo_cic_90.png" "Mozilla/5.0 (iPhone; CPU iPhone OS 15_4 like Mac OS X) AppleWebKit/605.1.15 (KHTML, like Gecko) Version/15.4 Mobile/15E148 Safari/604.1"
218.232.76.138 - - [30/Mar/2022:10:49:32 +0700] "GET /images/icons/logo_escon_100.png HTTP/1.1" 200 3538 "http://escon.cic.com.vn/images/icons/logo_escon_100.png" "Mozilla/5.0 (iPhone; CPU iPhone OS 15_4 like Mac OS X) AppleWebKit/605.1.15 (KHTML, like Gecko) Version/15.4 Mobile/15E148 Safari/604.1"
102.165.41.54 - - [30/Mar/2022:10:50:10 +0700] "GET /images/icons/logo_cic_90.png HTTP/1.1" 200 6415 "http://escon.cic.com.vn/images/icons/logo_cic_90.png" "Mozilla/5.0 (Windows NT 10.0; Win64; x64) AppleWebKit/537.36 (KHTML, like Gecko) Chrome/99.0.4844.74 Safari/537.36"
102.165.41.54 - - [30/Mar/2022:10:50:10 +0700] "GET /images/icons/logo_escon_100.png HTTP/1.1" 200 3538 "http://escon.cic.com.vn/images/icons/logo_escon_100.png" "Mozilla/5.0 (Windows NT 10.0; Win64; x64) AppleWebKit/537.36 (KHTML, like Gecko) Chrome/99.0.4844.74 Safari/537.36"
206.189.247.132 - - [30/Mar/2022:10:51:48 +0700] "GET /images/icons/logo_cic_90.png HTTP/1.1" 200 6415 "http://escon.cic.com.vn/images/icons/logo_cic_90.png" "Mozilla/5.0 (Linux; U; Android 8.1.0; zh-CN; EML-AL00 Build/HUAWEIEML-AL00) AppleWebKit/537.36 (KHTML, like Gecko) Version/4.0 Chrome/57.0.2987.108 baidu.sogo.uc.UCBrowser/11.9.4.974 UWS/2.13.1.48 Mobile Safari/537.36 AliApp(DingTalk/4.5.11) com.alibaba.android.rimet/10487439 Channel/227200 language/zh-CN"
206.189.247.132 - - [30/Mar/2022:10:51:48 +0700] "GET /images/icons/logo_escon_100.png HTTP/1.1" 200 3538 "http://escon.cic.com.vn/images/icons/logo_escon_100.png" "Mozilla/5.0 (Linux; U; Android 8.1.0; zh-CN; EML-AL00 Build/HUAWEIEML-AL00) AppleWebKit/537.36 (KHTML, like Gecko) Version/4.0 Chrome/57.0.2987.108 baidu.sogo.uc.UCBrowser/11.9.4.974 UWS/2.13.1.48 Mobile Safari/537.36 AliApp(DingTalk/4.5.11) com.alibaba.android.rimet/10487439 Channel/227200 language/zh-CN"
211.140.23.130 - - [30/Mar/2022:12:02:55 +0700] "HEAD /images/team4.png HTTP/1.1" 200 0 "-" "Mozilla/5.0 (X11; Ubuntu; Linux x86_64; rv:45.0) Gecko/20100101 Firefox/45"
51.81.167.146 - - [30/Mar/2022:23:09:35 +0700] "GET / HTTP/1.1" 200 56096 "-" "Mozilla/5.0 (iPhone; CPU iPhone OS 15_1_1 like Mac OS X) AppleWebKit/605.1.15 (KHTML, like Gecko) Version/15.1 Mobile/15E148 Safari/604.1"
65.154.226.169 - - [30/Mar/2022:23:10:25 +0700] "GET / HTTP/1.1" 200 13245 "-" "Mozilla/5.0 (Windows NT 10.0; Win64; x64) AppleWebKit/537.36 (KHTML, like Gecko) Chrome/76.0.3809.71 Safari/537.36"
65.154.226.169 - - [30/Mar/2022:23:10:30 +0700] "GET /assets/css/magnific-popup.css HTTP/1.1" 200 1941 "http://escon.cic.com.vn/" "Mozilla/5.0 (Windows NT 10.0; Win64; x64) AppleWebKit/537.36 (KHTML, like Gecko) Chrome/76.0.3809.71 Safari/537.36"
65.154.226.169 - - [30/Mar/2022:23:10:30 +0700] "GET /assets/css/bootstrap.css HTTP/1.1" 200 21181 "http://escon.cic.com.vn/" "Mozilla/5.0 (Windows NT 10.0; Win64; x64) AppleWebKit/537.36 (KHTML, like Gecko) Chrome/76.0.3809.71 Safari/537.36"
65.154.226.169 - - [30/Mar/2022:23:10:31 +0700] "GET /assets/css/animate.css HTTP/1.1" 200 3692 "http://escon.cic.com.vn/" "Mozilla/5.0 (Windows NT 10.0; Win64; x64) AppleWebKit/537.36 (KHTML, like Gecko) Chrome/76.0.3809.71 Safari/537.36"
65.154.226.169 - - [30/Mar/2022:23:10:31 +0700] "GET /assets/css/owl.carousel.css HTTP/1.1" 200 555 "http://escon.cic.com.vn/" "Mozilla/5.0 (Windows NT 10.0; Win64; x64) AppleWebKit/537.36 (KHTML, like Gecko) Chrome/76.0.3809.71 Safari/537.36"
65.154.226.169 - - [30/Mar/2022:23:10:31 +0700] "GET /assets/css/style.css HTTP/1.1" 200 9761 "http://escon.cic.com.vn/" "Mozilla/5.0 (Windows NT 10.0; Win64; x64) AppleWebKit/537.36 (KHTML, like Gecko) Chrome/76.0.3809.71 Safari/537.36"
65.154.226.169 - - [30/Mar/2022:23:10:31 +0700] "GET /assets/css/owl.theme.css HTTP/1.1" 200 648 "http://escon.cic.com.vn/" "Mozilla/5.0 (Windows NT 10.0; Win64; x64) AppleWebKit/537.36 (KHTML, like Gecko) Chrome/76.0.3809.71 Safari/537.36"
65.154.226.169 - - [30/Mar/2022:23:10:31 +0700] "GET /assets/css/responsive.css HTTP/1.1" 200 1806 "http://escon.cic.com.vn/" "Mozilla/5.0 (Windows NT 10.0; Win64; x64) AppleWebKit/537.36 (KHTML, like Gecko) Chrome/76.0.3809.71 Safari/537.36"
65.154.226.169 - - [30/Mar/2022:23:10:31 +0700] "GET /assets/font-awesome-4.3.0/css/font-awesome.min.css HTTP/1.1" 200 5455 "http://escon.cic.com.vn/" "Mozilla/5.0 (Windows NT 10.0; Win64; x64) AppleWebKit/537.36 (KHTML, like Gecko) Chrome/76.0.3809.71 Safari/537.36"
65.154.226.169 - - [30/Mar/2022:23:10:31 +0700] "GET /assets/css/getformcontact.css HTTP/1.1" 200 2568 "http://escon.cic.com.vn/" "Mozilla/5.0 (Windows NT 10.0; Win64; x64) AppleWebKit/537.36 (KHTML, like Gecko) Chrome/76.0.3809.71 Safari/537.36"
65.154.226.169 - - [30/Mar/2022:23:10:31 +0700] "GET /images/icons/logo_cic_90.png HTTP/1.1" 200 6415 "http://escon.cic.com.vn/" "Mozilla/5.0 (Windows NT 10.0; Win64; x64) AppleWebKit/537.36 (KHTML, like Gecko) Chrome/76.0.3809.71 Safari/537.36"
65.154.226.169 - - [30/Mar/2022:23:10:31 +0700] "GET /images/icons/logo_escon_100.png HTTP/1.1" 200 3538 "http://escon.cic.com.vn/" "Mozilla/5.0 (Windows NT 10.0; Win64; x64) AppleWebKit/537.36 (KHTML, like Gecko) Chrome/76.0.3809.71 Safari/537.36"
65.154.226.169 - - [30/Mar/2022:23:10:32 +0700] "GET /assets/js/bootstrap.min.js HTTP/1.1" 200 9420 "http://escon.cic.com.vn/" "Mozilla/5.0 (Windows NT 10.0; Win64; x64) AppleWebKit/537.36 (KHTML, like Gecko) Chrome/76.0.3809.71 Safari/537.36"
65.154.226.169 - - [30/Mar/2022:23:10:32 +0700] "GET /assets/js/smoothscroll.js HTTP/1.1" 200 2311 "http://escon.cic.com.vn/" "Mozilla/5.0 (Windows NT 10.0; Win64; x64) AppleWebKit/537.36 (KHTML, like Gecko) Chrome/76.0.3809.71 Safari/537.36"
65.154.226.169 - - [30/Mar/2022:23:10:32 +0700] "GET /assets/js/jquery.scrollTo.min.js HTTP/1.1" 200 1313 "http://escon.cic.com.vn/" "Mozilla/5.0 (Windows NT 10.0; Win64; x64) AppleWebKit/537.36 (KHTML, like Gecko) Chrome/76.0.3809.71 Safari/537.36"
65.154.226.169 - - [30/Mar/2022:23:10:32 +0700] "GET /assets/js/jquery.localScroll.min.js HTTP/1.1" 200 834 "http://escon.cic.com.vn/" "Mozilla/5.0 (Windows NT 10.0; Win64; x64) AppleWebKit/537.36 (KHTML, like Gecko) Chrome/76.0.3809.71 Safari/537.36"
65.154.226.169 - - [30/Mar/2022:23:10:32 +0700] "GET /assets/js/owl.carousel.js HTTP/1.1" 200 8765 "http://escon.cic.com.vn/" "Mozilla/5.0 (Windows NT 10.0; Win64; x64) AppleWebKit/537.36 (KHTML, like Gecko) Chrome/76.0.3809.71 Safari/537.36"
65.154.226.169 - - [30/Mar/2022:23:10:32 +0700] "GET /assets/js/jquery.flexslider-min.js HTTP/1.1" 200 6280 "http://escon.cic.com.vn/" "Mozilla/5.0 (Windows NT 10.0; Win64; x64) AppleWebKit/537.36 (KHTML, like Gecko) Chrome/76.0.3809.71 Safari/537.36"
65.154.226.169 - - [30/Mar/2022:23:10:32 +0700] "GET /assets/js/jquery.magnific-popup.js HTTP/1.1" 200 13814 "http://escon.cic.com.vn/" "Mozilla/5.0 (Windows NT 10.0; Win64; x64) AppleWebKit/537.36 (KHTML, like Gecko) Chrome/76.0.3809.71 Safari/537.36"
65.154.226.169 - - [30/Mar/2022:23:10:32 +0700] "GET /assets/js/jquery.ajaxchimp.min.js HTTP/1.1" 200 951 "http://escon.cic.com.vn/" "Mozilla/5.0 (Windows NT 10.0; Win64; x64) AppleWebKit/537.36 (KHTML, like Gecko) Chrome/76.0.3809.71 Safari/537.36"
65.154.226.169 - - [30/Mar/2022:23:10:32 +0700] "GET /assets/js/jquery.nav.js HTTP/1.1" 200 1854 "http://escon.cic.com.vn/" "Mozilla/5.0 (Windows NT 10.0; Win64; x64) AppleWebKit/537.36 (KHTML, like Gecko) Chrome/76.0.3809.71 Safari/537.36"
65.154.226.169 - - [30/Mar/2022:23:10:32 +0700] "GET /assets/js/jquery.placeholder.js HTTP/1.1" 200 1745 "http://escon.cic.com.vn/" "Mozilla/5.0 (Windows NT 10.0; Win64; x64) AppleWebKit/537.36 (KHTML, like Gecko) Chrome/76.0.3809.71 Safari/537.36"
65.154.226.169 - - [30/Mar/2022:23:10:32 +0700] "GET /assets/js/jquery.js HTTP/1.1" 200 84293 "http://escon.cic.com.vn/" "Mozilla/5.0 (Windows NT 10.0; Win64; x64) AppleWebKit/537.36 (KHTML, like Gecko) Chrome/76.0.3809.71 Safari/537.36"
65.154.226.169 - - [30/Mar/2022:23:10:32 +0700] "GET /images/Bg_head_CIC.png HTTP/1.1" 200 5151 "http://escon.cic.com.vn/assets/css/style.css" "Mozilla/5.0 (Windows NT 10.0; Win64; x64) AppleWebKit/537.36 (KHTML, like Gecko) Chrome/76.0.3809.71 Safari/537.36"
65.154.226.169 - - [30/Mar/2022:23:10:33 +0700] "GET /images/hero_bg_demo.jpg HTTP/1.1" 200 306545 "http://escon.cic.com.vn/" "Mozilla/5.0 (Windows NT 10.0; Win64; x64) AppleWebKit/537.36 (KHTML, like Gecko) Chrome/76.0.3809.71 Safari/537.36"
65.154.226.169 - - [30/Mar/2022:23:10:33 +0700] "GET /assets/js/wow.js HTTP/1.1" 200 2807 "http://escon.cic.com.vn/" "Mozilla/5.0 (Windows NT 10.0; Win64; x64) AppleWebKit/537.36 (KHTML, like Gecko) Chrome/76.0.3809.71 Safari/537.36"
65.154.226.169 - - [30/Mar/2022:23:10:33 +0700] "GET /assets/js/script.js HTTP/1.1" 200 2615 "http://escon.cic.com.vn/" "Mozilla/5.0 (Windows NT 10.0; Win64; x64) AppleWebKit/537.36 (KHTML, like Gecko) Chrome/76.0.3809.71 Safari/537.36"
65.154.226.169 - - [30/Mar/2022:23:10:33 +0700] "GET /images/feature-mockup.png HTTP/1.1" 200 209034 "http://escon.cic.com.vn/" "Mozilla/5.0 (Windows NT 10.0; Win64; x64) AppleWebKit/537.36 (KHTML, like Gecko) Chrome/76.0.3809.71 Safari/537.36"
65.154.226.169 - - [30/Mar/2022:23:10:33 +0700] "GET /images/mockup2.png HTTP/1.1" 200 209129 "http://escon.cic.com.vn/" "Mozilla/5.0 (Windows NT 10.0; Win64; x64) AppleWebKit/537.36 (KHTML, like Gecko) Chrome/76.0.3809.71 Safari/537.36"
