3.97.7.252 - - [05/Feb/2022:07:41:20 +0700] "GET /images/screenshot6_6.png HTTP/1.1" 200 96134 "-" "Mozilla/5.0 (Windows NT 10.0; Win64; x64) AppleWebKit/537.36 (KHTML, like Gecko; compatible; BW/1.1; bit.ly/2W6Px8S; d51414a7fc) Chrome/84.0.4147.105 Safari/537.36"
3.97.7.252 - - [05/Feb/2022:07:41:20 +0700] "GET /assets/js/jquery.ajaxchimp.min.js HTTP/1.1" 200 951 "http://escon.cic.com.vn/" "Mozilla/5.0 (Windows NT 10.0; Win64; x64) AppleWebKit/537.36 (KHTML, like Gecko; compatible; BW/1.1; bit.ly/2W6Px8S) Chrome/74.0.3729.131 Safari/537.36"
3.97.7.252 - - [05/Feb/2022:07:41:20 +0700] "GET /assets/js/script.js HTTP/1.1" 200 2615 "http://escon.cic.com.vn/" "Mozilla/5.0 (Windows NT 10.0; Win64; x64) AppleWebKit/537.36 (KHTML, like Gecko; compatible; BW/1.1; bit.ly/2W6Px8S) Chrome/74.0.3729.131 Safari/537.36"
3.97.7.252 - - [05/Feb/2022:07:41:20 +0700] "GET /assets/js/jquery.nav.js HTTP/1.1" 200 1854 "http://escon.cic.com.vn/" "Mozilla/5.0 (Windows NT 10.0; Win64; x64) AppleWebKit/537.36 (KHTML, like Gecko; compatible; BW/1.1; bit.ly/2W6Px8S) Chrome/74.0.3729.131 Safari/537.36"
3.97.7.252 - - [05/Feb/2022:07:41:20 +0700] "GET /assets/js/jquery.magnific-popup.js HTTP/1.1" 200 13814 "http://escon.cic.com.vn/" "Mozilla/5.0 (Windows NT 10.0; Win64; x64) AppleWebKit/537.36 (KHTML, like Gecko; compatible; BW/1.1; bit.ly/2W6Px8S) Chrome/74.0.3729.131 Safari/537.36"
3.97.7.252 - - [05/Feb/2022:07:41:20 +0700] "GET /assets/js/jquery.placeholder.js HTTP/1.1" 200 1745 "http://escon.cic.com.vn/" "Mozilla/5.0 (Windows NT 10.0; Win64; x64) AppleWebKit/537.36 (KHTML, like Gecko; compatible; BW/1.1; bit.ly/2W6Px8S) Chrome/74.0.3729.131 Safari/537.36"
3.97.7.252 - - [05/Feb/2022:07:41:20 +0700] "GET /assets/js/wow.js HTTP/1.1" 200 2807 "http://escon.cic.com.vn/" "Mozilla/5.0 (Windows NT 10.0; Win64; x64) AppleWebKit/537.36 (KHTML, like Gecko; compatible; BW/1.1; bit.ly/2W6Px8S) Chrome/74.0.3729.131 Safari/537.36"
3.97.7.252 - - [05/Feb/2022:07:41:49 +0700] "GET /assets/js/owl.carousel.js HTTP/1.1" 200 8765 "-" "Mozilla/5.0 (Windows NT 10.0; Win64; x64) AppleWebKit/537.36 (KHTML, like Gecko; compatible; BW/1.1; bit.ly/2W6Px8S; d51414a7fc) Chrome/84.0.4147.105 Safari/537.36"
3.97.7.252 - - [05/Feb/2022:07:41:49 +0700] "GET /assets/js/smoothscroll.js HTTP/1.1" 200 2311 "-" "Mozilla/5.0 (Windows NT 10.0; Win64; x64) AppleWebKit/537.36 (KHTML, like Gecko; compatible; BW/1.1; bit.ly/2W6Px8S; d51414a7fc) Chrome/84.0.4147.105 Safari/537.36"
3.97.7.252 - - [05/Feb/2022:07:41:49 +0700] "GET /assets/js/script.js HTTP/1.1" 200 2615 "-" "Mozilla/5.0 (Windows NT 10.0; Win64; x64) AppleWebKit/537.36 (KHTML, like Gecko; compatible; BW/1.1; bit.ly/2W6Px8S; d51414a7fc) Chrome/84.0.4147.105 Safari/537.36"
3.97.7.252 - - [05/Feb/2022:07:42:01 +0700] "GET /assets/js/wow.js HTTP/1.1" 200 2807 "-" "Mozilla/5.0 (Windows NT 10.0; Win64; x64) AppleWebKit/537.36 (KHTML, like Gecko; compatible; BW/1.1; bit.ly/2W6Px8S; d51414a7fc) Chrome/84.0.4147.105 Safari/537.36"
66.249.68.32 - - [05/Feb/2022:15:01:57 +0700] "GET / HTTP/1.1" 200 12444 "-" "Mozilla/5.0 (compatible; Googlebot/2.1; +http://www.google.com/bot.html)"
66.249.68.62 - - [05/Feb/2022:15:02:09 +0700] "GET /assets/css/magnific-popup.css HTTP/1.1" 200 1764 "http://escon.cic.com.vn/" "Mozilla/5.0 AppleWebKit/537.36 (KHTML, like Gecko; compatible; Googlebot/2.1; +http://www.google.com/bot.html) Chrome/97.0.4692.71 Safari/537.36"
66.249.68.60 - - [05/Feb/2022:15:02:28 +0700] "GET /assets/js/owl.carousel.js HTTP/1.1" 200 8317 "http://escon.cic.com.vn/" "Mozilla/5.0 AppleWebKit/537.36 (KHTML, like Gecko; compatible; Googlebot/2.1; +http://www.google.com/bot.html) Chrome/97.0.4692.71 Safari/537.36"
66.249.68.60 - - [05/Feb/2022:15:02:31 +0700] "GET /assets/js/smoothscroll.js HTTP/1.1" 200 2136 "http://escon.cic.com.vn/" "Mozilla/5.0 AppleWebKit/537.36 (KHTML, like Gecko; compatible; Googlebot/2.1; +http://www.google.com/bot.html) Chrome/97.0.4692.71 Safari/537.36"
157.90.177.226 - - [06/Feb/2022:05:37:00 +0700] "GET /robots.txt HTTP/1.0" 404 372 "-" "Mozilla/5.0 (compatible; BLEXBot/1.0; +http://webmeup-crawler.com/)"
157.90.177.226 - - [06/Feb/2022:15:30:31 +0700] "GET /robots.txt HTTP/1.0" 404 372 "-" "Mozilla/5.0 (compatible; BLEXBot/1.0; +http://webmeup-crawler.com/)"
103.131.71.139 - - [06/Feb/2022:18:16:34 +0700] "GET /robots.txt HTTP/1.0" 404 372 "-" "Mozilla/5.0 (compatible; coccocbot-web/1.0; +http://help.coccoc.com/searchengine)"
103.131.71.183 - - [06/Feb/2022:18:16:44 +0700] "GET / HTTP/1.0" 200 290 "-" "Mozilla/5.0 (compatible; coccocbot-web/1.0; +http://help.coccoc.com/searchengine)"
157.90.177.226 - - [07/Feb/2022:01:12:41 +0700] "GET /robots.txt HTTP/1.0" 404 372 "-" "Mozilla/5.0 (compatible; BLEXBot/1.0; +http://webmeup-crawler.com/)"
103.131.71.183 - - [06/Feb/2022:18:16:44 +0700] "GET / HTTP/1.1" 304 0 "-" "Mozilla/5.0 (compatible; coccocbot-web/1.0; +http://help.coccoc.com/searchengine)"
103.131.71.61 - - [07/Feb/2022:09:23:50 +0700] "GET /robots.txt HTTP/1.0" 404 372 "-" "Mozilla/5.0 (compatible; coccocbot-web/1.0; +http://help.coccoc.com/searchengine)"
103.131.71.152 - - [07/Feb/2022:09:24:00 +0700] "GET / HTTP/1.0" 200 290 "-" "Mozilla/5.0 (compatible; coccocbot-web/1.0; +http://help.coccoc.com/searchengine)"
157.90.177.226 - - [07/Feb/2022:09:39:56 +0700] "GET /robots.txt HTTP/1.0" 404 372 "-" "Mozilla/5.0 (compatible; BLEXBot/1.0; +http://webmeup-crawler.com/)"
51.222.253.12 - - [07/Feb/2022:13:44:53 +0700] "GET /robots.txt HTTP/1.0" 404 372 "-" "Mozilla/5.0 (compatible; AhrefsBot/7.0; +http://ahrefs.com/robot/)"
157.90.177.226 - - [07/Feb/2022:18:00:26 +0700] "GET /robots.txt HTTP/1.0" 404 372 "-" "Mozilla/5.0 (compatible; BLEXBot/1.0; +http://webmeup-crawler.com/)"
157.90.177.226 - - [08/Feb/2022:02:17:44 +0700] "GET /robots.txt HTTP/1.0" 404 372 "-" "Mozilla/5.0 (compatible; BLEXBot/1.0; +http://webmeup-crawler.com/)"
103.131.71.152 - - [07/Feb/2022:09:24:00 +0700] "GET / HTTP/1.1" 304 0 "-" "Mozilla/5.0 (compatible; coccocbot-web/1.0; +http://help.coccoc.com/searchengine)"
157.90.177.226 - - [08/Feb/2022:09:34:29 +0700] "GET /robots.txt HTTP/1.0" 404 372 "-" "Mozilla/5.0 (compatible; BLEXBot/1.0; +http://webmeup-crawler.com/)"
157.90.177.226 - - [08/Feb/2022:16:27:35 +0700] "GET /robots.txt HTTP/1.0" 404 372 "-" "Mozilla/5.0 (compatible; BLEXBot/1.0; +http://webmeup-crawler.com/)"
103.131.71.162 - - [08/Feb/2022:16:55:22 +0700] "GET /robots.txt HTTP/1.0" 404 372 "-" "Mozilla/5.0 (compatible; coccocbot-web/1.0; +http://help.coccoc.com/searchengine)"
157.90.177.226 - - [08/Feb/2022:23:26:17 +0700] "GET /robots.txt HTTP/1.0" 404 372 "-" "Mozilla/5.0 (compatible; BLEXBot/1.0; +http://webmeup-crawler.com/)"
103.131.71.135 - - [09/Feb/2022:08:43:09 +0700] "GET /robots.txt HTTP/1.0" 404 372 "-" "Mozilla/5.0 (compatible; coccocbot-web/1.0; +http://help.coccoc.com/searchengine)"
54.36.148.12 - - [09/Feb/2022:22:59:53 +0700] "GET /robots.txt HTTP/1.0" 404 372 "-" "Mozilla/5.0 (compatible; AhrefsBot/7.0; +http://ahrefs.com/robot/)"
50.60.28.246 - - [10/Feb/2022:00:21:17 +0700] "GET /wp-includes/wlwmanifest.xml HTTP/1.0" 404 389 "-" "python-requests/2.26.0"
103.131.71.46 - - [10/Feb/2022:19:01:31 +0700] "GET /robots.txt HTTP/1.0" 404 372 "-" "Mozilla/5.0 (compatible; coccocbot-image/1.0; +http://help.coccoc.com/searchengine)"
103.131.71.181 - - [11/Feb/2022:13:58:32 +0700] "GET /robots.txt HTTP/1.0" 404 372 "-" "Mozilla/5.0 (compatible; coccocbot-web/1.0; +http://help.coccoc.com/searchengine)"
103.131.71.131 - - [11/Feb/2022:13:58:42 +0700] "GET / HTTP/1.0" 200 290 "-" "Mozilla/5.0 (compatible; coccocbot-web/1.0; +http://help.coccoc.com/searchengine)"
34.96.130.12 - - [11/Feb/2022:16:45:48 +0700] "GET / HTTP/1.0" 200 290 "-" "Expanse indexes the network perimeters of our customers. If you have any questions or concerns, please reach out to: scaninfo@expanseinc.com"
103.131.71.32 - - [11/Feb/2022:22:29:54 +0700] "GET /robots.txt HTTP/1.0" 404 372 "-" "Mozilla/5.0 (compatible; coccocbot-image/1.0; +http://help.coccoc.com/searchengine)"
103.131.71.131 - - [11/Feb/2022:13:58:42 +0700] "GET / HTTP/1.1" 304 0 "-" "Mozilla/5.0 (compatible; coccocbot-web/1.0; +http://help.coccoc.com/searchengine)"
34.96.130.12 - - [11/Feb/2022:16:45:48 +0700] "GET / HTTP/1.1" 200 56096 "-" "Expanse indexes the network perimeters of our customers. If you have any questions or concerns, please reach out to: scaninfo@expanseinc.com"
103.131.71.70 - - [12/Feb/2022:07:17:36 +0700] "GET /robots.txt HTTP/1.0" 404 372 "-" "Mozilla/5.0 (compatible; coccocbot-web/1.0; +http://help.coccoc.com/searchengine)"
103.131.71.155 - - [12/Feb/2022:07:18:02 +0700] "GET / HTTP/1.0" 200 290 "-" "Mozilla/5.0 (compatible; coccocbot-web/1.0; +http://help.coccoc.com/searchengine)"
20.109.241.98 - - [12/Feb/2022:12:43:31 +0700] "GET /images/team5.png HTTP/1.0" 200 298 "-" "Mozilla/5.0 (X11; Linux x86_64) AppleWebKit/537.36 (KHTML, like Gecko) Chrome/74.0.3729.169 Safari/537.36"
103.131.71.213 - - [12/Feb/2022:17:38:50 +0700] "GET /robots.txt HTTP/1.0" 404 372 "-" "Mozilla/5.0 (compatible; coccocbot-image/1.0; +http://help.coccoc.com/searchengine)"
103.131.71.68 - - [12/Feb/2022:19:50:53 +0700] "GET /robots.txt HTTP/1.0" 404 372 "-" "Mozilla/5.0 (compatible; coccocbot-web/1.0; +http://help.coccoc.com/searchengine)"
103.131.71.161 - - [12/Feb/2022:19:51:20 +0700] "GET / HTTP/1.0" 200 290 "-" "Mozilla/5.0 (compatible; coccocbot-web/1.0; +http://help.coccoc.com/searchengine)"
103.131.71.155 - - [12/Feb/2022:07:18:02 +0700] "GET / HTTP/1.1" 304 0 "-" "Mozilla/5.0 (compatible; coccocbot-web/1.0; +http://help.coccoc.com/searchengine)"
20.109.241.98 - - [12/Feb/2022:12:43:31 +0700] "GET /images/team5.png HTTP/1.1" 200 28968 "-" "Mozilla/5.0 (X11; Linux x86_64) AppleWebKit/537.36 (KHTML, like Gecko) Chrome/74.0.3729.169 Safari/537.36"
103.131.71.161 - - [12/Feb/2022:19:51:20 +0700] "GET / HTTP/1.1" 304 0 "-" "Mozilla/5.0 (compatible; coccocbot-web/1.0; +http://help.coccoc.com/searchengine)"
20.106.28.18 - - [13/Feb/2022:07:49:59 +0700] "GET /images/team1.png HTTP/1.0" 200 298 "-" "Mozilla/5.0 (X11; Linux x86_64) AppleWebKit/537.36 (KHTML, like Gecko) Chrome/74.0.3729.169 Safari/537.36"
103.131.71.61 - - [13/Feb/2022:08:39:35 +0700] "GET /robots.txt HTTP/1.0" 404 372 "-" "Mozilla/5.0 (compatible; coccocbot-web/1.0; +http://help.coccoc.com/searchengine)"
103.131.71.68 - - [13/Feb/2022:08:39:45 +0700] "GET / HTTP/1.0" 200 290 "-" "Mozilla/5.0 (compatible; coccocbot-web/1.0; +http://help.coccoc.com/searchengine)"
103.131.71.67 - - [13/Feb/2022:16:07:03 +0700] "GET /robots.txt HTTP/1.0" 404 372 "-" "Mozilla/5.0 (compatible; coccocbot-web/1.0; +http://help.coccoc.com/searchengine)"
103.131.71.177 - - [13/Feb/2022:17:04:05 +0700] "GET /robots.txt HTTP/1.0" 404 372 "-" "Mozilla/5.0 (compatible; coccocbot-web/1.0; +http://help.coccoc.com/searchengine)"
103.131.71.186 - - [13/Feb/2022:17:04:17 +0700] "GET / HTTP/1.0" 200 290 "-" "Mozilla/5.0 (compatible; coccocbot-web/1.0; +http://help.coccoc.com/searchengine)"
20.106.28.18 - - [13/Feb/2022:07:49:59 +0700] "GET /images/team1.png HTTP/1.1" 200 22495 "-" "Mozilla/5.0 (X11; Linux x86_64) AppleWebKit/537.36 (KHTML, like Gecko) Chrome/74.0.3729.169 Safari/537.36"
103.131.71.68 - - [13/Feb/2022:08:39:45 +0700] "GET / HTTP/1.1" 304 0 "-" "Mozilla/5.0 (compatible; coccocbot-web/1.0; +http://help.coccoc.com/searchengine)"
103.131.71.186 - - [13/Feb/2022:17:04:17 +0700] "GET / HTTP/1.1" 304 0 "-" "Mozilla/5.0 (compatible; coccocbot-web/1.0; +http://help.coccoc.com/searchengine)"
103.131.71.91 - - [14/Feb/2022:11:00:15 +0700] "GET /robots.txt HTTP/1.0" 404 372 "-" "Mozilla/5.0 (compatible; coccocbot-web/1.0; +http://help.coccoc.com/searchengine)"
103.131.71.130 - - [14/Feb/2022:11:00:25 +0700] "GET / HTTP/1.0" 200 290 "-" "Mozilla/5.0 (compatible; coccocbot-web/1.0; +http://help.coccoc.com/searchengine)"
103.131.71.130 - - [14/Feb/2022:11:00:25 +0700] "GET / HTTP/1.1" 304 0 "-" "Mozilla/5.0 (compatible; coccocbot-web/1.0; +http://help.coccoc.com/searchengine)"
103.131.71.43 - - [15/Feb/2022:04:49:52 +0700] "GET /robots.txt HTTP/1.0" 404 372 "-" "Mozilla/5.0 (compatible; coccocbot-image/1.0; +http://help.coccoc.com/searchengine)"
20.127.161.205 - - [15/Feb/2022:08:47:56 +0700] "GET /installer.php HTTP/1.0" 404 337 "-" "Mozilla/5.0 (Windows NT 10.0; Win64; x64; rv:71.0) Gecko/20100101 Firefox/71.0"
103.131.71.201 - - [15/Feb/2022:21:02:04 +0700] "GET /robots.txt HTTP/1.0" 404 372 "-" "Mozilla/5.0 (compatible; coccocbot-image/1.0; +http://help.coccoc.com/searchengine)"
40.77.167.106 - - [16/Feb/2022:05:20:16 +0700] "GET /robots.txt HTTP/1.0" 404 372 "-" "Mozilla/5.0 (compatible; bingbot/2.0; +http://www.bing.com/bingbot.htm)"
207.46.13.33 - - [16/Feb/2022:05:20:21 +0700] "GET /images/faq-mockup.png HTTP/1.0" 200 303 "-" "Mozilla/5.0 (compatible; bingbot/2.0; +http://www.bing.com/bingbot.htm)"
20.109.241.96 - - [16/Feb/2022:08:03:18 +0700] "GET /images/team4.png HTTP/1.0" 200 298 "-" "Mozilla/5.0 (Macintosh; Intel Mac OS X 10_11_6) AppleWebKit/605.1.15 (KHTML, like Gecko) Version/11.1.2 Safari/605.1.15"
20.109.241.96 - - [16/Feb/2022:12:33:31 +0700] "GET /images/team2.png HTTP/1.0" 200 298 "-" "Mozilla/5.0 (Windows NT 10.0; Win64; x64) AppleWebKit/537.36 (KHTML, like Gecko) Chrome/74.0.3729.157 Safari/537.36"
103.131.71.207 - - [16/Feb/2022:14:15:59 +0700] "GET /robots.txt HTTP/1.0" 404 372 "-" "Mozilla/5.0 (compatible; coccocbot-image/1.0; +http://help.coccoc.com/searchengine)"
103.131.71.83 - - [16/Feb/2022:14:16:21 +0700] "GET /robots.txt HTTP/1.0" 404 372 "-" "Mozilla/5.0 (compatible; coccocbot-web/1.0; +http://help.coccoc.com/searchengine)"
103.131.71.87 - - [16/Feb/2022:14:16:40 +0700] "GET / HTTP/1.0" 200 290 "-" "Mozilla/5.0 (compatible; coccocbot-web/1.0; +http://help.coccoc.com/searchengine)"
74.208.85.227 - - [16/Feb/2022:21:03:21 +0700] "GET /editors/fckeditor/editor/filemanager/upload/test.html HTTP/1.0" 404 415 "-" "Mozilla/4.0 (compatible; MSIE 8.0; Windows NT 6.1; Trident/4.0)"
74.208.85.227 - - [16/Feb/2022:21:03:22 +0700] "GET /editor/filemanager/connectors/uploadtest.html HTTP/1.0" 404 407 "-" "Mozilla/4.0 (compatible; MSIE 8.0; Windows NT 6.1; Trident/4.0)"
74.208.85.227 - - [16/Feb/2022:21:03:22 +0700] "GET /admin/editors/fckeditor/editor/filemanager/upload/test.html HTTP/1.0" 404 421 "-" "Mozilla/4.0 (compatible; MSIE 8.0; Windows NT 6.1; Trident/4.0)"
74.208.85.227 - - [16/Feb/2022:21:03:22 +0700] "GET /administrator/editors/fckeditor/editor/filemanager/upload/test.html HTTP/1.0" 404 429 "-" "Mozilla/4.0 (compatible; MSIE 8.0; Windows NT 6.1; Trident/4.0)"
74.208.85.227 - - [16/Feb/2022:21:03:23 +0700] "GET /FCKeditor/editor/filemanager/connectors/uploadtest.html HTTP/1.0" 404 417 "-" "Mozilla/4.0 (compatible; MSIE 8.0; Windows NT 6.1; Trident/4.0)"
74.208.85.227 - - [16/Feb/2022:21:03:23 +0700] "GET /admin/FCKeditor/editor/filemanager/connectors/uploadtest.html HTTP/1.0" 404 423 "-" "Mozilla/4.0 (compatible; MSIE 8.0; Windows NT 6.1; Trident/4.0)"
74.208.85.227 - - [16/Feb/2022:21:03:23 +0700] "GET /administrator/FCKeditor/editor/filemanager/connectors/uploadtest.html HTTP/1.0" 404 431 "-" "Mozilla/4.0 (compatible; MSIE 8.0; Windows NT 6.1; Trident/4.0)"
74.208.85.227 - - [16/Feb/2022:21:03:23 +0700] "GET /cms/FCKeditor/editor/filemanager/connectors/uploadtest.html HTTP/1.0" 404 421 "-" "Mozilla/4.0 (compatible; MSIE 8.0; Windows NT 6.1; Trident/4.0)"
74.208.85.227 - - [16/Feb/2022:21:03:24 +0700] "GET /FCKeditor1/editor/filemanager/connectors/uploadtest.html HTTP/1.0" 404 418 "-" "Mozilla/4.0 (compatible; MSIE 8.0; Windows NT 6.1; Trident/4.0)"
74.208.85.227 - - [16/Feb/2022:21:03:24 +0700] "GET /admin/FCKeditor1/editor/filemanager/connectors/uploadtest.html HTTP/1.0" 404 424 "-" "Mozilla/4.0 (compatible; MSIE 8.0; Windows NT 6.1; Trident/4.0)"
74.208.85.227 - - [16/Feb/2022:21:03:24 +0700] "GET /administrator/FCKeditor1/editor/filemanager/connectors/uploadtest.html HTTP/1.0" 404 432 "-" "Mozilla/4.0 (compatible; MSIE 8.0; Windows NT 6.1; Trident/4.0)"
74.208.85.227 - - [16/Feb/2022:21:03:25 +0700] "GET /mods/ckeditor/filemanager/connectors/uploadtest.html HTTP/1.0" 404 414 "-" "Mozilla/4.0 (compatible; MSIE 8.0; Windows NT 6.1; Trident/4.0)"
74.208.85.227 - - [16/Feb/2022:21:03:25 +0700] "GET /login/editors/fckeditor/editor/filemanager/upload/test.html HTTP/1.0" 404 421 "-" "Mozilla/4.0 (compatible; MSIE 8.0; Windows NT 6.1; Trident/4.0)"
74.208.85.227 - - [16/Feb/2022:21:03:25 +0700] "GET /admin/FCKeditor_Ap/editor/filemanager/connectors/uploadtest.html HTTP/1.0" 404 426 "-" "Mozilla/4.0 (compatible; MSIE 8.0; Windows NT 6.1; Trident/4.0)"
74.208.85.227 - - [16/Feb/2022:21:03:25 +0700] "GET /FCKeditor_Ap/editor/filemanager/connectors/uploadtest.html HTTP/1.0" 404 420 "-" "Mozilla/4.0 (compatible; MSIE 8.0; Windows NT 6.1; Trident/4.0)"
74.208.85.227 - - [16/Feb/2022:21:03:26 +0700] "GET /bbadmin/editors/fckeditor/editor/filemanager/upload/test.html HTTP/1.0" 404 423 "-" "Mozilla/4.0 (compatible; MSIE 8.0; Windows NT 6.1; Trident/4.0)"
74.208.85.227 - - [16/Feb/2022:21:03:26 +0700] "GET /includes/editors/fckeditor/editor/filemanager/upload/test.html HTTP/1.0" 404 424 "-" "Mozilla/4.0 (compatible; MSIE 8.0; Windows NT 6.1; Trident/4.0)"
51.222.253.4 - - [16/Feb/2022:21:54:41 +0700] "GET /robots.txt HTTP/1.0" 404 372 "-" "Mozilla/5.0 (compatible; AhrefsBot/7.0; +http://ahrefs.com/robot/)"
103.131.71.89 - - [17/Feb/2022:01:30:42 +0700] "GET /robots.txt HTTP/1.0" 404 372 "-" "Mozilla/5.0 (compatible; coccocbot-web/1.0; +http://help.coccoc.com/searchengine)"
103.131.71.226 - - [17/Feb/2022:01:30:52 +0700] "GET / HTTP/1.0" 200 290 "-" "Mozilla/5.0 (compatible; coccocbot-web/1.0; +http://help.coccoc.com/searchengine)"
20.109.241.96 - - [17/Feb/2022:02:26:16 +0700] "GET /images/team3.png HTTP/1.0" 200 298 "-" "Mozilla/5.0 (X11; Linux x86_64) AppleWebKit/537.36 (KHTML, like Gecko) Chrome/74.0.3729.169 Safari/537.36"
207.46.13.33 - - [16/Feb/2022:05:20:22 +0700] "GET /images/faq-mockup.png HTTP/1.1" 200 49321 "-" "Mozilla/5.0 (compatible; bingbot/2.0; +http://www.bing.com/bingbot.htm)"
20.109.241.96 - - [16/Feb/2022:08:03:18 +0700] "GET /images/team4.png HTTP/1.1" 200 25257 "-" "Mozilla/5.0 (Macintosh; Intel Mac OS X 10_11_6) AppleWebKit/605.1.15 (KHTML, like Gecko) Version/11.1.2 Safari/605.1.15"
20.109.241.96 - - [16/Feb/2022:12:33:31 +0700] "GET /images/team2.png HTTP/1.1" 200 32212 "-" "Mozilla/5.0 (Windows NT 10.0; Win64; x64) AppleWebKit/537.36 (KHTML, like Gecko) Chrome/74.0.3729.157 Safari/537.36"
103.131.71.87 - - [16/Feb/2022:14:16:40 +0700] "GET / HTTP/1.1" 304 0 "-" "Mozilla/5.0 (compatible; coccocbot-web/1.0; +http://help.coccoc.com/searchengine)"
103.131.71.226 - - [17/Feb/2022:01:30:52 +0700] "GET / HTTP/1.1" 304 0 "-" "Mozilla/5.0 (compatible; coccocbot-web/1.0; +http://help.coccoc.com/searchengine)"
20.109.241.96 - - [17/Feb/2022:02:26:16 +0700] "GET /images/team3.png HTTP/1.1" 200 23245 "-" "Mozilla/5.0 (X11; Linux x86_64) AppleWebKit/537.36 (KHTML, like Gecko) Chrome/74.0.3729.169 Safari/537.36"
18.224.53.68 - - [17/Feb/2022:03:52:16 +0700] "GET / HTTP/1.0" 200 290 "-" "Mozilla/5.0 (Windows NT 10.0; Win64; x64) AppleWebKit/537.36 (KHTML, like Gecko; compatible; BW/1.1; bit.ly/2W6Px8S; d51414a7fc) Chrome/84.0.4147.105 Safari/537.36"
18.224.53.68 - - [17/Feb/2022:03:52:20 +0700] "GET /robots.txt HTTP/1.0" 404 372 "-" "Mozilla/5.0 (Windows NT 10.0; Win64; x64) AppleWebKit/537.36 (KHTML, like Gecko; compatible; BW/1.1; bit.ly/2W6Px8S; d51414a7fc) Chrome/84.0.4147.105 Safari/537.36"
87.250.224.102 - - [17/Feb/2022:05:57:20 +0700] "GET /robots.txt HTTP/1.0" 404 372 "-" "Mozilla/5.0 (compatible; YandexBot/3.0; +http://yandex.com/bots)"
213.180.203.18 - - [17/Feb/2022:05:57:23 +0700] "GET / HTTP/1.0" 200 290 "-" "Mozilla/5.0 (compatible; YandexBot/3.0; +http://yandex.com/bots)"
20.106.149.170 - - [17/Feb/2022:22:08:59 +0700] "GET /wp-admin/css/ HTTP/1.0" 404 375 "binance.com" "Mozilla/5.0 (Windows NT 10.0; Win64; x64) AppleWebKit/537.36 (KHTML, like Gecko) Chrome/90.0.4430.85 Safari/537.36"
20.106.149.170 - - [17/Feb/2022:22:09:40 +0700] "GET /.well-known/ HTTP/1.0" 404 374 "binance.com" "Mozilla/5.0 (Windows NT 10.0; Win64; x64) AppleWebKit/537.36 (KHTML, like Gecko) Chrome/90.0.4430.85 Safari/537.36"
20.106.149.170 - - [17/Feb/2022:22:10:23 +0700] "GET /sites/default/files/ HTTP/1.0" 404 382 "binance.com" "Mozilla/5.0 (Windows NT 10.0; Win64; x64) AppleWebKit/537.36 (KHTML, like Gecko) Chrome/90.0.4430.85 Safari/537.36"
20.106.149.170 - - [17/Feb/2022:22:11:03 +0700] "GET /admin/controller/extension/extension/ HTTP/1.0" 404 399 "binance.com" "Mozilla/5.0 (Windows NT 10.0; Win64; x64) AppleWebKit/537.36 (KHTML, like Gecko) Chrome/90.0.4430.85 Safari/537.36"
20.106.149.170 - - [17/Feb/2022:22:11:46 +0700] "GET /uploads/ HTTP/1.0" 404 370 "binance.com" "Mozilla/5.0 (Windows NT 10.0; Win64; x64) AppleWebKit/537.36 (KHTML, like Gecko) Chrome/90.0.4430.85 Safari/537.36"
20.106.149.170 - - [17/Feb/2022:22:12:29 +0700] "GET /images/ HTTP/1.0" 403 373 "binance.com" "Mozilla/5.0 (Windows NT 10.0; Win64; x64) AppleWebKit/537.36 (KHTML, like Gecko) Chrome/90.0.4430.85 Safari/537.36"
103.131.71.60 - - [18/Feb/2022:03:37:04 +0700] "GET /robots.txt HTTP/1.0" 404 372 "-" "Mozilla/5.0 (compatible; coccocbot-web/1.0; +http://help.coccoc.com/searchengine)"
103.131.71.191 - - [18/Feb/2022:03:37:14 +0700] "GET / HTTP/1.0" 200 290 "-" "Mozilla/5.0 (compatible; coccocbot-web/1.0; +http://help.coccoc.com/searchengine)"
18.224.53.68 - - [17/Feb/2022:03:52:16 +0700] "GET / HTTP/1.1" 200 13245 "-" "Mozilla/5.0 (Windows NT 10.0; Win64; x64) AppleWebKit/537.36 (KHTML, like Gecko; compatible; BW/1.1; bit.ly/2W6Px8S; d51414a7fc) Chrome/84.0.4147.105 Safari/537.36"
213.180.203.18 - - [17/Feb/2022:05:57:23 +0700] "GET / HTTP/1.1" 200 13245 "-" "Mozilla/5.0 (compatible; YandexBot/3.0; +http://yandex.com/bots)"
103.131.71.191 - - [18/Feb/2022:03:37:14 +0700] "GET / HTTP/1.1" 304 0 "-" "Mozilla/5.0 (compatible; coccocbot-web/1.0; +http://help.coccoc.com/searchengine)"
195.133.18.234 - - [18/Feb/2022:06:08:43 +0700] "GET /wp-admin/css/ HTTP/1.0" 404 375 "binance.com" "Mozilla/5.0 (Windows NT 10.0; Win64; x64) AppleWebKit/537.36 (KHTML, like Gecko) Chrome/90.0.4430.85 Safari/537.36"
195.133.18.234 - - [18/Feb/2022:06:08:59 +0700] "GET /.well-known/ HTTP/1.0" 404 374 "binance.com" "Mozilla/5.0 (Windows NT 10.0; Win64; x64) AppleWebKit/537.36 (KHTML, like Gecko) Chrome/90.0.4430.85 Safari/537.36"
195.133.18.234 - - [18/Feb/2022:06:09:11 +0700] "GET /sites/default/files/ HTTP/1.0" 404 382 "binance.com" "Mozilla/5.0 (Windows NT 10.0; Win64; x64) AppleWebKit/537.36 (KHTML, like Gecko) Chrome/90.0.4430.85 Safari/537.36"
195.133.18.234 - - [18/Feb/2022:06:09:26 +0700] "GET /admin/controller/extension/extension/ HTTP/1.0" 404 399 "binance.com" "Mozilla/5.0 (Windows NT 10.0; Win64; x64) AppleWebKit/537.36 (KHTML, like Gecko) Chrome/90.0.4430.85 Safari/537.36"
195.133.18.234 - - [18/Feb/2022:06:09:38 +0700] "GET /uploads/ HTTP/1.0" 404 370 "binance.com" "Mozilla/5.0 (Windows NT 10.0; Win64; x64) AppleWebKit/537.36 (KHTML, like Gecko) Chrome/90.0.4430.85 Safari/537.36"
195.133.18.234 - - [18/Feb/2022:06:09:48 +0700] "GET /images/ HTTP/1.0" 403 373 "binance.com" "Mozilla/5.0 (Windows NT 10.0; Win64; x64) AppleWebKit/537.36 (KHTML, like Gecko) Chrome/90.0.4430.85 Safari/537.36"
103.131.71.44 - - [20/Feb/2022:02:00:07 +0700] "GET /robots.txt HTTP/1.0" 404 372 "-" "Mozilla/5.0 (compatible; coccocbot-image/1.0; +http://help.coccoc.com/searchengine)"
66.249.68.60 - - [20/Feb/2022:03:12:42 +0700] "GET /robots.txt HTTP/1.0" 404 372 "-" "Mozilla/5.0 (compatible; Googlebot/2.1; +http://www.google.com/bot.html)"
66.249.68.60 - - [20/Feb/2022:03:12:52 +0700] "GET / HTTP/1.0" 200 290 "-" "Mozilla/5.0 (Linux; Android 6.0.1; Nexus 5X Build/MMB29P) AppleWebKit/537.36 (KHTML, like Gecko) Chrome/98.0.4758.102 Mobile Safari/537.36 (compatible; Googlebot/2.1; +http://www.google.com/bot.html)"
66.249.68.62 - - [20/Feb/2022:03:13:02 +0700] "GET /assets/css/owl.carousel.css HTTP/1.0" 200 308 "http://escon.cic.com.vn/" "Mozilla/5.0 (Linux; Android 6.0.1; Nexus 5X Build/MMB29P) AppleWebKit/537.36 (KHTML, like Gecko) Chrome/98.0.4758.80 Mobile Safari/537.36 (compatible; Googlebot/2.1; +http://www.google.com/bot.html)"
66.249.68.60 - - [20/Feb/2022:03:13:03 +0700] "GET /assets/css/magnific-popup.css HTTP/1.0" 200 310 "http://escon.cic.com.vn/" "Mozilla/5.0 (Linux; Android 6.0.1; Nexus 5X Build/MMB29P) AppleWebKit/537.36 (KHTML, like Gecko) Chrome/98.0.4758.80 Mobile Safari/537.36 (compatible; Googlebot/2.1; +http://www.google.com/bot.html)"
66.249.68.62 - - [20/Feb/2022:03:13:04 +0700] "GET /assets/font-awesome-4.3.0/css/font-awesome.min.css HTTP/1.0" 200 331 "http://escon.cic.com.vn/" "Mozilla/5.0 (Linux; Android 6.0.1; Nexus 5X Build/MMB29P) AppleWebKit/537.36 (KHTML, like Gecko) Chrome/98.0.4758.80 Mobile Safari/537.36 (compatible; Googlebot/2.1; +http://www.google.com/bot.html)"
66.249.68.32 - - [20/Feb/2022:03:13:05 +0700] "GET /assets/css/responsive.css HTTP/1.0" 200 306 "http://escon.cic.com.vn/" "Mozilla/5.0 (Linux; Android 6.0.1; Nexus 5X Build/MMB29P) AppleWebKit/537.36 (KHTML, like Gecko) Chrome/98.0.4758.80 Mobile Safari/537.36 (compatible; Googlebot/2.1; +http://www.google.com/bot.html)"
66.249.68.60 - - [20/Feb/2022:03:13:13 +0700] "GET /assets/js/bootstrap.min.js HTTP/1.0" 200 321 "http://escon.cic.com.vn/" "Mozilla/5.0 (Linux; Android 6.0.1; Nexus 5X Build/MMB29P) AppleWebKit/537.36 (KHTML, like Gecko) Chrome/98.0.4758.80 Mobile Safari/537.36 (compatible; Googlebot/2.1; +http://www.google.com/bot.html)"
66.249.68.62 - - [20/Feb/2022:03:13:14 +0700] "GET /assets/js/jquery.js HTTP/1.0" 200 314 "http://escon.cic.com.vn/" "Mozilla/5.0 (Linux; Android 6.0.1; Nexus 5X Build/MMB29P) AppleWebKit/537.36 (KHTML, like Gecko) Chrome/98.0.4758.80 Mobile Safari/537.36 (compatible; Googlebot/2.1; +http://www.google.com/bot.html)"
66.249.68.60 - - [20/Feb/2022:03:13:14 +0700] "GET /assets/js/smoothscroll.js HTTP/1.0" 200 320 "http://escon.cic.com.vn/" "Mozilla/5.0 (Linux; Android 6.0.1; Nexus 5X Build/MMB29P) AppleWebKit/537.36 (KHTML, like Gecko) Chrome/98.0.4758.80 Mobile Safari/537.36 (compatible; Googlebot/2.1; +http://www.google.com/bot.html)"
66.249.68.62 - - [20/Feb/2022:03:13:15 +0700] "GET /assets/js/jquery.scrollTo.min.js HTTP/1.0" 200 327 "http://escon.cic.com.vn/" "Mozilla/5.0 (Linux; Android 6.0.1; Nexus 5X Build/MMB29P) AppleWebKit/537.36 (KHTML, like Gecko) Chrome/98.0.4758.80 Mobile Safari/537.36 (compatible; Googlebot/2.1; +http://www.google.com/bot.html)"
66.249.68.60 - - [20/Feb/2022:03:13:15 +0700] "GET /assets/js/owl.carousel.js HTTP/1.0" 200 320 "http://escon.cic.com.vn/" "Mozilla/5.0 (Linux; Android 6.0.1; Nexus 5X Build/MMB29P) AppleWebKit/537.36 (KHTML, like Gecko) Chrome/98.0.4758.80 Mobile Safari/537.36 (compatible; Googlebot/2.1; +http://www.google.com/bot.html)"
66.249.68.60 - - [20/Feb/2022:03:13:16 +0700] "GET /assets/js/jquery.flexslider-min.js HTTP/1.0" 200 329 "http://escon.cic.com.vn/" "Mozilla/5.0 (Linux; Android 6.0.1; Nexus 5X Build/MMB29P) AppleWebKit/537.36 (KHTML, like Gecko) Chrome/98.0.4758.80 Mobile Safari/537.36 (compatible; Googlebot/2.1; +http://www.google.com/bot.html)"
66.249.68.62 - - [20/Feb/2022:03:13:17 +0700] "GET /assets/js/jquery.nav.js HTTP/1.0" 200 318 "http://escon.cic.com.vn/" "Mozilla/5.0 (Linux; Android 6.0.1; Nexus 5X Build/MMB29P) AppleWebKit/537.36 (KHTML, like Gecko) Chrome/98.0.4758.80 Mobile Safari/537.36 (compatible; Googlebot/2.1; +http://www.google.com/bot.html)"
66.249.68.60 - - [20/Feb/2022:03:13:18 +0700] "GET /assets/js/jquery.localScroll.min.js HTTP/1.0" 200 330 "http://escon.cic.com.vn/" "Mozilla/5.0 (Linux; Android 6.0.1; Nexus 5X Build/MMB29P) AppleWebKit/537.36 (KHTML, like Gecko) Chrome/98.0.4758.80 Mobile Safari/537.36 (compatible; Googlebot/2.1; +http://www.google.com/bot.html)"
66.249.68.62 - - [20/Feb/2022:03:19:54 +0700] "GET / HTTP/1.0" 200 290 "-" "Mozilla/5.0 (compatible; Googlebot/2.1; +http://www.google.com/bot.html)"
66.249.68.60 - - [20/Feb/2022:03:19:58 +0700] "GET /assets/css/bootstrap.css HTTP/1.0" 200 305 "http://escon.cic.com.vn/" "Mozilla/5.0 AppleWebKit/537.36 (KHTML, like Gecko; compatible; Googlebot/2.1; +http://www.google.com/bot.html) Chrome/98.0.4758.80 Safari/537.36"
66.249.68.60 - - [20/Feb/2022:03:19:58 +0700] "GET /assets/css/animate.css HTTP/1.0" 200 303 "http://escon.cic.com.vn/" "Mozilla/5.0 AppleWebKit/537.36 (KHTML, like Gecko; compatible; Googlebot/2.1; +http://www.google.com/bot.html) Chrome/98.0.4758.80 Safari/537.36"
66.249.68.62 - - [20/Feb/2022:03:19:58 +0700] "GET /assets/css/owl.theme.css HTTP/1.0" 200 305 "http://escon.cic.com.vn/" "Mozilla/5.0 AppleWebKit/537.36 (KHTML, like Gecko; compatible; Googlebot/2.1; +http://www.google.com/bot.html) Chrome/98.0.4758.80 Safari/537.36"
66.249.68.62 - - [20/Feb/2022:03:19:58 +0700] "GET /assets/css/style.css HTTP/1.0" 200 301 "http://escon.cic.com.vn/" "Mozilla/5.0 AppleWebKit/537.36 (KHTML, like Gecko; compatible; Googlebot/2.1; +http://www.google.com/bot.html) Chrome/98.0.4758.80 Safari/537.36"
66.249.68.62 - - [20/Feb/2022:03:19:59 +0700] "GET /assets/css/getformcontact.css HTTP/1.0" 200 310 "http://escon.cic.com.vn/" "Mozilla/5.0 AppleWebKit/537.36 (KHTML, like Gecko; compatible; Googlebot/2.1; +http://www.google.com/bot.html) Chrome/98.0.4758.80 Safari/537.36"
66.249.68.60 - - [20/Feb/2022:03:20:00 +0700] "GET /assets/js/jquery.magnific-popup.js HTTP/1.0" 200 329 "http://escon.cic.com.vn/" "Mozilla/5.0 AppleWebKit/537.36 (KHTML, like Gecko; compatible; Googlebot/2.1; +http://www.google.com/bot.html) Chrome/98.0.4758.80 Safari/537.36"
66.249.68.62 - - [20/Feb/2022:03:20:01 +0700] "GET /assets/js/jquery.ajaxchimp.min.js HTTP/1.0" 200 328 "http://escon.cic.com.vn/" "Mozilla/5.0 AppleWebKit/537.36 (KHTML, like Gecko; compatible; Googlebot/2.1; +http://www.google.com/bot.html) Chrome/98.0.4758.80 Safari/537.36"
66.249.68.60 - - [20/Feb/2022:03:20:02 +0700] "GET /assets/js/wow.js HTTP/1.0" 200 311 "http://escon.cic.com.vn/" "Mozilla/5.0 AppleWebKit/537.36 (KHTML, like Gecko; compatible; Googlebot/2.1; +http://www.google.com/bot.html) Chrome/98.0.4758.80 Safari/537.36"
66.249.68.60 - - [20/Feb/2022:03:20:04 +0700] "GET /assets/js/jquery.placeholder.js HTTP/1.0" 200 326 "http://escon.cic.com.vn/" "Mozilla/5.0 AppleWebKit/537.36 (KHTML, like Gecko; compatible; Googlebot/2.1; +http://www.google.com/bot.html) Chrome/98.0.4758.80 Safari/537.36"
66.249.68.60 - - [20/Feb/2022:03:20:04 +0700] "GET /assets/js/script.js HTTP/1.0" 200 314 "http://escon.cic.com.vn/" "Mozilla/5.0 AppleWebKit/537.36 (KHTML, like Gecko; compatible; Googlebot/2.1; +http://www.google.com/bot.html) Chrome/98.0.4758.80 Safari/537.36"
66.249.68.60 - - [20/Feb/2022:03:12:52 +0700] "GET / HTTP/1.1" 200 12444 "-" "Mozilla/5.0 (Linux; Android 6.0.1; Nexus 5X Build/MMB29P) AppleWebKit/537.36 (KHTML, like Gecko) Chrome/98.0.4758.102 Mobile Safari/537.36 (compatible; Googlebot/2.1; +http://www.google.com/bot.html)"
66.249.68.62 - - [20/Feb/2022:03:13:02 +0700] "GET /assets/css/owl.carousel.css HTTP/1.1" 200 486 "http://escon.cic.com.vn/" "Mozilla/5.0 (Linux; Android 6.0.1; Nexus 5X Build/MMB29P) AppleWebKit/537.36 (KHTML, like Gecko) Chrome/98.0.4758.80 Mobile Safari/537.36 (compatible; Googlebot/2.1; +http://www.google.com/bot.html)"
66.249.68.60 - - [20/Feb/2022:03:13:03 +0700] "GET /assets/css/magnific-popup.css HTTP/1.1" 200 1764 "http://escon.cic.com.vn/" "Mozilla/5.0 (Linux; Android 6.0.1; Nexus 5X Build/MMB29P) AppleWebKit/537.36 (KHTML, like Gecko) Chrome/98.0.4758.80 Mobile Safari/537.36 (compatible; Googlebot/2.1; +http://www.google.com/bot.html)"
66.249.68.62 - - [20/Feb/2022:03:13:04 +0700] "GET /assets/font-awesome-4.3.0/css/font-awesome.min.css HTTP/1.1" 200 5118 "http://escon.cic.com.vn/" "Mozilla/5.0 (Linux; Android 6.0.1; Nexus 5X Build/MMB29P) AppleWebKit/537.36 (KHTML, like Gecko) Chrome/98.0.4758.80 Mobile Safari/537.36 (compatible; Googlebot/2.1; +http://www.google.com/bot.html)"
66.249.68.32 - - [20/Feb/2022:03:13:05 +0700] "GET /assets/css/responsive.css HTTP/1.1" 200 1646 "http://escon.cic.com.vn/" "Mozilla/5.0 (Linux; Android 6.0.1; Nexus 5X Build/MMB29P) AppleWebKit/537.36 (KHTML, like Gecko) Chrome/98.0.4758.80 Mobile Safari/537.36 (compatible; Googlebot/2.1; +http://www.google.com/bot.html)"
66.249.68.60 - - [20/Feb/2022:03:13:13 +0700] "GET /assets/js/bootstrap.min.js HTTP/1.1" 200 8995 "http://escon.cic.com.vn/" "Mozilla/5.0 (Linux; Android 6.0.1; Nexus 5X Build/MMB29P) AppleWebKit/537.36 (KHTML, like Gecko) Chrome/98.0.4758.80 Mobile Safari/537.36 (compatible; Googlebot/2.1; +http://www.google.com/bot.html)"
66.249.68.62 - - [20/Feb/2022:03:13:14 +0700] "GET /assets/js/jquery.js HTTP/1.1" 200 78693 "http://escon.cic.com.vn/" "Mozilla/5.0 (Linux; Android 6.0.1; Nexus 5X Build/MMB29P) AppleWebKit/537.36 (KHTML, like Gecko) Chrome/98.0.4758.80 Mobile Safari/537.36 (compatible; Googlebot/2.1; +http://www.google.com/bot.html)"
66.249.68.60 - - [20/Feb/2022:03:13:14 +0700] "GET /assets/js/smoothscroll.js HTTP/1.1" 200 2136 "http://escon.cic.com.vn/" "Mozilla/5.0 (Linux; Android 6.0.1; Nexus 5X Build/MMB29P) AppleWebKit/537.36 (KHTML, like Gecko) Chrome/98.0.4758.80 Mobile Safari/537.36 (compatible; Googlebot/2.1; +http://www.google.com/bot.html)"
66.249.68.62 - - [20/Feb/2022:03:13:15 +0700] "GET /assets/js/jquery.scrollTo.min.js HTTP/1.1" 200 1210 "http://escon.cic.com.vn/" "Mozilla/5.0 (Linux; Android 6.0.1; Nexus 5X Build/MMB29P) AppleWebKit/537.36 (KHTML, like Gecko) Chrome/98.0.4758.80 Mobile Safari/537.36 (compatible; Googlebot/2.1; +http://www.google.com/bot.html)"
66.249.68.60 - - [20/Feb/2022:03:13:15 +0700] "GET /assets/js/owl.carousel.js HTTP/1.1" 200 8317 "http://escon.cic.com.vn/" "Mozilla/5.0 (Linux; Android 6.0.1; Nexus 5X Build/MMB29P) AppleWebKit/537.36 (KHTML, like Gecko) Chrome/98.0.4758.80 Mobile Safari/537.36 (compatible; Googlebot/2.1; +http://www.google.com/bot.html)"
66.249.68.60 - - [20/Feb/2022:03:13:16 +0700] "GET /assets/js/jquery.flexslider-min.js HTTP/1.1" 200 6009 "http://escon.cic.com.vn/" "Mozilla/5.0 (Linux; Android 6.0.1; Nexus 5X Build/MMB29P) AppleWebKit/537.36 (KHTML, like Gecko) Chrome/98.0.4758.80 Mobile Safari/537.36 (compatible; Googlebot/2.1; +http://www.google.com/bot.html)"
66.249.68.62 - - [20/Feb/2022:03:13:17 +0700] "GET /assets/js/jquery.nav.js HTTP/1.1" 200 1704 "http://escon.cic.com.vn/" "Mozilla/5.0 (Linux; Android 6.0.1; Nexus 5X Build/MMB29P) AppleWebKit/537.36 (KHTML, like Gecko) Chrome/98.0.4758.80 Mobile Safari/537.36 (compatible; Googlebot/2.1; +http://www.google.com/bot.html)"
66.249.68.60 - - [20/Feb/2022:03:13:18 +0700] "GET /assets/js/jquery.localScroll.min.js HTTP/1.1" 200 715 "http://escon.cic.com.vn/" "Mozilla/5.0 (Linux; Android 6.0.1; Nexus 5X Build/MMB29P) AppleWebKit/537.36 (KHTML, like Gecko) Chrome/98.0.4758.80 Mobile Safari/537.36 (compatible; Googlebot/2.1; +http://www.google.com/bot.html)"
66.249.68.62 - - [20/Feb/2022:03:19:54 +0700] "GET / HTTP/1.1" 200 12444 "-" "Mozilla/5.0 (compatible; Googlebot/2.1; +http://www.google.com/bot.html)"
66.249.68.60 - - [20/Feb/2022:03:19:58 +0700] "GET /assets/css/bootstrap.css HTTP/1.1" 200 19252 "http://escon.cic.com.vn/" "Mozilla/5.0 AppleWebKit/537.36 (KHTML, like Gecko; compatible; Googlebot/2.1; +http://www.google.com/bot.html) Chrome/98.0.4758.80 Safari/537.36"
66.249.68.60 - - [20/Feb/2022:03:19:58 +0700] "GET /assets/css/animate.css HTTP/1.1" 200 3493 "http://escon.cic.com.vn/" "Mozilla/5.0 AppleWebKit/537.36 (KHTML, like Gecko; compatible; Googlebot/2.1; +http://www.google.com/bot.html) Chrome/98.0.4758.80 Safari/537.36"
66.249.68.62 - - [20/Feb/2022:03:19:58 +0700] "GET /assets/css/owl.theme.css HTTP/1.1" 200 577 "http://escon.cic.com.vn/" "Mozilla/5.0 AppleWebKit/537.36 (KHTML, like Gecko; compatible; Googlebot/2.1; +http://www.google.com/bot.html) Chrome/98.0.4758.80 Safari/537.36"
66.249.68.62 - - [20/Feb/2022:03:19:58 +0700] "GET /assets/css/style.css HTTP/1.1" 200 9145 "http://escon.cic.com.vn/" "Mozilla/5.0 AppleWebKit/537.36 (KHTML, like Gecko; compatible; Googlebot/2.1; +http://www.google.com/bot.html) Chrome/98.0.4758.80 Safari/537.36"
66.249.68.62 - - [20/Feb/2022:03:19:59 +0700] "GET /assets/css/getformcontact.css HTTP/1.1" 200 2194 "http://escon.cic.com.vn/" "Mozilla/5.0 AppleWebKit/537.36 (KHTML, like Gecko; compatible; Googlebot/2.1; +http://www.google.com/bot.html) Chrome/98.0.4758.80 Safari/537.36"
66.249.68.60 - - [20/Feb/2022:03:20:00 +0700] "GET /assets/js/jquery.magnific-popup.js HTTP/1.1" 200 13247 "http://escon.cic.com.vn/" "Mozilla/5.0 AppleWebKit/537.36 (KHTML, like Gecko; compatible; Googlebot/2.1; +http://www.google.com/bot.html) Chrome/98.0.4758.80 Safari/537.36"
66.249.68.62 - - [20/Feb/2022:03:20:01 +0700] "GET /assets/js/jquery.ajaxchimp.min.js HTTP/1.1" 200 857 "http://escon.cic.com.vn/" "Mozilla/5.0 AppleWebKit/537.36 (KHTML, like Gecko; compatible; Googlebot/2.1; +http://www.google.com/bot.html) Chrome/98.0.4758.80 Safari/537.36"
66.249.68.60 - - [20/Feb/2022:03:20:02 +0700] "GET /assets/js/wow.js HTTP/1.1" 200 2603 "http://escon.cic.com.vn/" "Mozilla/5.0 AppleWebKit/537.36 (KHTML, like Gecko; compatible; Googlebot/2.1; +http://www.google.com/bot.html) Chrome/98.0.4758.80 Safari/537.36"
66.249.68.60 - - [20/Feb/2022:03:20:04 +0700] "GET /assets/js/jquery.placeholder.js HTTP/1.1" 200 1608 "http://escon.cic.com.vn/" "Mozilla/5.0 AppleWebKit/537.36 (KHTML, like Gecko; compatible; Googlebot/2.1; +http://www.google.com/bot.html) Chrome/98.0.4758.80 Safari/537.36"
66.249.68.60 - - [20/Feb/2022:03:20:05 +0700] "GET /assets/js/script.js HTTP/1.1" 200 2403 "http://escon.cic.com.vn/" "Mozilla/5.0 AppleWebKit/537.36 (KHTML, like Gecko; compatible; Googlebot/2.1; +http://www.google.com/bot.html) Chrome/98.0.4758.80 Safari/537.36"
157.90.177.226 - - [20/Feb/2022:04:37:17 +0700] "GET /robots.txt HTTP/1.0" 404 372 "-" "Mozilla/5.0 (compatible; BLEXBot/1.0; +http://webmeup-crawler.com/)"
103.131.71.22 - - [20/Feb/2022:10:10:22 +0700] "GET /robots.txt HTTP/1.0" 404 372 "-" "Mozilla/5.0 (compatible; coccocbot-image/1.0; +http://help.coccoc.com/searchengine)"
54.36.149.75 - - [20/Feb/2022:11:21:34 +0700] "GET /robots.txt HTTP/1.0" 404 372 "-" "Mozilla/5.0 (compatible; AhrefsBot/7.0; +http://ahrefs.com/robot/)"
103.131.71.25 - - [20/Feb/2022:21:12:55 +0700] "GET /robots.txt HTTP/1.0" 404 372 "-" "Mozilla/5.0 (compatible; coccocbot-image/1.0; +http://help.coccoc.com/searchengine)"
103.131.71.147 - - [21/Feb/2022:01:09:30 +0700] "GET /robots.txt HTTP/1.0" 404 372 "-" "Mozilla/5.0 (compatible; coccocbot-web/1.0; +http://help.coccoc.com/searchengine)"
40.77.167.106 - - [21/Feb/2022:10:46:44 +0700] "GET /robots.txt HTTP/1.0" 404 372 "-" "Mozilla/5.0 (compatible; bingbot/2.0; +http://www.bing.com/bingbot.htm)"
207.46.13.33 - - [21/Feb/2022:10:46:55 +0700] "GET /images/faq-mockup.png HTTP/1.0" 200 303 "-" "Mozilla/5.0 (compatible; bingbot/2.0; +http://www.bing.com/bingbot.htm)"
103.131.71.80 - - [21/Feb/2022:19:54:37 +0700] "GET /robots.txt HTTP/1.0" 404 372 "-" "Mozilla/5.0 (compatible; coccocbot-web/1.0; +http://help.coccoc.com/searchengine)"
103.131.71.168 - - [21/Feb/2022:19:54:47 +0700] "GET / HTTP/1.0" 200 290 "-" "Mozilla/5.0 (compatible; coccocbot-web/1.0; +http://help.coccoc.com/searchengine)"
51.222.253.18 - - [21/Feb/2022:21:09:28 +0700] "GET /robots.txt HTTP/1.0" 404 372 "-" "Mozilla/5.0 (compatible; AhrefsBot/7.0; +http://ahrefs.com/robot/)"
103.131.71.50 - - [22/Feb/2022:01:52:28 +0700] "GET /robots.txt HTTP/1.0" 404 372 "-" "Mozilla/5.0 (compatible; coccocbot-image/1.0; +http://help.coccoc.com/searchengine)"
207.46.13.33 - - [21/Feb/2022:10:46:55 +0700] "GET /images/faq-mockup.png HTTP/1.1" 200 49321 "-" "Mozilla/5.0 (compatible; bingbot/2.0; +http://www.bing.com/bingbot.htm)"
103.131.71.168 - - [21/Feb/2022:19:54:47 +0700] "GET / HTTP/1.1" 304 0 "-" "Mozilla/5.0 (compatible; coccocbot-web/1.0; +http://help.coccoc.com/searchengine)"
157.90.177.226 - - [22/Feb/2022:05:16:52 +0700] "GET /robots.txt HTTP/1.0" 404 372 "-" "Mozilla/5.0 (compatible; BLEXBot/1.0; +http://webmeup-crawler.com/)"
103.131.71.232 - - [22/Feb/2022:11:18:46 +0700] "GET /robots.txt HTTP/1.0" 404 372 "-" "Mozilla/5.0 (compatible; coccocbot-web/1.0; +http://help.coccoc.com/searchengine)"
103.131.71.78 - - [22/Feb/2022:11:19:00 +0700] "GET / HTTP/1.0" 200 290 "-" "Mozilla/5.0 (compatible; coccocbot-web/1.0; +http://help.coccoc.com/searchengine)"
157.55.39.135 - - [22/Feb/2022:22:44:23 +0700] "GET /images/screenshot3_3.png HTTP/1.0" 200 306 "-" "Mozilla/5.0 (compatible; bingbot/2.0; +http://www.bing.com/bingbot.htm)"
103.131.71.78 - - [22/Feb/2022:11:19:00 +0700] "GET / HTTP/1.1" 304 0 "-" "Mozilla/5.0 (compatible; coccocbot-web/1.0; +http://help.coccoc.com/searchengine)"
157.55.39.135 - - [22/Feb/2022:22:44:23 +0700] "GET /images/screenshot3_3.png HTTP/1.1" 200 78304 "-" "Mozilla/5.0 (compatible; bingbot/2.0; +http://www.bing.com/bingbot.htm)"
103.131.71.98 - - [23/Feb/2022:06:29:03 +0700] "GET /robots.txt HTTP/1.0" 404 372 "-" "Mozilla/5.0 (compatible; coccocbot-web/1.0; +http://help.coccoc.com/searchengine)"
20.211.24.124 - - [23/Feb/2022:09:52:32 +0700] "GET / HTTP/1.0" 200 290 "-" "Mozilla/5.0 (Windows NT 10.0; Win64; x64) AppleWebKit/537.36 (KHTML, like Gecko) Chrome/88.0.4240.193 Safari/537.36"
20.211.24.124 - - [23/Feb/2022:09:52:33 +0700] "GET / HTTP/1.0" 200 290 "-" "Mozilla/5.0 (Windows NT 10.0; Win64; x64) AppleWebKit/537.36 (KHTML, like Gecko) Chrome/88.0.4240.193 Safari/537.36"
20.211.24.124 - - [23/Feb/2022:09:52:34 +0700] "GET /wp-includes/wlwmanifest.xml HTTP/1.0" 404 389 "-" "Mozilla/5.0 (Windows NT 10.0; Win64; x64) AppleWebKit/537.36 (KHTML, like Gecko) Chrome/88.0.4240.193 Safari/537.36"
20.211.24.124 - - [23/Feb/2022:09:52:36 +0700] "GET / HTTP/1.0" 200 290 "-" "Mozilla/5.0 (Windows NT 10.0; Win64; x64) AppleWebKit/537.36 (KHTML, like Gecko) Chrome/88.0.4240.193 Safari/537.36"
20.211.24.124 - - [23/Feb/2022:09:52:37 +0700] "GET /blog/wp-includes/wlwmanifest.xml HTTP/1.0" 404 394 "-" "Mozilla/5.0 (Windows NT 10.0; Win64; x64) AppleWebKit/537.36 (KHTML, like Gecko) Chrome/88.0.4240.193 Safari/537.36"
20.211.24.124 - - [23/Feb/2022:09:52:37 +0700] "GET /web/wp-includes/wlwmanifest.xml HTTP/1.0" 404 393 "-" "Mozilla/5.0 (Windows NT 10.0; Win64; x64) AppleWebKit/537.36 (KHTML, like Gecko) Chrome/88.0.4240.193 Safari/537.36"
20.211.24.124 - - [23/Feb/2022:09:52:38 +0700] "GET /wordpress/wp-includes/wlwmanifest.xml HTTP/1.0" 404 399 "-" "Mozilla/5.0 (Windows NT 10.0; Win64; x64) AppleWebKit/537.36 (KHTML, like Gecko) Chrome/88.0.4240.193 Safari/537.36"
20.211.24.124 - - [23/Feb/2022:09:52:38 +0700] "GET /website/wp-includes/wlwmanifest.xml HTTP/1.0" 404 397 "-" "Mozilla/5.0 (Windows NT 10.0; Win64; x64) AppleWebKit/537.36 (KHTML, like Gecko) Chrome/88.0.4240.193 Safari/537.36"
20.211.24.124 - - [23/Feb/2022:09:52:39 +0700] "GET /wp/wp-includes/wlwmanifest.xml HTTP/1.0" 404 392 "-" "Mozilla/5.0 (Windows NT 10.0; Win64; x64) AppleWebKit/537.36 (KHTML, like Gecko) Chrome/88.0.4240.193 Safari/537.36"
20.211.24.124 - - [23/Feb/2022:09:52:39 +0700] "GET /news/wp-includes/wlwmanifest.xml HTTP/1.0" 404 394 "-" "Mozilla/5.0 (Windows NT 10.0; Win64; x64) AppleWebKit/537.36 (KHTML, like Gecko) Chrome/88.0.4240.193 Safari/537.36"
20.211.24.124 - - [23/Feb/2022:09:52:40 +0700] "GET /2020/wp-includes/wlwmanifest.xml HTTP/1.0" 404 394 "-" "Mozilla/5.0 (Windows NT 10.0; Win64; x64) AppleWebKit/537.36 (KHTML, like Gecko) Chrome/88.0.4240.193 Safari/537.36"
20.211.24.124 - - [23/Feb/2022:09:52:40 +0700] "GET /2019/wp-includes/wlwmanifest.xml HTTP/1.0" 404 394 "-" "Mozilla/5.0 (Windows NT 10.0; Win64; x64) AppleWebKit/537.36 (KHTML, like Gecko) Chrome/88.0.4240.193 Safari/537.36"
20.211.24.124 - - [23/Feb/2022:09:52:41 +0700] "GET /shop/wp-includes/wlwmanifest.xml HTTP/1.0" 404 394 "-" "Mozilla/5.0 (Windows NT 10.0; Win64; x64) AppleWebKit/537.36 (KHTML, like Gecko) Chrome/88.0.4240.193 Safari/537.36"
20.211.24.124 - - [23/Feb/2022:09:52:41 +0700] "GET /wp1/wp-includes/wlwmanifest.xml HTTP/1.0" 404 393 "-" "Mozilla/5.0 (Windows NT 10.0; Win64; x64) AppleWebKit/537.36 (KHTML, like Gecko) Chrome/88.0.4240.193 Safari/537.36"
20.211.24.124 - - [23/Feb/2022:09:52:42 +0700] "GET /test/wp-includes/wlwmanifest.xml HTTP/1.0" 404 394 "-" "Mozilla/5.0 (Windows NT 10.0; Win64; x64) AppleWebKit/537.36 (KHTML, like Gecko) Chrome/88.0.4240.193 Safari/537.36"
20.211.24.124 - - [23/Feb/2022:09:52:42 +0700] "GET /wp2/wp-includes/wlwmanifest.xml HTTP/1.0" 404 393 "-" "Mozilla/5.0 (Windows NT 10.0; Win64; x64) AppleWebKit/537.36 (KHTML, like Gecko) Chrome/88.0.4240.193 Safari/537.36"
20.211.24.124 - - [23/Feb/2022:09:52:43 +0700] "GET /site/wp-includes/wlwmanifest.xml HTTP/1.0" 404 394 "-" "Mozilla/5.0 (Windows NT 10.0; Win64; x64) AppleWebKit/537.36 (KHTML, like Gecko) Chrome/88.0.4240.193 Safari/537.36"
20.211.24.124 - - [23/Feb/2022:09:52:44 +0700] "GET /cms/wp-includes/wlwmanifest.xml HTTP/1.0" 404 393 "-" "Mozilla/5.0 (Windows NT 10.0; Win64; x64) AppleWebKit/537.36 (KHTML, like Gecko) Chrome/88.0.4240.193 Safari/537.36"
20.211.24.124 - - [23/Feb/2022:09:52:44 +0700] "GET /sito/wp-includes/wlwmanifest.xml HTTP/1.0" 404 394 "-" "Mozilla/5.0 (Windows NT 10.0; Win64; x64) AppleWebKit/537.36 (KHTML, like Gecko) Chrome/88.0.4240.193 Safari/537.36"
103.131.71.76 - - [23/Feb/2022:15:25:13 +0700] "GET /robots.txt HTTP/1.0" 404 372 "-" "Mozilla/5.0 (compatible; coccocbot-web/1.0; +http://help.coccoc.com/searchengine)"
54.36.148.236 - - [23/Feb/2022:18:45:19 +0700] "GET /robots.txt HTTP/1.0" 404 372 "-" "Mozilla/5.0 (compatible; AhrefsBot/7.0; +http://ahrefs.com/robot/)"
103.131.71.169 - - [23/Feb/2022:21:48:11 +0700] "GET /robots.txt HTTP/1.0" 404 372 "-" "Mozilla/5.0 (compatible; coccocbot-web/1.0; +http://help.coccoc.com/searchengine)"
103.131.71.70 - - [23/Feb/2022:21:48:21 +0700] "GET / HTTP/1.0" 200 290 "-" "Mozilla/5.0 (compatible; coccocbot-web/1.0; +http://help.coccoc.com/searchengine)"
193.123.107.160 - - [23/Feb/2022:05:10:26 +0700] "GET /.env HTTP/1.1" 403 146 "-" "Mozilla/5.0 (Macintosh; Intel Mac OS X 10.15; rv:77.0) Gecko/20100101 Firefox/77.0"
20.211.24.124 - - [23/Feb/2022:09:52:33 +0700] "GET / HTTP/1.1" 200 56096 "-" "Mozilla/5.0 (Windows NT 10.0; Win64; x64) AppleWebKit/537.36 (KHTML, like Gecko) Chrome/88.0.4240.193 Safari/537.36"
20.211.24.124 - - [23/Feb/2022:09:52:33 +0700] "GET / HTTP/1.1" 200 56096 "-" "Mozilla/5.0 (Windows NT 10.0; Win64; x64) AppleWebKit/537.36 (KHTML, like Gecko) Chrome/88.0.4240.193 Safari/537.36"
20.211.24.124 - - [23/Feb/2022:09:52:36 +0700] "GET / HTTP/1.1" 200 56096 "-" "Mozilla/5.0 (Windows NT 10.0; Win64; x64) AppleWebKit/537.36 (KHTML, like Gecko) Chrome/88.0.4240.193 Safari/537.36"
103.131.71.70 - - [23/Feb/2022:21:48:21 +0700] "GET / HTTP/1.1" 304 0 "-" "Mozilla/5.0 (compatible; coccocbot-web/1.0; +http://help.coccoc.com/searchengine)"
51.222.253.9 - - [25/Feb/2022:08:08:02 +0700] "GET /robots.txt HTTP/1.0" 404 372 "-" "Mozilla/5.0 (compatible; AhrefsBot/7.0; +http://ahrefs.com/robot/)"
213.180.203.97 - - [25/Feb/2022:09:22:06 +0700] "GET /robots.txt HTTP/1.0" 404 372 "-" "Mozilla/5.0 (compatible; YandexBot/3.0; +http://yandex.com/bots)"
87.250.224.171 - - [25/Feb/2022:09:22:10 +0700] "GET / HTTP/1.0" 200 290 "-" "Mozilla/5.0 (compatible; YandexBot/3.0; +http://yandex.com/bots)"
103.131.71.43 - - [26/Feb/2022:04:06:58 +0700] "GET /robots.txt HTTP/1.0" 404 372 "-" "Mozilla/5.0 (compatible; coccocbot-image/1.0; +http://help.coccoc.com/searchengine)"
87.250.224.171 - - [25/Feb/2022:09:22:10 +0700] "GET / HTTP/1.1" 200 13245 "-" "Mozilla/5.0 (compatible; YandexBot/3.0; +http://yandex.com/bots)"
103.131.71.61 - - [26/Feb/2022:06:18:31 +0700] "GET /robots.txt HTTP/1.0" 404 372 "-" "Mozilla/5.0 (compatible; coccocbot-web/1.0; +http://help.coccoc.com/searchengine)"
103.131.71.134 - - [26/Feb/2022:06:18:41 +0700] "GET / HTTP/1.0" 200 290 "-" "Mozilla/5.0 (compatible; coccocbot-web/1.0; +http://help.coccoc.com/searchengine)"
216.244.66.243 - - [26/Feb/2022:07:21:54 +0700] "GET /robots.txt HTTP/1.0" 404 372 "-" "Mozilla/5.0 (compatible; DotBot/1.2; +https://opensiteexplorer.org/dotbot; help@moz.com)"
216.244.66.243 - - [26/Feb/2022:07:27:31 +0700] "GET /images/screenshot2_2.png HTTP/1.0" 200 306 "-" "Mozilla/5.0 (compatible; DotBot/1.2; +https://opensiteexplorer.org/dotbot; help@moz.com)"
40.77.167.106 - - [26/Feb/2022:11:31:57 +0700] "GET /robots.txt HTTP/1.0" 404 372 "-" "Mozilla/5.0 (compatible; bingbot/2.0; +http://www.bing.com/bingbot.htm)"
207.46.13.21 - - [26/Feb/2022:11:32:08 +0700] "GET /images/team2.png HTTP/1.0" 200 298 "-" "Mozilla/5.0 (compatible; bingbot/2.0; +http://www.bing.com/bingbot.htm)"
216.244.66.243 - - [26/Feb/2022:20:30:29 +0700] "GET /robots.txt HTTP/1.0" 404 372 "-" "Mozilla/5.0 (compatible; DotBot/1.2; +https://opensiteexplorer.org/dotbot; help@moz.com)"
216.244.66.243 - - [26/Feb/2022:20:37:00 +0700] "GET /images/screenshot6_6.png HTTP/1.0" 200 306 "-" "Mozilla/5.0 (compatible; DotBot/1.2; +https://opensiteexplorer.org/dotbot; help@moz.com)"
216.244.66.243 - - [26/Feb/2022:21:22:17 +0700] "GET /robots.txt HTTP/1.0" 404 372 "-" "Mozilla/5.0 (compatible; DotBot/1.2; +https://opensiteexplorer.org/dotbot; help@moz.com)"
103.131.71.38 - - [26/Feb/2022:21:28:15 +0700] "GET /robots.txt HTTP/1.0" 404 372 "-" "Mozilla/5.0 (compatible; coccocbot-image/1.0; +http://help.coccoc.com/searchengine)"
216.244.66.243 - - [26/Feb/2022:21:29:03 +0700] "GET /images/screenshot1_1.png HTTP/1.0" 200 306 "-" "Mozilla/5.0 (compatible; DotBot/1.2; +https://opensiteexplorer.org/dotbot; help@moz.com)"
103.131.71.134 - - [26/Feb/2022:06:18:41 +0700] "GET / HTTP/1.1" 200 13245 "-" "Mozilla/5.0 (compatible; coccocbot-web/1.0; +http://help.coccoc.com/searchengine)"
216.244.66.243 - - [26/Feb/2022:07:27:31 +0700] "GET /images/screenshot2_2.png HTTP/1.1" 200 98215 "-" "Mozilla/5.0 (compatible; DotBot/1.2; +https://opensiteexplorer.org/dotbot; help@moz.com)"
