207.46.13.21 - - [26/Feb/2022:11:32:08 +0700] "GET /images/team2.png HTTP/1.1" 200 32212 "-" "Mozilla/5.0 (compatible; bingbot/2.0; +http://www.bing.com/bingbot.htm)"
216.244.66.243 - - [26/Feb/2022:20:37:01 +0700] "GET /images/screenshot6_6.png HTTP/1.1" 200 96134 "-" "Mozilla/5.0 (compatible; DotBot/1.2; +https://opensiteexplorer.org/dotbot; help@moz.com)"
216.244.66.243 - - [26/Feb/2022:21:29:03 +0700] "GET /images/screenshot1_1.png HTTP/1.1" 200 66631 "-" "Mozilla/5.0 (compatible; DotBot/1.2; +https://opensiteexplorer.org/dotbot; help@moz.com)"
103.131.71.53 - - [27/Feb/2022:12:59:54 +0700] "GET /robots.txt HTTP/1.0" 404 372 "-" "Mozilla/5.0 (compatible; coccocbot-image/1.0; +http://help.coccoc.com/searchengine)"
216.244.66.243 - - [27/Feb/2022:22:23:01 +0700] "GET /robots.txt HTTP/1.0" 404 372 "-" "Mozilla/5.0 (compatible; DotBot/1.2; +https://opensiteexplorer.org/dotbot; help@moz.com)"
216.244.66.243 - - [27/Feb/2022:22:31:34 +0700] "GET /images/screenshot5_5.png HTTP/1.0" 200 306 "-" "Mozilla/5.0 (compatible; DotBot/1.2; +https://opensiteexplorer.org/dotbot; help@moz.com)"
216.244.66.243 - - [27/Feb/2022:22:31:35 +0700] "GET /images/screenshot5_5.png HTTP/1.1" 200 114664 "-" "Mozilla/5.0 (compatible; DotBot/1.2; +https://opensiteexplorer.org/dotbot; help@moz.com)"
104.208.166.251 - - [28/Feb/2022:09:05:08 +0700] "GET / HTTP/1.0" 200 290 "-" "python-requests/2.27.1"
103.131.71.201 - - [28/Feb/2022:13:31:18 +0700] "GET /robots.txt HTTP/1.0" 404 372 "-" "Mozilla/5.0 (compatible; coccocbot-image/1.0; +http://help.coccoc.com/searchengine)"
103.131.71.217 - - [28/Feb/2022:13:31:28 +0700] "GET /images/icons/faviconcic.ico HTTP/1.0" 200 324 "-" "Mozilla/5.0 (compatible; coccocbot-image/1.0; +http://help.coccoc.com/searchengine)"
216.244.66.243 - - [28/Feb/2022:18:00:32 +0700] "GET /robots.txt HTTP/1.0" 404 372 "-" "Mozilla/5.0 (compatible; DotBot/1.2; +https://opensiteexplorer.org/dotbot; help@moz.com)"
216.244.66.243 - - [28/Feb/2022:18:05:25 +0700] "GET /images/screenshot4_4.png HTTP/1.0" 200 306 "-" "Mozilla/5.0 (compatible; DotBot/1.2; +https://opensiteexplorer.org/dotbot; help@moz.com)"
103.131.71.98 - - [01/Mar/2022:02:43:15 +0700] "GET /robots.txt HTTP/1.0" 404 372 "-" "Mozilla/5.0 (compatible; coccocbot-web/1.0; +http://help.coccoc.com/searchengine)"
104.208.166.251 - - [28/Feb/2022:09:05:08 +0700] "GET / HTTP/1.1" 200 13245 "-" "python-requests/2.27.1"
103.131.71.217 - - [28/Feb/2022:13:31:28 +0700] "GET /images/icons/faviconcic.ico HTTP/1.1" 200 1150 "-" "Mozilla/5.0 (compatible; coccocbot-image/1.0; +http://help.coccoc.com/searchengine)"
216.244.66.243 - - [28/Feb/2022:18:05:26 +0700] "GET /images/screenshot4_4.png HTTP/1.1" 200 123197 "-" "Mozilla/5.0 (compatible; DotBot/1.2; +https://opensiteexplorer.org/dotbot; help@moz.com)"
66.249.68.62 - - [01/Mar/2022:14:36:48 +0700] "GET /robots.txt HTTP/1.0" 404 372 "-" "Mozilla/5.0 (compatible; Googlebot/2.1; +http://www.google.com/bot.html)"
66.249.68.62 - - [01/Mar/2022:14:36:51 +0700] "GET / HTTP/1.0" 200 290 "-" "Mozilla/5.0 (compatible; Googlebot/2.1; +http://www.google.com/bot.html)"
66.249.68.60 - - [01/Mar/2022:14:37:01 +0700] "GET /assets/js/jquery.localScroll.min.js HTTP/1.0" 200 330 "http://escon.cic.com.vn/" "Mozilla/5.0 AppleWebKit/537.36 (KHTML, like Gecko; compatible; Googlebot/2.1; +http://www.google.com/bot.html) Chrome/98.0.4758.102 Safari/537.36"
66.249.68.62 - - [01/Mar/2022:14:37:14 +0700] "GET /images/icons/apple-touch-icon-114x114.png HTTP/1.0" 200 323 "-" "Googlebot-Image/1.0"
66.249.68.62 - - [01/Mar/2022:14:37:17 +0700] "GET /images/icons/apple-touch-icon.png HTTP/1.0" 200 315 "-" "Googlebot-Image/1.0"
66.249.68.60 - - [01/Mar/2022:14:37:19 +0700] "GET /images/icons/apple-touch-icon-72x72.png HTTP/1.0" 200 321 "-" "Googlebot-Image/1.0"
66.249.68.60 - - [01/Mar/2022:14:37:20 +0700] "GET /images/icons/faviconcic.ico HTTP/1.0" 200 324 "-" "Googlebot-Image/1.0"
66.249.68.60 - - [01/Mar/2022:14:37:22 +0700] "GET / HTTP/1.0" 200 290 "-" "Mozilla/5.0 (Linux; Android 6.0.1; Nexus 5X Build/MMB29P) AppleWebKit/537.36 (KHTML, like Gecko) Chrome/98.0.4758.102 Mobile Safari/537.36 (compatible; Googlebot/2.1; +http://www.google.com/bot.html)"
66.249.68.62 - - [01/Mar/2022:15:56:02 +0700] "GET /images/icons/apple-touch-icon-72x72.png HTTP/1.0" 200 321 "-" "Googlebot-Image/1.0"
66.249.68.62 - - [01/Mar/2022:16:25:49 +0700] "GET /images/icons/apple-touch-icon.png HTTP/1.0" 200 315 "-" "Googlebot-Image/1.0"
66.249.68.32 - - [01/Mar/2022:16:29:10 +0700] "GET /images/icons/faviconcic.ico HTTP/1.0" 200 324 "-" "Googlebot-Image/1.0"
66.249.68.60 - - [01/Mar/2022:16:35:05 +0700] "GET /images/icons/apple-touch-icon-114x114.png HTTP/1.0" 200 323 "-" "Googlebot-Image/1.0"
216.244.66.243 - - [01/Mar/2022:19:00:18 +0700] "GET /robots.txt HTTP/1.0" 404 372 "-" "Mozilla/5.0 (compatible; DotBot/1.2; +https://opensiteexplorer.org/dotbot; help@moz.com)"
216.244.66.243 - - [01/Mar/2022:19:08:12 +0700] "GET /images/screenshot2_2.png HTTP/1.0" 200 306 "-" "Mozilla/5.0 (compatible; DotBot/1.2; +https://opensiteexplorer.org/dotbot; help@moz.com)"
66.249.68.60 - - [01/Mar/2022:20:12:25 +0700] "GET / HTTP/1.0" 200 290 "-" "Mozilla/5.0 (Linux; Android 6.0.1; Nexus 5X Build/MMB29P) AppleWebKit/537.36 (KHTML, like Gecko) Chrome/98.0.4758.102 Mobile Safari/537.36 (compatible; Googlebot/2.1; +http://www.google.com/bot.html)"
66.249.68.62 - - [01/Mar/2022:20:13:43 +0700] "GET /assets/css/magnific-popup.css HTTP/1.0" 200 310 "http://escon.cic.com.vn/" "Mozilla/5.0 (Linux; Android 6.0.1; Nexus 5X Build/MMB29P) AppleWebKit/537.36 (KHTML, like Gecko) Chrome/98.0.4758.102 Mobile Safari/537.36 (compatible; Googlebot/2.1; +http://www.google.com/bot.html)"
66.249.68.60 - - [01/Mar/2022:20:13:48 +0700] "GET /assets/js/bootstrap.min.js HTTP/1.0" 200 321 "http://escon.cic.com.vn/" "Mozilla/5.0 (Linux; Android 6.0.1; Nexus 5X Build/MMB29P) AppleWebKit/537.36 (KHTML, like Gecko) Chrome/98.0.4758.102 Mobile Safari/537.36 (compatible; Googlebot/2.1; +http://www.google.com/bot.html)"
66.249.68.62 - - [01/Mar/2022:20:13:51 +0700] "GET /assets/js/jquery.scrollTo.min.js HTTP/1.0" 200 327 "http://escon.cic.com.vn/" "Mozilla/5.0 (Linux; Android 6.0.1; Nexus 5X Build/MMB29P) AppleWebKit/537.36 (KHTML, like Gecko) Chrome/98.0.4758.102 Mobile Safari/537.36 (compatible; Googlebot/2.1; +http://www.google.com/bot.html)"
66.249.68.60 - - [01/Mar/2022:20:13:53 +0700] "GET /assets/js/jquery.placeholder.js HTTP/1.0" 200 326 "http://escon.cic.com.vn/" "Mozilla/5.0 (Linux; Android 6.0.1; Nexus 5X Build/MMB29P) AppleWebKit/537.36 (KHTML, like Gecko) Chrome/98.0.4758.102 Mobile Safari/537.36 (compatible; Googlebot/2.1; +http://www.google.com/bot.html)"
66.249.68.60 - - [01/Mar/2022:20:13:54 +0700] "GET /assets/js/jquery.nav.js HTTP/1.0" 200 318 "http://escon.cic.com.vn/" "Mozilla/5.0 (Linux; Android 6.0.1; Nexus 5X Build/MMB29P) AppleWebKit/537.36 (KHTML, like Gecko) Chrome/98.0.4758.102 Mobile Safari/537.36 (compatible; Googlebot/2.1; +http://www.google.com/bot.html)"
66.249.68.60 - - [01/Mar/2022:20:13:56 +0700] "GET /assets/js/jquery.magnific-popup.js HTTP/1.0" 200 329 "http://escon.cic.com.vn/" "Mozilla/5.0 (Linux; Android 6.0.1; Nexus 5X Build/MMB29P) AppleWebKit/537.36 (KHTML, like Gecko) Chrome/98.0.4758.102 Mobile Safari/537.36 (compatible; Googlebot/2.1; +http://www.google.com/bot.html)"
66.249.68.62 - - [01/Mar/2022:20:53:06 +0700] "GET / HTTP/1.0" 200 290 "-" "Mozilla/5.0 (compatible; Googlebot/2.1; +http://www.google.com/bot.html)"
66.249.68.62 - - [01/Mar/2022:20:53:15 +0700] "GET /assets/css/getformcontact.css HTTP/1.0" 200 310 "http://escon.cic.com.vn/" "Mozilla/5.0 AppleWebKit/537.36 (KHTML, like Gecko; compatible; Googlebot/2.1; +http://www.google.com/bot.html) Chrome/98.0.4758.102 Safari/537.36"
66.249.68.62 - - [01/Mar/2022:20:53:19 +0700] "GET /assets/css/owl.carousel.css HTTP/1.0" 200 308 "http://escon.cic.com.vn/" "Mozilla/5.0 AppleWebKit/537.36 (KHTML, like Gecko; compatible; Googlebot/2.1; +http://www.google.com/bot.html) Chrome/98.0.4758.102 Safari/537.36"
66.249.68.60 - - [01/Mar/2022:20:53:23 +0700] "GET /assets/css/responsive.css HTTP/1.0" 200 306 "http://escon.cic.com.vn/" "Mozilla/5.0 AppleWebKit/537.36 (KHTML, like Gecko; compatible; Googlebot/2.1; +http://www.google.com/bot.html) Chrome/98.0.4758.102 Safari/537.36"
66.249.68.60 - - [01/Mar/2022:20:53:28 +0700] "GET /assets/js/jquery.js HTTP/1.0" 200 314 "http://escon.cic.com.vn/" "Mozilla/5.0 AppleWebKit/537.36 (KHTML, like Gecko; compatible; Googlebot/2.1; +http://www.google.com/bot.html) Chrome/98.0.4758.102 Safari/537.36"
66.249.68.60 - - [01/Mar/2022:20:53:33 +0700] "GET /assets/js/bootstrap.min.js HTTP/1.0" 200 321 "http://escon.cic.com.vn/" "Mozilla/5.0 AppleWebKit/537.36 (KHTML, like Gecko; compatible; Googlebot/2.1; +http://www.google.com/bot.html) Chrome/98.0.4758.102 Safari/537.36"
66.249.68.60 - - [01/Mar/2022:20:53:34 +0700] "GET /assets/js/jquery.scrollTo.min.js HTTP/1.0" 200 327 "http://escon.cic.com.vn/" "Mozilla/5.0 AppleWebKit/537.36 (KHTML, like Gecko; compatible; Googlebot/2.1; +http://www.google.com/bot.html) Chrome/98.0.4758.102 Safari/537.36"
66.249.68.60 - - [01/Mar/2022:20:53:35 +0700] "GET /assets/js/wow.js HTTP/1.0" 200 311 "http://escon.cic.com.vn/" "Mozilla/5.0 AppleWebKit/537.36 (KHTML, like Gecko; compatible; Googlebot/2.1; +http://www.google.com/bot.html) Chrome/98.0.4758.102 Safari/537.36"
66.249.68.60 - - [01/Mar/2022:20:53:36 +0700] "GET /assets/js/jquery.placeholder.js HTTP/1.0" 200 326 "http://escon.cic.com.vn/" "Mozilla/5.0 AppleWebKit/537.36 (KHTML, like Gecko; compatible; Googlebot/2.1; +http://www.google.com/bot.html) Chrome/98.0.4758.102 Safari/537.36"
157.90.177.226 - - [02/Mar/2022:02:40:45 +0700] "GET /robots.txt HTTP/1.0" 404 372 "-" "Mozilla/5.0 (compatible; BLEXBot/1.0; +http://webmeup-crawler.com/)"
66.249.68.62 - - [01/Mar/2022:14:36:51 +0700] "GET / HTTP/1.1" 200 12444 "-" "Mozilla/5.0 (compatible; Googlebot/2.1; +http://www.google.com/bot.html)"
66.249.68.60 - - [01/Mar/2022:14:37:01 +0700] "GET /assets/js/jquery.localScroll.min.js HTTP/1.1" 200 715 "http://escon.cic.com.vn/" "Mozilla/5.0 AppleWebKit/537.36 (KHTML, like Gecko; compatible; Googlebot/2.1; +http://www.google.com/bot.html) Chrome/98.0.4758.102 Safari/537.36"
66.249.68.62 - - [01/Mar/2022:14:37:14 +0700] "GET /images/icons/apple-touch-icon-114x114.png HTTP/1.1" 200 6555 "-" "Googlebot-Image/1.0"
66.249.68.62 - - [01/Mar/2022:14:37:17 +0700] "GET /images/icons/apple-touch-icon.png HTTP/1.1" 200 2414 "-" "Googlebot-Image/1.0"
66.249.68.60 - - [01/Mar/2022:14:37:19 +0700] "GET /images/icons/apple-touch-icon-72x72.png HTTP/1.1" 200 4310 "-" "Googlebot-Image/1.0"
66.249.68.60 - - [01/Mar/2022:14:37:20 +0700] "GET /images/icons/faviconcic.ico HTTP/1.1" 200 1150 "-" "Googlebot-Image/1.0"
66.249.68.60 - - [01/Mar/2022:14:37:22 +0700] "GET / HTTP/1.1" 200 12444 "-" "Mozilla/5.0 (Linux; Android 6.0.1; Nexus 5X Build/MMB29P) AppleWebKit/537.36 (KHTML, like Gecko) Chrome/98.0.4758.102 Mobile Safari/537.36 (compatible; Googlebot/2.1; +http://www.google.com/bot.html)"
66.249.68.62 - - [01/Mar/2022:15:56:02 +0700] "GET /images/icons/apple-touch-icon-72x72.png HTTP/1.1" 200 4310 "-" "Googlebot-Image/1.0"
66.249.68.62 - - [01/Mar/2022:16:25:49 +0700] "GET /images/icons/apple-touch-icon.png HTTP/1.1" 200 2414 "-" "Googlebot-Image/1.0"
66.249.68.32 - - [01/Mar/2022:16:29:10 +0700] "GET /images/icons/faviconcic.ico HTTP/1.1" 200 1150 "-" "Googlebot-Image/1.0"
66.249.68.60 - - [01/Mar/2022:16:35:05 +0700] "GET /images/icons/apple-touch-icon-114x114.png HTTP/1.1" 200 6555 "-" "Googlebot-Image/1.0"
216.244.66.243 - - [01/Mar/2022:19:08:13 +0700] "GET /images/screenshot2_2.png HTTP/1.1" 200 98215 "-" "Mozilla/5.0 (compatible; DotBot/1.2; +https://opensiteexplorer.org/dotbot; help@moz.com)"
66.249.68.60 - - [01/Mar/2022:20:12:25 +0700] "GET / HTTP/1.1" 200 12444 "-" "Mozilla/5.0 (Linux; Android 6.0.1; Nexus 5X Build/MMB29P) AppleWebKit/537.36 (KHTML, like Gecko) Chrome/98.0.4758.102 Mobile Safari/537.36 (compatible; Googlebot/2.1; +http://www.google.com/bot.html)"
66.249.68.62 - - [01/Mar/2022:20:13:43 +0700] "GET /assets/css/magnific-popup.css HTTP/1.1" 200 1764 "http://escon.cic.com.vn/" "Mozilla/5.0 (Linux; Android 6.0.1; Nexus 5X Build/MMB29P) AppleWebKit/537.36 (KHTML, like Gecko) Chrome/98.0.4758.102 Mobile Safari/537.36 (compatible; Googlebot/2.1; +http://www.google.com/bot.html)"
66.249.68.60 - - [01/Mar/2022:20:13:48 +0700] "GET /assets/js/bootstrap.min.js HTTP/1.1" 200 8995 "http://escon.cic.com.vn/" "Mozilla/5.0 (Linux; Android 6.0.1; Nexus 5X Build/MMB29P) AppleWebKit/537.36 (KHTML, like Gecko) Chrome/98.0.4758.102 Mobile Safari/537.36 (compatible; Googlebot/2.1; +http://www.google.com/bot.html)"
66.249.68.62 - - [01/Mar/2022:20:13:51 +0700] "GET /assets/js/jquery.scrollTo.min.js HTTP/1.1" 200 1210 "http://escon.cic.com.vn/" "Mozilla/5.0 (Linux; Android 6.0.1; Nexus 5X Build/MMB29P) AppleWebKit/537.36 (KHTML, like Gecko) Chrome/98.0.4758.102 Mobile Safari/537.36 (compatible; Googlebot/2.1; +http://www.google.com/bot.html)"
66.249.68.60 - - [01/Mar/2022:20:13:53 +0700] "GET /assets/js/jquery.placeholder.js HTTP/1.1" 200 1608 "http://escon.cic.com.vn/" "Mozilla/5.0 (Linux; Android 6.0.1; Nexus 5X Build/MMB29P) AppleWebKit/537.36 (KHTML, like Gecko) Chrome/98.0.4758.102 Mobile Safari/537.36 (compatible; Googlebot/2.1; +http://www.google.com/bot.html)"
66.249.68.60 - - [01/Mar/2022:20:13:54 +0700] "GET /assets/js/jquery.nav.js HTTP/1.1" 200 1704 "http://escon.cic.com.vn/" "Mozilla/5.0 (Linux; Android 6.0.1; Nexus 5X Build/MMB29P) AppleWebKit/537.36 (KHTML, like Gecko) Chrome/98.0.4758.102 Mobile Safari/537.36 (compatible; Googlebot/2.1; +http://www.google.com/bot.html)"
66.249.68.60 - - [01/Mar/2022:20:13:56 +0700] "GET /assets/js/jquery.magnific-popup.js HTTP/1.1" 200 13247 "http://escon.cic.com.vn/" "Mozilla/5.0 (Linux; Android 6.0.1; Nexus 5X Build/MMB29P) AppleWebKit/537.36 (KHTML, like Gecko) Chrome/98.0.4758.102 Mobile Safari/537.36 (compatible; Googlebot/2.1; +http://www.google.com/bot.html)"
66.249.68.62 - - [01/Mar/2022:20:53:06 +0700] "GET / HTTP/1.1" 200 12444 "-" "Mozilla/5.0 (compatible; Googlebot/2.1; +http://www.google.com/bot.html)"
66.249.68.62 - - [01/Mar/2022:20:53:15 +0700] "GET /assets/css/getformcontact.css HTTP/1.1" 200 2194 "http://escon.cic.com.vn/" "Mozilla/5.0 AppleWebKit/537.36 (KHTML, like Gecko; compatible; Googlebot/2.1; +http://www.google.com/bot.html) Chrome/98.0.4758.102 Safari/537.36"
66.249.68.62 - - [01/Mar/2022:20:53:19 +0700] "GET /assets/css/owl.carousel.css HTTP/1.1" 200 486 "http://escon.cic.com.vn/" "Mozilla/5.0 AppleWebKit/537.36 (KHTML, like Gecko; compatible; Googlebot/2.1; +http://www.google.com/bot.html) Chrome/98.0.4758.102 Safari/537.36"
66.249.68.60 - - [01/Mar/2022:20:53:23 +0700] "GET /assets/css/responsive.css HTTP/1.1" 200 1646 "http://escon.cic.com.vn/" "Mozilla/5.0 AppleWebKit/537.36 (KHTML, like Gecko; compatible; Googlebot/2.1; +http://www.google.com/bot.html) Chrome/98.0.4758.102 Safari/537.36"
66.249.68.60 - - [01/Mar/2022:20:53:29 +0700] "GET /assets/js/jquery.js HTTP/1.1" 200 78693 "http://escon.cic.com.vn/" "Mozilla/5.0 AppleWebKit/537.36 (KHTML, like Gecko; compatible; Googlebot/2.1; +http://www.google.com/bot.html) Chrome/98.0.4758.102 Safari/537.36"
66.249.68.60 - - [01/Mar/2022:20:53:33 +0700] "GET /assets/js/bootstrap.min.js HTTP/1.1" 200 8995 "http://escon.cic.com.vn/" "Mozilla/5.0 AppleWebKit/537.36 (KHTML, like Gecko; compatible; Googlebot/2.1; +http://www.google.com/bot.html) Chrome/98.0.4758.102 Safari/537.36"
66.249.68.60 - - [01/Mar/2022:20:53:34 +0700] "GET /assets/js/jquery.scrollTo.min.js HTTP/1.1" 200 1210 "http://escon.cic.com.vn/" "Mozilla/5.0 AppleWebKit/537.36 (KHTML, like Gecko; compatible; Googlebot/2.1; +http://www.google.com/bot.html) Chrome/98.0.4758.102 Safari/537.36"
66.249.68.60 - - [01/Mar/2022:20:53:35 +0700] "GET /assets/js/wow.js HTTP/1.1" 200 2603 "http://escon.cic.com.vn/" "Mozilla/5.0 AppleWebKit/537.36 (KHTML, like Gecko; compatible; Googlebot/2.1; +http://www.google.com/bot.html) Chrome/98.0.4758.102 Safari/537.36"
66.249.68.60 - - [01/Mar/2022:20:53:36 +0700] "GET /assets/js/jquery.placeholder.js HTTP/1.1" 200 1608 "http://escon.cic.com.vn/" "Mozilla/5.0 AppleWebKit/537.36 (KHTML, like Gecko; compatible; Googlebot/2.1; +http://www.google.com/bot.html) Chrome/98.0.4758.102 Safari/537.36"
157.90.177.226 - - [02/Mar/2022:14:02:15 +0700] "GET /robots.txt HTTP/1.0" 404 372 "-" "Mozilla/5.0 (compatible; BLEXBot/1.0; +http://webmeup-crawler.com/)"
157.90.177.226 - - [03/Mar/2022:00:01:34 +0700] "GET /robots.txt HTTP/1.0" 404 372 "-" "Mozilla/5.0 (compatible; BLEXBot/1.0; +http://webmeup-crawler.com/)"
103.131.71.22 - - [03/Mar/2022:23:15:42 +0700] "GET /robots.txt HTTP/1.0" 404 372 "-" "Mozilla/5.0 (compatible; coccocbot-image/1.0; +http://help.coccoc.com/searchengine)"
103.131.71.28 - - [03/Mar/2022:23:15:52 +0700] "GET /images/faq-mockup.png HTTP/1.0" 200 303 "-" "Mozilla/5.0 (compatible; coccocbot-image/1.0; +http://help.coccoc.com/searchengine)"
103.131.71.28 - - [03/Mar/2022:23:15:52 +0700] "GET /images/faq-mockup.png HTTP/1.1" 200 49321 "-" "Mozilla/5.0 (compatible; coccocbot-image/1.0; +http://help.coccoc.com/searchengine)"
216.244.66.243 - - [04/Mar/2022:14:23:54 +0700] "GET /robots.txt HTTP/1.0" 404 372 "-" "Mozilla/5.0 (compatible; DotBot/1.2; +https://opensiteexplorer.org/dotbot; help@moz.com)"
216.244.66.243 - - [04/Mar/2022:14:26:59 +0700] "GET /images/screenshot3_3.png HTTP/1.0" 200 306 "-" "Mozilla/5.0 (compatible; DotBot/1.2; +https://opensiteexplorer.org/dotbot; help@moz.com)"
61.147.15.67 - - [04/Mar/2022:14:50:01 +0700] "GET / HTTP/1.0" 200 290 "-" "Dalvik/2.1.0 (Linux; U; Android 9.0; ZTE BA520 Build/MRA58K)"
61.147.15.67 - - [04/Mar/2022:14:51:10 +0700] "GET / HTTP/1.0" 200 290 "-" "Mozilla/5.0 (Macintosh; Intel Mac OS X 10_11) AppleWebKit/601.1.27 (KHTML, like Gecko) Chrome/47.0.2526.106 Safari/601.1.27"
103.131.71.40 - - [04/Mar/2022:20:54:32 +0700] "GET /robots.txt HTTP/1.0" 404 372 "-" "Mozilla/5.0 (compatible; coccocbot-image/1.0; +http://help.coccoc.com/searchengine)"
103.131.71.40 - - [04/Mar/2022:20:54:42 +0700] "GET /images/feature-mockup.png HTTP/1.0" 200 307 "-" "Mozilla/5.0 (compatible; coccocbot-image/1.0; +http://help.coccoc.com/searchengine)"
216.244.66.243 - - [04/Mar/2022:14:26:59 +0700] "GET /images/screenshot3_3.png HTTP/1.1" 200 78304 "-" "Mozilla/5.0 (compatible; DotBot/1.2; +https://opensiteexplorer.org/dotbot; help@moz.com)"
61.147.15.67 - - [04/Mar/2022:14:50:01 +0700] "GET / HTTP/1.1" 200 13245 "-" "Dalvik/2.1.0 (Linux; U; Android 9.0; ZTE BA520 Build/MRA58K)"
61.147.15.67 - - [04/Mar/2022:14:51:10 +0700] "GET / HTTP/1.1" 200 13245 "-" "Mozilla/5.0 (Macintosh; Intel Mac OS X 10_11) AppleWebKit/601.1.27 (KHTML, like Gecko) Chrome/47.0.2526.106 Safari/601.1.27"
103.131.71.40 - - [04/Mar/2022:20:54:46 +0700] "GET /images/feature-mockup.png HTTP/1.1" 200 209034 "-" "Mozilla/5.0 (compatible; coccocbot-image/1.0; +http://help.coccoc.com/searchengine)"
54.36.148.206 - - [05/Mar/2022:13:31:43 +0700] "GET /robots.txt HTTP/1.0" 404 372 "-" "Mozilla/5.0 (compatible; AhrefsBot/7.0; +http://ahrefs.com/robot/)"
103.131.71.48 - - [05/Mar/2022:15:26:35 +0700] "GET /robots.txt HTTP/1.0" 404 372 "-" "Mozilla/5.0 (compatible; coccocbot-image/1.0; +http://help.coccoc.com/searchengine)"
103.131.71.20 - - [05/Mar/2022:15:26:45 +0700] "GET /images/mockup2.png HTTP/1.0" 200 300 "-" "Mozilla/5.0 (compatible; coccocbot-image/1.0; +http://help.coccoc.com/searchengine)"
103.131.71.20 - - [05/Mar/2022:15:26:48 +0700] "GET /images/mockup2.png HTTP/1.1" 200 209129 "-" "Mozilla/5.0 (compatible; coccocbot-image/1.0; +http://help.coccoc.com/searchengine)"
167.71.69.173 - - [07/Mar/2022:00:43:01 +0700] "GET /wp-login.php HTTP/1.0" 404 337 "-" "Mozilla/5.0 (X11; Ubuntu; Linux x86_64; rv:62.0) Gecko/20100101 Firefox/62.0"
103.131.71.150 - - [07/Mar/2022:06:24:37 +0700] "GET /robots.txt HTTP/1.0" 404 372 "-" "Mozilla/5.0 (compatible; coccocbot-web/1.0; +http://help.coccoc.com/searchengine)"
103.131.71.171 - - [07/Mar/2022:13:54:24 +0700] "GET /robots.txt HTTP/1.0" 404 372 "-" "Mozilla/5.0 (compatible; coccocbot-web/1.0; +http://help.coccoc.com/searchengine)"
103.131.71.233 - - [07/Mar/2022:13:54:34 +0700] "GET / HTTP/1.0" 200 290 "-" "Mozilla/5.0 (compatible; coccocbot-web/1.0; +http://help.coccoc.com/searchengine)"
103.131.71.141 - - [07/Mar/2022:21:15:07 +0700] "GET /robots.txt HTTP/1.0" 404 372 "-" "Mozilla/5.0 (compatible; coccocbot-web/1.0; +http://help.coccoc.com/searchengine)"
103.131.71.156 - - [07/Mar/2022:21:15:17 +0700] "GET / HTTP/1.0" 200 290 "-" "Mozilla/5.0 (compatible; coccocbot-web/1.0; +http://help.coccoc.com/searchengine)"
103.131.71.35 - - [07/Mar/2022:23:22:01 +0700] "GET /robots.txt HTTP/1.0" 404 372 "-" "Mozilla/5.0 (compatible; coccocbot-image/1.0; +http://help.coccoc.com/searchengine)"
216.244.66.243 - - [08/Mar/2022:00:12:15 +0700] "GET /robots.txt HTTP/1.0" 404 372 "-" "Mozilla/5.0 (compatible; DotBot/1.2; +https://opensiteexplorer.org/dotbot; help@moz.com)"
216.244.66.243 - - [08/Mar/2022:00:17:44 +0700] "GET /images/screenshot3_3.png HTTP/1.0" 200 306 "-" "Mozilla/5.0 (compatible; DotBot/1.2; +https://opensiteexplorer.org/dotbot; help@moz.com)"
103.131.71.233 - - [07/Mar/2022:13:54:34 +0700] "GET / HTTP/1.1" 304 0 "-" "Mozilla/5.0 (compatible; coccocbot-web/1.0; +http://help.coccoc.com/searchengine)"
103.131.71.156 - - [07/Mar/2022:21:15:17 +0700] "GET / HTTP/1.1" 304 0 "-" "Mozilla/5.0 (compatible; coccocbot-web/1.0; +http://help.coccoc.com/searchengine)"
216.244.66.243 - - [08/Mar/2022:00:17:44 +0700] "GET /images/screenshot3_3.png HTTP/1.1" 200 78304 "-" "Mozilla/5.0 (compatible; DotBot/1.2; +https://opensiteexplorer.org/dotbot; help@moz.com)"
51.222.253.5 - - [08/Mar/2022:07:02:56 +0700] "GET /robots.txt HTTP/1.0" 404 372 "-" "Mozilla/5.0 (compatible; AhrefsBot/7.0; +http://ahrefs.com/robot/)"
103.131.71.41 - - [09/Mar/2022:10:14:00 +0700] "GET /robots.txt HTTP/1.0" 404 372 "-" "Mozilla/5.0 (compatible; coccocbot-image/1.0; +http://help.coccoc.com/searchengine)"
103.131.71.40 - - [09/Mar/2022:10:14:10 +0700] "GET /images/screenshot2.png HTTP/1.0" 200 304 "-" "Mozilla/5.0 (compatible; coccocbot-image/1.0; +http://help.coccoc.com/searchengine)"
54.36.149.56 - - [09/Mar/2022:18:47:21 +0700] "GET /robots.txt HTTP/1.0" 404 372 "-" "Mozilla/5.0 (compatible; AhrefsBot/7.0; +http://ahrefs.com/robot/)"
103.131.71.40 - - [09/Mar/2022:10:14:10 +0700] "GET /images/screenshot2.png HTTP/1.1" 200 198740 "-" "Mozilla/5.0 (compatible; coccocbot-image/1.0; +http://help.coccoc.com/searchengine)"
103.131.71.31 - - [10/Mar/2022:06:53:12 +0700] "GET /robots.txt HTTP/1.0" 404 372 "-" "Mozilla/5.0 (compatible; coccocbot-image/1.0; +http://help.coccoc.com/searchengine)"
103.131.71.31 - - [10/Mar/2022:06:53:23 +0700] "GET /images/screenshot4.png HTTP/1.0" 404 384 "-" "Mozilla/5.0 (compatible; coccocbot-image/1.0; +http://help.coccoc.com/searchengine)"
103.131.71.42 - - [10/Mar/2022:18:26:14 +0700] "GET /robots.txt HTTP/1.0" 404 372 "-" "Mozilla/5.0 (compatible; coccocbot-image/1.0; +http://help.coccoc.com/searchengine)"
103.131.71.28 - - [10/Mar/2022:18:26:24 +0700] "GET /images/screenshot5.png HTTP/1.0" 404 384 "-" "Mozilla/5.0 (compatible; coccocbot-image/1.0; +http://help.coccoc.com/searchengine)"
157.90.177.226 - - [10/Mar/2022:18:41:27 +0700] "GET /robots.txt HTTP/1.0" 404 372 "-" "Mozilla/5.0 (compatible; BLEXBot/1.0; +http://webmeup-crawler.com/)"
194.233.75.42 - - [10/Mar/2022:23:44:22 +0700] "GET /wp-login.php HTTP/1.0" 404 337 "-" "Mozilla/5.0 (X11; Ubuntu; Linux x86_64; rv:62.0) Gecko/20100101 Firefox/62.0"
34.96.130.30 - - [11/Mar/2022:04:11:10 +0700] "GET / HTTP/1.0" 200 290 "-" "Expanse, a Palo Alto Networks company, searches across the global IPv4 space multiple times per day to identify customers&#39; presences on the Internet. If you would like to be excluded from our scans, please send IP addresses/domains to: scaninfo@paloaltonetworks.com"
157.90.177.226 - - [11/Mar/2022:05:57:29 +0700] "GET /robots.txt HTTP/1.0" 404 372 "-" "Mozilla/5.0 (compatible; BLEXBot/1.0; +http://webmeup-crawler.com/)"
51.222.253.15 - - [11/Mar/2022:06:05:06 +0700] "GET /robots.txt HTTP/1.0" 404 372 "-" "Mozilla/5.0 (compatible; AhrefsBot/7.0; +http://ahrefs.com/robot/)"
157.90.177.226 - - [11/Mar/2022:16:08:40 +0700] "GET /robots.txt HTTP/1.0" 404 372 "-" "Mozilla/5.0 (compatible; BLEXBot/1.0; +http://webmeup-crawler.com/)"
104.45.194.225 - - [11/Mar/2022:19:25:41 +0700] "GET / HTTP/1.0" 200 290 "-" "Mozilla/5.0 (Windows NT 10.0; Win64; x64) AppleWebKit/537.36 (KHTML, like Gecko; compatible; BW/1.1; bit.ly/2W6Px8S; d51414a7fc) Chrome/84.0.4147.105 Safari/537.36"
104.45.194.225 - - [11/Mar/2022:19:25:42 +0700] "GET /robots.txt HTTP/1.0" 404 372 "-" "Mozilla/5.0 (Windows NT 10.0; Win64; x64) AppleWebKit/537.36 (KHTML, like Gecko; compatible; BW/1.1; bit.ly/2W6Px8S; d51414a7fc) Chrome/84.0.4147.105 Safari/537.36"
104.45.194.225 - - [11/Mar/2022:19:25:49 +0700] "GET /assets/js/smoothscroll.js HTTP/1.0" 200 320 "http://escon.cic.com.vn/" "Mozilla/5.0 (Windows NT 10.0; Win64; x64) AppleWebKit/537.36 (KHTML, like Gecko; compatible; BW/1.1; bit.ly/2W6Px8S; d51414a7fc) Chrome/84.0.4147.105 Safari/537.36"
104.45.194.225 - - [11/Mar/2022:19:25:49 +0700] "GET /assets/js/bootstrap.min.js HTTP/1.0" 200 321 "http://escon.cic.com.vn/" "Mozilla/5.0 (Windows NT 10.0; Win64; x64) AppleWebKit/537.36 (KHTML, like Gecko; compatible; BW/1.1; bit.ly/2W6Px8S; d51414a7fc) Chrome/84.0.4147.105 Safari/537.36"
104.45.194.225 - - [11/Mar/2022:19:25:49 +0700] "GET /images/screenshot4_4.png HTTP/1.0" 200 306 "-" "Mozilla/5.0 (Windows NT 10.0; Win64; x64) AppleWebKit/537.36 (KHTML, like Gecko; compatible; BW/1.1; bit.ly/2W6Px8S; d51414a7fc) Chrome/84.0.4147.105 Safari/537.36"
104.45.194.225 - - [11/Mar/2022:19:25:49 +0700] "GET /assets/js/jquery.flexslider-min.js HTTP/1.0" 200 329 "http://escon.cic.com.vn/" "Mozilla/5.0 (Windows NT 10.0; Win64; x64) AppleWebKit/537.36 (KHTML, like Gecko; compatible; BW/1.1; bit.ly/2W6Px8S; d51414a7fc) Chrome/84.0.4147.105 Safari/537.36"
104.45.194.225 - - [11/Mar/2022:19:25:49 +0700] "GET /images/screenshot6_6.png HTTP/1.0" 200 306 "-" "Mozilla/5.0 (Windows NT 10.0; Win64; x64) AppleWebKit/537.36 (KHTML, like Gecko; compatible; BW/1.1; bit.ly/2W6Px8S; d51414a7fc) Chrome/84.0.4147.105 Safari/537.36"
104.45.194.225 - - [11/Mar/2022:19:25:49 +0700] "GET /assets/js/jquery.ajaxchimp.min.js HTTP/1.0" 200 328 "http://escon.cic.com.vn/" "Mozilla/5.0 (Windows NT 10.0; Win64; x64) AppleWebKit/537.36 (KHTML, like Gecko; compatible; BW/1.1; bit.ly/2W6Px8S; d51414a7fc) Chrome/84.0.4147.105 Safari/537.36"
104.45.194.225 - - [11/Mar/2022:19:25:49 +0700] "GET /assets/js/script.js HTTP/1.0" 200 314 "http://escon.cic.com.vn/" "Mozilla/5.0 (Windows NT 10.0; Win64; x64) AppleWebKit/537.36 (KHTML, like Gecko; compatible; BW/1.1; bit.ly/2W6Px8S; d51414a7fc) Chrome/84.0.4147.105 Safari/537.36"
104.45.194.225 - - [11/Mar/2022:19:25:49 +0700] "GET /assets/js/wow.js HTTP/1.0" 200 311 "http://escon.cic.com.vn/" "Mozilla/5.0 (Windows NT 10.0; Win64; x64) AppleWebKit/537.36 (KHTML, like Gecko; compatible; BW/1.1; bit.ly/2W6Px8S; d51414a7fc) Chrome/84.0.4147.105 Safari/537.36"
104.45.194.225 - - [11/Mar/2022:19:25:49 +0700] "GET /assets/js/jquery.scrollTo.min.js HTTP/1.0" 200 327 "http://escon.cic.com.vn/" "Mozilla/5.0 (Windows NT 10.0; Win64; x64) AppleWebKit/537.36 (KHTML, like Gecko; compatible; BW/1.1; bit.ly/2W6Px8S; d51414a7fc) Chrome/84.0.4147.105 Safari/537.36"
104.45.194.225 - - [11/Mar/2022:19:25:49 +0700] "GET /assets/js/jquery.nav.js HTTP/1.0" 200 318 "http://escon.cic.com.vn/" "Mozilla/5.0 (Windows NT 10.0; Win64; x64) AppleWebKit/537.36 (KHTML, like Gecko; compatible; BW/1.1; bit.ly/2W6Px8S; d51414a7fc) Chrome/84.0.4147.105 Safari/537.36"
104.45.194.225 - - [11/Mar/2022:19:25:49 +0700] "GET /assets/js/owl.carousel.js HTTP/1.0" 200 320 "http://escon.cic.com.vn/" "Mozilla/5.0 (Windows NT 10.0; Win64; x64) AppleWebKit/537.36 (KHTML, like Gecko; compatible; BW/1.1; bit.ly/2W6Px8S; d51414a7fc) Chrome/84.0.4147.105 Safari/537.36"
104.45.194.225 - - [11/Mar/2022:19:25:49 +0700] "GET /assets/js/jquery.localScroll.min.js HTTP/1.0" 200 330 "http://escon.cic.com.vn/" "Mozilla/5.0 (Windows NT 10.0; Win64; x64) AppleWebKit/537.36 (KHTML, like Gecko; compatible; BW/1.1; bit.ly/2W6Px8S; d51414a7fc) Chrome/84.0.4147.105 Safari/537.36"
104.45.194.225 - - [11/Mar/2022:19:25:49 +0700] "GET /assets/js/jquery.js HTTP/1.0" 200 314 "http://escon.cic.com.vn/" "Mozilla/5.0 (Windows NT 10.0; Win64; x64) AppleWebKit/537.36 (KHTML, like Gecko; compatible; BW/1.1; bit.ly/2W6Px8S; d51414a7fc) Chrome/84.0.4147.105 Safari/537.36"
104.45.194.225 - - [11/Mar/2022:19:25:49 +0700] "GET /assets/js/jquery.placeholder.js HTTP/1.0" 200 326 "http://escon.cic.com.vn/" "Mozilla/5.0 (Windows NT 10.0; Win64; x64) AppleWebKit/537.36 (KHTML, like Gecko; compatible; BW/1.1; bit.ly/2W6Px8S; d51414a7fc) Chrome/84.0.4147.105 Safari/537.36"
104.45.194.225 - - [11/Mar/2022:19:25:49 +0700] "GET /assets/js/jquery.magnific-popup.js HTTP/1.0" 200 329 "http://escon.cic.com.vn/" "Mozilla/5.0 (Windows NT 10.0; Win64; x64) AppleWebKit/537.36 (KHTML, like Gecko; compatible; BW/1.1; bit.ly/2W6Px8S; d51414a7fc) Chrome/84.0.4147.105 Safari/537.36"
104.45.194.225 - - [11/Mar/2022:19:26:09 +0700] "GET /ads.txt HTTP/1.0" 404 369 "-" "Mozilla/5.0 (Windows NT 10.0; Win64; x64) AppleWebKit/537.36 (KHTML, like Gecko; compatible; BW/1.1; bit.ly/2W6Px8S; d51414a7fc) Chrome/84.0.4147.105 Safari/537.36"
104.45.194.225 - - [11/Mar/2022:19:26:09 +0700] "GET /assets/js/smoothscroll.js HTTP/1.0" 200 320 "-" "Mozilla/5.0 (Windows NT 10.0; Win64; x64) AppleWebKit/537.36 (KHTML, like Gecko; compatible; BW/1.1; bit.ly/2W6Px8S; d51414a7fc) Chrome/84.0.4147.105 Safari/537.36"
104.45.194.225 - - [11/Mar/2022:19:26:09 +0700] "GET /app-ads.txt HTTP/1.0" 404 373 "-" "Mozilla/5.0 (Windows NT 10.0; Win64; x64) AppleWebKit/537.36 (KHTML, like Gecko; compatible; BW/1.1; bit.ly/2W6Px8S; d51414a7fc) Chrome/84.0.4147.105 Safari/537.36"
104.45.194.225 - - [11/Mar/2022:19:26:09 +0700] "GET /assets/js/owl.carousel.js HTTP/1.0" 200 320 "-" "Mozilla/5.0 (Windows NT 10.0; Win64; x64) AppleWebKit/537.36 (KHTML, like Gecko; compatible; BW/1.1; bit.ly/2W6Px8S; d51414a7fc) Chrome/84.0.4147.105 Safari/537.36"
104.45.194.225 - - [11/Mar/2022:19:26:09 +0700] "GET /assets/js/script.js HTTP/1.0" 200 314 "-" "Mozilla/5.0 (Windows NT 10.0; Win64; x64) AppleWebKit/537.36 (KHTML, like Gecko; compatible; BW/1.1; bit.ly/2W6Px8S; d51414a7fc) Chrome/84.0.4147.105 Safari/537.36"
104.45.194.225 - - [11/Mar/2022:19:26:09 +0700] "GET /assets/js/wow.js HTTP/1.0" 200 311 "-" "Mozilla/5.0 (Windows NT 10.0; Win64; x64) AppleWebKit/537.36 (KHTML, like Gecko; compatible; BW/1.1; bit.ly/2W6Px8S; d51414a7fc) Chrome/84.0.4147.105 Safari/537.36"
157.90.177.226 - - [12/Mar/2022:01:53:44 +0700] "GET /robots.txt HTTP/1.0" 404 372 "-" "Mozilla/5.0 (compatible; BLEXBot/1.0; +http://webmeup-crawler.com/)"
34.96.130.30 - - [11/Mar/2022:04:11:10 +0700] "GET / HTTP/1.1" 200 56096 "-" "Expanse, a Palo Alto Networks company, searches across the global IPv4 space multiple times per day to identify customers&#39; presences on the Internet. If you would like to be excluded from our scans, please send IP addresses/domains to: scaninfo@paloaltonetworks.com"
104.45.194.225 - - [11/Mar/2022:19:25:42 +0700] "GET / HTTP/1.1" 200 13245 "-" "Mozilla/5.0 (Windows NT 10.0; Win64; x64) AppleWebKit/537.36 (KHTML, like Gecko; compatible; BW/1.1; bit.ly/2W6Px8S; d51414a7fc) Chrome/84.0.4147.105 Safari/537.36"
104.45.194.225 - - [11/Mar/2022:19:25:49 +0700] "GET /assets/js/smoothscroll.js HTTP/1.1" 200 2311 "http://escon.cic.com.vn/" "Mozilla/5.0 (Windows NT 10.0; Win64; x64) AppleWebKit/537.36 (KHTML, like Gecko; compatible; BW/1.1; bit.ly/2W6Px8S; d51414a7fc) Chrome/84.0.4147.105 Safari/537.36"
104.45.194.225 - - [11/Mar/2022:19:25:49 +0700] "GET /assets/js/bootstrap.min.js HTTP/1.1" 200 9420 "http://escon.cic.com.vn/" "Mozilla/5.0 (Windows NT 10.0; Win64; x64) AppleWebKit/537.36 (KHTML, like Gecko; compatible; BW/1.1; bit.ly/2W6Px8S; d51414a7fc) Chrome/84.0.4147.105 Safari/537.36"
104.45.194.225 - - [11/Mar/2022:19:25:49 +0700] "GET /assets/js/jquery.localScroll.min.js HTTP/1.1" 200 834 "http://escon.cic.com.vn/" "Mozilla/5.0 (Windows NT 10.0; Win64; x64) AppleWebKit/537.36 (KHTML, like Gecko; compatible; BW/1.1; bit.ly/2W6Px8S; d51414a7fc) Chrome/84.0.4147.105 Safari/537.36"
104.45.194.225 - - [11/Mar/2022:19:25:49 +0700] "GET /assets/js/jquery.flexslider-min.js HTTP/1.1" 200 6280 "http://escon.cic.com.vn/" "Mozilla/5.0 (Windows NT 10.0; Win64; x64) AppleWebKit/537.36 (KHTML, like Gecko; compatible; BW/1.1; bit.ly/2W6Px8S; d51414a7fc) Chrome/84.0.4147.105 Safari/537.36"
104.45.194.225 - - [11/Mar/2022:19:25:49 +0700] "GET /assets/js/jquery.ajaxchimp.min.js HTTP/1.1" 200 951 "http://escon.cic.com.vn/" "Mozilla/5.0 (Windows NT 10.0; Win64; x64) AppleWebKit/537.36 (KHTML, like Gecko; compatible; BW/1.1; bit.ly/2W6Px8S; d51414a7fc) Chrome/84.0.4147.105 Safari/537.36"
104.45.194.225 - - [11/Mar/2022:19:25:49 +0700] "GET /assets/js/script.js HTTP/1.1" 200 2615 "http://escon.cic.com.vn/" "Mozilla/5.0 (Windows NT 10.0; Win64; x64) AppleWebKit/537.36 (KHTML, like Gecko; compatible; BW/1.1; bit.ly/2W6Px8S; d51414a7fc) Chrome/84.0.4147.105 Safari/537.36"
104.45.194.225 - - [11/Mar/2022:19:25:49 +0700] "GET /assets/js/jquery.nav.js HTTP/1.1" 200 1854 "http://escon.cic.com.vn/" "Mozilla/5.0 (Windows NT 10.0; Win64; x64) AppleWebKit/537.36 (KHTML, like Gecko; compatible; BW/1.1; bit.ly/2W6Px8S; d51414a7fc) Chrome/84.0.4147.105 Safari/537.36"
104.45.194.225 - - [11/Mar/2022:19:25:49 +0700] "GET /assets/js/wow.js HTTP/1.1" 200 2807 "http://escon.cic.com.vn/" "Mozilla/5.0 (Windows NT 10.0; Win64; x64) AppleWebKit/537.36 (KHTML, like Gecko; compatible; BW/1.1; bit.ly/2W6Px8S; d51414a7fc) Chrome/84.0.4147.105 Safari/537.36"
104.45.194.225 - - [11/Mar/2022:19:25:49 +0700] "GET /assets/js/jquery.magnific-popup.js HTTP/1.1" 200 13814 "http://escon.cic.com.vn/" "Mozilla/5.0 (Windows NT 10.0; Win64; x64) AppleWebKit/537.36 (KHTML, like Gecko; compatible; BW/1.1; bit.ly/2W6Px8S; d51414a7fc) Chrome/84.0.4147.105 Safari/537.36"
104.45.194.225 - - [11/Mar/2022:19:25:49 +0700] "GET /assets/js/owl.carousel.js HTTP/1.1" 200 8765 "http://escon.cic.com.vn/" "Mozilla/5.0 (Windows NT 10.0; Win64; x64) AppleWebKit/537.36 (KHTML, like Gecko; compatible; BW/1.1; bit.ly/2W6Px8S; d51414a7fc) Chrome/84.0.4147.105 Safari/537.36"
104.45.194.225 - - [11/Mar/2022:19:25:49 +0700] "GET /assets/js/jquery.scrollTo.min.js HTTP/1.1" 200 1313 "http://escon.cic.com.vn/" "Mozilla/5.0 (Windows NT 10.0; Win64; x64) AppleWebKit/537.36 (KHTML, like Gecko; compatible; BW/1.1; bit.ly/2W6Px8S; d51414a7fc) Chrome/84.0.4147.105 Safari/537.36"
104.45.194.225 - - [11/Mar/2022:19:25:49 +0700] "GET /assets/js/jquery.placeholder.js HTTP/1.1" 200 1745 "http://escon.cic.com.vn/" "Mozilla/5.0 (Windows NT 10.0; Win64; x64) AppleWebKit/537.36 (KHTML, like Gecko; compatible; BW/1.1; bit.ly/2W6Px8S; d51414a7fc) Chrome/84.0.4147.105 Safari/537.36"
104.45.194.225 - - [11/Mar/2022:19:25:50 +0700] "GET /images/screenshot6_6.png HTTP/1.1" 200 96134 "-" "Mozilla/5.0 (Windows NT 10.0; Win64; x64) AppleWebKit/537.36 (KHTML, like Gecko; compatible; BW/1.1; bit.ly/2W6Px8S; d51414a7fc) Chrome/84.0.4147.105 Safari/537.36"
104.45.194.225 - - [11/Mar/2022:19:25:50 +0700] "GET /images/screenshot4_4.png HTTP/1.1" 200 123197 "-" "Mozilla/5.0 (Windows NT 10.0; Win64; x64) AppleWebKit/537.36 (KHTML, like Gecko; compatible; BW/1.1; bit.ly/2W6Px8S; d51414a7fc) Chrome/84.0.4147.105 Safari/537.36"
104.45.194.225 - - [11/Mar/2022:19:25:50 +0700] "GET /assets/js/jquery.js HTTP/1.1" 200 84293 "http://escon.cic.com.vn/" "Mozilla/5.0 (Windows NT 10.0; Win64; x64) AppleWebKit/537.36 (KHTML, like Gecko; compatible; BW/1.1; bit.ly/2W6Px8S; d51414a7fc) Chrome/84.0.4147.105 Safari/537.36"
104.45.194.225 - - [11/Mar/2022:19:26:09 +0700] "GET /assets/js/smoothscroll.js HTTP/1.1" 200 2311 "-" "Mozilla/5.0 (Windows NT 10.0; Win64; x64) AppleWebKit/537.36 (KHTML, like Gecko; compatible; BW/1.1; bit.ly/2W6Px8S; d51414a7fc) Chrome/84.0.4147.105 Safari/537.36"
104.45.194.225 - - [11/Mar/2022:19:26:09 +0700] "GET /assets/js/owl.carousel.js HTTP/1.1" 200 8765 "-" "Mozilla/5.0 (Windows NT 10.0; Win64; x64) AppleWebKit/537.36 (KHTML, like Gecko; compatible; BW/1.1; bit.ly/2W6Px8S; d51414a7fc) Chrome/84.0.4147.105 Safari/537.36"
104.45.194.225 - - [11/Mar/2022:19:26:09 +0700] "GET /assets/js/script.js HTTP/1.1" 200 2615 "-" "Mozilla/5.0 (Windows NT 10.0; Win64; x64) AppleWebKit/537.36 (KHTML, like Gecko; compatible; BW/1.1; bit.ly/2W6Px8S; d51414a7fc) Chrome/84.0.4147.105 Safari/537.36"
104.45.194.225 - - [11/Mar/2022:19:26:09 +0700] "GET /assets/js/wow.js HTTP/1.1" 200 2807 "-" "Mozilla/5.0 (Windows NT 10.0; Win64; x64) AppleWebKit/537.36 (KHTML, like Gecko; compatible; BW/1.1; bit.ly/2W6Px8S; d51414a7fc) Chrome/84.0.4147.105 Safari/537.36"
103.131.71.51 - - [12/Mar/2022:04:26:32 +0700] "GET /robots.txt HTTP/1.0" 404 372 "-" "Mozilla/5.0 (compatible; coccocbot-image/1.0; +http://help.coccoc.com/searchengine)"
103.131.71.24 - - [12/Mar/2022:04:26:42 +0700] "GET /images/screenshot6.png HTTP/1.0" 404 384 "-" "Mozilla/5.0 (compatible; coccocbot-image/1.0; +http://help.coccoc.com/searchengine)"
157.90.177.226 - - [12/Mar/2022:11:13:39 +0700] "GET /robots.txt HTTP/1.0" 404 372 "-" "Mozilla/5.0 (compatible; BLEXBot/1.0; +http://webmeup-crawler.com/)"
103.131.71.237 - - [12/Mar/2022:16:41:00 +0700] "GET /robots.txt HTTP/1.0" 404 372 "-" "Mozilla/5.0 (compatible; coccocbot-web/1.0; +http://help.coccoc.com/searchengine)"
157.90.177.226 - - [12/Mar/2022:21:06:57 +0700] "GET /robots.txt HTTP/1.0" 404 372 "-" "Mozilla/5.0 (compatible; BLEXBot/1.0; +http://webmeup-crawler.com/)"
103.131.71.67 - - [13/Mar/2022:03:01:25 +0700] "GET /robots.txt HTTP/1.0" 404 372 "-" "Mozilla/5.0 (compatible; coccocbot-web/1.0; +http://help.coccoc.com/searchengine)"
157.90.177.226 - - [13/Mar/2022:05:31:57 +0700] "GET /robots.txt HTTP/1.0" 404 372 "-" "Mozilla/5.0 (compatible; BLEXBot/1.0; +http://webmeup-crawler.com/)"
157.90.177.226 - - [13/Mar/2022:18:15:50 +0700] "GET /robots.txt HTTP/1.0" 404 372 "-" "Mozilla/5.0 (compatible; BLEXBot/1.0; +http://webmeup-crawler.com/)"
103.131.71.39 - - [13/Mar/2022:19:04:45 +0700] "GET /robots.txt HTTP/1.0" 404 372 "-" "Mozilla/5.0 (compatible; coccocbot-image/1.0; +http://help.coccoc.com/searchengine)"
103.131.71.43 - - [13/Mar/2022:19:04:55 +0700] "GET /images/team4.png HTTP/1.0" 200 298 "-" "Mozilla/5.0 (compatible; coccocbot-image/1.0; +http://help.coccoc.com/searchengine)"
157.90.177.226 - - [14/Mar/2022:01:36:34 +0700] "GET /robots.txt HTTP/1.0" 404 372 "-" "Mozilla/5.0 (compatible; BLEXBot/1.0; +http://webmeup-crawler.com/)"
103.131.71.71 - - [14/Mar/2022:02:46:51 +0700] "GET /robots.txt HTTP/1.0" 404 372 "-" "Mozilla/5.0 (compatible; coccocbot-web/1.0; +http://help.coccoc.com/searchengine)"
103.131.71.43 - - [13/Mar/2022:19:04:55 +0700] "GET /images/team4.png HTTP/1.1" 200 25257 "-" "Mozilla/5.0 (compatible; coccocbot-image/1.0; +http://help.coccoc.com/searchengine)"
103.131.71.21 - - [14/Mar/2022:08:42:13 +0700] "GET /robots.txt HTTP/1.0" 404 372 "-" "Mozilla/5.0 (compatible; coccocbot-image/1.0; +http://help.coccoc.com/searchengine)"
103.131.71.52 - - [14/Mar/2022:08:42:26 +0700] "GET /images/team1.png HTTP/1.0" 200 298 "-" "Mozilla/5.0 (compatible; coccocbot-image/1.0; +http://help.coccoc.com/searchengine)"
103.131.71.148 - - [14/Mar/2022:11:46:17 +0700] "GET /robots.txt HTTP/1.0" 404 372 "-" "Mozilla/5.0 (compatible; coccocbot-web/1.0; +http://help.coccoc.com/searchengine)"
103.131.71.184 - - [14/Mar/2022:11:46:28 +0700] "GET / HTTP/1.0" 200 290 "-" "Mozilla/5.0 (compatible; coccocbot-web/1.0; +http://help.coccoc.com/searchengine)"
157.90.177.226 - - [14/Mar/2022:12:09:14 +0700] "GET /robots.txt HTTP/1.0" 404 372 "-" "Mozilla/5.0 (compatible; BLEXBot/1.0; +http://webmeup-crawler.com/)"
157.90.177.226 - - [14/Mar/2022:19:11:57 +0700] "GET /robots.txt HTTP/1.0" 404 372 "-" "Mozilla/5.0 (compatible; BLEXBot/1.0; +http://webmeup-crawler.com/)"
208.109.68.1 - - [14/Mar/2022:23:43:21 +0700] "GET /wp-login.php HTTP/1.0" 404 337 "-" "Mozilla/5.0 (X11; Ubuntu; Linux x86_64; rv:62.0) Gecko/20100101 Firefox/62.0"
157.90.177.226 - - [15/Mar/2022:01:29:25 +0700] "GET /robots.txt HTTP/1.0" 404 372 "-" "Mozilla/5.0 (compatible; BLEXBot/1.0; +http://webmeup-crawler.com/)"
103.131.71.52 - - [14/Mar/2022:08:42:26 +0700] "GET /images/team1.png HTTP/1.1" 200 22495 "-" "Mozilla/5.0 (compatible; coccocbot-image/1.0; +http://help.coccoc.com/searchengine)"
103.131.71.184 - - [14/Mar/2022:11:46:28 +0700] "GET / HTTP/1.1" 304 0 "-" "Mozilla/5.0 (compatible; coccocbot-web/1.0; +http://help.coccoc.com/searchengine)"
157.90.177.226 - - [15/Mar/2022:07:43:15 +0700] "GET /robots.txt HTTP/1.0" 404 372 "-" "Mozilla/5.0 (compatible; BLEXBot/1.0; +http://webmeup-crawler.com/)"
157.90.177.226 - - [15/Mar/2022:14:08:51 +0700] "GET /robots.txt HTTP/1.0" 404 372 "-" "Mozilla/5.0 (compatible; BLEXBot/1.0; +http://webmeup-crawler.com/)"
77.31.47.64 - - [15/Mar/2022:14:57:28 +0700] "GET /DesktopModules/Admin/RadEditorProvider/DialogHandler.aspx HTTP/1.0" 404 419 "-" "python-requests/2.26.0"
77.31.47.64 - - [15/Mar/2022:14:57:29 +0700] "GET /app_master/telerik.web.ui.dialoghandler.aspx HTTP/1.0" 404 406 "-" "python-requests/2.26.0"
77.31.47.64 - - [15/Mar/2022:14:57:30 +0700] "GET /providers/htmleditorproviders/telerik/telerik.web.ui.dialoghandler.aspx HTTP/1.0" 404 433 "-" "python-requests/2.26.0"
77.31.47.64 - - [15/Mar/2022:14:57:30 +0700] "GET /modules/shop/manage/telerik.web.ui.dialoghandler.aspx HTTP/1.0" 404 415 "-" "python-requests/2.26.0"
77.31.47.64 - - [15/Mar/2022:14:57:31 +0700] "GET /brabantwallon/app_master/telerik.web.ui.dialoghandler.aspx HTTP/1.0" 404 420 "-" "python-requests/2.26.0"
77.31.47.64 - - [15/Mar/2022:14:57:32 +0700] "GET /common/admin/Jobs2/Telerik.Web.UI.DialogHandler.aspx HTTP/1.0" 404 414 "-" "python-requests/2.26.0"
77.31.47.64 - - [15/Mar/2022:14:57:32 +0700] "GET /common/admin/Jobs2/Telerik.Web.UI.DialogHandler.aspx HTTP/1.0" 404 414 "-" "python-requests/2.26.0"
77.31.47.64 - - [15/Mar/2022:14:57:33 +0700] "GET /DesktopModules/TelerikWebUI/RadEditorProvider/Telerik.Web.UI.DialogHandler.aspx HTTP/1.0" 404 441 "-" "python-requests/2.26.0"
77.31.47.64 - - [15/Mar/2022:14:57:33 +0700] "GET /cms/portlets/Telerik.Web.UI.DialogHandler.aspx HTTP/1.0" 404 408 "-" "python-requests/2.26.0"
77.31.47.64 - - [15/Mar/2022:14:57:34 +0700] "GET /Telerik.Web.UI.DialogHandler.aspx HTTP/1.0" 404 395 "-" "python-requests/2.26.0"
77.31.47.64 - - [15/Mar/2022:14:57:35 +0700] "GET /Install/InstallWizard.aspx?__VIEWSTATE= HTTP/1.0" 404 388 "-" "python-requests/2.26.0"
103.131.71.213 - - [15/Mar/2022:19:09:58 +0700] "GET /robots.txt HTTP/1.0" 404 372 "-" "Mozilla/5.0 (compatible; coccocbot-image/1.0; +http://help.coccoc.com/searchengine)"
157.90.177.226 - - [15/Mar/2022:20:59:08 +0700] "GET /robots.txt HTTP/1.0" 404 372 "-" "Mozilla/5.0 (compatible; BLEXBot/1.0; +http://webmeup-crawler.com/)"
103.131.71.29 - - [15/Mar/2022:23:44:49 +0700] "GET /robots.txt HTTP/1.0" 404 372 "-" "Mozilla/5.0 (compatible; coccocbot-image/1.0; +http://help.coccoc.com/searchengine)"
103.131.71.36 - - [15/Mar/2022:23:44:59 +0700] "GET /images/team3.png HTTP/1.0" 200 298 "-" "Mozilla/5.0 (compatible; coccocbot-image/1.0; +http://help.coccoc.com/searchengine)"
157.90.177.226 - - [16/Mar/2022:02:44:49 +0700] "GET /robots.txt HTTP/1.0" 404 372 "-" "Mozilla/5.0 (compatible; BLEXBot/1.0; +http://webmeup-crawler.com/)"
103.131.71.185 - - [16/Mar/2022:03:05:08 +0700] "GET /robots.txt HTTP/1.0" 404 372 "-" "Mozilla/5.0 (compatible; coccocbot-web/1.0; +http://help.coccoc.com/searchengine)"
103.131.71.56 - - [16/Mar/2022:03:05:29 +0700] "GET / HTTP/1.0" 200 290 "-" "Mozilla/5.0 (compatible; coccocbot-web/1.0; +http://help.coccoc.com/searchengine)"
103.131.71.36 - - [15/Mar/2022:23:44:59 +0700] "GET /images/team3.png HTTP/1.1" 200 23245 "-" "Mozilla/5.0 (compatible; coccocbot-image/1.0; +http://help.coccoc.com/searchengine)"
103.131.71.56 - - [16/Mar/2022:03:05:29 +0700] "GET / HTTP/1.1" 304 0 "-" "Mozilla/5.0 (compatible; coccocbot-web/1.0; +http://help.coccoc.com/searchengine)"
157.90.177.226 - - [16/Mar/2022:08:43:49 +0700] "GET /robots.txt HTTP/1.0" 404 372 "-" "Mozilla/5.0 (compatible; BLEXBot/1.0; +http://webmeup-crawler.com/)"
46.19.36.65 - - [16/Mar/2022:09:48:45 +0700] "GET /radio.php HTTP/1.0" 404 273 "-" "Mozilla/5.0 (Windows NT 10.0; WOW64) AppleWebKit/537.36 (KHTML, like Gecko) Chrome/87.0.4280.88 YaBrowser/20.12.2.105 Yowser/2.5 Safari/537.36"
103.131.71.88 - - [16/Mar/2022:10:23:04 +0700] "GET /robots.txt HTTP/1.0" 404 372 "-" "Mozilla/5.0 (compatible; coccocbot-web/1.0; +http://help.coccoc.com/searchengine)"
103.131.71.132 - - [16/Mar/2022:10:23:14 +0700] "GET / HTTP/1.0" 200 290 "-" "Mozilla/5.0 (compatible; coccocbot-web/1.0; +http://help.coccoc.com/searchengine)"
103.131.71.53 - - [16/Mar/2022:15:42:17 +0700] "GET /robots.txt HTTP/1.0" 404 372 "-" "Mozilla/5.0 (compatible; coccocbot-image/1.0; +http://help.coccoc.com/searchengine)"
184.168.116.113 - - [17/Mar/2022:01:36:09 +0700] "GET /wp-login.php HTTP/1.0" 404 337 "-" "Mozilla/5.0 (X11; Ubuntu; Linux x86_64; rv:62.0) Gecko/20100101 Firefox/62.0"
103.131.71.235 - - [17/Mar/2022:02:37:34 +0700] "GET /robots.txt HTTP/1.0" 404 372 "-" "Mozilla/5.0 (compatible; coccocbot-web/1.0; +http://help.coccoc.com/searchengine)"
103.131.71.186 - - [17/Mar/2022:02:37:44 +0700] "GET / HTTP/1.0" 200 290 "-" "Mozilla/5.0 (compatible; coccocbot-web/1.0; +http://help.coccoc.com/searchengine)"
103.131.71.132 - - [16/Mar/2022:10:23:14 +0700] "GET / HTTP/1.1" 304 0 "-" "Mozilla/5.0 (compatible; coccocbot-web/1.0; +http://help.coccoc.com/searchengine)"
103.131.71.186 - - [17/Mar/2022:02:37:44 +0700] "GET / HTTP/1.1" 304 0 "-" "Mozilla/5.0 (compatible; coccocbot-web/1.0; +http://help.coccoc.com/searchengine)"
103.131.71.51 - - [17/Mar/2022:10:39:01 +0700] "GET /robots.txt HTTP/1.0" 404 372 "-" "Mozilla/5.0 (compatible; coccocbot-image/1.0; +http://help.coccoc.com/searchengine)"
103.131.71.42 - - [17/Mar/2022:10:39:11 +0700] "GET /images/hero_bg_demo.jpg HTTP/1.0" 200 306 "-" "Mozilla/5.0 (compatible; coccocbot-image/1.0; +http://help.coccoc.com/searchengine)"
157.55.39.210 - - [17/Mar/2022:19:21:58 +0700] "GET /robots.txt HTTP/1.0" 404 372 "-" "Mozilla/5.0 (compatible; bingbot/2.0; +http://www.bing.com/bingbot.htm)"
157.55.39.173 - - [17/Mar/2022:19:22:05 +0700] "GET / HTTP/1.0" 200 290 "-" "Mozilla/5.0 (compatible; bingbot/2.0; +http://www.bing.com/bingbot.htm)"
103.131.71.42 - - [17/Mar/2022:10:39:16 +0700] "GET /images/hero_bg_demo.jpg HTTP/1.1" 200 306545 "-" "Mozilla/5.0 (compatible; coccocbot-image/1.0; +http://help.coccoc.com/searchengine)"
157.55.39.173 - - [17/Mar/2022:19:22:05 +0700] "GET / HTTP/1.1" 304 0 "-" "Mozilla/5.0 (compatible; bingbot/2.0; +http://www.bing.com/bingbot.htm)"
103.131.71.39 - - [18/Mar/2022:07:44:29 +0700] "GET /robots.txt HTTP/1.0" 404 372 "-" "Mozilla/5.0 (compatible; coccocbot-image/1.0; +http://help.coccoc.com/searchengine)"
103.131.71.39 - - [18/Mar/2022:07:44:39 +0700] "GET /images/screenshot3.png HTTP/1.0" 200 304 "-" "Mozilla/5.0 (compatible; coccocbot-image/1.0; +http://help.coccoc.com/searchengine)"
103.131.71.146 - - [18/Mar/2022:18:40:13 +0700] "GET /robots.txt HTTP/1.0" 404 372 "-" "Mozilla/5.0 (compatible; coccocbot-web/1.0; +http://help.coccoc.com/searchengine)"
103.131.71.107 - - [18/Mar/2022:18:41:58 +0700] "GET / HTTP/1.0" 200 290 "-" "Mozilla/5.0 (compatible; coccocbot-web/1.0; +http://help.coccoc.com/searchengine)"
103.131.71.39 - - [18/Mar/2022:07:44:40 +0700] "GET /images/screenshot3.png HTTP/1.1" 200 185468 "-" "Mozilla/5.0 (compatible; coccocbot-image/1.0; +http://help.coccoc.com/searchengine)"
103.131.71.107 - - [18/Mar/2022:18:41:58 +0700] "GET / HTTP/1.1" 304 0 "-" "Mozilla/5.0 (compatible; coccocbot-web/1.0; +http://help.coccoc.com/searchengine)"
103.131.71.239 - - [19/Mar/2022:09:04:23 +0700] "GET /robots.txt HTTP/1.0" 404 372 "-" "Mozilla/5.0 (compatible; coccocbot-web/1.0; +http://help.coccoc.com/searchengine)"
103.131.71.51 - - [19/Mar/2022:11:51:24 +0700] "GET /robots.txt HTTP/1.0" 404 372 "-" "Mozilla/5.0 (compatible; coccocbot-image/1.0; +http://help.coccoc.com/searchengine)"
103.131.71.22 - - [19/Mar/2022:11:51:34 +0700] "GET /images/team2.png HTTP/1.0" 200 298 "-" "Mozilla/5.0 (compatible; coccocbot-image/1.0; +http://help.coccoc.com/searchengine)"
54.36.149.16 - - [20/Mar/2022:01:30:34 +0700] "GET /robots.txt HTTP/1.0" 404 372 "-" "Mozilla/5.0 (compatible; AhrefsBot/7.0; +http://ahrefs.com/robot/)"
103.131.71.22 - - [19/Mar/2022:11:51:34 +0700] "GET /images/team2.png HTTP/1.1" 200 32212 "-" "Mozilla/5.0 (compatible; coccocbot-image/1.0; +http://help.coccoc.com/searchengine)"
82.163.176.13 - - [20/Mar/2022:23:46:04 +0700] "GET /admin.php HTTP/1.0" 404 273 "-" "Mozilla/5.0 (Linux; Android 9; FLA-LX1) AppleWebKit/537.36 (KHTML, like Gecko) Chrome/83.0.4103.106 Mobile Safari/537.36 OPR/59.1.2926.54067"
82.163.176.13 - - [20/Mar/2022:23:46:04 +0700] "GET /class-wp-widget-archives.php HTTP/1.0" 404 273 "-" "Mozilla/5.0 (Linux; Android 10; HRY-LX1) AppleWebKit/537.36 (KHTML, like Gecko) Chrome/83.0.4103.106 Mobile Safari/537.36"
82.163.176.13 - - [20/Mar/2022:23:46:04 +0700] "GET /2index.php HTTP/1.0" 404 273 "-" "Mozilla/5.0 (Windows NT 10.0; Win64; x64) AppleWebKit/537.36 (KHTML, like Gecko) Chrome/83.0.4103.61 Safari/537.36"
82.163.176.13 - - [20/Mar/2022:23:46:04 +0700] "GET /3index.php HTTP/1.0" 404 273 "-" "Mozilla/5.0 (iPhone; CPU iPhone OS 11_0 like Mac OS X) AppleWebKit/604.1.38 (KHTML, like Gecko) Version/11.0 Mobile/15A372 Safari/604.1"
