20.52.8.88 - - [15/Nov/2021:12:47:56 +0700] "GET /wp/wp-includes/wlwmanifest.xml HTTP/1.0" 404 392 "-" "Mozilla/5.0 (Windows NT 10.0; Win64; x64) AppleWebKit/537.36 (KHTML, like Gecko) Chrome/76.0.3809.132 Safari/537.36"
20.52.8.88 - - [15/Nov/2021:12:47:57 +0700] "GET /news/wp-includes/wlwmanifest.xml HTTP/1.0" 404 394 "-" "Mozilla/5.0 (Windows NT 10.0; Win64; x64) AppleWebKit/537.36 (KHTML, like Gecko) Chrome/76.0.3809.132 Safari/537.36"
20.52.8.88 - - [15/Nov/2021:12:47:57 +0700] "GET /2018/wp-includes/wlwmanifest.xml HTTP/1.0" 404 394 "-" "Mozilla/5.0 (Windows NT 10.0; Win64; x64) AppleWebKit/537.36 (KHTML, like Gecko) Chrome/76.0.3809.132 Safari/537.36"
20.52.8.88 - - [15/Nov/2021:12:47:58 +0700] "GET /2019/wp-includes/wlwmanifest.xml HTTP/1.0" 404 394 "-" "Mozilla/5.0 (Windows NT 10.0; Win64; x64) AppleWebKit/537.36 (KHTML, like Gecko) Chrome/76.0.3809.132 Safari/537.36"
20.52.8.88 - - [15/Nov/2021:12:47:59 +0700] "GET /shop/wp-includes/wlwmanifest.xml HTTP/1.0" 404 394 "-" "Mozilla/5.0 (Windows NT 10.0; Win64; x64) AppleWebKit/537.36 (KHTML, like Gecko) Chrome/76.0.3809.132 Safari/537.36"
20.52.8.88 - - [15/Nov/2021:12:47:59 +0700] "GET /wp1/wp-includes/wlwmanifest.xml HTTP/1.0" 404 393 "-" "Mozilla/5.0 (Windows NT 10.0; Win64; x64) AppleWebKit/537.36 (KHTML, like Gecko) Chrome/76.0.3809.132 Safari/537.36"
20.52.8.88 - - [15/Nov/2021:12:48:00 +0700] "GET /test/wp-includes/wlwmanifest.xml HTTP/1.0" 404 394 "-" "Mozilla/5.0 (Windows NT 10.0; Win64; x64) AppleWebKit/537.36 (KHTML, like Gecko) Chrome/76.0.3809.132 Safari/537.36"
20.52.8.88 - - [15/Nov/2021:12:48:01 +0700] "GET /media/wp-includes/wlwmanifest.xml HTTP/1.0" 404 395 "-" "Mozilla/5.0 (Windows NT 10.0; Win64; x64) AppleWebKit/537.36 (KHTML, like Gecko) Chrome/76.0.3809.132 Safari/537.36"
20.52.8.88 - - [15/Nov/2021:12:48:01 +0700] "GET /wp2/wp-includes/wlwmanifest.xml HTTP/1.0" 404 393 "-" "Mozilla/5.0 (Windows NT 10.0; Win64; x64) AppleWebKit/537.36 (KHTML, like Gecko) Chrome/76.0.3809.132 Safari/537.36"
20.52.8.88 - - [15/Nov/2021:12:48:02 +0700] "GET /site/wp-includes/wlwmanifest.xml HTTP/1.0" 404 394 "-" "Mozilla/5.0 (Windows NT 10.0; Win64; x64) AppleWebKit/537.36 (KHTML, like Gecko) Chrome/76.0.3809.132 Safari/537.36"
20.52.8.88 - - [15/Nov/2021:12:48:03 +0700] "GET /cms/wp-includes/wlwmanifest.xml HTTP/1.0" 404 393 "-" "Mozilla/5.0 (Windows NT 10.0; Win64; x64) AppleWebKit/537.36 (KHTML, like Gecko) Chrome/76.0.3809.132 Safari/537.36"
20.52.8.88 - - [15/Nov/2021:12:48:03 +0700] "GET /sito/wp-includes/wlwmanifest.xml HTTP/1.0" 404 394 "-" "Mozilla/5.0 (Windows NT 10.0; Win64; x64) AppleWebKit/537.36 (KHTML, like Gecko) Chrome/76.0.3809.132 Safari/537.36"
54.36.148.90 - - [15/Nov/2021:22:41:49 +0700] "GET /robots.txt HTTP/1.0" 404 372 "-" "Mozilla/5.0 (compatible; AhrefsBot/7.0; +http://ahrefs.com/robot/)"
20.52.8.88 - - [15/Nov/2021:12:47:50 +0700] "GET / HTTP/1.1" 200 56096 "-" "Mozilla/5.0 (Windows NT 10.0; Win64; x64) AppleWebKit/537.36 (KHTML, like Gecko) Chrome/76.0.3809.132 Safari/537.36"
20.52.8.88 - - [15/Nov/2021:12:47:52 +0700] "GET / HTTP/1.1" 200 56096 "-" "Mozilla/5.0 (Windows NT 10.0; Win64; x64) AppleWebKit/537.36 (KHTML, like Gecko) Chrome/76.0.3809.132 Safari/537.36"
51.222.253.9 - - [16/Nov/2021:15:47:30 +0700] "GET /robots.txt HTTP/1.0" 404 372 "-" "Mozilla/5.0 (compatible; AhrefsBot/7.0; +http://ahrefs.com/robot/)"
40.77.167.98 - - [18/Nov/2021:02:49:54 +0700] "GET /robots.txt HTTP/1.0" 404 372 "-" "Mozilla/5.0 (compatible; bingbot/2.0; +http://www.bing.com/bingbot.htm)"
207.46.13.31 - - [18/Nov/2021:02:50:01 +0700] "GET /images/faq-mockup.png HTTP/1.0" 200 303 "-" "Mozilla/5.0 (compatible; bingbot/2.0; +http://www.bing.com/bingbot.htm)"
207.46.13.31 - - [18/Nov/2021:02:50:01 +0700] "GET /images/faq-mockup.png HTTP/1.1" 200 49321 "-" "Mozilla/5.0 (compatible; bingbot/2.0; +http://www.bing.com/bingbot.htm)"
23.23.6.16 - - [18/Nov/2021:14:55:14 +0700] "GET / HTTP/1.0" 200 290 "-" "Mozilla/5.0 (Windows NT 10.0; Win64; x64) AppleWebKit/537.36 (KHTML, like Gecko) Chrome/80.0.3987.149 Safari/537.36"
23.23.6.16 - - [18/Nov/2021:14:55:17 +0700] "GET / HTTP/1.0" 200 290 "-" "Mozilla/5.0 (Windows NT 10.0; Win64; x64) AppleWebKit/537.36 (KHTML, like Gecko) Chrome/80.0.3987.149 Safari/537.36"
23.23.6.16 - - [18/Nov/2021:14:55:20 +0700] "GET /wp-includes/wlwmanifest.xml HTTP/1.0" 404 389 "-" "Mozilla/5.0 (Windows NT 10.0; Win64; x64) AppleWebKit/537.36 (KHTML, like Gecko) Chrome/80.0.3987.149 Safari/537.36"
23.23.6.16 - - [18/Nov/2021:14:55:22 +0700] "GET / HTTP/1.0" 200 290 "-" "Mozilla/5.0 (Windows NT 10.0; Win64; x64) AppleWebKit/537.36 (KHTML, like Gecko) Chrome/80.0.3987.149 Safari/537.36"
23.23.6.16 - - [18/Nov/2021:14:55:24 +0700] "GET /blog/wp-includes/wlwmanifest.xml HTTP/1.0" 404 394 "-" "Mozilla/5.0 (Windows NT 10.0; Win64; x64) AppleWebKit/537.36 (KHTML, like Gecko) Chrome/80.0.3987.149 Safari/537.36"
23.23.6.16 - - [18/Nov/2021:14:55:25 +0700] "GET /web/wp-includes/wlwmanifest.xml HTTP/1.0" 404 393 "-" "Mozilla/5.0 (Windows NT 10.0; Win64; x64) AppleWebKit/537.36 (KHTML, like Gecko) Chrome/80.0.3987.149 Safari/537.36"
23.23.6.16 - - [18/Nov/2021:14:55:26 +0700] "GET /wordpress/wp-includes/wlwmanifest.xml HTTP/1.0" 404 399 "-" "Mozilla/5.0 (Windows NT 10.0; Win64; x64) AppleWebKit/537.36 (KHTML, like Gecko) Chrome/80.0.3987.149 Safari/537.36"
23.23.6.16 - - [18/Nov/2021:14:55:27 +0700] "GET /website/wp-includes/wlwmanifest.xml HTTP/1.0" 404 397 "-" "Mozilla/5.0 (Windows NT 10.0; Win64; x64) AppleWebKit/537.36 (KHTML, like Gecko) Chrome/80.0.3987.149 Safari/537.36"
23.23.6.16 - - [18/Nov/2021:14:55:28 +0700] "GET /wp/wp-includes/wlwmanifest.xml HTTP/1.0" 404 392 "-" "Mozilla/5.0 (Windows NT 10.0; Win64; x64) AppleWebKit/537.36 (KHTML, like Gecko) Chrome/80.0.3987.149 Safari/537.36"
23.23.6.16 - - [18/Nov/2021:14:55:30 +0700] "GET /news/wp-includes/wlwmanifest.xml HTTP/1.0" 404 394 "-" "Mozilla/5.0 (Windows NT 10.0; Win64; x64) AppleWebKit/537.36 (KHTML, like Gecko) Chrome/80.0.3987.149 Safari/537.36"
23.23.6.16 - - [18/Nov/2021:14:55:31 +0700] "GET /2018/wp-includes/wlwmanifest.xml HTTP/1.0" 404 394 "-" "Mozilla/5.0 (Windows NT 10.0; Win64; x64) AppleWebKit/537.36 (KHTML, like Gecko) Chrome/80.0.3987.149 Safari/537.36"
23.23.6.16 - - [18/Nov/2021:14:55:32 +0700] "GET /2019/wp-includes/wlwmanifest.xml HTTP/1.0" 404 394 "-" "Mozilla/5.0 (Windows NT 10.0; Win64; x64) AppleWebKit/537.36 (KHTML, like Gecko) Chrome/80.0.3987.149 Safari/537.36"
23.23.6.16 - - [18/Nov/2021:14:55:33 +0700] "GET /shop/wp-includes/wlwmanifest.xml HTTP/1.0" 404 394 "-" "Mozilla/5.0 (Windows NT 10.0; Win64; x64) AppleWebKit/537.36 (KHTML, like Gecko) Chrome/80.0.3987.149 Safari/537.36"
23.23.6.16 - - [18/Nov/2021:14:55:34 +0700] "GET /wp1/wp-includes/wlwmanifest.xml HTTP/1.0" 404 393 "-" "Mozilla/5.0 (Windows NT 10.0; Win64; x64) AppleWebKit/537.36 (KHTML, like Gecko) Chrome/80.0.3987.149 Safari/537.36"
23.23.6.16 - - [18/Nov/2021:14:55:35 +0700] "GET /test/wp-includes/wlwmanifest.xml HTTP/1.0" 404 394 "-" "Mozilla/5.0 (Windows NT 10.0; Win64; x64) AppleWebKit/537.36 (KHTML, like Gecko) Chrome/80.0.3987.149 Safari/537.36"
23.23.6.16 - - [18/Nov/2021:14:55:36 +0700] "GET /media/wp-includes/wlwmanifest.xml HTTP/1.0" 404 395 "-" "Mozilla/5.0 (Windows NT 10.0; Win64; x64) AppleWebKit/537.36 (KHTML, like Gecko) Chrome/80.0.3987.149 Safari/537.36"
23.23.6.16 - - [18/Nov/2021:14:55:37 +0700] "GET /wp2/wp-includes/wlwmanifest.xml HTTP/1.0" 404 393 "-" "Mozilla/5.0 (Windows NT 10.0; Win64; x64) AppleWebKit/537.36 (KHTML, like Gecko) Chrome/80.0.3987.149 Safari/537.36"
23.23.6.16 - - [18/Nov/2021:14:55:38 +0700] "GET /site/wp-includes/wlwmanifest.xml HTTP/1.0" 404 394 "-" "Mozilla/5.0 (Windows NT 10.0; Win64; x64) AppleWebKit/537.36 (KHTML, like Gecko) Chrome/80.0.3987.149 Safari/537.36"
23.23.6.16 - - [18/Nov/2021:14:55:39 +0700] "GET /cms/wp-includes/wlwmanifest.xml HTTP/1.0" 404 393 "-" "Mozilla/5.0 (Windows NT 10.0; Win64; x64) AppleWebKit/537.36 (KHTML, like Gecko) Chrome/80.0.3987.149 Safari/537.36"
23.23.6.16 - - [18/Nov/2021:14:55:40 +0700] "GET /sito/wp-includes/wlwmanifest.xml HTTP/1.0" 404 394 "-" "Mozilla/5.0 (Windows NT 10.0; Win64; x64) AppleWebKit/537.36 (KHTML, like Gecko) Chrome/80.0.3987.149 Safari/537.36"
66.249.68.32 - - [19/Nov/2021:01:38:40 +0700] "GET /robots.txt HTTP/1.0" 404 372 "-" "Mozilla/5.0 (compatible; Googlebot/2.1; +http://www.google.com/bot.html)"
74.125.150.62 - - [19/Nov/2021:01:38:40 +0700] "GET / HTTP/1.0" 200 290 "-" "AdsBot-Google (+http://www.google.com/adsbot.html)"
74.125.150.32 - - [19/Nov/2021:01:38:43 +0700] "GET / HTTP/1.0" 200 290 "-" "AdsBot-Google (+http://www.google.com/adsbot.html)"
74.125.150.62 - - [19/Nov/2021:01:39:00 +0700] "GET /assets/css/responsive.css HTTP/1.0" 200 306 "http://escon.cic.com.vn/" "AdsBot-Google (+http://www.google.com/adsbot.html)"
74.125.150.60 - - [19/Nov/2021:01:39:08 +0700] "GET /assets/css/owl.theme.css HTTP/1.0" 200 305 "http://escon.cic.com.vn/" "AdsBot-Google (+http://www.google.com/adsbot.html)"
74.125.150.60 - - [19/Nov/2021:01:39:15 +0700] "GET /images/team4.png HTTP/1.0" 200 298 "http://escon.cic.com.vn/" "AdsBot-Google (+http://www.google.com/adsbot.html)"
74.125.150.60 - - [19/Nov/2021:01:39:17 +0700] "GET /images/faq-mockup.png HTTP/1.0" 200 303 "http://escon.cic.com.vn/" "AdsBot-Google (+http://www.google.com/adsbot.html)"
23.23.6.16 - - [18/Nov/2021:14:55:14 +0700] "GET / HTTP/1.1" 200 56096 "-" "Mozilla/5.0 (Windows NT 10.0; Win64; x64) AppleWebKit/537.36 (KHTML, like Gecko) Chrome/80.0.3987.149 Safari/537.36"
23.23.6.16 - - [18/Nov/2021:14:55:17 +0700] "GET / HTTP/1.1" 200 56096 "-" "Mozilla/5.0 (Windows NT 10.0; Win64; x64) AppleWebKit/537.36 (KHTML, like Gecko) Chrome/80.0.3987.149 Safari/537.36"
23.23.6.16 - - [18/Nov/2021:14:55:22 +0700] "GET / HTTP/1.1" 200 56096 "-" "Mozilla/5.0 (Windows NT 10.0; Win64; x64) AppleWebKit/537.36 (KHTML, like Gecko) Chrome/80.0.3987.149 Safari/537.36"
74.125.150.62 - - [19/Nov/2021:01:38:40 +0700] "GET / HTTP/1.1" 200 12444 "-" "AdsBot-Google (+http://www.google.com/adsbot.html)"
74.125.150.32 - - [19/Nov/2021:01:38:43 +0700] "GET / HTTP/1.1" 200 12444 "-" "AdsBot-Google (+http://www.google.com/adsbot.html)"
74.125.150.62 - - [19/Nov/2021:01:39:00 +0700] "GET /assets/css/responsive.css HTTP/1.1" 200 1646 "http://escon.cic.com.vn/" "AdsBot-Google (+http://www.google.com/adsbot.html)"
74.125.150.60 - - [19/Nov/2021:01:39:08 +0700] "GET /assets/css/owl.theme.css HTTP/1.1" 200 577 "http://escon.cic.com.vn/" "AdsBot-Google (+http://www.google.com/adsbot.html)"
74.125.150.60 - - [19/Nov/2021:01:39:15 +0700] "GET /images/team4.png HTTP/1.1" 200 25257 "http://escon.cic.com.vn/" "AdsBot-Google (+http://www.google.com/adsbot.html)"
74.125.150.60 - - [19/Nov/2021:01:39:17 +0700] "GET /images/faq-mockup.png HTTP/1.1" 200 49321 "http://escon.cic.com.vn/" "AdsBot-Google (+http://www.google.com/adsbot.html)"
52.159.93.152 - - [19/Nov/2021:23:34:23 +0700] "POST / HTTP/1.0" 403 2261 "-" "Mozilla/5.0 (X11; Linux x86_64) AppleWebKit/537.36 (KHTML, like Gecko) Chrome/81.0.4044.129 Safari/537.36"
52.159.93.152 - - [19/Nov/2021:23:34:23 +0700] "GET /.env HTTP/1.1" 403 548 "-" "Mozilla/5.0 (X11; Linux x86_64) AppleWebKit/537.36 (KHTML, like Gecko) Chrome/81.0.4044.129 Safari/537.36"
52.159.93.152 - - [20/Nov/2021:04:22:54 +0700] "POST / HTTP/1.0" 403 2261 "-" "Mozilla/5.0 (X11; Linux x86_64) AppleWebKit/537.36 (KHTML, like Gecko) Chrome/81.0.4044.129 Safari/537.36"
40.77.167.98 - - [20/Nov/2021:06:12:38 +0700] "GET /robots.txt HTTP/1.0" 404 372 "-" "Mozilla/5.0 (compatible; bingbot/2.0; +http://www.bing.com/bingbot.htm)"
157.55.39.16 - - [20/Nov/2021:06:12:41 +0700] "GET /images/screenshot3_3.png HTTP/1.0" 200 306 "-" "Mozilla/5.0 (compatible; bingbot/2.0; +http://www.bing.com/bingbot.htm)"
51.132.227.163 - - [20/Nov/2021:07:59:33 +0700] "GET / HTTP/1.0" 200 290 "-" "Mozilla/5.0 (Windows NT 10.0; Win64; x64) AppleWebKit/537.36 (KHTML, like Gecko) Chrome/63.0.3239.132 Safari/537.36"
51.132.227.163 - - [20/Nov/2021:07:59:34 +0700] "GET /wp-includes/wlwmanifest.xml HTTP/1.0" 404 389 "-" "Mozilla/5.0 (Windows NT 10.0; Win64; x64) AppleWebKit/537.36 (KHTML, like Gecko) Chrome/63.0.3239.132 Safari/537.36"
51.132.227.163 - - [20/Nov/2021:07:59:35 +0700] "GET / HTTP/1.0" 200 290 "-" "Mozilla/5.0 (Windows NT 10.0; Win64; x64) AppleWebKit/537.36 (KHTML, like Gecko) Chrome/63.0.3239.132 Safari/537.36"
51.132.227.163 - - [20/Nov/2021:07:59:37 +0700] "GET /blog/wp-includes/wlwmanifest.xml HTTP/1.0" 404 394 "-" "Mozilla/5.0 (Windows NT 10.0; Win64; x64) AppleWebKit/537.36 (KHTML, like Gecko) Chrome/63.0.3239.132 Safari/537.36"
51.132.227.163 - - [20/Nov/2021:07:59:37 +0700] "GET /web/wp-includes/wlwmanifest.xml HTTP/1.0" 404 393 "-" "Mozilla/5.0 (Windows NT 10.0; Win64; x64) AppleWebKit/537.36 (KHTML, like Gecko) Chrome/63.0.3239.132 Safari/537.36"
51.132.227.163 - - [20/Nov/2021:07:59:38 +0700] "GET /wordpress/wp-includes/wlwmanifest.xml HTTP/1.0" 404 399 "-" "Mozilla/5.0 (Windows NT 10.0; Win64; x64) AppleWebKit/537.36 (KHTML, like Gecko) Chrome/63.0.3239.132 Safari/537.36"
51.132.227.163 - - [20/Nov/2021:07:59:38 +0700] "GET /website/wp-includes/wlwmanifest.xml HTTP/1.0" 404 397 "-" "Mozilla/5.0 (Windows NT 10.0; Win64; x64) AppleWebKit/537.36 (KHTML, like Gecko) Chrome/63.0.3239.132 Safari/537.36"
51.132.227.163 - - [20/Nov/2021:07:59:39 +0700] "GET /wp/wp-includes/wlwmanifest.xml HTTP/1.0" 404 392 "-" "Mozilla/5.0 (Windows NT 10.0; Win64; x64) AppleWebKit/537.36 (KHTML, like Gecko) Chrome/63.0.3239.132 Safari/537.36"
51.132.227.163 - - [20/Nov/2021:07:59:39 +0700] "GET /news/wp-includes/wlwmanifest.xml HTTP/1.0" 404 394 "-" "Mozilla/5.0 (Windows NT 10.0; Win64; x64) AppleWebKit/537.36 (KHTML, like Gecko) Chrome/63.0.3239.132 Safari/537.36"
51.132.227.163 - - [20/Nov/2021:07:59:40 +0700] "GET /2015/wp-includes/wlwmanifest.xml HTTP/1.0" 404 394 "-" "Mozilla/5.0 (Windows NT 10.0; Win64; x64) AppleWebKit/537.36 (KHTML, like Gecko) Chrome/63.0.3239.132 Safari/537.36"
51.132.227.163 - - [20/Nov/2021:07:59:41 +0700] "GET /2016/wp-includes/wlwmanifest.xml HTTP/1.0" 404 394 "-" "Mozilla/5.0 (Windows NT 10.0; Win64; x64) AppleWebKit/537.36 (KHTML, like Gecko) Chrome/63.0.3239.132 Safari/537.36"
51.132.227.163 - - [20/Nov/2021:07:59:41 +0700] "GET /2017/wp-includes/wlwmanifest.xml HTTP/1.0" 404 394 "-" "Mozilla/5.0 (Windows NT 10.0; Win64; x64) AppleWebKit/537.36 (KHTML, like Gecko) Chrome/63.0.3239.132 Safari/537.36"
51.132.227.163 - - [20/Nov/2021:07:59:42 +0700] "GET /2018/wp-includes/wlwmanifest.xml HTTP/1.0" 404 394 "-" "Mozilla/5.0 (Windows NT 10.0; Win64; x64) AppleWebKit/537.36 (KHTML, like Gecko) Chrome/63.0.3239.132 Safari/537.36"
51.132.227.163 - - [20/Nov/2021:07:59:42 +0700] "GET /shop/wp-includes/wlwmanifest.xml HTTP/1.0" 404 394 "-" "Mozilla/5.0 (Windows NT 10.0; Win64; x64) AppleWebKit/537.36 (KHTML, like Gecko) Chrome/63.0.3239.132 Safari/537.36"
51.132.227.163 - - [20/Nov/2021:07:59:43 +0700] "GET /wp1/wp-includes/wlwmanifest.xml HTTP/1.0" 404 393 "-" "Mozilla/5.0 (Windows NT 10.0; Win64; x64) AppleWebKit/537.36 (KHTML, like Gecko) Chrome/63.0.3239.132 Safari/537.36"
51.132.227.163 - - [20/Nov/2021:07:59:43 +0700] "GET /test/wp-includes/wlwmanifest.xml HTTP/1.0" 404 394 "-" "Mozilla/5.0 (Windows NT 10.0; Win64; x64) AppleWebKit/537.36 (KHTML, like Gecko) Chrome/63.0.3239.132 Safari/537.36"
51.132.227.163 - - [20/Nov/2021:07:59:44 +0700] "GET /media/wp-includes/wlwmanifest.xml HTTP/1.0" 404 395 "-" "Mozilla/5.0 (Windows NT 10.0; Win64; x64) AppleWebKit/537.36 (KHTML, like Gecko) Chrome/63.0.3239.132 Safari/537.36"
51.132.227.163 - - [20/Nov/2021:07:59:45 +0700] "GET /wp2/wp-includes/wlwmanifest.xml HTTP/1.0" 404 393 "-" "Mozilla/5.0 (Windows NT 10.0; Win64; x64) AppleWebKit/537.36 (KHTML, like Gecko) Chrome/63.0.3239.132 Safari/537.36"
51.132.227.163 - - [20/Nov/2021:07:59:45 +0700] "GET /site/wp-includes/wlwmanifest.xml HTTP/1.0" 404 394 "-" "Mozilla/5.0 (Windows NT 10.0; Win64; x64) AppleWebKit/537.36 (KHTML, like Gecko) Chrome/63.0.3239.132 Safari/537.36"
51.132.227.163 - - [20/Nov/2021:07:59:46 +0700] "GET /cms/wp-includes/wlwmanifest.xml HTTP/1.0" 404 393 "-" "Mozilla/5.0 (Windows NT 10.0; Win64; x64) AppleWebKit/537.36 (KHTML, like Gecko) Chrome/63.0.3239.132 Safari/537.36"
51.132.227.163 - - [20/Nov/2021:07:59:46 +0700] "GET /sito/wp-includes/wlwmanifest.xml HTTP/1.0" 404 394 "-" "Mozilla/5.0 (Windows NT 10.0; Win64; x64) AppleWebKit/537.36 (KHTML, like Gecko) Chrome/63.0.3239.132 Safari/537.36"
103.131.71.76 - - [20/Nov/2021:09:30:55 +0700] "GET /robots.txt HTTP/1.0" 404 372 "-" "Mozilla/5.0 (compatible; coccocbot-web/1.0; +http://help.coccoc.com/searchengine)"
103.131.71.88 - - [20/Nov/2021:09:31:05 +0700] "GET / HTTP/1.0" 200 290 "-" "Mozilla/5.0 (compatible; coccocbot-web/1.0; +http://help.coccoc.com/searchengine)"
52.159.93.152 - - [20/Nov/2021:04:22:54 +0700] "GET /.env HTTP/1.1" 403 548 "-" "Mozilla/5.0 (X11; Linux x86_64) AppleWebKit/537.36 (KHTML, like Gecko) Chrome/81.0.4044.129 Safari/537.36"
157.55.39.16 - - [20/Nov/2021:06:12:42 +0700] "GET /images/screenshot3_3.png HTTP/1.1" 200 78304 "-" "Mozilla/5.0 (compatible; bingbot/2.0; +http://www.bing.com/bingbot.htm)"
51.132.227.163 - - [20/Nov/2021:07:59:33 +0700] "GET / HTTP/1.1" 200 56096 "-" "Mozilla/5.0 (Windows NT 10.0; Win64; x64) AppleWebKit/537.36 (KHTML, like Gecko) Chrome/63.0.3239.132 Safari/537.36"
51.132.227.163 - - [20/Nov/2021:07:59:35 +0700] "GET / HTTP/1.1" 200 56096 "-" "Mozilla/5.0 (Windows NT 10.0; Win64; x64) AppleWebKit/537.36 (KHTML, like Gecko) Chrome/63.0.3239.132 Safari/537.36"
103.131.71.88 - - [20/Nov/2021:09:31:05 +0700] "GET / HTTP/1.1" 304 0 "-" "Mozilla/5.0 (compatible; coccocbot-web/1.0; +http://help.coccoc.com/searchengine)"
20.52.8.88 - - [21/Nov/2021:09:46:40 +0700] "GET / HTTP/1.0" 200 290 "-" "Mozilla/5.0 (Windows NT 6.3; Win64; x64) AppleWebKit/537.36 (KHTML, like Gecko) Chrome/73.0.3683.86 Safari/537.36"
20.52.8.88 - - [21/Nov/2021:09:46:41 +0700] "GET /wp-includes/wlwmanifest.xml HTTP/1.0" 404 389 "-" "Mozilla/5.0 (Windows NT 6.3; Win64; x64) AppleWebKit/537.36 (KHTML, like Gecko) Chrome/73.0.3683.86 Safari/537.36"
20.52.8.88 - - [21/Nov/2021:09:46:42 +0700] "GET / HTTP/1.0" 200 290 "-" "Mozilla/5.0 (Windows NT 6.3; Win64; x64) AppleWebKit/537.36 (KHTML, like Gecko) Chrome/73.0.3683.86 Safari/537.36"
20.52.8.88 - - [21/Nov/2021:09:46:43 +0700] "GET /blog/wp-includes/wlwmanifest.xml HTTP/1.0" 404 394 "-" "Mozilla/5.0 (Windows NT 6.3; Win64; x64) AppleWebKit/537.36 (KHTML, like Gecko) Chrome/73.0.3683.86 Safari/537.36"
20.52.8.88 - - [21/Nov/2021:09:46:44 +0700] "GET /web/wp-includes/wlwmanifest.xml HTTP/1.0" 404 393 "-" "Mozilla/5.0 (Windows NT 6.3; Win64; x64) AppleWebKit/537.36 (KHTML, like Gecko) Chrome/73.0.3683.86 Safari/537.36"
20.52.8.88 - - [21/Nov/2021:09:46:44 +0700] "GET /wordpress/wp-includes/wlwmanifest.xml HTTP/1.0" 404 399 "-" "Mozilla/5.0 (Windows NT 6.3; Win64; x64) AppleWebKit/537.36 (KHTML, like Gecko) Chrome/73.0.3683.86 Safari/537.36"
20.52.8.88 - - [21/Nov/2021:09:46:45 +0700] "GET /website/wp-includes/wlwmanifest.xml HTTP/1.0" 404 397 "-" "Mozilla/5.0 (Windows NT 6.3; Win64; x64) AppleWebKit/537.36 (KHTML, like Gecko) Chrome/73.0.3683.86 Safari/537.36"
20.52.8.88 - - [21/Nov/2021:09:46:46 +0700] "GET /wp/wp-includes/wlwmanifest.xml HTTP/1.0" 404 392 "-" "Mozilla/5.0 (Windows NT 6.3; Win64; x64) AppleWebKit/537.36 (KHTML, like Gecko) Chrome/73.0.3683.86 Safari/537.36"
20.52.8.88 - - [21/Nov/2021:09:46:46 +0700] "GET /news/wp-includes/wlwmanifest.xml HTTP/1.0" 404 394 "-" "Mozilla/5.0 (Windows NT 6.3; Win64; x64) AppleWebKit/537.36 (KHTML, like Gecko) Chrome/73.0.3683.86 Safari/537.36"
20.52.8.88 - - [21/Nov/2021:09:46:47 +0700] "GET /2015/wp-includes/wlwmanifest.xml HTTP/1.0" 404 394 "-" "Mozilla/5.0 (Windows NT 6.3; Win64; x64) AppleWebKit/537.36 (KHTML, like Gecko) Chrome/73.0.3683.86 Safari/537.36"
20.52.8.88 - - [21/Nov/2021:09:46:47 +0700] "GET /2016/wp-includes/wlwmanifest.xml HTTP/1.0" 404 394 "-" "Mozilla/5.0 (Windows NT 6.3; Win64; x64) AppleWebKit/537.36 (KHTML, like Gecko) Chrome/73.0.3683.86 Safari/537.36"
20.52.8.88 - - [21/Nov/2021:09:46:48 +0700] "GET /2017/wp-includes/wlwmanifest.xml HTTP/1.0" 404 394 "-" "Mozilla/5.0 (Windows NT 6.3; Win64; x64) AppleWebKit/537.36 (KHTML, like Gecko) Chrome/73.0.3683.86 Safari/537.36"
20.52.8.88 - - [21/Nov/2021:09:46:48 +0700] "GET /2018/wp-includes/wlwmanifest.xml HTTP/1.0" 404 394 "-" "Mozilla/5.0 (Windows NT 6.3; Win64; x64) AppleWebKit/537.36 (KHTML, like Gecko) Chrome/73.0.3683.86 Safari/537.36"
20.52.8.88 - - [21/Nov/2021:09:46:49 +0700] "GET /shop/wp-includes/wlwmanifest.xml HTTP/1.0" 404 394 "-" "Mozilla/5.0 (Windows NT 6.3; Win64; x64) AppleWebKit/537.36 (KHTML, like Gecko) Chrome/73.0.3683.86 Safari/537.36"
20.52.8.88 - - [21/Nov/2021:09:46:50 +0700] "GET /wp1/wp-includes/wlwmanifest.xml HTTP/1.0" 404 393 "-" "Mozilla/5.0 (Windows NT 6.3; Win64; x64) AppleWebKit/537.36 (KHTML, like Gecko) Chrome/73.0.3683.86 Safari/537.36"
20.52.8.88 - - [21/Nov/2021:09:46:50 +0700] "GET /test/wp-includes/wlwmanifest.xml HTTP/1.0" 404 394 "-" "Mozilla/5.0 (Windows NT 6.3; Win64; x64) AppleWebKit/537.36 (KHTML, like Gecko) Chrome/73.0.3683.86 Safari/537.36"
20.52.8.88 - - [21/Nov/2021:09:46:51 +0700] "GET /media/wp-includes/wlwmanifest.xml HTTP/1.0" 404 395 "-" "Mozilla/5.0 (Windows NT 6.3; Win64; x64) AppleWebKit/537.36 (KHTML, like Gecko) Chrome/73.0.3683.86 Safari/537.36"
20.52.8.88 - - [21/Nov/2021:09:46:51 +0700] "GET /wp2/wp-includes/wlwmanifest.xml HTTP/1.0" 404 393 "-" "Mozilla/5.0 (Windows NT 6.3; Win64; x64) AppleWebKit/537.36 (KHTML, like Gecko) Chrome/73.0.3683.86 Safari/537.36"
20.52.8.88 - - [21/Nov/2021:09:46:52 +0700] "GET /site/wp-includes/wlwmanifest.xml HTTP/1.0" 404 394 "-" "Mozilla/5.0 (Windows NT 6.3; Win64; x64) AppleWebKit/537.36 (KHTML, like Gecko) Chrome/73.0.3683.86 Safari/537.36"
20.52.8.88 - - [21/Nov/2021:09:46:52 +0700] "GET /cms/wp-includes/wlwmanifest.xml HTTP/1.0" 404 393 "-" "Mozilla/5.0 (Windows NT 6.3; Win64; x64) AppleWebKit/537.36 (KHTML, like Gecko) Chrome/73.0.3683.86 Safari/537.36"
20.52.8.88 - - [21/Nov/2021:09:46:53 +0700] "GET /sito/wp-includes/wlwmanifest.xml HTTP/1.0" 404 394 "-" "Mozilla/5.0 (Windows NT 6.3; Win64; x64) AppleWebKit/537.36 (KHTML, like Gecko) Chrome/73.0.3683.86 Safari/537.36"
20.52.8.88 - - [21/Nov/2021:09:46:40 +0700] "GET / HTTP/1.1" 200 56096 "-" "Mozilla/5.0 (Windows NT 6.3; Win64; x64) AppleWebKit/537.36 (KHTML, like Gecko) Chrome/73.0.3683.86 Safari/537.36"
20.52.8.88 - - [21/Nov/2021:09:46:42 +0700] "GET / HTTP/1.1" 200 56096 "-" "Mozilla/5.0 (Windows NT 6.3; Win64; x64) AppleWebKit/537.36 (KHTML, like Gecko) Chrome/73.0.3683.86 Safari/537.36"
40.88.21.235 - - [22/Nov/2021:08:52:48 +0700] "GET / HTTP/1.0" 200 290 "http://escon.cic.com.vn/" "Mozilla/5.0 (compatible; DuckDuckGo-Favicons-Bot/1.0; +http://duckduckgo.com)"
40.88.21.235 - - [22/Nov/2021:08:52:48 +0700] "GET /images/icons/faviconcic.ico HTTP/1.0" 200 324 "http://escon.cic.com.vn/images/icons/faviconcic.ico" "Mozilla/5.0 (compatible; DuckDuckGo-Favicons-Bot/1.0; +http://duckduckgo.com)"
103.131.71.129 - - [22/Nov/2021:19:41:54 +0700] "GET /robots.txt HTTP/1.0" 404 372 "-" "Mozilla/5.0 (compatible; coccocbot-web/1.0; +http://help.coccoc.com/searchengine)"
103.131.71.191 - - [22/Nov/2021:19:42:04 +0700] "GET / HTTP/1.0" 200 290 "-" "Mozilla/5.0 (compatible; coccocbot-web/1.0; +http://help.coccoc.com/searchengine)"
3.93.51.156 - - [22/Nov/2021:23:19:33 +0700] "GET /wp-content/ HTTP/1.0" 404 373 "-" "Mozilla/5.0 (Macintosh; Intel Mac OS X 10.15; rv:77.0) Gecko/20100101 Firefox/77.0"
40.88.21.235 - - [22/Nov/2021:08:52:48 +0700] "GET / HTTP/1.1" 200 13245 "http://escon.cic.com.vn/" "Mozilla/5.0 (compatible; DuckDuckGo-Favicons-Bot/1.0; +http://duckduckgo.com)"
40.88.21.235 - - [22/Nov/2021:08:52:48 +0700] "GET /images/icons/faviconcic.ico HTTP/1.1" 200 1150 "http://escon.cic.com.vn/images/icons/faviconcic.ico" "Mozilla/5.0 (compatible; DuckDuckGo-Favicons-Bot/1.0; +http://duckduckgo.com)"
103.131.71.191 - - [22/Nov/2021:19:42:04 +0700] "GET / HTTP/1.1" 200 13245 "-" "Mozilla/5.0 (compatible; coccocbot-web/1.0; +http://help.coccoc.com/searchengine)"
3.93.51.156 - - [22/Nov/2021:23:19:31 +0700] "GET /.env HTTP/1.1" 403 146 "-" "Mozilla/5.0 (Macintosh; Intel Mac OS X 10.15; rv:77.0) Gecko/20100101 Firefox/77.0"
194.126.177.17 - - [23/Nov/2021:07:28:23 +0700] "POST / HTTP/1.0" 403 2261 "-" "Mozilla/5.0 (X11; Linux x86_64) AppleWebKit/537.36 (KHTML, like Gecko) Chrome/81.0.4044.129 Safari/537.36"
40.77.167.98 - - [23/Nov/2021:15:59:03 +0700] "GET /robots.txt HTTP/1.0" 404 372 "-" "Mozilla/5.0 (compatible; bingbot/2.0; +http://www.bing.com/bingbot.htm)"
207.46.13.27 - - [23/Nov/2021:15:59:05 +0700] "GET /images/faq-mockup.png HTTP/1.0" 200 303 "-" "Mozilla/5.0 (compatible; bingbot/2.0; +http://www.bing.com/bingbot.htm)"
216.244.66.243 - - [23/Nov/2021:21:52:43 +0700] "GET /robots.txt HTTP/1.0" 404 372 "-" "Mozilla/5.0 (compatible; DotBot/1.2; +https://opensiteexplorer.org/dotbot; help@moz.com)"
216.244.66.243 - - [23/Nov/2021:21:58:20 +0700] "GET /images/screenshot2_2.png HTTP/1.0" 200 306 "-" "Mozilla/5.0 (compatible; DotBot/1.2; +https://opensiteexplorer.org/dotbot; help@moz.com)"
194.126.177.17 - - [23/Nov/2021:07:27:25 +0700] "GET /.env HTTP/1.1" 403 548 "-" "Mozilla/5.0 (X11; Linux x86_64) AppleWebKit/537.36 (KHTML, like Gecko) Chrome/81.0.4044.129 Safari/537.36"
207.46.13.27 - - [23/Nov/2021:15:59:06 +0700] "GET /images/faq-mockup.png HTTP/1.1" 200 49321 "-" "Mozilla/5.0 (compatible; bingbot/2.0; +http://www.bing.com/bingbot.htm)"
216.244.66.243 - - [23/Nov/2021:21:58:21 +0700] "GET /images/screenshot2_2.png HTTP/1.1" 200 98215 "-" "Mozilla/5.0 (compatible; DotBot/1.2; +https://opensiteexplorer.org/dotbot; help@moz.com)"
103.131.71.180 - - [24/Nov/2021:03:56:59 +0700] "GET /robots.txt HTTP/1.0" 404 372 "-" "Mozilla/5.0 (compatible; coccocbot-web/1.0; +http://help.coccoc.com/searchengine)"
157.55.39.114 - - [24/Nov/2021:09:59:52 +0700] "GET /images/screenshot2_2.png HTTP/1.0" 200 306 "-" "Mozilla/5.0 (compatible; bingbot/2.0; +http://www.bing.com/bingbot.htm)"
216.244.66.243 - - [24/Nov/2021:10:52:56 +0700] "GET /robots.txt HTTP/1.0" 404 372 "-" "Mozilla/5.0 (compatible; DotBot/1.2; +https://opensiteexplorer.org/dotbot; help@moz.com)"
216.244.66.243 - - [24/Nov/2021:10:55:56 +0700] "GET /images/screenshot6_6.png HTTP/1.0" 200 306 "-" "Mozilla/5.0 (compatible; DotBot/1.2; +https://opensiteexplorer.org/dotbot; help@moz.com)"
216.244.66.243 - - [24/Nov/2021:11:44:05 +0700] "GET /robots.txt HTTP/1.0" 404 372 "-" "Mozilla/5.0 (compatible; DotBot/1.2; +https://opensiteexplorer.org/dotbot; help@moz.com)"
216.244.66.243 - - [24/Nov/2021:11:47:32 +0700] "GET /images/screenshot1_1.png HTTP/1.0" 200 306 "-" "Mozilla/5.0 (compatible; DotBot/1.2; +https://opensiteexplorer.org/dotbot; help@moz.com)"
82.165.185.18 - - [24/Nov/2021:12:49:38 +0700] "GET /wp-admin/css/ HTTP/1.0" 404 375 "binance.com" "Mozilla/5.0 (Windows NT 10.0; Win64; x64) AppleWebKit/537.36 (KHTML, like Gecko) Chrome/90.0.4430.85 Safari/537.36"
82.165.185.18 - - [24/Nov/2021:12:49:44 +0700] "GET /.well-known/ HTTP/1.0" 404 374 "binance.com" "Mozilla/5.0 (Windows NT 10.0; Win64; x64) AppleWebKit/537.36 (KHTML, like Gecko) Chrome/90.0.4430.85 Safari/537.36"
82.165.185.18 - - [24/Nov/2021:12:49:49 +0700] "GET /sites/default/files/ HTTP/1.0" 404 382 "binance.com" "Mozilla/5.0 (Windows NT 10.0; Win64; x64) AppleWebKit/537.36 (KHTML, like Gecko) Chrome/90.0.4430.85 Safari/537.36"
82.165.185.18 - - [24/Nov/2021:12:49:55 +0700] "GET /admin/controller/extension/extension/ HTTP/1.0" 404 399 "binance.com" "Mozilla/5.0 (Windows NT 10.0; Win64; x64) AppleWebKit/537.36 (KHTML, like Gecko) Chrome/90.0.4430.85 Safari/537.36"
82.165.185.18 - - [24/Nov/2021:12:50:01 +0700] "GET /uploads/ HTTP/1.0" 404 370 "binance.com" "Mozilla/5.0 (Windows NT 10.0; Win64; x64) AppleWebKit/537.36 (KHTML, like Gecko) Chrome/90.0.4430.85 Safari/537.36"
82.165.185.18 - - [24/Nov/2021:12:50:06 +0700] "GET /images/ HTTP/1.0" 403 373 "binance.com" "Mozilla/5.0 (Windows NT 10.0; Win64; x64) AppleWebKit/537.36 (KHTML, like Gecko) Chrome/90.0.4430.85 Safari/537.36"
54.36.148.61 - - [24/Nov/2021:14:25:04 +0700] "GET /robots.txt HTTP/1.0" 404 372 "-" "Mozilla/5.0 (compatible; AhrefsBot/7.0; +http://ahrefs.com/robot/)"
157.55.39.114 - - [24/Nov/2021:09:59:53 +0700] "GET /images/screenshot2_2.png HTTP/1.1" 200 98215 "-" "Mozilla/5.0 (compatible; bingbot/2.0; +http://www.bing.com/bingbot.htm)"
216.244.66.243 - - [24/Nov/2021:10:55:56 +0700] "GET /images/screenshot6_6.png HTTP/1.1" 200 96134 "-" "Mozilla/5.0 (compatible; DotBot/1.2; +https://opensiteexplorer.org/dotbot; help@moz.com)"
216.244.66.243 - - [24/Nov/2021:11:47:32 +0700] "GET /images/screenshot1_1.png HTTP/1.1" 200 66631 "-" "Mozilla/5.0 (compatible; DotBot/1.2; +https://opensiteexplorer.org/dotbot; help@moz.com)"
103.131.71.93 - - [25/Nov/2021:08:07:37 +0700] "GET /robots.txt HTTP/1.0" 404 372 "-" "Mozilla/5.0 (compatible; coccocbot-web/1.0; +http://help.coccoc.com/searchengine)"
51.222.253.7 - - [25/Nov/2021:08:27:33 +0700] "GET /robots.txt HTTP/1.0" 404 372 "-" "Mozilla/5.0 (compatible; AhrefsBot/7.0; +http://ahrefs.com/robot/)"
103.131.71.77 - - [25/Nov/2021:22:07:30 +0700] "GET /robots.txt HTTP/1.0" 404 372 "-" "Mozilla/5.0 (compatible; coccocbot-web/1.0; +http://help.coccoc.com/searchengine)"
216.244.66.243 - - [26/Nov/2021:07:35:08 +0700] "GET /robots.txt HTTP/1.0" 404 372 "-" "Mozilla/5.0 (compatible; DotBot/1.2; +https://opensiteexplorer.org/dotbot; help@moz.com)"
216.244.66.243 - - [26/Nov/2021:07:40:46 +0700] "GET /images/screenshot4_4.png HTTP/1.0" 200 306 "-" "Mozilla/5.0 (compatible; DotBot/1.2; +https://opensiteexplorer.org/dotbot; help@moz.com)"
103.131.71.225 - - [26/Nov/2021:22:09:51 +0700] "GET /robots.txt HTTP/1.0" 404 372 "-" "Mozilla/5.0 (compatible; coccocbot-web/1.0; +http://help.coccoc.com/searchengine)"
216.244.66.243 - - [26/Nov/2021:07:40:46 +0700] "GET /images/screenshot4_4.png HTTP/1.1" 200 123197 "-" "Mozilla/5.0 (compatible; DotBot/1.2; +https://opensiteexplorer.org/dotbot; help@moz.com)"
103.131.71.206 - - [27/Nov/2021:09:00:31 +0700] "GET /robots.txt HTTP/1.0" 404 372 "-" "Mozilla/5.0 (compatible; coccocbot-image/1.0; +http://help.coccoc.com/searchengine)"
103.131.71.202 - - [27/Nov/2021:09:00:41 +0700] "GET /images/icons/faviconcic.ico HTTP/1.0" 200 324 "-" "Mozilla/5.0 (compatible; coccocbot-image/1.0; +http://help.coccoc.com/searchengine)"
103.131.71.183 - - [27/Nov/2021:22:37:34 +0700] "GET /robots.txt HTTP/1.0" 404 372 "-" "Mozilla/5.0 (compatible; coccocbot-web/1.0; +http://help.coccoc.com/searchengine)"
103.131.71.202 - - [27/Nov/2021:09:00:42 +0700] "GET /images/icons/faviconcic.ico HTTP/1.1" 200 1150 "-" "Mozilla/5.0 (compatible; coccocbot-image/1.0; +http://help.coccoc.com/searchengine)"
54.36.149.104 - - [28/Nov/2021:03:45:37 +0700] "GET /robots.txt HTTP/1.0" 404 372 "-" "Mozilla/5.0 (compatible; AhrefsBot/7.0; +http://ahrefs.com/robot/)"
40.77.167.98 - - [28/Nov/2021:05:47:05 +0700] "GET /robots.txt HTTP/1.0" 404 372 "-" "Mozilla/5.0 (compatible; bingbot/2.0; +http://www.bing.com/bingbot.htm)"
207.46.13.28 - - [28/Nov/2021:05:47:16 +0700] "GET /images/faq-mockup.png HTTP/1.0" 200 303 "-" "Mozilla/5.0 (compatible; bingbot/2.0; +http://www.bing.com/bingbot.htm)"
192.241.177.127 - - [28/Nov/2021:05:57:26 +0700] "GET / HTTP/1.0" 200 290 "https://www.bing.com" "Mozilla/5.0 (Windows NT 6.1) AppleWebKit/537.36 (KHTML, like Gecko) Chrome/28.0.1468.0 Safari/537.36"
192.241.177.127 - - [28/Nov/2021:05:57:27 +0700] "GET /wp-login.php HTTP/1.0" 404 337 "http://escon.cic.com.vn" "Mozilla/5.0 (Windows NT 6.1) AppleWebKit/537.36 (KHTML, like Gecko) Chrome/28.0.1468.0 Safari/537.36"
192.241.177.127 - - [28/Nov/2021:05:57:28 +0700] "GET /wordpress/wp-login.php HTTP/1.0" 404 384 "http://escon.cic.com.vn" "Mozilla/5.0 (Windows NT 6.1) AppleWebKit/537.36 (KHTML, like Gecko) Chrome/28.0.1468.0 Safari/537.36"
192.241.177.127 - - [28/Nov/2021:05:57:29 +0700] "GET /blog/wp-login.php HTTP/1.0" 404 379 "http://escon.cic.com.vn" "Mozilla/5.0 (Windows NT 6.1) AppleWebKit/537.36 (KHTML, like Gecko) Chrome/28.0.1468.0 Safari/537.36"
192.241.177.127 - - [28/Nov/2021:05:57:29 +0700] "GET /wp/wp-login.php HTTP/1.0" 404 377 "http://escon.cic.com.vn" "Mozilla/5.0 (Windows NT 6.1) AppleWebKit/537.36 (KHTML, like Gecko) Chrome/28.0.1468.0 Safari/537.36"
207.46.13.25 - - [28/Nov/2021:14:02:27 +0700] "GET /images/screenshot6_6.png HTTP/1.0" 200 306 "-" "Mozilla/5.0 (compatible; bingbot/2.0; +http://www.bing.com/bingbot.htm)"
54.158.30.170 - - [28/Nov/2021:20:29:23 +0700] "GET /wp-content/ HTTP/1.0" 404 373 "-" "Mozilla/5.0 (Macintosh; Intel Mac OS X 10.15; rv:77.0) Gecko/20100101 Firefox/77.0"
216.244.66.243 - - [28/Nov/2021:22:47:45 +0700] "GET /robots.txt HTTP/1.0" 404 372 "-" "Mozilla/5.0 (compatible; DotBot/1.2; +https://opensiteexplorer.org/dotbot; help@moz.com)"
216.244.66.243 - - [28/Nov/2021:22:58:57 +0700] "GET /images/screenshot5_5.png HTTP/1.0" 200 306 "-" "Mozilla/5.0 (compatible; DotBot/1.2; +https://opensiteexplorer.org/dotbot; help@moz.com)"
147.182.209.57 - - [29/Nov/2021:00:07:52 +0700] "GET /dup-installer/main.installer.php HTTP/1.0" 404 394 "-" "-"
207.46.13.28 - - [28/Nov/2021:05:47:16 +0700] "GET /images/faq-mockup.png HTTP/1.1" 200 49321 "-" "Mozilla/5.0 (compatible; bingbot/2.0; +http://www.bing.com/bingbot.htm)"
192.241.177.127 - - [28/Nov/2021:05:57:26 +0700] "HEAD / HTTP/1.1" 200 0 "https://www.bing.com" "Mozilla/5.0 (Windows NT 6.1) AppleWebKit/537.36 (KHTML, like Gecko) Chrome/28.0.1468.0 Safari/537.36"
207.46.13.25 - - [28/Nov/2021:14:02:28 +0700] "GET /images/screenshot6_6.png HTTP/1.1" 200 96134 "-" "Mozilla/5.0 (compatible; bingbot/2.0; +http://www.bing.com/bingbot.htm)"
54.158.30.170 - - [28/Nov/2021:20:29:22 +0700] "GET /.env HTTP/1.1" 403 146 "-" "Mozilla/5.0 (Macintosh; Intel Mac OS X 10.15; rv:77.0) Gecko/20100101 Firefox/77.0"
216.244.66.243 - - [28/Nov/2021:22:58:58 +0700] "GET /images/screenshot5_5.png HTTP/1.1" 200 114664 "-" "Mozilla/5.0 (compatible; DotBot/1.2; +https://opensiteexplorer.org/dotbot; help@moz.com)"
147.182.209.57 - - [29/Nov/2021:03:30:26 +0700] "GET /dup-installer/main.installer.php HTTP/1.0" 404 394 "-" "-"
147.182.209.57 - - [29/Nov/2021:04:54:48 +0700] "GET /dup-installer/main.installer.php HTTP/1.0" 404 394 "-" "-"
207.46.13.25 - - [29/Nov/2021:10:45:27 +0700] "GET /images/screenshot2_2.png HTTP/1.0" 200 306 "-" "Mozilla/5.0 (compatible; bingbot/2.0; +http://www.bing.com/bingbot.htm)"
103.131.71.166 - - [29/Nov/2021:11:34:31 +0700] "GET /robots.txt HTTP/1.0" 404 372 "-" "Mozilla/5.0 (compatible; coccocbot-web/1.0; +http://help.coccoc.com/searchengine)"
207.46.13.25 - - [29/Nov/2021:10:45:27 +0700] "GET /images/screenshot2_2.png HTTP/1.1" 200 98215 "-" "Mozilla/5.0 (compatible; bingbot/2.0; +http://www.bing.com/bingbot.htm)"
216.244.66.243 - - [30/Nov/2021:04:19:03 +0700] "GET /robots.txt HTTP/1.0" 404 372 "-" "Mozilla/5.0 (compatible; DotBot/1.2; +https://opensiteexplorer.org/dotbot; help@moz.com)"
216.244.66.243 - - [30/Nov/2021:04:22:12 +0700] "GET /images/screenshot3_3.png HTTP/1.0" 200 306 "-" "Mozilla/5.0 (compatible; DotBot/1.2; +https://opensiteexplorer.org/dotbot; help@moz.com)"
51.222.253.13 - - [30/Nov/2021:04:37:31 +0700] "GET /robots.txt HTTP/1.0" 404 372 "-" "Mozilla/5.0 (compatible; AhrefsBot/7.0; +http://ahrefs.com/robot/)"
103.131.71.163 - - [30/Nov/2021:04:46:54 +0700] "GET /robots.txt HTTP/1.0" 404 372 "-" "Mozilla/5.0 (compatible; coccocbot-web/1.0; +http://help.coccoc.com/searchengine)"
103.131.71.21 - - [30/Nov/2021:15:23:56 +0700] "GET /robots.txt HTTP/1.0" 404 372 "-" "Mozilla/5.0 (compatible; coccocbot-image/1.0; +http://help.coccoc.com/searchengine)"
54.221.27.173 - - [30/Nov/2021:19:16:22 +0700] "GET / HTTP/1.0" 200 290 "-" "Mozilla/5.0 (Windows NT 10.0; Win64; x64) AppleWebKit/537.36 (KHTML, like Gecko) Chrome/88.0.4324.150 Safari/537.36"
40.77.167.98 - - [30/Nov/2021:21:45:39 +0700] "GET /robots.txt HTTP/1.0" 404 372 "-" "Mozilla/5.0 (compatible; bingbot/2.0; +http://www.bing.com/bingbot.htm)"
207.46.13.153 - - [30/Nov/2021:21:45:44 +0700] "GET /images/screenshot3_3.png HTTP/1.0" 200 306 "-" "Mozilla/5.0 (compatible; bingbot/2.0; +http://www.bing.com/bingbot.htm)"
144.126.152.162 - - [30/Nov/2021:23:39:09 +0700] "GET / HTTP/1.0" 200 290 "-" "python-requests/2.26.0"
103.131.71.45 - - [01/Dec/2021:01:14:24 +0700] "GET /robots.txt HTTP/1.0" 404 372 "-" "Mozilla/5.0 (compatible; coccocbot-image/1.0; +http://help.coccoc.com/searchengine)"
216.244.66.243 - - [30/Nov/2021:04:22:12 +0700] "GET /images/screenshot3_3.png HTTP/1.1" 200 78304 "-" "Mozilla/5.0 (compatible; DotBot/1.2; +https://opensiteexplorer.org/dotbot; help@moz.com)"
66.133.109.36 - - [30/Nov/2021:11:33:13 +0700] "GET /.well-known/acme-challenge/ebh_9nhaEBnyrsEntnh4Aoi-kYZJUCHhRSxG2m5GpU4 HTTP/1.1" 200 87 "-" "Mozilla/5.0 (compatible; Let's Encrypt validation server; +https://www.letsencrypt.org)"
3.19.56.43 - - [30/Nov/2021:11:33:13 +0700] "GET /.well-known/acme-challenge/ebh_9nhaEBnyrsEntnh4Aoi-kYZJUCHhRSxG2m5GpU4 HTTP/1.1" 200 87 "-" "Mozilla/5.0 (compatible; Let's Encrypt validation server; +https://www.letsencrypt.org)"
18.159.196.172 - - [30/Nov/2021:11:33:14 +0700] "GET /.well-known/acme-challenge/ebh_9nhaEBnyrsEntnh4Aoi-kYZJUCHhRSxG2m5GpU4 HTTP/1.1" 200 87 "-" "Mozilla/5.0 (compatible; Let's Encrypt validation server; +https://www.letsencrypt.org)"
54.221.27.173 - - [30/Nov/2021:19:16:22 +0700] "GET / HTTP/1.1" 200 13245 "-" "Mozilla/5.0 (Windows NT 10.0; Win64; x64) AppleWebKit/537.36 (KHTML, like Gecko) Chrome/88.0.4324.150 Safari/537.36"
207.46.13.153 - - [30/Nov/2021:21:45:44 +0700] "GET /images/screenshot3_3.png HTTP/1.1" 200 78304 "-" "Mozilla/5.0 (compatible; bingbot/2.0; +http://www.bing.com/bingbot.htm)"
144.126.152.162 - - [30/Nov/2021:23:39:09 +0700] "GET / HTTP/1.1" 200 13245 "-" "python-requests/2.26.0"
103.131.71.128 - - [01/Dec/2021:13:18:15 +0700] "GET /robots.txt HTTP/1.0" 404 372 "-" "Mozilla/5.0 (compatible; coccocbot-web/1.0; +http://help.coccoc.com/searchengine)"
103.131.71.85 - - [01/Dec/2021:13:19:04 +0700] "GET / HTTP/1.0" 200 290 "-" "Mozilla/5.0 (compatible; coccocbot-web/1.0; +http://help.coccoc.com/searchengine)"
103.131.71.197 - - [02/Dec/2021:01:16:34 +0700] "GET /robots.txt HTTP/1.0" 404 372 "-" "Mozilla/5.0 (compatible; coccocbot-web/1.0; +http://help.coccoc.com/searchengine)"
103.131.71.163 - - [02/Dec/2021:01:16:44 +0700] "GET / HTTP/1.0" 200 290 "-" "Mozilla/5.0 (compatible; coccocbot-web/1.0; +http://help.coccoc.com/searchengine)"
103.131.71.85 - - [01/Dec/2021:13:19:04 +0700] "GET / HTTP/1.1" 304 0 "-" "Mozilla/5.0 (compatible; coccocbot-web/1.0; +http://help.coccoc.com/searchengine)"
103.131.71.163 - - [02/Dec/2021:01:16:44 +0700] "GET / HTTP/1.1" 304 0 "-" "Mozilla/5.0 (compatible; coccocbot-web/1.0; +http://help.coccoc.com/searchengine)"
65.154.226.165 - - [02/Dec/2021:10:09:51 +0700] "GET / HTTP/1.0" 200 290 "-" "Mozilla/5.0 (Windows NT 10.0; Win64; x64) AppleWebKit/537.36 (KHTML, like Gecko) Chrome/76.0.3809.71 Safari/537.36"
65.154.226.165 - - [02/Dec/2021:10:09:54 +0700] "GET /assets/css/bootstrap.css HTTP/1.0" 200 305 "http://escon.cic.com.vn/" "Mozilla/5.0 (Windows NT 10.0; Win64; x64) AppleWebKit/537.36 (KHTML, like Gecko) Chrome/76.0.3809.71 Safari/537.36"
65.154.226.165 - - [02/Dec/2021:10:09:55 +0700] "GET /assets/css/magnific-popup.css HTTP/1.0" 200 310 "http://escon.cic.com.vn/" "Mozilla/5.0 (Windows NT 10.0; Win64; x64) AppleWebKit/537.36 (KHTML, like Gecko) Chrome/76.0.3809.71 Safari/537.36"
65.154.226.165 - - [02/Dec/2021:10:09:55 +0700] "GET /assets/css/animate.css HTTP/1.0" 200 303 "http://escon.cic.com.vn/" "Mozilla/5.0 (Windows NT 10.0; Win64; x64) AppleWebKit/537.36 (KHTML, like Gecko) Chrome/76.0.3809.71 Safari/537.36"
65.154.226.165 - - [02/Dec/2021:10:09:55 +0700] "GET /assets/css/owl.theme.css HTTP/1.0" 200 305 "http://escon.cic.com.vn/" "Mozilla/5.0 (Windows NT 10.0; Win64; x64) AppleWebKit/537.36 (KHTML, like Gecko) Chrome/76.0.3809.71 Safari/537.36"
65.154.226.165 - - [02/Dec/2021:10:09:55 +0700] "GET /assets/css/owl.carousel.css HTTP/1.0" 200 308 "http://escon.cic.com.vn/" "Mozilla/5.0 (Windows NT 10.0; Win64; x64) AppleWebKit/537.36 (KHTML, like Gecko) Chrome/76.0.3809.71 Safari/537.36"
65.154.226.165 - - [02/Dec/2021:10:09:55 +0700] "GET /assets/css/style.css HTTP/1.0" 200 301 "http://escon.cic.com.vn/" "Mozilla/5.0 (Windows NT 10.0; Win64; x64) AppleWebKit/537.36 (KHTML, like Gecko) Chrome/76.0.3809.71 Safari/537.36"
65.154.226.165 - - [02/Dec/2021:10:09:55 +0700] "GET /assets/css/responsive.css HTTP/1.0" 200 306 "http://escon.cic.com.vn/" "Mozilla/5.0 (Windows NT 10.0; Win64; x64) AppleWebKit/537.36 (KHTML, like Gecko) Chrome/76.0.3809.71 Safari/537.36"
65.154.226.165 - - [02/Dec/2021:10:09:55 +0700] "GET /assets/font-awesome-4.3.0/css/font-awesome.min.css HTTP/1.0" 200 331 "http://escon.cic.com.vn/" "Mozilla/5.0 (Windows NT 10.0; Win64; x64) AppleWebKit/537.36 (KHTML, like Gecko) Chrome/76.0.3809.71 Safari/537.36"
65.154.226.165 - - [02/Dec/2021:10:09:55 +0700] "GET /images/icons/logo_cic_90.png HTTP/1.0" 200 310 "http://escon.cic.com.vn/" "Mozilla/5.0 (Windows NT 10.0; Win64; x64) AppleWebKit/537.36 (KHTML, like Gecko) Chrome/76.0.3809.71 Safari/537.36"
65.154.226.165 - - [02/Dec/2021:10:09:55 +0700] "GET /assets/css/getformcontact.css HTTP/1.0" 200 310 "http://escon.cic.com.vn/" "Mozilla/5.0 (Windows NT 10.0; Win64; x64) AppleWebKit/537.36 (KHTML, like Gecko) Chrome/76.0.3809.71 Safari/537.36"
65.154.226.165 - - [02/Dec/2021:10:09:55 +0700] "GET /images/icons/logo_escon_100.png HTTP/1.0" 200 313 "http://escon.cic.com.vn/" "Mozilla/5.0 (Windows NT 10.0; Win64; x64) AppleWebKit/537.36 (KHTML, like Gecko) Chrome/76.0.3809.71 Safari/537.36"
65.154.226.165 - - [02/Dec/2021:10:09:56 +0700] "GET /assets/js/jquery.js HTTP/1.0" 200 314 "http://escon.cic.com.vn/" "Mozilla/5.0 (Windows NT 10.0; Win64; x64) AppleWebKit/537.36 (KHTML, like Gecko) Chrome/76.0.3809.71 Safari/537.36"
65.154.226.165 - - [02/Dec/2021:10:09:57 +0700] "GET /assets/js/bootstrap.min.js HTTP/1.0" 200 321 "http://escon.cic.com.vn/" "Mozilla/5.0 (Windows NT 10.0; Win64; x64) AppleWebKit/537.36 (KHTML, like Gecko) Chrome/76.0.3809.71 Safari/537.36"
65.154.226.165 - - [02/Dec/2021:10:09:57 +0700] "GET /assets/js/smoothscroll.js HTTP/1.0" 200 320 "http://escon.cic.com.vn/" "Mozilla/5.0 (Windows NT 10.0; Win64; x64) AppleWebKit/537.36 (KHTML, like Gecko) Chrome/76.0.3809.71 Safari/537.36"
65.154.226.165 - - [02/Dec/2021:10:09:57 +0700] "GET /assets/js/jquery.flexslider-min.js HTTP/1.0" 200 329 "http://escon.cic.com.vn/" "Mozilla/5.0 (Windows NT 10.0; Win64; x64) AppleWebKit/537.36 (KHTML, like Gecko) Chrome/76.0.3809.71 Safari/537.36"
65.154.226.165 - - [02/Dec/2021:10:09:57 +0700] "GET /assets/js/owl.carousel.js HTTP/1.0" 200 320 "http://escon.cic.com.vn/" "Mozilla/5.0 (Windows NT 10.0; Win64; x64) AppleWebKit/537.36 (KHTML, like Gecko) Chrome/76.0.3809.71 Safari/537.36"
65.154.226.165 - - [02/Dec/2021:10:09:57 +0700] "GET /assets/js/jquery.scrollTo.min.js HTTP/1.0" 200 327 "http://escon.cic.com.vn/" "Mozilla/5.0 (Windows NT 10.0; Win64; x64) AppleWebKit/537.36 (KHTML, like Gecko) Chrome/76.0.3809.71 Safari/537.36"
65.154.226.165 - - [02/Dec/2021:10:09:57 +0700] "GET /assets/js/jquery.localScroll.min.js HTTP/1.0" 200 330 "http://escon.cic.com.vn/" "Mozilla/5.0 (Windows NT 10.0; Win64; x64) AppleWebKit/537.36 (KHTML, like Gecko) Chrome/76.0.3809.71 Safari/537.36"
65.154.226.165 - - [02/Dec/2021:10:09:57 +0700] "GET /assets/js/jquery.placeholder.js HTTP/1.0" 200 326 "http://escon.cic.com.vn/" "Mozilla/5.0 (Windows NT 10.0; Win64; x64) AppleWebKit/537.36 (KHTML, like Gecko) Chrome/76.0.3809.71 Safari/537.36"
65.154.226.165 - - [02/Dec/2021:10:09:57 +0700] "GET /assets/js/jquery.ajaxchimp.min.js HTTP/1.0" 200 328 "http://escon.cic.com.vn/" "Mozilla/5.0 (Windows NT 10.0; Win64; x64) AppleWebKit/537.36 (KHTML, like Gecko) Chrome/76.0.3809.71 Safari/537.36"
65.154.226.165 - - [02/Dec/2021:10:09:57 +0700] "GET /assets/js/jquery.nav.js HTTP/1.0" 200 318 "http://escon.cic.com.vn/" "Mozilla/5.0 (Windows NT 10.0; Win64; x64) AppleWebKit/537.36 (KHTML, like Gecko) Chrome/76.0.3809.71 Safari/537.36"
65.154.226.165 - - [02/Dec/2021:10:09:57 +0700] "GET /assets/js/wow.js HTTP/1.0" 200 311 "http://escon.cic.com.vn/" "Mozilla/5.0 (Windows NT 10.0; Win64; x64) AppleWebKit/537.36 (KHTML, like Gecko) Chrome/76.0.3809.71 Safari/537.36"
65.154.226.165 - - [02/Dec/2021:10:09:57 +0700] "GET /assets/js/jquery.magnific-popup.js HTTP/1.0" 200 329 "http://escon.cic.com.vn/" "Mozilla/5.0 (Windows NT 10.0; Win64; x64) AppleWebKit/537.36 (KHTML, like Gecko) Chrome/76.0.3809.71 Safari/537.36"
65.154.226.165 - - [02/Dec/2021:10:09:57 +0700] "GET /assets/js/script.js HTTP/1.0" 200 314 "http://escon.cic.com.vn/" "Mozilla/5.0 (Windows NT 10.0; Win64; x64) AppleWebKit/537.36 (KHTML, like Gecko) Chrome/76.0.3809.71 Safari/537.36"
65.154.226.165 - - [02/Dec/2021:10:09:57 +0700] "GET /images/hero_bg_demo.jpg HTTP/1.0" 200 306 "http://escon.cic.com.vn/" "Mozilla/5.0 (Windows NT 10.0; Win64; x64) AppleWebKit/537.36 (KHTML, like Gecko) Chrome/76.0.3809.71 Safari/537.36"
65.154.226.165 - - [02/Dec/2021:10:09:57 +0700] "GET /images/Bg_head_CIC.png HTTP/1.0" 200 304 "http://escon.cic.com.vn/assets/css/style.css" "Mozilla/5.0 (Windows NT 10.0; Win64; x64) AppleWebKit/537.36 (KHTML, like Gecko) Chrome/76.0.3809.71 Safari/537.36"
65.154.226.165 - - [02/Dec/2021:10:09:57 +0700] "GET /images/Banner_header_slide.jpg HTTP/1.0" 404 392 "http://escon.cic.com.vn/assets/css/style.css" "Mozilla/5.0 (Windows NT 10.0; Win64; x64) AppleWebKit/537.36 (KHTML, like Gecko) Chrome/76.0.3809.71 Safari/537.36"
65.154.226.165 - - [02/Dec/2021:10:09:57 +0700] "GET /images/feature-mockup.png HTTP/1.0" 200 307 "http://escon.cic.com.vn/" "Mozilla/5.0 (Windows NT 10.0; Win64; x64) AppleWebKit/537.36 (KHTML, like Gecko) Chrome/76.0.3809.71 Safari/537.36"
65.154.226.165 - - [02/Dec/2021:10:09:57 +0700] "GET /images/mockup2.png HTTP/1.0" 200 300 "http://escon.cic.com.vn/" "Mozilla/5.0 (Windows NT 10.0; Win64; x64) AppleWebKit/537.36 (KHTML, like Gecko) Chrome/76.0.3809.71 Safari/537.36"
65.154.226.165 - - [02/Dec/2021:10:09:57 +0700] "GET /images/screenshot1.png HTTP/1.0" 200 304 "http://escon.cic.com.vn/" "Mozilla/5.0 (Windows NT 10.0; Win64; x64) AppleWebKit/537.36 (KHTML, like Gecko) Chrome/76.0.3809.71 Safari/537.36"
65.154.226.165 - - [02/Dec/2021:10:09:58 +0700] "GET /images/screenshot2.png HTTP/1.0" 200 304 "http://escon.cic.com.vn/" "Mozilla/5.0 (Windows NT 10.0; Win64; x64) AppleWebKit/537.36 (KHTML, like Gecko) Chrome/76.0.3809.71 Safari/537.36"
65.154.226.165 - - [02/Dec/2021:10:09:58 +0700] "GET /images/screenshot3.png HTTP/1.0" 200 304 "http://escon.cic.com.vn/" "Mozilla/5.0 (Windows NT 10.0; Win64; x64) AppleWebKit/537.36 (KHTML, like Gecko) Chrome/76.0.3809.71 Safari/537.36"
65.154.226.165 - - [02/Dec/2021:10:09:59 +0700] "GET /images/screenshot4.png HTTP/1.0" 404 384 "http://escon.cic.com.vn/" "Mozilla/5.0 (Windows NT 10.0; Win64; x64) AppleWebKit/537.36 (KHTML, like Gecko) Chrome/76.0.3809.71 Safari/537.36"
65.154.226.165 - - [02/Dec/2021:10:09:59 +0700] "GET /images/screenshot5.png HTTP/1.0" 404 384 "http://escon.cic.com.vn/" "Mozilla/5.0 (Windows NT 10.0; Win64; x64) AppleWebKit/537.36 (KHTML, like Gecko) Chrome/76.0.3809.71 Safari/537.36"
65.154.226.165 - - [02/Dec/2021:10:09:59 +0700] "GET /images/screenshot6.png HTTP/1.0" 404 384 "http://escon.cic.com.vn/" "Mozilla/5.0 (Windows NT 10.0; Win64; x64) AppleWebKit/537.36 (KHTML, like Gecko) Chrome/76.0.3809.71 Safari/537.36"
65.154.226.165 - - [02/Dec/2021:10:09:59 +0700] "GET /images/team1.png HTTP/1.0" 200 298 "http://escon.cic.com.vn/" "Mozilla/5.0 (Windows NT 10.0; Win64; x64) AppleWebKit/537.36 (KHTML, like Gecko) Chrome/76.0.3809.71 Safari/537.36"
65.154.226.165 - - [02/Dec/2021:10:09:59 +0700] "GET /images/team2.png HTTP/1.0" 200 298 "http://escon.cic.com.vn/" "Mozilla/5.0 (Windows NT 10.0; Win64; x64) AppleWebKit/537.36 (KHTML, like Gecko) Chrome/76.0.3809.71 Safari/537.36"
65.154.226.165 - - [02/Dec/2021:10:09:59 +0700] "GET /images/team3.png HTTP/1.0" 200 298 "http://escon.cic.com.vn/" "Mozilla/5.0 (Windows NT 10.0; Win64; x64) AppleWebKit/537.36 (KHTML, like Gecko) Chrome/76.0.3809.71 Safari/537.36"
65.154.226.165 - - [02/Dec/2021:10:09:59 +0700] "GET /images/team5.png HTTP/1.0" 200 298 "http://escon.cic.com.vn/" "Mozilla/5.0 (Windows NT 10.0; Win64; x64) AppleWebKit/537.36 (KHTML, like Gecko) Chrome/76.0.3809.71 Safari/537.36"
65.154.226.165 - - [02/Dec/2021:10:09:59 +0700] "GET /images/team4.png HTTP/1.0" 200 298 "http://escon.cic.com.vn/" "Mozilla/5.0 (Windows NT 10.0; Win64; x64) AppleWebKit/537.36 (KHTML, like Gecko) Chrome/76.0.3809.71 Safari/537.36"
65.154.226.165 - - [02/Dec/2021:10:09:59 +0700] "GET /images/faq-mockup.png HTTP/1.0" 200 303 "http://escon.cic.com.vn/" "Mozilla/5.0 (Windows NT 10.0; Win64; x64) AppleWebKit/537.36 (KHTML, like Gecko) Chrome/76.0.3809.71 Safari/537.36"
65.154.226.165 - - [02/Dec/2021:10:09:59 +0700] "GET /images/Feature_blue.jpg HTTP/1.0" 200 306 "http://escon.cic.com.vn/assets/css/style.css" "Mozilla/5.0 (Windows NT 10.0; Win64; x64) AppleWebKit/537.36 (KHTML, like Gecko) Chrome/76.0.3809.71 Safari/537.36"
65.154.226.165 - - [02/Dec/2021:10:09:59 +0700] "GET /images/play-btn.png HTTP/1.0" 200 301 "http://escon.cic.com.vn/assets/css/style.css" "Mozilla/5.0 (Windows NT 10.0; Win64; x64) AppleWebKit/537.36 (KHTML, like Gecko) Chrome/76.0.3809.71 Safari/537.36"
65.154.226.165 - - [02/Dec/2021:10:10:02 +0700] "GET /assets/fonts/glyphicons-halflings-regular.woff2 HTTP/1.0" 200 304 "http://escon.cic.com.vn/assets/css/bootstrap.css" "Mozilla/5.0 (Windows NT 10.0; Win64; x64) AppleWebKit/537.36 (KHTML, like Gecko) Chrome/76.0.3809.71 Safari/537.36"
