185.191.171.5 - - [04/Aug/2022:04:14:25 +0700] "GET /forums/showthread.php?tid=45264 HTTP/1.1" 404 146 "-" "Mozilla/5.0 (compatible; SemrushBot/7~bl; +http://www.semrush.com/bot.html)"
157.55.39.25 - - [04/Aug/2022:04:15:49 +0700] "GET /forums/showthread.php?tid=3 HTTP/1.1" 404 146 "-" "Mozilla/5.0 (compatible; bingbot/2.0; +http://www.bing.com/bingbot.htm)"
113.23.54.118 - - [04/Aug/2022:04:16:20 +0700] "GET /BlacklistR4.txt HTTP/1.0" 301 538 "-" "Mozilla/3.0 (compatible; Indy Library)"
157.55.39.25 - - [04/Aug/2022:04:44:34 +0700] "GET /forums/attachment.php?aid=62 HTTP/1.1" 404 146 "-" "Mozilla/5.0 (compatible; bingbot/2.0; +http://www.bing.com/bingbot.htm)"
54.36.148.74 - - [04/Aug/2022:04:45:57 +0700] "GET /robots.txt HTTP/1.0" 301 528 "-" "Mozilla/5.0 (compatible; AhrefsBot/7.0; +http://ahrefs.com/robot/)"
54.36.148.55 - - [04/Aug/2022:04:50:08 +0700] "GET /article/phien-ban-moi-nhat-cua-ptv-vissim-vissim-10-co-gi-moi?page=4 HTTP/1.0" 301 644 "-" "Mozilla/5.0 (compatible; AhrefsBot/7.0; +http://ahrefs.com/robot/)"
69.63.184.120 - - [04/Aug/2022:04:51:27 +0700] "GET /article/hoan-thanh-ban-giao-huong-dan-su-dung-56-may-dt-x8-10e-cho-cong-ty-tnhh-mtv-cap-nuoc-hai HTTP/1.0" 301 700 "-" "facebookexternalhit/1.1 (+http://www.facebook.com/externalhit_uatext.php)"
216.244.66.243 - - [04/Aug/2022:04:53:57 +0700] "GET /robots.txt HTTP/1.0" 301 528 "-" "Mozilla/5.0 (compatible; DotBot/1.2; +https://opensiteexplorer.org/dotbot; help@moz.com)"
216.244.66.243 - - [04/Aug/2022:04:53:57 +0700] "GET /robots.txt HTTP/1.0" 301 528 "-" "Mozilla/5.0 (compatible; DotBot/1.2; +https://opensiteexplorer.org/dotbot; help@moz.com)"
162.247.74.200 - - [04/Aug/2022:04:55:24 +0700] "GET /forums/index.php HTTP/1.0" 404 548 "http://cic.com.vn/forums/index.php" "Mozilla/5.0 (Windows NT 10.0) AppleWebKit/537.36 (KHTML, like Gecko) Chrome/90.0.4430.85 Safari/537.36"
162.247.74.200 - - [04/Aug/2022:04:55:25 +0700] "GET / HTTP/1.0" 301 508 "http://cic.com.vn/" "Mozilla/5.0 (Windows NT 10.0) AppleWebKit/537.36 (KHTML, like Gecko) Chrome/90.0.4430.85 Safari/537.36"
54.36.148.56 - - [04/Aug/2022:04:56:14 +0700] "GET /en/node/1291/dat-mua HTTP/1.0" 301 548 "-" "Mozilla/5.0 (compatible; AhrefsBot/7.0; +http://ahrefs.com/robot/)"
207.46.13.161 - - [04/Aug/2022:04:56:58 +0700] "GET /uploads/images/MCW/16.%20tiet%20dien%20cot.jpg HTTP/1.0" 301 600 "-" "Mozilla/5.0 (compatible; bingbot/2.0; +http://www.bing.com/bingbot.htm)"
185.191.171.24 - - [04/Aug/2022:04:58:44 +0700] "GET /robots.txt HTTP/1.0" 301 528 "-" "Mozilla/5.0 (compatible; SemrushBot/7~bl; +http://www.semrush.com/bot.html)"
185.191.171.2 - - [04/Aug/2022:04:58:46 +0700] "GET /escon8/Escon2011BetaSetup_x64.exe HTTP/1.0" 301 574 "-" "Mozilla/5.0 (compatible; SemrushBot/7~bl; +http://www.semrush.com/bot.html)"
113.165.241.9 - - [04/Aug/2022:05:03:48 +0700] "GET /BlacklistR4.txt HTTP/1.0" 301 538 "-" "Mozilla/3.0 (compatible; Indy Library)"
17.121.112.223 - - [04/Aug/2022:05:03:52 +0700] "GET /robots.txt HTTP/1.0" 301 528 "-" "Mozilla/5.0 (Macintosh; Intel Mac OS X 10_15_5) AppleWebKit/605.1.15 (KHTML, like Gecko) Version/13.1.1 Safari/605.1.15 (Applebot/0.1; +http://www.apple.com/go/applebot)"
17.121.112.223 - - [04/Aug/2022:05:03:52 +0700] "GET /en/san-pham/phan-mem-xay-dung HTTP/1.0" 301 566 "-" "Mozilla/5.0 (Macintosh; Intel Mac OS X 10_15_5) AppleWebKit/605.1.15 (KHTML, like Gecko) Version/13.1.1 Safari/605.1.15 (Applebot/0.1; +http://www.apple.com/go/applebot)"
17.121.114.115 - - [04/Aug/2022:05:13:34 +0700] "GET /san-pham/delft3d HTTP/1.0" 301 540 "-" "Mozilla/5.0 (Macintosh; Intel Mac OS X 10_15_5) AppleWebKit/605.1.15 (KHTML, like Gecko) Version/13.1.1 Safari/605.1.15 (Applebot/0.1; +http://www.apple.com/go/applebot)"
54.36.149.89 - - [04/Aug/2022:05:18:59 +0700] "GET /en/node/946/dat-mua HTTP/1.0" 301 546 "-" "Mozilla/5.0 (compatible; AhrefsBot/7.0; +http://ahrefs.com/robot/)"
14.226.67.203 - - [04/Aug/2022:05:23:17 +0700] "GET /BlacklistR4.txt HTTP/1.0" 301 538 "-" "Mozilla/3.0 (compatible; Indy Library)"
54.36.148.39 - - [04/Aug/2022:05:25:12 +0700] "GET /san-pham/msi-6260cs HTTP/1.0" 301 546 "-" "Mozilla/5.0 (compatible; AhrefsBot/7.0; +http://ahrefs.com/robot/)"
103.131.71.201 - - [04/Aug/2022:05:26:28 +0700] "GET /robots.txt HTTP/1.0" 301 528 "-" "Mozilla/5.0 (compatible; coccocbot-image/1.0; +http://help.coccoc.com/searchengine)"
14.190.152.111 - - [04/Aug/2022:05:27:15 +0700] "GET /BlacklistR4.txt HTTP/1.0" 301 538 "-" "Mozilla/3.0 (compatible; Indy Library)"
14.190.152.111 - - [04/Aug/2022:05:30:59 +0700] "GET /BlacklistR4.txt HTTP/1.0" 301 538 "-" "Mozilla/3.0 (compatible; Indy Library)"
14.190.152.111 - - [04/Aug/2022:05:31:02 +0700] "GET /BlacklistR4.txt HTTP/1.0" 301 538 "-" "Mozilla/3.0 (compatible; Indy Library)"
14.190.152.111 - - [04/Aug/2022:05:31:27 +0700] "GET /BlacklistR4.txt HTTP/1.0" 301 538 "-" "Mozilla/3.0 (compatible; Indy Library)"
14.190.152.111 - - [04/Aug/2022:05:31:34 +0700] "GET /BlacklistR4.txt HTTP/1.0" 301 538 "-" "Mozilla/3.0 (compatible; Indy Library)"
204.150.184.233 - - [04/Aug/2022:05:36:06 +0700] "GET /forums/showthread.php?tid=2781 HTTP/1.1" 404 548 "http://cic.com.vn/" "Mozilla/5.0 (Macintosh; Intel Mac OS X 12_5) AppleWebKit/537.36 (KHTML, like Gecko) Chrome/103.0.0.0 Safari/537.36 OPR/89.0.4447.51"
204.150.184.233 - - [04/Aug/2022:05:36:06 +0700] "GET /forums/member.php?action=profile&uid=93225 HTTP/1.1" 404 548 "http://cic.com.vn/" "Mozilla/5.0 (Macintosh; Intel Mac OS X 12_5) AppleWebKit/537.36 (KHTML, like Gecko) Chrome/103.0.0.0 Safari/537.36 OPR/89.0.4447.51"
204.150.184.233 - - [04/Aug/2022:05:36:07 +0700] "GET / HTTP/1.0" 301 508 "http://cic.com.vn" "Mozilla/5.0 (Macintosh; Intel Mac OS X 12_5) AppleWebKit/537.36 (KHTML, like Gecko) Chrome/103.0.0.0 Safari/537.36 OPR/89.0.4447.51"
204.150.184.233 - - [04/Aug/2022:05:36:07 +0700] "GET / HTTP/1.0" 301 508 "http://cic.com.vn" "Mozilla/5.0 (Macintosh; Intel Mac OS X 12_5) AppleWebKit/537.36 (KHTML, like Gecko) Chrome/103.0.0.0 Safari/537.36 OPR/89.0.4447.51"
204.150.184.233 - - [04/Aug/2022:05:36:10 +0700] "GET / HTTP/1.0" 301 508 "http://cic.com.vn" "Mozilla/5.0 (Macintosh; Intel Mac OS X 12_5) AppleWebKit/537.36 (KHTML, like Gecko) Chrome/103.0.0.0 Safari/537.36 OPR/89.0.4447.51"
204.150.184.233 - - [04/Aug/2022:05:36:12 +0700] "GET / HTTP/1.0" 301 508 "http://cic.com.vn" "Mozilla/5.0 (Macintosh; Intel Mac OS X 12_5) AppleWebKit/537.36 (KHTML, like Gecko) Chrome/103.0.0.0 Safari/537.36 OPR/89.0.4447.51"
207.46.13.161 - - [04/Aug/2022:05:36:22 +0700] "GET /uploads/images/RDW/guide/35.png HTTP/1.0" 301 570 "-" "Mozilla/5.0 (compatible; bingbot/2.0; +http://www.bing.com/bingbot.htm)"
17.121.114.121 - - [04/Aug/2022:05:36:51 +0700] "GET /san-pham/ban-can-wwsb HTTP/1.0" 301 550 "-" "Mozilla/5.0 (Macintosh; Intel Mac OS X 10_15_5) AppleWebKit/605.1.15 (KHTML, like Gecko) Version/13.1.1 Safari/605.1.15 (Applebot/0.1; +http://www.apple.com/go/applebot)"
103.131.71.207 - - [04/Aug/2022:05:37:56 +0700] "GET /robots.txt HTTP/1.0" 301 528 "-" "Mozilla/5.0 (compatible; coccocbot-image/1.0; +http://help.coccoc.com/searchengine)"
204.150.184.233 - - [04/Aug/2022:05:40:28 +0700] "GET /forums/member.php?action=profile& HTTP/1.1" 404 548 "http://cic.com.vn/" "Mozilla/5.0 (Macintosh; Intel Mac OS X 12_5) AppleWebKit/537.36 (KHTML, like Gecko) Chrome/103.0.0.0 Safari/537.36 OPR/89.0.4447.51"
204.150.184.233 - - [04/Aug/2022:05:40:29 +0700] "GET / HTTP/1.0" 301 508 "http://cic.com.vn" "Mozilla/5.0 (Macintosh; Intel Mac OS X 12_5) AppleWebKit/537.36 (KHTML, like Gecko) Chrome/103.0.0.0 Safari/537.36 OPR/89.0.4447.51"
204.150.184.233 - - [04/Aug/2022:05:40:31 +0700] "GET / HTTP/1.0" 301 508 "http://cic.com.vn" "Mozilla/5.0 (Macintosh; Intel Mac OS X 12_5) AppleWebKit/537.36 (KHTML, like Gecko) Chrome/103.0.0.0 Safari/537.36 OPR/89.0.4447.51"
54.36.148.127 - - [04/Aug/2022:05:41:11 +0700] "GET /en/san-pham/exchange-server-2010 HTTP/1.0" 301 572 "-" "Mozilla/5.0 (compatible; AhrefsBot/7.0; +http://ahrefs.com/robot/)"
185.191.171.9 - - [04/Aug/2022:05:41:58 +0700] "GET /forums/showthread.php?tid=43758 HTTP/1.1" 404 146 "-" "Mozilla/5.0 (compatible; SemrushBot/7~bl; +http://www.semrush.com/bot.html)"
204.150.184.233 - - [04/Aug/2022:05:44:36 +0700] "GET /forums/member.php?action=profile& HTTP/1.1" 404 548 "http://cic.com.vn/" "Mozilla/5.0 (Macintosh; Intel Mac OS X 12_5) AppleWebKit/537.36 (KHTML, like Gecko) Chrome/103.0.0.0 Safari/537.36 OPR/89.0.4447.51"
204.150.184.233 - - [04/Aug/2022:05:44:37 +0700] "GET / HTTP/1.0" 301 508 "http://cic.com.vn" "Mozilla/5.0 (Macintosh; Intel Mac OS X 12_5) AppleWebKit/537.36 (KHTML, like Gecko) Chrome/103.0.0.0 Safari/537.36 OPR/89.0.4447.51"
204.150.184.233 - - [04/Aug/2022:05:44:39 +0700] "GET / HTTP/1.0" 301 508 "http://cic.com.vn" "Mozilla/5.0 (Macintosh; Intel Mac OS X 12_5) AppleWebKit/537.36 (KHTML, like Gecko) Chrome/103.0.0.0 Safari/537.36 OPR/89.0.4447.51"
125.212.173.113 - - [04/Aug/2022:05:46:15 +0700] "GET /BlacklistR4.txt HTTP/1.0" 301 538 "-" "Mozilla/3.0 (compatible; Indy Library)"
54.36.148.164 - - [04/Aug/2022:05:48:21 +0700] "GET /uploads/cicuploads/Escon8/TongHopNC.flv HTTP/1.0" 301 586 "-" "Mozilla/5.0 (compatible; AhrefsBot/7.0; +http://ahrefs.com/robot/)"
216.244.66.243 - - [04/Aug/2022:05:50:09 +0700] "GET /robots.txt HTTP/1.0" 301 528 "-" "Mozilla/5.0 (compatible; DotBot/1.2; +https://opensiteexplorer.org/dotbot; help@moz.com)"
216.244.66.243 - - [04/Aug/2022:05:50:09 +0700] "GET /robots.txt HTTP/1.0" 301 528 "-" "Mozilla/5.0 (compatible; DotBot/1.2; +https://opensiteexplorer.org/dotbot; help@moz.com)"
17.121.112.141 - - [04/Aug/2022:05:52:35 +0700] "GET /san-pham/binar HTTP/1.0" 301 536 "-" "Mozilla/5.0 (Macintosh; Intel Mac OS X 10_15_5) AppleWebKit/605.1.15 (KHTML, like Gecko) Version/13.1.1 Safari/605.1.15 (Applebot/0.1; +http://www.apple.com/go/applebot)"
185.191.171.9 - - [04/Aug/2022:05:55:39 +0700] "GET /forums/showthread.php?tid=46037 HTTP/1.1" 404 146 "-" "Mozilla/5.0 (compatible; SemrushBot/7~bl; +http://www.semrush.com/bot.html)"
185.191.171.19 - - [04/Aug/2022:06:01:19 +0700] "GET /robots.txt HTTP/1.0" 301 528 "-" "Mozilla/5.0 (compatible; SemrushBot/7~bl; +http://www.semrush.com/bot.html)"
185.191.171.11 - - [04/Aug/2022:06:01:21 +0700] "GET /forums/showthread.php?tid=43048 HTTP/1.1" 404 146 "-" "Mozilla/5.0 (compatible; SemrushBot/7~bl; +http://www.semrush.com/bot.html)"
125.212.172.157 - - [04/Aug/2022:06:03:00 +0700] "GET /BlacklistR4.txt HTTP/1.0" 301 538 "-" "Mozilla/3.0 (compatible; Indy Library)"
14.166.185.206 - - [04/Aug/2022:06:04:01 +0700] "GET /BlacklistR4.txt HTTP/1.0" 301 538 "-" "Mozilla/3.0 (compatible; Indy Library)"
54.36.149.44 - - [04/Aug/2022:06:04:25 +0700] "GET /article/cic-tham-luan-tai-khoa-huan-luyen-ve-ung-pho-su-co-tran-dau-thuoc-khuon-kho-got-tranining?page=3 HTTP/1.0" 301 716 "-" "Mozilla/5.0 (compatible; AhrefsBot/7.0; +http://ahrefs.com/robot/)"
14.166.185.206 - - [04/Aug/2022:06:04:30 +0700] "GET /BlacklistR4.txt HTTP/1.0" 301 538 "-" "Mozilla/3.0 (compatible; Indy Library)"
14.166.185.206 - - [04/Aug/2022:06:04:31 +0700] "GET /BlacklistR4.txt HTTP/1.0" 301 538 "-" "Mozilla/3.0 (compatible; Indy Library)"
125.212.172.212 - - [04/Aug/2022:06:05:35 +0700] "GET /BlacklistR4.txt HTTP/1.0" 301 538 "-" "Mozilla/3.0 (compatible; Indy Library)"
157.55.39.25 - - [04/Aug/2022:06:06:03 +0700] "GET /forums/showthread.php?tid=3 HTTP/1.1" 404 146 "-" "Mozilla/5.0 (compatible; bingbot/2.0; +http://www.bing.com/bingbot.htm)"
17.121.113.91 - - [04/Aug/2022:06:07:10 +0700] "GET /san-pham/ecolab HTTP/1.0" 301 538 "-" "Mozilla/5.0 (Macintosh; Intel Mac OS X 10_15_5) AppleWebKit/605.1.15 (KHTML, like Gecko) Version/13.1.1 Safari/605.1.15 (Applebot/0.1; +http://www.apple.com/go/applebot)"
51.222.253.19 - - [04/Aug/2022:06:07:11 +0700] "GET /robots.txt HTTP/1.0" 301 528 "-" "Mozilla/5.0 (compatible; AhrefsBot/7.0; +http://ahrefs.com/robot/)"
125.212.173.113 - - [04/Aug/2022:06:07:44 +0700] "GET /BlacklistR4.txt HTTP/1.0" 301 538 "-" "Mozilla/3.0 (compatible; Indy Library)"
66.249.71.86 - - [04/Aug/2022:06:15:13 +0700] "GET /sitemap.xml HTTP/1.0" 301 530 "-" "Mozilla/5.0 (compatible; Googlebot/2.1; +http://www.google.com/bot.html)"
157.55.39.25 - - [04/Aug/2022:06:17:04 +0700] "GET /forums/showthread.php?tid=3 HTTP/1.1" 404 146 "-" "Mozilla/5.0 (compatible; bingbot/2.0; +http://www.bing.com/bingbot.htm)"
54.36.149.27 - - [04/Aug/2022:06:19:15 +0700] "GET /article/ky-ket-hop-dong-cung-cap-01-thiet-bi-sieu-am-do-chieu-day-kim-loai-tg110-dl-cua-hang-ndt HTTP/1.0" 301 700 "-" "Mozilla/5.0 (compatible; AhrefsBot/7.0; +http://ahrefs.com/robot/)"
14.171.67.222 - - [04/Aug/2022:06:23:39 +0700] "GET /BlacklistR4.txt HTTP/1.0" 301 538 "-" "Mozilla/3.0 (compatible; Indy Library)"
113.165.241.9 - - [04/Aug/2022:06:25:03 +0700] "GET /BlacklistR4.txt HTTP/1.0" 301 538 "-" "Mozilla/3.0 (compatible; Indy Library)"
113.165.241.9 - - [04/Aug/2022:06:25:03 +0700] "GET /BlacklistR4.txt HTTP/1.0" 301 538 "-" "Mozilla/3.0 (compatible; Indy Library)"
113.165.241.9 - - [04/Aug/2022:06:25:05 +0700] "GET /BlacklistR4.txt HTTP/1.0" 301 538 "-" "Mozilla/3.0 (compatible; Indy Library)"
113.165.241.9 - - [04/Aug/2022:06:25:11 +0700] "GET /BlacklistR4.txt HTTP/1.0" 301 538 "-" "Mozilla/3.0 (compatible; Indy Library)"
113.165.241.9 - - [04/Aug/2022:06:25:13 +0700] "GET /BlacklistR4.txt HTTP/1.0" 301 538 "-" "Mozilla/3.0 (compatible; Indy Library)"
113.165.241.9 - - [04/Aug/2022:06:25:13 +0700] "GET /BlacklistR4.txt HTTP/1.0" 301 538 "-" "Mozilla/3.0 (compatible; Indy Library)"
113.165.241.9 - - [04/Aug/2022:06:25:53 +0700] "GET /BlacklistR4.txt HTTP/1.0" 301 538 "-" "Mozilla/3.0 (compatible; Indy Library)"
14.167.40.193 - - [04/Aug/2022:06:28:57 +0700] "GET /BlacklistR4.txt HTTP/1.0" 301 538 "-" "Mozilla/3.0 (compatible; Indy Library)"
216.244.66.243 - - [04/Aug/2022:06:44:16 +0700] "GET /robots.txt HTTP/1.0" 301 528 "-" "Mozilla/5.0 (compatible; DotBot/1.2; +https://opensiteexplorer.org/dotbot; help@moz.com)"
216.244.66.243 - - [04/Aug/2022:06:44:16 +0700] "GET /robots.txt HTTP/1.0" 301 528 "-" "Mozilla/5.0 (compatible; DotBot/1.2; +https://opensiteexplorer.org/dotbot; help@moz.com)"
125.212.173.113 - - [04/Aug/2022:06:44:59 +0700] "GET /BlacklistR4.txt HTTP/1.0" 301 538 "-" "Mozilla/3.0 (compatible; Indy Library)"
125.212.173.113 - - [04/Aug/2022:06:46:36 +0700] "GET /BlacklistR4.txt HTTP/1.0" 301 538 "-" "Mozilla/3.0 (compatible; Indy Library)"
125.235.232.249 - - [04/Aug/2022:06:47:49 +0700] "GET /BlacklistR4.txt HTTP/1.0" 301 538 "-" "Mozilla/3.0 (compatible; Indy Library)"
143.244.187.88 - - [04/Aug/2022:06:47:49 +0700] "GET / HTTP/1.0" 301 508 "-" "Mozilla/5.0 (Windows NT 10.0; Win64; x64) AppleWebKit/537.36 (KHTML, like Gecko) Chrome/76.0.3809.132 Safari/537.36"
14.226.67.203 - - [04/Aug/2022:06:50:18 +0700] "GET /BlacklistR4.txt HTTP/1.0" 301 538 "-" "Mozilla/3.0 (compatible; Indy Library)"
54.36.148.188 - - [04/Aug/2022:06:54:47 +0700] "GET /article/ky-ket-hop-dong-cung-cap-01-bo-thiet-bi-sieu-am-coc-khoan-nhoi-chum-cua-hang-piletest-israel?page=1 HTTP/1.0" 301 722 "-" "Mozilla/5.0 (compatible; AhrefsBot/7.0; +http://ahrefs.com/robot/)"
125.212.173.113 - - [04/Aug/2022:06:54:58 +0700] "GET /BlacklistR4.txt HTTP/1.0" 301 538 "-" "Mozilla/3.0 (compatible; Indy Library)"
1.55.54.119 - - [04/Aug/2022:07:04:30 +0700] "GET /BlacklistR4.txt HTTP/1.0" 301 538 "-" "Mozilla/3.0 (compatible; Indy Library)"
1.55.54.119 - - [04/Aug/2022:07:05:31 +0700] "GET /BlacklistR4.txt HTTP/1.0" 301 538 "-" "Mozilla/3.0 (compatible; Indy Library)"
113.160.249.174 - - [04/Aug/2022:07:07:50 +0700] "GET /BlacklistR4.txt HTTP/1.0" 301 538 "-" "Mozilla/3.0 (compatible; Indy Library)"
14.226.67.218 - - [04/Aug/2022:07:15:20 +0700] "GET /BlacklistR4.txt HTTP/1.0" 301 538 "-" "Mozilla/3.0 (compatible; Indy Library)"
113.163.187.209 - - [04/Aug/2022:07:16:20 +0700] "GET /BlacklistR4.txt HTTP/1.0" 301 538 "-" "Mozilla/3.0 (compatible; Indy Library)"
113.160.249.174 - - [04/Aug/2022:07:16:38 +0700] "GET /BlacklistR4.txt HTTP/1.0" 301 538 "-" "Mozilla/3.0 (compatible; Indy Library)"
113.190.242.178 - - [04/Aug/2022:07:18:51 +0700] "GET /BlacklistR4.txt HTTP/1.0" 301 538 "-" "Mozilla/3.0 (compatible; Indy Library)"
14.241.66.64 - - [04/Aug/2022:07:18:57 +0700] "GET /BlacklistR4.txt HTTP/1.0" 301 538 "-" "Mozilla/3.0 (compatible; Indy Library)"
14.188.140.63 - - [04/Aug/2022:07:20:26 +0700] "GET /BlacklistR4.txt HTTP/1.0" 301 538 "-" "Mozilla/3.0 (compatible; Indy Library)"
14.190.155.226 - - [04/Aug/2022:07:21:19 +0700] "GET /BlacklistR4.txt HTTP/1.0" 301 538 "-" "Mozilla/3.0 (compatible; Indy Library)"
14.190.155.226 - - [04/Aug/2022:07:23:23 +0700] "GET /BlacklistR4.txt HTTP/1.0" 301 538 "-" "Mozilla/3.0 (compatible; Indy Library)"
113.162.2.21 - - [04/Aug/2022:07:24:08 +0700] "GET /BlacklistR4.txt HTTP/1.0" 301 538 "-" "Mozilla/3.0 (compatible; Indy Library)"
14.235.35.133 - - [04/Aug/2022:07:24:53 +0700] "GET /BlacklistR4.txt HTTP/1.0" 301 538 "-" "Mozilla/3.0 (compatible; Indy Library)"
14.190.155.226 - - [04/Aug/2022:07:25:46 +0700] "GET /BlacklistR4.txt HTTP/1.0" 301 538 "-" "Mozilla/3.0 (compatible; Indy Library)"
113.160.249.174 - - [04/Aug/2022:07:26:26 +0700] "GET /BlacklistR4.txt HTTP/1.0" 301 538 "-" "Mozilla/3.0 (compatible; Indy Library)"
113.160.249.174 - - [04/Aug/2022:07:27:31 +0700] "GET /BlacklistR4.txt HTTP/1.0" 301 538 "-" "Mozilla/3.0 (compatible; Indy Library)"
14.235.45.251 - - [04/Aug/2022:07:29:03 +0700] "GET /BlacklistR4.txt HTTP/1.0" 301 538 "-" "Mozilla/3.0 (compatible; Indy Library)"
14.236.237.242 - - [04/Aug/2022:07:29:39 +0700] "GET /BlacklistR4.txt HTTP/1.0" 301 538 "-" "Mozilla/3.0 (compatible; Indy Library)"
14.241.66.64 - - [04/Aug/2022:07:30:04 +0700] "GET /BlacklistR4.txt HTTP/1.0" 301 538 "-" "Mozilla/3.0 (compatible; Indy Library)"
185.191.171.38 - - [04/Aug/2022:07:30:05 +0700] "GET /robots.txt HTTP/1.0" 301 528 "-" "Mozilla/5.0 (compatible; SemrushBot/7~bl; +http://www.semrush.com/bot.html)"
185.191.171.38 - - [04/Aug/2022:07:30:07 +0700] "GET /forums/showthread.php?tid=42837 HTTP/1.1" 404 146 "-" "Mozilla/5.0 (compatible; SemrushBot/7~bl; +http://www.semrush.com/bot.html)"
14.241.66.64 - - [04/Aug/2022:07:30:30 +0700] "GET /BlacklistR4.txt HTTP/1.0" 301 538 "-" "Mozilla/3.0 (compatible; Indy Library)"
14.241.66.64 - - [04/Aug/2022:07:30:32 +0700] "GET /BlacklistR4.txt HTTP/1.0" 301 538 "-" "Mozilla/3.0 (compatible; Indy Library)"
14.241.66.64 - - [04/Aug/2022:07:31:10 +0700] "GET /BlacklistR4.txt HTTP/1.0" 301 538 "-" "Mozilla/3.0 (compatible; Indy Library)"
14.241.66.64 - - [04/Aug/2022:07:31:11 +0700] "GET /BlacklistR4.txt HTTP/1.0" 301 538 "-" "Mozilla/3.0 (compatible; Indy Library)"
14.241.66.64 - - [04/Aug/2022:07:31:11 +0700] "GET /BlacklistR4.txt HTTP/1.0" 301 538 "-" "Mozilla/3.0 (compatible; Indy Library)"
14.241.66.64 - - [04/Aug/2022:07:31:11 +0700] "GET /BlacklistR4.txt HTTP/1.0" 301 538 "-" "Mozilla/3.0 (compatible; Indy Library)"
14.241.66.64 - - [04/Aug/2022:07:31:11 +0700] "GET /BlacklistR4.txt HTTP/1.0" 301 538 "-" "Mozilla/3.0 (compatible; Indy Library)"
180.148.4.138 - - [04/Aug/2022:07:31:58 +0700] "GET /BlacklistR4.txt HTTP/1.0" 301 538 "-" "Mozilla/3.0 (compatible; Indy Library)"
117.2.236.146 - - [04/Aug/2022:07:32:41 +0700] "GET /BlacklistR4.txt HTTP/1.0" 301 538 "-" "Mozilla/3.0 (compatible; Indy Library)"
14.190.155.226 - - [04/Aug/2022:07:32:44 +0700] "GET /BlacklistR4.txt HTTP/1.0" 301 538 "-" "Mozilla/3.0 (compatible; Indy Library)"
14.241.66.64 - - [04/Aug/2022:07:32:48 +0700] "GET /BlacklistR4.txt HTTP/1.0" 301 538 "-" "Mozilla/3.0 (compatible; Indy Library)"
66.249.82.198 - - [04/Aug/2022:07:33:31 +0700] "GET /uploads/images/RDW/gt11.png HTTP/1.0" 301 562 "-" "Mozilla/5.0 (Windows NT 5.1; rv:11.0) Gecko Firefox/11.0 (via ggpht.com GoogleImageProxy)"
14.241.66.64 - - [04/Aug/2022:07:33:50 +0700] "GET /BlacklistR4.txt HTTP/1.0" 301 538 "-" "Mozilla/3.0 (compatible; Indy Library)"
14.241.66.64 - - [04/Aug/2022:07:34:13 +0700] "GET /BlacklistR4.txt HTTP/1.0" 301 538 "-" "Mozilla/3.0 (compatible; Indy Library)"
117.2.236.146 - - [04/Aug/2022:07:34:50 +0700] "GET /BlacklistR4.txt HTTP/1.0" 301 538 "-" "Mozilla/3.0 (compatible; Indy Library)"
14.241.66.64 - - [04/Aug/2022:07:34:58 +0700] "GET /BlacklistR4.txt HTTP/1.0" 301 538 "-" "Mozilla/3.0 (compatible; Indy Library)"
14.241.66.64 - - [04/Aug/2022:07:35:27 +0700] "GET /BlacklistR4.txt HTTP/1.0" 301 538 "-" "Mozilla/3.0 (compatible; Indy Library)"
14.226.135.19 - - [04/Aug/2022:07:36:35 +0700] "GET /BlacklistR4.txt HTTP/1.0" 301 538 "-" "Mozilla/3.0 (compatible; Indy Library)"
14.241.66.64 - - [04/Aug/2022:07:36:57 +0700] "GET /BlacklistR4.txt HTTP/1.0" 301 538 "-" "Mozilla/3.0 (compatible; Indy Library)"
14.241.66.64 - - [04/Aug/2022:07:36:59 +0700] "GET /BlacklistR4.txt HTTP/1.0" 301 538 "-" "Mozilla/3.0 (compatible; Indy Library)"
180.148.4.138 - - [04/Aug/2022:07:37:05 +0700] "GET /BlacklistR4.txt HTTP/1.0" 301 538 "-" "Mozilla/3.0 (compatible; Indy Library)"
14.235.35.133 - - [04/Aug/2022:07:38:08 +0700] "GET /BlacklistR4.txt HTTP/1.0" 301 538 "-" "Mozilla/3.0 (compatible; Indy Library)"
216.244.66.243 - - [04/Aug/2022:07:38:40 +0700] "GET /robots.txt HTTP/1.0" 301 528 "-" "Mozilla/5.0 (compatible; DotBot/1.2; +https://opensiteexplorer.org/dotbot; help@moz.com)"
113.160.249.174 - - [04/Aug/2022:07:38:42 +0700] "GET /BlacklistR4.txt HTTP/1.0" 301 538 "-" "Mozilla/3.0 (compatible; Indy Library)"
14.241.66.64 - - [04/Aug/2022:07:38:51 +0700] "GET /BlacklistR4.txt HTTP/1.0" 301 538 "-" "Mozilla/3.0 (compatible; Indy Library)"
14.241.66.64 - - [04/Aug/2022:07:38:53 +0700] "GET /BlacklistR4.txt HTTP/1.0" 301 538 "-" "Mozilla/3.0 (compatible; Indy Library)"
14.241.66.64 - - [04/Aug/2022:07:39:39 +0700] "GET /BlacklistR4.txt HTTP/1.0" 301 538 "-" "Mozilla/3.0 (compatible; Indy Library)"
14.241.66.64 - - [04/Aug/2022:07:39:41 +0700] "GET /BlacklistR4.txt HTTP/1.0" 301 538 "-" "Mozilla/3.0 (compatible; Indy Library)"
14.190.155.226 - - [04/Aug/2022:07:40:49 +0700] "GET /BlacklistR4.txt HTTP/1.0" 301 538 "-" "Mozilla/3.0 (compatible; Indy Library)"
207.46.13.161 - - [04/Aug/2022:07:41:57 +0700] "GET /san-pham/phan-mem-aermod-view HTTP/1.0" 301 566 "-" "Mozilla/5.0 (compatible; bingbot/2.0; +http://www.bing.com/bingbot.htm)"
14.241.66.64 - - [04/Aug/2022:07:43:09 +0700] "GET /BlacklistR4.txt HTTP/1.0" 301 538 "-" "Mozilla/3.0 (compatible; Indy Library)"
14.241.66.64 - - [04/Aug/2022:07:43:11 +0700] "GET /BlacklistR4.txt HTTP/1.0" 301 538 "-" "Mozilla/3.0 (compatible; Indy Library)"
116.100.124.113 - - [04/Aug/2022:07:43:15 +0700] "GET /BlacklistR4.txt HTTP/1.0" 301 538 "-" "Mozilla/3.0 (compatible; Indy Library)"
14.185.127.122 - - [04/Aug/2022:07:43:28 +0700] "GET /BlacklistR4.txt HTTP/1.0" 301 538 "-" "Mozilla/3.0 (compatible; Indy Library)"
117.4.9.150 - - [04/Aug/2022:07:43:29 +0700] "GET /BlacklistR4.txt HTTP/1.0" 301 538 "-" "Mozilla/3.0 (compatible; Indy Library)"
14.241.66.64 - - [04/Aug/2022:07:43:39 +0700] "GET /BlacklistR4.txt HTTP/1.0" 301 538 "-" "Mozilla/3.0 (compatible; Indy Library)"
14.241.66.64 - - [04/Aug/2022:07:43:41 +0700] "GET /BlacklistR4.txt HTTP/1.0" 301 538 "-" "Mozilla/3.0 (compatible; Indy Library)"
14.241.66.64 - - [04/Aug/2022:07:44:05 +0700] "GET /BlacklistR4.txt HTTP/1.0" 301 538 "-" "Mozilla/3.0 (compatible; Indy Library)"
14.241.66.64 - - [04/Aug/2022:07:44:07 +0700] "GET /BlacklistR4.txt HTTP/1.0" 301 538 "-" "Mozilla/3.0 (compatible; Indy Library)"
117.2.236.150 - - [04/Aug/2022:07:44:08 +0700] "GET /BlacklistR4.txt HTTP/1.0" 301 538 "-" "Mozilla/3.0 (compatible; Indy Library)"
85.208.98.23 - - [04/Aug/2022:07:44:38 +0700] "GET /robots.txt HTTP/1.0" 301 528 "-" "Mozilla/5.0 (compatible; SemrushBot-BA; +http://www.semrush.com/bot.html)"
117.2.236.150 - - [04/Aug/2022:07:44:50 +0700] "GET /BlacklistR4.txt HTTP/1.0" 301 538 "-" "Mozilla/3.0 (compatible; Indy Library)"
117.2.236.150 - - [04/Aug/2022:07:44:51 +0700] "GET /BlacklistR4.txt HTTP/1.0" 301 538 "-" "Mozilla/3.0 (compatible; Indy Library)"
117.2.236.150 - - [04/Aug/2022:07:44:51 +0700] "GET /BlacklistR4.txt HTTP/1.0" 301 538 "-" "Mozilla/3.0 (compatible; Indy Library)"
14.241.66.64 - - [04/Aug/2022:07:45:01 +0700] "GET /BlacklistR4.txt HTTP/1.0" 301 538 "-" "Mozilla/3.0 (compatible; Indy Library)"
14.241.66.64 - - [04/Aug/2022:07:45:07 +0700] "GET /BlacklistR4.txt HTTP/1.0" 301 538 "-" "Mozilla/3.0 (compatible; Indy Library)"
14.190.155.226 - - [04/Aug/2022:07:45:16 +0700] "GET /BlacklistR4.txt HTTP/1.0" 301 538 "-" "Mozilla/3.0 (compatible; Indy Library)"
14.190.155.226 - - [04/Aug/2022:07:45:58 +0700] "GET /BlacklistR4.txt HTTP/1.0" 301 538 "-" "Mozilla/3.0 (compatible; Indy Library)"
171.246.168.150 - - [04/Aug/2022:07:46:10 +0700] "GET /BlacklistR4.txt HTTP/1.0" 301 538 "-" "Mozilla/3.0 (compatible; Indy Library)"
207.46.13.161 - - [04/Aug/2022:07:46:39 +0700] "GET /uploads/images/MCW/22.ban%20ve%20thi%20cong%20dai%20coc.jpg HTTP/1.0" 301 626 "-" "Mozilla/5.0 (compatible; bingbot/2.0; +http://www.bing.com/bingbot.htm)"
171.246.168.150 - - [04/Aug/2022:07:46:59 +0700] "GET /BlacklistR4.txt HTTP/1.0" 301 538 "-" "Mozilla/3.0 (compatible; Indy Library)"
113.183.51.29 - - [04/Aug/2022:07:48:22 +0700] "GET /BlacklistR4.txt HTTP/1.0" 301 538 "-" "Mozilla/3.0 (compatible; Indy Library)"
116.100.124.113 - - [04/Aug/2022:07:49:39 +0700] "GET /BlacklistR4.txt HTTP/1.0" 301 538 "-" "Mozilla/3.0 (compatible; Indy Library)"
116.100.124.113 - - [04/Aug/2022:07:49:43 +0700] "GET /BlacklistR4.txt HTTP/1.0" 301 538 "-" "Mozilla/3.0 (compatible; Indy Library)"
116.100.124.113 - - [04/Aug/2022:07:50:08 +0700] "GET /BlacklistR4.txt HTTP/1.0" 301 538 "-" "Mozilla/3.0 (compatible; Indy Library)"
116.100.124.113 - - [04/Aug/2022:07:50:44 +0700] "GET /BlacklistR4.txt HTTP/1.0" 301 538 "-" "Mozilla/3.0 (compatible; Indy Library)"
113.164.77.124 - - [04/Aug/2022:07:50:52 +0700] "GET /BlacklistR4.txt HTTP/1.0" 301 538 "-" "Mozilla/3.0 (compatible; Indy Library)"
157.55.39.25 - - [04/Aug/2022:07:52:04 +0700] "GET /forums/attachment.php?aid=62 HTTP/1.1" 404 146 "-" "Mozilla/5.0 (compatible; bingbot/2.0; +http://www.bing.com/bingbot.htm)"
14.190.155.226 - - [04/Aug/2022:07:52:06 +0700] "GET /BlacklistR4.txt HTTP/1.0" 301 538 "-" "Mozilla/3.0 (compatible; Indy Library)"
14.190.155.226 - - [04/Aug/2022:07:53:58 +0700] "GET /BlacklistR4.txt HTTP/1.0" 301 538 "-" "Mozilla/3.0 (compatible; Indy Library)"
113.183.75.151 - - [04/Aug/2022:07:54:16 +0700] "GET /BlacklistR4.txt HTTP/1.0" 301 538 "-" "Mozilla/3.0 (compatible; Indy Library)"
14.191.105.77 - - [04/Aug/2022:07:54:21 +0700] "GET /BlacklistR4.txt HTTP/1.0" 301 538 "-" "Mozilla/3.0 (compatible; Indy Library)"
113.165.96.160 - - [04/Aug/2022:07:54:44 +0700] "GET /BlacklistR4.txt HTTP/1.0" 301 538 "-" "Mozilla/3.0 (compatible; Indy Library)"
14.190.155.226 - - [04/Aug/2022:07:55:41 +0700] "GET /BlacklistR4.txt HTTP/1.0" 301 538 "-" "Mozilla/3.0 (compatible; Indy Library)"
14.190.155.226 - - [04/Aug/2022:07:55:45 +0700] "GET /BlacklistR4.txt HTTP/1.0" 301 538 "-" "Mozilla/3.0 (compatible; Indy Library)"
14.191.105.77 - - [04/Aug/2022:07:55:55 +0700] "GET /BlacklistR4.txt HTTP/1.0" 301 538 "-" "Mozilla/3.0 (compatible; Indy Library)"
14.255.45.188 - - [04/Aug/2022:07:56:34 +0700] "GET /BlacklistR4.txt HTTP/1.0" 301 538 "-" "Mozilla/3.0 (compatible; Indy Library)"
113.160.151.249 - - [04/Aug/2022:07:57:09 +0700] "GET /BlacklistR4.txt HTTP/1.0" 301 538 "-" "Mozilla/3.0 (compatible; Indy Library)"
113.183.48.123 - - [04/Aug/2022:07:57:25 +0700] "GET /BlacklistR4.txt HTTP/1.0" 301 538 "-" "Mozilla/3.0 (compatible; Indy Library)"
14.191.115.13 - - [04/Aug/2022:07:58:22 +0700] "GET /BlacklistR4.txt HTTP/1.0" 301 538 "-" "Mozilla/3.0 (compatible; Indy Library)"
14.250.109.30 - - [04/Aug/2022:07:59:05 +0700] "GET /BlacklistR4.txt HTTP/1.0" 301 538 "-" "Mozilla/3.0 (compatible; Indy Library)"
113.170.218.125 - - [04/Aug/2022:07:59:12 +0700] "GET /BlacklistR4.txt HTTP/1.0" 301 538 "-" "Mozilla/3.0 (compatible; Indy Library)"
14.241.66.64 - - [04/Aug/2022:07:59:56 +0700] "GET /BlacklistR4.txt HTTP/1.0" 301 538 "-" "Mozilla/3.0 (compatible; Indy Library)"
14.241.66.64 - - [04/Aug/2022:07:59:56 +0700] "GET /BlacklistR4.txt HTTP/1.0" 301 538 "-" "Mozilla/3.0 (compatible; Indy Library)"
14.241.66.64 - - [04/Aug/2022:07:59:58 +0700] "GET /BlacklistR4.txt HTTP/1.0" 301 538 "-" "Mozilla/3.0 (compatible; Indy Library)"
14.241.66.64 - - [04/Aug/2022:07:59:58 +0700] "GET /BlacklistR4.txt HTTP/1.0" 301 538 "-" "Mozilla/3.0 (compatible; Indy Library)"
113.183.48.123 - - [04/Aug/2022:08:00:48 +0700] "GET /BlacklistR4.txt HTTP/1.0" 301 538 "-" "Mozilla/3.0 (compatible; Indy Library)"
14.191.115.13 - - [04/Aug/2022:08:01:06 +0700] "GET /BlacklistR4.txt HTTP/1.0" 301 538 "-" "Mozilla/3.0 (compatible; Indy Library)"
113.160.151.249 - - [04/Aug/2022:08:01:11 +0700] "GET /BlacklistR4.txt HTTP/1.0" 301 538 "-" "Mozilla/3.0 (compatible; Indy Library)"
117.2.236.150 - - [04/Aug/2022:08:02:02 +0700] "GET /BlacklistR4.txt HTTP/1.0" 301 538 "-" "Mozilla/3.0 (compatible; Indy Library)"
117.2.236.150 - - [04/Aug/2022:08:02:04 +0700] "GET /BlacklistR4.txt HTTP/1.0" 301 538 "-" "Mozilla/3.0 (compatible; Indy Library)"
117.2.236.150 - - [04/Aug/2022:08:02:21 +0700] "GET /BlacklistR4.txt HTTP/1.0" 301 538 "-" "Mozilla/3.0 (compatible; Indy Library)"
117.2.236.150 - - [04/Aug/2022:08:02:21 +0700] "GET /BlacklistR4.txt HTTP/1.0" 301 538 "-" "Mozilla/3.0 (compatible; Indy Library)"
14.190.155.226 - - [04/Aug/2022:08:02:24 +0700] "GET /BlacklistR4.txt HTTP/1.0" 301 538 "-" "Mozilla/3.0 (compatible; Indy Library)"
14.190.155.226 - - [04/Aug/2022:08:02:56 +0700] "GET /BlacklistR4.txt HTTP/1.0" 301 538 "-" "Mozilla/3.0 (compatible; Indy Library)"
117.2.236.150 - - [04/Aug/2022:08:03:02 +0700] "GET /BlacklistR4.txt HTTP/1.0" 301 538 "-" "Mozilla/3.0 (compatible; Indy Library)"
117.2.236.150 - - [04/Aug/2022:08:04:00 +0700] "GET /BlacklistR4.txt HTTP/1.0" 301 538 "-" "Mozilla/3.0 (compatible; Indy Library)"
117.3.68.101 - - [04/Aug/2022:08:04:15 +0700] "GET /BlacklistR4.txt HTTP/1.0" 301 538 "-" "Mozilla/3.0 (compatible; Indy Library)"
117.3.68.101 - - [04/Aug/2022:08:04:19 +0700] "GET /BlacklistR4.txt HTTP/1.0" 301 538 "-" "Mozilla/3.0 (compatible; Indy Library)"
14.241.66.64 - - [04/Aug/2022:08:04:29 +0700] "GET /BlacklistR4.txt HTTP/1.0" 301 538 "-" "Mozilla/3.0 (compatible; Indy Library)"
14.190.155.226 - - [04/Aug/2022:08:04:31 +0700] "GET /BlacklistR4.txt HTTP/1.0" 301 538 "-" "Mozilla/3.0 (compatible; Indy Library)"
14.252.13.250 - - [04/Aug/2022:08:04:34 +0700] "GET /forums/showthread.php?tid=3 HTTP/1.1" 404 548 "-" "Mozilla/5.0 (Windows NT 10.0; Win64; x64) AppleWebKit/537.36 (KHTML, like Gecko) Chrome/103.0.0.0 Safari/537.36"
14.235.176.189 - - [04/Aug/2022:08:04:47 +0700] "GET /BlacklistR4.txt HTTP/1.0" 301 538 "-" "Mozilla/3.0 (compatible; Indy Library)"
113.160.150.193 - - [04/Aug/2022:08:06:44 +0700] "GET /BlacklistR4.txt HTTP/1.0" 301 538 "-" "Mozilla/3.0 (compatible; Indy Library)"
157.55.39.25 - - [04/Aug/2022:08:07:15 +0700] "GET /forums/showthread.php?tid=3 HTTP/1.1" 404 548 "-" "Mozilla/5.0 AppleWebKit/537.36 (KHTML, like Gecko; compatible; bingbot/2.0; +http://www.bing.com/bingbot.htm) Chrome/103.0.5060.134 Safari/537.36"
14.252.13.250 - - [04/Aug/2022:08:07:18 +0700] "GET /forums/showthread.php?tid=5 HTTP/1.1" 404 548 "-" "Mozilla/5.0 (Windows NT 10.0; Win64; x64) AppleWebKit/537.36 (KHTML, like Gecko) Chrome/103.0.0.0 Safari/537.36"
14.252.13.250 - - [04/Aug/2022:08:07:19 +0700] "GET /BlacklistR4.txt HTTP/1.0" 301 538 "-" "Mozilla/3.0 (compatible; Indy Library)"
112.197.13.69 - - [04/Aug/2022:08:07:50 +0700] "GET /BlacklistR4.txt HTTP/1.0" 301 538 "-" "Mozilla/3.0 (compatible; Indy Library)"
112.197.13.69 - - [04/Aug/2022:08:07:50 +0700] "GET /forums/showthread.php?tid=5 HTTP/1.1" 404 146 "-" "Mozilla/5.0 (Windows NT 10.0; Win64; x64; Trident/7.0; rv:11.0) like Gecko"
14.190.155.226 - - [04/Aug/2022:08:08:05 +0700] "GET /BlacklistR4.txt HTTP/1.0" 301 538 "-" "Mozilla/3.0 (compatible; Indy Library)"
113.183.51.29 - - [04/Aug/2022:08:08:57 +0700] "GET /BlacklistR4.txt HTTP/1.0" 301 538 "-" "Mozilla/3.0 (compatible; Indy Library)"
14.181.95.68 - - [04/Aug/2022:08:09:29 +0700] "GET /BlacklistR4.txt HTTP/1.0" 301 538 "-" "Mozilla/3.0 (compatible; Indy Library)"
14.181.95.68 - - [04/Aug/2022:08:09:32 +0700] "GET /BlacklistR4.txt HTTP/1.0" 301 538 "-" "Mozilla/3.0 (compatible; Indy Library)"
14.189.223.94 - - [04/Aug/2022:08:09:40 +0700] "GET /BlacklistR4.txt HTTP/1.0" 301 538 "-" "Mozilla/3.0 (compatible; Indy Library)"
113.164.77.124 - - [04/Aug/2022:08:09:54 +0700] "GET /BlacklistR4.txt HTTP/1.0" 301 538 "-" "Mozilla/3.0 (compatible; Indy Library)"
171.248.42.177 - - [04/Aug/2022:08:11:22 +0700] "GET /BlacklistR4.txt HTTP/1.0" 301 538 "-" "Mozilla/3.0 (compatible; Indy Library)"
171.248.42.177 - - [04/Aug/2022:08:11:22 +0700] "GET /BlacklistR4.txt HTTP/1.0" 301 538 "-" "Mozilla/3.0 (compatible; Indy Library)"
113.175.81.82 - - [04/Aug/2022:08:11:40 +0700] "GET /BlacklistR4.txt HTTP/1.0" 301 538 "-" "Mozilla/3.0 (compatible; Indy Library)"
185.191.171.26 - - [04/Aug/2022:08:12:04 +0700] "GET /stcad/stcad.asp HTTP/1.0" 301 538 "-" "Mozilla/5.0 (compatible; SemrushBot/7~bl; +http://www.semrush.com/bot.html)"
171.248.42.177 - - [04/Aug/2022:08:12:35 +0700] "GET /BlacklistR4.txt HTTP/1.0" 301 538 "-" "Mozilla/3.0 (compatible; Indy Library)"
171.248.42.177 - - [04/Aug/2022:08:12:39 +0700] "GET /BlacklistR4.txt HTTP/1.0" 301 538 "-" "Mozilla/3.0 (compatible; Indy Library)"
14.235.35.133 - - [04/Aug/2022:08:12:54 +0700] "GET /BlacklistR4.txt HTTP/1.0" 301 538 "-" "Mozilla/3.0 (compatible; Indy Library)"
27.3.41.153 - - [04/Aug/2022:08:13:50 +0700] "GET /BlacklistR4.txt HTTP/1.0" 301 538 "-" "Mozilla/3.0 (compatible; Indy Library)"
14.190.155.226 - - [04/Aug/2022:08:14:10 +0700] "GET /BlacklistR4.txt HTTP/1.0" 301 538 "-" "Mozilla/3.0 (compatible; Indy Library)"
14.250.152.229 - - [04/Aug/2022:08:14:45 +0700] "GET /BlacklistR4.txt HTTP/1.0" 301 538 "-" "Mozilla/3.0 (compatible; Indy Library)"
113.160.151.249 - - [04/Aug/2022:08:15:07 +0700] "GET /BlacklistR4.txt HTTP/1.0" 301 538 "-" "Mozilla/3.0 (compatible; Indy Library)"
14.190.155.226 - - [04/Aug/2022:08:16:13 +0700] "GET /BlacklistR4.txt HTTP/1.0" 301 538 "-" "Mozilla/3.0 (compatible; Indy Library)"
14.252.13.250 - - [04/Aug/2022:08:16:15 +0700] "GET /BlacklistR4.txt HTTP/1.0" 301 538 "-" "Mozilla/3.0 (compatible; Indy Library)"
14.252.13.250 - - [04/Aug/2022:08:16:20 +0700] "GET /BlacklistR4.txt HTTP/1.0" 301 538 "-" "Mozilla/3.0 (compatible; Indy Library)"
14.252.13.250 - - [04/Aug/2022:08:16:27 +0700] "GET /BlacklistR4.txt HTTP/1.0" 301 538 "-" "Mozilla/3.0 (compatible; Indy Library)"
171.248.42.177 - - [04/Aug/2022:08:16:28 +0700] "GET /BlacklistR4.txt HTTP/1.0" 301 538 "-" "Mozilla/3.0 (compatible; Indy Library)"
171.248.42.177 - - [04/Aug/2022:08:16:29 +0700] "GET /BlacklistR4.txt HTTP/1.0" 301 538 "-" "Mozilla/3.0 (compatible; Indy Library)"
14.252.13.250 - - [04/Aug/2022:08:16:36 +0700] "GET /BlacklistR4.txt HTTP/1.0" 301 538 "-" "Mozilla/3.0 (compatible; Indy Library)"
171.248.42.177 - - [04/Aug/2022:08:16:56 +0700] "GET /BlacklistR4.txt HTTP/1.0" 301 538 "-" "Mozilla/3.0 (compatible; Indy Library)"
171.248.42.177 - - [04/Aug/2022:08:16:58 +0700] "GET /BlacklistR4.txt HTTP/1.0" 301 538 "-" "Mozilla/3.0 (compatible; Indy Library)"
113.163.187.209 - - [04/Aug/2022:08:17:21 +0700] "GET /BlacklistR4.txt HTTP/1.0" 301 538 "-" "Mozilla/3.0 (compatible; Indy Library)"
113.175.81.82 - - [04/Aug/2022:08:17:29 +0700] "GET /BlacklistR4.txt HTTP/1.0" 301 538 "-" "Mozilla/3.0 (compatible; Indy Library)"
113.175.81.82 - - [04/Aug/2022:08:19:24 +0700] "GET /BlacklistR4.txt HTTP/1.0" 301 538 "-" "Mozilla/3.0 (compatible; Indy Library)"
123.17.21.64 - - [04/Aug/2022:08:20:18 +0700] "GET /BlacklistR4.txt HTTP/1.0" 301 538 "-" "Mozilla/3.0 (compatible; Indy Library)"
113.175.81.82 - - [04/Aug/2022:08:20:18 +0700] "GET /BlacklistR4.txt HTTP/1.0" 301 538 "-" "Mozilla/3.0 (compatible; Indy Library)"
123.17.21.64 - - [04/Aug/2022:08:20:18 +0700] "GET /BlacklistR4.txt HTTP/1.0" 301 538 "-" "Mozilla/3.0 (compatible; Indy Library)"
123.17.21.64 - - [04/Aug/2022:08:20:25 +0700] "GET /BlacklistR4.txt HTTP/1.0" 301 538 "-" "Mozilla/3.0 (compatible; Indy Library)"
123.17.21.64 - - [04/Aug/2022:08:20:27 +0700] "GET /BlacklistR4.txt HTTP/1.0" 301 538 "-" "Mozilla/3.0 (compatible; Indy Library)"
66.249.84.92 - - [04/Aug/2022:08:20:31 +0700] "GET /uploads/images/Sumac/MoHinhHoaBeMat.png HTTP/1.0" 301 586 "-" "Mozilla/5.0 (Windows NT 5.1; rv:11.0) Gecko Firefox/11.0 (via ggpht.com GoogleImageProxy)"
27.2.255.46 - - [04/Aug/2022:08:20:57 +0700] "GET /BlacklistR4.txt HTTP/1.0" 301 538 "-" "Mozilla/3.0 (compatible; Indy Library)"
157.55.39.25 - - [04/Aug/2022:08:21:26 +0700] "GET /forums/showthread.php?tid=3 HTTP/1.1" 404 146 "-" "Mozilla/5.0 (compatible; bingbot/2.0; +http://www.bing.com/bingbot.htm)"
14.235.176.189 - - [04/Aug/2022:08:21:55 +0700] "GET /BlacklistR4.txt HTTP/1.0" 301 538 "-" "Mozilla/3.0 (compatible; Indy Library)"
14.235.176.189 - - [04/Aug/2022:08:21:55 +0700] "GET /BlacklistR4.txt HTTP/1.0" 301 538 "-" "Mozilla/3.0 (compatible; Indy Library)"
14.235.35.133 - - [04/Aug/2022:08:22:30 +0700] "GET /BlacklistR4.txt HTTP/1.0" 301 538 "-" "Mozilla/3.0 (compatible; Indy Library)"
14.190.155.226 - - [04/Aug/2022:08:22:50 +0700] "GET /BlacklistR4.txt HTTP/1.0" 301 538 "-" "Mozilla/3.0 (compatible; Indy Library)"
14.182.243.142 - - [04/Aug/2022:08:23:22 +0700] "GET /BlacklistR4.txt HTTP/1.0" 301 538 "-" "Mozilla/3.0 (compatible; Indy Library)"
14.182.243.142 - - [04/Aug/2022:08:24:56 +0700] "GET /BlacklistR4.txt HTTP/1.0" 301 538 "-" "Mozilla/3.0 (compatible; Indy Library)"
14.235.35.133 - - [04/Aug/2022:08:24:57 +0700] "GET /BlacklistR4.txt HTTP/1.0" 301 538 "-" "Mozilla/3.0 (compatible; Indy Library)"
14.182.243.142 - - [04/Aug/2022:08:24:57 +0700] "GET /BlacklistR4.txt HTTP/1.0" 301 538 "-" "Mozilla/3.0 (compatible; Indy Library)"
222.252.144.63 - - [04/Aug/2022:08:25:59 +0700] "GET /BlacklistR4.txt HTTP/1.0" 301 538 "-" "Mozilla/3.0 (compatible; Indy Library)"
42.113.199.26 - - [04/Aug/2022:08:26:22 +0700] "GET /BlacklistR4.txt HTTP/1.0" 301 538 "-" "Mozilla/3.0 (compatible; Indy Library)"
42.113.199.26 - - [04/Aug/2022:08:26:23 +0700] "GET /Escon15/Escon15_analytics.html HTTP/1.0" 301 568 "-" "Mozilla/4.0 (compatible; MSIE 7.0; Windows NT 6.1; WOW64; Trident/7.0; SLCC2; .NET CLR 2.0.50727; .NET CLR 3.5.30729; .NET CLR 3.0.30729; Media Center PC 6.0; .NET4.0C; .NET4.0E; InfoPath.3; Zoom 3.6.0)"
113.183.48.123 - - [04/Aug/2022:08:26:30 +0700] "GET /BlacklistR4.txt HTTP/1.0" 301 538 "-" "Mozilla/3.0 (compatible; Indy Library)"
117.3.233.216 - - [04/Aug/2022:08:27:05 +0700] "GET /BlacklistR4.txt HTTP/1.0" 301 538 "-" "Mozilla/3.0 (compatible; Indy Library)"
14.235.45.251 - - [04/Aug/2022:08:27:13 +0700] "GET /BlacklistR4.txt HTTP/1.0" 301 538 "-" "Mozilla/3.0 (compatible; Indy Library)"
171.235.96.37 - - [04/Aug/2022:08:28:33 +0700] "GET /BlacklistR4.txt HTTP/1.0" 301 538 "-" "Mozilla/3.0 (compatible; Indy Library)"
14.190.153.28 - - [04/Aug/2022:08:28:39 +0700] "GET /BlacklistR4.txt HTTP/1.0" 301 538 "-" "Mozilla/3.0 (compatible; Indy Library)"
180.148.4.138 - - [04/Aug/2022:08:28:43 +0700] "GET /BlacklistR4.txt HTTP/1.0" 301 538 "-" "Mozilla/3.0 (compatible; Indy Library)"
14.190.155.226 - - [04/Aug/2022:08:29:07 +0700] "GET /BlacklistR4.txt HTTP/1.0" 301 538 "-" "Mozilla/3.0 (compatible; Indy Library)"
113.183.48.123 - - [04/Aug/2022:08:29:09 +0700] "GET /BlacklistR4.txt HTTP/1.0" 301 538 "-" "Mozilla/3.0 (compatible; Indy Library)"
171.235.96.37 - - [04/Aug/2022:08:29:43 +0700] "GET /BlacklistR4.txt HTTP/1.0" 301 538 "-" "Mozilla/3.0 (compatible; Indy Library)"
171.235.96.37 - - [04/Aug/2022:08:29:45 +0700] "GET /BlacklistR4.txt HTTP/1.0" 301 538 "-" "Mozilla/3.0 (compatible; Indy Library)"
14.235.45.251 - - [04/Aug/2022:08:30:26 +0700] "GET /BlacklistR4.txt HTTP/1.0" 301 538 "-" "Mozilla/3.0 (compatible; Indy Library)"
14.235.35.133 - - [04/Aug/2022:08:30:35 +0700] "GET /BlacklistR4.txt HTTP/1.0" 301 538 "-" "Mozilla/3.0 (compatible; Indy Library)"
113.183.48.123 - - [04/Aug/2022:08:30:40 +0700] "GET /BlacklistR4.txt HTTP/1.0" 301 538 "-" "Mozilla/3.0 (compatible; Indy Library)"
113.183.48.123 - - [04/Aug/2022:08:30:44 +0700] "GET /BlacklistR4.txt HTTP/1.0" 301 538 "-" "Mozilla/3.0 (compatible; Indy Library)"
113.183.48.123 - - [04/Aug/2022:08:30:48 +0700] "GET /BlacklistR4.txt HTTP/1.0" 301 538 "-" "Mozilla/3.0 (compatible; Indy Library)"
14.235.45.251 - - [04/Aug/2022:08:30:56 +0700] "GET /BlacklistR4.txt HTTP/1.0" 301 538 "-" "Mozilla/3.0 (compatible; Indy Library)"
113.183.48.123 - - [04/Aug/2022:08:30:58 +0700] "GET /BlacklistR4.txt HTTP/1.0" 301 538 "-" "Mozilla/3.0 (compatible; Indy Library)"
113.183.48.123 - - [04/Aug/2022:08:31:07 +0700] "GET /BlacklistR4.txt HTTP/1.0" 301 538 "-" "Mozilla/3.0 (compatible; Indy Library)"
14.235.35.133 - - [04/Aug/2022:08:31:13 +0700] "GET /BlacklistR4.txt HTTP/1.0" 301 538 "-" "Mozilla/3.0 (compatible; Indy Library)"
113.183.48.123 - - [04/Aug/2022:08:31:27 +0700] "GET /BlacklistR4.txt HTTP/1.0" 301 538 "-" "Mozilla/3.0 (compatible; Indy Library)"
1.53.38.255 - - [04/Aug/2022:08:31:32 +0700] "GET /BlacklistR4.txt HTTP/1.0" 301 538 "-" "Mozilla/3.0 (compatible; Indy Library)"
113.183.48.123 - - [04/Aug/2022:08:31:42 +0700] "GET /BlacklistR4.txt HTTP/1.0" 301 538 "-" "Mozilla/3.0 (compatible; Indy Library)"
113.183.48.123 - - [04/Aug/2022:08:31:55 +0700] "GET /BlacklistR4.txt HTTP/1.0" 301 538 "-" "Mozilla/3.0 (compatible; Indy Library)"
14.182.243.142 - - [04/Aug/2022:08:32:14 +0700] "GET /BlacklistR4.txt HTTP/1.0" 301 538 "-" "Mozilla/3.0 (compatible; Indy Library)"
216.244.66.243 - - [04/Aug/2022:08:32:43 +0700] "GET /robots.txt HTTP/1.0" 301 528 "-" "Mozilla/5.0 (compatible; DotBot/1.2; +https://opensiteexplorer.org/dotbot; help@moz.com)"
14.191.105.77 - - [04/Aug/2022:08:32:46 +0700] "GET /BlacklistR4.txt HTTP/1.0" 301 538 "-" "Mozilla/3.0 (compatible; Indy Library)"
14.182.243.142 - - [04/Aug/2022:08:32:46 +0700] "GET /BlacklistR4.txt HTTP/1.0" 301 538 "-" "Mozilla/3.0 (compatible; Indy Library)"
58.186.98.225 - - [04/Aug/2022:08:32:56 +0700] "GET /BlacklistR4.txt HTTP/1.0" 301 538 "-" "Mozilla/3.0 (compatible; Indy Library)"
58.186.98.225 - - [04/Aug/2022:08:32:58 +0700] "GET /BlacklistR4.txt HTTP/1.0" 301 538 "-" "Mozilla/3.0 (compatible; Indy Library)"
58.186.98.225 - - [04/Aug/2022:08:32:58 +0700] "GET /BlacklistR4.txt HTTP/1.0" 301 538 "-" "Mozilla/3.0 (compatible; Indy Library)"
113.165.94.75 - - [04/Aug/2022:08:33:19 +0700] "GET /BlacklistR4.txt HTTP/1.0" 301 538 "-" "Mozilla/3.0 (compatible; Indy Library)"
58.186.98.225 - - [04/Aug/2022:08:33:20 +0700] "GET /BlacklistR4.txt HTTP/1.0" 301 538 "-" "Mozilla/3.0 (compatible; Indy Library)"
58.186.98.225 - - [04/Aug/2022:08:33:20 +0700] "GET /BlacklistR4.txt HTTP/1.0" 301 538 "-" "Mozilla/3.0 (compatible; Indy Library)"
207.46.13.161 - - [04/Aug/2022:08:33:22 +0700] "GET /san-pham/phan-mem-aermod-view HTTP/1.0" 301 566 "-" "Mozilla/5.0 (compatible; bingbot/2.0; +http://www.bing.com/bingbot.htm)"
113.183.48.123 - - [04/Aug/2022:08:33:30 +0700] "GET /BlacklistR4.txt HTTP/1.0" 301 538 "-" "Mozilla/3.0 (compatible; Indy Library)"
1.53.38.255 - - [04/Aug/2022:08:33:34 +0700] "GET /BlacklistR4.txt HTTP/1.0" 301 538 "-" "Mozilla/3.0 (compatible; Indy Library)"
113.183.48.123 - - [04/Aug/2022:08:33:47 +0700] "GET /BlacklistR4.txt HTTP/1.0" 301 538 "-" "Mozilla/3.0 (compatible; Indy Library)"
113.183.48.123 - - [04/Aug/2022:08:33:56 +0700] "GET /BlacklistR4.txt HTTP/1.0" 301 538 "-" "Mozilla/3.0 (compatible; Indy Library)"
14.235.45.251 - - [04/Aug/2022:08:34:00 +0700] "GET /BlacklistR4.txt HTTP/1.0" 301 538 "-" "Mozilla/3.0 (compatible; Indy Library)"
14.235.45.251 - - [04/Aug/2022:08:34:03 +0700] "GET /BlacklistR4.txt HTTP/1.0" 301 538 "-" "Mozilla/3.0 (compatible; Indy Library)"
113.183.48.123 - - [04/Aug/2022:08:34:18 +0700] "GET /BlacklistR4.txt HTTP/1.0" 301 538 "-" "Mozilla/3.0 (compatible; Indy Library)"
113.183.48.123 - - [04/Aug/2022:08:34:20 +0700] "GET /BlacklistR4.txt HTTP/1.0" 301 538 "-" "Mozilla/3.0 (compatible; Indy Library)"
222.252.144.63 - - [04/Aug/2022:08:34:20 +0700] "GET /BlacklistR4.txt HTTP/1.0" 301 538 "-" "Mozilla/3.0 (compatible; Indy Library)"
113.183.48.123 - - [04/Aug/2022:08:34:27 +0700] "GET /BlacklistR4.txt HTTP/1.0" 301 538 "-" "Mozilla/3.0 (compatible; Indy Library)"
14.235.35.133 - - [04/Aug/2022:08:35:29 +0700] "GET /BlacklistR4.txt HTTP/1.0" 301 538 "-" "Mozilla/3.0 (compatible; Indy Library)"
222.252.144.63 - - [04/Aug/2022:08:35:59 +0700] "GET /BlacklistR4.txt HTTP/1.0" 301 538 "-" "Mozilla/3.0 (compatible; Indy Library)"
171.228.214.92 - - [04/Aug/2022:08:36:08 +0700] "GET /BlacklistR4.txt HTTP/1.0" 301 538 "-" "Mozilla/3.0 (compatible; Indy Library)"
113.183.48.123 - - [04/Aug/2022:08:36:10 +0700] "GET /BlacklistR4.txt HTTP/1.0" 301 538 "-" "Mozilla/3.0 (compatible; Indy Library)"
113.160.249.174 - - [04/Aug/2022:08:37:08 +0700] "GET /BlacklistR4.txt HTTP/1.0" 301 538 "-" "Mozilla/3.0 (compatible; Indy Library)"
115.78.6.237 - - [04/Aug/2022:08:37:16 +0700] "GET /BlacklistR4.txt HTTP/1.0" 301 538 "-" "Mozilla/3.0 (compatible; Indy Library)"
222.252.144.63 - - [04/Aug/2022:08:38:15 +0700] "GET /BlacklistR4.txt HTTP/1.0" 301 538 "-" "Mozilla/3.0 (compatible; Indy Library)"
171.235.96.37 - - [04/Aug/2022:08:38:26 +0700] "GET /BlacklistR4.txt HTTP/1.0" 301 538 "-" "Mozilla/3.0 (compatible; Indy Library)"
14.190.155.226 - - [04/Aug/2022:08:38:42 +0700] "GET /BlacklistR4.txt HTTP/1.0" 301 538 "-" "Mozilla/3.0 (compatible; Indy Library)"
113.185.108.45 - - [04/Aug/2022:08:39:18 +0700] "GET /BlacklistR4.txt HTTP/1.0" 301 538 "-" "Mozilla/3.0 (compatible; Indy Library)"
14.245.115.212 - - [04/Aug/2022:08:40:52 +0700] "GET /BlacklistR4.txt HTTP/1.0" 301 538 "-" "Mozilla/3.0 (compatible; Indy Library)"
117.2.225.167 - - [04/Aug/2022:08:42:00 +0700] "GET /BlacklistR4.txt HTTP/1.0" 301 538 "-" "Mozilla/3.0 (compatible; Indy Library)"
180.148.4.138 - - [04/Aug/2022:08:42:37 +0700] "GET /BlacklistR4.txt HTTP/1.0" 301 538 "-" "Mozilla/3.0 (compatible; Indy Library)"
222.252.144.63 - - [04/Aug/2022:08:42:53 +0700] "GET /BlacklistR4.txt HTTP/1.0" 301 538 "-" "Mozilla/3.0 (compatible; Indy Library)"
149.5.224.145 - - [04/Aug/2022:08:43:29 +0700] "GET /forums/images/close.gif HTTP/1.0" 301 536 "http://www.cic.com.vn/" "Mozilla/5.0 (Windows NT 10.0; Win64; x64) AppleWebKit/537.36 (KHTML, like Gecko) Chrome/76.0.3809.132 Safari/537.36"
14.250.109.30 - - [04/Aug/2022:08:43:30 +0700] "GET /BlacklistR4.txt HTTP/1.0" 301 538 "-" "Mozilla/3.0 (compatible; Indy Library)"
14.250.109.30 - - [04/Aug/2022:08:44:04 +0700] "GET /BlacklistR4.txt HTTP/1.0" 301 538 "-" "Mozilla/3.0 (compatible; Indy Library)"
117.0.111.200 - - [04/Aug/2022:08:44:25 +0700] "GET /uploads/images/stCAD/MongDon1.PNG HTTP/1.0" 301 574 "http://mangxd.blogspot.com/" "Mozilla/5.0 (Windows NT 6.1; WOW64) AppleWebKit/537.36 (KHTML, like Gecko) Chrome/103.0.0.0 Safari/537.36"
14.241.66.64 - - [04/Aug/2022:08:44:25 +0700] "GET /BlacklistR4.txt HTTP/1.0" 301 538 "-" "Mozilla/3.0 (compatible; Indy Library)"
117.0.111.200 - - [04/Aug/2022:08:44:26 +0700] "GET /uploads/images/stCAD/MongCoc.PNG HTTP/1.0" 301 572 "http://mangxd.blogspot.com/" "Mozilla/5.0 (Windows NT 6.1; WOW64) AppleWebKit/537.36 (KHTML, like Gecko) Chrome/103.0.0.0 Safari/537.36"
117.0.111.200 - - [04/Aug/2022:08:44:26 +0700] "GET /uploads/images/stCAD/MBKC.PNG HTTP/1.0" 301 566 "http://mangxd.blogspot.com/" "Mozilla/5.0 (Windows NT 6.1; WOW64) AppleWebKit/537.36 (KHTML, like Gecko) Chrome/103.0.0.0 Safari/537.36"
117.0.111.200 - - [04/Aug/2022:08:44:26 +0700] "GET /uploads/images/stCAD/MBKC1.PNG HTTP/1.0" 301 568 "http://mangxd.blogspot.com/" "Mozilla/5.0 (Windows NT 6.1; WOW64) AppleWebKit/537.36 (KHTML, like Gecko) Chrome/103.0.0.0 Safari/537.36"
117.0.111.200 - - [04/Aug/2022:08:44:26 +0700] "GET /uploads/images/stCAD/ThepSan.PNG HTTP/1.0" 301 572 "http://mangxd.blogspot.com/" "Mozilla/5.0 (Windows NT 6.1; WOW64) AppleWebKit/537.36 (KHTML, like Gecko) Chrome/103.0.0.0 Safari/537.36"
117.0.111.200 - - [04/Aug/2022:08:44:26 +0700] "GET /uploads/images/stCAD/Dam.PNG HTTP/1.0" 301 564 "http://mangxd.blogspot.com/" "Mozilla/5.0 (Windows NT 6.1; WOW64) AppleWebKit/537.36 (KHTML, like Gecko) Chrome/103.0.0.0 Safari/537.36"
117.0.111.200 - - [04/Aug/2022:08:44:26 +0700] "GET /uploads/images/stCAD/Cot.PNG HTTP/1.0" 301 564 "http://mangxd.blogspot.com/" "Mozilla/5.0 (Windows NT 6.1; WOW64) AppleWebKit/537.36 (KHTML, like Gecko) Chrome/103.0.0.0 Safari/537.36"
117.0.111.200 - - [04/Aug/2022:08:44:26 +0700] "GET /uploads/images/stCAD/TienLuong.PNG HTTP/1.0" 301 576 "http://mangxd.blogspot.com/" "Mozilla/5.0 (Windows NT 6.1; WOW64) AppleWebKit/537.36 (KHTML, like Gecko) Chrome/103.0.0.0 Safari/537.36"
117.0.111.200 - - [04/Aug/2022:08:44:26 +0700] "GET /uploads/images/stCAD/DanhSachDam.PNG HTTP/1.0" 301 580 "http://mangxd.blogspot.com/" "Mozilla/5.0 (Windows NT 6.1; WOW64) AppleWebKit/537.36 (KHTML, like Gecko) Chrome/103.0.0.0 Safari/537.36"
117.0.111.200 - - [04/Aug/2022:08:44:26 +0700] "GET /uploads/images/stCAD/MenuKhaiBaoNhipDam.png HTTP/1.0" 301 594 "http://mangxd.blogspot.com/" "Mozilla/5.0 (Windows NT 6.1; WOW64) AppleWebKit/537.36 (KHTML, like Gecko) Chrome/103.0.0.0 Safari/537.36"
117.0.111.200 - - [04/Aug/2022:08:44:26 +0700] "GET /uploads/images/stCAD/KhaiBaoNhipDam.PNG HTTP/1.0" 301 586 "http://mangxd.blogspot.com/" "Mozilla/5.0 (Windows NT 6.1; WOW64) AppleWebKit/537.36 (KHTML, like Gecko) Chrome/103.0.0.0 Safari/537.36"
117.0.111.200 - - [04/Aug/2022:08:44:27 +0700] "GET /uploads/images/stCAD/KhaiBaoNhipDam2.PNG HTTP/1.0" 301 588 "http://mangxd.blogspot.com/" "Mozilla/5.0 (Windows NT 6.1; WOW64) AppleWebKit/537.36 (KHTML, like Gecko) Chrome/103.0.0.0 Safari/537.36"
