14.190.155.226 - - [05/Aug/2022:16:06:35 +0700] "GET /BlacklistR4.txt HTTP/1.0" 301 538 "-" "Mozilla/3.0 (compatible; Indy Library)"
58.187.94.51 - - [05/Aug/2022:16:07:10 +0700] "GET /BlacklistR4.txt HTTP/1.0" 301 538 "-" "Mozilla/3.0 (compatible; Indy Library)"
216.244.66.243 - - [05/Aug/2022:16:07:38 +0700] "GET /robots.txt HTTP/1.0" 301 528 "-" "Mozilla/5.0 (compatible; DotBot/1.2; +https://opensiteexplorer.org/dotbot; help@moz.com)"
58.187.94.51 - - [05/Aug/2022:16:07:41 +0700] "GET /BlacklistR4.txt HTTP/1.0" 301 538 "-" "Mozilla/3.0 (compatible; Indy Library)"
27.3.41.153 - - [05/Aug/2022:16:07:42 +0700] "GET /BlacklistR4.txt HTTP/1.0" 301 538 "-" "Mozilla/3.0 (compatible; Indy Library)"
58.187.94.51 - - [05/Aug/2022:16:07:51 +0700] "GET /BlacklistR4.txt HTTP/1.0" 301 538 "-" "Mozilla/3.0 (compatible; Indy Library)"
113.176.17.109 - - [05/Aug/2022:16:07:58 +0700] "GET /BlacklistR4.txt HTTP/1.0" 301 538 "-" "Mozilla/3.0 (compatible; Indy Library)"
113.183.51.29 - - [05/Aug/2022:16:08:04 +0700] "GET /BlacklistR4.txt HTTP/1.0" 301 538 "-" "Mozilla/3.0 (compatible; Indy Library)"
113.183.51.29 - - [05/Aug/2022:16:08:05 +0700] "GET /BlacklistR4.txt HTTP/1.0" 301 538 "-" "Mozilla/3.0 (compatible; Indy Library)"
113.183.51.29 - - [05/Aug/2022:16:08:11 +0700] "GET /BlacklistR4.txt HTTP/1.0" 301 538 "-" "Mozilla/3.0 (compatible; Indy Library)"
113.183.51.29 - - [05/Aug/2022:16:08:11 +0700] "GET /BlacklistR4.txt HTTP/1.0" 301 538 "-" "Mozilla/3.0 (compatible; Indy Library)"
113.183.51.29 - - [05/Aug/2022:16:08:12 +0700] "GET /BlacklistR4.txt HTTP/1.0" 301 538 "-" "Mozilla/3.0 (compatible; Indy Library)"
113.183.51.29 - - [05/Aug/2022:16:08:12 +0700] "GET /BlacklistR4.txt HTTP/1.0" 301 538 "-" "Mozilla/3.0 (compatible; Indy Library)"
113.183.51.29 - - [05/Aug/2022:16:08:13 +0700] "GET /BlacklistR4.txt HTTP/1.0" 301 538 "-" "Mozilla/3.0 (compatible; Indy Library)"
58.187.94.51 - - [05/Aug/2022:16:08:32 +0700] "GET /BlacklistR4.txt HTTP/1.0" 301 538 "-" "Mozilla/3.0 (compatible; Indy Library)"
113.183.101.185 - - [05/Aug/2022:16:08:49 +0700] "GET /BlacklistR4.txt HTTP/1.0" 301 538 "-" "Mozilla/3.0 (compatible; Indy Library)"
14.190.155.226 - - [05/Aug/2022:16:09:16 +0700] "GET /BlacklistR4.txt HTTP/1.0" 301 538 "-" "Mozilla/3.0 (compatible; Indy Library)"
14.190.155.226 - - [05/Aug/2022:16:09:17 +0700] "GET /BlacklistR4.txt HTTP/1.0" 301 538 "-" "Mozilla/3.0 (compatible; Indy Library)"
14.190.155.226 - - [05/Aug/2022:16:09:20 +0700] "GET /BlacklistR4.txt HTTP/1.0" 301 538 "-" "Mozilla/3.0 (compatible; Indy Library)"
58.187.94.51 - - [05/Aug/2022:16:09:39 +0700] "GET /BlacklistR4.txt HTTP/1.0" 301 538 "-" "Mozilla/3.0 (compatible; Indy Library)"
117.2.142.91 - - [05/Aug/2022:16:09:39 +0700] "GET /BlacklistR4.txt HTTP/1.0" 301 538 "-" "Mozilla/3.0 (compatible; Indy Library)"
125.212.173.113 - - [05/Aug/2022:16:09:47 +0700] "GET /BlacklistR4.txt HTTP/1.0" 301 538 "-" "Mozilla/3.0 (compatible; Indy Library)"
58.187.94.51 - - [05/Aug/2022:16:10:07 +0700] "GET /BlacklistR4.txt HTTP/1.0" 301 538 "-" "Mozilla/3.0 (compatible; Indy Library)"
58.187.94.51 - - [05/Aug/2022:16:10:22 +0700] "GET /BlacklistR4.txt HTTP/1.0" 301 538 "-" "Mozilla/3.0 (compatible; Indy Library)"
27.3.41.153 - - [05/Aug/2022:16:10:36 +0700] "GET /BlacklistR4.txt HTTP/1.0" 301 538 "-" "Mozilla/3.0 (compatible; Indy Library)"
58.187.94.51 - - [05/Aug/2022:16:10:38 +0700] "GET /BlacklistR4.txt HTTP/1.0" 301 538 "-" "Mozilla/3.0 (compatible; Indy Library)"
27.3.41.153 - - [05/Aug/2022:16:11:14 +0700] "GET /BlacklistR4.txt HTTP/1.0" 301 538 "-" "Mozilla/3.0 (compatible; Indy Library)"
14.169.198.162 - - [05/Aug/2022:16:11:17 +0700] "GET /forums/member.php?action=login HTTP/1.0" 301 550 "http://www.cic.com.vn/forums" "Mozilla/5.0 (Macintosh; Intel Mac OS X 10_10_1) AppleWebKit/537.36 (KHTML, like Gecko) Chrome/41.0.2227.1 Safari/537.36"
113.163.216.112 - - [05/Aug/2022:16:11:54 +0700] "GET /BlacklistR4.txt HTTP/1.0" 301 538 "-" "Mozilla/3.0 (compatible; Indy Library)"
113.163.216.112 - - [05/Aug/2022:16:11:55 +0700] "GET /BlacklistR4.txt HTTP/1.0" 301 538 "-" "Mozilla/3.0 (compatible; Indy Library)"
113.183.51.29 - - [05/Aug/2022:16:12:10 +0700] "GET /BlacklistR4.txt HTTP/1.0" 301 538 "-" "Mozilla/3.0 (compatible; Indy Library)"
113.183.51.29 - - [05/Aug/2022:16:12:54 +0700] "GET /BlacklistR4.txt HTTP/1.0" 301 538 "-" "Mozilla/3.0 (compatible; Indy Library)"
14.169.198.162 - - [05/Aug/2022:16:13:08 +0700] "GET /forums/member.php?action=login HTTP/1.0" 301 550 "http://www.cic.com.vn/forums" "Mozilla/5.0 (Windows NT 6.1; WOW64) AppleWebKit/537.36 (KHTML, like Gecko) Chrome/41.0.2227.0 Safari/537.36"
14.190.155.226 - - [05/Aug/2022:16:14:25 +0700] "GET /BlacklistR4.txt HTTP/1.0" 301 538 "-" "Mozilla/3.0 (compatible; Indy Library)"
14.243.210.216 - - [05/Aug/2022:16:15:23 +0700] "GET /BlacklistR4.txt HTTP/1.0" 301 538 "-" "Mozilla/3.0 (compatible; Indy Library)"
27.72.168.89 - - [05/Aug/2022:16:15:26 +0700] "GET /BlacklistR4.txt HTTP/1.0" 301 538 "-" "Mozilla/3.0 (compatible; Indy Library)"
27.72.168.89 - - [05/Aug/2022:16:15:27 +0700] "GET /BlacklistR4.txt HTTP/1.0" 301 538 "-" "Mozilla/3.0 (compatible; Indy Library)"
14.190.155.226 - - [05/Aug/2022:16:16:34 +0700] "GET /BlacklistR4.txt HTTP/1.0" 301 538 "-" "Mozilla/3.0 (compatible; Indy Library)"
14.254.115.231 - - [05/Aug/2022:16:16:54 +0700] "GET /BlacklistR4.txt HTTP/1.0" 301 538 "-" "Mozilla/3.0 (compatible; Indy Library)"
14.178.139.116 - - [05/Aug/2022:16:17:55 +0700] "GET /BlacklistR4.txt HTTP/1.0" 301 538 "-" "Mozilla/3.0 (compatible; Indy Library)"
115.79.141.3 - - [05/Aug/2022:16:18:02 +0700] "GET /BlacklistR4.txt HTTP/1.0" 301 538 "-" "Mozilla/3.0 (compatible; Indy Library)"
14.190.155.226 - - [05/Aug/2022:16:18:03 +0700] "GET /BlacklistR4.txt HTTP/1.0" 301 538 "-" "Mozilla/3.0 (compatible; Indy Library)"
14.190.155.226 - - [05/Aug/2022:16:18:04 +0700] "GET /BlacklistR4.txt HTTP/1.0" 301 538 "-" "Mozilla/3.0 (compatible; Indy Library)"
14.190.155.226 - - [05/Aug/2022:16:18:04 +0700] "GET /BlacklistR4.txt HTTP/1.0" 301 538 "-" "Mozilla/3.0 (compatible; Indy Library)"
117.2.142.91 - - [05/Aug/2022:16:18:26 +0700] "GET /BlacklistR4.txt HTTP/1.0" 301 538 "-" "Mozilla/3.0 (compatible; Indy Library)"
14.169.198.162 - - [05/Aug/2022:16:18:32 +0700] "GET /forums/member.php?action=login HTTP/1.0" 301 550 "http://www.cic.com.vn/forums" "Mozilla/5.0 (Windows NT 6.1; WOW64; Trident/7.0; AS; rv:11.0) like Gecko"
1.52.122.187 - - [05/Aug/2022:16:19:32 +0700] "GET /BlacklistR4.txt HTTP/1.0" 301 538 "-" "Mozilla/3.0 (compatible; Indy Library)"
14.178.139.116 - - [05/Aug/2022:16:19:51 +0700] "GET /BlacklistR4.txt HTTP/1.0" 301 538 "-" "Mozilla/3.0 (compatible; Indy Library)"
14.178.139.116 - - [05/Aug/2022:16:19:51 +0700] "GET /BlacklistR4.txt HTTP/1.0" 301 538 "-" "Mozilla/3.0 (compatible; Indy Library)"
14.241.66.64 - - [05/Aug/2022:16:19:58 +0700] "GET /BlacklistR4.txt HTTP/1.0" 301 538 "-" "Mozilla/3.0 (compatible; Indy Library)"
113.176.107.12 - - [05/Aug/2022:16:20:00 +0700] "GET /BlacklistR4.txt HTTP/1.0" 301 538 "-" "Mozilla/3.0 (compatible; Indy Library)"
69.171.249.18 - - [05/Aug/2022:16:20:57 +0700] "HEAD / HTTP/1.0" 301 256 "-" "facebookexternalhit/1.1 (+http://www.facebook.com/externalhit_uatext.php)"
171.241.55.129 - - [05/Aug/2022:16:21:29 +0700] "GET /BlacklistR4.txt HTTP/1.0" 301 538 "-" "Mozilla/3.0 (compatible; Indy Library)"
113.183.101.185 - - [05/Aug/2022:16:23:39 +0700] "GET /BlacklistR4.txt HTTP/1.0" 301 538 "-" "Mozilla/3.0 (compatible; Indy Library)"
113.183.101.185 - - [05/Aug/2022:16:23:40 +0700] "GET /BlacklistR4.txt HTTP/1.0" 301 538 "-" "Mozilla/3.0 (compatible; Indy Library)"
113.183.101.185 - - [05/Aug/2022:16:23:40 +0700] "GET /BlacklistR4.txt HTTP/1.0" 301 538 "-" "Mozilla/3.0 (compatible; Indy Library)"
113.183.101.185 - - [05/Aug/2022:16:23:41 +0700] "GET /BlacklistR4.txt HTTP/1.0" 301 538 "-" "Mozilla/3.0 (compatible; Indy Library)"
113.183.101.185 - - [05/Aug/2022:16:23:41 +0700] "GET /BlacklistR4.txt HTTP/1.0" 301 538 "-" "Mozilla/3.0 (compatible; Indy Library)"
113.183.101.185 - - [05/Aug/2022:16:23:41 +0700] "GET /BlacklistR4.txt HTTP/1.0" 301 538 "-" "Mozilla/3.0 (compatible; Indy Library)"
113.183.101.185 - - [05/Aug/2022:16:23:42 +0700] "GET /BlacklistR4.txt HTTP/1.0" 301 538 "-" "Mozilla/3.0 (compatible; Indy Library)"
113.183.101.185 - - [05/Aug/2022:16:23:43 +0700] "GET /BlacklistR4.txt HTTP/1.0" 301 538 "-" "Mozilla/3.0 (compatible; Indy Library)"
14.169.198.162 - - [05/Aug/2022:16:23:44 +0700] "GET /forums/member.php?action=login HTTP/1.0" 301 550 "http://www.cic.com.vn/forums" "Mozilla/5.0 (Windows NT 6.3; WOW64) AppleWebKit/537.36 (KHTML, like Gecko) Chrome/41.0.2226.0 Safari/537.36"
113.183.101.185 - - [05/Aug/2022:16:24:21 +0700] "GET /BlacklistR4.txt HTTP/1.0" 301 538 "-" "Mozilla/3.0 (compatible; Indy Library)"
113.183.101.185 - - [05/Aug/2022:16:24:22 +0700] "GET /BlacklistR4.txt HTTP/1.0" 301 538 "-" "Mozilla/3.0 (compatible; Indy Library)"
113.183.101.185 - - [05/Aug/2022:16:24:23 +0700] "GET /BlacklistR4.txt HTTP/1.0" 301 538 "-" "Mozilla/3.0 (compatible; Indy Library)"
113.183.101.185 - - [05/Aug/2022:16:24:24 +0700] "GET /BlacklistR4.txt HTTP/1.0" 301 538 "-" "Mozilla/3.0 (compatible; Indy Library)"
116.100.69.175 - - [05/Aug/2022:16:28:03 +0700] "GET /BlacklistR4.txt HTTP/1.0" 301 538 "-" "Mozilla/3.0 (compatible; Indy Library)"
113.160.250.8 - - [05/Aug/2022:16:28:14 +0700] "GET /BlacklistR4.txt HTTP/1.0" 301 538 "-" "Mozilla/3.0 (compatible; Indy Library)"
116.100.69.175 - - [05/Aug/2022:16:28:31 +0700] "GET /BlacklistR4.txt HTTP/1.0" 301 538 "-" "Mozilla/3.0 (compatible; Indy Library)"
116.100.69.175 - - [05/Aug/2022:16:28:33 +0700] "GET /BlacklistR4.txt HTTP/1.0" 301 538 "-" "Mozilla/3.0 (compatible; Indy Library)"
14.190.155.226 - - [05/Aug/2022:16:29:09 +0700] "GET /BlacklistR4.txt HTTP/1.0" 301 538 "-" "Mozilla/3.0 (compatible; Indy Library)"
113.161.82.190 - - [05/Aug/2022:16:29:39 +0700] "GET /BlacklistR4.txt HTTP/1.0" 301 538 "-" "Mozilla/3.0 (compatible; Indy Library)"
113.161.82.190 - - [05/Aug/2022:16:29:42 +0700] "GET /BlacklistR4.txt HTTP/1.0" 301 538 "-" "Mozilla/3.0 (compatible; Indy Library)"
14.178.139.116 - - [05/Aug/2022:16:29:42 +0700] "GET /BlacklistR4.txt HTTP/1.0" 301 538 "-" "Mozilla/3.0 (compatible; Indy Library)"
113.161.82.190 - - [05/Aug/2022:16:29:42 +0700] "GET /QuangCao1.htm HTTP/1.0" 301 534 "-" "Mozilla/4.0 (compatible; MSIE 7.0; Windows NT 6.2; WOW64; Trident/7.0; .NET4.0C; .NET4.0E; .NET CLR 2.0.50727; .NET CLR 3.0.30729; .NET CLR 3.5.30729; Zoom 3.6.0)"
113.161.82.190 - - [05/Aug/2022:16:29:43 +0700] "GET /BlacklistR4.txt HTTP/1.0" 301 538 "-" "Mozilla/3.0 (compatible; Indy Library)"
113.161.82.190 - - [05/Aug/2022:16:29:55 +0700] "GET /BlacklistR4.txt HTTP/1.0" 301 538 "-" "Mozilla/3.0 (compatible; Indy Library)"
113.161.82.190 - - [05/Aug/2022:16:29:57 +0700] "GET /BlacklistR4.txt HTTP/1.0" 301 538 "-" "Mozilla/3.0 (compatible; Indy Library)"
14.169.198.162 - - [05/Aug/2022:16:30:05 +0700] "GET /forums/member.php?action=login HTTP/1.0" 301 550 "http://www.cic.com.vn/forums" "Mozilla/5.0 (compatible; MSIE 10.0; Windows NT 7.0; InfoPath.3; .NET CLR 3.1.40767; Trident/6.0; en-IN)"
14.190.155.226 - - [05/Aug/2022:16:31:16 +0700] "GET /BlacklistR4.txt HTTP/1.0" 301 538 "-" "Mozilla/3.0 (compatible; Indy Library)"
14.190.155.226 - - [05/Aug/2022:16:31:17 +0700] "GET /BlacklistR4.txt HTTP/1.0" 301 538 "-" "Mozilla/3.0 (compatible; Indy Library)"
14.190.155.226 - - [05/Aug/2022:16:31:19 +0700] "GET /BlacklistR4.txt HTTP/1.0" 301 538 "-" "Mozilla/3.0 (compatible; Indy Library)"
113.165.96.160 - - [05/Aug/2022:16:32:07 +0700] "GET /BlacklistR4.txt HTTP/1.0" 301 538 "-" "Mozilla/3.0 (compatible; Indy Library)"
14.169.198.162 - - [05/Aug/2022:16:34:26 +0700] "GET /forums/member.php?action=login HTTP/1.0" 301 550 "http://www.cic.com.vn/forums" "Mozilla/5.0 (Windows NT 6.1; WOW64; Trident/7.0; AS; rv:11.0) like Gecko"
113.165.94.75 - - [05/Aug/2022:16:34:44 +0700] "GET /BlacklistR4.txt HTTP/1.0" 301 538 "-" "Mozilla/3.0 (compatible; Indy Library)"
113.183.51.29 - - [05/Aug/2022:16:35:35 +0700] "GET /BlacklistR4.txt HTTP/1.0" 301 538 "-" "Mozilla/3.0 (compatible; Indy Library)"
117.3.239.152 - - [05/Aug/2022:16:35:36 +0700] "GET /BlacklistR4.txt HTTP/1.0" 301 538 "-" "Mozilla/3.0 (compatible; Indy Library)"
222.254.200.245 - - [05/Aug/2022:16:37:35 +0700] "GET /BlacklistR4.txt HTTP/1.0" 301 538 "-" "Mozilla/3.0 (compatible; Indy Library)"
113.165.94.75 - - [05/Aug/2022:16:37:52 +0700] "GET /BlacklistR4.txt HTTP/1.0" 301 538 "-" "Mozilla/3.0 (compatible; Indy Library)"
14.178.139.116 - - [05/Aug/2022:16:38:20 +0700] "GET /BlacklistR4.txt HTTP/1.0" 301 538 "-" "Mozilla/3.0 (compatible; Indy Library)"
14.190.155.226 - - [05/Aug/2022:16:38:58 +0700] "GET /BlacklistR4.txt HTTP/1.0" 301 538 "-" "Mozilla/3.0 (compatible; Indy Library)"
59.153.224.202 - - [05/Aug/2022:16:39:13 +0700] "GET /BlacklistR4.txt HTTP/1.0" 301 538 "-" "Mozilla/3.0 (compatible; Indy Library)"
118.70.170.110 - - [05/Aug/2022:16:39:28 +0700] "GET /BlacklistR4.txt HTTP/1.0" 301 538 "-" "Mozilla/3.0 (compatible; Indy Library)"
118.70.170.110 - - [05/Aug/2022:16:39:30 +0700] "GET /BlacklistR4.txt HTTP/1.0" 301 538 "-" "Mozilla/3.0 (compatible; Indy Library)"
113.165.96.160 - - [05/Aug/2022:16:40:07 +0700] "GET /BlacklistR4.txt HTTP/1.0" 301 538 "-" "Mozilla/3.0 (compatible; Indy Library)"
14.169.198.162 - - [05/Aug/2022:16:40:23 +0700] "GET /forums/member.php?action=login HTTP/1.0" 301 550 "http://www.cic.com.vn/forums" "Mozilla/5.0 (compatible; MSIE 10.0; Windows NT 7.0; InfoPath.3; .NET CLR 3.1.40767; Trident/6.0; en-IN)"
117.2.142.91 - - [05/Aug/2022:16:40:31 +0700] "GET /BlacklistR4.txt HTTP/1.0" 301 538 "-" "Mozilla/3.0 (compatible; Indy Library)"
171.248.42.177 - - [05/Aug/2022:16:40:49 +0700] "GET /BlacklistR4.txt HTTP/1.0" 301 538 "-" "Mozilla/3.0 (compatible; Indy Library)"
117.2.158.89 - - [05/Aug/2022:16:41:06 +0700] "GET /BlacklistR4.txt HTTP/1.0" 301 538 "-" "Mozilla/3.0 (compatible; Indy Library)"
113.183.101.185 - - [05/Aug/2022:16:41:27 +0700] "GET /BlacklistR4.txt HTTP/1.0" 301 538 "-" "Mozilla/3.0 (compatible; Indy Library)"
1.55.51.12 - - [05/Aug/2022:16:41:31 +0700] "GET /BlacklistR4.txt HTTP/1.0" 301 538 "-" "Mozilla/3.0 (compatible; Indy Library)"
1.55.51.12 - - [05/Aug/2022:16:41:36 +0700] "GET /BlacklistR4.txt HTTP/1.0" 301 538 "-" "Mozilla/3.0 (compatible; Indy Library)"
1.55.51.12 - - [05/Aug/2022:16:41:48 +0700] "GET /BlacklistR4.txt HTTP/1.0" 301 538 "-" "Mozilla/3.0 (compatible; Indy Library)"
113.176.107.12 - - [05/Aug/2022:16:43:12 +0700] "GET /BlacklistR4.txt HTTP/1.0" 301 538 "-" "Mozilla/3.0 (compatible; Indy Library)"
113.176.107.12 - - [05/Aug/2022:16:45:46 +0700] "GET /BlacklistR4.txt HTTP/1.0" 301 538 "-" "Mozilla/3.0 (compatible; Indy Library)"
117.2.142.91 - - [05/Aug/2022:16:46:02 +0700] "GET /BlacklistR4.txt HTTP/1.0" 301 538 "-" "Mozilla/3.0 (compatible; Indy Library)"
113.176.107.12 - - [05/Aug/2022:16:48:59 +0700] "GET /BlacklistR4.txt HTTP/1.0" 301 538 "-" "Mozilla/3.0 (compatible; Indy Library)"
203.210.252.221 - - [05/Aug/2022:16:49:18 +0700] "GET /BlacklistR4.txt HTTP/1.0" 301 538 "-" "Mozilla/3.0 (compatible; Indy Library)"
180.148.4.138 - - [05/Aug/2022:16:51:08 +0700] "GET /BlacklistR4.txt HTTP/1.0" 301 538 "-" "Mozilla/3.0 (compatible; Indy Library)"
54.36.149.56 - - [05/Aug/2022:16:51:09 +0700] "GET /en/san-pham/oilmap-oil-spill-model-and-response-system HTTP/1.0" 301 616 "-" "Mozilla/5.0 (compatible; AhrefsBot/7.0; +http://ahrefs.com/robot/)"
14.190.155.226 - - [05/Aug/2022:16:51:22 +0700] "GET /BlacklistR4.txt HTTP/1.0" 301 538 "-" "Mozilla/3.0 (compatible; Indy Library)"
14.190.155.226 - - [05/Aug/2022:16:51:23 +0700] "GET /BlacklistR4.txt HTTP/1.0" 301 538 "-" "Mozilla/3.0 (compatible; Indy Library)"
14.190.155.226 - - [05/Aug/2022:16:51:27 +0700] "GET /BlacklistR4.txt HTTP/1.0" 301 538 "-" "Mozilla/3.0 (compatible; Indy Library)"
101.53.7.67 - - [05/Aug/2022:16:51:57 +0700] "GET / HTTP/1.0" 301 508 "-" "Mozilla/5.0 (Windows NT 10.0; Win64; x64) AppleWebKit/537.36 (KHTML, like Gecko) Chrome/103.0.0.0 Safari/537.36"
171.248.42.177 - - [05/Aug/2022:16:52:08 +0700] "GET /BlacklistR4.txt HTTP/1.0" 301 538 "-" "Mozilla/3.0 (compatible; Indy Library)"
117.2.165.214 - - [05/Aug/2022:16:52:23 +0700] "GET /BlacklistR4.txt HTTP/1.0" 301 538 "-" "Mozilla/3.0 (compatible; Indy Library)"
117.2.142.91 - - [05/Aug/2022:16:52:29 +0700] "GET /BlacklistR4.txt HTTP/1.0" 301 538 "-" "Mozilla/3.0 (compatible; Indy Library)"
14.178.139.116 - - [05/Aug/2022:16:52:44 +0700] "GET /BlacklistR4.txt HTTP/1.0" 301 538 "-" "Mozilla/3.0 (compatible; Indy Library)"
14.190.155.226 - - [05/Aug/2022:16:53:58 +0700] "GET /BlacklistR4.txt HTTP/1.0" 301 538 "-" "Mozilla/3.0 (compatible; Indy Library)"
113.176.107.12 - - [05/Aug/2022:16:54:07 +0700] "GET /BlacklistR4.txt HTTP/1.0" 301 538 "-" "Mozilla/3.0 (compatible; Indy Library)"
117.2.165.214 - - [05/Aug/2022:16:54:08 +0700] "GET /BlacklistR4.txt HTTP/1.0" 301 538 "-" "Mozilla/3.0 (compatible; Indy Library)"
117.2.142.91 - - [05/Aug/2022:16:54:17 +0700] "GET /BlacklistR4.txt HTTP/1.0" 301 538 "-" "Mozilla/3.0 (compatible; Indy Library)"
171.228.209.106 - - [05/Aug/2022:16:54:23 +0700] "GET /BlacklistR4.txt HTTP/1.0" 301 538 "-" "Mozilla/3.0 (compatible; Indy Library)"
54.36.148.222 - - [05/Aug/2022:16:54:58 +0700] "GET /en/san-pham/sirsidynix-america HTTP/1.0" 301 568 "-" "Mozilla/5.0 (compatible; AhrefsBot/7.0; +http://ahrefs.com/robot/)"
216.244.66.243 - - [05/Aug/2022:16:55:42 +0700] "GET /robots.txt HTTP/1.0" 301 528 "-" "Mozilla/5.0 (compatible; DotBot/1.2; +https://opensiteexplorer.org/dotbot; help@moz.com)"
1.55.51.12 - - [05/Aug/2022:16:56:09 +0700] "GET /BlacklistR4.txt HTTP/1.0" 301 538 "-" "Mozilla/3.0 (compatible; Indy Library)"
1.55.51.12 - - [05/Aug/2022:16:56:10 +0700] "GET /BlacklistR4.txt HTTP/1.0" 301 538 "-" "Mozilla/3.0 (compatible; Indy Library)"
1.55.51.12 - - [05/Aug/2022:16:56:11 +0700] "GET /BlacklistR4.txt HTTP/1.0" 301 538 "-" "Mozilla/3.0 (compatible; Indy Library)"
1.55.51.12 - - [05/Aug/2022:16:56:11 +0700] "GET /BlacklistR4.txt HTTP/1.0" 301 538 "-" "Mozilla/3.0 (compatible; Indy Library)"
1.55.51.12 - - [05/Aug/2022:16:56:12 +0700] "GET /BlacklistR4.txt HTTP/1.0" 301 538 "-" "Mozilla/3.0 (compatible; Indy Library)"
1.55.51.12 - - [05/Aug/2022:16:56:12 +0700] "GET /BlacklistR4.txt HTTP/1.0" 301 538 "-" "Mozilla/3.0 (compatible; Indy Library)"
1.55.51.12 - - [05/Aug/2022:16:56:12 +0700] "GET /BlacklistR4.txt HTTP/1.0" 301 538 "-" "Mozilla/3.0 (compatible; Indy Library)"
1.55.51.12 - - [05/Aug/2022:16:56:12 +0700] "GET /BlacklistR4.txt HTTP/1.0" 301 538 "-" "Mozilla/3.0 (compatible; Indy Library)"
1.55.51.12 - - [05/Aug/2022:16:56:13 +0700] "GET /BlacklistR4.txt HTTP/1.0" 301 538 "-" "Mozilla/3.0 (compatible; Indy Library)"
1.55.51.12 - - [05/Aug/2022:16:56:13 +0700] "GET /BlacklistR4.txt HTTP/1.0" 301 538 "-" "Mozilla/3.0 (compatible; Indy Library)"
1.55.51.12 - - [05/Aug/2022:16:56:14 +0700] "GET /BlacklistR4.txt HTTP/1.0" 301 538 "-" "Mozilla/3.0 (compatible; Indy Library)"
1.55.51.12 - - [05/Aug/2022:16:56:15 +0700] "GET /BlacklistR4.txt HTTP/1.0" 301 538 "-" "Mozilla/3.0 (compatible; Indy Library)"
117.2.142.91 - - [05/Aug/2022:16:57:33 +0700] "GET /BlacklistR4.txt HTTP/1.0" 301 538 "-" "Mozilla/3.0 (compatible; Indy Library)"
14.190.155.226 - - [05/Aug/2022:16:58:01 +0700] "GET /BlacklistR4.txt HTTP/1.0" 301 538 "-" "Mozilla/3.0 (compatible; Indy Library)"
113.163.12.206 - - [05/Aug/2022:16:58:22 +0700] "GET /BlacklistR4.txt HTTP/1.0" 301 538 "-" "Mozilla/3.0 (compatible; Indy Library)"
42.113.154.10 - - [05/Aug/2022:16:58:23 +0700] "GET /BlacklistR4.txt HTTP/1.0" 301 538 "-" "Mozilla/3.0 (compatible; Indy Library)"
118.69.55.218 - - [05/Aug/2022:16:58:42 +0700] "GET /BlacklistR4.txt HTTP/1.0" 301 538 "-" "Mozilla/3.0 (compatible; Indy Library)"
113.183.51.29 - - [05/Aug/2022:16:59:53 +0700] "GET /BlacklistR4.txt HTTP/1.0" 301 538 "-" "Mozilla/3.0 (compatible; Indy Library)"
113.183.51.29 - - [05/Aug/2022:16:59:56 +0700] "GET /BlacklistR4.txt HTTP/1.0" 301 538 "-" "Mozilla/3.0 (compatible; Indy Library)"
113.183.51.29 - - [05/Aug/2022:17:00:00 +0700] "GET /BlacklistR4.txt HTTP/1.0" 301 538 "-" "Mozilla/3.0 (compatible; Indy Library)"
113.183.51.29 - - [05/Aug/2022:17:00:01 +0700] "GET /BlacklistR4.txt HTTP/1.0" 301 538 "-" "Mozilla/3.0 (compatible; Indy Library)"
14.191.186.203 - - [05/Aug/2022:17:01:24 +0700] "GET /BlacklistR4.txt HTTP/1.0" 301 538 "-" "Mozilla/3.0 (compatible; Indy Library)"
113.163.187.209 - - [05/Aug/2022:17:03:30 +0700] "GET /BlacklistR4.txt HTTP/1.0" 301 538 "-" "Mozilla/3.0 (compatible; Indy Library)"
171.252.155.64 - - [05/Aug/2022:17:04:35 +0700] "GET / HTTP/1.0" 301 508 "-" "Mozilla/5.0 (iPhone; CPU iPhone OS 15_5 like Mac OS X) AppleWebKit/605.1.15 (KHTML, like Gecko) Version/15.5 Mobile/15E148 Safari/604.1"
14.188.4.249 - - [05/Aug/2022:17:04:55 +0700] "GET /download/PMXD/stCAD/stCADInfo.inf HTTP/1.0" 301 574 "-" "Mozilla/4.0 (compatible; MSIE 7.0; Windows NT 6.2; WOW64; Trident/7.0; .NET4.0C; .NET4.0E; .NET CLR 2.0.50727; .NET CLR 3.0.30729; .NET CLR 3.5.30729; InfoPath.3)"
14.188.4.249 - - [05/Aug/2022:17:04:55 +0700] "GET /download/PMXD/stCAD/stCADInfo.dat HTTP/1.0" 301 574 "-" "Mozilla/4.0 (compatible; MSIE 7.0; Windows NT 6.2; WOW64; Trident/7.0; .NET4.0C; .NET4.0E; .NET CLR 2.0.50727; .NET CLR 3.0.30729; .NET CLR 3.5.30729; InfoPath.3)"
14.188.4.249 - - [05/Aug/2022:17:04:58 +0700] "GET /QuangCao1.htm HTTP/1.0" 301 534 "-" "Mozilla/4.0 (compatible; MSIE 7.0; Windows NT 6.2; WOW64; Trident/7.0; .NET4.0C; .NET4.0E; .NET CLR 2.0.50727; .NET CLR 3.0.30729; .NET CLR 3.5.30729; InfoPath.3)"
14.178.139.116 - - [05/Aug/2022:17:05:18 +0700] "GET /BlacklistR4.txt HTTP/1.0" 301 538 "-" "Mozilla/3.0 (compatible; Indy Library)"
14.178.139.116 - - [05/Aug/2022:17:05:19 +0700] "GET /BlacklistR4.txt HTTP/1.0" 301 538 "-" "Mozilla/3.0 (compatible; Indy Library)"
14.169.71.236 - - [05/Aug/2022:17:05:23 +0700] "GET / HTTP/1.0" 301 508 "-" "Mozilla/4.0 (compatible; MSIE 7.0; Windows NT 6.1; Trident/5.0; SLCC2; .NET CLR 2.0.50727; .NET CLR 3.5.30729; .NET CLR 3.0.30729; Media Center PC 6.0; .NET4.0C; .NET4.0E; InfoPath.2)"
14.190.155.226 - - [05/Aug/2022:17:05:38 +0700] "GET /BlacklistR4.txt HTTP/1.0" 301 538 "-" "Mozilla/3.0 (compatible; Indy Library)"
27.77.56.226 - - [05/Aug/2022:17:08:52 +0700] "GET /BlacklistR4.txt HTTP/1.0" 301 538 "-" "Mozilla/3.0 (compatible; Indy Library)"
14.188.4.249 - - [05/Aug/2022:17:08:58 +0700] "GET /san-pham/kiw-phan-mem-tinh-toan-thiet-ke-khung-thep-tien-che HTTP/1.0" 301 628 "-" "Mozilla/5.0 (Windows NT 10.0; WOW64; Trident/7.0; rv:11.0) like Gecko"
113.183.51.29 - - [05/Aug/2022:17:09:17 +0700] "GET /BlacklistR4.txt HTTP/1.0" 301 538 "-" "Mozilla/3.0 (compatible; Indy Library)"
185.86.148.82 - - [05/Aug/2022:17:09:43 +0700] "GET / HTTP/1.0" 301 508 "-" "Mozilla/5.0 (Windows NT 6.1; rv:60.0) Gecko/20100101 Firefox/60.0"
14.190.155.226 - - [05/Aug/2022:17:11:06 +0700] "GET /BlacklistR4.txt HTTP/1.0" 301 538 "-" "Mozilla/3.0 (compatible; Indy Library)"
118.70.170.110 - - [05/Aug/2022:17:12:27 +0700] "GET /BlacklistR4.txt HTTP/1.0" 301 538 "-" "Mozilla/3.0 (compatible; Indy Library)"
113.183.51.29 - - [05/Aug/2022:17:13:37 +0700] "GET /BlacklistR4.txt HTTP/1.0" 301 538 "-" "Mozilla/3.0 (compatible; Indy Library)"
113.183.51.29 - - [05/Aug/2022:17:13:38 +0700] "GET /BlacklistR4.txt HTTP/1.0" 301 538 "-" "Mozilla/3.0 (compatible; Indy Library)"
113.160.249.174 - - [05/Aug/2022:17:14:32 +0700] "GET /BlacklistR4.txt HTTP/1.0" 301 538 "-" "Mozilla/3.0 (compatible; Indy Library)"
14.190.155.226 - - [05/Aug/2022:17:14:42 +0700] "GET /BlacklistR4.txt HTTP/1.0" 301 538 "-" "Mozilla/3.0 (compatible; Indy Library)"
113.183.51.29 - - [05/Aug/2022:17:14:49 +0700] "GET /BlacklistR4.txt HTTP/1.0" 301 538 "-" "Mozilla/3.0 (compatible; Indy Library)"
14.190.155.226 - - [05/Aug/2022:17:15:54 +0700] "GET /BlacklistR4.txt HTTP/1.0" 301 538 "-" "Mozilla/3.0 (compatible; Indy Library)"
14.190.155.226 - - [05/Aug/2022:17:16:00 +0700] "GET /BlacklistR4.txt HTTP/1.0" 301 538 "-" "Mozilla/3.0 (compatible; Indy Library)"
116.97.102.159 - - [05/Aug/2022:17:18:05 +0700] "GET /uploads/images/Vinasas/4_2_2_TrucToaDoDiaPhuong.png HTTP/1.0" 301 610 "-" "Mozilla/5.0 (iPhone; CPU iPhone OS 14_6 like Mac OS X) AppleWebKit/605.1.15 (KHTML, like Gecko) CriOS/103.0.5060.63 Mobile/15E148 Safari/604.1"
14.190.155.226 - - [05/Aug/2022:17:20:36 +0700] "GET /BlacklistR4.txt HTTP/1.0" 301 538 "-" "Mozilla/3.0 (compatible; Indy Library)"
14.190.155.226 - - [05/Aug/2022:17:20:42 +0700] "GET /BlacklistR4.txt HTTP/1.0" 301 538 "-" "Mozilla/3.0 (compatible; Indy Library)"
14.190.155.226 - - [05/Aug/2022:17:20:44 +0700] "GET /BlacklistR4.txt HTTP/1.0" 301 538 "-" "Mozilla/3.0 (compatible; Indy Library)"
14.190.155.226 - - [05/Aug/2022:17:20:48 +0700] "GET /BlacklistR4.txt HTTP/1.0" 301 538 "-" "Mozilla/3.0 (compatible; Indy Library)"
118.70.170.110 - - [05/Aug/2022:17:20:58 +0700] "GET /BlacklistR4.txt HTTP/1.0" 301 538 "-" "Mozilla/3.0 (compatible; Indy Library)"
118.70.170.110 - - [05/Aug/2022:17:20:58 +0700] "GET /BlacklistR4.txt HTTP/1.0" 301 538 "-" "Mozilla/3.0 (compatible; Indy Library)"
118.70.170.110 - - [05/Aug/2022:17:21:00 +0700] "GET /BlacklistR4.txt HTTP/1.0" 301 538 "-" "Mozilla/3.0 (compatible; Indy Library)"
118.70.170.110 - - [05/Aug/2022:17:21:00 +0700] "GET /BlacklistR4.txt HTTP/1.0" 301 538 "-" "Mozilla/3.0 (compatible; Indy Library)"
185.191.171.38 - - [05/Aug/2022:17:21:50 +0700] "GET /robots.txt HTTP/1.0" 301 528 "-" "Mozilla/5.0 (compatible; SemrushBot/7~bl; +http://www.semrush.com/bot.html)"
185.191.171.9 - - [05/Aug/2022:17:21:52 +0700] "GET /forums/newthread.php?fid=1618 HTTP/1.0" 301 548 "-" "Mozilla/5.0 (compatible; SemrushBot/7~bl; +http://www.semrush.com/bot.html)"
113.160.249.174 - - [05/Aug/2022:17:24:03 +0700] "GET /BlacklistR4.txt HTTP/1.0" 301 538 "-" "Mozilla/3.0 (compatible; Indy Library)"
118.71.227.240 - - [05/Aug/2022:17:24:25 +0700] "GET /BlacklistR4.txt HTTP/1.0" 301 538 "-" "Mozilla/3.0 (compatible; Indy Library)"
113.183.101.185 - - [05/Aug/2022:17:25:14 +0700] "GET /BlacklistR4.txt HTTP/1.0" 301 538 "-" "Mozilla/3.0 (compatible; Indy Library)"
113.161.82.190 - - [05/Aug/2022:17:28:27 +0700] "GET /BlacklistR4.txt HTTP/1.0" 301 538 "-" "Mozilla/3.0 (compatible; Indy Library)"
113.161.82.190 - - [05/Aug/2022:17:28:28 +0700] "GET /BlacklistR4.txt HTTP/1.0" 301 538 "-" "Mozilla/3.0 (compatible; Indy Library)"
113.161.82.190 - - [05/Aug/2022:17:29:10 +0700] "GET /BlacklistR4.txt HTTP/1.0" 301 538 "-" "Mozilla/3.0 (compatible; Indy Library)"
185.191.171.10 - - [05/Aug/2022:17:29:15 +0700] "GET /forums/showthread.php?tid=45873 HTTP/1.0" 301 552 "-" "Mozilla/5.0 (compatible; SemrushBot/7~bl; +http://www.semrush.com/bot.html)"
83.97.20.151 - - [05/Aug/2022:17:29:27 +0700] "GET /forums/index.php HTTP/1.0" 301 522 "http://cic.com.vn/forums/index.php" "Mozilla/5.0 (Windows NT 6.3) AppleWebKit/537.36 (KHTML, like Gecko) Chrome/90.0.4430.72 Safari/537.36"
27.77.56.226 - - [05/Aug/2022:17:34:38 +0700] "GET /BlacklistR4.txt HTTP/1.0" 301 538 "-" "Mozilla/3.0 (compatible; Indy Library)"
115.73.219.184 - - [05/Aug/2022:17:37:59 +0700] "GET /BlacklistR4.txt HTTP/1.0" 301 538 "-" "Mozilla/3.0 (compatible; Indy Library)"
42.117.65.37 - - [05/Aug/2022:17:38:06 +0700] "GET /BlacklistR4.txt HTTP/1.0" 301 538 "-" "Mozilla/3.0 (compatible; Indy Library)"
185.220.101.11 - - [05/Aug/2022:17:38:30 +0700] "GET /forums/index.php HTTP/1.0" 301 522 "http://cic.com.vn/forums/index.php" "Mozilla/5.0 (Windows NT 10.0; WOW64) AppleWebKit/537.36 (KHTML, like Gecko) Chrome/90.0.4400.8 Safari/537.36"
14.178.139.116 - - [05/Aug/2022:17:38:45 +0700] "GET /BlacklistR4.txt HTTP/1.0" 301 538 "-" "Mozilla/3.0 (compatible; Indy Library)"
113.183.101.185 - - [05/Aug/2022:17:39:35 +0700] "GET /BlacklistR4.txt HTTP/1.0" 301 538 "-" "Mozilla/3.0 (compatible; Indy Library)"
216.244.66.243 - - [05/Aug/2022:17:42:25 +0700] "GET /robots.txt HTTP/1.0" 301 528 "-" "Mozilla/5.0 (compatible; DotBot/1.2; +https://opensiteexplorer.org/dotbot; help@moz.com)"
14.190.152.75 - - [05/Aug/2022:17:43:32 +0700] "GET /BlacklistR4.txt HTTP/1.0" 301 538 "-" "Mozilla/3.0 (compatible; Indy Library)"
185.191.171.8 - - [05/Aug/2022:17:44:12 +0700] "GET /forums/showthread.php?tid=42415 HTTP/1.0" 301 552 "-" "Mozilla/5.0 (compatible; SemrushBot/7~bl; +http://www.semrush.com/bot.html)"
14.190.155.226 - - [05/Aug/2022:17:44:49 +0700] "GET /BlacklistR4.txt HTTP/1.0" 301 538 "-" "Mozilla/3.0 (compatible; Indy Library)"
185.191.171.13 - - [05/Aug/2022:17:45:04 +0700] "GET /download/PMXD/stCAD/stCAD42Setup.exe HTTP/1.0" 301 580 "-" "Mozilla/5.0 (compatible; SemrushBot/7~bl; +http://www.semrush.com/bot.html)"
191.96.181.65 - - [05/Aug/2022:17:46:16 +0700] "GET /forums/showthread.php?tid=2157 HTTP/1.0" 301 550 "http://cic.com.vn/" "Mozilla/5.0 (Macintosh; Intel Mac OS X 12_5) AppleWebKit/537.36 (KHTML, like Gecko) Chrome/103.0.0.0 Safari/537.36"
54.191.137.17 - - [05/Aug/2022:17:55:52 +0700] "HEAD / HTTP/1.0" 301 256 "-" "Mozilla/5.0 (Macintosh; Intel Mac OS X 10_14_3) AppleWebKit/537.36 (KHTML, like Gecko) Chrome/72.0.3626.121 Safari/537.36"
20.191.45.212 - - [05/Aug/2022:17:58:40 +0700] "GET / HTTP/1.0" 301 508 "http://www.cic.com.vn/" "Mozilla/5.0 (compatible; DuckDuckGo-Favicons-Bot/1.0; +http://duckduckgo.com)"
1.55.51.12 - - [05/Aug/2022:17:59:02 +0700] "GET /BlacklistR4.txt HTTP/1.0" 301 538 "-" "Mozilla/3.0 (compatible; Indy Library)"
1.55.51.12 - - [05/Aug/2022:17:59:02 +0700] "GET /BlacklistR4.txt HTTP/1.0" 301 538 "-" "Mozilla/3.0 (compatible; Indy Library)"
43.135.165.81 - - [05/Aug/2022:18:02:34 +0700] "HEAD / HTTP/1.0" 301 256 "-" "python-requests/2.26.0"
190.2.153.51 - - [05/Aug/2022:18:03:56 +0700] "GET / HTTP/1.0" 301 508 "-" "Mozilla/5.0 (Windows NT 10.0; Win64; x64) AppleWebKit/537.36 (KHTML, like Gecko) Chrome/100.0.4896.75 Safari/537.36"
173.252.107.120 - - [05/Aug/2022:18:06:23 +0700] "HEAD / HTTP/1.0" 301 256 "-" "facebookexternalhit/1.1 (+http://www.facebook.com/externalhit_uatext.php)"
113.174.202.186 - - [05/Aug/2022:18:07:27 +0700] "GET /BlacklistR4.txt HTTP/1.0" 301 538 "-" "Mozilla/3.0 (compatible; Indy Library)"
113.174.202.186 - - [05/Aug/2022:18:07:34 +0700] "GET /BlacklistR4.txt HTTP/1.0" 301 538 "-" "Mozilla/3.0 (compatible; Indy Library)"
109.237.140.49 - - [05/Aug/2022:18:08:00 +0700] "HEAD /uploads/images/Sumac/MatCatDiaHinh.png HTTP/1.0" 301 294 "http://www.cic.com.vn/uploads/images/Sumac/MatCatDiaHinh.png" "WordPress/4.8.19; http://wp2-wimeta.de"
113.174.202.186 - - [05/Aug/2022:18:08:08 +0700] "GET /BlacklistR4.txt HTTP/1.0" 301 538 "-" "Mozilla/3.0 (compatible; Indy Library)"
1.192.192.8 - - [05/Aug/2022:18:08:54 +0700] "GET / HTTP/1.0" 301 508 "http://cic.com.vn/" "Mozilla/5.0(compatible;MSIE9.0;WindowsNT6.1;Trident/5.0)"
125.212.173.113 - - [05/Aug/2022:18:19:28 +0700] "GET /BlacklistR4.txt HTTP/1.0" 301 538 "-" "Mozilla/3.0 (compatible; Indy Library)"
66.220.149.2 - - [05/Aug/2022:18:26:34 +0700] "HEAD / HTTP/1.0" 301 256 "-" "facebookexternalhit/1.1 (+http://www.facebook.com/externalhit_uatext.php)"
38.142.11.235 - - [05/Aug/2022:18:28:42 +0700] "GET /sites/default/files/styles/277x198/public/article/23-2017/du-lich-thai-lan-01.jpg?itok=TjIIWLCu HTTP/1.0" 200 16975 "-" "Mozilla/5.0 (X11; Ubuntu; Linux x86_64; rv:72.0) Gecko/20100101 Firefox/72.0"
216.244.66.243 - - [05/Aug/2022:18:29:09 +0700] "GET /robots.txt HTTP/1.0" 301 528 "-" "Mozilla/5.0 (compatible; DotBot/1.2; +https://opensiteexplorer.org/dotbot; help@moz.com)"
216.244.66.243 - - [05/Aug/2022:18:29:10 +0700] "GET /robots.txt HTTP/1.0" 301 528 "-" "Mozilla/5.0 (compatible; DotBot/1.2; +https://opensiteexplorer.org/dotbot; help@moz.com)"
207.46.13.165 - - [05/Aug/2022:18:31:53 +0700] "GET /forums/showthread.php?tid=630 HTTP/1.0" 301 548 "-" "Mozilla/5.0 (compatible; bingbot/2.0; +http://www.bing.com/bingbot.htm)"
118.71.227.240 - - [05/Aug/2022:18:32:03 +0700] "GET /BlacklistR4.txt HTTP/1.0" 301 538 "-" "Mozilla/3.0 (compatible; Indy Library)"
125.234.66.171 - - [05/Aug/2022:18:32:28 +0700] "GET /download/PMXD/stCAD/stCADInfo.dat HTTP/1.0" 301 574 "-" "Mozilla/4.0 (compatible; MSIE 7.0; Windows NT 6.2; WOW64; Trident/7.0; .NET4.0C; .NET4.0E; .NET CLR 2.0.50727; .NET CLR 3.0.30729; .NET CLR 3.5.30729; InfoPath.3)"
125.234.66.171 - - [05/Aug/2022:18:32:28 +0700] "GET /download/PMXD/stCAD/stCADInfo.inf HTTP/1.0" 301 574 "-" "Mozilla/4.0 (compatible; MSIE 7.0; Windows NT 6.2; WOW64; Trident/7.0; .NET4.0C; .NET4.0E; .NET CLR 2.0.50727; .NET CLR 3.0.30729; .NET CLR 3.5.30729; InfoPath.3)"
125.234.66.171 - - [05/Aug/2022:18:32:30 +0700] "GET /QuangCao1.htm HTTP/1.0" 301 534 "-" "Mozilla/4.0 (compatible; MSIE 7.0; Windows NT 6.2; WOW64; Trident/7.0; .NET4.0C; .NET4.0E; .NET CLR 2.0.50727; .NET CLR 3.0.30729; .NET CLR 3.5.30729; InfoPath.3)"
1.55.51.12 - - [05/Aug/2022:18:40:30 +0700] "GET /BlacklistR4.txt HTTP/1.0" 301 538 "-" "Mozilla/3.0 (compatible; Indy Library)"
1.55.51.12 - - [05/Aug/2022:18:40:35 +0700] "GET /BlacklistR4.txt HTTP/1.0" 301 538 "-" "Mozilla/3.0 (compatible; Indy Library)"
1.55.51.12 - - [05/Aug/2022:18:40:36 +0700] "GET /BlacklistR4.txt HTTP/1.0" 301 538 "-" "Mozilla/3.0 (compatible; Indy Library)"
1.55.51.12 - - [05/Aug/2022:18:40:36 +0700] "GET /BlacklistR4.txt HTTP/1.0" 301 538 "-" "Mozilla/3.0 (compatible; Indy Library)"
1.55.51.12 - - [05/Aug/2022:18:40:36 +0700] "GET /BlacklistR4.txt HTTP/1.0" 301 538 "-" "Mozilla/3.0 (compatible; Indy Library)"
1.55.51.12 - - [05/Aug/2022:18:40:36 +0700] "GET /BlacklistR4.txt HTTP/1.0" 301 538 "-" "Mozilla/3.0 (compatible; Indy Library)"
1.55.51.12 - - [05/Aug/2022:18:40:36 +0700] "GET /BlacklistR4.txt HTTP/1.0" 301 538 "-" "Mozilla/3.0 (compatible; Indy Library)"
181.177.111.88 - - [05/Aug/2022:18:41:30 +0700] "GET /forums/member.php?action=profile&uid=24238 HTTP/1.0" 301 578 "http://www.cic.com.vn/" "Mozilla/5.0 (Windows NT 10.0; Win64; x64; Xbox; Xbox One) AppleWebKit/537.36 (KHTML, like Gecko) Chrome/103.0.0.0 Safari/537.36 Edge/44.18363.8131"
1.55.51.12 - - [05/Aug/2022:18:48:50 +0700] "GET /BlacklistR4.txt HTTP/1.0" 301 538 "-" "Mozilla/3.0 (compatible; Indy Library)"
1.55.51.12 - - [05/Aug/2022:18:48:51 +0700] "GET /BlacklistR4.txt HTTP/1.0" 301 538 "-" "Mozilla/3.0 (compatible; Indy Library)"
17.121.115.201 - - [05/Aug/2022:18:50:55 +0700] "GET / HTTP/1.0" 301 508 "-" "Mozilla/5.0 (Macintosh; Intel Mac OS X 10_15_5) AppleWebKit/605.1.15 (KHTML, like Gecko) Version/13.1.1 Safari/605.1.15 (Applebot/0.1; +http://www.apple.com/go/applebot)"
149.5.224.145 - - [05/Aug/2022:18:54:17 +0700] "GET /forums/images/close.gif HTTP/1.0" 301 536 "http://www.cic.com.vn/" "Mozilla/5.0 (Windows NT 10.0; Win64; x64) AppleWebKit/537.36 (KHTML, like Gecko) Chrome/76.0.3809.132 Safari/537.36"
1.55.51.12 - - [05/Aug/2022:18:56:00 +0700] "GET /BlacklistR4.txt HTTP/1.0" 301 538 "-" "Mozilla/3.0 (compatible; Indy Library)"
1.55.51.12 - - [05/Aug/2022:18:56:00 +0700] "GET /BlacklistR4.txt HTTP/1.0" 301 538 "-" "Mozilla/3.0 (compatible; Indy Library)"
1.55.51.12 - - [05/Aug/2022:18:56:12 +0700] "GET /BlacklistR4.txt HTTP/1.0" 301 538 "-" "Mozilla/3.0 (compatible; Indy Library)"
1.55.51.12 - - [05/Aug/2022:18:56:22 +0700] "GET /BlacklistR4.txt HTTP/1.0" 301 538 "-" "Mozilla/3.0 (compatible; Indy Library)"
1.55.51.12 - - [05/Aug/2022:18:56:30 +0700] "GET /BlacklistR4.txt HTTP/1.0" 301 538 "-" "Mozilla/3.0 (compatible; Indy Library)"
1.55.51.12 - - [05/Aug/2022:18:56:43 +0700] "GET /BlacklistR4.txt HTTP/1.0" 301 538 "-" "Mozilla/3.0 (compatible; Indy Library)"
1.55.51.12 - - [05/Aug/2022:18:57:01 +0700] "GET /BlacklistR4.txt HTTP/1.0" 301 538 "-" "Mozilla/3.0 (compatible; Indy Library)"
1.55.51.12 - - [05/Aug/2022:18:57:03 +0700] "GET /BlacklistR4.txt HTTP/1.0" 301 538 "-" "Mozilla/3.0 (compatible; Indy Library)"
185.191.171.20 - - [05/Aug/2022:18:58:12 +0700] "GET /robots.txt HTTP/1.0" 301 528 "-" "Mozilla/5.0 (compatible; SemrushBot/7~bl; +http://www.semrush.com/bot.html)"
185.191.171.8 - - [05/Aug/2022:18:58:14 +0700] "GET /forums/showthread.php?tid=42792 HTTP/1.0" 301 552 "-" "Mozilla/5.0 (compatible; SemrushBot/7~bl; +http://www.semrush.com/bot.html)"
103.138.88.43 - - [05/Aug/2022:19:00:45 +0700] "GET /.well-known/pki-validation/CA585DA67591B4D0E690513BBC92D919.txt HTTP/1.0" 301 634 "-" "COMODO DCV"
103.138.88.43 - - [05/Aug/2022:19:00:45 +0700] "GET /.well-known/pki-validation/76C663C89C907B37767015377273A164.txt HTTP/1.0" 301 634 "-" "COMODO DCV"
