171.246.168.150 - - [02/Aug/2022:18:22:01 +0700] "GET /BlacklistR4.txt HTTP/1.0" 301 538 "-" "Mozilla/3.0 (compatible; Indy Library)"
171.246.168.150 - - [02/Aug/2022:18:22:04 +0700] "GET /BlacklistR4.txt HTTP/1.0" 301 538 "-" "Mozilla/3.0 (compatible; Indy Library)"
171.246.168.150 - - [02/Aug/2022:18:22:04 +0700] "GET /BlacklistR4.txt HTTP/1.0" 301 538 "-" "Mozilla/3.0 (compatible; Indy Library)"
171.246.168.150 - - [02/Aug/2022:18:22:06 +0700] "GET /BlacklistR4.txt HTTP/1.0" 301 538 "-" "Mozilla/3.0 (compatible; Indy Library)"
27.2.237.168 - - [02/Aug/2022:18:22:51 +0700] "GET /BlacklistR4.txt HTTP/1.0" 301 538 "-" "Mozilla/3.0 (compatible; Indy Library)"
1.52.120.203 - - [02/Aug/2022:18:24:17 +0700] "GET /BlacklistR4.txt HTTP/1.0" 301 538 "-" "Mozilla/3.0 (compatible; Indy Library)"
171.251.233.150 - - [02/Aug/2022:18:24:49 +0700] "GET /QuangCao1.htm HTTP/1.0" 301 534 "-" "Mozilla/4.0 (compatible; MSIE 7.0; Windows NT 6.2; WOW64; Trident/7.0; .NET4.0C; .NET4.0E; .NET CLR 2.0.50727; .NET CLR 3.0.30729; .NET CLR 3.5.30729; InfoPath.3)"
222.254.200.245 - - [02/Aug/2022:18:25:53 +0700] "GET /BlacklistR4.txt HTTP/1.0" 301 538 "-" "Mozilla/3.0 (compatible; Indy Library)"
1.52.120.203 - - [02/Aug/2022:18:26:00 +0700] "GET /BlacklistR4.txt HTTP/1.0" 301 538 "-" "Mozilla/3.0 (compatible; Indy Library)"
123.19.128.5 - - [02/Aug/2022:18:27:51 +0700] "GET /QuangCao1.htm HTTP/1.0" 301 534 "-" "Mozilla/4.0 (compatible; MSIE 7.0; Windows NT 6.1; WOW64; Trident/7.0; SLCC2; .NET CLR 2.0.50727; .NET CLR 3.5.30729; .NET CLR 3.0.30729; Media Center PC 6.0; InfoPath.3; .NET4.0C; .NET4.0E; .NET CLR 1.1.4322; Zoom 3.6.0)"
207.46.13.161 - - [02/Aug/2022:18:29:17 +0700] "GET /uploads/images/MCW/13.%20cua%20so%20nhap%20so%20lieu%20bua%20dong.jpg HTTP/1.0" 301 646 "-" "Mozilla/5.0 (compatible; bingbot/2.0; +http://www.bing.com/bingbot.htm)"
54.36.149.82 - - [02/Aug/2022:18:30:01 +0700] "GET /article/cic-tuyen-dung HTTP/1.0" 301 552 "-" "Mozilla/5.0 (compatible; AhrefsBot/7.0; +http://ahrefs.com/robot/)"
125.212.172.157 - - [02/Aug/2022:18:36:37 +0700] "GET /BlacklistR4.txt HTTP/1.0" 301 538 "-" "Mozilla/3.0 (compatible; Indy Library)"
1.52.120.203 - - [02/Aug/2022:18:39:53 +0700] "GET /BlacklistR4.txt HTTP/1.0" 301 538 "-" "Mozilla/3.0 (compatible; Indy Library)"
1.52.120.203 - - [02/Aug/2022:18:39:54 +0700] "GET /BlacklistR4.txt HTTP/1.0" 301 538 "-" "Mozilla/3.0 (compatible; Indy Library)"
125.212.172.157 - - [02/Aug/2022:18:41:11 +0700] "GET /BlacklistR4.txt HTTP/1.0" 301 538 "-" "Mozilla/3.0 (compatible; Indy Library)"
1.52.120.203 - - [02/Aug/2022:18:41:38 +0700] "GET /BlacklistR4.txt HTTP/1.0" 301 538 "-" "Mozilla/3.0 (compatible; Indy Library)"
222.254.200.245 - - [02/Aug/2022:18:42:58 +0700] "GET /BlacklistR4.txt HTTP/1.0" 301 538 "-" "Mozilla/3.0 (compatible; Indy Library)"
27.2.237.168 - - [02/Aug/2022:18:45:17 +0700] "GET /BlacklistR4.txt HTTP/1.0" 301 538 "-" "Mozilla/3.0 (compatible; Indy Library)"
36.37.179.201 - - [02/Aug/2022:18:47:48 +0700] "GET /QuangCao1.htm HTTP/1.0" 301 534 "-" "Mozilla/4.0 (compatible; MSIE 7.0; Windows NT 6.2; WOW64; Trident/7.0; .NET4.0C; .NET4.0E; .NET CLR 2.0.50727; .NET CLR 3.0.30729; .NET CLR 3.5.30729; InfoPath.3; Zoom 3.6.0)"
23.100.232.233 - - [02/Aug/2022:18:49:19 +0700] "GET /en/san-pham/sap2000-integrated-structural-analysis-and-design HTTP/1.0" 301 630 "http://www.cic.com.vn/en/san-pham/sap2000-integrated-structural-analysis-and-design" "Mozilla/5.0 (compatible; MSIE 9.0; Windows NT 6.1; Trident/5.0;  Trident/5.0)"
180.93.100.166 - - [02/Aug/2022:18:59:11 +0700] "GET /BlacklistR4.txt HTTP/1.0" 301 538 "-" "Mozilla/3.0 (compatible; Indy Library)"
14.230.115.101 - - [02/Aug/2022:19:05:15 +0700] "GET /BlacklistR4.txt HTTP/1.0" 301 538 "-" "Mozilla/3.0 (compatible; Indy Library)"
185.191.171.41 - - [02/Aug/2022:19:09:11 +0700] "GET /robots.txt HTTP/1.0" 301 528 "-" "Mozilla/5.0 (compatible; SemrushBot/7~bl; +http://www.semrush.com/bot.html)"
222.254.200.245 - - [02/Aug/2022:19:10:04 +0700] "GET /BlacklistR4.txt HTTP/1.0" 301 538 "-" "Mozilla/3.0 (compatible; Indy Library)"
40.88.21.235 - - [02/Aug/2022:19:18:23 +0700] "GET / HTTP/1.0" 301 508 "http://www.cic.com.vn/" "Mozilla/5.0 (compatible; DuckDuckGo-Favicons-Bot/1.0; +http://duckduckgo.com)"
114.119.140.219 - - [02/Aug/2022:19:19:53 +0700] "GET /robots.txt HTTP/1.0" 301 528 "-" "Mozilla/5.0 (compatible;PetalBot;+https://webmaster.petalsearch.com/site/petalbot)"
157.55.39.219 - - [02/Aug/2022:19:20:01 +0700] "GET /uploads/images/TKT/13.%20thep%20goc%20deu%20canh.png HTTP/1.0" 301 612 "-" "Mozilla/5.0 (compatible; bingbot/2.0; +http://www.bing.com/bingbot.htm)"
66.249.71.198 - - [02/Aug/2022:19:20:23 +0700] "GET /sitemap.xml HTTP/1.0" 301 530 "-" "Mozilla/5.0 (compatible; Googlebot/2.1; +http://www.google.com/bot.html)"
1.52.122.63 - - [02/Aug/2022:19:26:59 +0700] "GET /BlacklistR4.txt HTTP/1.0" 301 538 "-" "Mozilla/3.0 (compatible; Indy Library)"
117.7.204.195 - - [02/Aug/2022:19:27:42 +0700] "GET /BlacklistR4.txt HTTP/1.0" 301 538 "-" "Mozilla/3.0 (compatible; Indy Library)"
208.100.26.243 - - [02/Aug/2022:19:28:30 +0700] "GET / HTTP/1.0" 301 508 "-" "Mozilla/5.0 (compatible, MSIE 11, Windows NT 6.3; Trident/7.0; rv:11.0) like Gecko"
125.212.173.113 - - [02/Aug/2022:19:30:19 +0700] "GET /BlacklistR4.txt HTTP/1.0" 301 538 "-" "Mozilla/3.0 (compatible; Indy Library)"
1.52.122.63 - - [02/Aug/2022:19:31:58 +0700] "GET /BlacklistR4.txt HTTP/1.0" 301 538 "-" "Mozilla/3.0 (compatible; Indy Library)"
216.244.66.243 - - [02/Aug/2022:19:32:00 +0700] "GET /robots.txt HTTP/1.0" 301 528 "-" "Mozilla/5.0 (compatible; DotBot/1.2; +https://opensiteexplorer.org/dotbot; help@moz.com)"
125.212.173.113 - - [02/Aug/2022:19:35:03 +0700] "GET /BlacklistR4.txt HTTP/1.0" 301 538 "-" "Mozilla/3.0 (compatible; Indy Library)"
125.212.173.113 - - [02/Aug/2022:19:36:19 +0700] "GET /BlacklistR4.txt HTTP/1.0" 301 538 "-" "Mozilla/3.0 (compatible; Indy Library)"
42.112.91.200 - - [02/Aug/2022:19:38:27 +0700] "GET /BlacklistR4.txt HTTP/1.0" 301 538 "-" "Mozilla/3.0 (compatible; Indy Library)"
42.112.91.200 - - [02/Aug/2022:19:38:28 +0700] "GET /BlacklistR4.txt HTTP/1.0" 301 538 "-" "Mozilla/3.0 (compatible; Indy Library)"
42.112.91.200 - - [02/Aug/2022:19:40:44 +0700] "GET /BlacklistR4.txt HTTP/1.0" 301 538 "-" "Mozilla/3.0 (compatible; Indy Library)"
42.112.91.200 - - [02/Aug/2022:19:40:44 +0700] "GET /BlacklistR4.txt HTTP/1.0" 301 538 "-" "Mozilla/3.0 (compatible; Indy Library)"
54.36.148.100 - - [02/Aug/2022:19:41:24 +0700] "GET /pkpm-vnbc/default.html HTTP/1.0" 301 552 "-" "Mozilla/5.0 (compatible; AhrefsBot/7.0; +http://ahrefs.com/robot/)"
125.212.172.157 - - [02/Aug/2022:19:41:29 +0700] "GET /BlacklistR4.txt HTTP/1.0" 301 538 "-" "Mozilla/3.0 (compatible; Indy Library)"
116.100.213.107 - - [02/Aug/2022:19:42:30 +0700] "GET /BlacklistR4.txt HTTP/1.0" 301 538 "-" "Mozilla/3.0 (compatible; Indy Library)"
149.5.224.145 - - [02/Aug/2022:19:43:44 +0700] "GET /forums/images/close.gif HTTP/1.0" 301 536 "http://www.cic.com.vn/" "Mozilla/5.0 (Windows NT 10.0; Win64; x64) AppleWebKit/537.36 (KHTML, like Gecko) Chrome/76.0.3809.132 Safari/537.36"
171.228.219.210 - - [02/Aug/2022:19:50:34 +0700] "GET /BlacklistR4.txt HTTP/1.0" 301 538 "-" "Mozilla/3.0 (compatible; Indy Library)"
40.77.167.68 - - [02/Aug/2022:19:51:39 +0700] "GET /uploads/images/MBW/guide/5.21%20chinh%20sua%20CK.png HTTP/1.0" 301 612 "-" "Mozilla/5.0 (compatible; bingbot/2.0; +http://www.bing.com/bingbot.htm)"
171.250.12.6 - - [02/Aug/2022:19:51:45 +0700] "GET /BlacklistR4.txt HTTP/1.0" 301 538 "-" "Mozilla/3.0 (compatible; Indy Library)"
171.250.12.6 - - [02/Aug/2022:19:51:46 +0700] "GET /BlacklistR4.txt HTTP/1.0" 301 538 "-" "Mozilla/3.0 (compatible; Indy Library)"
171.250.12.6 - - [02/Aug/2022:19:51:47 +0700] "GET /BlacklistR4.txt HTTP/1.0" 301 538 "-" "Mozilla/3.0 (compatible; Indy Library)"
171.250.12.6 - - [02/Aug/2022:19:51:49 +0700] "GET /BlacklistR4.txt HTTP/1.0" 301 538 "-" "Mozilla/3.0 (compatible; Indy Library)"
171.250.12.6 - - [02/Aug/2022:19:51:50 +0700] "GET /BlacklistR4.txt HTTP/1.0" 301 538 "-" "Mozilla/3.0 (compatible; Indy Library)"
171.250.12.6 - - [02/Aug/2022:19:51:51 +0700] "GET /BlacklistR4.txt HTTP/1.0" 301 538 "-" "Mozilla/3.0 (compatible; Indy Library)"
171.250.12.6 - - [02/Aug/2022:19:51:53 +0700] "GET /BlacklistR4.txt HTTP/1.0" 301 538 "-" "Mozilla/3.0 (compatible; Indy Library)"
171.250.12.6 - - [02/Aug/2022:19:51:54 +0700] "GET /BlacklistR4.txt HTTP/1.0" 301 538 "-" "Mozilla/3.0 (compatible; Indy Library)"
171.250.12.6 - - [02/Aug/2022:19:51:55 +0700] "GET /BlacklistR4.txt HTTP/1.0" 301 538 "-" "Mozilla/3.0 (compatible; Indy Library)"
171.250.12.6 - - [02/Aug/2022:19:51:57 +0700] "GET /BlacklistR4.txt HTTP/1.0" 301 538 "-" "Mozilla/3.0 (compatible; Indy Library)"
171.250.12.6 - - [02/Aug/2022:19:51:58 +0700] "GET /BlacklistR4.txt HTTP/1.0" 301 538 "-" "Mozilla/3.0 (compatible; Indy Library)"
171.250.12.6 - - [02/Aug/2022:19:52:00 +0700] "GET /BlacklistR4.txt HTTP/1.0" 301 538 "-" "Mozilla/3.0 (compatible; Indy Library)"
54.36.149.50 - - [02/Aug/2022:19:57:36 +0700] "GET /article/hoi-thao-nang-cao-nang-luc-va-chia-se-kinh-nghiem-chong-thoat-thu-nuoc-sach-khu-vuc-mien?page=15 HTTP/1.0" 301 716 "-" "Mozilla/5.0 (compatible; AhrefsBot/7.0; +http://ahrefs.com/robot/)"
66.249.71.160 - - [02/Aug/2022:19:57:54 +0700] "GET /robots.txt HTTP/1.0" 301 528 "-" "Mozilla/5.0 (compatible; Googlebot/2.1; +http://www.google.com/bot.html)"
72.14.199.193 - - [02/Aug/2022:19:57:55 +0700] "GET / HTTP/1.0" 301 508 "-" "AdsBot-Google (+http://www.google.com/adsbot.html)"
125.235.225.163 - - [02/Aug/2022:19:59:28 +0700] "GET /BlacklistR4.txt HTTP/1.0" 301 538 "-" "Mozilla/3.0 (compatible; Indy Library)"
1.52.131.174 - - [02/Aug/2022:20:00:00 +0700] "GET /BlacklistR4.txt HTTP/1.0" 301 538 "-" "Mozilla/3.0 (compatible; Indy Library)"
1.52.131.174 - - [02/Aug/2022:20:00:00 +0700] "GET /BlacklistR4.txt HTTP/1.0" 301 538 "-" "Mozilla/3.0 (compatible; Indy Library)"
202.112.51.36 - - [02/Aug/2022:20:03:17 +0700] "GET / HTTP/1.0" 301 508 "-" "Mozilla/5.0 (X11; Ubuntu; Linux x86_64; rv:103.0) Gecko/20100101 Firefox/103.0"
171.228.219.210 - - [02/Aug/2022:20:04:23 +0700] "GET /BlacklistR4.txt HTTP/1.0" 301 538 "-" "Mozilla/3.0 (compatible; Indy Library)"
171.228.219.210 - - [02/Aug/2022:20:05:19 +0700] "GET /BlacklistR4.txt HTTP/1.0" 301 538 "-" "Mozilla/3.0 (compatible; Indy Library)"
116.100.213.107 - - [02/Aug/2022:20:05:41 +0700] "GET /BlacklistR4.txt HTTP/1.0" 301 538 "-" "Mozilla/3.0 (compatible; Indy Library)"
171.228.219.210 - - [02/Aug/2022:20:05:46 +0700] "GET /BlacklistR4.txt HTTP/1.0" 301 538 "-" "Mozilla/3.0 (compatible; Indy Library)"
171.228.219.210 - - [02/Aug/2022:20:07:15 +0700] "GET /BlacklistR4.txt HTTP/1.0" 301 538 "-" "Mozilla/3.0 (compatible; Indy Library)"
40.77.167.68 - - [02/Aug/2022:20:07:21 +0700] "GET /forums/jscripts/login.js HTTP/1.0" 301 538 "-" "Mozilla/5.0 (compatible; bingbot/2.0; +http://www.bing.com/bingbot.htm)"
14.190.155.226 - - [02/Aug/2022:20:07:47 +0700] "GET /BlacklistR4.txt HTTP/1.0" 301 538 "-" "Mozilla/3.0 (compatible; Indy Library)"
1.53.37.18 - - [02/Aug/2022:20:09:31 +0700] "GET /BlacklistR4.txt HTTP/1.0" 301 538 "-" "Mozilla/3.0 (compatible; Indy Library)"
113.23.54.118 - - [02/Aug/2022:20:11:47 +0700] "GET /BlacklistR4.txt HTTP/1.0" 301 538 "-" "Mozilla/3.0 (compatible; Indy Library)"
116.100.213.107 - - [02/Aug/2022:20:12:39 +0700] "GET /BlacklistR4.txt HTTP/1.0" 301 538 "-" "Mozilla/3.0 (compatible; Indy Library)"
54.36.148.147 - - [02/Aug/2022:20:14:06 +0700] "GET /article/tham-gia-khao-sat-nhan-qua-lien-tay?page=7 HTTP/1.0" 301 608 "-" "Mozilla/5.0 (compatible; AhrefsBot/7.0; +http://ahrefs.com/robot/)"
171.246.168.150 - - [02/Aug/2022:20:14:07 +0700] "GET /BlacklistR4.txt HTTP/1.0" 301 538 "-" "Mozilla/3.0 (compatible; Indy Library)"
171.246.168.150 - - [02/Aug/2022:20:14:09 +0700] "GET /BlacklistR4.txt HTTP/1.0" 301 538 "-" "Mozilla/3.0 (compatible; Indy Library)"
171.246.168.150 - - [02/Aug/2022:20:14:10 +0700] "GET /BlacklistR4.txt HTTP/1.0" 301 538 "-" "Mozilla/3.0 (compatible; Indy Library)"
171.246.168.150 - - [02/Aug/2022:20:14:12 +0700] "GET /BlacklistR4.txt HTTP/1.0" 301 538 "-" "Mozilla/3.0 (compatible; Indy Library)"
116.105.139.171 - - [02/Aug/2022:20:15:00 +0700] "GET /QuangCao1.htm HTTP/1.0" 301 534 "-" "Mozilla/4.0 (compatible; MSIE 7.0; Windows NT 6.2; WOW64; Trident/7.0; .NET4.0C; .NET4.0E; .NET CLR 2.0.50727; .NET CLR 3.0.30729; .NET CLR 3.5.30729; InfoPath.3; Zoom 3.6.0)"
1.53.37.18 - - [02/Aug/2022:20:15:39 +0700] "GET /BlacklistR4.txt HTTP/1.0" 301 538 "-" "Mozilla/3.0 (compatible; Indy Library)"
1.53.37.18 - - [02/Aug/2022:20:15:42 +0700] "GET /BlacklistR4.txt HTTP/1.0" 301 538 "-" "Mozilla/3.0 (compatible; Indy Library)"
14.190.155.226 - - [02/Aug/2022:20:16:25 +0700] "GET /BlacklistR4.txt HTTP/1.0" 301 538 "-" "Mozilla/3.0 (compatible; Indy Library)"
14.190.155.226 - - [02/Aug/2022:20:16:26 +0700] "GET /BlacklistR4.txt HTTP/1.0" 301 538 "-" "Mozilla/3.0 (compatible; Indy Library)"
1.52.122.63 - - [02/Aug/2022:20:25:56 +0700] "GET /BlacklistR4.txt HTTP/1.0" 301 538 "-" "Mozilla/3.0 (compatible; Indy Library)"
72.14.199.193 - - [02/Aug/2022:20:26:09 +0700] "GET / HTTP/1.0" 301 508 "-" "AdsBot-Google (+http://www.google.com/adsbot.html)"
171.246.168.150 - - [02/Aug/2022:20:26:21 +0700] "GET /BlacklistR4.txt HTTP/1.0" 301 538 "-" "Mozilla/3.0 (compatible; Indy Library)"
171.246.168.150 - - [02/Aug/2022:20:26:23 +0700] "GET /BlacklistR4.txt HTTP/1.0" 301 538 "-" "Mozilla/3.0 (compatible; Indy Library)"
171.246.168.150 - - [02/Aug/2022:20:26:27 +0700] "GET /BlacklistR4.txt HTTP/1.0" 301 538 "-" "Mozilla/3.0 (compatible; Indy Library)"
54.36.148.198 - - [02/Aug/2022:20:26:33 +0700] "GET /article/ky-ket-hop-dong-cung-cap-thiet-bi-do-chan-dong-micromate-cua-hang-instantel-canada-cho-tong?page=1 HTTP/1.0" 301 720 "-" "Mozilla/5.0 (compatible; AhrefsBot/7.0; +http://ahrefs.com/robot/)"
14.190.155.226 - - [02/Aug/2022:20:31:30 +0700] "GET /BlacklistR4.txt HTTP/1.0" 301 538 "-" "Mozilla/3.0 (compatible; Indy Library)"
171.250.12.6 - - [02/Aug/2022:20:31:54 +0700] "GET /BlacklistR4.txt HTTP/1.0" 301 538 "-" "Mozilla/3.0 (compatible; Indy Library)"
171.250.12.6 - - [02/Aug/2022:20:31:55 +0700] "GET /BlacklistR4.txt HTTP/1.0" 301 538 "-" "Mozilla/3.0 (compatible; Indy Library)"
171.250.12.6 - - [02/Aug/2022:20:31:57 +0700] "GET /BlacklistR4.txt HTTP/1.0" 301 538 "-" "Mozilla/3.0 (compatible; Indy Library)"
171.250.12.6 - - [02/Aug/2022:20:31:58 +0700] "GET /BlacklistR4.txt HTTP/1.0" 301 538 "-" "Mozilla/3.0 (compatible; Indy Library)"
171.250.12.6 - - [02/Aug/2022:20:32:00 +0700] "GET /BlacklistR4.txt HTTP/1.0" 301 538 "-" "Mozilla/3.0 (compatible; Indy Library)"
171.250.12.6 - - [02/Aug/2022:20:32:02 +0700] "GET /BlacklistR4.txt HTTP/1.0" 301 538 "-" "Mozilla/3.0 (compatible; Indy Library)"
171.250.12.6 - - [02/Aug/2022:20:32:02 +0700] "GET /BlacklistR4.txt HTTP/1.0" 301 538 "-" "Mozilla/3.0 (compatible; Indy Library)"
171.250.12.6 - - [02/Aug/2022:20:32:04 +0700] "GET /BlacklistR4.txt HTTP/1.0" 301 538 "-" "Mozilla/3.0 (compatible; Indy Library)"
171.250.12.6 - - [02/Aug/2022:20:32:05 +0700] "GET /BlacklistR4.txt HTTP/1.0" 301 538 "-" "Mozilla/3.0 (compatible; Indy Library)"
171.250.12.6 - - [02/Aug/2022:20:32:07 +0700] "GET /BlacklistR4.txt HTTP/1.0" 301 538 "-" "Mozilla/3.0 (compatible; Indy Library)"
171.250.12.6 - - [02/Aug/2022:20:32:07 +0700] "GET /BlacklistR4.txt HTTP/1.0" 301 538 "-" "Mozilla/3.0 (compatible; Indy Library)"
14.247.187.121 - - [02/Aug/2022:20:34:52 +0700] "GET /BlacklistR4.txt HTTP/1.0" 301 538 "-" "Mozilla/3.0 (compatible; Indy Library)"
14.247.187.121 - - [02/Aug/2022:20:35:22 +0700] "GET /BlacklistR4.txt HTTP/1.0" 301 538 "-" "Mozilla/3.0 (compatible; Indy Library)"
1.52.122.63 - - [02/Aug/2022:20:36:58 +0700] "GET /BlacklistR4.txt HTTP/1.0" 301 538 "-" "Mozilla/3.0 (compatible; Indy Library)"
1.52.24.106 - - [02/Aug/2022:20:37:25 +0700] "GET /BlacklistR4.txt HTTP/1.0" 301 538 "-" "Mozilla/3.0 (compatible; Indy Library)"
14.231.140.231 - - [02/Aug/2022:20:38:27 +0700] "GET /BlacklistR4.txt HTTP/1.0" 301 538 "-" "Mozilla/3.0 (compatible; Indy Library)"
149.5.224.145 - - [02/Aug/2022:20:38:38 +0700] "GET /forums/images/close.gif HTTP/1.0" 301 536 "http://www.cic.com.vn/" "Mozilla/5.0 (Windows NT 10.0; Win64; x64) AppleWebKit/537.36 (KHTML, like Gecko) Chrome/76.0.3809.132 Safari/537.36"
113.171.155.127 - - [02/Aug/2022:20:39:16 +0700] "GET / HTTP/1.0" 301 508 "-" "Mozilla/5.0 (iPhone; CPU iPhone OS 12_5_5 like Mac OS X) AppleWebKit/605.1.15 (KHTML, like Gecko) Version/12.1.2 Mobile/15E148 Safari/604.1"
171.228.209.218 - - [02/Aug/2022:20:40:18 +0700] "GET /BlacklistR4.txt HTTP/1.0" 301 538 "-" "Mozilla/3.0 (compatible; Indy Library)"
171.228.209.218 - - [02/Aug/2022:20:41:08 +0700] "GET /BlacklistR4.txt HTTP/1.0" 301 538 "-" "Mozilla/3.0 (compatible; Indy Library)"
171.228.209.218 - - [02/Aug/2022:20:43:25 +0700] "GET /BlacklistR4.txt HTTP/1.0" 301 538 "-" "Mozilla/3.0 (compatible; Indy Library)"
14.191.7.214 - - [02/Aug/2022:20:43:57 +0700] "GET /BlacklistR4.txt HTTP/1.0" 301 538 "-" "Mozilla/3.0 (compatible; Indy Library)"
171.228.209.218 - - [02/Aug/2022:20:44:21 +0700] "GET /BlacklistR4.txt HTTP/1.0" 301 538 "-" "Mozilla/3.0 (compatible; Indy Library)"
171.228.209.218 - - [02/Aug/2022:20:47:34 +0700] "GET /BlacklistR4.txt HTTP/1.0" 301 538 "-" "Mozilla/3.0 (compatible; Indy Library)"
14.165.182.39 - - [02/Aug/2022:20:48:57 +0700] "GET /BlacklistR4.txt HTTP/1.0" 301 538 "-" "Mozilla/3.0 (compatible; Indy Library)"
66.220.149.20 - - [02/Aug/2022:20:49:00 +0700] "GET /san-pham/mcw-phan-mem-tinh-toan-mong-coc HTTP/1.0" 301 588 "-" "facebookexternalhit/1.1 (+http://www.facebook.com/externalhit_uatext.php)"
40.77.167.68 - - [02/Aug/2022:20:49:34 +0700] "GET /uploads/images/MCW/1.menu%20tep%20tin.png HTTP/1.0" 301 590 "-" "Mozilla/5.0 (compatible; bingbot/2.0; +http://www.bing.com/bingbot.htm)"
171.228.224.33 - - [02/Aug/2022:20:50:33 +0700] "GET /BlacklistR4.txt HTTP/1.0" 301 538 "-" "Mozilla/3.0 (compatible; Indy Library)"
118.71.163.62 - - [02/Aug/2022:20:54:29 +0700] "GET /BlacklistR4.txt HTTP/1.0" 301 538 "-" "Mozilla/3.0 (compatible; Indy Library)"
1.52.122.63 - - [02/Aug/2022:20:55:24 +0700] "GET /BlacklistR4.txt HTTP/1.0" 301 538 "-" "Mozilla/3.0 (compatible; Indy Library)"
14.253.58.83 - - [02/Aug/2022:20:55:26 +0700] "GET /BlacklistR4.txt HTTP/1.0" 301 538 "-" "Mozilla/3.0 (compatible; Indy Library)"
157.55.39.30 - - [02/Aug/2022:20:57:16 +0700] "GET /san-pham/phan-mem-quan-ly HTTP/1.0" 301 558 "-" "Mozilla/5.0 (compatible; bingbot/2.0; +http://www.bing.com/bingbot.htm)"
171.235.96.83 - - [02/Aug/2022:20:58:43 +0700] "GET /BlacklistR4.txt HTTP/1.0" 301 538 "-" "Mozilla/3.0 (compatible; Indy Library)"
171.235.96.83 - - [02/Aug/2022:20:59:28 +0700] "GET /BlacklistR4.txt HTTP/1.0" 301 538 "-" "Mozilla/3.0 (compatible; Indy Library)"
54.36.149.68 - - [02/Aug/2022:21:00:31 +0700] "GET /tienich/LaoCai.txt HTTP/1.0" 301 544 "-" "Mozilla/5.0 (compatible; AhrefsBot/7.0; +http://ahrefs.com/robot/)"
14.231.140.231 - - [02/Aug/2022:21:00:39 +0700] "GET /BlacklistR4.txt HTTP/1.0" 301 538 "-" "Mozilla/3.0 (compatible; Indy Library)"
157.55.39.98 - - [02/Aug/2022:21:03:15 +0700] "GET /uploads/images/stCAD/ThepSan.PNG HTTP/1.0" 301 572 "-" "Mozilla/5.0 (compatible; bingbot/2.0; +http://www.bing.com/bingbot.htm)"
1.52.121.153 - - [02/Aug/2022:21:03:56 +0700] "GET /BlacklistR4.txt HTTP/1.0" 301 538 "-" "Mozilla/3.0 (compatible; Indy Library)"
1.52.121.153 - - [02/Aug/2022:21:03:56 +0700] "GET /BlacklistR4.txt HTTP/1.0" 301 538 "-" "Mozilla/3.0 (compatible; Indy Library)"
1.52.121.153 - - [02/Aug/2022:21:03:57 +0700] "GET /BlacklistR4.txt HTTP/1.0" 301 538 "-" "Mozilla/3.0 (compatible; Indy Library)"
1.52.121.153 - - [02/Aug/2022:21:03:57 +0700] "GET /BlacklistR4.txt HTTP/1.0" 301 538 "-" "Mozilla/3.0 (compatible; Indy Library)"
1.52.121.153 - - [02/Aug/2022:21:03:57 +0700] "GET /BlacklistR4.txt HTTP/1.0" 301 538 "-" "Mozilla/3.0 (compatible; Indy Library)"
1.52.121.153 - - [02/Aug/2022:21:03:57 +0700] "GET /BlacklistR4.txt HTTP/1.0" 301 538 "-" "Mozilla/3.0 (compatible; Indy Library)"
1.52.121.153 - - [02/Aug/2022:21:03:57 +0700] "GET /BlacklistR4.txt HTTP/1.0" 301 538 "-" "Mozilla/3.0 (compatible; Indy Library)"
1.52.121.153 - - [02/Aug/2022:21:03:57 +0700] "GET /BlacklistR4.txt HTTP/1.0" 301 538 "-" "Mozilla/3.0 (compatible; Indy Library)"
1.52.121.153 - - [02/Aug/2022:21:03:57 +0700] "GET /BlacklistR4.txt HTTP/1.0" 301 538 "-" "Mozilla/3.0 (compatible; Indy Library)"
1.52.121.153 - - [02/Aug/2022:21:03:57 +0700] "GET /BlacklistR4.txt HTTP/1.0" 301 538 "-" "Mozilla/3.0 (compatible; Indy Library)"
1.52.121.153 - - [02/Aug/2022:21:03:57 +0700] "GET /BlacklistR4.txt HTTP/1.0" 301 538 "-" "Mozilla/3.0 (compatible; Indy Library)"
1.52.121.153 - - [02/Aug/2022:21:03:58 +0700] "GET /BlacklistR4.txt HTTP/1.0" 301 538 "-" "Mozilla/3.0 (compatible; Indy Library)"
1.52.121.153 - - [02/Aug/2022:21:03:58 +0700] "GET /BlacklistR4.txt HTTP/1.0" 301 538 "-" "Mozilla/3.0 (compatible; Indy Library)"
1.52.121.153 - - [02/Aug/2022:21:03:58 +0700] "GET /BlacklistR4.txt HTTP/1.0" 301 538 "-" "Mozilla/3.0 (compatible; Indy Library)"
1.52.121.153 - - [02/Aug/2022:21:03:58 +0700] "GET /BlacklistR4.txt HTTP/1.0" 301 538 "-" "Mozilla/3.0 (compatible; Indy Library)"
1.52.121.153 - - [02/Aug/2022:21:03:58 +0700] "GET /BlacklistR4.txt HTTP/1.0" 301 538 "-" "Mozilla/3.0 (compatible; Indy Library)"
1.52.121.153 - - [02/Aug/2022:21:03:58 +0700] "GET /BlacklistR4.txt HTTP/1.0" 301 538 "-" "Mozilla/3.0 (compatible; Indy Library)"
1.52.121.153 - - [02/Aug/2022:21:03:58 +0700] "GET /BlacklistR4.txt HTTP/1.0" 301 538 "-" "Mozilla/3.0 (compatible; Indy Library)"
1.52.121.153 - - [02/Aug/2022:21:03:59 +0700] "GET /BlacklistR4.txt HTTP/1.0" 301 538 "-" "Mozilla/3.0 (compatible; Indy Library)"
1.52.121.153 - - [02/Aug/2022:21:03:59 +0700] "GET /BlacklistR4.txt HTTP/1.0" 301 538 "-" "Mozilla/3.0 (compatible; Indy Library)"
1.52.121.153 - - [02/Aug/2022:21:03:59 +0700] "GET /BlacklistR4.txt HTTP/1.0" 301 538 "-" "Mozilla/3.0 (compatible; Indy Library)"
1.52.121.153 - - [02/Aug/2022:21:03:59 +0700] "GET /BlacklistR4.txt HTTP/1.0" 301 538 "-" "Mozilla/3.0 (compatible; Indy Library)"
171.228.219.210 - - [02/Aug/2022:21:06:26 +0700] "GET /BlacklistR4.txt HTTP/1.0" 301 538 "-" "Mozilla/3.0 (compatible; Indy Library)"
14.231.140.231 - - [02/Aug/2022:21:07:28 +0700] "GET /BlacklistR4.txt HTTP/1.0" 301 538 "-" "Mozilla/3.0 (compatible; Indy Library)"
1.53.37.18 - - [02/Aug/2022:21:08:01 +0700] "GET /BlacklistR4.txt HTTP/1.0" 301 538 "-" "Mozilla/3.0 (compatible; Indy Library)"
117.2.236.146 - - [02/Aug/2022:21:09:44 +0700] "GET /BlacklistR4.txt HTTP/1.0" 301 538 "-" "Mozilla/3.0 (compatible; Indy Library)"
17.121.112.205 - - [02/Aug/2022:21:09:52 +0700] "GET /san-pham/synergee-gas-mo-phong-he-thong-phan-phoi-khi HTTP/1.0" 301 614 "-" "Mozilla/5.0 (Macintosh; Intel Mac OS X 10_15_5) AppleWebKit/605.1.15 (KHTML, like Gecko) Version/13.1.1 Safari/605.1.15 (Applebot/0.1; +http://www.apple.com/go/applebot)"
17.121.112.205 - - [02/Aug/2022:21:09:57 +0700] "GET /san-pham/phan-mem-chemmap HTTP/1.0" 301 558 "-" "Mozilla/5.0 (Macintosh; Intel Mac OS X 10_15_5) AppleWebKit/605.1.15 (KHTML, like Gecko) Version/13.1.1 Safari/605.1.15 (Applebot/0.1; +http://www.apple.com/go/applebot)"
17.121.112.205 - - [02/Aug/2022:21:10:37 +0700] "GET /san-pham/gioi-thieu-cong-ty-trl HTTP/1.0" 301 570 "-" "Mozilla/5.0 (Macintosh; Intel Mac OS X 10_15_5) AppleWebKit/605.1.15 (KHTML, like Gecko) Version/13.1.1 Safari/605.1.15 (Applebot/0.1; +http://www.apple.com/go/applebot)"
17.121.112.205 - - [02/Aug/2022:21:10:38 +0700] "GET /san-pham/phan-mem-artm-view HTTP/1.0" 301 562 "-" "Mozilla/5.0 (Macintosh; Intel Mac OS X 10_15_5) AppleWebKit/605.1.15 (KHTML, like Gecko) Version/13.1.1 Safari/605.1.15 (Applebot/0.1; +http://www.apple.com/go/applebot)"
180.93.100.166 - - [02/Aug/2022:21:11:04 +0700] "GET /BlacklistR4.txt HTTP/1.0" 301 538 "-" "Mozilla/3.0 (compatible; Indy Library)"
17.121.112.205 - - [02/Aug/2022:21:11:07 +0700] "GET /san-pham/phan-mem-pers-xem-lai-moi-truong-di-bo HTTP/1.0" 301 602 "-" "Mozilla/5.0 (Macintosh; Intel Mac OS X 10_15_5) AppleWebKit/605.1.15 (KHTML, like Gecko) Version/13.1.1 Safari/605.1.15 (Applebot/0.1; +http://www.apple.com/go/applebot)"
17.121.112.205 - - [02/Aug/2022:21:11:18 +0700] "GET /san-pham/revit-architecture HTTP/1.0" 301 562 "-" "Mozilla/5.0 (Macintosh; Intel Mac OS X 10_15_5) AppleWebKit/605.1.15 (KHTML, like Gecko) Version/13.1.1 Safari/605.1.15 (Applebot/0.1; +http://www.apple.com/go/applebot)"
17.121.112.205 - - [02/Aug/2022:21:11:27 +0700] "GET /san-pham/mo-hinh-phan-tan-screening-air HTTP/1.0" 301 586 "-" "Mozilla/5.0 (Macintosh; Intel Mac OS X 10_15_5) AppleWebKit/605.1.15 (KHTML, like Gecko) Version/13.1.1 Safari/605.1.15 (Applebot/0.1; +http://www.apple.com/go/applebot)"
180.93.100.166 - - [02/Aug/2022:21:11:59 +0700] "GET /BlacklistR4.txt HTTP/1.0" 301 538 "-" "Mozilla/3.0 (compatible; Indy Library)"
17.121.112.205 - - [02/Aug/2022:21:12:03 +0700] "GET /san-pham/phan-mem-cadnasak HTTP/1.0" 301 560 "-" "Mozilla/5.0 (Macintosh; Intel Mac OS X 10_15_5) AppleWebKit/605.1.15 (KHTML, like Gecko) Version/13.1.1 Safari/605.1.15 (Applebot/0.1; +http://www.apple.com/go/applebot)"
17.121.112.205 - - [02/Aug/2022:21:12:05 +0700] "GET /san-pham/phan-mem-quan-ly-san-xuat-cac-doanh-nghiep HTTP/1.0" 301 610 "-" "Mozilla/5.0 (Macintosh; Intel Mac OS X 10_15_5) AppleWebKit/605.1.15 (KHTML, like Gecko) Version/13.1.1 Safari/605.1.15 (Applebot/0.1; +http://www.apple.com/go/applebot)"
17.121.112.205 - - [02/Aug/2022:21:12:10 +0700] "GET /san-pham/phan-mem-maap-imaap-quan-ly-tai-nan-giao-thong HTTP/1.0" 301 618 "-" "Mozilla/5.0 (Macintosh; Intel Mac OS X 10_15_5) AppleWebKit/605.1.15 (KHTML, like Gecko) Version/13.1.1 Safari/605.1.15 (Applebot/0.1; +http://www.apple.com/go/applebot)"
17.121.112.203 - - [02/Aug/2022:21:12:45 +0700] "GET /san-pham/he-thong-tra-sach-ban-tu-dong-semi-automatic-returns HTTP/1.0" 301 630 "-" "Mozilla/5.0 (Macintosh; Intel Mac OS X 10_15_5) AppleWebKit/605.1.15 (KHTML, like Gecko) Version/13.1.1 Safari/605.1.15 (Applebot/0.1; +http://www.apple.com/go/applebot)"
14.253.58.83 - - [02/Aug/2022:21:12:50 +0700] "GET /BlacklistR4.txt HTTP/1.0" 301 538 "-" "Mozilla/3.0 (compatible; Indy Library)"
17.121.112.203 - - [02/Aug/2022:21:13:33 +0700] "GET /san-pham/phan-mem-phan-tich-danh-gia-va-toi-uu-hoa-mang-luoi-giao-thong-ptv-vistro HTTP/1.0" 301 672 "-" "Mozilla/5.0 (Macintosh; Intel Mac OS X 10_15_5) AppleWebKit/605.1.15 (KHTML, like Gecko) Version/13.1.1 Safari/605.1.15 (Applebot/0.1; +http://www.apple.com/go/applebot)"
171.235.96.83 - - [02/Aug/2022:21:13:33 +0700] "GET /BlacklistR4.txt HTTP/1.0" 301 538 "-" "Mozilla/3.0 (compatible; Indy Library)"
17.121.112.203 - - [02/Aug/2022:21:13:42 +0700] "GET /san-pham/phan-mem-quan-ly-hop-dong-don-vi-thi-cong-xay-lap-conna-phien-ban-thi-cong-xay-lap HTTP/1.0" 301 690 "-" "Mozilla/5.0 (Macintosh; Intel Mac OS X 10_15_5) AppleWebKit/605.1.15 (KHTML, like Gecko) Version/13.1.1 Safari/605.1.15 (Applebot/0.1; +http://www.apple.com/go/applebot)"
17.121.112.203 - - [02/Aug/2022:21:13:44 +0700] "GET /san-pham/phan-mem-aermod-view HTTP/1.0" 301 566 "-" "Mozilla/5.0 (Macintosh; Intel Mac OS X 10_15_5) AppleWebKit/605.1.15 (KHTML, like Gecko) Version/13.1.1 Safari/605.1.15 (Applebot/0.1; +http://www.apple.com/go/applebot)"
17.121.112.203 - - [02/Aug/2022:21:14:04 +0700] "GET /san-pham/synergi-life-phan-mem-quan-ly-rui-ro-va-qhse HTTP/1.0" 301 614 "-" "Mozilla/5.0 (Macintosh; Intel Mac OS X 10_15_5) AppleWebKit/605.1.15 (KHTML, like Gecko) Version/13.1.1 Safari/605.1.15 (Applebot/0.1; +http://www.apple.com/go/applebot)"
17.121.112.203 - - [02/Aug/2022:21:14:04 +0700] "GET /san-pham/engineering-dynamics-corporation-edc HTTP/1.0" 301 598 "-" "Mozilla/5.0 (Macintosh; Intel Mac OS X 10_15_5) AppleWebKit/605.1.15 (KHTML, like Gecko) Version/13.1.1 Safari/605.1.15 (Applebot/0.1; +http://www.apple.com/go/applebot)"
17.121.112.203 - - [02/Aug/2022:21:14:05 +0700] "GET /san-pham/gioi-thieu-datakustik HTTP/1.0" 301 568 "-" "Mozilla/5.0 (Macintosh; Intel Mac OS X 10_15_5) AppleWebKit/605.1.15 (KHTML, like Gecko) Version/13.1.1 Safari/605.1.15 (Applebot/0.1; +http://www.apple.com/go/applebot)"
117.3.239.152 - - [02/Aug/2022:21:14:06 +0700] "GET /BlacklistR4.txt HTTP/1.0" 301 538 "-" "Mozilla/3.0 (compatible; Indy Library)"
17.121.112.203 - - [02/Aug/2022:21:14:16 +0700] "GET /san-pham/custic-software HTTP/1.0" 301 556 "-" "Mozilla/5.0 (Macintosh; Intel Mac OS X 10_15_5) AppleWebKit/605.1.15 (KHTML, like Gecko) Version/13.1.1 Safari/605.1.15 (Applebot/0.1; +http://www.apple.com/go/applebot)"
17.121.112.203 - - [02/Aug/2022:21:14:16 +0700] "GET /san-pham/co-so-du-lieu-eds HTTP/1.0" 301 560 "-" "Mozilla/5.0 (Macintosh; Intel Mac OS X 10_15_5) AppleWebKit/605.1.15 (KHTML, like Gecko) Version/13.1.1 Safari/605.1.15 (Applebot/0.1; +http://www.apple.com/go/applebot)"
17.121.112.203 - - [02/Aug/2022:21:14:58 +0700] "GET /san-pham/phan-mem-picady HTTP/1.0" 301 556 "-" "Mozilla/5.0 (Macintosh; Intel Mac OS X 10_15_5) AppleWebKit/605.1.15 (KHTML, like Gecko) Version/13.1.1 Safari/605.1.15 (Applebot/0.1; +http://www.apple.com/go/applebot)"
17.121.114.183 - - [02/Aug/2022:21:16:24 +0700] "GET /san-pham/pipenet-phan-mem-hang-dau-ve-thiet-ke-va-phan-tich-ung-suat-duong-ong HTTP/1.0" 301 664 "-" "Mozilla/5.0 (Macintosh; Intel Mac OS X 10_15_5) AppleWebKit/605.1.15 (KHTML, like Gecko) Version/13.1.1 Safari/605.1.15 (Applebot/0.1; +http://www.apple.com/go/applebot)"
17.121.114.183 - - [02/Aug/2022:21:16:34 +0700] "GET /san-pham/espa-he-thong-quan-ly-san-xuat-nuoc-sach-dich-vu-khach-hang-su-dung-nuoc HTTP/1.0" 301 670 "-" "Mozilla/5.0 (Macintosh; Intel Mac OS X 10_15_5) AppleWebKit/605.1.15 (KHTML, like Gecko) Version/13.1.1 Safari/605.1.15 (Applebot/0.1; +http://www.apple.com/go/applebot)"
17.121.114.183 - - [02/Aug/2022:21:16:36 +0700] "GET /san-pham/phan-mem-ecorisk-view HTTP/1.0" 301 568 "-" "Mozilla/5.0 (Macintosh; Intel Mac OS X 10_15_5) AppleWebKit/605.1.15 (KHTML, like Gecko) Version/13.1.1 Safari/605.1.15 (Applebot/0.1; +http://www.apple.com/go/applebot)"
17.121.114.183 - - [02/Aug/2022:21:16:44 +0700] "GET /san-pham/ban-can-wwsd HTTP/1.0" 301 550 "-" "Mozilla/5.0 (Macintosh; Intel Mac OS X 10_15_5) AppleWebKit/605.1.15 (KHTML, like Gecko) Version/13.1.1 Safari/605.1.15 (Applebot/0.1; +http://www.apple.com/go/applebot)"
17.121.114.183 - - [02/Aug/2022:21:16:47 +0700] "GET /san-pham/phan-mem-fets-view HTTP/1.0" 301 562 "-" "Mozilla/5.0 (Macintosh; Intel Mac OS X 10_15_5) AppleWebKit/605.1.15 (KHTML, like Gecko) Version/13.1.1 Safari/605.1.15 (Applebot/0.1; +http://www.apple.com/go/applebot)"
17.121.114.183 - - [02/Aug/2022:21:17:07 +0700] "GET /san-pham/phan-mem-quan-ly-hop-dong-don-vi-chu-dau-tu-conna-phien-ban-chu-dau-tu HTTP/1.0" 301 666 "-" "Mozilla/5.0 (Macintosh; Intel Mac OS X 10_15_5) AppleWebKit/605.1.15 (KHTML, like Gecko) Version/13.1.1 Safari/605.1.15 (Applebot/0.1; +http://www.apple.com/go/applebot)"
17.121.114.183 - - [02/Aug/2022:21:17:10 +0700] "GET /san-pham/moi-truong HTTP/1.0" 301 546 "-" "Mozilla/5.0 (Macintosh; Intel Mac OS X 10_15_5) AppleWebKit/605.1.15 (KHTML, like Gecko) Version/13.1.1 Safari/605.1.15 (Applebot/0.1; +http://www.apple.com/go/applebot)"
216.244.66.243 - - [02/Aug/2022:21:17:30 +0700] "GET /robots.txt HTTP/1.0" 301 528 "-" "Mozilla/5.0 (compatible; DotBot/1.2; +https://opensiteexplorer.org/dotbot; help@moz.com)"
64.124.51.154 - - [02/Aug/2022:21:17:33 +0700] "GET / HTTP/1.0" 301 508 "-" "\"Mozilla/5.0 (Windows NT 6.1"
17.121.112.151 - - [02/Aug/2022:21:18:05 +0700] "GET /san-pham/auto-track-junction HTTP/1.0" 301 564 "-" "Mozilla/5.0 (Macintosh; Intel Mac OS X 10_15_5) AppleWebKit/605.1.15 (KHTML, like Gecko) Version/13.1.1 Safari/605.1.15 (Applebot/0.1; +http://www.apple.com/go/applebot)"
17.121.112.151 - - [02/Aug/2022:21:18:13 +0700] "GET /san-pham/ban-can-wwserf HTTP/1.0" 301 554 "-" "Mozilla/5.0 (Macintosh; Intel Mac OS X 10_15_5) AppleWebKit/605.1.15 (KHTML, like Gecko) Version/13.1.1 Safari/605.1.15 (Applebot/0.1; +http://www.apple.com/go/applebot)"
17.121.112.151 - - [02/Aug/2022:21:18:35 +0700] "GET /san-pham/motorcycle-simulator-thiet-bi-mo-phong-lai-xe-gan-may HTTP/1.0" 301 632 "-" "Mozilla/5.0 (Macintosh; Intel Mac OS X 10_15_5) AppleWebKit/605.1.15 (KHTML, like Gecko) Version/13.1.1 Safari/605.1.15 (Applebot/0.1; +http://www.apple.com/go/applebot)"
17.121.112.151 - - [02/Aug/2022:21:18:51 +0700] "GET /san-pham/giai-phap-quan-ly-giao-thong-hang-international-road-dynamics-inc-ird HTTP/1.0" 301 664 "-" "Mozilla/5.0 (Macintosh; Intel Mac OS X 10_15_5) AppleWebKit/605.1.15 (KHTML, like Gecko) Version/13.1.1 Safari/605.1.15 (Applebot/0.1; +http://www.apple.com/go/applebot)"
1.53.37.18 - - [02/Aug/2022:21:18:56 +0700] "GET /BlacklistR4.txt HTTP/1.0" 301 538 "-" "Mozilla/3.0 (compatible; Indy Library)"
17.121.112.151 - - [02/Aug/2022:21:19:27 +0700] "GET /san-pham/giao-thong HTTP/1.0" 301 546 "-" "Mozilla/5.0 (Macintosh; Intel Mac OS X 10_15_5) AppleWebKit/605.1.15 (KHTML, like Gecko) Version/13.1.1 Safari/605.1.15 (Applebot/0.1; +http://www.apple.com/go/applebot)"
17.121.112.151 - - [02/Aug/2022:21:19:45 +0700] "GET /article/thong-bao-tuyen-lai-xe HTTP/1.0" 301 568 "-" "Mozilla/5.0 (Macintosh; Intel Mac OS X 10_15_5) AppleWebKit/605.1.15 (KHTML, like Gecko) Version/13.1.1 Safari/605.1.15 (Applebot/0.1; +http://www.apple.com/go/applebot)"
17.121.112.151 - - [02/Aug/2022:21:19:45 +0700] "GET /san-pham/gioi-thieu-ve-lake-environmental HTTP/1.0" 301 590 "-" "Mozilla/5.0 (Macintosh; Intel Mac OS X 10_15_5) AppleWebKit/605.1.15 (KHTML, like Gecko) Version/13.1.1 Safari/605.1.15 (Applebot/0.1; +http://www.apple.com/go/applebot)"
17.121.112.151 - - [02/Aug/2022:21:19:53 +0700] "GET /san-pham/maros-cong-cu-phan-tich-ram-chuyen-dung-cho-cac-hoat-dong-tham-do-va-khai-thac-dau-khi HTTP/1.0" 301 698 "-" "Mozilla/5.0 (Macintosh; Intel Mac OS X 10_15_5) AppleWebKit/605.1.15 (KHTML, like Gecko) Version/13.1.1 Safari/605.1.15 (Applebot/0.1; +http://www.apple.com/go/applebot)"
17.121.112.151 - - [02/Aug/2022:21:20:07 +0700] "GET /san-pham/mappro-phan-mem-quan-ly-quy-hoach-va-ha-tang-ky-thuat-do-thi HTTP/1.0" 301 646 "-" "Mozilla/5.0 (Macintosh; Intel Mac OS X 10_15_5) AppleWebKit/605.1.15 (KHTML, like Gecko) Version/13.1.1 Safari/605.1.15 (Applebot/0.1; +http://www.apple.com/go/applebot)"
17.121.112.151 - - [02/Aug/2022:21:20:11 +0700] "GET /san-pham/phan-mem-sarmap HTTP/1.0" 301 556 "-" "Mozilla/5.0 (Macintosh; Intel Mac OS X 10_15_5) AppleWebKit/605.1.15 (KHTML, like Gecko) Version/13.1.1 Safari/605.1.15 (Applebot/0.1; +http://www.apple.com/go/applebot)"
171.251.233.150 - - [02/Aug/2022:21:20:22 +0700] "GET /QuangCao1.htm HTTP/1.0" 301 534 "-" "Mozilla/4.0 (compatible; MSIE 7.0; Windows NT 6.2; WOW64; Trident/7.0; .NET4.0C; .NET4.0E; .NET CLR 2.0.50727; .NET CLR 3.0.30729; .NET CLR 3.5.30729; InfoPath.3)"
17.121.112.151 - - [02/Aug/2022:21:20:46 +0700] "GET /san-pham/phan-mem-calroads-view HTTP/1.0" 301 570 "-" "Mozilla/5.0 (Macintosh; Intel Mac OS X 10_15_5) AppleWebKit/605.1.15 (KHTML, like Gecko) Version/13.1.1 Safari/605.1.15 (Applebot/0.1; +http://www.apple.com/go/applebot)"
17.121.112.151 - - [02/Aug/2022:21:20:58 +0700] "GET /san-pham/ban-can-wwsb HTTP/1.0" 301 550 "-" "Mozilla/5.0 (Macintosh; Intel Mac OS X 10_15_5) AppleWebKit/605.1.15 (KHTML, like Gecko) Version/13.1.1 Safari/605.1.15 (Applebot/0.1; +http://www.apple.com/go/applebot)"
17.121.112.151 - - [02/Aug/2022:21:21:27 +0700] "GET /san-pham/thiet-bi-mo-phong-cho-dao-tao-lai-xe HTTP/1.0" 301 598 "-" "Mozilla/5.0 (Macintosh; Intel Mac OS X 10_15_5) AppleWebKit/605.1.15 (KHTML, like Gecko) Version/13.1.1 Safari/605.1.15 (Applebot/0.1; +http://www.apple.com/go/applebot)"
17.121.112.151 - - [02/Aug/2022:21:21:27 +0700] "GET /san-pham/auto-track-airport HTTP/1.0" 301 562 "-" "Mozilla/5.0 (Macintosh; Intel Mac OS X 10_15_5) AppleWebKit/605.1.15 (KHTML, like Gecko) Version/13.1.1 Safari/605.1.15 (Applebot/0.1; +http://www.apple.com/go/applebot)"
171.228.224.33 - - [02/Aug/2022:21:21:36 +0700] "GET /BlacklistR4.txt HTTP/1.0" 301 538 "-" "Mozilla/3.0 (compatible; Indy Library)"
17.121.112.151 - - [02/Aug/2022:21:21:57 +0700] "GET /san-pham/hve-software-tai-tao-mo-phong-va-phan-tich-tai-nan-xe-co-gioi HTTP/1.0" 301 648 "-" "Mozilla/5.0 (Macintosh; Intel Mac OS X 10_15_5) AppleWebKit/605.1.15 (KHTML, like Gecko) Version/13.1.1 Safari/605.1.15 (Applebot/0.1; +http://www.apple.com/go/applebot)"
17.121.112.151 - - [02/Aug/2022:21:21:59 +0700] "GET /san-pham/tong-quan-cong-nghe-schlumberger HTTP/1.0" 301 590 "-" "Mozilla/5.0 (Macintosh; Intel Mac OS X 10_15_5) AppleWebKit/605.1.15 (KHTML, like Gecko) Version/13.1.1 Safari/605.1.15 (Applebot/0.1; +http://www.apple.com/go/applebot)"
17.121.112.151 - - [02/Aug/2022:21:22:00 +0700] "GET /san-pham/phan-mem-oilmap-deep HTTP/1.0" 301 566 "-" "Mozilla/5.0 (Macintosh; Intel Mac OS X 10_15_5) AppleWebKit/605.1.15 (KHTML, like Gecko) Version/13.1.1 Safari/605.1.15 (Applebot/0.1; +http://www.apple.com/go/applebot)"
180.93.100.166 - - [02/Aug/2022:21:23:14 +0700] "GET /BlacklistR4.txt HTTP/1.0" 301 538 "-" "Mozilla/3.0 (compatible; Indy Library)"
17.121.115.114 - - [02/Aug/2022:21:24:00 +0700] "GET /san-pham/auto-track-rail HTTP/1.0" 301 556 "-" "Mozilla/5.0 (Macintosh; Intel Mac OS X 10_15_5) AppleWebKit/605.1.15 (KHTML, like Gecko) Version/13.1.1 Safari/605.1.15 (Applebot/0.1; +http://www.apple.com/go/applebot)"
17.121.115.114 - - [02/Aug/2022:21:24:02 +0700] "GET /san-pham/ban-can-wwscrf HTTP/1.0" 301 554 "-" "Mozilla/5.0 (Macintosh; Intel Mac OS X 10_15_5) AppleWebKit/605.1.15 (KHTML, like Gecko) Version/13.1.1 Safari/605.1.15 (Applebot/0.1; +http://www.apple.com/go/applebot)"
180.93.100.166 - - [02/Aug/2022:21:24:03 +0700] "GET /BlacklistR4.txt HTTP/1.0" 301 538 "-" "Mozilla/3.0 (compatible; Indy Library)"
17.121.115.114 - - [02/Aug/2022:21:24:19 +0700] "GET /article/de-xuat-cam-dung-dien-thoai-di-dong-khi-lai-oto HTTP/1.0" 301 618 "-" "Mozilla/5.0 (Macintosh; Intel Mac OS X 10_15_5) AppleWebKit/605.1.15 (KHTML, like Gecko) Version/13.1.1 Safari/605.1.15 (Applebot/0.1; +http://www.apple.com/go/applebot)"
17.121.115.114 - - [02/Aug/2022:21:24:36 +0700] "GET /san-pham/radia-software HTTP/1.0" 301 554 "-" "Mozilla/5.0 (Macintosh; Intel Mac OS X 10_15_5) AppleWebKit/605.1.15 (KHTML, like Gecko) Version/13.1.1 Safari/605.1.15 (Applebot/0.1; +http://www.apple.com/go/applebot)"
180.93.100.166 - - [02/Aug/2022:21:25:12 +0700] "GET /BlacklistR4.txt HTTP/1.0" 301 538 "-" "Mozilla/3.0 (compatible; Indy Library)"
180.93.100.166 - - [02/Aug/2022:21:26:14 +0700] "GET /BlacklistR4.txt HTTP/1.0" 301 538 "-" "Mozilla/3.0 (compatible; Indy Library)"
171.246.168.150 - - [02/Aug/2022:21:28:25 +0700] "GET /BlacklistR4.txt HTTP/1.0" 301 538 "-" "Mozilla/3.0 (compatible; Indy Library)"
171.246.168.150 - - [02/Aug/2022:21:28:27 +0700] "GET /BlacklistR4.txt HTTP/1.0" 301 538 "-" "Mozilla/3.0 (compatible; Indy Library)"
171.246.168.150 - - [02/Aug/2022:21:28:29 +0700] "GET /BlacklistR4.txt HTTP/1.0" 301 538 "-" "Mozilla/3.0 (compatible; Indy Library)"
14.190.155.226 - - [02/Aug/2022:21:28:47 +0700] "GET /BlacklistR4.txt HTTP/1.0" 301 538 "-" "Mozilla/3.0 (compatible; Indy Library)"
14.190.155.226 - - [02/Aug/2022:21:28:48 +0700] "GET /BlacklistR4.txt HTTP/1.0" 301 538 "-" "Mozilla/3.0 (compatible; Indy Library)"
14.190.155.226 - - [02/Aug/2022:21:28:48 +0700] "GET /BlacklistR4.txt HTTP/1.0" 301 538 "-" "Mozilla/3.0 (compatible; Indy Library)"
14.190.155.226 - - [02/Aug/2022:21:28:48 +0700] "GET /BlacklistR4.txt HTTP/1.0" 301 538 "-" "Mozilla/3.0 (compatible; Indy Library)"
14.190.155.226 - - [02/Aug/2022:21:28:48 +0700] "GET /BlacklistR4.txt HTTP/1.0" 301 538 "-" "Mozilla/3.0 (compatible; Indy Library)"
14.190.155.226 - - [02/Aug/2022:21:28:52 +0700] "GET /BlacklistR4.txt HTTP/1.0" 301 538 "-" "Mozilla/3.0 (compatible; Indy Library)"
54.36.148.108 - - [02/Aug/2022:21:30:46 +0700] "GET /san-pham/thiet-bi-giam-sat-anh-huong-chan-dong-va-ap-suat-song-khong-khi-tieng-cua-instantel-canada HTTP/1.0" 301 706 "-" "Mozilla/5.0 (compatible; AhrefsBot/7.0; +http://ahrefs.com/robot/)"
1.55.38.123 - - [02/Aug/2022:21:32:07 +0700] "GET /BlacklistR4.txt HTTP/1.0" 301 538 "-" "Mozilla/3.0 (compatible; Indy Library)"
1.55.38.123 - - [02/Aug/2022:21:32:07 +0700] "GET /BlacklistR4.txt HTTP/1.0" 301 538 "-" "Mozilla/3.0 (compatible; Indy Library)"
14.181.253.187 - - [02/Aug/2022:21:36:11 +0700] "GET /BlacklistR4.txt HTTP/1.0" 301 538 "-" "Mozilla/3.0 (compatible; Indy Library)"
14.181.253.187 - - [02/Aug/2022:21:36:11 +0700] "GET /BlacklistR4.txt HTTP/1.0" 301 538 "-" "Mozilla/3.0 (compatible; Indy Library)"
42.112.224.198 - - [02/Aug/2022:21:39:05 +0700] "GET /BlacklistR4.txt HTTP/1.0" 301 538 "-" "Mozilla/3.0 (compatible; Indy Library)"
14.231.140.231 - - [02/Aug/2022:21:41:24 +0700] "GET /BlacklistR4.txt HTTP/1.0" 301 538 "-" "Mozilla/3.0 (compatible; Indy Library)"
14.184.205.231 - - [02/Aug/2022:21:43:35 +0700] "GET /BlacklistR4.txt HTTP/1.0" 301 538 "-" "Mozilla/3.0 (compatible; Indy Library)"
123.24.67.46 - - [02/Aug/2022:21:44:19 +0700] "GET /uploads/images/stCAD/KhaiBaoLoThung.PNG HTTP/1.0" 301 586 "https://www.google.com/" "Mozilla/5.0 (iPhone; CPU iPhone OS 13_6_1 like Mac OS X) AppleWebKit/605.1.15 (KHTML, like Gecko) Version/13.1.2 Mobile/15E148 Safari/604.1"
14.231.140.231 - - [02/Aug/2022:21:44:35 +0700] "GET /BlacklistR4.txt HTTP/1.0" 301 538 "-" "Mozilla/3.0 (compatible; Indy Library)"
113.23.54.118 - - [02/Aug/2022:21:49:58 +0700] "GET /BlacklistR4.txt HTTP/1.0" 301 538 "-" "Mozilla/3.0 (compatible; Indy Library)"
171.246.168.150 - - [02/Aug/2022:21:51:15 +0700] "GET /BlacklistR4.txt HTTP/1.0" 301 538 "-" "Mozilla/3.0 (compatible; Indy Library)"
171.246.168.150 - - [02/Aug/2022:21:51:16 +0700] "GET /BlacklistR4.txt HTTP/1.0" 301 538 "-" "Mozilla/3.0 (compatible; Indy Library)"
171.246.168.150 - - [02/Aug/2022:21:51:18 +0700] "GET /BlacklistR4.txt HTTP/1.0" 301 538 "-" "Mozilla/3.0 (compatible; Indy Library)"
171.246.168.150 - - [02/Aug/2022:21:51:20 +0700] "GET /BlacklistR4.txt HTTP/1.0" 301 538 "-" "Mozilla/3.0 (compatible; Indy Library)"
171.246.168.150 - - [02/Aug/2022:21:51:22 +0700] "GET /BlacklistR4.txt HTTP/1.0" 301 538 "-" "Mozilla/3.0 (compatible; Indy Library)"
171.246.168.150 - - [02/Aug/2022:21:51:23 +0700] "GET /BlacklistR4.txt HTTP/1.0" 301 538 "-" "Mozilla/3.0 (compatible; Indy Library)"
14.190.155.226 - - [02/Aug/2022:21:57:54 +0700] "GET /BlacklistR4.txt HTTP/1.0" 301 538 "-" "Mozilla/3.0 (compatible; Indy Library)"
14.190.155.226 - - [02/Aug/2022:21:57:55 +0700] "GET /BlacklistR4.txt HTTP/1.0" 301 538 "-" "Mozilla/3.0 (compatible; Indy Library)"
14.190.155.226 - - [02/Aug/2022:21:57:57 +0700] "GET /BlacklistR4.txt HTTP/1.0" 301 538 "-" "Mozilla/3.0 (compatible; Indy Library)"
14.190.155.226 - - [02/Aug/2022:21:57:59 +0700] "GET /BlacklistR4.txt HTTP/1.0" 301 538 "-" "Mozilla/3.0 (compatible; Indy Library)"
14.190.155.226 - - [02/Aug/2022:21:58:00 +0700] "GET /BlacklistR4.txt HTTP/1.0" 301 538 "-" "Mozilla/3.0 (compatible; Indy Library)"
14.190.155.226 - - [02/Aug/2022:21:59:26 +0700] "GET /BlacklistR4.txt HTTP/1.0" 301 538 "-" "Mozilla/3.0 (compatible; Indy Library)"
42.112.224.198 - - [02/Aug/2022:22:05:09 +0700] "GET /BlacklistR4.txt HTTP/1.0" 301 538 "-" "Mozilla/3.0 (compatible; Indy Library)"
216.244.66.243 - - [02/Aug/2022:22:07:33 +0700] "GET /robots.txt HTTP/1.0" 301 528 "-" "Mozilla/5.0 (compatible; DotBot/1.2; +https://opensiteexplorer.org/dotbot; help@moz.com)"
54.36.149.46 - - [02/Aug/2022:22:07:42 +0700] "GET /en/article/construction-informatics-and-consultancy-jsccic-completed-handover-and-acceptance-vissim-and?page=8 HTTP/1.0" 301 728 "-" "Mozilla/5.0 (compatible; AhrefsBot/7.0; +http://ahrefs.com/robot/)"
14.184.205.231 - - [02/Aug/2022:22:07:49 +0700] "GET /BlacklistR4.txt HTTP/1.0" 301 538 "-" "Mozilla/3.0 (compatible; Indy Library)"
54.36.149.90 - - [02/Aug/2022:22:08:44 +0700] "GET /article/thong-bao-ban-dau-gia-thanh-ly-xe-o-05-cho-mazda-0?page=2 HTTP/1.0" 301 638 "-" "Mozilla/5.0 (compatible; AhrefsBot/7.0; +http://ahrefs.com/robot/)"
125.212.173.113 - - [02/Aug/2022:22:08:53 +0700] "GET /BlacklistR4.txt HTTP/1.0" 301 538 "-" "Mozilla/3.0 (compatible; Indy Library)"
125.212.173.113 - - [02/Aug/2022:22:09:04 +0700] "GET /BlacklistR4.txt HTTP/1.0" 301 538 "-" "Mozilla/3.0 (compatible; Indy Library)"
171.228.209.218 - - [02/Aug/2022:22:10:35 +0700] "GET /BlacklistR4.txt HTTP/1.0" 301 538 "-" "Mozilla/3.0 (compatible; Indy Library)"
116.105.162.1 - - [02/Aug/2022:22:10:50 +0700] "GET /?zarsrc=30&utm_source=zalo&utm_medium=zalo&utm_campaign=zalo HTTP/1.0" 301 640 "-" "Mozilla/5.0 (iPhone; CPU iPhone OS 15_5 like Mac OS X) AppleWebKit/605.1.15 (KHTML, like Gecko) Mobile/15E148 Zalo iOS/464 ZaloTheme/light ZaloLanguage/vn"
46.21.250.207 - - [02/Aug/2022:22:12:14 +0700] "GET / HTTP/1.0" 301 508 "http://cic.com.vn/" "Mozilla/5.0 (Windows NT 10.0; WOW64) AppleWebKit/537.36 (KHTML, like Gecko) Chrome/90.0.4400.8 Safari/537.36"
149.5.224.145 - - [02/Aug/2022:22:16:16 +0700] "GET /forums/images/close.gif HTTP/1.0" 301 536 "http://www.cic.com.vn/" "Mozilla/5.0 (Windows NT 10.0; Win64; x64) AppleWebKit/537.36 (KHTML, like Gecko) Chrome/76.0.3809.132 Safari/537.36"
42.112.224.198 - - [02/Aug/2022:22:16:42 +0700] "GET /BlacklistR4.txt HTTP/1.0" 301 538 "-" "Mozilla/3.0 (compatible; Indy Library)"
54.36.148.200 - - [02/Aug/2022:22:30:04 +0700] "GET /en/article/complete-delivery-oce-plotwave-300r-large-format-printer-print-copy-scan-m-w-vietnam-co-ltd?page=2 HTTP/1.0" 301 726 "-" "Mozilla/5.0 (compatible; AhrefsBot/7.0; +http://ahrefs.com/robot/)"
14.248.135.35 - - [02/Aug/2022:22:33:45 +0700] "GET /BlacklistR4.txt HTTP/1.0" 301 538 "-" "Mozilla/3.0 (compatible; Indy Library)"
171.229.56.231 - - [02/Aug/2022:22:35:37 +0700] "GET /BlacklistR4.txt HTTP/1.0" 301 538 "-" "Mozilla/3.0 (compatible; Indy Library)"
40.77.167.68 - - [02/Aug/2022:22:36:44 +0700] "GET /upload_images/images/2020/04/27/1.png HTTP/1.0" 301 582 "-" "Mozilla/5.0 (compatible; bingbot/2.0; +http://www.bing.com/bingbot.htm)"
14.184.205.231 - - [02/Aug/2022:22:36:47 +0700] "GET /BlacklistR4.txt HTTP/1.0" 301 538 "-" "Mozilla/3.0 (compatible; Indy Library)"
113.163.12.200 - - [02/Aug/2022:22:37:28 +0700] "GET /BlacklistR4.txt HTTP/1.0" 301 538 "-" "Mozilla/3.0 (compatible; Indy Library)"
113.163.12.200 - - [02/Aug/2022:22:37:28 +0700] "GET /BlacklistR4.txt HTTP/1.0" 301 538 "-" "Mozilla/3.0 (compatible; Indy Library)"
54.36.149.81 - - [02/Aug/2022:22:39:45 +0700] "GET /article/ky-ket-hop-dong-cung-cap-thiet-bi-do-chan-dong-micromate-cua-hang-instantel-canada-cho-tong?page=7 HTTP/1.0" 301 720 "-" "Mozilla/5.0 (compatible; AhrefsBot/7.0; +http://ahrefs.com/robot/)"
171.228.209.218 - - [02/Aug/2022:22:43:30 +0700] "GET /BlacklistR4.txt HTTP/1.0" 301 538 "-" "Mozilla/3.0 (compatible; Indy Library)"
123.25.65.22 - - [02/Aug/2022:22:45:18 +0700] "GET /BlacklistR4.txt HTTP/1.0" 301 538 "-" "Mozilla/3.0 (compatible; Indy Library)"
40.77.167.68 - - [02/Aug/2022:22:50:06 +0700] "GET /uploads/images/TKT/3.%20luoi.png HTTP/1.0" 301 572 "-" "Mozilla/5.0 (compatible; bingbot/2.0; +http://www.bing.com/bingbot.htm)"
123.25.65.22 - - [02/Aug/2022:22:51:14 +0700] "GET /BlacklistR4.txt HTTP/1.0" 301 538 "-" "Mozilla/3.0 (compatible; Indy Library)"
123.25.65.22 - - [02/Aug/2022:22:51:14 +0700] "GET /BlacklistR4.txt HTTP/1.0" 301 538 "-" "Mozilla/3.0 (compatible; Indy Library)"
123.25.65.22 - - [02/Aug/2022:22:51:14 +0700] "GET /BlacklistR4.txt HTTP/1.0" 301 538 "-" "Mozilla/3.0 (compatible; Indy Library)"
212.83.180.181 - - [02/Aug/2022:22:51:26 +0700] "HEAD / HTTP/1.0" 301 256 "https://pt-br.almacam.33degres.fr" "Mozilla/5.0 (Windows NT 10.0; Win64; x64) AppleWebKit/537.36 (KHTML, like Gecko) Chrome/70.0.3538.102 Safari/537.36"
123.25.65.22 - - [02/Aug/2022:22:51:54 +0700] "GET /BlacklistR4.txt HTTP/1.0" 301 538 "-" "Mozilla/3.0 (compatible; Indy Library)"
123.25.65.22 - - [02/Aug/2022:22:51:54 +0700] "GET /BlacklistR4.txt HTTP/1.0" 301 538 "-" "Mozilla/3.0 (compatible; Indy Library)"
123.25.65.22 - - [02/Aug/2022:22:51:54 +0700] "GET /BlacklistR4.txt HTTP/1.0" 301 538 "-" "Mozilla/3.0 (compatible; Indy Library)"
54.36.148.110 - - [02/Aug/2022:23:01:41 +0700] "GET /en/node/957/dat-mua HTTP/1.0" 301 546 "-" "Mozilla/5.0 (compatible; AhrefsBot/7.0; +http://ahrefs.com/robot/)"
123.27.155.252 - - [02/Aug/2022:23:02:15 +0700] "GET /BlacklistR4.txt HTTP/1.0" 301 538 "-" "Mozilla/3.0 (compatible; Indy Library)"
171.228.209.218 - - [02/Aug/2022:23:14:08 +0700] "GET /BlacklistR4.txt HTTP/1.0" 301 538 "-" "Mozilla/3.0 (compatible; Indy Library)"
113.160.150.210 - - [02/Aug/2022:23:16:52 +0700] "GET /BlacklistR4.txt HTTP/1.0" 301 538 "-" "Mozilla/3.0 (compatible; Indy Library)"
113.160.150.210 - - [02/Aug/2022:23:19:29 +0700] "GET /BlacklistR4.txt HTTP/1.0" 301 538 "-" "Mozilla/3.0 (compatible; Indy Library)"
113.160.150.210 - - [02/Aug/2022:23:20:49 +0700] "GET /BlacklistR4.txt HTTP/1.0" 301 538 "-" "Mozilla/3.0 (compatible; Indy Library)"
171.229.56.231 - - [02/Aug/2022:23:21:45 +0700] "GET /BlacklistR4.txt HTTP/1.0" 301 538 "-" "Mozilla/3.0 (compatible; Indy Library)"
171.229.56.231 - - [02/Aug/2022:23:21:46 +0700] "GET /BlacklistR4.txt HTTP/1.0" 301 538 "-" "Mozilla/3.0 (compatible; Indy Library)"
171.229.56.231 - - [02/Aug/2022:23:21:47 +0700] "GET /BlacklistR4.txt HTTP/1.0" 301 538 "-" "Mozilla/3.0 (compatible; Indy Library)"
171.229.56.231 - - [02/Aug/2022:23:21:48 +0700] "GET /BlacklistR4.txt HTTP/1.0" 301 538 "-" "Mozilla/3.0 (compatible; Indy Library)"
171.229.56.231 - - [02/Aug/2022:23:21:49 +0700] "GET /BlacklistR4.txt HTTP/1.0" 301 538 "-" "Mozilla/3.0 (compatible; Indy Library)"
171.229.56.231 - - [02/Aug/2022:23:21:50 +0700] "GET /BlacklistR4.txt HTTP/1.0" 301 538 "-" "Mozilla/3.0 (compatible; Indy Library)"
