1.52.116.132 - - [04/Aug/2022:10:49:18 +0700] "GET /uploads/images/stCAD/KhaiBaoChanCotDaiCoc.PNG HTTP/1.0" 301 598 "http://mangxd.blogspot.com/" "Mozilla/5.0 (Windows NT 6.1; Win64; x64) AppleWebKit/537.36 (KHTML, like Gecko) Chrome/103.0.0.0 Safari/537.36"
1.52.116.132 - - [04/Aug/2022:10:49:18 +0700] "GET /uploads/images/stCAD/BanVeCoc.PNG HTTP/1.0" 301 574 "http://mangxd.blogspot.com/" "Mozilla/5.0 (Windows NT 6.1; Win64; x64) AppleWebKit/537.36 (KHTML, like Gecko) Chrome/103.0.0.0 Safari/537.36"
1.52.116.132 - - [04/Aug/2022:10:49:18 +0700] "GET /uploads/images/stCAD/KhaiBaoTangMBKC.PNG HTTP/1.0" 301 588 "http://mangxd.blogspot.com/" "Mozilla/5.0 (Windows NT 6.1; Win64; x64) AppleWebKit/537.36 (KHTML, like Gecko) Chrome/103.0.0.0 Safari/537.36"
1.52.116.132 - - [04/Aug/2022:10:49:18 +0700] "GET /uploads/images/stCAD/KhaiBaoHeTruc.PNG HTTP/1.0" 301 584 "http://mangxd.blogspot.com/" "Mozilla/5.0 (Windows NT 6.1; Win64; x64) AppleWebKit/537.36 (KHTML, like Gecko) Chrome/103.0.0.0 Safari/537.36"
1.52.116.132 - - [04/Aug/2022:10:49:18 +0700] "GET /uploads/images/stCAD/HeTrucMBKC.PNG HTTP/1.0" 301 578 "http://mangxd.blogspot.com/" "Mozilla/5.0 (Windows NT 6.1; Win64; x64) AppleWebKit/537.36 (KHTML, like Gecko) Chrome/103.0.0.0 Safari/537.36"
1.52.116.132 - - [04/Aug/2022:10:49:18 +0700] "GET /uploads/images/stCAD/HeTrucMBKC1.PNG HTTP/1.0" 301 580 "http://mangxd.blogspot.com/" "Mozilla/5.0 (Windows NT 6.1; Win64; x64) AppleWebKit/537.36 (KHTML, like Gecko) Chrome/103.0.0.0 Safari/537.36"
1.52.116.132 - - [04/Aug/2022:10:49:18 +0700] "GET /uploads/images/stCAD/KhaiBaoTietDienDamMBKC.PNG HTTP/1.0" 301 602 "http://mangxd.blogspot.com/" "Mozilla/5.0 (Windows NT 6.1; Win64; x64) AppleWebKit/537.36 (KHTML, like Gecko) Chrome/103.0.0.0 Safari/537.36"
1.52.116.132 - - [04/Aug/2022:10:49:18 +0700] "GET /uploads/images/stCAD/KhaiBaoCotMBKC.PNG HTTP/1.0" 301 586 "http://mangxd.blogspot.com/" "Mozilla/5.0 (Windows NT 6.1; Win64; x64) AppleWebKit/537.36 (KHTML, like Gecko) Chrome/103.0.0.0 Safari/537.36"
1.52.116.132 - - [04/Aug/2022:10:49:18 +0700] "GET /uploads/images/stCAD/ThongKeDamMBKC.PNG HTTP/1.0" 301 586 "http://mangxd.blogspot.com/" "Mozilla/5.0 (Windows NT 6.1; Win64; x64) AppleWebKit/537.36 (KHTML, like Gecko) Chrome/103.0.0.0 Safari/537.36"
1.52.116.132 - - [04/Aug/2022:10:49:18 +0700] "GET /uploads/images/stCAD/CanChinhDam.PNG HTTP/1.0" 301 580 "http://mangxd.blogspot.com/" "Mozilla/5.0 (Windows NT 6.1; Win64; x64) AppleWebKit/537.36 (KHTML, like Gecko) Chrome/103.0.0.0 Safari/537.36"
1.52.116.132 - - [04/Aug/2022:10:49:18 +0700] "GET /uploads/images/stCAD/CanChinhCot.PNG HTTP/1.0" 301 580 "http://mangxd.blogspot.com/" "Mozilla/5.0 (Windows NT 6.1; Win64; x64) AppleWebKit/537.36 (KHTML, like Gecko) Chrome/103.0.0.0 Safari/537.36"
1.52.116.132 - - [04/Aug/2022:10:49:18 +0700] "GET /uploads/images/stCAD/BanVeSauCanChinh.PNG HTTP/1.0" 301 590 "http://mangxd.blogspot.com/" "Mozilla/5.0 (Windows NT 6.1; Win64; x64) AppleWebKit/537.36 (KHTML, like Gecko) Chrome/103.0.0.0 Safari/537.36"
1.52.116.132 - - [04/Aug/2022:10:49:18 +0700] "GET /uploads/images/stCAD/KhaiBaoDTThepDamCot.PNG HTTP/1.0" 301 596 "http://mangxd.blogspot.com/" "Mozilla/5.0 (Windows NT 6.1; Win64; x64) AppleWebKit/537.36 (KHTML, like Gecko) Chrome/103.0.0.0 Safari/537.36"
1.52.116.132 - - [04/Aug/2022:10:49:18 +0700] "GET /uploads/images/stCAD/KhaiBaoLoThung.PNG HTTP/1.0" 301 586 "http://mangxd.blogspot.com/" "Mozilla/5.0 (Windows NT 6.1; Win64; x64) AppleWebKit/537.36 (KHTML, like Gecko) Chrome/103.0.0.0 Safari/537.36"
1.52.116.132 - - [04/Aug/2022:10:49:18 +0700] "GET /uploads/images/stCAD/ThietLapDamChinhPhu.PNG HTTP/1.0" 301 596 "http://mangxd.blogspot.com/" "Mozilla/5.0 (Windows NT 6.1; Win64; x64) AppleWebKit/537.36 (KHTML, like Gecko) Chrome/103.0.0.0 Safari/537.36"
1.52.116.132 - - [04/Aug/2022:10:49:18 +0700] "GET /uploads/images/stCAD/NhomDam.PNG HTTP/1.0" 301 572 "http://mangxd.blogspot.com/" "Mozilla/5.0 (Windows NT 6.1; Win64; x64) AppleWebKit/537.36 (KHTML, like Gecko) Chrome/103.0.0.0 Safari/537.36"
1.52.116.132 - - [04/Aug/2022:10:49:18 +0700] "GET /uploads/images/stCAD/QuyTacBoTriThep.PNG HTTP/1.0" 301 588 "http://mangxd.blogspot.com/" "Mozilla/5.0 (Windows NT 6.1; Win64; x64) AppleWebKit/537.36 (KHTML, like Gecko) Chrome/103.0.0.0 Safari/537.36"
1.52.116.132 - - [04/Aug/2022:10:49:18 +0700] "GET /uploads/images/stCAD/ThepAmSan.PNG HTTP/1.0" 301 576 "http://mangxd.blogspot.com/" "Mozilla/5.0 (Windows NT 6.1; Win64; x64) AppleWebKit/537.36 (KHTML, like Gecko) Chrome/103.0.0.0 Safari/537.36"
1.52.116.132 - - [04/Aug/2022:10:49:18 +0700] "GET /uploads/images/stCAD/BanVeThepAmSan.PNG HTTP/1.0" 301 586 "http://mangxd.blogspot.com/" "Mozilla/5.0 (Windows NT 6.1; Win64; x64) AppleWebKit/537.36 (KHTML, like Gecko) Chrome/103.0.0.0 Safari/537.36"
1.52.116.132 - - [04/Aug/2022:10:49:18 +0700] "GET /uploads/images/stCAD/ThongKeThepAmSan.PNG HTTP/1.0" 301 590 "http://mangxd.blogspot.com/" "Mozilla/5.0 (Windows NT 6.1; Win64; x64) AppleWebKit/537.36 (KHTML, like Gecko) Chrome/103.0.0.0 Safari/537.36"
1.52.116.132 - - [04/Aug/2022:10:49:18 +0700] "GET /uploads/images/stCAD/KhaiBaoThepDuongSan.PNG HTTP/1.0" 301 596 "http://mangxd.blogspot.com/" "Mozilla/5.0 (Windows NT 6.1; Win64; x64) AppleWebKit/537.36 (KHTML, like Gecko) Chrome/103.0.0.0 Safari/537.36"
1.52.116.132 - - [04/Aug/2022:10:49:18 +0700] "GET /uploads/images/stCAD/BanVeThepDuongSan.PNG HTTP/1.0" 301 592 "http://mangxd.blogspot.com/" "Mozilla/5.0 (Windows NT 6.1; Win64; x64) AppleWebKit/537.36 (KHTML, like Gecko) Chrome/103.0.0.0 Safari/537.36"
1.52.116.132 - - [04/Aug/2022:10:49:18 +0700] "GET /uploads/images/stCAD/ThongKeThepDuongSan.PNG HTTP/1.0" 301 596 "http://mangxd.blogspot.com/" "Mozilla/5.0 (Windows NT 6.1; Win64; x64) AppleWebKit/537.36 (KHTML, like Gecko) Chrome/103.0.0.0 Safari/537.36"
1.52.116.132 - - [04/Aug/2022:10:49:18 +0700] "GET /uploads/images/stCAD/MatCatSan.PNG HTTP/1.0" 301 576 "http://mangxd.blogspot.com/" "Mozilla/5.0 (Windows NT 6.1; Win64; x64) AppleWebKit/537.36 (KHTML, like Gecko) Chrome/103.0.0.0 Safari/537.36"
113.183.51.29 - - [04/Aug/2022:10:49:31 +0700] "GET /BlacklistR4.txt HTTP/1.0" 301 538 "-" "Mozilla/3.0 (compatible; Indy Library)"
171.228.212.177 - - [04/Aug/2022:10:50:22 +0700] "GET /BlacklistR4.txt HTTP/1.0" 301 538 "-" "Mozilla/3.0 (compatible; Indy Library)"
113.183.51.29 - - [04/Aug/2022:10:50:33 +0700] "GET /BlacklistR4.txt HTTP/1.0" 301 538 "-" "Mozilla/3.0 (compatible; Indy Library)"
149.5.224.145 - - [04/Aug/2022:10:50:54 +0700] "GET /forums/images/close.gif HTTP/1.0" 301 536 "http://www.cic.com.vn/" "Mozilla/5.0 (Windows NT 10.0; Win64; x64) AppleWebKit/537.36 (KHTML, like Gecko) Chrome/76.0.3809.132 Safari/537.36"
149.5.224.160 - - [04/Aug/2022:10:50:54 +0700] "GET /forums/images/login.gif HTTP/1.0" 301 536 "-" "Mozilla/5.0 (Unknown; Linux x86_64) AppleWebKit/538.1 (KHTML, like Gecko) PhantomJS/2.1.1 Safari/538.1"
113.173.175.137 - - [04/Aug/2022:10:50:54 +0700] "GET /BlacklistR4.txt HTTP/1.0" 301 538 "-" "Mozilla/3.0 (compatible; Indy Library)"
113.173.175.137 - - [04/Aug/2022:10:50:54 +0700] "GET /Escon15/Escon15_analytics.html HTTP/1.0" 301 568 "-" "Mozilla/4.0 (compatible; MSIE 7.0; Windows NT 6.2; WOW64; Trident/7.0; .NET4.0C; .NET4.0E; .NET CLR 2.0.50727; .NET CLR 3.0.30729; .NET CLR 3.5.30729)"
113.183.51.29 - - [04/Aug/2022:10:51:12 +0700] "GET /BlacklistR4.txt HTTP/1.0" 301 538 "-" "Mozilla/3.0 (compatible; Indy Library)"
14.235.35.133 - - [04/Aug/2022:10:52:00 +0700] "GET /BlacklistR4.txt HTTP/1.0" 301 538 "-" "Mozilla/3.0 (compatible; Indy Library)"
58.187.189.160 - - [04/Aug/2022:10:52:13 +0700] "GET /BlacklistR4.txt HTTP/1.0" 301 538 "-" "Mozilla/3.0 (compatible; Indy Library)"
113.183.51.29 - - [04/Aug/2022:10:53:01 +0700] "GET /BlacklistR4.txt HTTP/1.0" 301 538 "-" "Mozilla/3.0 (compatible; Indy Library)"
113.183.51.29 - - [04/Aug/2022:10:53:06 +0700] "GET /BlacklistR4.txt HTTP/1.0" 301 538 "-" "Mozilla/3.0 (compatible; Indy Library)"
113.183.51.29 - - [04/Aug/2022:10:53:06 +0700] "GET /BlacklistR4.txt HTTP/1.0" 301 538 "-" "Mozilla/3.0 (compatible; Indy Library)"
14.235.35.133 - - [04/Aug/2022:10:53:08 +0700] "GET /BlacklistR4.txt HTTP/1.0" 301 538 "-" "Mozilla/3.0 (compatible; Indy Library)"
113.183.51.29 - - [04/Aug/2022:10:53:08 +0700] "GET /BlacklistR4.txt HTTP/1.0" 301 538 "-" "Mozilla/3.0 (compatible; Indy Library)"
113.183.51.29 - - [04/Aug/2022:10:53:08 +0700] "GET /BlacklistR4.txt HTTP/1.0" 301 538 "-" "Mozilla/3.0 (compatible; Indy Library)"
15.235.162.47 - - [04/Aug/2022:10:53:52 +0700] "GET / HTTP/1.0" 301 508 "-" "facebookexternalhit/1.1 (+http://www.facebook.com/externalhit_uatext.php) _zbot"
123.25.30.118 - - [04/Aug/2022:10:54:34 +0700] "GET / HTTP/1.0" 301 508 "-" "Mozilla/5.0 (Windows NT 10.0; Win64; x64) AppleWebKit/537.36 (KHTML, like Gecko) Chrome/103.0.0.0 Safari/537.36"
14.250.109.30 - - [04/Aug/2022:10:54:39 +0700] "GET /BlacklistR4.txt HTTP/1.0" 301 538 "-" "Mozilla/3.0 (compatible; Indy Library)"
14.175.238.224 - - [04/Aug/2022:10:55:08 +0700] "GET /BlacklistR4.txt HTTP/1.0" 301 538 "-" "Mozilla/3.0 (compatible; Indy Library)"
118.70.170.110 - - [04/Aug/2022:10:56:01 +0700] "GET /BlacklistR4.txt HTTP/1.0" 301 538 "-" "Mozilla/3.0 (compatible; Indy Library)"
64.233.173.38 - - [04/Aug/2022:10:56:07 +0700] "GET /uploads/images/stCAD/ConChuotTDCot.PNG HTTP/1.0" 301 584 "-" "Mozilla/5.0 (Windows NT 5.1; rv:11.0) Gecko Firefox/11.0 (via ggpht.com GoogleImageProxy)"
14.190.155.226 - - [04/Aug/2022:10:56:34 +0700] "GET /BlacklistR4.txt HTTP/1.0" 301 538 "-" "Mozilla/3.0 (compatible; Indy Library)"
113.183.51.29 - - [04/Aug/2022:10:56:49 +0700] "GET /BlacklistR4.txt HTTP/1.0" 301 538 "-" "Mozilla/3.0 (compatible; Indy Library)"
180.148.4.138 - - [04/Aug/2022:10:57:00 +0700] "GET /BlacklistR4.txt HTTP/1.0" 301 538 "-" "Mozilla/3.0 (compatible; Indy Library)"
113.183.23.35 - - [04/Aug/2022:10:57:28 +0700] "GET /BlacklistR4.txt HTTP/1.0" 301 538 "-" "Mozilla/3.0 (compatible; Indy Library)"
118.70.182.173 - - [04/Aug/2022:10:57:38 +0700] "GET / HTTP/1.0" 301 508 "-" "Mozilla/5.0 (Windows NT 10.0; Win64; x64) AppleWebKit/537.36 (KHTML, like Gecko) Chrome/103.0.0.0 Safari/537.36"
27.72.168.89 - - [04/Aug/2022:10:57:48 +0700] "GET /BlacklistR4.txt HTTP/1.0" 301 538 "-" "Mozilla/3.0 (compatible; Indy Library)"
27.72.168.89 - - [04/Aug/2022:10:57:50 +0700] "GET /BlacklistR4.txt HTTP/1.0" 301 538 "-" "Mozilla/3.0 (compatible; Indy Library)"
113.183.23.35 - - [04/Aug/2022:10:59:00 +0700] "GET /BlacklistR4.txt HTTP/1.0" 301 538 "-" "Mozilla/3.0 (compatible; Indy Library)"
180.148.4.138 - - [04/Aug/2022:10:59:52 +0700] "GET /BlacklistR4.txt HTTP/1.0" 301 538 "-" "Mozilla/3.0 (compatible; Indy Library)"
113.173.175.137 - - [04/Aug/2022:11:00:20 +0700] "GET /BlacklistR4.txt HTTP/1.0" 301 538 "-" "Mozilla/3.0 (compatible; Indy Library)"
180.148.4.138 - - [04/Aug/2022:11:00:38 +0700] "GET /BlacklistR4.txt HTTP/1.0" 301 538 "-" "Mozilla/3.0 (compatible; Indy Library)"
113.163.12.206 - - [04/Aug/2022:11:00:52 +0700] "GET /BlacklistR4.txt HTTP/1.0" 301 538 "-" "Mozilla/3.0 (compatible; Indy Library)"
113.163.12.206 - - [04/Aug/2022:11:00:55 +0700] "GET /BlacklistR4.txt HTTP/1.0" 301 538 "-" "Mozilla/3.0 (compatible; Indy Library)"
180.148.4.138 - - [04/Aug/2022:11:01:52 +0700] "GET /BlacklistR4.txt HTTP/1.0" 301 538 "-" "Mozilla/3.0 (compatible; Indy Library)"
113.163.12.200 - - [04/Aug/2022:11:02:52 +0700] "GET /BlacklistR4.txt HTTP/1.0" 301 538 "-" "Mozilla/3.0 (compatible; Indy Library)"
113.163.12.200 - - [04/Aug/2022:11:03:00 +0700] "GET /BlacklistR4.txt HTTP/1.0" 301 538 "-" "Mozilla/3.0 (compatible; Indy Library)"
113.163.12.200 - - [04/Aug/2022:11:03:09 +0700] "GET /BlacklistR4.txt HTTP/1.0" 301 538 "-" "Mozilla/3.0 (compatible; Indy Library)"
27.72.168.89 - - [04/Aug/2022:11:03:11 +0700] "GET /BlacklistR4.txt HTTP/1.0" 301 538 "-" "Mozilla/3.0 (compatible; Indy Library)"
14.241.66.30 - - [04/Aug/2022:11:03:15 +0700] "GET /BlacklistR4.txt HTTP/1.0" 301 538 "-" "Mozilla/3.0 (compatible; Indy Library)"
123.21.158.29 - - [04/Aug/2022:11:04:06 +0700] "GET /forums/member.php?action=login HTTP/1.1" 404 146 "http://cic.com.vn/forums" "Mozilla/5.0 (Windows NT 10.0; WOW64; rv:45.0) Gecko/20100101 Firefox/45.0"
14.190.155.226 - - [04/Aug/2022:11:04:46 +0700] "GET /BlacklistR4.txt HTTP/1.0" 301 538 "-" "Mozilla/3.0 (compatible; Indy Library)"
14.190.155.226 - - [04/Aug/2022:11:04:48 +0700] "GET /BlacklistR4.txt HTTP/1.0" 301 538 "-" "Mozilla/3.0 (compatible; Indy Library)"
14.190.155.226 - - [04/Aug/2022:11:04:50 +0700] "GET /BlacklistR4.txt HTTP/1.0" 301 538 "-" "Mozilla/3.0 (compatible; Indy Library)"
113.183.23.35 - - [04/Aug/2022:11:06:49 +0700] "GET /BlacklistR4.txt HTTP/1.0" 301 538 "-" "Mozilla/3.0 (compatible; Indy Library)"
14.184.205.231 - - [04/Aug/2022:11:06:51 +0700] "GET /BlacklistR4.txt HTTP/1.0" 301 538 "-" "Mozilla/3.0 (compatible; Indy Library)"
14.235.35.133 - - [04/Aug/2022:11:07:50 +0700] "GET /BlacklistR4.txt HTTP/1.0" 301 538 "-" "Mozilla/3.0 (compatible; Indy Library)"
117.3.171.212 - - [04/Aug/2022:11:08:10 +0700] "GET /BlacklistR4.txt HTTP/1.0" 301 538 "-" "Mozilla/3.0 (compatible; Indy Library)"
123.21.158.29 - - [04/Aug/2022:11:08:12 +0700] "GET /forums/member.php?action=login HTTP/1.1" 404 548 "http://www.cic.com.vn/forums" "Mozilla/5.0 (Windows NT 10.0; Win64; x64) AppleWebKit/537.36 (KHTML, like Gecko) Chrome/46.0.2486.0 Safari/537.36 Edge/13.10586"
1.55.54.119 - - [04/Aug/2022:11:08:27 +0700] "GET /BlacklistR4.txt HTTP/1.0" 301 538 "-" "Mozilla/3.0 (compatible; Indy Library)"
27.72.168.89 - - [04/Aug/2022:11:08:48 +0700] "GET /BlacklistR4.txt HTTP/1.0" 301 538 "-" "Mozilla/3.0 (compatible; Indy Library)"
1.52.2.126 - - [04/Aug/2022:11:09:37 +0700] "GET /uploads/images/Vinasas/4_2_2_TrucToaDoDiaPhuong.png HTTP/1.0" 301 610 "http://softvietcrack.blogspot.com/" "Mozilla/5.0 (Windows NT 6.1; Win64; x64) AppleWebKit/537.36 (KHTML, like Gecko) Chrome/103.0.0.0 Safari/537.36"
1.52.2.126 - - [04/Aug/2022:11:09:37 +0700] "GET /uploads/images/Vinasas/IV_SoDo_ThuVienKetCau.png HTTP/1.0" 301 604 "http://softvietcrack.blogspot.com/" "Mozilla/5.0 (Windows NT 6.1; Win64; x64) AppleWebKit/537.36 (KHTML, like Gecko) Chrome/103.0.0.0 Safari/537.36"
1.52.2.126 - - [04/Aug/2022:11:09:37 +0700] "GET /uploads/images/Vinasas/IV_SoDo_ThuVienKetCau3.png HTTP/1.0" 301 606 "http://softvietcrack.blogspot.com/" "Mozilla/5.0 (Windows NT 6.1; Win64; x64) AppleWebKit/537.36 (KHTML, like Gecko) Chrome/103.0.0.0 Safari/537.36"
1.52.2.126 - - [04/Aug/2022:11:09:37 +0700] "GET /uploads/images/Vinasas/IV_SoDo_ThuVienKetCau2.png HTTP/1.0" 301 606 "http://softvietcrack.blogspot.com/" "Mozilla/5.0 (Windows NT 6.1; Win64; x64) AppleWebKit/537.36 (KHTML, like Gecko) Chrome/103.0.0.0 Safari/537.36"
1.52.2.126 - - [04/Aug/2022:11:09:37 +0700] "GET /uploads/images/Vinasas/IV_SoDo_HeLuoi.png HTTP/1.0" 301 590 "http://softvietcrack.blogspot.com/" "Mozilla/5.0 (Windows NT 6.1; Win64; x64) AppleWebKit/537.36 (KHTML, like Gecko) Chrome/103.0.0.0 Safari/537.36"
1.52.2.126 - - [04/Aug/2022:11:09:37 +0700] "GET /uploads/images/Vinasas/IV_SoDo_HeLuoi2.png HTTP/1.0" 301 592 "http://softvietcrack.blogspot.com/" "Mozilla/5.0 (Windows NT 6.1; Win64; x64) AppleWebKit/537.36 (KHTML, like Gecko) Chrome/103.0.0.0 Safari/537.36"
1.52.2.126 - - [04/Aug/2022:11:09:37 +0700] "GET /uploads/images/Vinasas/IV_SoDo_DoKhoangCach.png HTTP/1.0" 301 602 "http://softvietcrack.blogspot.com/" "Mozilla/5.0 (Windows NT 6.1; Win64; x64) AppleWebKit/537.36 (KHTML, like Gecko) Chrome/103.0.0.0 Safari/537.36"
1.52.2.126 - - [04/Aug/2022:11:09:37 +0700] "GET /uploads/images/Vinasas/IV_SoDo_DoKhoangCach2.png HTTP/1.0" 301 604 "http://softvietcrack.blogspot.com/" "Mozilla/5.0 (Windows NT 6.1; Win64; x64) AppleWebKit/537.36 (KHTML, like Gecko) Chrome/103.0.0.0 Safari/537.36"
1.52.2.126 - - [04/Aug/2022:11:09:37 +0700] "GET /uploads/images/Vinasas/IV_SoDo_ThemPTThanh.png HTTP/1.0" 301 600 "http://softvietcrack.blogspot.com/" "Mozilla/5.0 (Windows NT 6.1; Win64; x64) AppleWebKit/537.36 (KHTML, like Gecko) Chrome/103.0.0.0 Safari/537.36"
1.52.2.126 - - [04/Aug/2022:11:09:37 +0700] "GET /uploads/images/Vinasas/IV_SoDo_ThemPTThanh2.png HTTP/1.0" 301 602 "http://softvietcrack.blogspot.com/" "Mozilla/5.0 (Windows NT 6.1; Win64; x64) AppleWebKit/537.36 (KHTML, like Gecko) Chrome/103.0.0.0 Safari/537.36"
1.52.2.126 - - [04/Aug/2022:11:09:37 +0700] "GET /uploads/images/Vinasas/IV_VatLieu_DinhNghiaVL.png HTTP/1.0" 301 606 "http://softvietcrack.blogspot.com/" "Mozilla/5.0 (Windows NT 6.1; Win64; x64) AppleWebKit/537.36 (KHTML, like Gecko) Chrome/103.0.0.0 Safari/537.36"
1.52.2.126 - - [04/Aug/2022:11:09:37 +0700] "GET /uploads/images/Vinasas/IV_VatLieu_DinhNghiaVL2.png HTTP/1.0" 301 608 "http://softvietcrack.blogspot.com/" "Mozilla/5.0 (Windows NT 6.1; Win64; x64) AppleWebKit/537.36 (KHTML, like Gecko) Chrome/103.0.0.0 Safari/537.36"
1.52.2.126 - - [04/Aug/2022:11:09:38 +0700] "GET /uploads/images/Vinasas/IV_VatLieu_DinhNghiaVL23.png HTTP/1.0" 301 610 "http://softvietcrack.blogspot.com/" "Mozilla/5.0 (Windows NT 6.1; Win64; x64) AppleWebKit/537.36 (KHTML, like Gecko) Chrome/103.0.0.0 Safari/537.36"
1.52.2.126 - - [04/Aug/2022:11:09:38 +0700] "GET /uploads/images/Vinasas/IV_VatLieu_GanVLChoThanh.png HTTP/1.0" 301 610 "http://softvietcrack.blogspot.com/" "Mozilla/5.0 (Windows NT 6.1; Win64; x64) AppleWebKit/537.36 (KHTML, like Gecko) Chrome/103.0.0.0 Safari/537.36"
1.52.2.126 - - [04/Aug/2022:11:09:38 +0700] "GET /uploads/images/Vinasas/IV_VatLieu_GanVLChoThanh2.png HTTP/1.0" 301 612 "http://softvietcrack.blogspot.com/" "Mozilla/5.0 (Windows NT 6.1; Win64; x64) AppleWebKit/537.36 (KHTML, like Gecko) Chrome/103.0.0.0 Safari/537.36"
1.52.2.126 - - [04/Aug/2022:11:09:38 +0700] "GET /uploads/images/Vinasas/IV_TietDien_CacThongSoTietDin.png HTTP/1.0" 301 620 "http://softvietcrack.blogspot.com/" "Mozilla/5.0 (Windows NT 6.1; Win64; x64) AppleWebKit/537.36 (KHTML, like Gecko) Chrome/103.0.0.0 Safari/537.36"
1.52.2.126 - - [04/Aug/2022:11:09:38 +0700] "GET /uploads/images/Vinasas/IV_TietDien_DinhNghiaTD.png HTTP/1.0" 301 608 "http://softvietcrack.blogspot.com/" "Mozilla/5.0 (Windows NT 6.1; Win64; x64) AppleWebKit/537.36 (KHTML, like Gecko) Chrome/103.0.0.0 Safari/537.36"
1.52.2.126 - - [04/Aug/2022:11:09:38 +0700] "GET /uploads/images/Vinasas/IV_TietDien_DinhNghiaTD2.png HTTP/1.0" 301 610 "http://softvietcrack.blogspot.com/" "Mozilla/5.0 (Windows NT 6.1; Win64; x64) AppleWebKit/537.36 (KHTML, like Gecko) Chrome/103.0.0.0 Safari/537.36"
1.52.2.126 - - [04/Aug/2022:11:09:38 +0700] "GET /uploads/images/Vinasas/IV_TietDien_CacDacTrungHinhHocTD.png HTTP/1.0" 301 626 "http://softvietcrack.blogspot.com/" "Mozilla/5.0 (Windows NT 6.1; Win64; x64) AppleWebKit/537.36 (KHTML, like Gecko) Chrome/103.0.0.0 Safari/537.36"
1.52.2.126 - - [04/Aug/2022:11:09:38 +0700] "GET /uploads/images/Vinasas/IV_Bien_LKCung.png HTTP/1.0" 301 590 "http://softvietcrack.blogspot.com/" "Mozilla/5.0 (Windows NT 6.1; Win64; x64) AppleWebKit/537.36 (KHTML, like Gecko) Chrome/103.0.0.0 Safari/537.36"
54.36.149.97 - - [04/Aug/2022:11:11:00 +0700] "GET /node/824/dat-mua HTTP/1.0" 301 540 "-" "Mozilla/5.0 (compatible; AhrefsBot/7.0; +http://ahrefs.com/robot/)"
113.183.51.29 - - [04/Aug/2022:11:11:02 +0700] "GET /BlacklistR4.txt HTTP/1.0" 301 538 "-" "Mozilla/3.0 (compatible; Indy Library)"
113.183.51.29 - - [04/Aug/2022:11:11:03 +0700] "GET /BlacklistR4.txt HTTP/1.0" 301 538 "-" "Mozilla/3.0 (compatible; Indy Library)"
180.148.4.138 - - [04/Aug/2022:11:11:04 +0700] "GET /BlacklistR4.txt HTTP/1.0" 301 538 "-" "Mozilla/3.0 (compatible; Indy Library)"
54.36.148.56 - - [04/Aug/2022:11:12:09 +0700] "GET /en/san-pham/28 HTTP/1.0" 301 536 "-" "Mozilla/5.0 (compatible; AhrefsBot/7.0; +http://ahrefs.com/robot/)"
1.55.54.119 - - [04/Aug/2022:11:13:04 +0700] "GET /BlacklistR4.txt HTTP/1.0" 301 538 "-" "Mozilla/3.0 (compatible; Indy Library)"
216.244.66.243 - - [04/Aug/2022:11:13:09 +0700] "GET /robots.txt HTTP/1.0" 301 528 "-" "Mozilla/5.0 (compatible; DotBot/1.2; +https://opensiteexplorer.org/dotbot; help@moz.com)"
216.244.66.243 - - [04/Aug/2022:11:13:09 +0700] "GET /robots.txt HTTP/1.0" 301 528 "-" "Mozilla/5.0 (compatible; DotBot/1.2; +https://opensiteexplorer.org/dotbot; help@moz.com)"
14.190.155.226 - - [04/Aug/2022:11:13:16 +0700] "GET /BlacklistR4.txt HTTP/1.0" 301 538 "-" "Mozilla/3.0 (compatible; Indy Library)"
14.166.195.173 - - [04/Aug/2022:11:13:18 +0700] "GET /BlacklistR4.txt HTTP/1.0" 301 538 "-" "Mozilla/3.0 (compatible; Indy Library)"
113.183.48.123 - - [04/Aug/2022:11:13:20 +0700] "GET /BlacklistR4.txt HTTP/1.0" 301 538 "-" "Mozilla/3.0 (compatible; Indy Library)"
54.36.149.12 - - [04/Aug/2022:11:15:16 +0700] "GET /tienich/I386/3DFXVS2K.IN_ HTTP/1.0" 301 558 "-" "Mozilla/5.0 (compatible; AhrefsBot/7.0; +http://ahrefs.com/robot/)"
180.148.4.138 - - [04/Aug/2022:11:15:19 +0700] "GET /BlacklistR4.txt HTTP/1.0" 301 538 "-" "Mozilla/3.0 (compatible; Indy Library)"
1.52.116.132 - - [04/Aug/2022:11:16:10 +0700] "GET /QuangCao1.htm HTTP/1.0" 301 534 "-" "Mozilla/4.0 (compatible; MSIE 7.0; Windows NT 6.1; WOW64; Trident/7.0; SLCC2; .NET CLR 2.0.50727; .NET CLR 3.5.30729; .NET CLR 3.0.30729; Media Center PC 6.0; .NET4.0C; .NET4.0E)"
14.190.155.226 - - [04/Aug/2022:11:18:00 +0700] "GET /BlacklistR4.txt HTTP/1.0" 301 538 "-" "Mozilla/3.0 (compatible; Indy Library)"
14.190.155.226 - - [04/Aug/2022:11:18:01 +0700] "GET /BlacklistR4.txt HTTP/1.0" 301 538 "-" "Mozilla/3.0 (compatible; Indy Library)"
14.190.155.226 - - [04/Aug/2022:11:18:03 +0700] "GET /BlacklistR4.txt HTTP/1.0" 301 538 "-" "Mozilla/3.0 (compatible; Indy Library)"
14.190.155.226 - - [04/Aug/2022:11:18:04 +0700] "GET /BlacklistR4.txt HTTP/1.0" 301 538 "-" "Mozilla/3.0 (compatible; Indy Library)"
14.190.155.226 - - [04/Aug/2022:11:18:05 +0700] "GET /BlacklistR4.txt HTTP/1.0" 301 538 "-" "Mozilla/3.0 (compatible; Indy Library)"
14.190.155.226 - - [04/Aug/2022:11:18:06 +0700] "GET /BlacklistR4.txt HTTP/1.0" 301 538 "-" "Mozilla/3.0 (compatible; Indy Library)"
14.190.155.226 - - [04/Aug/2022:11:18:07 +0700] "GET /BlacklistR4.txt HTTP/1.0" 301 538 "-" "Mozilla/3.0 (compatible; Indy Library)"
14.190.155.226 - - [04/Aug/2022:11:18:08 +0700] "GET /BlacklistR4.txt HTTP/1.0" 301 538 "-" "Mozilla/3.0 (compatible; Indy Library)"
14.190.155.226 - - [04/Aug/2022:11:18:09 +0700] "GET /BlacklistR4.txt HTTP/1.0" 301 538 "-" "Mozilla/3.0 (compatible; Indy Library)"
14.190.13.20 - - [04/Aug/2022:11:18:54 +0700] "GET /BlacklistR4.txt HTTP/1.0" 301 538 "-" "Mozilla/3.0 (compatible; Indy Library)"
171.253.29.108 - - [04/Aug/2022:11:18:59 +0700] "GET /BlacklistR4.txt HTTP/1.0" 301 538 "-" "Mozilla/3.0 (compatible; Indy Library)"
180.148.4.138 - - [04/Aug/2022:11:20:46 +0700] "GET /BlacklistR4.txt HTTP/1.0" 301 538 "-" "Mozilla/3.0 (compatible; Indy Library)"
27.72.168.89 - - [04/Aug/2022:11:21:08 +0700] "GET /BlacklistR4.txt HTTP/1.0" 301 538 "-" "Mozilla/3.0 (compatible; Indy Library)"
1.52.116.132 - - [04/Aug/2022:11:22:16 +0700] "GET /san-pham/stcad-ho-tro-ve-thiet-ke-xay-dung-va-boc-tien-luong HTTP/1.0" 301 628 "-" "Mozilla/5.0 (Windows NT 6.1; WOW64; Trident/7.0; rv:11.0) like Gecko"
113.183.48.123 - - [04/Aug/2022:11:23:39 +0700] "GET /BlacklistR4.txt HTTP/1.0" 301 538 "-" "Mozilla/3.0 (compatible; Indy Library)"
14.241.66.30 - - [04/Aug/2022:11:24:16 +0700] "GET /BlacklistR4.txt HTTP/1.0" 301 538 "-" "Mozilla/3.0 (compatible; Indy Library)"
14.241.66.30 - - [04/Aug/2022:11:24:16 +0700] "GET /BlacklistR4.txt HTTP/1.0" 301 538 "-" "Mozilla/3.0 (compatible; Indy Library)"
14.241.66.30 - - [04/Aug/2022:11:24:18 +0700] "GET /BlacklistR4.txt HTTP/1.0" 301 538 "-" "Mozilla/3.0 (compatible; Indy Library)"
14.241.66.30 - - [04/Aug/2022:11:24:21 +0700] "GET /BlacklistR4.txt HTTP/1.0" 301 538 "-" "Mozilla/3.0 (compatible; Indy Library)"
14.241.66.30 - - [04/Aug/2022:11:24:21 +0700] "GET /BlacklistR4.txt HTTP/1.0" 301 538 "-" "Mozilla/3.0 (compatible; Indy Library)"
14.241.66.30 - - [04/Aug/2022:11:24:21 +0700] "GET /BlacklistR4.txt HTTP/1.0" 301 538 "-" "Mozilla/3.0 (compatible; Indy Library)"
113.183.48.123 - - [04/Aug/2022:11:24:39 +0700] "GET /BlacklistR4.txt HTTP/1.0" 301 538 "-" "Mozilla/3.0 (compatible; Indy Library)"
113.183.51.29 - - [04/Aug/2022:11:24:47 +0700] "GET /BlacklistR4.txt HTTP/1.0" 301 538 "-" "Mozilla/3.0 (compatible; Indy Library)"
180.148.4.138 - - [04/Aug/2022:11:25:40 +0700] "GET /BlacklistR4.txt HTTP/1.0" 301 538 "-" "Mozilla/3.0 (compatible; Indy Library)"
14.182.243.142 - - [04/Aug/2022:11:25:45 +0700] "GET /BlacklistR4.txt HTTP/1.0" 301 538 "-" "Mozilla/3.0 (compatible; Indy Library)"
27.71.69.79 - - [04/Aug/2022:11:27:18 +0700] "GET /BlacklistR4.txt HTTP/1.0" 301 538 "-" "Mozilla/3.0 (compatible; Indy Library)"
27.71.69.79 - - [04/Aug/2022:11:27:18 +0700] "GET /BlacklistR4.txt HTTP/1.0" 301 538 "-" "Mozilla/3.0 (compatible; Indy Library)"
27.71.69.79 - - [04/Aug/2022:11:27:37 +0700] "GET /BlacklistR4.txt HTTP/1.0" 301 538 "-" "Mozilla/3.0 (compatible; Indy Library)"
58.186.98.225 - - [04/Aug/2022:11:29:11 +0700] "GET /BlacklistR4.txt HTTP/1.0" 301 538 "-" "Mozilla/3.0 (compatible; Indy Library)"
14.184.205.231 - - [04/Aug/2022:11:30:01 +0700] "GET /BlacklistR4.txt HTTP/1.0" 301 538 "-" "Mozilla/3.0 (compatible; Indy Library)"
27.71.69.79 - - [04/Aug/2022:11:30:28 +0700] "GET /BlacklistR4.txt HTTP/1.0" 301 538 "-" "Mozilla/3.0 (compatible; Indy Library)"
27.71.69.79 - - [04/Aug/2022:11:30:29 +0700] "GET /BlacklistR4.txt HTTP/1.0" 301 538 "-" "Mozilla/3.0 (compatible; Indy Library)"
180.148.4.138 - - [04/Aug/2022:11:31:25 +0700] "GET /BlacklistR4.txt HTTP/1.0" 301 538 "-" "Mozilla/3.0 (compatible; Indy Library)"
118.71.227.240 - - [04/Aug/2022:11:31:54 +0700] "GET /BlacklistR4.txt HTTP/1.0" 301 538 "-" "Mozilla/3.0 (compatible; Indy Library)"
27.72.88.226 - - [04/Aug/2022:11:32:28 +0700] "GET /BlacklistR4.txt HTTP/1.0" 301 538 "-" "Mozilla/3.0 (compatible; Indy Library)"
113.183.48.123 - - [04/Aug/2022:11:32:41 +0700] "GET /BlacklistR4.txt HTTP/1.0" 301 538 "-" "Mozilla/3.0 (compatible; Indy Library)"
125.212.173.125 - - [04/Aug/2022:11:33:00 +0700] "GET /BlacklistR4.txt HTTP/1.0" 301 538 "-" "Mozilla/3.0 (compatible; Indy Library)"
180.148.4.138 - - [04/Aug/2022:11:33:13 +0700] "GET /BlacklistR4.txt HTTP/1.0" 301 538 "-" "Mozilla/3.0 (compatible; Indy Library)"
58.186.98.225 - - [04/Aug/2022:11:34:04 +0700] "GET /BlacklistR4.txt HTTP/1.0" 301 538 "-" "Mozilla/3.0 (compatible; Indy Library)"
14.190.155.226 - - [04/Aug/2022:11:34:31 +0700] "GET /BlacklistR4.txt HTTP/1.0" 301 538 "-" "Mozilla/3.0 (compatible; Indy Library)"
14.177.236.27 - - [04/Aug/2022:11:34:35 +0700] "GET / HTTP/1.0" 301 508 "-" "Mozilla/5.0 (Linux; Android 12; SM-A515F) AppleWebKit/537.36 (KHTML, like Gecko) Chrome/103.0.0.0 Mobile Safari/537.36"
27.3.138.182 - - [04/Aug/2022:11:39:41 +0700] "GET /forums/usercounter.php?State=Stop&PCNAME=DESKTOP-M251UCM&LANIP=fe80::18e5:d5cf:1806:fb36%16&WANIP= HTTP/1.1" 404 146 "-" "-"
180.148.4.138 - - [04/Aug/2022:11:42:53 +0700] "GET /BlacklistR4.txt HTTP/1.0" 301 538 "-" "Mozilla/3.0 (compatible; Indy Library)"
14.226.67.218 - - [04/Aug/2022:11:44:10 +0700] "GET /BlacklistR4.txt HTTP/1.0" 301 538 "-" "Mozilla/3.0 (compatible; Indy Library)"
180.148.4.138 - - [04/Aug/2022:11:45:59 +0700] "GET /BlacklistR4.txt HTTP/1.0" 301 538 "-" "Mozilla/3.0 (compatible; Indy Library)"
113.183.51.29 - - [04/Aug/2022:11:49:29 +0700] "GET /BlacklistR4.txt HTTP/1.0" 301 538 "-" "Mozilla/3.0 (compatible; Indy Library)"
125.212.173.113 - - [04/Aug/2022:11:49:33 +0700] "GET /BlacklistR4.txt HTTP/1.0" 301 538 "-" "Mozilla/3.0 (compatible; Indy Library)"
171.248.42.177 - - [04/Aug/2022:11:49:42 +0700] "GET /BlacklistR4.txt HTTP/1.0" 301 538 "-" "Mozilla/3.0 (compatible; Indy Library)"
171.248.42.177 - - [04/Aug/2022:11:49:57 +0700] "GET /BlacklistR4.txt HTTP/1.0" 301 538 "-" "Mozilla/3.0 (compatible; Indy Library)"
171.248.42.177 - - [04/Aug/2022:11:50:17 +0700] "GET /BlacklistR4.txt HTTP/1.0" 301 538 "-" "Mozilla/3.0 (compatible; Indy Library)"
185.191.171.33 - - [04/Aug/2022:11:51:07 +0700] "GET /forums/showthread.php?tid=41420 HTTP/1.1" 404 146 "-" "Mozilla/5.0 (compatible; SemrushBot/7~bl; +http://www.semrush.com/bot.html)"
1.52.116.132 - - [04/Aug/2022:11:53:22 +0700] "GET /download/PMXD/stCAD/stCADInfo.inf HTTP/1.0" 301 574 "-" "Mozilla/4.0 (compatible; MSIE 7.0; Windows NT 6.1; WOW64; Trident/7.0; SLCC2; .NET CLR 2.0.50727; .NET CLR 3.5.30729; .NET CLR 3.0.30729; Media Center PC 6.0; .NET4.0C; .NET4.0E)"
1.52.116.132 - - [04/Aug/2022:11:53:22 +0700] "GET /download/PMXD/stCAD/stCADInfo.dat HTTP/1.0" 301 574 "-" "Mozilla/4.0 (compatible; MSIE 7.0; Windows NT 6.1; WOW64; Trident/7.0; SLCC2; .NET CLR 2.0.50727; .NET CLR 3.5.30729; .NET CLR 3.0.30729; Media Center PC 6.0; .NET4.0C; .NET4.0E)"
1.52.116.132 - - [04/Aug/2022:11:53:38 +0700] "GET /download/PMXD/stCAD/stCADInfo.inf HTTP/1.0" 301 574 "-" "Mozilla/4.0 (compatible; MSIE 7.0; Windows NT 6.1; WOW64; Trident/7.0; SLCC2; .NET CLR 2.0.50727; .NET CLR 3.5.30729; .NET CLR 3.0.30729; Media Center PC 6.0; .NET4.0C; .NET4.0E)"
1.52.116.132 - - [04/Aug/2022:11:57:18 +0700] "GET /download/PMXD/stCAD/stCADInfo.dat HTTP/1.0" 301 574 "-" "Mozilla/4.0 (compatible; MSIE 7.0; Windows NT 6.1; WOW64; Trident/7.0; SLCC2; .NET CLR 2.0.50727; .NET CLR 3.5.30729; .NET CLR 3.0.30729; Media Center PC 6.0; .NET4.0C; .NET4.0E)"
1.52.116.132 - - [04/Aug/2022:11:57:18 +0700] "GET /download/PMXD/stCAD/stCADInfo.inf HTTP/1.0" 301 574 "-" "Mozilla/4.0 (compatible; MSIE 7.0; Windows NT 6.1; WOW64; Trident/7.0; SLCC2; .NET CLR 2.0.50727; .NET CLR 3.5.30729; .NET CLR 3.0.30729; Media Center PC 6.0; .NET4.0C; .NET4.0E)"
118.70.170.110 - - [04/Aug/2022:11:57:57 +0700] "GET /BlacklistR4.txt HTTP/1.0" 301 538 "-" "Mozilla/3.0 (compatible; Indy Library)"
66.249.84.92 - - [04/Aug/2022:11:58:24 +0700] "GET /uploads/images/Sumac/Import1.png HTTP/1.0" 301 572 "-" "Mozilla/5.0 (Windows NT 5.1; rv:11.0) Gecko Firefox/11.0 (via ggpht.com GoogleImageProxy)"
171.248.42.177 - - [04/Aug/2022:12:00:12 +0700] "GET /BlacklistR4.txt HTTP/1.0" 301 538 "-" "Mozilla/3.0 (compatible; Indy Library)"
14.226.67.218 - - [04/Aug/2022:12:00:38 +0700] "GET /BlacklistR4.txt HTTP/1.0" 301 538 "-" "Mozilla/3.0 (compatible; Indy Library)"
216.244.66.243 - - [04/Aug/2022:12:07:49 +0700] "GET /robots.txt HTTP/1.0" 301 528 "-" "Mozilla/5.0 (compatible; DotBot/1.2; +https://opensiteexplorer.org/dotbot; help@moz.com)"
157.55.39.25 - - [04/Aug/2022:12:12:47 +0700] "GET /forums/showthread.php?tid=3 HTTP/1.1" 404 146 "-" "Mozilla/5.0 (compatible; bingbot/2.0; +http://www.bing.com/bingbot.htm)"
118.70.170.110 - - [04/Aug/2022:12:15:57 +0700] "GET /BlacklistR4.txt HTTP/1.0" 301 538 "-" "Mozilla/3.0 (compatible; Indy Library)"
118.70.170.110 - - [04/Aug/2022:12:19:17 +0700] "GET /BlacklistR4.txt HTTP/1.0" 301 538 "-" "Mozilla/3.0 (compatible; Indy Library)"
118.70.170.110 - - [04/Aug/2022:12:19:19 +0700] "GET /BlacklistR4.txt HTTP/1.0" 301 538 "-" "Mozilla/3.0 (compatible; Indy Library)"
27.3.138.182 - - [04/Aug/2022:12:23:31 +0700] "GET /download/PMXD/Escon8/Whatnews.inf HTTP/1.0" 301 574 "-" "-"
27.3.138.182 - - [04/Aug/2022:12:23:31 +0700] "GET /forums/cicspamclient.php?Command=WaitTimeNew HTTP/1.1" 404 146 "-" "-"
27.3.138.182 - - [04/Aug/2022:12:23:33 +0700] "GET /forums/usercounter.php?State=Start&PCNAME=DESKTOP-M251UCM&LANIP=fe80::18e5:d5cf:1806:fb36%16&WANIP= HTTP/1.1" 404 146 "-" "-"
157.55.39.25 - - [04/Aug/2022:12:23:38 +0700] "GET /forums/showthread.php?tid=3 HTTP/1.1" 404 146 "-" "Mozilla/5.0 (compatible; bingbot/2.0; +http://www.bing.com/bingbot.htm)"
14.243.210.216 - - [04/Aug/2022:12:24:16 +0700] "GET /BlacklistR4.txt HTTP/1.0" 301 538 "-" "Mozilla/3.0 (compatible; Indy Library)"
14.243.210.216 - - [04/Aug/2022:12:24:17 +0700] "GET /BlacklistR4.txt HTTP/1.0" 301 538 "-" "Mozilla/3.0 (compatible; Indy Library)"
58.186.116.239 - - [04/Aug/2022:12:24:40 +0700] "GET /BlacklistR4.txt HTTP/1.0" 301 538 "-" "Mozilla/3.0 (compatible; Indy Library)"
185.191.171.26 - - [04/Aug/2022:12:31:37 +0700] "GET /robots.txt HTTP/1.0" 301 528 "-" "Mozilla/5.0 (compatible; SemrushBot/7~bl; +http://www.semrush.com/bot.html)"
185.191.171.14 - - [04/Aug/2022:12:31:39 +0700] "GET /forums/showthread.php?tid=45578 HTTP/1.1" 404 146 "-" "Mozilla/5.0 (compatible; SemrushBot/7~bl; +http://www.semrush.com/bot.html)"
173.252.127.10 - - [04/Aug/2022:12:36:22 +0700] "GET /?fbclid=IwAR3Mrw_7vuY8qi3te1qqjiXouqEl9nCncmUehDYMGOXnjI-Gr13ZQ_oCtyQ HTTP/1.0" 301 646 "-" "Mozilla/5.0 (X11; Linux x86_64) AppleWebKit/537.36 (KHTML, like Gecko) Chrome/103.0.5060.134 Safari/537.36"
173.252.107.22 - - [04/Aug/2022:12:36:29 +0700] "GET / HTTP/1.0" 301 508 "-" "facebookexternalhit/1.1 (+http://www.facebook.com/externalhit_uatext.php)"
54.36.149.58 - - [04/Aug/2022:12:38:23 +0700] "GET /en/san-pham/visual-studio-2010-professional HTTP/1.0" 301 594 "-" "Mozilla/5.0 (compatible; AhrefsBot/7.0; +http://ahrefs.com/robot/)"
14.243.210.216 - - [04/Aug/2022:12:44:40 +0700] "GET /BlacklistR4.txt HTTP/1.0" 301 538 "-" "Mozilla/3.0 (compatible; Indy Library)"
54.36.148.125 - - [04/Aug/2022:12:44:47 +0700] "GET /article/hoi-thao-ung-dung-phan-mem-quan-ly-rui-ro-toan-suc-khoe-moi-truong-trong-doanh-nghiep?page=6 HTTP/1.0" 301 708 "-" "Mozilla/5.0 (compatible; AhrefsBot/7.0; +http://ahrefs.com/robot/)"
14.243.210.216 - - [04/Aug/2022:12:45:48 +0700] "GET /BlacklistR4.txt HTTP/1.0" 301 538 "-" "Mozilla/3.0 (compatible; Indy Library)"
14.243.210.216 - - [04/Aug/2022:12:45:49 +0700] "GET /BlacklistR4.txt HTTP/1.0" 301 538 "-" "Mozilla/3.0 (compatible; Indy Library)"
14.243.210.216 - - [04/Aug/2022:12:46:16 +0700] "GET /BlacklistR4.txt HTTP/1.0" 301 538 "-" "Mozilla/3.0 (compatible; Indy Library)"
14.243.210.216 - - [04/Aug/2022:12:46:18 +0700] "GET /BlacklistR4.txt HTTP/1.0" 301 538 "-" "Mozilla/3.0 (compatible; Indy Library)"
212.119.32.6 - - [04/Aug/2022:12:51:10 +0700] "GET / HTTP/1.0" 301 508 "-" "Mozilla/5.0 (compatible; Googlebot/2.1; +http://www.google.com/bot.html)"
171.225.248.154 - - [04/Aug/2022:13:00:01 +0700] "GET /BlacklistR4.txt HTTP/1.0" 301 538 "-" "Mozilla/3.0 (compatible; Indy Library)"
118.70.170.199 - - [04/Aug/2022:13:02:18 +0700] "GET / HTTP/1.0" 301 508 "-" "Mozilla/5.0 (Linux; Android 12; SM-N976N) AppleWebKit/537.36 (KHTML, like Gecko) Chrome/103.0.0.0 Mobile Safari/537.36"
216.244.66.243 - - [04/Aug/2022:13:02:24 +0700] "GET /robots.txt HTTP/1.0" 301 528 "-" "Mozilla/5.0 (compatible; DotBot/1.2; +https://opensiteexplorer.org/dotbot; help@moz.com)"
216.244.66.243 - - [04/Aug/2022:13:02:24 +0700] "GET /robots.txt HTTP/1.0" 301 528 "-" "Mozilla/5.0 (compatible; DotBot/1.2; +https://opensiteexplorer.org/dotbot; help@moz.com)"
185.191.171.33 - - [04/Aug/2022:13:03:50 +0700] "GET /forums/showthread.php?tid=43799 HTTP/1.1" 404 146 "-" "Mozilla/5.0 (compatible; SemrushBot/7~bl; +http://www.semrush.com/bot.html)"
42.117.193.41 - - [04/Aug/2022:13:04:54 +0700] "GET / HTTP/1.0" 301 508 "-" "Mozilla/5.0 (Windows NT 6.3; rv:50.0) Gecko/20100101 Firefox/50.0"
180.148.4.138 - - [04/Aug/2022:13:08:33 +0700] "GET /BlacklistR4.txt HTTP/1.0" 301 538 "-" "Mozilla/3.0 (compatible; Indy Library)"
113.183.51.29 - - [04/Aug/2022:13:08:45 +0700] "GET /BlacklistR4.txt HTTP/1.0" 301 538 "-" "Mozilla/3.0 (compatible; Indy Library)"
117.2.142.91 - - [04/Aug/2022:13:09:49 +0700] "GET /BlacklistR4.txt HTTP/1.0" 301 538 "-" "Mozilla/3.0 (compatible; Indy Library)"
14.239.212.78 - - [04/Aug/2022:13:11:58 +0700] "GET /BlacklistR4.txt HTTP/1.0" 301 538 "-" "Mozilla/3.0 (compatible; Indy Library)"
117.3.68.101 - - [04/Aug/2022:13:13:06 +0700] "GET /BlacklistR4.txt HTTP/1.0" 301 538 "-" "Mozilla/3.0 (compatible; Indy Library)"
180.148.4.138 - - [04/Aug/2022:13:14:02 +0700] "GET /BlacklistR4.txt HTTP/1.0" 301 538 "-" "Mozilla/3.0 (compatible; Indy Library)"
180.148.4.138 - - [04/Aug/2022:13:14:04 +0700] "GET /BlacklistR4.txt HTTP/1.0" 301 538 "-" "Mozilla/3.0 (compatible; Indy Library)"
185.191.171.7 - - [04/Aug/2022:13:14:52 +0700] "GET /forums/forumdisplay.php?fid=1623 HTTP/1.1" 404 146 "-" "Mozilla/5.0 (compatible; SemrushBot/7~bl; +http://www.semrush.com/bot.html)"
118.70.129.112 - - [04/Aug/2022:13:15:02 +0700] "GET / HTTP/1.0" 301 508 "-" "Mozilla/5.0 (Windows NT 10.0; WOW64; Trident/7.0; rv:11.0) like Gecko"
14.230.115.101 - - [04/Aug/2022:13:17:40 +0700] "GET /BlacklistR4.txt HTTP/1.0" 301 538 "-" "Mozilla/3.0 (compatible; Indy Library)"
5.45.102.68 - - [04/Aug/2022:13:20:27 +0700] "GET /forums/index.php HTTP/1.0" 404 548 "http://cic.com.vn/forums/index.php" "Mozilla/5.0 (Windows NT 6.3; Win64; x64) AppleWebKit/537.36 (KHTML, like Gecko) Chrome/90.0.4430.72 Safari/537.36 Edg/90.0.818.42"
5.45.102.68 - - [04/Aug/2022:13:20:29 +0700] "GET / HTTP/1.0" 301 508 "http://cic.com.vn/" "Mozilla/5.0 (Windows NT 6.3; Win64; x64) AppleWebKit/537.36 (KHTML, like Gecko) Chrome/90.0.4430.72 Safari/537.36 Edg/90.0.818.42"
14.236.237.242 - - [04/Aug/2022:13:21:55 +0700] "GET /BlacklistR4.txt HTTP/1.0" 301 538 "-" "Mozilla/3.0 (compatible; Indy Library)"
1.55.54.119 - - [04/Aug/2022:13:23:16 +0700] "GET /BlacklistR4.txt HTTP/1.0" 301 538 "-" "Mozilla/3.0 (compatible; Indy Library)"
14.230.115.101 - - [04/Aug/2022:13:23:24 +0700] "GET /BlacklistR4.txt HTTP/1.0" 301 538 "-" "Mozilla/3.0 (compatible; Indy Library)"
116.102.70.141 - - [04/Aug/2022:13:27:06 +0700] "GET /BlacklistR4.txt HTTP/1.0" 301 538 "-" "Mozilla/3.0 (compatible; Indy Library)"
180.148.4.138 - - [04/Aug/2022:13:28:48 +0700] "GET /BlacklistR4.txt HTTP/1.0" 301 538 "-" "Mozilla/3.0 (compatible; Indy Library)"
125.212.173.125 - - [04/Aug/2022:13:30:02 +0700] "GET /BlacklistR4.txt HTTP/1.0" 301 538 "-" "Mozilla/3.0 (compatible; Indy Library)"
14.230.115.101 - - [04/Aug/2022:13:30:16 +0700] "GET /BlacklistR4.txt HTTP/1.0" 301 538 "-" "Mozilla/3.0 (compatible; Indy Library)"
54.36.148.228 - - [04/Aug/2022:13:32:11 +0700] "GET /article/khuyen-mai-chao-mung-ngay-giai-phong-mien-nam-304-quoc-te-lao-dong-15?page=4 HTTP/1.0" 301 676 "-" "Mozilla/5.0 (compatible; AhrefsBot/7.0; +http://ahrefs.com/robot/)"
14.254.177.207 - - [04/Aug/2022:13:32:33 +0700] "GET /BlacklistR4.txt HTTP/1.0" 301 538 "-" "Mozilla/3.0 (compatible; Indy Library)"
14.254.177.207 - - [04/Aug/2022:13:32:33 +0700] "GET /Escon15/Escon15_analytics.html HTTP/1.0" 301 568 "-" "Mozilla/4.0 (compatible; MSIE 8.0; Windows NT 6.1; Trident/4.0; SLCC2; .NET CLR 2.0.50727; .NET CLR 3.5.30729; .NET CLR 3.0.30729; Media Center PC 6.0; .NET4.0C; .NET4.0E)"
14.226.135.19 - - [04/Aug/2022:13:32:46 +0700] "GET /BlacklistR4.txt HTTP/1.0" 301 538 "-" "Mozilla/3.0 (compatible; Indy Library)"
113.165.96.160 - - [04/Aug/2022:13:35:22 +0700] "GET /BlacklistR4.txt HTTP/1.0" 301 538 "-" "Mozilla/3.0 (compatible; Indy Library)"
14.230.115.101 - - [04/Aug/2022:13:35:25 +0700] "GET /BlacklistR4.txt HTTP/1.0" 301 538 "-" "Mozilla/3.0 (compatible; Indy Library)"
113.160.249.174 - - [04/Aug/2022:13:36:44 +0700] "GET /BlacklistR4.txt HTTP/1.0" 301 538 "-" "Mozilla/3.0 (compatible; Indy Library)"
207.46.13.161 - - [04/Aug/2022:13:37:21 +0700] "GET /uploads/images/RDW/guide/45.png HTTP/1.0" 301 570 "-" "Mozilla/5.0 (compatible; bingbot/2.0; +http://www.bing.com/bingbot.htm)"
118.70.170.110 - - [04/Aug/2022:13:39:14 +0700] "GET /BlacklistR4.txt HTTP/1.0" 301 538 "-" "Mozilla/3.0 (compatible; Indy Library)"
14.248.135.35 - - [04/Aug/2022:13:40:03 +0700] "GET /BlacklistR4.txt HTTP/1.0" 301 538 "-" "Mozilla/3.0 (compatible; Indy Library)"
117.4.114.78 - - [04/Aug/2022:13:40:35 +0700] "GET /BlacklistR4.txt HTTP/1.0" 301 538 "-" "Mozilla/3.0 (compatible; Indy Library)"
14.235.35.133 - - [04/Aug/2022:13:41:11 +0700] "GET /BlacklistR4.txt HTTP/1.0" 301 538 "-" "Mozilla/3.0 (compatible; Indy Library)"
118.70.170.110 - - [04/Aug/2022:13:41:25 +0700] "GET /BlacklistR4.txt HTTP/1.0" 301 538 "-" "Mozilla/3.0 (compatible; Indy Library)"
14.190.155.226 - - [04/Aug/2022:13:41:41 +0700] "GET /BlacklistR4.txt HTTP/1.0" 301 538 "-" "Mozilla/3.0 (compatible; Indy Library)"
14.190.154.90 - - [04/Aug/2022:13:41:59 +0700] "GET /BlacklistR4.txt HTTP/1.0" 301 538 "-" "Mozilla/3.0 (compatible; Indy Library)"
180.148.4.138 - - [04/Aug/2022:13:42:44 +0700] "GET /BlacklistR4.txt HTTP/1.0" 301 538 "-" "Mozilla/3.0 (compatible; Indy Library)"
116.102.70.141 - - [04/Aug/2022:13:42:48 +0700] "GET /BlacklistR4.txt HTTP/1.0" 301 538 "-" "Mozilla/3.0 (compatible; Indy Library)"
14.250.154.60 - - [04/Aug/2022:13:42:52 +0700] "GET /BlacklistR4.txt HTTP/1.0" 301 538 "-" "Mozilla/3.0 (compatible; Indy Library)"
185.191.171.41 - - [04/Aug/2022:13:44:22 +0700] "GET /forums/showthread.php?tid=44196 HTTP/1.1" 404 146 "-" "Mozilla/5.0 (compatible; SemrushBot/7~bl; +http://www.semrush.com/bot.html)"
14.190.155.226 - - [04/Aug/2022:13:44:37 +0700] "GET /BlacklistR4.txt HTTP/1.0" 301 538 "-" "Mozilla/3.0 (compatible; Indy Library)"
14.250.154.60 - - [04/Aug/2022:13:44:55 +0700] "GET /BlacklistR4.txt HTTP/1.0" 301 538 "-" "Mozilla/3.0 (compatible; Indy Library)"
14.230.115.101 - - [04/Aug/2022:13:45:03 +0700] "GET /BlacklistR4.txt HTTP/1.0" 301 538 "-" "Mozilla/3.0 (compatible; Indy Library)"
14.190.155.226 - - [04/Aug/2022:13:46:12 +0700] "GET /BlacklistR4.txt HTTP/1.0" 301 538 "-" "Mozilla/3.0 (compatible; Indy Library)"
14.190.154.90 - - [04/Aug/2022:13:46:31 +0700] "GET /BlacklistR4.txt HTTP/1.0" 301 538 "-" "Mozilla/3.0 (compatible; Indy Library)"
14.190.155.226 - - [04/Aug/2022:13:47:02 +0700] "GET /BlacklistR4.txt HTTP/1.0" 301 538 "-" "Mozilla/3.0 (compatible; Indy Library)"
14.230.115.101 - - [04/Aug/2022:13:47:26 +0700] "GET /BlacklistR4.txt HTTP/1.0" 301 538 "-" "Mozilla/3.0 (compatible; Indy Library)"
14.190.155.226 - - [04/Aug/2022:13:48:21 +0700] "GET /BlacklistR4.txt HTTP/1.0" 301 538 "-" "Mozilla/3.0 (compatible; Indy Library)"
14.190.155.226 - - [04/Aug/2022:13:48:22 +0700] "GET /BlacklistR4.txt HTTP/1.0" 301 538 "-" "Mozilla/3.0 (compatible; Indy Library)"
14.190.155.226 - - [04/Aug/2022:13:48:24 +0700] "GET /BlacklistR4.txt HTTP/1.0" 301 538 "-" "Mozilla/3.0 (compatible; Indy Library)"
58.187.189.160 - - [04/Aug/2022:13:48:50 +0700] "GET /BlacklistR4.txt HTTP/1.0" 301 538 "-" "Mozilla/3.0 (compatible; Indy Library)"
123.24.199.42 - - [04/Aug/2022:13:49:11 +0700] "GET / HTTP/1.0" 301 508 "-" "Mozilla/5.0 (Windows NT 10.0; Win64; x64) AppleWebKit/537.36 (KHTML, like Gecko) Chrome/103.0.0.0 Safari/537.36"
14.250.109.30 - - [04/Aug/2022:13:49:13 +0700] "GET /BlacklistR4.txt HTTP/1.0" 301 538 "-" "Mozilla/3.0 (compatible; Indy Library)"
14.243.210.216 - - [04/Aug/2022:13:49:13 +0700] "GET /BlacklistR4.txt HTTP/1.0" 301 538 "-" "Mozilla/3.0 (compatible; Indy Library)"
14.243.210.216 - - [04/Aug/2022:13:49:14 +0700] "GET /BlacklistR4.txt HTTP/1.0" 301 538 "-" "Mozilla/3.0 (compatible; Indy Library)"
14.190.155.226 - - [04/Aug/2022:13:50:44 +0700] "GET /BlacklistR4.txt HTTP/1.0" 301 538 "-" "Mozilla/3.0 (compatible; Indy Library)"
14.235.176.189 - - [04/Aug/2022:13:50:56 +0700] "GET /BlacklistR4.txt HTTP/1.0" 301 538 "-" "Mozilla/3.0 (compatible; Indy Library)"
180.148.4.138 - - [04/Aug/2022:13:51:36 +0700] "GET /BlacklistR4.txt HTTP/1.0" 301 538 "-" "Mozilla/3.0 (compatible; Indy Library)"
14.230.115.101 - - [04/Aug/2022:13:51:44 +0700] "GET /BlacklistR4.txt HTTP/1.0" 301 538 "-" "Mozilla/3.0 (compatible; Indy Library)"
171.228.209.201 - - [04/Aug/2022:13:51:45 +0700] "GET /BlacklistR4.txt HTTP/1.0" 301 538 "-" "Mozilla/3.0 (compatible; Indy Library)"
180.148.4.138 - - [04/Aug/2022:13:51:47 +0700] "GET /BlacklistR4.txt HTTP/1.0" 301 538 "-" "Mozilla/3.0 (compatible; Indy Library)"
14.190.155.226 - - [04/Aug/2022:13:52:11 +0700] "GET /BlacklistR4.txt HTTP/1.0" 301 538 "-" "Mozilla/3.0 (compatible; Indy Library)"
14.235.35.133 - - [04/Aug/2022:13:52:17 +0700] "GET /BlacklistR4.txt HTTP/1.0" 301 538 "-" "Mozilla/3.0 (compatible; Indy Library)"
14.187.138.237 - - [04/Aug/2022:13:52:48 +0700] "GET /BlacklistR4.txt HTTP/1.0" 301 538 "-" "Mozilla/3.0 (compatible; Indy Library)"
123.25.238.217 - - [04/Aug/2022:13:52:51 +0700] "GET /BlacklistR4.txt HTTP/1.0" 301 538 "-" "Mozilla/3.0 (compatible; Indy Library)"
146.19.173.169 - - [04/Aug/2022:13:52:59 +0700] "GET /forums/index.php HTTP/1.0" 404 548 "http://cic.com.vn/forums/index.php" "Mozilla/5.0 (Windows NT 10.0; WOW64) AppleWebKit/537.36 (KHTML, like Gecko) Chrome/90.0.4430.85 Safari/537.36"
146.19.173.169 - - [04/Aug/2022:13:53:01 +0700] "GET / HTTP/1.0" 301 508 "http://cic.com.vn/" "Mozilla/5.0 (Windows NT 10.0; WOW64) AppleWebKit/537.36 (KHTML, like Gecko) Chrome/90.0.4430.85 Safari/537.36"
113.183.51.29 - - [04/Aug/2022:13:53:48 +0700] "GET /BlacklistR4.txt HTTP/1.0" 301 538 "-" "Mozilla/3.0 (compatible; Indy Library)"
14.166.184.97 - - [04/Aug/2022:13:54:25 +0700] "GET /BlacklistR4.txt HTTP/1.0" 301 538 "-" "Mozilla/3.0 (compatible; Indy Library)"
116.102.70.141 - - [04/Aug/2022:13:55:14 +0700] "GET /BlacklistR4.txt HTTP/1.0" 301 538 "-" "Mozilla/3.0 (compatible; Indy Library)"
185.191.171.14 - - [04/Aug/2022:13:55:21 +0700] "GET /forums/showthread.php?tid=41462 HTTP/1.1" 404 146 "-" "Mozilla/5.0 (compatible; SemrushBot/7~bl; +http://www.semrush.com/bot.html)"
180.148.4.138 - - [04/Aug/2022:13:57:10 +0700] "GET /BlacklistR4.txt HTTP/1.0" 301 538 "-" "Mozilla/3.0 (compatible; Indy Library)"
180.148.4.138 - - [04/Aug/2022:13:57:16 +0700] "GET /BlacklistR4.txt HTTP/1.0" 301 538 "-" "Mozilla/3.0 (compatible; Indy Library)"
157.55.39.98 - - [04/Aug/2022:13:57:25 +0700] "GET /TaiVe HTTP/1.0" 301 518 "-" "Mozilla/5.0 (compatible; bingbot/2.0; +http://www.bing.com/bingbot.htm)"
171.235.96.37 - - [04/Aug/2022:13:57:58 +0700] "GET /BlacklistR4.txt HTTP/1.0" 301 538 "-" "Mozilla/3.0 (compatible; Indy Library)"
117.3.203.199 - - [04/Aug/2022:13:58:29 +0700] "GET /BlacklistR4.txt HTTP/1.0" 301 538 "-" "Mozilla/3.0 (compatible; Indy Library)"
185.191.171.11 - - [04/Aug/2022:13:58:43 +0700] "GET /forums/showthread.php?mode=linear&pid=426&tid=20 HTTP/1.1" 404 146 "-" "Mozilla/5.0 (compatible; SemrushBot/7~bl; +http://www.semrush.com/bot.html)"
14.248.135.35 - - [04/Aug/2022:13:59:42 +0700] "GET /BlacklistR4.txt HTTP/1.0" 301 538 "-" "Mozilla/3.0 (compatible; Indy Library)"
216.244.66.243 - - [04/Aug/2022:14:00:47 +0700] "GET /robots.txt HTTP/1.0" 301 528 "-" "Mozilla/5.0 (compatible; DotBot/1.2; +https://opensiteexplorer.org/dotbot; help@moz.com)"
171.235.96.37 - - [04/Aug/2022:14:00:47 +0700] "GET /BlacklistR4.txt HTTP/1.0" 301 538 "-" "Mozilla/3.0 (compatible; Indy Library)"
216.244.66.243 - - [04/Aug/2022:14:00:50 +0700] "GET /robots.txt HTTP/1.0" 301 528 "-" "Mozilla/5.0 (compatible; DotBot/1.2; +https://opensiteexplorer.org/dotbot; help@moz.com)"
118.71.227.240 - - [04/Aug/2022:14:01:31 +0700] "GET /BlacklistR4.txt HTTP/1.0" 301 538 "-" "Mozilla/3.0 (compatible; Indy Library)"
14.255.45.188 - - [04/Aug/2022:14:02:32 +0700] "GET /BlacklistR4.txt HTTP/1.0" 301 538 "-" "Mozilla/3.0 (compatible; Indy Library)"
113.183.48.123 - - [04/Aug/2022:14:03:05 +0700] "GET /BlacklistR4.txt HTTP/1.0" 301 538 "-" "Mozilla/3.0 (compatible; Indy Library)"
14.190.155.226 - - [04/Aug/2022:14:03:07 +0700] "GET /BlacklistR4.txt HTTP/1.0" 301 538 "-" "Mozilla/3.0 (compatible; Indy Library)"
14.254.177.207 - - [04/Aug/2022:14:03:26 +0700] "GET /BlacklistR4.txt HTTP/1.0" 301 538 "-" "Mozilla/3.0 (compatible; Indy Library)"
14.254.177.207 - - [04/Aug/2022:14:03:27 +0700] "GET /Escon15/Escon15_analytics.html HTTP/1.0" 301 568 "-" "Mozilla/4.0 (compatible; MSIE 8.0; Windows NT 6.1; Trident/4.0; SLCC2; .NET CLR 2.0.50727; .NET CLR 3.5.30729; .NET CLR 3.0.30729; Media Center PC 6.0; .NET4.0C; .NET4.0E)"
58.187.189.160 - - [04/Aug/2022:14:03:56 +0700] "GET /BlacklistR4.txt HTTP/1.0" 301 538 "-" "Mozilla/3.0 (compatible; Indy Library)"
222.252.144.200 - - [04/Aug/2022:14:05:10 +0700] "GET /BlacklistR4.txt HTTP/1.0" 301 538 "-" "Mozilla/3.0 (compatible; Indy Library)"
171.246.168.150 - - [04/Aug/2022:14:06:11 +0700] "GET /BlacklistR4.txt HTTP/1.0" 301 538 "-" "Mozilla/3.0 (compatible; Indy Library)"
171.246.168.150 - - [04/Aug/2022:14:06:12 +0700] "GET /BlacklistR4.txt HTTP/1.0" 301 538 "-" "Mozilla/3.0 (compatible; Indy Library)"
171.246.168.150 - - [04/Aug/2022:14:06:12 +0700] "GET /BlacklistR4.txt HTTP/1.0" 301 538 "-" "Mozilla/3.0 (compatible; Indy Library)"
171.246.168.150 - - [04/Aug/2022:14:06:12 +0700] "GET /BlacklistR4.txt HTTP/1.0" 301 538 "-" "Mozilla/3.0 (compatible; Indy Library)"
171.246.168.150 - - [04/Aug/2022:14:06:12 +0700] "GET /BlacklistR4.txt HTTP/1.0" 301 538 "-" "Mozilla/3.0 (compatible; Indy Library)"
171.246.168.150 - - [04/Aug/2022:14:06:12 +0700] "GET /BlacklistR4.txt HTTP/1.0" 301 538 "-" "Mozilla/3.0 (compatible; Indy Library)"
171.246.168.150 - - [04/Aug/2022:14:06:13 +0700] "GET /BlacklistR4.txt HTTP/1.0" 301 538 "-" "Mozilla/3.0 (compatible; Indy Library)"
171.246.168.150 - - [04/Aug/2022:14:06:13 +0700] "GET /BlacklistR4.txt HTTP/1.0" 301 538 "-" "Mozilla/3.0 (compatible; Indy Library)"
171.246.168.150 - - [04/Aug/2022:14:06:13 +0700] "GET /BlacklistR4.txt HTTP/1.0" 301 538 "-" "Mozilla/3.0 (compatible; Indy Library)"
171.246.168.150 - - [04/Aug/2022:14:06:13 +0700] "GET /BlacklistR4.txt HTTP/1.0" 301 538 "-" "Mozilla/3.0 (compatible; Indy Library)"
171.246.168.150 - - [04/Aug/2022:14:06:13 +0700] "GET /BlacklistR4.txt HTTP/1.0" 301 538 "-" "Mozilla/3.0 (compatible; Indy Library)"
171.246.168.150 - - [04/Aug/2022:14:06:14 +0700] "GET /BlacklistR4.txt HTTP/1.0" 301 538 "-" "Mozilla/3.0 (compatible; Indy Library)"
171.246.168.150 - - [04/Aug/2022:14:06:15 +0700] "GET /BlacklistR4.txt HTTP/1.0" 301 538 "-" "Mozilla/3.0 (compatible; Indy Library)"
171.246.168.150 - - [04/Aug/2022:14:06:16 +0700] "GET /BlacklistR4.txt HTTP/1.0" 301 538 "-" "Mozilla/3.0 (compatible; Indy Library)"
171.246.168.150 - - [04/Aug/2022:14:06:16 +0700] "GET /BlacklistR4.txt HTTP/1.0" 301 538 "-" "Mozilla/3.0 (compatible; Indy Library)"
171.246.168.150 - - [04/Aug/2022:14:06:16 +0700] "GET /BlacklistR4.txt HTTP/1.0" 301 538 "-" "Mozilla/3.0 (compatible; Indy Library)"
