14.183.68.18 - - [16/Oct/2021:11:28:35 +0700] "GET /BlacklistR4.txt HTTP/1.0" 301 538 "-" "Mozilla/3.0 (compatible; Indy Library)"
14.186.80.155 - - [16/Oct/2021:11:28:41 +0700] "GET /BlacklistR4.txt HTTP/1.0" 301 538 "-" "Mozilla/3.0 (compatible; Indy Library)"
14.186.80.155 - - [16/Oct/2021:11:28:42 +0700] "GET /BlacklistR4.txt HTTP/1.0" 301 538 "-" "Mozilla/3.0 (compatible; Indy Library)"
14.186.80.155 - - [16/Oct/2021:11:28:42 +0700] "GET /BlacklistR4.txt HTTP/1.0" 301 538 "-" "Mozilla/3.0 (compatible; Indy Library)"
14.186.80.155 - - [16/Oct/2021:11:28:42 +0700] "GET /BlacklistR4.txt HTTP/1.0" 301 538 "-" "Mozilla/3.0 (compatible; Indy Library)"
14.186.80.155 - - [16/Oct/2021:11:28:42 +0700] "GET /BlacklistR4.txt HTTP/1.0" 301 538 "-" "Mozilla/3.0 (compatible; Indy Library)"
14.186.80.155 - - [16/Oct/2021:11:28:42 +0700] "GET /BlacklistR4.txt HTTP/1.0" 301 538 "-" "Mozilla/3.0 (compatible; Indy Library)"
14.186.80.155 - - [16/Oct/2021:11:28:42 +0700] "GET /BlacklistR4.txt HTTP/1.0" 301 538 "-" "Mozilla/3.0 (compatible; Indy Library)"
14.186.80.155 - - [16/Oct/2021:11:28:42 +0700] "GET /BlacklistR4.txt HTTP/1.0" 301 538 "-" "Mozilla/3.0 (compatible; Indy Library)"
14.186.80.155 - - [16/Oct/2021:11:28:49 +0700] "GET /BlacklistR4.txt HTTP/1.0" 301 538 "-" "Mozilla/3.0 (compatible; Indy Library)"
27.72.105.188 - - [16/Oct/2021:11:28:49 +0700] "GET /BlacklistR4.txt HTTP/1.0" 301 538 "-" "Mozilla/3.0 (compatible; Indy Library)"
14.186.80.155 - - [16/Oct/2021:11:28:50 +0700] "GET /BlacklistR4.txt HTTP/1.0" 301 538 "-" "Mozilla/3.0 (compatible; Indy Library)"
14.186.80.155 - - [16/Oct/2021:11:28:56 +0700] "GET /BlacklistR4.txt HTTP/1.0" 301 538 "-" "Mozilla/3.0 (compatible; Indy Library)"
14.186.80.155 - - [16/Oct/2021:11:28:56 +0700] "GET /BlacklistR4.txt HTTP/1.0" 301 538 "-" "Mozilla/3.0 (compatible; Indy Library)"
14.186.80.155 - - [16/Oct/2021:11:28:58 +0700] "GET /BlacklistR4.txt HTTP/1.0" 301 538 "-" "Mozilla/3.0 (compatible; Indy Library)"
14.186.80.155 - - [16/Oct/2021:11:28:58 +0700] "GET /BlacklistR4.txt HTTP/1.0" 301 538 "-" "Mozilla/3.0 (compatible; Indy Library)"
14.186.80.155 - - [16/Oct/2021:11:28:59 +0700] "GET /BlacklistR4.txt HTTP/1.0" 301 538 "-" "Mozilla/3.0 (compatible; Indy Library)"
14.186.80.155 - - [16/Oct/2021:11:28:59 +0700] "GET /BlacklistR4.txt HTTP/1.0" 301 538 "-" "Mozilla/3.0 (compatible; Indy Library)"
14.186.80.155 - - [16/Oct/2021:11:28:59 +0700] "GET /BlacklistR4.txt HTTP/1.0" 301 538 "-" "Mozilla/3.0 (compatible; Indy Library)"
14.186.80.155 - - [16/Oct/2021:11:28:59 +0700] "GET /BlacklistR4.txt HTTP/1.0" 301 538 "-" "Mozilla/3.0 (compatible; Indy Library)"
14.186.80.155 - - [16/Oct/2021:11:28:59 +0700] "GET /BlacklistR4.txt HTTP/1.0" 301 538 "-" "Mozilla/3.0 (compatible; Indy Library)"
14.186.80.155 - - [16/Oct/2021:11:28:59 +0700] "GET /BlacklistR4.txt HTTP/1.0" 301 538 "-" "Mozilla/3.0 (compatible; Indy Library)"
42.115.136.207 - - [16/Oct/2021:11:29:21 +0700] "GET /BlacklistR4.txt HTTP/1.0" 301 538 "-" "Mozilla/3.0 (compatible; Indy Library)"
14.175.108.118 - - [16/Oct/2021:11:29:30 +0700] "GET /BlacklistR4.txt HTTP/1.0" 301 538 "-" "Mozilla/3.0 (compatible; Indy Library)"
14.175.108.118 - - [16/Oct/2021:11:29:32 +0700] "GET /BlacklistR4.txt HTTP/1.0" 301 538 "-" "Mozilla/3.0 (compatible; Indy Library)"
14.175.108.118 - - [16/Oct/2021:11:29:34 +0700] "GET /BlacklistR4.txt HTTP/1.0" 301 538 "-" "Mozilla/3.0 (compatible; Indy Library)"
14.175.108.118 - - [16/Oct/2021:11:29:35 +0700] "GET /BlacklistR4.txt HTTP/1.0" 301 538 "-" "Mozilla/3.0 (compatible; Indy Library)"
14.175.108.118 - - [16/Oct/2021:11:29:37 +0700] "GET /BlacklistR4.txt HTTP/1.0" 301 538 "-" "Mozilla/3.0 (compatible; Indy Library)"
14.175.108.118 - - [16/Oct/2021:11:29:39 +0700] "GET /BlacklistR4.txt HTTP/1.0" 301 538 "-" "Mozilla/3.0 (compatible; Indy Library)"
106.8.223.157 - - [16/Oct/2021:11:29:41 +0700] "GET / HTTP/1.0" 301 508 "http://cic.com.vn" "Mozilla/5.0 (Windows NT 6.1; WOW64) AppleWebKit/537.36 (KHTML, like Gecko) Chrome/61.0.3163.79 Safari/537.36 Maxthon/5.2.1.5000"
14.183.68.18 - - [16/Oct/2021:11:30:29 +0700] "GET /BlacklistR4.txt HTTP/1.0" 301 538 "-" "Mozilla/3.0 (compatible; Indy Library)"
40.77.167.59 - - [16/Oct/2021:11:32:01 +0700] "GET /uploads/images/TKT/10.%20chon%20thong%20so.png HTTP/1.0" 301 600 "-" "Mozilla/5.0 (compatible; bingbot/2.0; +http://www.bing.com/bingbot.htm)"
14.230.108.156 - - [16/Oct/2021:11:34:01 +0700] "GET /BlacklistR4.txt HTTP/1.0" 301 538 "-" "Mozilla/3.0 (compatible; Indy Library)"
14.230.108.156 - - [16/Oct/2021:11:34:01 +0700] "GET /BlacklistR4.txt HTTP/1.0" 301 538 "-" "Mozilla/3.0 (compatible; Indy Library)"
14.176.29.249 - - [16/Oct/2021:11:34:03 +0700] "GET /BlacklistR4.txt HTTP/1.0" 301 538 "-" "Mozilla/3.0 (compatible; Indy Library)"
14.230.108.156 - - [16/Oct/2021:11:34:39 +0700] "GET /BlacklistR4.txt HTTP/1.0" 301 538 "-" "Mozilla/3.0 (compatible; Indy Library)"
14.176.29.249 - - [16/Oct/2021:11:35:15 +0700] "GET /BlacklistR4.txt HTTP/1.0" 301 538 "-" "Mozilla/3.0 (compatible; Indy Library)"
113.165.96.160 - - [16/Oct/2021:11:35:33 +0700] "GET /BlacklistR4.txt HTTP/1.0" 301 538 "-" "Mozilla/3.0 (compatible; Indy Library)"
113.165.96.160 - - [16/Oct/2021:11:35:45 +0700] "GET /BlacklistR4.txt HTTP/1.0" 301 538 "-" "Mozilla/3.0 (compatible; Indy Library)"
14.176.29.249 - - [16/Oct/2021:11:36:11 +0700] "GET /BlacklistR4.txt HTTP/1.0" 301 538 "-" "Mozilla/3.0 (compatible; Indy Library)"
14.176.29.249 - - [16/Oct/2021:11:37:31 +0700] "GET /BlacklistR4.txt HTTP/1.0" 301 538 "-" "Mozilla/3.0 (compatible; Indy Library)"
113.188.255.220 - - [16/Oct/2021:11:37:34 +0700] "GET /BlacklistR4.txt HTTP/1.0" 301 538 "-" "Mozilla/3.0 (compatible; Indy Library)"
14.176.29.249 - - [16/Oct/2021:11:38:00 +0700] "GET /BlacklistR4.txt HTTP/1.0" 301 538 "-" "Mozilla/3.0 (compatible; Indy Library)"
14.176.29.249 - - [16/Oct/2021:11:38:40 +0700] "GET /BlacklistR4.txt HTTP/1.0" 301 538 "-" "Mozilla/3.0 (compatible; Indy Library)"
42.115.136.207 - - [16/Oct/2021:11:39:45 +0700] "GET /BlacklistR4.txt HTTP/1.0" 301 538 "-" "Mozilla/3.0 (compatible; Indy Library)"
14.176.29.249 - - [16/Oct/2021:11:39:55 +0700] "GET /BlacklistR4.txt HTTP/1.0" 301 538 "-" "Mozilla/3.0 (compatible; Indy Library)"
123.28.135.49 - - [16/Oct/2021:11:41:53 +0700] "GET /BlacklistR4.txt HTTP/1.0" 301 538 "-" "Mozilla/3.0 (compatible; Indy Library)"
66.102.6.107 - - [16/Oct/2021:11:43:08 +0700] "GET / HTTP/1.0" 301 508 "-" "Mozilla/5.0 (X11; Linux x86_64) AppleWebKit/537.36 (KHTML, like Gecko) Chrome/49.0.2623.75 Safari/537.36 Google Favicon"
14.176.29.249 - - [16/Oct/2021:11:43:29 +0700] "GET /BlacklistR4.txt HTTP/1.0" 301 538 "-" "Mozilla/3.0 (compatible; Indy Library)"
52.18.194.12 - - [16/Oct/2021:11:44:31 +0700] "GET / HTTP/1.0" 301 508 "-" "Mozilla/5.0 (Macintosh; Intel Mac OS X 10_15_7) AppleWebKit/537.36 (KHTML, like Gecko) Chrome/92.0.4515.159 Safari/537.36 Edg/92.0.902.84"
113.160.150.197 - - [16/Oct/2021:11:44:50 +0700] "GET /BlacklistR4.txt HTTP/1.0" 301 538 "-" "Mozilla/3.0 (compatible; Indy Library)"
216.244.66.243 - - [16/Oct/2021:11:46:34 +0700] "GET /robots.txt HTTP/1.0" 301 528 "-" "Mozilla/5.0 (compatible; DotBot/1.2; +https://opensiteexplorer.org/dotbot; help@moz.com)"
113.254.187.70 - - [16/Oct/2021:11:46:44 +0700] "GET /pma/ HTTP/1.0" 301 516 "http://cic.com.vn/pma/" "Mozilla/5.0 (Windows NT 10.0; Win64; x64) AppleWebKit/537.36 (KHTML, like Gecko) Chrome/86.0.4240.198 Safari/537.36"
113.254.187.70 - - [16/Oct/2021:11:46:54 +0700] "GET /phpmyadmin/ HTTP/1.0" 301 530 "http://cic.com.vn/phpmyadmin/" "Mozilla/5.0 (Windows NT 10.0; Win64; x64) AppleWebKit/537.36 (KHTML, like Gecko) Chrome/86.0.4240.198 Safari/537.36"
113.254.187.70 - - [16/Oct/2021:11:47:12 +0700] "GET /phpMyAdmin/ HTTP/1.0" 301 530 "http://cic.com.vn/phpMyAdmin/" "Mozilla/5.0 (Windows NT 10.0; Win64; x64) AppleWebKit/537.36 (KHTML, like Gecko) Chrome/86.0.4240.198 Safari/537.36"
14.176.29.249 - - [16/Oct/2021:11:50:08 +0700] "GET /BlacklistR4.txt HTTP/1.0" 301 538 "-" "Mozilla/3.0 (compatible; Indy Library)"
14.176.29.249 - - [16/Oct/2021:11:51:25 +0700] "GET /BlacklistR4.txt HTTP/1.0" 301 538 "-" "Mozilla/3.0 (compatible; Indy Library)"
14.186.80.155 - - [16/Oct/2021:11:51:32 +0700] "GET /BlacklistR4.txt HTTP/1.0" 301 538 "-" "Mozilla/3.0 (compatible; Indy Library)"
14.186.80.155 - - [16/Oct/2021:11:51:32 +0700] "GET /BlacklistR4.txt HTTP/1.0" 301 538 "-" "Mozilla/3.0 (compatible; Indy Library)"
14.186.80.155 - - [16/Oct/2021:11:51:32 +0700] "GET /BlacklistR4.txt HTTP/1.0" 301 538 "-" "Mozilla/3.0 (compatible; Indy Library)"
14.186.80.155 - - [16/Oct/2021:11:51:32 +0700] "GET /BlacklistR4.txt HTTP/1.0" 301 538 "-" "Mozilla/3.0 (compatible; Indy Library)"
14.186.80.155 - - [16/Oct/2021:11:51:32 +0700] "GET /BlacklistR4.txt HTTP/1.0" 301 538 "-" "Mozilla/3.0 (compatible; Indy Library)"
14.186.80.155 - - [16/Oct/2021:11:51:32 +0700] "GET /BlacklistR4.txt HTTP/1.0" 301 538 "-" "Mozilla/3.0 (compatible; Indy Library)"
14.186.80.155 - - [16/Oct/2021:11:51:32 +0700] "GET /BlacklistR4.txt HTTP/1.0" 301 538 "-" "Mozilla/3.0 (compatible; Indy Library)"
14.186.80.155 - - [16/Oct/2021:11:51:32 +0700] "GET /BlacklistR4.txt HTTP/1.0" 301 538 "-" "Mozilla/3.0 (compatible; Indy Library)"
14.176.29.249 - - [16/Oct/2021:11:52:11 +0700] "GET /BlacklistR4.txt HTTP/1.0" 301 538 "-" "Mozilla/3.0 (compatible; Indy Library)"
173.212.232.151 - - [16/Oct/2021:11:58:47 +0700] "HEAD / HTTP/1.0" 301 256 "-" "-"
103.199.57.212 - - [16/Oct/2021:12:00:02 +0700] "GET / HTTP/1.0" 301 508 "-" "Mozilla/5.0 (Linux; Android 11; SM-A125F) AppleWebKit/537.36 (KHTML, like Gecko) Chrome/94.0.4606.85 Mobile Safari/537.36"
66.249.79.201 - - [16/Oct/2021:12:01:00 +0700] "GET /robots.txt HTTP/1.0" 301 528 "-" "Mozilla/5.0 (compatible; Googlebot/2.1; +http://www.google.com/bot.html)"
27.72.105.188 - - [16/Oct/2021:12:01:01 +0700] "GET /BlacklistR4.txt HTTP/1.0" 301 538 "-" "Mozilla/3.0 (compatible; Indy Library)"
66.249.79.195 - - [16/Oct/2021:12:01:01 +0700] "GET /uploads/images/stCAD/ThongKeThepAmSan.PNG HTTP/1.0" 301 590 "-" "Googlebot-Image/1.0"
14.176.29.249 - - [16/Oct/2021:12:02:05 +0700] "GET /BlacklistR4.txt HTTP/1.0" 301 538 "-" "Mozilla/3.0 (compatible; Indy Library)"
14.176.29.249 - - [16/Oct/2021:12:03:05 +0700] "GET /BlacklistR4.txt HTTP/1.0" 301 538 "-" "Mozilla/3.0 (compatible; Indy Library)"
125.235.237.226 - - [16/Oct/2021:12:04:53 +0700] "GET /BlacklistR4.txt HTTP/1.0" 301 538 "-" "Mozilla/3.0 (compatible; Indy Library)"
157.55.39.164 - - [16/Oct/2021:12:06:34 +0700] "GET /uploads/images/Vinasas/IV_SoDo_ThuVienKetCau2.png HTTP/1.0" 301 606 "-" "Mozilla/5.0 (compatible; bingbot/2.0; +http://www.bing.com/bingbot.htm)"
14.176.29.249 - - [16/Oct/2021:12:09:21 +0700] "GET /BlacklistR4.txt HTTP/1.0" 301 538 "-" "Mozilla/3.0 (compatible; Indy Library)"
106.8.223.157 - - [16/Oct/2021:12:09:35 +0700] "GET / HTTP/1.0" 301 508 "http://cic.com.vn" "Mozilla/5.0 (Windows NT 6.1; WOW64; Trident/7.0; rv:11.0) like Gecko 4tds562"
149.54.137.26 - - [16/Oct/2021:12:10:32 +0700] "GET /pma/ HTTP/1.0" 301 516 "http://cic.com.vn/pma/" "Mozilla/5.0 (Windows NT 10.0; Win64; x64) AppleWebKit/537.36 (KHTML, like Gecko) Chrome/86.0.4240.198 Safari/B955BB"
149.54.137.26 - - [16/Oct/2021:12:10:42 +0700] "GET /phpmyadmin/ HTTP/1.0" 301 530 "http://cic.com.vn/phpmyadmin/" "Mozilla/5.0 (Windows NT 10.0; Win64; x64) AppleWebKit/537.36 (KHTML, like Gecko) Chrome/86.0.4240.198 Safari/B955BB"
149.54.137.26 - - [16/Oct/2021:12:10:54 +0700] "GET /phpMyAdmin/ HTTP/1.0" 301 530 "http://cic.com.vn/phpMyAdmin/" "Mozilla/5.0 (Windows NT 10.0; Win64; x64) AppleWebKit/537.36 (KHTML, like Gecko) Chrome/86.0.4240.198 Safari/B955BB"
45.120.51.218 - - [16/Oct/2021:12:11:00 +0700] "GET / HTTP/1.0" 301 508 "http://cic.com.vn" "Mozilla/5.0 (Windows NT 6.1; WOW64; rv:60.0) Gecko/20100101 Firefox/60.0,gzip(gfe)"
14.176.29.249 - - [16/Oct/2021:12:13:07 +0700] "GET /BlacklistR4.txt HTTP/1.0" 301 538 "-" "Mozilla/3.0 (compatible; Indy Library)"
77.75.79.72 - - [16/Oct/2021:12:15:17 +0700] "GET /robots.txt HTTP/1.0" 301 528 "-" "Mozilla/5.0 (compatible; SeznamBot/3.2; +http://napoveda.seznam.cz/en/seznambot-intro/)"
77.75.79.72 - - [16/Oct/2021:12:15:20 +0700] "GET /uploads/images/RDW/guide/19.png HTTP/1.0" 301 570 "-" "Mozilla/5.0 (compatible; SeznamBot/3.2; +http://napoveda.seznam.cz/en/seznambot-intro/)"
113.176.163.194 - - [16/Oct/2021:12:16:32 +0700] "GET /BlacklistR4.txt HTTP/1.0" 301 538 "-" "Mozilla/3.0 (compatible; Indy Library)"
54.36.148.128 - - [16/Oct/2021:12:16:49 +0700] "GET /robots.txt HTTP/1.0" 301 528 "-" "Mozilla/5.0 (compatible; AhrefsBot/7.0; +http://ahrefs.com/robot/)"
113.176.163.194 - - [16/Oct/2021:12:17:31 +0700] "GET /BlacklistR4.txt HTTP/1.0" 301 538 "-" "Mozilla/3.0 (compatible; Indy Library)"
27.73.78.61 - - [16/Oct/2021:12:20:52 +0700] "GET /BlacklistR4.txt HTTP/1.0" 301 538 "-" "Mozilla/3.0 (compatible; Indy Library)"
27.73.78.61 - - [16/Oct/2021:12:20:59 +0700] "GET /BlacklistR4.txt HTTP/1.0" 301 538 "-" "Mozilla/3.0 (compatible; Indy Library)"
113.176.163.194 - - [16/Oct/2021:12:20:59 +0700] "GET /BlacklistR4.txt HTTP/1.0" 301 538 "-" "Mozilla/3.0 (compatible; Indy Library)"
27.73.78.61 - - [16/Oct/2021:12:21:01 +0700] "GET /BlacklistR4.txt HTTP/1.0" 301 538 "-" "Mozilla/3.0 (compatible; Indy Library)"
27.73.78.61 - - [16/Oct/2021:12:21:06 +0700] "GET /BlacklistR4.txt HTTP/1.0" 301 538 "-" "Mozilla/3.0 (compatible; Indy Library)"
27.73.78.61 - - [16/Oct/2021:12:21:08 +0700] "GET /BlacklistR4.txt HTTP/1.0" 301 538 "-" "Mozilla/3.0 (compatible; Indy Library)"
35.206.164.242 - - [16/Oct/2021:12:21:12 +0700] "GET /robots.txt HTTP/1.0" 301 528 "-" "Go-http-client/1.1"
35.206.164.242 - - [16/Oct/2021:12:21:15 +0700] "GET /article/tuyen-nhan-vien-kinh-doanh-phan-mem-thiet-bi-cong-nghe-giai-phap-cong-nghe-thong-tin-trong HTTP/1.0" 301 704 "-" "Mozilla/5.0 (compatible; VelenPublicWebCrawler/1.0; +https://velen.io)"
40.77.167.48 - - [16/Oct/2021:12:22:30 +0700] "GET /uploads/images/TKT/intro/KieuThanhThep2.png HTTP/1.0" 301 594 "-" "Mozilla/5.0 (compatible; bingbot/2.0; +http://www.bing.com/bingbot.htm)"
66.249.79.113 - - [16/Oct/2021:12:22:54 +0700] "GET /info.asp?page=news&language=vn&id=310&act=1 HTTP/1.0" 301 606 "-" "Mozilla/5.0 (Linux; Android 6.0.1; Nexus 5X Build/MMB29P) AppleWebKit/537.36 (KHTML, like Gecko) Chrome/94.0.4606.81 Mobile Safari/537.36 (compatible; Googlebot/2.1; +http://www.google.com/bot.html)"
27.73.78.61 - - [16/Oct/2021:12:23:47 +0700] "GET /BlacklistR4.txt HTTP/1.0" 301 538 "-" "Mozilla/3.0 (compatible; Indy Library)"
27.73.78.61 - - [16/Oct/2021:12:23:47 +0700] "GET /QuangCao1.htm HTTP/1.0" 301 534 "-" "Mozilla/4.0 (compatible; MSIE 7.0; Windows NT 6.2; WOW64; Trident/7.0; .NET4.0C; .NET4.0E; .NET CLR 2.0.50727; .NET CLR 3.0.30729; .NET CLR 3.5.30729; Tablet PC 2.0; Zoom 3.6.0)"
27.73.78.61 - - [16/Oct/2021:12:23:47 +0700] "GET /BlacklistR4.txt HTTP/1.0" 301 538 "-" "Mozilla/3.0 (compatible; Indy Library)"
27.73.78.61 - - [16/Oct/2021:12:23:50 +0700] "GET /BlacklistR4.txt HTTP/1.0" 301 538 "-" "Mozilla/3.0 (compatible; Indy Library)"
27.73.78.61 - - [16/Oct/2021:12:23:50 +0700] "GET /BlacklistR4.txt HTTP/1.0" 301 538 "-" "Mozilla/3.0 (compatible; Indy Library)"
27.73.78.61 - - [16/Oct/2021:12:23:59 +0700] "GET /BlacklistR4.txt HTTP/1.0" 301 538 "-" "Mozilla/3.0 (compatible; Indy Library)"
116.99.136.66 - - [16/Oct/2021:12:24:16 +0700] "GET /BlacklistR4.txt HTTP/1.0" 301 538 "-" "Mozilla/3.0 (compatible; Indy Library)"
116.99.136.66 - - [16/Oct/2021:12:24:18 +0700] "GET /BlacklistR4.txt HTTP/1.0" 301 538 "-" "Mozilla/3.0 (compatible; Indy Library)"
116.99.136.66 - - [16/Oct/2021:12:24:20 +0700] "GET /BlacklistR4.txt HTTP/1.0" 301 538 "-" "Mozilla/3.0 (compatible; Indy Library)"
27.73.78.61 - - [16/Oct/2021:12:24:34 +0700] "GET /BlacklistR4.txt HTTP/1.0" 301 538 "-" "Mozilla/3.0 (compatible; Indy Library)"
27.73.78.61 - - [16/Oct/2021:12:24:37 +0700] "GET /BlacklistR4.txt HTTP/1.0" 301 538 "-" "Mozilla/3.0 (compatible; Indy Library)"
27.73.78.61 - - [16/Oct/2021:12:24:37 +0700] "GET /BlacklistR4.txt HTTP/1.0" 301 538 "-" "Mozilla/3.0 (compatible; Indy Library)"
27.73.78.61 - - [16/Oct/2021:12:24:43 +0700] "GET /BlacklistR4.txt HTTP/1.0" 301 538 "-" "Mozilla/3.0 (compatible; Indy Library)"
85.10.202.243 - - [16/Oct/2021:12:25:25 +0700] "GET /ads.txt HTTP/1.0" 301 522 "-" "got (https://github.com/sindresorhus/got)"
113.185.45.169 - - [16/Oct/2021:12:28:57 +0700] "GET / HTTP/1.0" 301 508 "-" "Mozilla/5.0 (Windows NT 6.1) AppleWebKit/537.36 (KHTML, like Gecko) Chrome/94.0.4606.71 Safari/537.36"
216.244.66.243 - - [16/Oct/2021:12:31:58 +0700] "GET /robots.txt HTTP/1.0" 301 528 "-" "Mozilla/5.0 (compatible; DotBot/1.2; +https://opensiteexplorer.org/dotbot; help@moz.com)"
207.46.13.106 - - [16/Oct/2021:12:34:22 +0700] "GET /info.asp?page=news&language=vn&id=310&act=1 HTTP/1.0" 301 606 "-" "Mozilla/5.0 (compatible; bingbot/2.0; +http://www.bing.com/bingbot.htm)"
14.186.80.155 - - [16/Oct/2021:12:39:18 +0700] "GET /BlacklistR4.txt HTTP/1.0" 301 538 "-" "Mozilla/3.0 (compatible; Indy Library)"
42.113.199.219 - - [16/Oct/2021:12:42:42 +0700] "GET /BlacklistR4.txt HTTP/1.0" 301 538 "-" "Mozilla/3.0 (compatible; Indy Library)"
42.113.199.219 - - [16/Oct/2021:12:42:44 +0700] "GET /BlacklistR4.txt HTTP/1.0" 301 538 "-" "Mozilla/3.0 (compatible; Indy Library)"
42.113.199.219 - - [16/Oct/2021:12:42:44 +0700] "GET /BlacklistR4.txt HTTP/1.0" 301 538 "-" "Mozilla/3.0 (compatible; Indy Library)"
42.113.199.219 - - [16/Oct/2021:12:42:44 +0700] "GET /QuangCao1.htm HTTP/1.0" 301 534 "-" "Mozilla/4.0 (compatible; MSIE 7.0; Windows NT 6.2; WOW64; Trident/7.0; .NET4.0C; .NET4.0E; InfoPath.2; .NET CLR 2.0.50727; .NET CLR 3.0.30729; .NET CLR 3.5.30729; Zoom 3.6.0)"
42.113.199.219 - - [16/Oct/2021:12:43:03 +0700] "GET /BlacklistR4.txt HTTP/1.0" 301 538 "-" "Mozilla/3.0 (compatible; Indy Library)"
42.113.199.219 - - [16/Oct/2021:12:43:04 +0700] "GET /BlacklistR4.txt HTTP/1.0" 301 538 "-" "Mozilla/3.0 (compatible; Indy Library)"
42.113.199.219 - - [16/Oct/2021:12:44:44 +0700] "GET /BlacklistR4.txt HTTP/1.0" 301 538 "-" "Mozilla/3.0 (compatible; Indy Library)"
78.85.170.216 - - [16/Oct/2021:12:44:52 +0700] "GET /pma/ HTTP/1.0" 301 516 "http://cic.com.vn/pma/" "Mozilla/5.0 (Windows NT 10.0; Win64; x64) AppleWebKit/537.36 (KHTML, like Gecko) Chrome/86.0.4240.198 Safari/537.36"
42.113.199.219 - - [16/Oct/2021:12:44:55 +0700] "GET /BlacklistR4.txt HTTP/1.0" 301 538 "-" "Mozilla/3.0 (compatible; Indy Library)"
78.85.170.216 - - [16/Oct/2021:12:45:01 +0700] "GET /phpmyadmin/ HTTP/1.0" 301 530 "http://cic.com.vn/phpmyadmin/" "Mozilla/5.0 (Windows NT 10.0; Win64; x64) AppleWebKit/537.36 (KHTML, like Gecko) Chrome/86.0.4240.198 Safari/537.36"
78.85.170.216 - - [16/Oct/2021:12:45:10 +0700] "GET /phpMyAdmin/ HTTP/1.0" 301 530 "http://cic.com.vn/phpMyAdmin/" "Mozilla/5.0 (Windows NT 10.0; Win64; x64) AppleWebKit/537.36 (KHTML, like Gecko) Chrome/86.0.4240.198 Safari/537.36"
50.3.91.225 - - [16/Oct/2021:12:45:39 +0700] "GET / HTTP/1.0" 301 508 "http://cic.com.vn" "Mozilla/5.0 (Windows NT 6.1; WOW64; rv:60.0) Gecko/20100101 Firefox/60.0"
157.90.177.226 - - [16/Oct/2021:12:45:49 +0700] "GET /robots.txt HTTP/1.0" 301 528 "-" "Mozilla/5.0 (compatible; BLEXBot/1.0; +http://webmeup-crawler.com/)"
157.90.177.226 - - [16/Oct/2021:12:45:53 +0700] "GET /download/PMXD/Escon/Dongia/ HTTP/1.0" 301 562 "-" "Mozilla/5.0 (compatible; BLEXBot/1.0; +http://webmeup-crawler.com/)"
42.113.199.219 - - [16/Oct/2021:12:46:15 +0700] "GET /BlacklistR4.txt HTTP/1.0" 301 538 "-" "Mozilla/3.0 (compatible; Indy Library)"
42.113.199.219 - - [16/Oct/2021:12:49:33 +0700] "GET /BlacklistR4.txt HTTP/1.0" 301 538 "-" "Mozilla/3.0 (compatible; Indy Library)"
69.171.251.11 - - [16/Oct/2021:12:50:01 +0700] "GET /escon8/escon2014/Escon2014_NEW.png HTTP/1.0" 301 576 "-" "facebookexternalhit/1.1 (+http://www.facebook.com/externalhit_uatext.php)"
14.235.44.150 - - [16/Oct/2021:12:51:50 +0700] "GET /BlacklistR4.txt HTTP/1.0" 301 538 "-" "Mozilla/3.0 (compatible; Indy Library)"
42.113.199.219 - - [16/Oct/2021:12:52:42 +0700] "GET /BlacklistR4.txt HTTP/1.0" 301 538 "-" "Mozilla/3.0 (compatible; Indy Library)"
42.113.199.219 - - [16/Oct/2021:12:56:53 +0700] "GET /BlacklistR4.txt HTTP/1.0" 301 538 "-" "Mozilla/3.0 (compatible; Indy Library)"
17.121.112.181 - - [16/Oct/2021:13:04:40 +0700] "GET /robots.txt HTTP/1.0" 301 528 "-" "Mozilla/5.0 (Macintosh; Intel Mac OS X 10_15_5) AppleWebKit/605.1.15 (KHTML, like Gecko) Version/13.1.1 Safari/605.1.15 (Applebot/0.1; +http://www.apple.com/go/applebot)"
17.121.112.181 - - [16/Oct/2021:13:04:41 +0700] "GET /san-pham/bo-dieu-khien-msi-9750a HTTP/1.0" 301 572 "-" "Mozilla/5.0 (Macintosh; Intel Mac OS X 10_15_5) AppleWebKit/605.1.15 (KHTML, like Gecko) Version/13.1.1 Safari/605.1.15 (Applebot/0.1; +http://www.apple.com/go/applebot)"
42.113.199.219 - - [16/Oct/2021:13:04:54 +0700] "GET /BlacklistR4.txt HTTP/1.0" 301 538 "-" "Mozilla/3.0 (compatible; Indy Library)"
42.113.199.219 - - [16/Oct/2021:13:05:00 +0700] "GET /BlacklistR4.txt HTTP/1.0" 301 538 "-" "Mozilla/3.0 (compatible; Indy Library)"
42.113.199.219 - - [16/Oct/2021:13:08:11 +0700] "GET /BlacklistR4.txt HTTP/1.0" 301 538 "-" "Mozilla/3.0 (compatible; Indy Library)"
42.113.199.219 - - [16/Oct/2021:13:12:57 +0700] "GET /BlacklistR4.txt HTTP/1.0" 301 538 "-" "Mozilla/3.0 (compatible; Indy Library)"
216.244.66.243 - - [16/Oct/2021:13:15:58 +0700] "GET /robots.txt HTTP/1.0" 301 528 "-" "Mozilla/5.0 (compatible; DotBot/1.2; +https://opensiteexplorer.org/dotbot; help@moz.com)"
42.113.199.219 - - [16/Oct/2021:13:16:04 +0700] "GET /BlacklistR4.txt HTTP/1.0" 301 538 "-" "Mozilla/3.0 (compatible; Indy Library)"
42.113.199.219 - - [16/Oct/2021:13:16:09 +0700] "GET /BlacklistR4.txt HTTP/1.0" 301 538 "-" "Mozilla/3.0 (compatible; Indy Library)"
27.76.123.40 - - [16/Oct/2021:13:16:11 +0700] "GET /BlacklistR4.txt HTTP/1.0" 301 538 "-" "Mozilla/3.0 (compatible; Indy Library)"
27.76.123.40 - - [16/Oct/2021:13:16:12 +0700] "GET /BlacklistR4.txt HTTP/1.0" 301 538 "-" "Mozilla/3.0 (compatible; Indy Library)"
27.76.123.40 - - [16/Oct/2021:13:16:13 +0700] "GET /BlacklistR4.txt HTTP/1.0" 301 538 "-" "Mozilla/3.0 (compatible; Indy Library)"
27.76.123.40 - - [16/Oct/2021:13:16:14 +0700] "GET /BlacklistR4.txt HTTP/1.0" 301 538 "-" "Mozilla/3.0 (compatible; Indy Library)"
27.76.123.40 - - [16/Oct/2021:13:16:15 +0700] "GET /BlacklistR4.txt HTTP/1.0" 301 538 "-" "Mozilla/3.0 (compatible; Indy Library)"
27.76.123.40 - - [16/Oct/2021:13:16:15 +0700] "GET /BlacklistR4.txt HTTP/1.0" 301 538 "-" "Mozilla/3.0 (compatible; Indy Library)"
113.160.151.249 - - [16/Oct/2021:13:17:38 +0700] "GET /BlacklistR4.txt HTTP/1.0" 301 538 "-" "Mozilla/3.0 (compatible; Indy Library)"
178.63.26.114 - - [16/Oct/2021:13:20:22 +0700] "GET /robots.txt HTTP/1.0" 301 528 "-" "Mozilla/5.0 (compatible; MJ12bot/v1.4.8; http://mj12bot.com/)"
178.63.26.114 - - [16/Oct/2021:13:20:27 +0700] "GET /Tienich/ME_VNK/LINK%20DANG%20KI%20KEY%20DU%20TOAN.txt HTTP/1.0" 301 614 "-" "Mozilla/5.0 (compatible; MJ12bot/v1.4.8; http://mj12bot.com/)"
178.63.26.114 - - [16/Oct/2021:13:20:43 +0700] "GET /Tienich/ME_VNK/TAILIEUPHAPLY/ HTTP/1.0" 301 566 "-" "Mozilla/5.0 (compatible; MJ12bot/v1.4.8; http://mj12bot.com/)"
178.63.26.114 - - [16/Oct/2021:13:20:54 +0700] "GET /Tienich/ME_VNK/TAILIEUPHAPLY/VB_Luong/ HTTP/1.0" 301 584 "-" "Mozilla/5.0 (compatible; MJ12bot/v1.4.8; http://mj12bot.com/)"
178.63.26.114 - - [16/Oct/2021:13:21:08 +0700] "GET /Tienich/ME_VNK/THAU_THANHTOAN/ HTTP/1.0" 301 568 "-" "Mozilla/5.0 (compatible; MJ12bot/v1.4.8; http://mj12bot.com/)"
178.63.26.114 - - [16/Oct/2021:13:21:20 +0700] "GET /Tienich/Mdac_Type/ HTTP/1.0" 301 544 "-" "Mozilla/5.0 (compatible; MJ12bot/v1.4.8; http://mj12bot.com/)"
178.63.26.114 - - [16/Oct/2021:13:21:30 +0700] "GET /Tienich/Rockey/ HTTP/1.0" 301 538 "-" "Mozilla/5.0 (compatible; MJ12bot/v1.4.8; http://mj12bot.com/)"
178.63.26.114 - - [16/Oct/2021:13:21:42 +0700] "GET /Tienich/TeamView10/ HTTP/1.0" 301 546 "-" "Mozilla/5.0 (compatible; MJ12bot/v1.4.8; http://mj12bot.com/)"
178.63.26.114 - - [16/Oct/2021:13:21:53 +0700] "GET /Tienich/TeamView3/ HTTP/1.0" 301 544 "-" "Mozilla/5.0 (compatible; MJ12bot/v1.4.8; http://mj12bot.com/)"
178.63.26.114 - - [16/Oct/2021:13:22:00 +0700] "GET /Tienich/TeamViewer12/ HTTP/1.0" 301 550 "-" "Mozilla/5.0 (compatible; MJ12bot/v1.4.8; http://mj12bot.com/)"
178.63.26.114 - - [16/Oct/2021:13:22:07 +0700] "GET /Tienich/TestBoCai/ HTTP/1.0" 301 544 "-" "Mozilla/5.0 (compatible; MJ12bot/v1.4.8; http://mj12bot.com/)"
14.230.108.156 - - [16/Oct/2021:13:22:08 +0700] "GET /BlacklistR4.txt HTTP/1.0" 301 538 "-" "Mozilla/3.0 (compatible; Indy Library)"
178.63.26.114 - - [16/Oct/2021:13:22:15 +0700] "GET /Tienich/Thin/ HTTP/1.0" 301 534 "-" "Mozilla/5.0 (compatible; MJ12bot/v1.4.8; http://mj12bot.com/)"
42.113.199.219 - - [16/Oct/2021:13:22:18 +0700] "GET /BlacklistR4.txt HTTP/1.0" 301 538 "-" "Mozilla/3.0 (compatible; Indy Library)"
178.63.26.114 - - [16/Oct/2021:13:22:22 +0700] "GET /Tienich/ThuVien/ HTTP/1.0" 301 540 "-" "Mozilla/5.0 (compatible; MJ12bot/v1.4.8; http://mj12bot.com/)"
178.63.26.114 - - [16/Oct/2021:13:22:29 +0700] "GET /Tienich/UltraViewer/ HTTP/1.0" 301 548 "-" "Mozilla/5.0 (compatible; MJ12bot/v1.4.8; http://mj12bot.com/)"
178.63.26.114 - - [16/Oct/2021:13:22:35 +0700] "GET /Tienich/Ultraiso/ HTTP/1.0" 301 542 "-" "Mozilla/5.0 (compatible; MJ12bot/v1.4.8; http://mj12bot.com/)"
178.63.26.114 - - [16/Oct/2021:13:22:42 +0700] "GET /Tienich/Ultraiso/Ultraiso.txt HTTP/1.0" 301 566 "-" "Mozilla/5.0 (compatible; MJ12bot/v1.4.8; http://mj12bot.com/)"
178.63.26.114 - - [16/Oct/2021:13:22:49 +0700] "GET /Tienich/Unikey/ HTTP/1.0" 301 538 "-" "Mozilla/5.0 (compatible; MJ12bot/v1.4.8; http://mj12bot.com/)"
113.165.96.160 - - [16/Oct/2021:13:22:53 +0700] "GET /BlacklistR4.txt HTTP/1.0" 301 538 "-" "Mozilla/3.0 (compatible; Indy Library)"
178.63.26.114 - - [16/Oct/2021:13:22:56 +0700] "GET /Tienich/Unikey/keymap.txt HTTP/1.0" 301 558 "-" "Mozilla/5.0 (compatible; MJ12bot/v1.4.8; http://mj12bot.com/)"
178.63.26.114 - - [16/Oct/2021:13:23:03 +0700] "GET /Tienich/Vd/ HTTP/1.0" 301 530 "-" "Mozilla/5.0 (compatible; MJ12bot/v1.4.8; http://mj12bot.com/)"
178.63.26.114 - - [16/Oct/2021:13:23:10 +0700] "GET /Tienich/XPsp3/ HTTP/1.0" 301 536 "-" "Mozilla/5.0 (compatible; MJ12bot/v1.4.8; http://mj12bot.com/)"
178.63.26.114 - - [16/Oct/2021:13:23:17 +0700] "GET /Tienich/XPsp3/serialwinxp.txt HTTP/1.0" 301 566 "-" "Mozilla/5.0 (compatible; MJ12bot/v1.4.8; http://mj12bot.com/)"
178.63.26.114 - - [16/Oct/2021:13:23:24 +0700] "GET /Tienich/crackwin7/ HTTP/1.0" 301 544 "-" "Mozilla/5.0 (compatible; MJ12bot/v1.4.8; http://mj12bot.com/)"
14.230.108.156 - - [16/Oct/2021:13:23:24 +0700] "GET /BlacklistR4.txt HTTP/1.0" 301 538 "-" "Mozilla/3.0 (compatible; Indy Library)"
14.230.108.156 - - [16/Oct/2021:13:23:25 +0700] "GET /BlacklistR4.txt HTTP/1.0" 301 538 "-" "Mozilla/3.0 (compatible; Indy Library)"
178.63.26.114 - - [16/Oct/2021:13:23:31 +0700] "GET /Tienich/dongiae15/ HTTP/1.0" 301 544 "-" "Mozilla/5.0 (compatible; MJ12bot/v1.4.8; http://mj12bot.com/)"
178.63.26.114 - - [16/Oct/2021:13:23:37 +0700] "GET /Tienich/sumac/ HTTP/1.0" 301 536 "-" "Mozilla/5.0 (compatible; MJ12bot/v1.4.8; http://mj12bot.com/)"
17.121.113.2 - - [16/Oct/2021:13:24:51 +0700] "GET /en/san-pham/phan-mem-xay-dung HTTP/1.0" 301 566 "-" "Mozilla/5.0 (Macintosh; Intel Mac OS X 10_15_5) AppleWebKit/605.1.15 (KHTML, like Gecko) Version/13.1.1 Safari/605.1.15 (Applebot/0.1; +http://www.apple.com/go/applebot)"
14.174.44.169 - - [16/Oct/2021:13:24:55 +0700] "GET /BlacklistR4.txt HTTP/1.0" 301 538 "-" "Mozilla/3.0 (compatible; Indy Library)"
14.230.108.156 - - [16/Oct/2021:13:25:23 +0700] "GET /BlacklistR4.txt HTTP/1.0" 301 538 "-" "Mozilla/3.0 (compatible; Indy Library)"
14.230.108.156 - - [16/Oct/2021:13:25:24 +0700] "GET /BlacklistR4.txt HTTP/1.0" 301 538 "-" "Mozilla/3.0 (compatible; Indy Library)"
116.99.136.66 - - [16/Oct/2021:13:28:09 +0700] "GET /BlacklistR4.txt HTTP/1.0" 301 538 "-" "Mozilla/3.0 (compatible; Indy Library)"
42.113.199.219 - - [16/Oct/2021:13:29:17 +0700] "GET /BlacklistR4.txt HTTP/1.0" 301 538 "-" "Mozilla/3.0 (compatible; Indy Library)"
222.252.243.86 - - [16/Oct/2021:13:29:29 +0700] "GET /BlacklistR4.txt HTTP/1.0" 301 538 "-" "Mozilla/3.0 (compatible; Indy Library)"
125.235.233.45 - - [16/Oct/2021:13:31:16 +0700] "GET /BlacklistR4.txt HTTP/1.0" 301 538 "-" "Mozilla/3.0 (compatible; Indy Library)"
42.113.199.219 - - [16/Oct/2021:13:31:59 +0700] "GET /BlacklistR4.txt HTTP/1.0" 301 538 "-" "Mozilla/3.0 (compatible; Indy Library)"
66.249.79.111 - - [16/Oct/2021:13:32:16 +0700] "GET / HTTP/1.0" 301 508 "-" "Mozilla/5.0 (Linux; Android 6.0.1; Nexus 5X Build/MMB29P) AppleWebKit/537.36 (KHTML, like Gecko) Chrome/94.0.4606.71 Mobile Safari/537.36 (compatible; Googlebot/2.1; +http://www.google.com/bot.html)"
66.249.79.115 - - [16/Oct/2021:13:32:18 +0700] "GET / HTTP/1.0" 301 508 "-" "Mozilla/5.0 (Linux; Android 6.0.1; Nexus 5X Build/MMB29P) AppleWebKit/537.36 (KHTML, like Gecko) Chrome/94.0.4606.71 Mobile Safari/537.36 (compatible; Googlebot/2.1; +http://www.google.com/bot.html)"
77.75.77.32 - - [16/Oct/2021:13:33:03 +0700] "GET /robots.txt HTTP/1.0" 301 528 "-" "Mozilla/5.0 (compatible; SeznamBot/3.2; +http://napoveda.seznam.cz/en/seznambot-intro/)"
77.75.77.32 - - [16/Oct/2021:13:33:07 +0700] "GET /uploads/images/RDW/guide/40.png HTTP/1.0" 301 570 "-" "Mozilla/5.0 (compatible; SeznamBot/3.2; +http://napoveda.seznam.cz/en/seznambot-intro/)"
114.119.148.1 - - [16/Oct/2021:13:36:47 +0700] "GET /uploads/cicuploads/messenger%20boxad.png HTTP/1.0" 301 588 "-" "Mozilla/5.0 (Linux; Android 7.0;) AppleWebKit/537.36 (KHTML, like Gecko) Mobile Safari/537.36 (compatible; PetalBot;+https://webmaster.petalsearch.com/site/petalbot)"
113.165.96.160 - - [16/Oct/2021:13:37:52 +0700] "GET /BlacklistR4.txt HTTP/1.0" 301 538 "-" "Mozilla/3.0 (compatible; Indy Library)"
42.113.199.219 - - [16/Oct/2021:13:38:05 +0700] "GET /BlacklistR4.txt HTTP/1.0" 301 538 "-" "Mozilla/3.0 (compatible; Indy Library)"
66.249.79.113 - - [16/Oct/2021:13:38:30 +0700] "GET /article/autodesk-tiet-kiem-chi-phi-cho-cac-cong-trinh-xay-dung HTTP/1.0" 301 632 "-" "Mozilla/5.0 (compatible; Googlebot/2.1; +http://www.google.com/bot.html)"
113.165.96.160 - - [16/Oct/2021:13:40:26 +0700] "GET /BlacklistR4.txt HTTP/1.0" 301 538 "-" "Mozilla/3.0 (compatible; Indy Library)"
113.185.119.114 - - [16/Oct/2021:13:40:58 +0700] "GET /BlacklistR4.txt HTTP/1.0" 301 538 "-" "Mozilla/3.0 (compatible; Indy Library)"
113.185.119.114 - - [16/Oct/2021:13:41:00 +0700] "GET /BlacklistR4.txt HTTP/1.0" 301 538 "-" "Mozilla/3.0 (compatible; Indy Library)"
139.99.122.1 - - [16/Oct/2021:13:41:21 +0700] "GET / HTTP/1.0" 301 508 "-" "facebookexternalhit/1.1 (+http://www.facebook.com/externalhit_uatext.php) _zbot"
113.165.96.160 - - [16/Oct/2021:13:41:27 +0700] "GET /BlacklistR4.txt HTTP/1.0" 301 538 "-" "Mozilla/3.0 (compatible; Indy Library)"
113.165.96.160 - - [16/Oct/2021:13:41:28 +0700] "GET /BlacklistR4.txt HTTP/1.0" 301 538 "-" "Mozilla/3.0 (compatible; Indy Library)"
113.185.119.114 - - [16/Oct/2021:13:42:10 +0700] "GET /BlacklistR4.txt HTTP/1.0" 301 538 "-" "Mozilla/3.0 (compatible; Indy Library)"
14.226.159.144 - - [16/Oct/2021:13:42:31 +0700] "GET /BlacklistR4.txt HTTP/1.0" 301 538 "-" "Mozilla/3.0 (compatible; Indy Library)"
113.185.119.114 - - [16/Oct/2021:13:42:48 +0700] "GET /BlacklistR4.txt HTTP/1.0" 301 538 "-" "Mozilla/3.0 (compatible; Indy Library)"
113.165.96.160 - - [16/Oct/2021:13:43:16 +0700] "GET /BlacklistR4.txt HTTP/1.0" 301 538 "-" "Mozilla/3.0 (compatible; Indy Library)"
14.230.108.156 - - [16/Oct/2021:13:43:37 +0700] "GET /BlacklistR4.txt HTTP/1.0" 301 538 "-" "Mozilla/3.0 (compatible; Indy Library)"
113.184.215.62 - - [16/Oct/2021:13:43:42 +0700] "GET /BlacklistR4.txt HTTP/1.0" 301 538 "-" "Mozilla/3.0 (compatible; Indy Library)"
171.233.133.46 - - [16/Oct/2021:13:43:43 +0700] "GET / HTTP/1.0" 301 508 "-" "Mozilla/5.0 (Linux; Android 9; SM-N976V) AppleWebKit/537.36 (KHTML, like Gecko) Chrome/76.0.3809.89 Mobile Safari/537.36 Zalo android/12100553"
113.165.96.160 - - [16/Oct/2021:13:44:22 +0700] "GET /BlacklistR4.txt HTTP/1.0" 301 538 "-" "Mozilla/3.0 (compatible; Indy Library)"
113.165.96.160 - - [16/Oct/2021:13:44:28 +0700] "GET /BlacklistR4.txt HTTP/1.0" 301 538 "-" "Mozilla/3.0 (compatible; Indy Library)"
113.165.96.160 - - [16/Oct/2021:13:44:39 +0700] "GET /BlacklistR4.txt HTTP/1.0" 301 538 "-" "Mozilla/3.0 (compatible; Indy Library)"
113.165.96.160 - - [16/Oct/2021:13:45:24 +0700] "GET /BlacklistR4.txt HTTP/1.0" 301 538 "-" "Mozilla/3.0 (compatible; Indy Library)"
207.46.13.52 - - [16/Oct/2021:13:46:07 +0700] "GET /uploads/CIC_Thu%20moi%20khoa%20dao%20tao%20Plaxis_T9_HCM.pdf HTTP/1.0" 301 628 "-" "Mozilla/5.0 (compatible; bingbot/2.0; +http://www.bing.com/bingbot.htm)"
113.179.29.55 - - [16/Oct/2021:13:46:24 +0700] "GET /BlacklistR4.txt HTTP/1.0" 301 538 "-" "Mozilla/3.0 (compatible; Indy Library)"
14.226.159.144 - - [16/Oct/2021:13:47:49 +0700] "GET /BlacklistR4.txt HTTP/1.0" 301 538 "-" "Mozilla/3.0 (compatible; Indy Library)"
171.252.188.153 - - [16/Oct/2021:13:48:52 +0700] "GET /BlacklistR4.txt HTTP/1.0" 301 538 "-" "Mozilla/3.0 (compatible; Indy Library)"
14.171.69.152 - - [16/Oct/2021:13:50:32 +0700] "GET /BlacklistR4.txt HTTP/1.0" 301 538 "-" "Mozilla/3.0 (compatible; Indy Library)"
14.171.69.152 - - [16/Oct/2021:13:50:35 +0700] "GET /BlacklistR4.txt HTTP/1.0" 301 538 "-" "Mozilla/3.0 (compatible; Indy Library)"
14.171.69.152 - - [16/Oct/2021:13:50:35 +0700] "GET /BlacklistR4.txt HTTP/1.0" 301 538 "-" "Mozilla/3.0 (compatible; Indy Library)"
14.171.69.152 - - [16/Oct/2021:13:50:37 +0700] "GET /BlacklistR4.txt HTTP/1.0" 301 538 "-" "Mozilla/3.0 (compatible; Indy Library)"
14.171.69.152 - - [16/Oct/2021:13:50:38 +0700] "GET /BlacklistR4.txt HTTP/1.0" 301 538 "-" "Mozilla/3.0 (compatible; Indy Library)"
14.171.69.152 - - [16/Oct/2021:13:50:39 +0700] "GET /BlacklistR4.txt HTTP/1.0" 301 538 "-" "Mozilla/3.0 (compatible; Indy Library)"
14.226.134.15 - - [16/Oct/2021:13:53:01 +0700] "GET /BlacklistR4.txt HTTP/1.0" 301 538 "-" "Mozilla/3.0 (compatible; Indy Library)"
14.226.134.15 - - [16/Oct/2021:13:53:01 +0700] "GET /BlacklistR4.txt HTTP/1.0" 301 538 "-" "Mozilla/3.0 (compatible; Indy Library)"
14.226.134.15 - - [16/Oct/2021:13:53:03 +0700] "GET /BlacklistR4.txt HTTP/1.0" 301 538 "-" "Mozilla/3.0 (compatible; Indy Library)"
14.226.134.15 - - [16/Oct/2021:13:53:03 +0700] "GET /BlacklistR4.txt HTTP/1.0" 301 538 "-" "Mozilla/3.0 (compatible; Indy Library)"
113.165.96.160 - - [16/Oct/2021:13:53:33 +0700] "GET /BlacklistR4.txt HTTP/1.0" 301 538 "-" "Mozilla/3.0 (compatible; Indy Library)"
1.52.165.29 - - [16/Oct/2021:13:53:36 +0700] "GET /BlacklistR4.txt HTTP/1.0" 301 538 "-" "Mozilla/3.0 (compatible; Indy Library)"
14.241.66.64 - - [16/Oct/2021:13:58:28 +0700] "GET /BlacklistR4.txt HTTP/1.0" 301 538 "-" "Mozilla/3.0 (compatible; Indy Library)"
211.197.77.205 - - [16/Oct/2021:13:58:37 +0700] "GET /pma/ HTTP/1.0" 301 516 "http://cic.com.vn/pma/" "Mozilla/5.0 (Windows NT 10.0; Win64; x64) AppleWebKit/537.36 (KHTML, like Gecko) Chrome/86.0.4240.198 Safari/E0039B"
1.52.165.29 - - [16/Oct/2021:13:58:46 +0700] "GET /BlacklistR4.txt HTTP/1.0" 301 538 "-" "Mozilla/3.0 (compatible; Indy Library)"
211.197.77.205 - - [16/Oct/2021:13:58:46 +0700] "GET /phpmyadmin/ HTTP/1.0" 301 530 "http://cic.com.vn/phpmyadmin/" "Mozilla/5.0 (Windows NT 10.0; Win64; x64) AppleWebKit/537.36 (KHTML, like Gecko) Chrome/86.0.4240.198 Safari/E0039B"
211.197.77.205 - - [16/Oct/2021:13:58:54 +0700] "GET /phpMyAdmin/ HTTP/1.0" 301 530 "http://cic.com.vn/phpMyAdmin/" "Mozilla/5.0 (Windows NT 10.0; Win64; x64) AppleWebKit/537.36 (KHTML, like Gecko) Chrome/86.0.4240.198 Safari/E0039B"
171.252.188.153 - - [16/Oct/2021:14:00:33 +0700] "GET /BlacklistR4.txt HTTP/1.0" 301 538 "-" "Mozilla/3.0 (compatible; Indy Library)"
1.52.165.29 - - [16/Oct/2021:14:00:47 +0700] "GET /BlacklistR4.txt HTTP/1.0" 301 538 "-" "Mozilla/3.0 (compatible; Indy Library)"
216.244.66.243 - - [16/Oct/2021:14:01:27 +0700] "GET /robots.txt HTTP/1.0" 301 528 "-" "Mozilla/5.0 (compatible; DotBot/1.2; +https://opensiteexplorer.org/dotbot; help@moz.com)"
216.244.66.243 - - [16/Oct/2021:14:01:28 +0700] "GET /robots.txt HTTP/1.0" 301 528 "-" "Mozilla/5.0 (compatible; DotBot/1.2; +https://opensiteexplorer.org/dotbot; help@moz.com)"
14.175.108.118 - - [16/Oct/2021:14:01:45 +0700] "GET /BlacklistR4.txt HTTP/1.0" 301 538 "-" "Mozilla/3.0 (compatible; Indy Library)"
14.226.159.144 - - [16/Oct/2021:14:02:39 +0700] "GET /BlacklistR4.txt HTTP/1.0" 301 538 "-" "Mozilla/3.0 (compatible; Indy Library)"
117.6.130.178 - - [16/Oct/2021:14:03:12 +0700] "GET /BlacklistR4.txt HTTP/1.0" 301 538 "-" "Mozilla/3.0 (compatible; Indy Library)"
1.55.171.168 - - [16/Oct/2021:14:03:32 +0700] "GET /BlacklistR4.txt HTTP/1.0" 301 538 "-" "Mozilla/3.0 (compatible; Indy Library)"
113.165.96.160 - - [16/Oct/2021:14:04:42 +0700] "GET /BlacklistR4.txt HTTP/1.0" 301 538 "-" "Mozilla/3.0 (compatible; Indy Library)"
14.191.118.213 - - [16/Oct/2021:14:04:43 +0700] "GET /BlacklistR4.txt HTTP/1.0" 301 538 "-" "Mozilla/3.0 (compatible; Indy Library)"
113.165.96.160 - - [16/Oct/2021:14:05:11 +0700] "GET /BlacklistR4.txt HTTP/1.0" 301 538 "-" "Mozilla/3.0 (compatible; Indy Library)"
14.226.159.144 - - [16/Oct/2021:14:05:13 +0700] "GET /BlacklistR4.txt HTTP/1.0" 301 538 "-" "Mozilla/3.0 (compatible; Indy Library)"
113.165.96.160 - - [16/Oct/2021:14:05:40 +0700] "GET /BlacklistR4.txt HTTP/1.0" 301 538 "-" "Mozilla/3.0 (compatible; Indy Library)"
117.6.130.178 - - [16/Oct/2021:14:05:57 +0700] "GET /BlacklistR4.txt HTTP/1.0" 301 538 "-" "Mozilla/3.0 (compatible; Indy Library)"
14.241.66.64 - - [16/Oct/2021:14:06:09 +0700] "GET /BlacklistR4.txt HTTP/1.0" 301 538 "-" "Mozilla/3.0 (compatible; Indy Library)"
14.191.118.213 - - [16/Oct/2021:14:06:35 +0700] "GET /BlacklistR4.txt HTTP/1.0" 301 538 "-" "Mozilla/3.0 (compatible; Indy Library)"
118.69.226.66 - - [16/Oct/2021:14:06:41 +0700] "GET /BlacklistR4.txt HTTP/1.0" 301 538 "-" "Mozilla/3.0 (compatible; Indy Library)"
118.69.226.66 - - [16/Oct/2021:14:06:42 +0700] "GET /BlacklistR4.txt HTTP/1.0" 301 538 "-" "Mozilla/3.0 (compatible; Indy Library)"
65.94.104.183 - - [16/Oct/2021:14:07:20 +0700] "GET / HTTP/1.0" 301 508 "http://cic.com.vn/" "Mozilla/5.0 (Windows NT 10.0; Win64; x64) AppleWebKit/537.36 (KHTML, like Gecko) Chrome/90.0.4430.72 Safari/537.36 Edg/90.0.818.42"
209.127.17.179 - - [16/Oct/2021:14:08:25 +0700] "GET / HTTP/1.0" 301 508 "http://cic.com.vn" "Mozilla/5.0 (Windows NT 6.2; WOW64) AppleWebKit/537.36 (KHTML, like Gecko) Chrome/65.0.3325.181 Safari/537.36"
103.112.0.120 - - [16/Oct/2021:14:09:14 +0700] "GET / HTTP/1.0" 301 508 "http://cic.com.vn" "Mozilla/5.0 (Windows NT 6.1; WOW64; Trident/7.0; rv:11.0) like Gecko Core/1.53.4620.400 QQBrowser/9.7.13014.400"
42.113.199.219 - - [16/Oct/2021:14:11:13 +0700] "GET /BlacklistR4.txt HTTP/1.0" 301 538 "-" "Mozilla/3.0 (compatible; Indy Library)"
125.235.225.218 - - [16/Oct/2021:14:11:15 +0700] "GET /BlacklistR4.txt HTTP/1.0" 301 538 "-" "Mozilla/3.0 (compatible; Indy Library)"
14.180.217.169 - - [16/Oct/2021:14:11:27 +0700] "GET /BlacklistR4.txt HTTP/1.0" 301 538 "-" "Mozilla/3.0 (compatible; Indy Library)"
14.236.148.21 - - [16/Oct/2021:14:11:45 +0700] "GET /Escon8/Whatnews.inf HTTP/1.0" 301 534 "-" "-"
14.241.66.64 - - [16/Oct/2021:14:12:29 +0700] "GET /BlacklistR4.txt HTTP/1.0" 301 538 "-" "Mozilla/3.0 (compatible; Indy Library)"
113.165.96.160 - - [16/Oct/2021:14:12:37 +0700] "GET /BlacklistR4.txt HTTP/1.0" 301 538 "-" "Mozilla/3.0 (compatible; Indy Library)"
125.235.225.218 - - [16/Oct/2021:14:13:14 +0700] "GET /BlacklistR4.txt HTTP/1.0" 301 538 "-" "Mozilla/3.0 (compatible; Indy Library)"
14.250.158.104 - - [16/Oct/2021:14:13:20 +0700] "GET /BlacklistR4.txt HTTP/1.0" 301 538 "-" "Mozilla/3.0 (compatible; Indy Library)"
125.235.225.218 - - [16/Oct/2021:14:13:45 +0700] "GET /BlacklistR4.txt HTTP/1.0" 301 538 "-" "Mozilla/3.0 (compatible; Indy Library)"
14.180.239.203 - - [16/Oct/2021:14:15:18 +0700] "GET /download/PMXD/Full/MDWSetup.exe HTTP/1.0" 301 570 "-" "Mozilla/5.0 (Windows NT 10.0; WOW64) AppleWebKit/537.36 (KHTML, like Gecko) coc_coc_browser/81.0.158 Chrome/75.0.3770.158 Safari/537.36"
125.235.225.218 - - [16/Oct/2021:14:15:36 +0700] "GET /BlacklistR4.txt HTTP/1.0" 301 538 "-" "Mozilla/3.0 (compatible; Indy Library)"
113.165.96.160 - - [16/Oct/2021:14:15:49 +0700] "GET /BlacklistR4.txt HTTP/1.0" 301 538 "-" "Mozilla/3.0 (compatible; Indy Library)"
42.115.136.207 - - [16/Oct/2021:14:15:58 +0700] "GET /BlacklistR4.txt HTTP/1.0" 301 538 "-" "Mozilla/3.0 (compatible; Indy Library)"
42.115.136.207 - - [16/Oct/2021:14:16:09 +0700] "GET /BlacklistR4.txt HTTP/1.0" 301 538 "-" "Mozilla/3.0 (compatible; Indy Library)"
18.236.147.147 - - [16/Oct/2021:14:16:26 +0700] "GET / HTTP/1.0" 301 508 "-" "Mozilla/5.0 (X11; Linux x86_64) AppleWebKit/537.36 (KHTML, like Gecko) Chrome/83.0.4103.97 Safari/537.36"
42.115.136.207 - - [16/Oct/2021:14:16:29 +0700] "GET /BlacklistR4.txt HTTP/1.0" 301 538 "-" "Mozilla/3.0 (compatible; Indy Library)"
171.251.232.155 - - [16/Oct/2021:14:16:44 +0700] "GET /uploads/images/MCW/22.ban%20ve%20thi%20cong%20dai%20coc.jpg HTTP/1.0" 301 626 "https://www.google.com.vn/" "Mozilla/5.0 (iPhone; CPU iPhone OS 14_8 like Mac OS X) AppleWebKit/605.1.15 (KHTML, like Gecko) Version/14.1.2 Mobile/15E148 Safari/604.1"
69.171.249.14 - - [16/Oct/2021:14:17:47 +0700] "GET /escon8/escon2014/Escon2014_NEW.png HTTP/1.0" 301 576 "-" "facebookexternalhit/1.1 (+http://www.facebook.com/externalhit_uatext.php)"
113.165.96.160 - - [16/Oct/2021:14:18:16 +0700] "GET /BlacklistR4.txt HTTP/1.0" 301 538 "-" "Mozilla/3.0 (compatible; Indy Library)"
66.249.82.219 - - [16/Oct/2021:14:19:21 +0700] "GET /uploads/images/stCAD/ConChuotTDCot.PNG HTTP/1.0" 301 584 "-" "Mozilla/5.0 (Windows NT 5.1; rv:11.0) Gecko Firefox/11.0 (via ggpht.com GoogleImageProxy)"
113.165.96.160 - - [16/Oct/2021:14:20:22 +0700] "GET /BlacklistR4.txt HTTP/1.0" 301 538 "-" "Mozilla/3.0 (compatible; Indy Library)"
77.75.79.36 - - [16/Oct/2021:14:21:07 +0700] "GET /robots.txt HTTP/1.0" 301 528 "-" "Mozilla/5.0 (compatible; SeznamBot/3.2; +http://napoveda.seznam.cz/en/seznambot-intro/)"
77.75.79.36 - - [16/Oct/2021:14:21:11 +0700] "GET /uploads/images/TKT/17.%20export%20cad.png HTTP/1.0" 301 590 "-" "Mozilla/5.0 (compatible; SeznamBot/3.2; +http://napoveda.seznam.cz/en/seznambot-intro/)"
116.96.2.189 - - [16/Oct/2021:14:22:33 +0700] "GET /BlacklistR4.txt HTTP/1.0" 301 538 "-" "Mozilla/3.0 (compatible; Indy Library)"
125.235.225.218 - - [16/Oct/2021:14:23:32 +0700] "GET /BlacklistR4.txt HTTP/1.0" 301 538 "-" "Mozilla/3.0 (compatible; Indy Library)"
207.46.13.168 - - [16/Oct/2021:14:24:06 +0700] "GET /?page=phan-mem-mo-phong-vissim HTTP/1.0" 301 568 "-" "Mozilla/5.0 (compatible; bingbot/2.0; +http://www.bing.com/bingbot.htm)"
125.235.225.218 - - [16/Oct/2021:14:24:48 +0700] "GET /BlacklistR4.txt HTTP/1.0" 301 538 "-" "Mozilla/3.0 (compatible; Indy Library)"
14.176.29.249 - - [16/Oct/2021:14:25:22 +0700] "GET /BlacklistR4.txt HTTP/1.0" 301 538 "-" "Mozilla/3.0 (compatible; Indy Library)"
125.235.225.218 - - [16/Oct/2021:14:25:52 +0700] "GET /BlacklistR4.txt HTTP/1.0" 301 538 "-" "Mozilla/3.0 (compatible; Indy Library)"
27.73.78.61 - - [16/Oct/2021:14:26:32 +0700] "GET /BlacklistR4.txt HTTP/1.0" 301 538 "-" "Mozilla/3.0 (compatible; Indy Library)"
14.241.66.64 - - [16/Oct/2021:14:26:34 +0700] "GET /BlacklistR4.txt HTTP/1.0" 301 538 "-" "Mozilla/3.0 (compatible; Indy Library)"
27.73.78.61 - - [16/Oct/2021:14:26:36 +0700] "GET /BlacklistR4.txt HTTP/1.0" 301 538 "-" "Mozilla/3.0 (compatible; Indy Library)"
27.73.78.61 - - [16/Oct/2021:14:26:36 +0700] "GET /QuangCao1.htm HTTP/1.0" 301 534 "-" "Mozilla/4.0 (compatible; MSIE 7.0; Windows NT 6.2; WOW64; Trident/7.0; .NET4.0C; .NET4.0E; .NET CLR 2.0.50727; .NET CLR 3.0.30729; .NET CLR 3.5.30729)"
27.73.78.61 - - [16/Oct/2021:14:26:37 +0700] "GET /BlacklistR4.txt HTTP/1.0" 301 538 "-" "Mozilla/3.0 (compatible; Indy Library)"
14.176.29.249 - - [16/Oct/2021:14:26:45 +0700] "GET /BlacklistR4.txt HTTP/1.0" 301 538 "-" "Mozilla/3.0 (compatible; Indy Library)"
27.73.78.61 - - [16/Oct/2021:14:26:54 +0700] "GET /BlacklistR4.txt HTTP/1.0" 301 538 "-" "Mozilla/3.0 (compatible; Indy Library)"
14.176.29.249 - - [16/Oct/2021:14:26:58 +0700] "GET /BlacklistR4.txt HTTP/1.0" 301 538 "-" "Mozilla/3.0 (compatible; Indy Library)"
27.73.78.61 - - [16/Oct/2021:14:26:58 +0700] "GET /BlacklistR4.txt HTTP/1.0" 301 538 "-" "Mozilla/3.0 (compatible; Indy Library)"
27.73.78.61 - - [16/Oct/2021:14:27:00 +0700] "GET /BlacklistR4.txt HTTP/1.0" 301 538 "-" "Mozilla/3.0 (compatible; Indy Library)"
14.176.29.249 - - [16/Oct/2021:14:27:16 +0700] "GET /BlacklistR4.txt HTTP/1.0" 301 538 "-" "Mozilla/3.0 (compatible; Indy Library)"
1.52.184.96 - - [16/Oct/2021:14:27:17 +0700] "GET /BlacklistR4.txt HTTP/1.0" 301 538 "-" "Mozilla/3.0 (compatible; Indy Library)"
116.100.115.172 - - [16/Oct/2021:14:27:17 +0700] "GET /BlacklistR4.txt HTTP/1.0" 301 538 "-" "Mozilla/3.0 (compatible; Indy Library)"
196.245.248.113 - - [16/Oct/2021:14:28:09 +0700] "GET / HTTP/1.0" 301 508 "http://cic.com.vn" "Mozilla/5.0 (Windows NT 6.2; Win64; x64) AppleWebKit/537.36 (KHTML, like Gecko) Chrome/66.0.3359.139 Safari/537.36"
14.241.66.64 - - [16/Oct/2021:14:28:26 +0700] "GET /BlacklistR4.txt HTTP/1.0" 301 538 "-" "Mozilla/3.0 (compatible; Indy Library)"
14.176.29.249 - - [16/Oct/2021:14:28:48 +0700] "GET /BlacklistR4.txt HTTP/1.0" 301 538 "-" "Mozilla/3.0 (compatible; Indy Library)"
117.3.237.92 - - [16/Oct/2021:14:29:17 +0700] "GET /BlacklistR4.txt HTTP/1.0" 301 538 "-" "Mozilla/3.0 (compatible; Indy Library)"
14.241.66.64 - - [16/Oct/2021:14:29:54 +0700] "GET /BlacklistR4.txt HTTP/1.0" 301 538 "-" "Mozilla/3.0 (compatible; Indy Library)"
14.226.159.144 - - [16/Oct/2021:14:30:18 +0700] "GET /BlacklistR4.txt HTTP/1.0" 301 538 "-" "Mozilla/3.0 (compatible; Indy Library)"
27.2.239.74 - - [16/Oct/2021:14:30:58 +0700] "GET /BlacklistR4.txt HTTP/1.0" 301 538 "-" "Mozilla/3.0 (compatible; Indy Library)"
27.73.78.61 - - [16/Oct/2021:14:31:29 +0700] "GET /BlacklistR4.txt HTTP/1.0" 301 538 "-" "Mozilla/3.0 (compatible; Indy Library)"
27.73.78.61 - - [16/Oct/2021:14:31:31 +0700] "GET /BlacklistR4.txt HTTP/1.0" 301 538 "-" "Mozilla/3.0 (compatible; Indy Library)"
14.226.159.144 - - [16/Oct/2021:14:34:50 +0700] "GET /BlacklistR4.txt HTTP/1.0" 301 538 "-" "Mozilla/3.0 (compatible; Indy Library)"
31.15.89.51 - - [16/Oct/2021:14:35:27 +0700] "GET /phpmyadmin/ HTTP/1.0" 301 530 "http://cic.com.vn/phpmyadmin/" "Mozilla/5.0 (Windows NT 10.0; Win64; x64) AppleWebKit/537.36 (KHTML, like Gecko) Chrome/86.0.4240.198 Safari/537.36"
207.46.13.8 - - [16/Oct/2021:14:37:43 +0700] "GET /robots.txt HTTP/1.0" 301 528 "-" "Mozilla/5.0 (compatible; bingbot/2.0; +http://www.bing.com/bingbot.htm)"
113.160.249.174 - - [16/Oct/2021:14:37:48 +0700] "GET /BlacklistR4.txt HTTP/1.0" 301 538 "-" "Mozilla/3.0 (compatible; Indy Library)"
113.160.249.174 - - [16/Oct/2021:14:37:49 +0700] "GET /Escon15/Escon15_analytics.html HTTP/1.0" 301 568 "-" "Mozilla/4.0 (compatible; MSIE 7.0; Windows NT 6.2; WOW64; Trident/7.0; .NET4.0C; .NET4.0E; .NET CLR 2.0.50727; .NET CLR 3.0.30729; .NET CLR 3.5.30729; Zoom 3.6.0)"
123.26.191.58 - - [16/Oct/2021:14:38:03 +0700] "GET /BlacklistR4.txt HTTP/1.0" 301 538 "-" "Mozilla/3.0 (compatible; Indy Library)"
199.58.86.211 - - [16/Oct/2021:14:39:59 +0700] "GET /robots.txt HTTP/1.0" 301 528 "-" "Mozilla/5.0 (compatible; MJ12bot/v1.4.8; http://mj12bot.com/)"
113.179.28.167 - - [16/Oct/2021:14:41:28 +0700] "GET /BlacklistR4.txt HTTP/1.0" 301 538 "-" "Mozilla/3.0 (compatible; Indy Library)"
27.2.239.74 - - [16/Oct/2021:14:41:30 +0700] "GET /BlacklistR4.txt HTTP/1.0" 301 538 "-" "Mozilla/3.0 (compatible; Indy Library)"
14.180.217.169 - - [16/Oct/2021:14:42:18 +0700] "GET /BlacklistR4.txt HTTP/1.0" 301 538 "-" "Mozilla/3.0 (compatible; Indy Library)"
14.180.217.169 - - [16/Oct/2021:14:43:28 +0700] "GET /BlacklistR4.txt HTTP/1.0" 301 538 "-" "Mozilla/3.0 (compatible; Indy Library)"
27.73.78.61 - - [16/Oct/2021:14:43:38 +0700] "GET /BlacklistR4.txt HTTP/1.0" 301 538 "-" "Mozilla/3.0 (compatible; Indy Library)"
27.73.78.61 - - [16/Oct/2021:14:43:39 +0700] "GET /BlacklistR4.txt HTTP/1.0" 301 538 "-" "Mozilla/3.0 (compatible; Indy Library)"
116.100.115.172 - - [16/Oct/2021:14:44:06 +0700] "GET /BlacklistR4.txt HTTP/1.0" 301 538 "-" "Mozilla/3.0 (compatible; Indy Library)"
116.100.115.172 - - [16/Oct/2021:14:44:31 +0700] "GET /BlacklistR4.txt HTTP/1.0" 301 538 "-" "Mozilla/3.0 (compatible; Indy Library)"
171.228.196.34 - - [16/Oct/2021:14:44:53 +0700] "GET /BlacklistR4.txt HTTP/1.0" 301 538 "-" "Mozilla/3.0 (compatible; Indy Library)"
216.244.66.243 - - [16/Oct/2021:14:45:37 +0700] "GET /robots.txt HTTP/1.0" 301 528 "-" "Mozilla/5.0 (compatible; DotBot/1.2; +https://opensiteexplorer.org/dotbot; help@moz.com)"
14.171.67.142 - - [16/Oct/2021:14:45:40 +0700] "GET /BlacklistR4.txt HTTP/1.0" 301 538 "-" "Mozilla/3.0 (compatible; Indy Library)"
14.171.67.142 - - [16/Oct/2021:14:45:44 +0700] "GET /BlacklistR4.txt HTTP/1.0" 301 538 "-" "Mozilla/3.0 (compatible; Indy Library)"
14.171.67.142 - - [16/Oct/2021:14:45:56 +0700] "GET /BlacklistR4.txt HTTP/1.0" 301 538 "-" "Mozilla/3.0 (compatible; Indy Library)"
118.69.226.66 - - [16/Oct/2021:14:45:57 +0700] "GET /BlacklistR4.txt HTTP/1.0" 301 538 "-" "Mozilla/3.0 (compatible; Indy Library)"
14.175.108.118 - - [16/Oct/2021:14:46:07 +0700] "GET /BlacklistR4.txt HTTP/1.0" 301 538 "-" "Mozilla/3.0 (compatible; Indy Library)"
14.230.108.156 - - [16/Oct/2021:14:46:21 +0700] "GET /BlacklistR4.txt HTTP/1.0" 301 538 "-" "Mozilla/3.0 (compatible; Indy Library)"
116.99.136.66 - - [16/Oct/2021:14:46:28 +0700] "GET /BlacklistR4.txt HTTP/1.0" 301 538 "-" "Mozilla/3.0 (compatible; Indy Library)"
