207.46.13.168 - - [16/Oct/2021:07:57:17 +0700] "GET /products.html?hangsx=ptv-germany&linhvuc=co-khi-che-tao&ungdung=work-structure HTTP/1.0" 200 13618 "-" "Mozilla/5.0 (compatible; bingbot/2.0; +http://www.bing.com/bingbot.htm)"
207.46.13.168 - - [16/Oct/2021:07:57:19 +0700] "GET /products.html?hangsx=bentley-systems-incorporated&linhvuc=178&ungdung=dia-ky-thuat HTTP/1.0" 200 13617 "-" "Mozilla/5.0 (compatible; bingbot/2.0; +http://www.bing.com/bingbot.htm)"
157.55.39.30 - - [16/Oct/2021:07:57:40 +0700] "GET /upload_images/images/2020/03/18/p3568.jpg HTTP/1.0" 301 785 "-" "Mozilla/5.0 (compatible; bingbot/2.0; +http://www.bing.com/bingbot.htm)"
157.55.39.30 - - [16/Oct/2021:07:57:41 +0700] "GET /products.html?loaisp=integrated-solutions&hangsx=zehntner&ungdung=work-structure HTTP/1.0" 200 13606 "-" "Mozilla/5.0 (compatible; bingbot/2.0; +http://www.bing.com/bingbot.htm)"
157.55.39.30 - - [16/Oct/2021:07:57:42 +0700] "GET /upload_images/images/2020/03/18/p3568.jpg HTTP/1.0" 200 490 "-" "Mozilla/5.0 (compatible; bingbot/2.0; +http://www.bing.com/bingbot.htm)"
157.55.39.30 - - [16/Oct/2021:07:57:43 +0700] "GET /upload_images/images/2021/01/25/DCS.JPG HTTP/1.0" 200 488 "-" "Mozilla/5.0 (compatible; bingbot/2.0; +http://www.bing.com/bingbot.htm)"
157.55.39.30 - - [16/Oct/2021:07:57:43 +0700] "GET /products.html?hangsx=bentley-systems-incorporated&linhvuc=952&ungdung=ket-cau-cong-trinh&loaisp=others HTTP/1.0" 200 13637 "-" "Mozilla/5.0 (compatible; bingbot/2.0; +http://www.bing.com/bingbot.htm)"
157.55.39.30 - - [16/Oct/2021:07:57:44 +0700] "GET /products.html?hangsx=datakustik&linhvuc=co-khi-che-tao&loaisp=devices HTTP/1.0" 200 13605 "-" "Mozilla/5.0 (compatible; bingbot/2.0; +http://www.bing.com/bingbot.htm)"
116.118.48.200 - - [16/Oct/2021:07:58:15 +0700] "GET /uploads/images/stCAD/MongDon1.PNG HTTP/1.0" 301 769 "-" "-"
81.12.124.119 - - [16/Oct/2021:07:58:20 +0700] "GET / HTTP/1.0" 200 11137 "https://www.cic.com.vn" "Mozilla/5.0 (Windows NT 6.1; WOW64) AppleWebKit/537.36 (KHTML, like Gecko) Chrome/66.0.3359.117 Safari/537.36"
81.12.124.119 - - [16/Oct/2021:07:58:28 +0700] "GET /hoi-thao-truc-tuyen-voi-chu-de-cac-giai-phap-chuyen-doi-so-trong-kinh-doanh-noi-that-va-vat-lieu-xay-dung%E2%80%99%E2%80%99-n517.html HTTP/1.0" 200 12316 "https://www.cic.com.vn" "Mozilla/5.0 (Windows NT 6.1; WOW64) AppleWebKit/537.36 (KHTML, like Gecko) Chrome/66.0.3359.117 Safari/537.36"
157.55.39.40 - - [16/Oct/2021:07:58:42 +0700] "GET /san-pham.html?ungdung=thi-nghiem-dien&hangsx=htri&linhvuc=xay-dung HTTP/1.0" 200 16024 "-" "Mozilla/5.0 (compatible; bingbot/2.0; +http://www.bing.com/bingbot.htm)"
40.77.167.48 - - [16/Oct/2021:07:59:05 +0700] "GET /products.html?hangsx=trl-uk&linhvuc=co-khi-che-tao&ungdung=don-gia-chi-so-gia-xay-dung-cong-trinh HTTP/1.0" 200 13631 "-" "Mozilla/5.0 (compatible; bingbot/2.0; +http://www.bing.com/bingbot.htm)"
114.119.148.0 - - [16/Oct/2021:07:59:33 +0700] "GET /article/cung-cap-giai-phap-su-dung-thiet-bi-cam-tay-pda-dt-x8-10e-ghi-doc-dong-ho-nuoc-cho-cong-ty HTTP/1.0" 404 774 "-" "Mozilla/5.0 (Linux; Android 7.0;) AppleWebKit/537.36 (KHTML, like Gecko) Mobile Safari/537.36 (compatible; PetalBot;+https://webmaster.petalsearch.com/site/petalbot)"
157.55.39.40 - - [16/Oct/2021:08:00:14 +0700] "GET /article/bai-bao-khoa-hoc-gop-phan-do-ve-ban-do-cong-trinh-ngam-thanh-pho-ho-chi-minh-bang-cong-nghe HTTP/1.0" 404 775 "-" "Mozilla/5.0 (compatible; bingbot/2.0; +http://www.bing.com/bingbot.htm)"
157.55.39.30 - - [16/Oct/2021:08:01:51 +0700] "GET /images/products/2020/02/19/original/chum_system_1582077067.png HTTP/1.0" 200 510 "-" "Mozilla/5.0 (compatible; bingbot/2.0; +http://www.bing.com/bingbot.htm)"
216.244.66.243 - - [16/Oct/2021:08:02:13 +0700] "GET /robots.txt HTTP/1.0" 200 528 "-" "Mozilla/5.0 (compatible; DotBot/1.2; +https://opensiteexplorer.org/dotbot; help@moz.com)"
114.119.148.103 - - [16/Oct/2021:08:02:14 +0700] "GET /ung-dung-phan-mem-lantek-trong-nganh-gia-cong-kim-loai-tam-n440.html HTTP/1.0" 200 12467 "-" "Mozilla/5.0 (Linux; Android 7.0;) AppleWebKit/537.36 (KHTML, like Gecko) Mobile Safari/537.36 (compatible; PetalBot;+https://webmaster.petalsearch.com/site/petalbot)"
207.46.13.168 - - [16/Oct/2021:08:02:29 +0700] "GET /san-pham.html?hangsx=bentley-systems-incorporated&linhvuc=dien HTTP/1.0" 200 15959 "-" "Mozilla/5.0 (compatible; bingbot/2.0; +http://www.bing.com/bingbot.htm)"
40.77.167.48 - - [16/Oct/2021:08:02:34 +0700] "GET /products.html?hangsx=bentley-systems-incorporated&ungdung=ket-cau-cong-trinh&loaisp=softwares HTTP/1.0" 200 13604 "-" "Mozilla/5.0 (compatible; bingbot/2.0; +http://www.bing.com/bingbot.htm)"
157.55.39.126 - - [16/Oct/2021:08:02:45 +0700] "GET /products.html?hangsx=aspentech&linhvuc=120&ungdung=ket-cau-cong-trinh HTTP/1.0" 200 13609 "-" "Mozilla/5.0 (compatible; bingbot/2.0; +http://www.bing.com/bingbot.htm)"
157.55.39.126 - - [16/Oct/2021:08:02:45 +0700] "GET /products.html?hangsx=csi&linhvuc=co-khi-che-tao&ungdung=202 HTTP/1.0" 200 13605 "-" "Mozilla/5.0 (compatible; bingbot/2.0; +http://www.bing.com/bingbot.htm)"
157.55.39.126 - - [16/Oct/2021:08:02:47 +0700] "GET /san-pham.html?hangsx=control-engineering-sweden-ab&ungdung=bim HTTP/1.0" 200 15944 "-" "Mozilla/5.0 (compatible; bingbot/2.0; +http://www.bing.com/bingbot.htm)"
157.55.39.40 - - [16/Oct/2021:08:02:52 +0700] "GET /products.html?hangsx=csi&linhvuc=giao-duc-dao-tao&loaisp=integrated-solutions HTTP/1.0" 200 13616 "-" "Mozilla/5.0 (compatible; bingbot/2.0; +http://www.bing.com/bingbot.htm)"
40.77.167.48 - - [16/Oct/2021:08:02:57 +0700] "GET /products.html?hangsx=aspentech&linhvuc=co-khi-che-tao&ungdung=mo-phong-dau-khi&loaisp=devices HTTP/1.0" 200 13637 "-" "Mozilla/5.0 (compatible; bingbot/2.0; +http://www.bing.com/bingbot.htm)"
66.249.79.106 - - [16/Oct/2021:08:03:35 +0700] "GET /images/news/2021/05/resized/1_1620613744.jpg HTTP/1.0" 200 493 "-" "Googlebot-Image/1.0"
54.91.36.203 - - [16/Oct/2021:08:03:40 +0700] "GET /download/PMXD/Escon/Escon60FullSetup.exe HTTP/1.0" 301 783 "-" "Mozilla/5.0 (Macintosh; Intel Mac OS X 10_10_5) AppleWebKit/537.36 (KHTML, like Gecko) Chrome/52.0.2743.116 Safari/537.36"
54.91.36.203 - - [16/Oct/2021:08:03:40 +0700] "GET /download/PMXD/stCAD/stCAD42Setup.exe HTTP/1.0" 200 499 "-" "Mozilla/5.0 (Macintosh; Intel Mac OS X 10_10_5) AppleWebKit/537.36 (KHTML, like Gecko) Chrome/52.0.2743.116 Safari/537.36"
54.91.36.203 - - [16/Oct/2021:08:03:40 +0700] "GET /download/PMXD/Full/Sumac3.1.0.2208FullSetup.exe HTTP/1.0" 301 797 "-" "Mozilla/5.0 (Macintosh; Intel Mac OS X 10_10_5) AppleWebKit/537.36 (KHTML, like Gecko) Chrome/52.0.2743.116 Safari/537.36"
54.91.36.203 - - [16/Oct/2021:08:03:40 +0700] "GET /download/PMXD/Escon/Escon60FullSetup.exe HTTP/1.0" 200 503 "-" "Mozilla/5.0 (Macintosh; Intel Mac OS X 10_10_5) AppleWebKit/537.36 (KHTML, like Gecko) Chrome/52.0.2743.116 Safari/537.36"
54.91.36.203 - - [16/Oct/2021:08:03:40 +0700] "GET /download/PMXD/Full/Sumac3.1.0.2208FullSetup.exe HTTP/1.0" 200 510 "-" "Mozilla/5.0 (Macintosh; Intel Mac OS X 10_10_5) AppleWebKit/537.36 (KHTML, like Gecko) Chrome/52.0.2743.116 Safari/537.36"
157.55.39.30 - - [16/Oct/2021:08:03:42 +0700] "GET /san-pham.html?loaisp=phan-mem&linhvuc=giao-thong HTTP/1.0" 200 69144 "-" "Mozilla/5.0 (compatible; bingbot/2.0; +http://www.bing.com/bingbot.htm)"
40.77.167.59 - - [16/Oct/2021:08:04:09 +0700] "GET /products.html?hangsx=geoslope-international-ltd&linhvuc=giao-duc-dao-tao&ungdung=work-structure&loaisp=softwares HTTP/1.0" 200 13637 "-" "Mozilla/5.0 (compatible; bingbot/2.0; +http://www.bing.com/bingbot.htm)"
207.46.13.52 - - [16/Oct/2021:08:04:21 +0700] "GET /sites/default/files/styles/110x/public/san-pham/34-2014/2.jpg?itok=Ht3xLY9j HTTP/1.0" 200 510 "-" "Mozilla/5.0 (compatible; bingbot/2.0; +http://www.bing.com/bingbot.htm)"
66.249.79.106 - - [16/Oct/2021:08:04:26 +0700] "GET /tuyen-dung-kien-truc-su-n29.html HTTP/1.0" 200 11063 "-" "Mozilla/5.0 (compatible; Googlebot/2.1; +http://www.google.com/bot.html)"
207.46.13.52 - - [16/Oct/2021:08:04:26 +0700] "GET /san-pham/gioi-thieu-hang-ptv-group-p125.html HTTP/1.0" 200 15611 "-" "Mozilla/5.0 (compatible; bingbot/2.0; +http://www.bing.com/bingbot.htm)"
114.119.148.0 - - [16/Oct/2021:08:05:00 +0700] "GET /cic-ky-ket-hop-dong-cung-cap-cac-thiet-bi-thi-nghiem-dia-ky--ne105.html HTTP/1.0" 200 10634 "-" "Mozilla/5.0 (Linux; Android 7.0;) AppleWebKit/537.36 (KHTML, like Gecko) Mobile Safari/537.36 (compatible; PetalBot;+https://webmaster.petalsearch.com/site/petalbot)"
40.77.167.48 - - [16/Oct/2021:08:05:06 +0700] "GET /san-pham.html?loaisp=khac&hangsx=instantel&linhvuc=khac&ungdung=don-gia-chi-so-gia-xay-dung-cong-trinh HTTP/1.0" 200 16082 "-" "Mozilla/5.0 (compatible; bingbot/2.0; +http://www.bing.com/bingbot.htm)"
40.77.167.48 - - [16/Oct/2021:08:05:25 +0700] "GET /san-pham.html?hangsx=adapt-corporation&linhvuc=646&ungdung=don-gia-chi-so-gia-xay-dung-cong-trinh&loaisp=khac HTTP/1.0" 200 16092 "-" "Mozilla/5.0 (compatible; bingbot/2.0; +http://www.bing.com/bingbot.htm)"
40.77.167.48 - - [16/Oct/2021:08:05:27 +0700] "GET /san-pham.html?hangsx=aqsystem&ungdung=thi-nghiem-trong-phong-hien-truong&loaisp=phan-mem HTTP/1.0" 200 16043 "-" "Mozilla/5.0 (compatible; bingbot/2.0; +http://www.bing.com/bingbot.htm)"
207.46.13.106 - - [16/Oct/2021:08:05:29 +0700] "GET /products.html?hangsx=breeze-usa&linhvuc=co-khi-che-tao&ungdung=don-gia-chi-so-gia-xay-dung-cong-trinh&loaisp=devices HTTP/1.0" 200 13654 "-" "Mozilla/5.0 (compatible; bingbot/2.0; +http://www.bing.com/bingbot.htm)"
207.46.13.106 - - [16/Oct/2021:08:05:29 +0700] "GET /san-pham.html?hangsx=csi&linhvuc=816 HTTP/1.0" 200 15896 "-" "Mozilla/5.0 (compatible; bingbot/2.0; +http://www.bing.com/bingbot.htm)"
207.46.13.52 - - [16/Oct/2021:08:05:34 +0700] "GET /san-pham.html?hangsx=cic&linhvuc=giao-duc-dao-tao&ungdung=du-toan-cong-trinh&loaisp=phan-mem HTTP/1.0" 200 18755 "-" "Mozilla/5.0 (compatible; bingbot/2.0; +http://www.bing.com/bingbot.htm)"
157.55.39.40 - - [16/Oct/2021:08:05:34 +0700] "GET /products.html?hangsx=deltares&linhvuc=co-khi-che-tao&ungdung=696 HTTP/1.0" 200 13611 "-" "Mozilla/5.0 (compatible; bingbot/2.0; +http://www.bing.com/bingbot.htm)"
40.77.167.48 - - [16/Oct/2021:08:05:55 +0700] "GET /products.html?hangsx=aet-uk&linhvuc=thuy-loi&ungdung=don-gia-chi-so-gia-xay-dung-cong-trinh&loaisp=devices HTTP/1.0" 200 13645 "-" "Mozilla/5.0 (compatible; bingbot/2.0; +http://www.bing.com/bingbot.htm)"
40.77.167.48 - - [16/Oct/2021:08:05:56 +0700] "GET /san-pham.html?hangsx=cic&linhvuc=giao-duc-dao-tao&loaisp=giai-phap-tich-hop HTTP/1.0" 200 16024 "-" "Mozilla/5.0 (compatible; bingbot/2.0; +http://www.bing.com/bingbot.htm)"
40.77.167.48 - - [16/Oct/2021:08:05:56 +0700] "GET /san-pham.html?hangsx=geonor-na-uy&linhvuc=giao-thong HTTP/1.0" 200 15942 "-" "Mozilla/5.0 (compatible; bingbot/2.0; +http://www.bing.com/bingbot.htm)"
207.46.13.106 - - [16/Oct/2021:08:06:00 +0700] "GET /products.html?linhvuc=giao-thong&hangsx=aspentech&ungdung=mo-phong-dau-khi&loaisp=devices HTTP/1.0" 200 13626 "-" "Mozilla/5.0 (compatible; bingbot/2.0; +http://www.bing.com/bingbot.htm)"
207.46.13.168 - - [16/Oct/2021:08:06:05 +0700] "GET /products.html?hangsx=casio-japan&linhvuc=co-khi-che-tao&ungdung=102 HTTP/1.0" 200 13613 "-" "Mozilla/5.0 (compatible; bingbot/2.0; +http://www.bing.com/bingbot.htm)"
207.46.13.168 - - [16/Oct/2021:08:06:05 +0700] "GET /products.html?linhvuc=dau-khi&ungdung=unit-price-work-construction-price-index HTTP/1.0" 200 13586 "-" "Mozilla/5.0 (compatible; bingbot/2.0; +http://www.bing.com/bingbot.htm)"
216.244.66.243 - - [16/Oct/2021:08:06:11 +0700] "GET /?page=plaxis-2d-dynamics HTTP/1.0" 200 71769 "-" "Mozilla/5.0 (compatible; DotBot/1.2; +https://opensiteexplorer.org/dotbot; help@moz.com)"
157.55.39.126 - - [16/Oct/2021:08:06:26 +0700] "GET /san-pham.html?hangsx=autodesk&ungdung=494&loaisp=phan-mem HTTP/1.0" 200 15980 "-" "Mozilla/5.0 (compatible; bingbot/2.0; +http://www.bing.com/bingbot.htm)"
34.245.171.116 - - [16/Oct/2021:08:06:35 +0700] "GET /rss.xml HTTP/1.0" 200 3972 "-" "Krzana bot"
66.249.79.108 - - [16/Oct/2021:08:09:01 +0700] "GET /products.html?linhvuc=co-khi-che-tao&hangsx=apvan-den-berg-netherlands&ungdung=geotechnics&loaisp=others HTTP/1.0" 200 13638 "-" "Mozilla/5.0 (Linux; Android 6.0.1; Nexus 5X Build/MMB29P) AppleWebKit/537.36 (KHTML, like Gecko) Chrome/94.0.4606.71 Mobile Safari/537.36 (compatible; Googlebot/2.1; +http://www.google.com/bot.html)"
216.244.66.243 - - [16/Oct/2021:08:09:05 +0700] "GET /?mact=News%2Ccntnt01%2Cdetail%2C0&cntnt01articleid=115&cntnt01returnid=93 HTTP/1.0" 200 71823 "-" "Mozilla/5.0 (compatible; DotBot/1.2; +https://opensiteexplorer.org/dotbot; help@moz.com)"
216.244.66.243 - - [16/Oct/2021:08:09:21 +0700] "GET /?mact=News%2Ccntnt01%2Cdetail%2C0&cntnt01articleid=147&cntnt01returnid=56 HTTP/1.0" 200 71790 "-" "Mozilla/5.0 (compatible; DotBot/1.2; +https://opensiteexplorer.org/dotbot; help@moz.com)"
216.244.66.243 - - [16/Oct/2021:08:09:34 +0700] "GET /?mact=News%2Ccntnt01%2Cdetail%2C0&cntnt01articleid=153&cntnt01returnid=92 HTTP/1.0" 200 71791 "-" "Mozilla/5.0 (compatible; DotBot/1.2; +https://opensiteexplorer.org/dotbot; help@moz.com)"
216.244.66.243 - - [16/Oct/2021:08:09:47 +0700] "GET /?mact=News%2Ccntnt01%2Cdetail%2C0&cntnt01articleid=212&cntnt01returnid=93 HTTP/1.0" 200 71841 "-" "Mozilla/5.0 (compatible; DotBot/1.2; +https://opensiteexplorer.org/dotbot; help@moz.com)"
216.244.66.243 - - [16/Oct/2021:08:09:58 +0700] "GET /?mact=News%2Ccntnt01%2Cdetail%2C0&cntnt01articleid=274&cntnt01returnid=92 HTTP/1.0" 200 71827 "-" "Mozilla/5.0 (compatible; DotBot/1.2; +https://opensiteexplorer.org/dotbot; help@moz.com)"
216.244.66.243 - - [16/Oct/2021:08:10:08 +0700] "GET /?mact=News%2Ccntnt01%2Cdetail%2C0&cntnt01articleid=369&cntnt01returnid=56 HTTP/1.0" 200 71780 "-" "Mozilla/5.0 (compatible; DotBot/1.2; +https://opensiteexplorer.org/dotbot; help@moz.com)"
40.77.167.48 - - [16/Oct/2021:08:10:16 +0700] "GET /products.html?hangsx=rps-usa&ungdung=dao-tao-lai-xe&loaisp=others HTTP/1.0" 200 13588 "-" "Mozilla/5.0 (compatible; bingbot/2.0; +http://www.bing.com/bingbot.htm)"
216.244.66.243 - - [16/Oct/2021:08:10:18 +0700] "GET /?mact=News%2Ccntnt01%2Cdetail%2C0&cntnt01articleid=82&cntnt01returnid=92 HTTP/1.0" 200 71758 "-" "Mozilla/5.0 (compatible; DotBot/1.2; +https://opensiteexplorer.org/dotbot; help@moz.com)"
14.232.164.53 - - [16/Oct/2021:08:11:13 +0700] "GET /san-pham/adapt-pt-p197.html HTTP/1.0" 200 14649 "https://www.google.com/" "Mozilla/5.0 (Windows NT 10.0; Win64; x64) AppleWebKit/537.36 (KHTML, like Gecko) Chrome/94.0.4606.81 Safari/537.36"
14.232.164.53 - - [16/Oct/2021:08:11:13 +0700] "GET /templates/default/css/bootstrap.css HTTP/1.0" 200 482 "https://www.cic.com.vn/san-pham/adapt-pt-p197.html" "Mozilla/5.0 (Windows NT 10.0; Win64; x64) AppleWebKit/537.36 (KHTML, like Gecko) Chrome/94.0.4606.81 Safari/537.36"
14.232.164.53 - - [16/Oct/2021:08:11:13 +0700] "GET /modules/products/assets/css/sanphamchitiet.css HTTP/1.0" 200 493 "https://www.cic.com.vn/san-pham/adapt-pt-p197.html" "Mozilla/5.0 (Windows NT 10.0; Win64; x64) AppleWebKit/537.36 (KHTML, like Gecko) Chrome/94.0.4606.81 Safari/537.36"
14.232.164.53 - - [16/Oct/2021:08:11:13 +0700] "GET /modules/products/assets/css/lightgallery.min.css HTTP/1.0" 200 495 "https://www.cic.com.vn/san-pham/adapt-pt-p197.html" "Mozilla/5.0 (Windows NT 10.0; Win64; x64) AppleWebKit/537.36 (KHTML, like Gecko) Chrome/94.0.4606.81 Safari/537.36"
14.232.164.53 - - [16/Oct/2021:08:11:13 +0700] "GET /templates/default/css/style.css HTTP/1.0" 200 478 "https://www.cic.com.vn/san-pham/adapt-pt-p197.html" "Mozilla/5.0 (Windows NT 10.0; Win64; x64) AppleWebKit/537.36 (KHTML, like Gecko) Chrome/94.0.4606.81 Safari/537.36"
14.232.164.53 - - [16/Oct/2021:08:11:13 +0700] "GET /libraries/font-awesome/css/fontawesome-all.min.css HTTP/1.0" 200 497 "https://www.cic.com.vn/san-pham/adapt-pt-p197.html" "Mozilla/5.0 (Windows NT 10.0; Win64; x64) AppleWebKit/537.36 (KHTML, like Gecko) Chrome/94.0.4606.81 Safari/537.36"
14.232.164.53 - - [16/Oct/2021:08:11:13 +0700] "GET /modules/products/assets/css/lightslider.css HTTP/1.0" 200 490 "https://www.cic.com.vn/san-pham/adapt-pt-p197.html" "Mozilla/5.0 (Windows NT 10.0; Win64; x64) AppleWebKit/537.36 (KHTML, like Gecko) Chrome/94.0.4606.81 Safari/537.36"
14.232.164.53 - - [16/Oct/2021:08:11:13 +0700] "GET /modules/home/assets/css/home6.css HTTP/1.0" 200 480 "https://www.cic.com.vn/san-pham/adapt-pt-p197.html" "Mozilla/5.0 (Windows NT 10.0; Win64; x64) AppleWebKit/537.36 (KHTML, like Gecko) Chrome/94.0.4606.81 Safari/537.36"
14.232.164.53 - - [16/Oct/2021:08:11:13 +0700] "GET /blocks/mainmenu/assets/css/megamenu_moblie.css HTTP/1.0" 200 814 "https://www.cic.com.vn/san-pham/adapt-pt-p197.html" "Mozilla/5.0 (Windows NT 10.0; Win64; x64) AppleWebKit/537.36 (KHTML, like Gecko) Chrome/94.0.4606.81 Safari/537.36"
14.232.164.53 - - [16/Oct/2021:08:11:13 +0700] "GET /blocks/mainmenu/assets/css/jquery.mmenu.all.css HTTP/1.0" 200 494 "https://www.cic.com.vn/san-pham/adapt-pt-p197.html" "Mozilla/5.0 (Windows NT 10.0; Win64; x64) AppleWebKit/537.36 (KHTML, like Gecko) Chrome/94.0.4606.81 Safari/537.36"
14.232.164.53 - - [16/Oct/2021:08:11:13 +0700] "GET /blocks/mainmenu/assets/css/styles.css HTTP/1.0" 200 484 "https://www.cic.com.vn/san-pham/adapt-pt-p197.html" "Mozilla/5.0 (Windows NT 10.0; Win64; x64) AppleWebKit/537.36 (KHTML, like Gecko) Chrome/94.0.4606.81 Safari/537.36"
14.232.164.53 - - [16/Oct/2021:08:11:13 +0700] "GET /blocks/mainmenu/assets/css/mmenu.css HTTP/1.0" 200 483 "https://www.cic.com.vn/san-pham/adapt-pt-p197.html" "Mozilla/5.0 (Windows NT 10.0; Win64; x64) AppleWebKit/537.36 (KHTML, like Gecko) Chrome/94.0.4606.81 Safari/537.36"
14.232.164.53 - - [16/Oct/2021:08:11:13 +0700] "GET /libraries/jquery/jquery-1.12.4.min.js HTTP/1.0" 200 498 "https://www.cic.com.vn/san-pham/adapt-pt-p197.html" "Mozilla/5.0 (Windows NT 10.0; Win64; x64) AppleWebKit/537.36 (KHTML, like Gecko) Chrome/94.0.4606.81 Safari/537.36"
14.232.164.53 - - [16/Oct/2021:08:11:13 +0700] "GET /modules/products/assets/js/product.js HTTP/1.0" 200 498 "https://www.cic.com.vn/san-pham/adapt-pt-p197.html" "Mozilla/5.0 (Windows NT 10.0; Win64; x64) AppleWebKit/537.36 (KHTML, like Gecko) Chrome/94.0.4606.81 Safari/537.36"
14.232.164.53 - - [16/Oct/2021:08:11:13 +0700] "GET /templates/default/js/main.js HTTP/1.0" 200 489 "https://www.cic.com.vn/san-pham/adapt-pt-p197.html" "Mozilla/5.0 (Windows NT 10.0; Win64; x64) AppleWebKit/537.36 (KHTML, like Gecko) Chrome/94.0.4606.81 Safari/537.36"
14.232.164.53 - - [16/Oct/2021:08:11:13 +0700] "GET /modules/products/assets/js/lightgallery-all.min.js HTTP/1.0" 200 511 "https://www.cic.com.vn/san-pham/adapt-pt-p197.html" "Mozilla/5.0 (Windows NT 10.0; Win64; x64) AppleWebKit/537.36 (KHTML, like Gecko) Chrome/94.0.4606.81 Safari/537.36"
14.232.164.53 - - [16/Oct/2021:08:11:13 +0700] "GET /templates/default/js/bootstrap.min.js HTTP/1.0" 200 498 "https://www.cic.com.vn/san-pham/adapt-pt-p197.html" "Mozilla/5.0 (Windows NT 10.0; Win64; x64) AppleWebKit/537.36 (KHTML, like Gecko) Chrome/94.0.4606.81 Safari/537.36"
14.232.164.53 - - [16/Oct/2021:08:11:13 +0700] "GET /modules/products/assets/js/carousel.js HTTP/1.0" 200 953 "https://www.cic.com.vn/san-pham/adapt-pt-p197.html" "Mozilla/5.0 (Windows NT 10.0; Win64; x64) AppleWebKit/537.36 (KHTML, like Gecko) Chrome/94.0.4606.81 Safari/537.36"
14.232.164.53 - - [16/Oct/2021:08:11:13 +0700] "GET /modules/products/assets/js/lightslider.js HTTP/1.0" 200 502 "https://www.cic.com.vn/san-pham/adapt-pt-p197.html" "Mozilla/5.0 (Windows NT 10.0; Win64; x64) AppleWebKit/537.36 (KHTML, like Gecko) Chrome/94.0.4606.81 Safari/537.36"
14.232.164.53 - - [16/Oct/2021:08:11:13 +0700] "GET /templates/default/js/form1.js HTTP/1.0" 200 490 "https://www.cic.com.vn/san-pham/adapt-pt-p197.html" "Mozilla/5.0 (Windows NT 10.0; Win64; x64) AppleWebKit/537.36 (KHTML, like Gecko) Chrome/94.0.4606.81 Safari/537.36"
14.232.164.53 - - [16/Oct/2021:08:11:13 +0700] "GET /blocks/search/assets/js/search.js HTTP/1.0" 200 494 "https://www.cic.com.vn/san-pham/adapt-pt-p197.html" "Mozilla/5.0 (Windows NT 10.0; Win64; x64) AppleWebKit/537.36 (KHTML, like Gecko) Chrome/94.0.4606.81 Safari/537.36"
14.232.164.53 - - [16/Oct/2021:08:11:13 +0700] "GET /blocks/mainmenu/assets/js/mmenu.js HTTP/1.0" 200 495 "https://www.cic.com.vn/san-pham/adapt-pt-p197.html" "Mozilla/5.0 (Windows NT 10.0; Win64; x64) AppleWebKit/537.36 (KHTML, like Gecko) Chrome/94.0.4606.81 Safari/537.36"
14.232.164.53 - - [16/Oct/2021:08:11:13 +0700] "GET /images/logos/logo.png HTTP/1.0" 200 469 "https://www.cic.com.vn/san-pham/adapt-pt-p197.html" "Mozilla/5.0 (Windows NT 10.0; Win64; x64) AppleWebKit/537.36 (KHTML, like Gecko) Chrome/94.0.4606.81 Safari/537.36"
14.232.164.53 - - [16/Oct/2021:08:11:13 +0700] "GET /images/config/a2_1565174137.png HTTP/1.0" 200 479 "https://www.cic.com.vn/san-pham/adapt-pt-p197.html" "Mozilla/5.0 (Windows NT 10.0; Win64; x64) AppleWebKit/537.36 (KHTML, like Gecko) Chrome/94.0.4606.81 Safari/537.36"
14.232.164.53 - - [16/Oct/2021:08:11:13 +0700] "GET /blocks/mainmenu/assets/js/megamenu_moblie.js HTTP/1.0" 200 789 "https://www.cic.com.vn/san-pham/adapt-pt-p197.html" "Mozilla/5.0 (Windows NT 10.0; Win64; x64) AppleWebKit/537.36 (KHTML, like Gecko) Chrome/94.0.4606.81 Safari/537.36"
14.232.164.53 - - [16/Oct/2021:08:11:13 +0700] "GET /blocks/mainmenu/assets/js/mmenu.polyfills.js HTTP/1.0" 200 505 "https://www.cic.com.vn/san-pham/adapt-pt-p197.html" "Mozilla/5.0 (Windows NT 10.0; Win64; x64) AppleWebKit/537.36 (KHTML, like Gecko) Chrome/94.0.4606.81 Safari/537.36"
14.232.164.53 - - [16/Oct/2021:08:11:13 +0700] "GET /images/logos/search.png HTTP/1.0" 200 471 "https://www.cic.com.vn/san-pham/adapt-pt-p197.html" "Mozilla/5.0 (Windows NT 10.0; Win64; x64) AppleWebKit/537.36 (KHTML, like Gecko) Chrome/94.0.4606.81 Safari/537.36"
14.232.164.53 - - [16/Oct/2021:08:11:13 +0700] "GET /templates/default/images/Path%2044.svg HTTP/1.0" 200 812 "https://www.cic.com.vn/san-pham/adapt-pt-p197.html" "Mozilla/5.0 (Windows NT 10.0; Win64; x64) AppleWebKit/537.36 (KHTML, like Gecko) Chrome/94.0.4606.81 Safari/537.36"
14.232.164.53 - - [16/Oct/2021:08:11:13 +0700] "GET /templates/default/images/search.png HTTP/1.0" 200 1109 "https://www.cic.com.vn/san-pham/adapt-pt-p197.html" "Mozilla/5.0 (Windows NT 10.0; Win64; x64) AppleWebKit/537.36 (KHTML, like Gecko) Chrome/94.0.4606.81 Safari/537.36"
14.232.164.53 - - [16/Oct/2021:08:11:13 +0700] "GET /images/logo/a3.png HTTP/1.0" 200 466 "https://www.cic.com.vn/san-pham/adapt-pt-p197.html" "Mozilla/5.0 (Windows NT 10.0; Win64; x64) AppleWebKit/537.36 (KHTML, like Gecko) Chrome/94.0.4606.81 Safari/537.36"
14.232.164.53 - - [16/Oct/2021:08:11:13 +0700] "GET /images/products/2019/10/16/large/t%E1%BA%A3i%20xu%E1%BB%91ng.jpg HTTP/1.0" 404 726 "https://www.cic.com.vn/san-pham/adapt-pt-p197.html" "Mozilla/5.0 (Windows NT 10.0; Win64; x64) AppleWebKit/537.36 (KHTML, like Gecko) Chrome/94.0.4606.81 Safari/537.36"
14.232.164.53 - - [16/Oct/2021:08:11:13 +0700] "GET /images/products/2019/10/16/large/ptrc_rebar_curtailment_matrix_543x445.jpg HTTP/1.0" 200 523 "https://www.cic.com.vn/san-pham/adapt-pt-p197.html" "Mozilla/5.0 (Windows NT 10.0; Win64; x64) AppleWebKit/537.36 (KHTML, like Gecko) Chrome/94.0.4606.81 Safari/537.36"
14.232.164.53 - - [16/Oct/2021:08:11:13 +0700] "GET /images/products/2019/10/16/large/t%E1%BA%A3i%20xu%E1%BB%91ng%20(1).jpg HTTP/1.0" 404 730 "https://www.cic.com.vn/san-pham/adapt-pt-p197.html" "Mozilla/5.0 (Windows NT 10.0; Win64; x64) AppleWebKit/537.36 (KHTML, like Gecko) Chrome/94.0.4606.81 Safari/537.36"
14.232.164.53 - - [16/Oct/2021:08:11:13 +0700] "GET /images/products/2019/10/16/large/t%E1%BA%A3i%20xu%E1%BB%91ng%20(2).jpg HTTP/1.0" 404 730 "https://www.cic.com.vn/san-pham/adapt-pt-p197.html" "Mozilla/5.0 (Windows NT 10.0; Win64; x64) AppleWebKit/537.36 (KHTML, like Gecko) Chrome/94.0.4606.81 Safari/537.36"
14.232.164.53 - - [16/Oct/2021:08:11:13 +0700] "GET /images/products/2019/10/16/large/ptrc_dxf_summary_880x270.png HTTP/1.0" 200 509 "https://www.cic.com.vn/san-pham/adapt-pt-p197.html" "Mozilla/5.0 (Windows NT 10.0; Win64; x64) AppleWebKit/537.36 (KHTML, like Gecko) Chrome/94.0.4606.81 Safari/537.36"
14.232.164.53 - - [16/Oct/2021:08:11:13 +0700] "GET /images/ytb.png HTTP/1.0" 200 462 "https://www.cic.com.vn/san-pham/adapt-pt-p197.html" "Mozilla/5.0 (Windows NT 10.0; Win64; x64) AppleWebKit/537.36 (KHTML, like Gecko) Chrome/94.0.4606.81 Safari/537.36"
14.232.164.53 - - [16/Oct/2021:08:11:13 +0700] "GET /images/products/2019/10/16/large/recycling_screen_520x325.jpg HTTP/1.0" 200 510 "https://www.cic.com.vn/san-pham/adapt-pt-p197.html" "Mozilla/5.0 (Windows NT 10.0; Win64; x64) AppleWebKit/537.36 (KHTML, like Gecko) Chrome/94.0.4606.81 Safari/537.36"
14.232.164.53 - - [16/Oct/2021:08:11:13 +0700] "GET /modules/contact/assets/images/lienhe.png HTTP/1.0" 200 488 "https://www.cic.com.vn/san-pham/adapt-pt-p197.html" "Mozilla/5.0 (Windows NT 10.0; Win64; x64) AppleWebKit/537.36 (KHTML, like Gecko) Chrome/94.0.4606.81 Safari/537.36"
14.232.164.53 - - [16/Oct/2021:08:11:13 +0700] "GET /images/logos/icon10.png HTTP/1.0" 200 471 "https://www.cic.com.vn/san-pham/adapt-pt-p197.html" "Mozilla/5.0 (Windows NT 10.0; Win64; x64) AppleWebKit/537.36 (KHTML, like Gecko) Chrome/94.0.4606.81 Safari/537.36"
14.232.164.53 - - [16/Oct/2021:08:11:13 +0700] "GET /modules/products/assets/fonts/Roboto-Regular.ttf HTTP/1.0" 404 724 "https://www.cic.com.vn/modules/products/assets/css/sanphamchitiet.css" "Mozilla/5.0 (Windows NT 10.0; Win64; x64) AppleWebKit/537.36 (KHTML, like Gecko) Chrome/94.0.4606.81 Safari/537.36"
14.232.164.53 - - [16/Oct/2021:08:11:13 +0700] "GET /images/logos/zalo.png HTTP/1.0" 200 469 "https://www.cic.com.vn/modules/products/assets/css/sanphamchitiet.css" "Mozilla/5.0 (Windows NT 10.0; Win64; x64) AppleWebKit/537.36 (KHTML, like Gecko) Chrome/94.0.4606.81 Safari/537.36"
14.232.164.53 - - [16/Oct/2021:08:11:13 +0700] "GET /images/logos/skype.png HTTP/1.0" 200 470 "https://www.cic.com.vn/modules/products/assets/css/sanphamchitiet.css" "Mozilla/5.0 (Windows NT 10.0; Win64; x64) AppleWebKit/537.36 (KHTML, like Gecko) Chrome/94.0.4606.81 Safari/537.36"
14.232.164.53 - - [16/Oct/2021:08:11:13 +0700] "GET /images/logos/nui.png HTTP/1.0" 200 468 "https://www.cic.com.vn/modules/home/assets/css/home6.css" "Mozilla/5.0 (Windows NT 10.0; Win64; x64) AppleWebKit/537.36 (KHTML, like Gecko) Chrome/94.0.4606.81 Safari/537.36"
14.232.164.53 - - [16/Oct/2021:08:11:13 +0700] "GET /images/logos/iconten.png HTTP/1.0" 200 1221 "https://www.cic.com.vn/modules/home/assets/css/home6.css" "Mozilla/5.0 (Windows NT 10.0; Win64; x64) AppleWebKit/537.36 (KHTML, like Gecko) Chrome/94.0.4606.81 Safari/537.36"
14.232.164.53 - - [16/Oct/2021:08:11:13 +0700] "GET /images/logos/footer.png HTTP/1.0" 200 471 "https://www.cic.com.vn/modules/home/assets/css/home6.css" "Mozilla/5.0 (Windows NT 10.0; Win64; x64) AppleWebKit/537.36 (KHTML, like Gecko) Chrome/94.0.4606.81 Safari/537.36"
14.232.164.53 - - [16/Oct/2021:08:11:13 +0700] "GET /images/products/2019/10/16/small/ptrc_rebar_curtailment_matrix_543x445.jpg HTTP/1.0" 200 523 "https://www.cic.com.vn/san-pham/adapt-pt-p197.html" "Mozilla/5.0 (Windows NT 10.0; Win64; x64) AppleWebKit/537.36 (KHTML, like Gecko) Chrome/94.0.4606.81 Safari/537.36"
14.232.164.53 - - [16/Oct/2021:08:11:13 +0700] "GET /images/products/2019/10/16/small/t%E1%BA%A3i%20xu%E1%BB%91ng%20(1).jpg HTTP/1.0" 404 730 "https://www.cic.com.vn/san-pham/adapt-pt-p197.html" "Mozilla/5.0 (Windows NT 10.0; Win64; x64) AppleWebKit/537.36 (KHTML, like Gecko) Chrome/94.0.4606.81 Safari/537.36"
14.232.164.53 - - [16/Oct/2021:08:11:13 +0700] "GET /images/products/2019/10/16/small/ptrc_dxf_summary_880x270.png HTTP/1.0" 200 509 "https://www.cic.com.vn/san-pham/adapt-pt-p197.html" "Mozilla/5.0 (Windows NT 10.0; Win64; x64) AppleWebKit/537.36 (KHTML, like Gecko) Chrome/94.0.4606.81 Safari/537.36"
14.232.164.53 - - [16/Oct/2021:08:11:13 +0700] "GET /images/products/2019/10/16/small/t%E1%BA%A3i%20xu%E1%BB%91ng%20(2).jpg HTTP/1.0" 404 730 "https://www.cic.com.vn/san-pham/adapt-pt-p197.html" "Mozilla/5.0 (Windows NT 10.0; Win64; x64) AppleWebKit/537.36 (KHTML, like Gecko) Chrome/94.0.4606.81 Safari/537.36"
14.232.164.53 - - [16/Oct/2021:08:11:13 +0700] "GET /modules/products/assets/images/controls.png HTTP/1.0" 200 491 "https://www.cic.com.vn/modules/products/assets/css/lightslider.css" "Mozilla/5.0 (Windows NT 10.0; Win64; x64) AppleWebKit/537.36 (KHTML, like Gecko) Chrome/94.0.4606.81 Safari/537.36"
14.232.164.53 - - [16/Oct/2021:08:11:13 +0700] "GET /images/products/2019/10/16/small/t%E1%BA%A3i%20xu%E1%BB%91ng.jpg HTTP/1.0" 404 726 "https://www.cic.com.vn/san-pham/adapt-pt-p197.html" "Mozilla/5.0 (Windows NT 10.0; Win64; x64) AppleWebKit/537.36 (KHTML, like Gecko) Chrome/94.0.4606.81 Safari/537.36"
14.232.164.53 - - [16/Oct/2021:08:11:13 +0700] "GET /images/products/2019/10/16/small/recycling_screen_520x325.jpg HTTP/1.0" 200 510 "https://www.cic.com.vn/san-pham/adapt-pt-p197.html" "Mozilla/5.0 (Windows NT 10.0; Win64; x64) AppleWebKit/537.36 (KHTML, like Gecko) Chrome/94.0.4606.81 Safari/537.36"
14.232.164.53 - - [16/Oct/2021:08:11:13 +0700] "GET /templates/default/fonts/Roboto-Regular.woff2 HTTP/1.0" 200 467 "https://www.cic.com.vn/templates/default/css/style.css" "Mozilla/5.0 (Windows NT 10.0; Win64; x64) AppleWebKit/537.36 (KHTML, like Gecko) Chrome/94.0.4606.81 Safari/537.36"
14.232.164.53 - - [16/Oct/2021:08:11:15 +0700] "GET /images/favicon.ico HTTP/1.0" 200 481 "https://www.cic.com.vn/san-pham/adapt-pt-p197.html" "Mozilla/5.0 (Windows NT 10.0; Win64; x64) AppleWebKit/537.36 (KHTML, like Gecko) Chrome/94.0.4606.81 Safari/537.36"
14.232.164.53 - - [16/Oct/2021:08:11:16 +0700] "GET /templates/default/images/to-top.png HTTP/1.0" 200 483 "https://www.cic.com.vn/templates/default/css/style.css" "Mozilla/5.0 (Windows NT 10.0; Win64; x64) AppleWebKit/537.36 (KHTML, like Gecko) Chrome/94.0.4606.81 Safari/537.36"
216.244.66.243 - - [16/Oct/2021:08:11:54 +0700] "GET /?mact=FrontEndUsers%2Ccntnt01%2Cdefault%2C0&cntnt01lang=vn_US&cntnt01form=forgotpw&cntnt01returnto=782&cntnt01returnid=114 HTTP/1.0" 200 71808 "-" "Mozilla/5.0 (compatible; DotBot/1.2; +https://opensiteexplorer.org/dotbot; help@moz.com)"
13.66.139.0 - - [16/Oct/2021:08:11:56 +0700] "GET /products.html?loaisp=integrated-solutions&hangsx=instantel&linhvuc=xay-dung HTTP/1.0" 200 13604 "-" "Mozilla/5.0 (compatible; bingbot/2.0; +http://www.bing.com/bingbot.htm)"
207.46.13.52 - - [16/Oct/2021:08:12:12 +0700] "GET /san-pham.html?linhvuc=giao-duc-dao-tao&hangsx=dhi&ungdung=ket-cau-cong-trinh HTTP/1.0" 200 16041 "-" "Mozilla/5.0 (compatible; bingbot/2.0; +http://www.bing.com/bingbot.htm)"
157.55.39.164 - - [16/Oct/2021:08:12:48 +0700] "GET /products.html?loaisp=integrated-solutions&hangsx=csi&linhvuc=dau-khi&ungdung=unit-price-work-construction-price-index HTTP/1.0" 200 13652 "-" "Mozilla/5.0 (compatible; bingbot/2.0; +http://www.bing.com/bingbot.htm)"
66.249.79.106 - - [16/Oct/2021:08:12:53 +0700] "GET /hoi-thao-chuyen-de-quy-trinh-lam-viec-hieu-qua-trong-xay-dung-dan-dung-voi-allplan-n445.html HTTP/1.0" 200 11270 "-" "Mozilla/5.0 (Linux; Android 6.0.1; Nexus 5X Build/MMB29P) AppleWebKit/537.36 (KHTML, like Gecko) Chrome/94.0.4606.81 Mobile Safari/537.36 (compatible; Googlebot/2.1; +http://www.google.com/bot.html)"
40.77.167.59 - - [16/Oct/2021:08:13:22 +0700] "GET /products.html?linhvuc=dau-khi&ungdung=construction-cost-estimates&loaisp=giai-phap-tich-hop HTTP/1.0" 200 13622 "-" "Mozilla/5.0 (compatible; bingbot/2.0; +http://www.bing.com/bingbot.htm)"
77.75.79.11 - - [16/Oct/2021:08:15:27 +0700] "GET /robots.txt HTTP/1.0" 200 528 "-" "Mozilla/5.0 (compatible; SeznamBot/3.2; +http://napoveda.seznam.cz/en/seznambot-intro/)"
157.55.39.164 - - [16/Oct/2021:08:15:42 +0700] "GET /products.html?loaisp=devices&linhvuc=dau-khi&ungdung=construction-cost-estimates HTTP/1.0" 200 13607 "-" "Mozilla/5.0 (compatible; bingbot/2.0; +http://www.bing.com/bingbot.htm)"
175.143.194.41 - - [16/Oct/2021:08:15:55 +0700] "GET / HTTP/1.0" 200 11085 "https://www.cic.com.vn/" "Mozilla/5.0 (Windows NT 10.0; Win64; x64) AppleWebKit/537.36 (KHTML, like Gecko) Chrome/94.0.4606.81 Safari/537.36"
175.143.194.41 - - [16/Oct/2021:08:15:56 +0700] "GET /images/favicon.ico HTTP/1.0" 200 481 "https://www.cic.com.vn/" "Mozilla/5.0 (Windows NT 10.0; Win64; x64) AppleWebKit/537.36 (KHTML, like Gecko) Chrome/94.0.4606.81 Safari/537.36"
40.77.167.59 - - [16/Oct/2021:08:17:27 +0700] "GET /thong-tu-huong-dan-nghi-dinh-68-2019-hieu-luc-ap-dung-tu-2020-n382.html HTTP/1.0" 200 12111 "-" "Mozilla/5.0 (compatible; bingbot/2.0; +http://www.bing.com/bingbot.htm)"
114.119.148.0 - - [16/Oct/2021:08:18:06 +0700] "GET /escon8/helptaogiatb/Escon7_GiaTB.pdf HTTP/1.0" 404 712 "-" "Mozilla/5.0 (Linux; Android 7.0;) AppleWebKit/537.36 (KHTML, like Gecko) Mobile Safari/537.36 (compatible; PetalBot;+https://webmaster.petalsearch.com/site/petalbot)"
114.119.148.102 - - [16/Oct/2021:08:19:32 +0700] "GET /en/node/928/dat-mua HTTP/1.0" 301 741 "-" "Mozilla/5.0 (Linux; Android 7.0;) AppleWebKit/537.36 (KHTML, like Gecko) Mobile Safari/537.36 (compatible; PetalBot;+https://webmaster.petalsearch.com/site/petalbot)"
114.119.148.102 - - [16/Oct/2021:08:19:33 +0700] "GET /en/node/928/dat-mua HTTP/1.0" 404 695 "-" "Mozilla/5.0 (Linux; Android 7.0;) AppleWebKit/537.36 (KHTML, like Gecko) Mobile Safari/537.36 (compatible; PetalBot;+https://webmaster.petalsearch.com/site/petalbot)"
113.165.235.183 - - [16/Oct/2021:08:20:03 +0700] "GET / HTTP/1.0" 200 11197 "-" "Mozilla/5.0 (iPhone; CPU iPhone OS 14_7_1 like Mac OS X) AppleWebKit/605.1.15 (KHTML, like Gecko) Version/14.1.2 Mobile/15E148 Safari/604.1"
113.165.235.183 - - [16/Oct/2021:08:20:03 +0700] "GET /images/banners/original/tecknosim_1584082087.jpg HTTP/1.0" 200 497 "https://www.cic.com.vn/" "Mozilla/5.0 (iPhone; CPU iPhone OS 14_7_1 like Mac OS X) AppleWebKit/605.1.15 (KHTML, like Gecko) Version/14.1.2 Mobile/15E148 Safari/604.1"
113.165.235.183 - - [16/Oct/2021:08:20:03 +0700] "GET /images/banners/original/2e6d66de5459e7803120e236d462f8616def0463_s2_n1_1620870929.jpg HTTP/1.0" 200 534 "https://www.cic.com.vn/" "Mozilla/5.0 (iPhone; CPU iPhone OS 14_7_1 like Mac OS X) AppleWebKit/605.1.15 (KHTML, like Gecko) Version/14.1.2 Mobile/15E148 Safari/604.1"
113.165.235.183 - - [16/Oct/2021:08:20:03 +0700] "GET /images/banners/original/geotomo_1584074933.jpg HTTP/1.0" 200 495 "https://www.cic.com.vn/" "Mozilla/5.0 (iPhone; CPU iPhone OS 14_7_1 like Mac OS X) AppleWebKit/605.1.15 (KHTML, like Gecko) Version/14.1.2 Mobile/15E148 Safari/604.1"
113.165.235.183 - - [16/Oct/2021:08:20:03 +0700] "GET /images/banners/original/prokon_1584081506.jpg HTTP/1.0" 200 494 "https://www.cic.com.vn/" "Mozilla/5.0 (iPhone; CPU iPhone OS 14_7_1 like Mac OS X) AppleWebKit/605.1.15 (KHTML, like Gecko) Version/14.1.2 Mobile/15E148 Safari/604.1"
113.165.235.183 - - [16/Oct/2021:08:20:03 +0700] "GET /images/banners/original/datakustik_1584073973.jpg HTTP/1.0" 200 498 "https://www.cic.com.vn/" "Mozilla/5.0 (iPhone; CPU iPhone OS 14_7_1 like Mac OS X) AppleWebKit/605.1.15 (KHTML, like Gecko) Version/14.1.2 Mobile/15E148 Safari/604.1"
113.165.235.183 - - [16/Oct/2021:08:20:03 +0700] "GET /images/banners/original/trimble_1584082277.jpg HTTP/1.0" 200 495 "https://www.cic.com.vn/" "Mozilla/5.0 (iPhone; CPU iPhone OS 14_7_1 like Mac OS X) AppleWebKit/605.1.15 (KHTML, like Gecko) Version/14.1.2 Mobile/15E148 Safari/604.1"
113.165.235.183 - - [16/Oct/2021:08:20:03 +0700] "GET /images/banners/original/samsung_1584081731.jpg HTTP/1.0" 200 495 "https://www.cic.com.vn/" "Mozilla/5.0 (iPhone; CPU iPhone OS 14_7_1 like Mac OS X) AppleWebKit/605.1.15 (KHTML, like Gecko) Version/14.1.2 Mobile/15E148 Safari/604.1"
113.165.235.183 - - [16/Oct/2021:08:20:03 +0700] "GET /images/banners/original/obayashi_1584081194.jpg HTTP/1.0" 200 496 "https://www.cic.com.vn/" "Mozilla/5.0 (iPhone; CPU iPhone OS 14_7_1 like Mac OS X) AppleWebKit/605.1.15 (KHTML, like Gecko) Version/14.1.2 Mobile/15E148 Safari/604.1"
113.165.235.183 - - [16/Oct/2021:08:20:03 +0700] "GET /images/banners/original/tediport_1584082184.jpg HTTP/1.0" 200 496 "https://www.cic.com.vn/" "Mozilla/5.0 (iPhone; CPU iPhone OS 14_7_1 like Mac OS X) AppleWebKit/605.1.15 (KHTML, like Gecko) Version/14.1.2 Mobile/15E148 Safari/604.1"
113.165.235.183 - - [16/Oct/2021:08:20:03 +0700] "GET /images/banners/original/img12_1565171338.png HTTP/1.0" 200 492 "https://www.cic.com.vn/" "Mozilla/5.0 (iPhone; CPU iPhone OS 14_7_1 like Mac OS X) AppleWebKit/605.1.15 (KHTML, like Gecko) Version/14.1.2 Mobile/15E148 Safari/604.1"
113.165.235.183 - - [16/Oct/2021:08:20:03 +0700] "GET /images/banners/original/vsl_1584082546.jpg HTTP/1.0" 200 491 "https://www.cic.com.vn/" "Mozilla/5.0 (iPhone; CPU iPhone OS 14_7_1 like Mac OS X) AppleWebKit/605.1.15 (KHTML, like Gecko) Version/14.1.2 Mobile/15E148 Safari/604.1"
113.165.235.183 - - [16/Oct/2021:08:20:04 +0700] "GET / HTTP/1.0" 200 11055 "-" "Mozilla/5.0 (iPhone; CPU iPhone OS 14_7_1 like Mac OS X) AppleWebKit/605.1.15 (KHTML, like Gecko) Version/14.1.2 Mobile/15E148 Safari/604.1"
113.165.235.183 - - [16/Oct/2021:08:20:04 +0700] "GET /images/banners/original/sunrise_1584082022.jpg HTTP/1.0" 200 495 "https://www.cic.com.vn/" "Mozilla/5.0 (iPhone; CPU iPhone OS 14_7_1 like Mac OS X) AppleWebKit/605.1.15 (KHTML, like Gecko) Version/14.1.2 Mobile/15E148 Safari/604.1"
113.165.235.183 - - [16/Oct/2021:08:20:04 +0700] "GET /images/banners/original/fuxin_1584074713.jpg HTTP/1.0" 200 493 "https://www.cic.com.vn/" "Mozilla/5.0 (iPhone; CPU iPhone OS 14_7_1 like Mac OS X) AppleWebKit/605.1.15 (KHTML, like Gecko) Version/14.1.2 Mobile/15E148 Safari/604.1"
113.165.235.183 - - [16/Oct/2021:08:20:04 +0700] "GET /images/banners/original/vingroup_1584082471.jpg HTTP/1.0" 200 496 "https://www.cic.com.vn/" "Mozilla/5.0 (iPhone; CPU iPhone OS 14_7_1 like Mac OS X) AppleWebKit/605.1.15 (KHTML, like Gecko) Version/14.1.2 Mobile/15E148 Safari/604.1"
113.165.235.183 - - [16/Oct/2021:08:20:04 +0700] "GET /images/banners/original/rps_1584081695.jpg HTTP/1.0" 200 491 "https://www.cic.com.vn/" "Mozilla/5.0 (iPhone; CPU iPhone OS 14_7_1 like Mac OS X) AppleWebKit/605.1.15 (KHTML, like Gecko) Version/14.1.2 Mobile/15E148 Safari/604.1"
113.165.235.183 - - [16/Oct/2021:08:20:04 +0700] "GET /images/banners/original/cubi-cost_1584073940.jpg HTTP/1.0" 200 497 "https://www.cic.com.vn/" "Mozilla/5.0 (iPhone; CPU iPhone OS 14_7_1 like Mac OS X) AppleWebKit/605.1.15 (KHTML, like Gecko) Version/14.1.2 Mobile/15E148 Safari/604.1"
113.165.235.183 - - [16/Oct/2021:08:20:04 +0700] "GET /images/banners/original/pasi_1584081234.jpg HTTP/1.0" 200 492 "https://www.cic.com.vn/" "Mozilla/5.0 (iPhone; CPU iPhone OS 14_7_1 like Mac OS X) AppleWebKit/605.1.15 (KHTML, like Gecko) Version/14.1.2 Mobile/15E148 Safari/604.1"
113.165.235.183 - - [16/Oct/2021:08:20:04 +0700] "GET /images/banners/original/dnv_1584074206.jpg HTTP/1.0" 200 491 "https://www.cic.com.vn/" "Mozilla/5.0 (iPhone; CPU iPhone OS 14_7_1 like Mac OS X) AppleWebKit/605.1.15 (KHTML, like Gecko) Version/14.1.2 Mobile/15E148 Safari/604.1"
113.165.235.183 - - [16/Oct/2021:08:20:04 +0700] "GET /images/banners/original/samsung_1584081731.jpg HTTP/1.0" 200 495 "https://www.cic.com.vn/" "Mozilla/5.0 (iPhone; CPU iPhone OS 14_7_1 like Mac OS X) AppleWebKit/605.1.15 (KHTML, like Gecko) Version/14.1.2 Mobile/15E148 Safari/604.1"
113.165.235.183 - - [16/Oct/2021:08:20:04 +0700] "GET /images/banners/original/vsl_1584082546.jpg HTTP/1.0" 200 491 "https://www.cic.com.vn/" "Mozilla/5.0 (iPhone; CPU iPhone OS 14_7_1 like Mac OS X) AppleWebKit/605.1.15 (KHTML, like Gecko) Version/14.1.2 Mobile/15E148 Safari/604.1"
113.165.235.183 - - [16/Oct/2021:08:20:04 +0700] "GET /images/banners/original/csi_1584073918.jpg HTTP/1.0" 200 491 "https://www.cic.com.vn/" "Mozilla/5.0 (iPhone; CPU iPhone OS 14_7_1 like Mac OS X) AppleWebKit/605.1.15 (KHTML, like Gecko) Version/14.1.2 Mobile/15E148 Safari/604.1"
113.165.235.183 - - [16/Oct/2021:08:20:04 +0700] "GET /images/banners/original/trimble_1584082277.jpg HTTP/1.0" 200 495 "https://www.cic.com.vn/" "Mozilla/5.0 (iPhone; CPU iPhone OS 14_7_1 like Mac OS X) AppleWebKit/605.1.15 (KHTML, like Gecko) Version/14.1.2 Mobile/15E148 Safari/604.1"
114.119.148.103 - - [16/Oct/2021:08:21:00 +0700] "GET /en/article/provide-autocad-2013-ost-coltd?page=2 HTTP/1.0" 301 799 "-" "Mozilla/5.0 (Linux; Android 7.0;) AppleWebKit/537.36 (KHTML, like Gecko) Mobile Safari/537.36 (compatible; PetalBot;+https://webmaster.petalsearch.com/site/petalbot)"
114.119.148.103 - - [16/Oct/2021:08:21:01 +0700] "GET /en/article/provide-autocad-2013-ost-coltd?page=2 HTTP/1.0" 404 717 "-" "Mozilla/5.0 (Linux; Android 7.0;) AppleWebKit/537.36 (KHTML, like Gecko) Mobile Safari/537.36 (compatible; PetalBot;+https://webmaster.petalsearch.com/site/petalbot)"
157.55.39.40 - - [16/Oct/2021:08:21:14 +0700] "GET /san-pham.html?hangsx=geotomographie&loaisp=phan-mem HTTP/1.0" 200 15936 "-" "Mozilla/5.0 (compatible; bingbot/2.0; +http://www.bing.com/bingbot.htm)"
157.55.39.40 - - [16/Oct/2021:08:21:16 +0700] "GET /products.html?hangsx=apvan-den-berg-netherlands&ungdung=ung-dung-khac HTTP/1.0" 200 13567 "-" "Mozilla/5.0 (compatible; bingbot/2.0; +http://www.bing.com/bingbot.htm)"
40.77.167.48 - - [16/Oct/2021:08:21:20 +0700] "GET /products.html?linhvuc=giao-thong HTTP/1.0" 200 63097 "-" "Mozilla/5.0 (compatible; bingbot/2.0; +http://www.bing.com/bingbot.htm)"
40.77.167.48 - - [16/Oct/2021:08:21:23 +0700] "GET /products.html?ungdung=oil-gas-modelling&loaisp=devices HTTP/1.0" 200 13561 "-" "Mozilla/5.0 (compatible; bingbot/2.0; +http://www.bing.com/bingbot.htm)"
66.249.79.106 - - [16/Oct/2021:08:21:23 +0700] "GET /tienich/ME_VNK/thanhphanchiphidutoanxdct.xls HTTP/1.0" 404 720 "-" "Mozilla/5.0 (compatible; Googlebot/2.1; +http://www.google.com/bot.html)"
66.249.79.108 - - [16/Oct/2021:08:21:24 +0700] "GET /glodon-vietnam-to-chuc-cuoc-thi-bim-danh-cho-qs-tai-viet-nam-2020-n400.html HTTP/1.0" 200 11489 "-" "Mozilla/5.0 (Linux; Android 6.0.1; Nexus 5X Build/MMB29P) AppleWebKit/537.36 (KHTML, like Gecko) Chrome/94.0.4606.81 Mobile Safari/537.36 (compatible; Googlebot/2.1; +http://www.google.com/bot.html)"
207.46.13.52 - - [16/Oct/2021:08:21:26 +0700] "GET /san-pham.html?hangsx=autodesk&linhvuc=giao-thong&ungdung=thi-nghiem-dien HTTP/1.0" 200 16026 "-" "Mozilla/5.0 (compatible; bingbot/2.0; +http://www.bing.com/bingbot.htm)"
207.46.13.52 - - [16/Oct/2021:08:21:27 +0700] "GET /products.html?hangsx=ndt-systems--starmans&linhvuc=moi-truong&ungdung=du-toan-cong-trinh&loaisp=others HTTP/1.0" 200 13640 "-" "Mozilla/5.0 (compatible; bingbot/2.0; +http://www.bing.com/bingbot.htm)"
40.77.167.59 - - [16/Oct/2021:08:21:31 +0700] "GET /products.html?hangsx=apvan-den-berg-netherlands&ungdung=driver-training HTTP/1.0" 200 13569 "-" "Mozilla/5.0 (compatible; bingbot/2.0; +http://www.bing.com/bingbot.htm)"
207.46.13.52 - - [16/Oct/2021:08:21:46 +0700] "GET /san-pham.html?hangsx=autodesk&linhvuc=554&ungdung=ung-dung-khac HTTP/1.0" 200 16018 "-" "Mozilla/5.0 (compatible; bingbot/2.0; +http://www.bing.com/bingbot.htm)"
157.55.39.164 - - [16/Oct/2021:08:21:50 +0700] "GET /products.html?hangsx=casio-japan&linhvuc=thuy-loi&ungdung=construction-cost-estimates&loaisp=phan-mem HTTP/1.0" 200 13638 "-" "Mozilla/5.0 (compatible; bingbot/2.0; +http://www.bing.com/bingbot.htm)"
207.46.13.168 - - [16/Oct/2021:08:21:55 +0700] "GET /products.html?hangsx=672&ungdung=dao-tao-lai-xe HTTP/1.0" 200 13557 "-" "Mozilla/5.0 (compatible; bingbot/2.0; +http://www.bing.com/bingbot.htm)"
207.46.13.168 - - [16/Oct/2021:08:21:56 +0700] "GET /san-pham.html?hangsx=canarina&linhvuc=giao-thong&ungdung=don-gia-chi-so-gia-xay-dung-cong-trinh HTTP/1.0" 200 16051 "-" "Mozilla/5.0 (compatible; bingbot/2.0; +http://www.bing.com/bingbot.htm)"
157.55.39.30 - - [16/Oct/2021:08:22:05 +0700] "GET /products.html?hangsx=kritikal-india&linhvuc=co-khi-che-tao&ungdung=ket-cau-cong-trinh HTTP/1.0" 200 13624 "-" "Mozilla/5.0 (compatible; bingbot/2.0; +http://www.bing.com/bingbot.htm)"
157.55.39.126 - - [16/Oct/2021:08:22:28 +0700] "GET /products.html?hangsx=cic&linhvuc=6&ungdung=ung-dung-khac HTTP/1.0" 200 13601 "-" "Mozilla/5.0 (compatible; bingbot/2.0; +http://www.bing.com/bingbot.htm)"
157.55.39.126 - - [16/Oct/2021:08:22:29 +0700] "GET /products.html?hangsx=656&linhvuc=dau-khi&ungdung=don-gia-chi-so-gia-xay-dung-cong-trinh&loaisp=softwares HTTP/1.0" 200 13644 "-" "Mozilla/5.0 (compatible; bingbot/2.0; +http://www.bing.com/bingbot.htm)"
157.55.39.126 - - [16/Oct/2021:08:22:30 +0700] "GET /san-pham.html?hangsx=adapt-corporation&ungdung=don-gia-chi-so-gia-xay-dung-cong-trinh&loaisp=khac HTTP/1.0" 200 16038 "-" "Mozilla/5.0 (compatible; bingbot/2.0; +http://www.bing.com/bingbot.htm)"
157.55.39.164 - - [16/Oct/2021:08:22:32 +0700] "GET /products.html?hangsx=aspentech&ungdung=don-gia-chi-so-gia-xay-dung-cong-trinh&loaisp=devices HTTP/1.0" 200 13608 "-" "Mozilla/5.0 (compatible; bingbot/2.0; +http://www.bing.com/bingbot.htm)"
157.55.39.30 - - [16/Oct/2021:08:22:44 +0700] "GET /products.html?hangsx=bentley-systems-incorporated&linhvuc=co-khi-che-tao&loaisp=738 HTTP/1.0" 200 13611 "-" "Mozilla/5.0 (compatible; bingbot/2.0; +http://www.bing.com/bingbot.htm)"
40.77.167.48 - - [16/Oct/2021:08:22:49 +0700] "GET /products.html?hangsx=44&linhvuc=dau-khi&ungdung=don-gia-chi-so-gia-xay-dung-cong-trinh&loaisp=softwares HTTP/1.0" 200 13643 "-" "Mozilla/5.0 (compatible; bingbot/2.0; +http://www.bing.com/bingbot.htm)"
40.77.167.48 - - [16/Oct/2021:08:22:50 +0700] "GET /san-pham.html?hangsx=datakustik HTTP/1.0" 200 22443 "-" "Mozilla/5.0 (compatible; bingbot/2.0; +http://www.bing.com/bingbot.htm)"
123.24.142.28 - - [16/Oct/2021:08:23:19 +0700] "GET / HTTP/1.0" 200 11146 "-" "Mozilla/5.0 (Windows NT 10.0; Win64; x64) AppleWebKit/537.36 (KHTML, like Gecko) Chrome/94.0.4606.81 Safari/537.36"
123.24.142.28 - - [16/Oct/2021:08:23:19 +0700] "GET /templates/default/css/bootstrap.css HTTP/1.0" 200 482 "https://www.cic.com.vn/" "Mozilla/5.0 (Windows NT 10.0; Win64; x64) AppleWebKit/537.36 (KHTML, like Gecko) Chrome/94.0.4606.81 Safari/537.36"
123.24.142.28 - - [16/Oct/2021:08:23:19 +0700] "GET /modules/home/assets/css/home6.css HTTP/1.0" 200 480 "https://www.cic.com.vn/" "Mozilla/5.0 (Windows NT 10.0; Win64; x64) AppleWebKit/537.36 (KHTML, like Gecko) Chrome/94.0.4606.81 Safari/537.36"
123.24.142.28 - - [16/Oct/2021:08:23:19 +0700] "GET /libraries/owlcarousel/assets/owl.theme.default.css HTTP/1.0" 200 497 "https://www.cic.com.vn/" "Mozilla/5.0 (Windows NT 10.0; Win64; x64) AppleWebKit/537.36 (KHTML, like Gecko) Chrome/94.0.4606.81 Safari/537.36"
123.24.142.28 - - [16/Oct/2021:08:23:19 +0700] "GET /libraries/owlcarousel/assets/owl.carousel.min.css HTTP/1.0" 200 496 "https://www.cic.com.vn/" "Mozilla/5.0 (Windows NT 10.0; Win64; x64) AppleWebKit/537.36 (KHTML, like Gecko) Chrome/94.0.4606.81 Safari/537.36"
123.24.142.28 - - [16/Oct/2021:08:23:19 +0700] "GET /templates/default/css/style.css HTTP/1.0" 200 478 "https://www.cic.com.vn/" "Mozilla/5.0 (Windows NT 10.0; Win64; x64) AppleWebKit/537.36 (KHTML, like Gecko) Chrome/94.0.4606.81 Safari/537.36"
123.24.142.28 - - [16/Oct/2021:08:23:19 +0700] "GET /libraries/font-awesome/css/fontawesome-all.min.css HTTP/1.0" 200 497 "https://www.cic.com.vn/" "Mozilla/5.0 (Windows NT 10.0; Win64; x64) AppleWebKit/537.36 (KHTML, like Gecko) Chrome/94.0.4606.81 Safari/537.36"
123.24.142.28 - - [16/Oct/2021:08:23:19 +0700] "GET /blocks/mainmenu/assets/css/mmenu.css HTTP/1.0" 200 483 "https://www.cic.com.vn/" "Mozilla/5.0 (Windows NT 10.0; Win64; x64) AppleWebKit/537.36 (KHTML, like Gecko) Chrome/94.0.4606.81 Safari/537.36"
123.24.142.28 - - [16/Oct/2021:08:23:19 +0700] "GET /blocks/mainmenu/assets/css/styles.css HTTP/1.0" 200 484 "https://www.cic.com.vn/" "Mozilla/5.0 (Windows NT 10.0; Win64; x64) AppleWebKit/537.36 (KHTML, like Gecko) Chrome/94.0.4606.81 Safari/537.36"
123.24.142.28 - - [16/Oct/2021:08:23:19 +0700] "GET /blocks/mainmenu/assets/css/jquery.mmenu.all.css HTTP/1.0" 200 494 "https://www.cic.com.vn/" "Mozilla/5.0 (Windows NT 10.0; Win64; x64) AppleWebKit/537.36 (KHTML, like Gecko) Chrome/94.0.4606.81 Safari/537.36"
123.24.142.28 - - [16/Oct/2021:08:23:19 +0700] "GET /blocks/library/assets/css/style2.css HTTP/1.0" 200 483 "https://www.cic.com.vn/" "Mozilla/5.0 (Windows NT 10.0; Win64; x64) AppleWebKit/537.36 (KHTML, like Gecko) Chrome/94.0.4606.81 Safari/537.36"
123.24.142.28 - - [16/Oct/2021:08:23:19 +0700] "GET /blocks/mainmenu/assets/css/megamenu_moblie.css HTTP/1.0" 200 814 "https://www.cic.com.vn/" "Mozilla/5.0 (Windows NT 10.0; Win64; x64) AppleWebKit/537.36 (KHTML, like Gecko) Chrome/94.0.4606.81 Safari/537.36"
123.24.142.28 - - [16/Oct/2021:08:23:19 +0700] "GET /libraries/jquery/jquery-1.12.4.min.js HTTP/1.0" 200 498 "https://www.cic.com.vn/" "Mozilla/5.0 (Windows NT 10.0; Win64; x64) AppleWebKit/537.36 (KHTML, like Gecko) Chrome/94.0.4606.81 Safari/537.36"
123.24.142.28 - - [16/Oct/2021:08:23:19 +0700] "GET /templates/default/js/bootstrap.min.js HTTP/1.0" 200 498 "https://www.cic.com.vn/" "Mozilla/5.0 (Windows NT 10.0; Win64; x64) AppleWebKit/537.36 (KHTML, like Gecko) Chrome/94.0.4606.81 Safari/537.36"
123.24.142.28 - - [16/Oct/2021:08:23:19 +0700] "GET /templates/default/js/main.js HTTP/1.0" 200 489 "https://www.cic.com.vn/" "Mozilla/5.0 (Windows NT 10.0; Win64; x64) AppleWebKit/537.36 (KHTML, like Gecko) Chrome/94.0.4606.81 Safari/537.36"
123.24.142.28 - - [16/Oct/2021:08:23:19 +0700] "GET /libraries/owlcarousel/owl.carousel.min.js HTTP/1.0" 200 502 "https://www.cic.com.vn/" "Mozilla/5.0 (Windows NT 10.0; Win64; x64) AppleWebKit/537.36 (KHTML, like Gecko) Chrome/94.0.4606.81 Safari/537.36"
123.24.142.28 - - [16/Oct/2021:08:23:19 +0700] "GET /blocks/library/assets/js/TweenLite.min.js HTTP/1.0" 200 502 "https://www.cic.com.vn/" "Mozilla/5.0 (Windows NT 10.0; Win64; x64) AppleWebKit/537.36 (KHTML, like Gecko) Chrome/94.0.4606.81 Safari/537.36"
