216.244.66.243 - - [16/Oct/2021:17:02:14 +0700] "GET /robots.txt HTTP/1.0" 301 528 "-" "Mozilla/5.0 (compatible; DotBot/1.2; +https://opensiteexplorer.org/dotbot; help@moz.com)"
216.244.66.243 - - [16/Oct/2021:17:02:14 +0700] "GET /robots.txt HTTP/1.0" 301 528 "-" "Mozilla/5.0 (compatible; DotBot/1.2; +https://opensiteexplorer.org/dotbot; help@moz.com)"
14.186.80.155 - - [16/Oct/2021:17:02:52 +0700] "GET /BlacklistR4.txt HTTP/1.0" 301 538 "-" "Mozilla/3.0 (compatible; Indy Library)"
14.186.80.155 - - [16/Oct/2021:17:02:53 +0700] "GET /BlacklistR4.txt HTTP/1.0" 301 538 "-" "Mozilla/3.0 (compatible; Indy Library)"
14.186.80.155 - - [16/Oct/2021:17:02:53 +0700] "GET /BlacklistR4.txt HTTP/1.0" 301 538 "-" "Mozilla/3.0 (compatible; Indy Library)"
14.186.80.155 - - [16/Oct/2021:17:02:53 +0700] "GET /BlacklistR4.txt HTTP/1.0" 301 538 "-" "Mozilla/3.0 (compatible; Indy Library)"
113.165.96.160 - - [16/Oct/2021:17:03:17 +0700] "GET /BlacklistR4.txt HTTP/1.0" 301 538 "-" "Mozilla/3.0 (compatible; Indy Library)"
113.165.96.160 - - [16/Oct/2021:17:03:18 +0700] "GET /BlacklistR4.txt HTTP/1.0" 301 538 "-" "Mozilla/3.0 (compatible; Indy Library)"
113.165.96.160 - - [16/Oct/2021:17:03:18 +0700] "GET /BlacklistR4.txt HTTP/1.0" 301 538 "-" "Mozilla/3.0 (compatible; Indy Library)"
27.73.78.61 - - [16/Oct/2021:17:04:45 +0700] "GET /BlacklistR4.txt HTTP/1.0" 301 538 "-" "Mozilla/3.0 (compatible; Indy Library)"
27.73.78.61 - - [16/Oct/2021:17:04:46 +0700] "GET /BlacklistR4.txt HTTP/1.0" 301 538 "-" "Mozilla/3.0 (compatible; Indy Library)"
17.121.115.206 - - [16/Oct/2021:17:05:21 +0700] "GET /san-pham/csibridge HTTP/1.0" 301 544 "-" "Mozilla/5.0 (Macintosh; Intel Mac OS X 10_15_5) AppleWebKit/605.1.15 (KHTML, like Gecko) Version/13.1.1 Safari/605.1.15 (Applebot/0.1; +http://www.apple.com/go/applebot)"
114.119.148.0 - - [16/Oct/2021:17:05:30 +0700] "GET /sites/default/files/u141/4.png HTTP/1.0" 301 534 "-" "Mozilla/5.0 (Linux; Android 7.0;) AppleWebKit/537.36 (KHTML, like Gecko) Mobile Safari/537.36 (compatible; PetalBot;+https://webmaster.petalsearch.com/site/petalbot)"
113.185.42.44 - - [16/Oct/2021:17:05:37 +0700] "GET / HTTP/1.0" 301 508 "-" "Mozilla/5.0 (Linux; Android 11; SAMSUNG SM-N971N) AppleWebKit/537.36 (KHTML, like Gecko) SamsungBrowser/15.0 Chrome/90.0.4430.210 Mobile Safari/537.36"
116.96.44.87 - - [16/Oct/2021:17:06:37 +0700] "GET /BlacklistR4.txt HTTP/1.0" 301 538 "-" "Mozilla/3.0 (compatible; Indy Library)"
27.73.78.61 - - [16/Oct/2021:17:07:08 +0700] "GET /BlacklistR4.txt HTTP/1.0" 301 538 "-" "Mozilla/3.0 (compatible; Indy Library)"
27.73.78.61 - - [16/Oct/2021:17:07:09 +0700] "GET /BlacklistR4.txt HTTP/1.0" 301 538 "-" "Mozilla/3.0 (compatible; Indy Library)"
27.73.78.61 - - [16/Oct/2021:17:07:39 +0700] "GET /BlacklistR4.txt HTTP/1.0" 301 538 "-" "Mozilla/3.0 (compatible; Indy Library)"
27.73.78.61 - - [16/Oct/2021:17:07:41 +0700] "GET /BlacklistR4.txt HTTP/1.0" 301 538 "-" "Mozilla/3.0 (compatible; Indy Library)"
27.73.78.61 - - [16/Oct/2021:17:08:47 +0700] "GET /BlacklistR4.txt HTTP/1.0" 301 538 "-" "Mozilla/3.0 (compatible; Indy Library)"
27.73.78.61 - - [16/Oct/2021:17:08:49 +0700] "GET /BlacklistR4.txt HTTP/1.0" 301 538 "-" "Mozilla/3.0 (compatible; Indy Library)"
27.73.78.61 - - [16/Oct/2021:17:08:57 +0700] "GET /BlacklistR4.txt HTTP/1.0" 301 538 "-" "Mozilla/3.0 (compatible; Indy Library)"
116.96.2.189 - - [16/Oct/2021:17:10:05 +0700] "GET /BlacklistR4.txt HTTP/1.0" 301 538 "-" "Mozilla/3.0 (compatible; Indy Library)"
116.96.2.189 - - [16/Oct/2021:17:10:07 +0700] "GET /BlacklistR4.txt HTTP/1.0" 301 538 "-" "Mozilla/3.0 (compatible; Indy Library)"
116.96.2.189 - - [16/Oct/2021:17:10:11 +0700] "GET /BlacklistR4.txt HTTP/1.0" 301 538 "-" "Mozilla/3.0 (compatible; Indy Library)"
116.96.2.189 - - [16/Oct/2021:17:10:15 +0700] "GET /BlacklistR4.txt HTTP/1.0" 301 538 "-" "Mozilla/3.0 (compatible; Indy Library)"
14.248.19.49 - - [16/Oct/2021:17:10:46 +0700] "GET /BlacklistR4.txt HTTP/1.0" 301 538 "-" "Mozilla/3.0 (compatible; Indy Library)"
14.248.19.49 - - [16/Oct/2021:17:10:47 +0700] "GET /BlacklistR4.txt HTTP/1.0" 301 538 "-" "Mozilla/3.0 (compatible; Indy Library)"
14.171.67.142 - - [16/Oct/2021:17:10:49 +0700] "GET /BlacklistR4.txt HTTP/1.0" 301 538 "-" "Mozilla/3.0 (compatible; Indy Library)"
14.171.67.142 - - [16/Oct/2021:17:10:51 +0700] "GET /BlacklistR4.txt HTTP/1.0" 301 538 "-" "Mozilla/3.0 (compatible; Indy Library)"
14.171.67.142 - - [16/Oct/2021:17:10:51 +0700] "GET /BlacklistR4.txt HTTP/1.0" 301 538 "-" "Mozilla/3.0 (compatible; Indy Library)"
125.212.173.21 - - [16/Oct/2021:17:11:12 +0700] "GET /BlacklistR4.txt HTTP/1.0" 301 538 "-" "Mozilla/3.0 (compatible; Indy Library)"
125.212.173.21 - - [16/Oct/2021:17:13:15 +0700] "GET /BlacklistR4.txt HTTP/1.0" 301 538 "-" "Mozilla/3.0 (compatible; Indy Library)"
14.243.193.168 - - [16/Oct/2021:17:13:22 +0700] "GET /BlacklistR4.txt HTTP/1.0" 301 538 "-" "Mozilla/3.0 (compatible; Indy Library)"
116.96.2.189 - - [16/Oct/2021:17:14:56 +0700] "GET /BlacklistR4.txt HTTP/1.0" 301 538 "-" "Mozilla/3.0 (compatible; Indy Library)"
27.73.78.61 - - [16/Oct/2021:17:16:35 +0700] "GET /BlacklistR4.txt HTTP/1.0" 301 538 "-" "Mozilla/3.0 (compatible; Indy Library)"
27.73.78.61 - - [16/Oct/2021:17:16:37 +0700] "GET /BlacklistR4.txt HTTP/1.0" 301 538 "-" "Mozilla/3.0 (compatible; Indy Library)"
27.73.78.61 - - [16/Oct/2021:17:16:54 +0700] "GET /BlacklistR4.txt HTTP/1.0" 301 538 "-" "Mozilla/3.0 (compatible; Indy Library)"
27.73.78.61 - - [16/Oct/2021:17:16:56 +0700] "GET /BlacklistR4.txt HTTP/1.0" 301 538 "-" "Mozilla/3.0 (compatible; Indy Library)"
27.73.78.61 - - [16/Oct/2021:17:17:16 +0700] "GET /BlacklistR4.txt HTTP/1.0" 301 538 "-" "Mozilla/3.0 (compatible; Indy Library)"
27.65.58.105 - - [16/Oct/2021:17:17:19 +0700] "GET /BlacklistR4.txt HTTP/1.0" 301 538 "-" "Mozilla/3.0 (compatible; Indy Library)"
125.212.173.21 - - [16/Oct/2021:17:18:38 +0700] "GET /BlacklistR4.txt HTTP/1.0" 301 538 "-" "Mozilla/3.0 (compatible; Indy Library)"
116.102.134.117 - - [16/Oct/2021:17:18:45 +0700] "GET /BlacklistR4.txt HTTP/1.0" 301 538 "-" "Mozilla/3.0 (compatible; Indy Library)"
125.212.173.21 - - [16/Oct/2021:17:18:53 +0700] "GET /BlacklistR4.txt HTTP/1.0" 301 538 "-" "Mozilla/3.0 (compatible; Indy Library)"
27.73.78.61 - - [16/Oct/2021:17:19:16 +0700] "GET /BlacklistR4.txt HTTP/1.0" 301 538 "-" "Mozilla/3.0 (compatible; Indy Library)"
27.73.78.61 - - [16/Oct/2021:17:19:19 +0700] "GET /BlacklistR4.txt HTTP/1.0" 301 538 "-" "Mozilla/3.0 (compatible; Indy Library)"
27.73.78.61 - - [16/Oct/2021:17:19:21 +0700] "GET /BlacklistR4.txt HTTP/1.0" 301 538 "-" "Mozilla/3.0 (compatible; Indy Library)"
27.73.78.61 - - [16/Oct/2021:17:19:31 +0700] "GET /BlacklistR4.txt HTTP/1.0" 301 538 "-" "Mozilla/3.0 (compatible; Indy Library)"
157.55.39.30 - - [16/Oct/2021:17:20:54 +0700] "GET /uploads/images/TKT/8.%20ds%20thep%20hinh.png HTTP/1.0" 301 596 "-" "Mozilla/5.0 (compatible; bingbot/2.0; +http://www.bing.com/bingbot.htm)"
14.175.108.118 - - [16/Oct/2021:17:22:11 +0700] "GET /BlacklistR4.txt HTTP/1.0" 301 538 "-" "Mozilla/3.0 (compatible; Indy Library)"
34.230.80.35 - - [16/Oct/2021:17:22:36 +0700] "GET / HTTP/1.0" 301 508 "-" "Mozilla/5.0 (Windows NT 10.0; Win64; x64) AppleWebKit/537.36 (KHTML, like Gecko) Chrome/66.0.3359.181 Safari/537.36"
116.99.136.66 - - [16/Oct/2021:17:24:04 +0700] "GET /BlacklistR4.txt HTTP/1.0" 301 538 "-" "Mozilla/3.0 (compatible; Indy Library)"
66.249.79.111 - - [16/Oct/2021:17:26:01 +0700] "GET / HTTP/1.0" 301 508 "-" "Mozilla/5.0 (compatible; Googlebot/2.1; +http://www.google.com/bot.html)"
66.249.79.111 - - [16/Oct/2021:17:36:53 +0700] "GET / HTTP/1.0" 301 508 "-" "Mozilla/5.0 (compatible; Googlebot/2.1; +http://www.google.com/bot.html)"
17.121.112.22 - - [16/Oct/2021:17:39:57 +0700] "GET /san-pham/ban-can-wwserf HTTP/1.0" 301 554 "-" "Mozilla/5.0 (Macintosh; Intel Mac OS X 10_15_5) AppleWebKit/605.1.15 (KHTML, like Gecko) Version/13.1.1 Safari/605.1.15 (Applebot/0.1; +http://www.apple.com/go/applebot)"
109.86.195.82 - - [16/Oct/2021:17:42:34 +0700] "GET /pma/ HTTP/1.0" 301 516 "http://cic.com.vn/pma/" "Mozilla/5.0 (Windows NT 10.0; Win64; x64) AppleWebKit/537.36 (KHTML, like Gecko) Chrome/86.0.4240.198 Safari/537.36"
109.86.195.82 - - [16/Oct/2021:17:42:47 +0700] "GET /phpmyadmin/ HTTP/1.0" 301 530 "http://cic.com.vn/phpmyadmin/" "Mozilla/5.0 (Windows NT 10.0; Win64; x64) AppleWebKit/537.36 (KHTML, like Gecko) Chrome/86.0.4240.198 Safari/537.36"
109.86.195.82 - - [16/Oct/2021:17:42:56 +0700] "GET /phpMyAdmin/ HTTP/1.0" 301 530 "http://cic.com.vn/phpMyAdmin/" "Mozilla/5.0 (Windows NT 10.0; Win64; x64) AppleWebKit/537.36 (KHTML, like Gecko) Chrome/86.0.4240.198 Safari/537.36"
66.220.149.15 - - [16/Oct/2021:17:43:29 +0700] "HEAD / HTTP/1.0" 301 256 "-" "facebookexternalhit/1.1 (+http://www.facebook.com/externalhit_uatext.php)"
27.74.245.56 - - [16/Oct/2021:17:43:57 +0700] "GET /BlacklistR4.txt HTTP/1.0" 301 538 "-" "Mozilla/3.0 (compatible; Indy Library)"
17.121.114.209 - - [16/Oct/2021:17:46:24 +0700] "GET /article/thong-bao-tuyen-lai-xe HTTP/1.0" 301 568 "-" "Mozilla/5.0 (Macintosh; Intel Mac OS X 10_15_5) AppleWebKit/605.1.15 (KHTML, like Gecko) Version/13.1.1 Safari/605.1.15 (Applebot/0.1; +http://www.apple.com/go/applebot)"
78.85.4.77 - - [16/Oct/2021:17:46:30 +0700] "GET /pma/ HTTP/1.0" 301 516 "http://cic.com.vn/pma/" "Mozilla/5.0 (Windows NT 10.0; Win64; x64) AppleWebKit/537.36 (KHTML, like Gecko) Chrome/86.0.4240.198 Safari/537.36"
216.244.66.243 - - [16/Oct/2021:17:46:37 +0700] "GET /robots.txt HTTP/1.0" 301 528 "-" "Mozilla/5.0 (compatible; DotBot/1.2; +https://opensiteexplorer.org/dotbot; help@moz.com)"
216.244.66.243 - - [16/Oct/2021:17:46:37 +0700] "GET /robots.txt HTTP/1.0" 301 528 "-" "Mozilla/5.0 (compatible; DotBot/1.2; +https://opensiteexplorer.org/dotbot; help@moz.com)"
78.85.4.77 - - [16/Oct/2021:17:46:43 +0700] "GET /phpmyadmin/ HTTP/1.0" 301 530 "http://cic.com.vn/phpmyadmin/" "Mozilla/5.0 (Windows NT 10.0; Win64; x64) AppleWebKit/537.36 (KHTML, like Gecko) Chrome/86.0.4240.198 Safari/537.36"
78.85.4.77 - - [16/Oct/2021:17:47:02 +0700] "GET /phpMyAdmin/ HTTP/1.0" 301 530 "http://cic.com.vn/phpMyAdmin/" "Mozilla/5.0 (Windows NT 10.0; Win64; x64) AppleWebKit/537.36 (KHTML, like Gecko) Chrome/86.0.4240.198 Safari/537.36"
42.113.199.219 - - [16/Oct/2021:17:51:01 +0700] "GET /BlacklistR4.txt HTTP/1.0" 301 538 "-" "Mozilla/3.0 (compatible; Indy Library)"
42.113.199.219 - - [16/Oct/2021:17:51:18 +0700] "GET /BlacklistR4.txt HTTP/1.0" 301 538 "-" "Mozilla/3.0 (compatible; Indy Library)"
192.3.240.233 - - [16/Oct/2021:17:51:22 +0700] "GET / HTTP/1.0" 301 508 "http://cic.com.vn" "Mozilla/5.0 (Windows NT 6.1; WOW64) AppleWebKit/537.36 (KHTML, like Gecko) Chrome/67.0.3396.79 Safari/537.36"
124.49.124.43 - - [16/Oct/2021:17:52:37 +0700] "GET /pma/ HTTP/1.0" 301 516 "http://cic.com.vn/pma/" "Mozilla/5.0 (Windows NT 10.0; Win64; x64) AppleWebKit/537.36 (KHTML, like Gecko) Chrome/86.0.4240.198 Safari/537.36"
124.49.124.43 - - [16/Oct/2021:17:52:46 +0700] "GET /phpmyadmin/ HTTP/1.0" 301 530 "http://cic.com.vn/phpmyadmin/" "Mozilla/5.0 (Windows NT 10.0; Win64; x64) AppleWebKit/537.36 (KHTML, like Gecko) Chrome/86.0.4240.198 Safari/537.36"
124.49.124.43 - - [16/Oct/2021:17:52:59 +0700] "GET /phpMyAdmin/ HTTP/1.0" 301 530 "http://cic.com.vn/phpMyAdmin/" "Mozilla/5.0 (Windows NT 10.0; Win64; x64) AppleWebKit/537.36 (KHTML, like Gecko) Chrome/86.0.4240.198 Safari/537.36"
14.243.193.168 - - [16/Oct/2021:17:54:25 +0700] "GET /BlacklistR4.txt HTTP/1.0" 301 538 "-" "Mozilla/3.0 (compatible; Indy Library)"
27.74.245.56 - - [16/Oct/2021:17:55:32 +0700] "GET /BlacklistR4.txt HTTP/1.0" 301 538 "-" "Mozilla/3.0 (compatible; Indy Library)"
27.74.245.56 - - [16/Oct/2021:17:55:32 +0700] "GET /BlacklistR4.txt HTTP/1.0" 301 538 "-" "Mozilla/3.0 (compatible; Indy Library)"
27.74.245.56 - - [16/Oct/2021:17:55:32 +0700] "GET /BlacklistR4.txt HTTP/1.0" 301 538 "-" "Mozilla/3.0 (compatible; Indy Library)"
42.113.199.219 - - [16/Oct/2021:17:56:52 +0700] "GET /BlacklistR4.txt HTTP/1.0" 301 538 "-" "Mozilla/3.0 (compatible; Indy Library)"
14.180.217.169 - - [16/Oct/2021:17:57:26 +0700] "GET /BlacklistR4.txt HTTP/1.0" 301 538 "-" "Mozilla/3.0 (compatible; Indy Library)"
157.55.39.126 - - [16/Oct/2021:18:01:28 +0700] "GET /uploads/images/TKT/3.%20luoi.png HTTP/1.0" 301 572 "-" "Mozilla/5.0 (compatible; bingbot/2.0; +http://www.bing.com/bingbot.htm)"
196.242.178.121 - - [16/Oct/2021:18:01:42 +0700] "GET / HTTP/1.0" 301 508 "http://cic.com.vn" "Mozilla/5.0 (Windows NT 6.1; WOW64; rv:56.0) Gecko/20100101 Firefox/56.0,gzip(gfe)"
207.46.13.8 - - [16/Oct/2021:18:06:33 +0700] "GET /robots.txt HTTP/1.0" 301 528 "-" "Mozilla/5.0 (compatible; bingbot/2.0; +http://www.bing.com/bingbot.htm)"
14.183.94.189 - - [16/Oct/2021:18:06:41 +0700] "GET / HTTP/1.0" 301 508 "https://www.facebook.com/" "Mozilla/5.0 (Windows NT 10.0; Win64; x64) AppleWebKit/537.36 (KHTML, like Gecko) Chrome/94.0.4606.81 Safari/537.36"
143.110.239.240 - - [16/Oct/2021:18:09:49 +0700] "GET / HTTP/1.0" 301 508 "-" "Mozilla/5.0 (iPad; U; CPU OS 3_2 like Mac OS X; en-us) AppleWebKit/531.21.10 (KHTML, like Gecko) Version/4.0.4 Mobile/7B334b Safari/531.21.102011-10-16 20:23:10"
219.100.37.242 - - [16/Oct/2021:18:09:50 +0700] "GET /pma/ HTTP/1.0" 301 516 "http://cic.com.vn/pma/" "Mozilla/5.0 (Windows NT 10.0; Win64; x64) AppleWebKit/537.36 (KHTML, like Gecko) Chrome/86.0.4240.198 Safari/A8B6E8"
219.100.37.242 - - [16/Oct/2021:18:10:02 +0700] "GET /phpmyadmin/ HTTP/1.0" 301 530 "http://cic.com.vn/phpmyadmin/" "Mozilla/5.0 (Windows NT 10.0; Win64; x64) AppleWebKit/537.36 (KHTML, like Gecko) Chrome/86.0.4240.198 Safari/A8B6E8"
219.100.37.242 - - [16/Oct/2021:18:10:10 +0700] "GET /phpMyAdmin/ HTTP/1.0" 301 530 "http://cic.com.vn/phpMyAdmin/" "Mozilla/5.0 (Windows NT 10.0; Win64; x64) AppleWebKit/537.36 (KHTML, like Gecko) Chrome/86.0.4240.198 Safari/A8B6E8"
14.186.80.155 - - [16/Oct/2021:18:10:59 +0700] "GET /BlacklistR4.txt HTTP/1.0" 301 538 "-" "Mozilla/3.0 (compatible; Indy Library)"
14.186.80.155 - - [16/Oct/2021:18:10:59 +0700] "GET /BlacklistR4.txt HTTP/1.0" 301 538 "-" "Mozilla/3.0 (compatible; Indy Library)"
14.186.80.155 - - [16/Oct/2021:18:11:00 +0700] "GET /BlacklistR4.txt HTTP/1.0" 301 538 "-" "Mozilla/3.0 (compatible; Indy Library)"
14.186.80.155 - - [16/Oct/2021:18:11:00 +0700] "GET /BlacklistR4.txt HTTP/1.0" 301 538 "-" "Mozilla/3.0 (compatible; Indy Library)"
14.186.80.155 - - [16/Oct/2021:18:11:04 +0700] "GET /BlacklistR4.txt HTTP/1.0" 301 538 "-" "Mozilla/3.0 (compatible; Indy Library)"
14.186.80.155 - - [16/Oct/2021:18:11:04 +0700] "GET /BlacklistR4.txt HTTP/1.0" 301 538 "-" "Mozilla/3.0 (compatible; Indy Library)"
14.186.80.155 - - [16/Oct/2021:18:11:04 +0700] "GET /BlacklistR4.txt HTTP/1.0" 301 538 "-" "Mozilla/3.0 (compatible; Indy Library)"
14.186.80.155 - - [16/Oct/2021:18:11:04 +0700] "GET /BlacklistR4.txt HTTP/1.0" 301 538 "-" "Mozilla/3.0 (compatible; Indy Library)"
14.186.80.155 - - [16/Oct/2021:18:11:25 +0700] "GET /BlacklistR4.txt HTTP/1.0" 301 538 "-" "Mozilla/3.0 (compatible; Indy Library)"
14.186.80.155 - - [16/Oct/2021:18:11:26 +0700] "GET /BlacklistR4.txt HTTP/1.0" 301 538 "-" "Mozilla/3.0 (compatible; Indy Library)"
14.186.80.155 - - [16/Oct/2021:18:11:26 +0700] "GET /BlacklistR4.txt HTTP/1.0" 301 538 "-" "Mozilla/3.0 (compatible; Indy Library)"
14.186.80.155 - - [16/Oct/2021:18:11:26 +0700] "GET /BlacklistR4.txt HTTP/1.0" 301 538 "-" "Mozilla/3.0 (compatible; Indy Library)"
103.131.71.202 - - [16/Oct/2021:18:16:07 +0700] "GET /robots.txt HTTP/1.0" 301 528 "-" "Mozilla/5.0 (compatible; coccocbot-image/1.0; +http://help.coccoc.com/searchengine)"
42.113.199.219 - - [16/Oct/2021:18:16:58 +0700] "GET /BlacklistR4.txt HTTP/1.0" 301 538 "-" "Mozilla/3.0 (compatible; Indy Library)"
42.113.199.219 - - [16/Oct/2021:18:17:10 +0700] "GET /BlacklistR4.txt HTTP/1.0" 301 538 "-" "Mozilla/3.0 (compatible; Indy Library)"
42.113.199.219 - - [16/Oct/2021:18:17:47 +0700] "GET /BlacklistR4.txt HTTP/1.0" 301 538 "-" "Mozilla/3.0 (compatible; Indy Library)"
34.253.236.94 - - [16/Oct/2021:18:18:27 +0700] "GET / HTTP/1.0" 301 508 "-" "Mozilla/5.0 (Macintosh; Intel Mac OS X 10_15_7) AppleWebKit/537.36 (KHTML, like Gecko) Chrome/92.0.4515.159 Safari/537.36 Edg/92.0.902.84"
42.113.199.219 - - [16/Oct/2021:18:20:05 +0700] "GET /BlacklistR4.txt HTTP/1.0" 301 538 "-" "Mozilla/3.0 (compatible; Indy Library)"
42.113.199.219 - - [16/Oct/2021:18:20:10 +0700] "GET /BlacklistR4.txt HTTP/1.0" 301 538 "-" "Mozilla/3.0 (compatible; Indy Library)"
42.113.199.219 - - [16/Oct/2021:18:20:12 +0700] "GET /BlacklistR4.txt HTTP/1.0" 301 538 "-" "Mozilla/3.0 (compatible; Indy Library)"
42.113.199.219 - - [16/Oct/2021:18:20:12 +0700] "GET /BlacklistR4.txt HTTP/1.0" 301 538 "-" "Mozilla/3.0 (compatible; Indy Library)"
42.113.199.219 - - [16/Oct/2021:18:21:03 +0700] "GET /BlacklistR4.txt HTTP/1.0" 301 538 "-" "Mozilla/3.0 (compatible; Indy Library)"
42.113.199.219 - - [16/Oct/2021:18:21:03 +0700] "GET /BlacklistR4.txt HTTP/1.0" 301 538 "-" "Mozilla/3.0 (compatible; Indy Library)"
42.113.199.219 - - [16/Oct/2021:18:21:05 +0700] "GET /BlacklistR4.txt HTTP/1.0" 301 538 "-" "Mozilla/3.0 (compatible; Indy Library)"
42.113.199.219 - - [16/Oct/2021:18:21:16 +0700] "GET /BlacklistR4.txt HTTP/1.0" 301 538 "-" "Mozilla/3.0 (compatible; Indy Library)"
14.243.193.168 - - [16/Oct/2021:18:21:45 +0700] "GET /BlacklistR4.txt HTTP/1.0" 301 538 "-" "Mozilla/3.0 (compatible; Indy Library)"
84.238.81.135 - - [16/Oct/2021:18:24:01 +0700] "GET /pma/ HTTP/1.0" 301 516 "http://cic.com.vn/pma/" "Mozilla/5.0 (Windows NT 10.0; Win64; x64) AppleWebKit/537.36 (KHTML, like Gecko) Chrome/86.0.4240.198 Safari/537.36"
84.238.81.135 - - [16/Oct/2021:18:24:10 +0700] "GET /phpmyadmin/ HTTP/1.0" 301 530 "http://cic.com.vn/phpmyadmin/" "Mozilla/5.0 (Windows NT 10.0; Win64; x64) AppleWebKit/537.36 (KHTML, like Gecko) Chrome/86.0.4240.198 Safari/537.36"
84.238.81.135 - - [16/Oct/2021:18:24:15 +0700] "GET /phpMyAdmin/ HTTP/1.0" 301 530 "http://cic.com.vn/phpMyAdmin/" "Mozilla/5.0 (Windows NT 10.0; Win64; x64) AppleWebKit/537.36 (KHTML, like Gecko) Chrome/86.0.4240.198 Safari/537.36"
42.113.199.219 - - [16/Oct/2021:18:25:42 +0700] "GET /BlacklistR4.txt HTTP/1.0" 301 538 "-" "Mozilla/3.0 (compatible; Indy Library)"
222.253.238.250 - - [16/Oct/2021:18:26:17 +0700] "GET /BlacklistR4.txt HTTP/1.0" 301 538 "-" "Mozilla/3.0 (compatible; Indy Library)"
42.113.199.219 - - [16/Oct/2021:18:27:33 +0700] "GET /BlacklistR4.txt HTTP/1.0" 301 538 "-" "Mozilla/3.0 (compatible; Indy Library)"
42.113.199.219 - - [16/Oct/2021:18:29:05 +0700] "GET /BlacklistR4.txt HTTP/1.0" 301 538 "-" "Mozilla/3.0 (compatible; Indy Library)"
216.244.66.243 - - [16/Oct/2021:18:30:36 +0700] "GET /robots.txt HTTP/1.0" 301 528 "-" "Mozilla/5.0 (compatible; DotBot/1.2; +https://opensiteexplorer.org/dotbot; help@moz.com)"
14.243.193.168 - - [16/Oct/2021:18:31:16 +0700] "GET /BlacklistR4.txt HTTP/1.0" 301 538 "-" "Mozilla/3.0 (compatible; Indy Library)"
42.113.199.219 - - [16/Oct/2021:18:38:16 +0700] "GET /BlacklistR4.txt HTTP/1.0" 301 538 "-" "Mozilla/3.0 (compatible; Indy Library)"
77.75.78.164 - - [16/Oct/2021:18:38:58 +0700] "GET /robots.txt HTTP/1.0" 301 528 "-" "Mozilla/5.0 (compatible; SeznamBot/3.2; +http://napoveda.seznam.cz/en/seznambot-intro/)"
77.75.78.164 - - [16/Oct/2021:18:39:03 +0700] "GET /uploads/images/Vinasas/IV_VatLieu_GanVLChoThanh.png HTTP/1.0" 301 610 "-" "Mozilla/5.0 (compatible; SeznamBot/3.2; +http://napoveda.seznam.cz/en/seznambot-intro/)"
114.119.142.15 - - [16/Oct/2021:18:51:03 +0700] "GET /robots.txt HTTP/1.0" 301 528 "-" "Mozilla/5.0 (compatible;PetalBot;+https://webmaster.petalsearch.com/site/petalbot)"
196.242.178.54 - - [16/Oct/2021:18:52:16 +0700] "GET / HTTP/1.0" 301 508 "http://cic.com.vn" "Mozilla/5.0 (Windows NT 6.1; WOW64) AppleWebKit/537.36 (KHTML, like Gecko) Chrome/64.0.3282.186 YaBrowser/18.3.1.1232 Yowser/2.5 Safari/537.36"
3.220.169.250 - - [16/Oct/2021:18:53:52 +0700] "GET / HTTP/1.0" 301 508 "-" "Mozilla/5.0 (Windows NT 10.0; Win64; x64) AppleWebKit/537.36 (KHTML, like Gecko) Chrome/79.0.3945.130 Safari/537.36"
125.235.233.45 - - [16/Oct/2021:18:53:53 +0700] "GET /BlacklistR4.txt HTTP/1.0" 301 538 "-" "Mozilla/3.0 (compatible; Indy Library)"
125.235.233.45 - - [16/Oct/2021:18:53:53 +0700] "GET /BlacklistR4.txt HTTP/1.0" 301 538 "-" "Mozilla/3.0 (compatible; Indy Library)"
27.76.123.40 - - [16/Oct/2021:18:55:33 +0700] "GET /BlacklistR4.txt HTTP/1.0" 301 538 "-" "Mozilla/3.0 (compatible; Indy Library)"
27.76.123.40 - - [16/Oct/2021:18:55:34 +0700] "GET /BlacklistR4.txt HTTP/1.0" 301 538 "-" "Mozilla/3.0 (compatible; Indy Library)"
27.76.123.40 - - [16/Oct/2021:18:55:35 +0700] "GET /BlacklistR4.txt HTTP/1.0" 301 538 "-" "Mozilla/3.0 (compatible; Indy Library)"
27.76.123.40 - - [16/Oct/2021:18:55:36 +0700] "GET /BlacklistR4.txt HTTP/1.0" 301 538 "-" "Mozilla/3.0 (compatible; Indy Library)"
27.76.123.40 - - [16/Oct/2021:18:55:37 +0700] "GET /BlacklistR4.txt HTTP/1.0" 301 538 "-" "Mozilla/3.0 (compatible; Indy Library)"
27.76.123.40 - - [16/Oct/2021:18:55:38 +0700] "GET /BlacklistR4.txt HTTP/1.0" 301 538 "-" "Mozilla/3.0 (compatible; Indy Library)"
14.180.217.169 - - [16/Oct/2021:18:59:38 +0700] "GET /BlacklistR4.txt HTTP/1.0" 301 538 "-" "Mozilla/3.0 (compatible; Indy Library)"
125.235.235.55 - - [16/Oct/2021:19:03:39 +0700] "GET /BlacklistR4.txt HTTP/1.0" 301 538 "-" "Mozilla/3.0 (compatible; Indy Library)"
123.27.146.219 - - [16/Oct/2021:19:08:15 +0700] "GET /BlacklistR4.txt HTTP/1.0" 301 538 "-" "Mozilla/3.0 (compatible; Indy Library)"
17.121.112.109 - - [16/Oct/2021:19:08:47 +0700] "GET /san-pham/phan-mem-quan-ly-san-xuat-cac-doanh-nghiep HTTP/1.0" 301 610 "-" "Mozilla/5.0 (Macintosh; Intel Mac OS X 10_15_5) AppleWebKit/605.1.15 (KHTML, like Gecko) Version/13.1.1 Safari/605.1.15 (Applebot/0.1; +http://www.apple.com/go/applebot)"
123.27.146.219 - - [16/Oct/2021:19:09:48 +0700] "GET /BlacklistR4.txt HTTP/1.0" 301 538 "-" "Mozilla/3.0 (compatible; Indy Library)"
157.55.39.164 - - [16/Oct/2021:19:22:55 +0700] "GET / HTTP/1.0" 301 508 "-" "Mozilla/5.0 (compatible; bingbot/2.0; +http://www.bing.com/bingbot.htm)"
117.5.195.223 - - [16/Oct/2021:19:23:55 +0700] "GET /Escon8/Whatnews.inf HTTP/1.0" 301 534 "-" "-"
77.75.78.172 - - [16/Oct/2021:19:25:02 +0700] "GET /robots.txt HTTP/1.0" 301 528 "-" "Mozilla/5.0 (compatible; SeznamBot/3.2; +http://napoveda.seznam.cz/en/seznambot-intro/)"
77.75.78.172 - - [16/Oct/2021:19:25:05 +0700] "GET /uploads/images/stCAD/HeTrucMBKC1.PNG HTTP/1.0" 301 580 "-" "Mozilla/5.0 (compatible; SeznamBot/3.2; +http://napoveda.seznam.cz/en/seznambot-intro/)"
116.110.198.15 - - [16/Oct/2021:19:25:11 +0700] "GET /BlacklistR4.txt HTTP/1.0" 301 538 "-" "Mozilla/3.0 (compatible; Indy Library)"
2.176.142.90 - - [16/Oct/2021:19:25:58 +0700] "GET / HTTP/1.0" 301 508 "http://cic.com.vn" "Mozilla/5.0 (Windows NT 6.2; Win64; x64) AppleWebKit/537.36 (KHTML, like Gecko) Chrome/66.0.3359.139 Safari/537.36"
17.121.114.253 - - [16/Oct/2021:19:32:55 +0700] "GET /san-pham/ban-can-wwsc HTTP/1.0" 301 550 "-" "Mozilla/5.0 (Macintosh; Intel Mac OS X 10_15_5) AppleWebKit/605.1.15 (KHTML, like Gecko) Version/13.1.1 Safari/605.1.15 (Applebot/0.1; +http://www.apple.com/go/applebot)"
116.96.2.189 - - [16/Oct/2021:19:36:17 +0700] "GET /BlacklistR4.txt HTTP/1.0" 301 538 "-" "Mozilla/3.0 (compatible; Indy Library)"
222.97.42.217 - - [16/Oct/2021:19:37:06 +0700] "GET /pma/ HTTP/1.0" 301 516 "http://cic.com.vn/pma/" "Mozilla/5.0 (Windows NT 10.0; Win64; x64) AppleWebKit/537.36 (KHTML, like Gecko) Chrome/86.0.4240.198 Safari/537.36"
222.97.42.217 - - [16/Oct/2021:19:37:15 +0700] "GET /phpmyadmin/ HTTP/1.0" 301 530 "http://cic.com.vn/phpmyadmin/" "Mozilla/5.0 (Windows NT 10.0; Win64; x64) AppleWebKit/537.36 (KHTML, like Gecko) Chrome/86.0.4240.198 Safari/537.36"
222.97.42.217 - - [16/Oct/2021:19:37:29 +0700] "GET /phpMyAdmin/ HTTP/1.0" 301 530 "http://cic.com.vn/phpMyAdmin/" "Mozilla/5.0 (Windows NT 10.0; Win64; x64) AppleWebKit/537.36 (KHTML, like Gecko) Chrome/86.0.4240.198 Safari/537.36"
222.96.106.217 - - [16/Oct/2021:19:38:49 +0700] "GET /pma/ HTTP/1.0" 301 516 "http://cic.com.vn/pma/" "Mozilla/5.0 (Windows NT 10.0; Win64; x64) AppleWebKit/537.36 (KHTML, like Gecko) Chrome/86.0.4240.198 Safari/A50758"
222.96.106.217 - - [16/Oct/2021:19:38:59 +0700] "GET /phpmyadmin/ HTTP/1.0" 301 530 "http://cic.com.vn/phpmyadmin/" "Mozilla/5.0 (Windows NT 10.0; Win64; x64) AppleWebKit/537.36 (KHTML, like Gecko) Chrome/86.0.4240.198 Safari/A50758"
222.96.106.217 - - [16/Oct/2021:19:39:08 +0700] "GET /phpMyAdmin/ HTTP/1.0" 301 530 "http://cic.com.vn/phpMyAdmin/" "Mozilla/5.0 (Windows NT 10.0; Win64; x64) AppleWebKit/537.36 (KHTML, like Gecko) Chrome/86.0.4240.198 Safari/A50758"
113.23.48.179 - - [16/Oct/2021:19:39:57 +0700] "GET /BlacklistR4.txt HTTP/1.0" 301 538 "-" "Mozilla/3.0 (compatible; Indy Library)"
123.31.213.185 - - [16/Oct/2021:19:41:11 +0700] "GET /BlacklistR4.txt HTTP/1.0" 301 538 "-" "Mozilla/3.0 (compatible; Indy Library)"
173.252.79.27 - - [16/Oct/2021:19:41:19 +0700] "HEAD / HTTP/1.0" 301 256 "-" "facebookexternalhit/1.1 (+http://www.facebook.com/externalhit_uatext.php)"
173.252.79.28 - - [16/Oct/2021:19:41:21 +0700] "GET / HTTP/1.0" 301 508 "-" "facebookexternalhit/1.1 (+http://www.facebook.com/externalhit_uatext.php)"
116.108.74.139 - - [16/Oct/2021:19:41:54 +0700] "GET /BlacklistR4.txt HTTP/1.0" 301 538 "-" "Mozilla/3.0 (compatible; Indy Library)"
17.121.112.63 - - [16/Oct/2021:19:45:35 +0700] "GET /san-pham/safe HTTP/1.0" 301 534 "-" "Mozilla/5.0 (Macintosh; Intel Mac OS X 10_15_5) AppleWebKit/605.1.15 (KHTML, like Gecko) Version/13.1.1 Safari/605.1.15 (Applebot/0.1; +http://www.apple.com/go/applebot)"
125.212.173.66 - - [16/Oct/2021:19:46:38 +0700] "GET /BlacklistR4.txt HTTP/1.0" 301 538 "-" "Mozilla/3.0 (compatible; Indy Library)"
216.244.66.243 - - [16/Oct/2021:19:59:53 +0700] "GET /robots.txt HTTP/1.0" 301 528 "-" "Mozilla/5.0 (compatible; DotBot/1.2; +https://opensiteexplorer.org/dotbot; help@moz.com)"
190.54.12.74 - - [16/Oct/2021:20:00:08 +0700] "GET /phpmyadmin/ HTTP/1.0" 301 530 "http://cic.com.vn/phpmyadmin/" "Mozilla/5.0 (Windows NT 10.0; Win64; x64) AppleWebKit/537.36 (KHTML, like Gecko) Chrome/86.0.4240.198 Safari/537.36"
190.54.12.74 - - [16/Oct/2021:20:00:22 +0700] "GET /phpMyAdmin/ HTTP/1.0" 301 530 "http://cic.com.vn/phpMyAdmin/" "Mozilla/5.0 (Windows NT 10.0; Win64; x64) AppleWebKit/537.36 (KHTML, like Gecko) Chrome/86.0.4240.198 Safari/537.36"
170.83.177.103 - - [16/Oct/2021:20:00:49 +0700] "GET / HTTP/1.0" 301 508 "http://cic.com.vn" "Mozilla/5.0 (Windows NT 6.1; WOW64; rv:52.0) Gecko/20100101 Firefox/52.0 SeaMonkey/2.49.3"
115.72.76.210 - - [16/Oct/2021:20:02:07 +0700] "GET / HTTP/1.0" 301 508 "-" "Mozilla/4.0 (compatible; MSIE 6.0; Windows NT 5.1; SV1; GTB7.5; .NET CLR 2.0.50727; .NET CLR 3.0.4506.2152; .NET CLR 3.5.30729; .NET4.0C; .NET4.0E; AskTbFXTV5/5.15.29.67612)"
207.46.13.52 - - [16/Oct/2021:20:03:00 +0700] "GET /uploads/images/stCAD/ThongKeThepDuongSan.PNG HTTP/1.0" 301 596 "-" "Mozilla/5.0 (compatible; bingbot/2.0; +http://www.bing.com/bingbot.htm)"
115.72.76.210 - - [16/Oct/2021:20:05:20 +0700] "GET / HTTP/1.0" 301 508 "-" "Mozilla/4.0 (compatible; MSIE 6.0; Windows NT 5.1; SV1; GTB7.5; .NET CLR 2.0.50727; .NET CLR 3.0.4506.2152; .NET CLR 3.5.30729; .NET4.0C; .NET4.0E; AskTbFXTV5/5.15.29.67612)"
115.72.76.210 - - [16/Oct/2021:20:05:34 +0700] "GET / HTTP/1.0" 301 508 "-" "Mozilla/4.0 (compatible; MSIE 6.0; Windows NT 5.1; SV1; GTB7.5; .NET CLR 2.0.50727; .NET CLR 3.0.4506.2152; .NET CLR 3.5.30729; .NET4.0C; .NET4.0E; AskTbFXTV5/5.15.29.67612)"
123.31.176.121 - - [16/Oct/2021:20:05:41 +0700] "GET /BlacklistR4.txt HTTP/1.0" 301 538 "-" "Mozilla/3.0 (compatible; Indy Library)"
27.65.58.105 - - [16/Oct/2021:20:05:55 +0700] "GET /BlacklistR4.txt HTTP/1.0" 301 538 "-" "Mozilla/3.0 (compatible; Indy Library)"
42.113.199.219 - - [16/Oct/2021:20:06:13 +0700] "GET /BlacklistR4.txt HTTP/1.0" 301 538 "-" "Mozilla/3.0 (compatible; Indy Library)"
42.113.199.219 - - [16/Oct/2021:20:06:14 +0700] "GET /BlacklistR4.txt HTTP/1.0" 301 538 "-" "Mozilla/3.0 (compatible; Indy Library)"
42.113.199.219 - - [16/Oct/2021:20:06:15 +0700] "GET /BlacklistR4.txt HTTP/1.0" 301 538 "-" "Mozilla/3.0 (compatible; Indy Library)"
42.113.199.219 - - [16/Oct/2021:20:06:33 +0700] "GET /BlacklistR4.txt HTTP/1.0" 301 538 "-" "Mozilla/3.0 (compatible; Indy Library)"
14.176.28.166 - - [16/Oct/2021:20:06:55 +0700] "GET /BlacklistR4.txt HTTP/1.0" 301 538 "-" "Mozilla/3.0 (compatible; Indy Library)"
14.176.28.166 - - [16/Oct/2021:20:06:55 +0700] "GET /BlacklistR4.txt HTTP/1.0" 301 538 "-" "Mozilla/3.0 (compatible; Indy Library)"
115.72.76.210 - - [16/Oct/2021:20:07:00 +0700] "GET / HTTP/1.0" 301 508 "-" "Mozilla/4.0 (compatible; MSIE 6.0; Windows NT 5.1; SV1; GTB7.5; .NET CLR 2.0.50727; .NET CLR 3.0.4506.2152; .NET CLR 3.5.30729; .NET4.0C; .NET4.0E; AskTbFXTV5/5.15.29.67612)"
123.31.176.121 - - [16/Oct/2021:20:07:11 +0700] "GET /BlacklistR4.txt HTTP/1.0" 301 538 "-" "Mozilla/3.0 (compatible; Indy Library)"
123.31.176.121 - - [16/Oct/2021:20:07:12 +0700] "GET /BlacklistR4.txt HTTP/1.0" 301 538 "-" "Mozilla/3.0 (compatible; Indy Library)"
14.176.28.166 - - [16/Oct/2021:20:08:31 +0700] "GET /BlacklistR4.txt HTTP/1.0" 301 538 "-" "Mozilla/3.0 (compatible; Indy Library)"
14.176.28.166 - - [16/Oct/2021:20:08:31 +0700] "GET /BlacklistR4.txt HTTP/1.0" 301 538 "-" "Mozilla/3.0 (compatible; Indy Library)"
14.176.28.166 - - [16/Oct/2021:20:08:36 +0700] "GET /BlacklistR4.txt HTTP/1.0" 301 538 "-" "Mozilla/3.0 (compatible; Indy Library)"
14.176.28.166 - - [16/Oct/2021:20:08:36 +0700] "GET /BlacklistR4.txt HTTP/1.0" 301 538 "-" "Mozilla/3.0 (compatible; Indy Library)"
14.176.28.166 - - [16/Oct/2021:20:08:36 +0700] "GET /BlacklistR4.txt HTTP/1.0" 301 538 "-" "Mozilla/3.0 (compatible; Indy Library)"
14.176.28.166 - - [16/Oct/2021:20:08:36 +0700] "GET /BlacklistR4.txt HTTP/1.0" 301 538 "-" "Mozilla/3.0 (compatible; Indy Library)"
14.176.28.166 - - [16/Oct/2021:20:08:36 +0700] "GET /BlacklistR4.txt HTTP/1.0" 301 538 "-" "Mozilla/3.0 (compatible; Indy Library)"
14.176.28.166 - - [16/Oct/2021:20:08:36 +0700] "GET /BlacklistR4.txt HTTP/1.0" 301 538 "-" "Mozilla/3.0 (compatible; Indy Library)"
14.176.28.166 - - [16/Oct/2021:20:08:36 +0700] "GET /BlacklistR4.txt HTTP/1.0" 301 538 "-" "Mozilla/3.0 (compatible; Indy Library)"
14.176.28.166 - - [16/Oct/2021:20:08:36 +0700] "GET /BlacklistR4.txt HTTP/1.0" 301 538 "-" "Mozilla/3.0 (compatible; Indy Library)"
14.176.28.166 - - [16/Oct/2021:20:08:39 +0700] "GET /BlacklistR4.txt HTTP/1.0" 301 538 "-" "Mozilla/3.0 (compatible; Indy Library)"
14.176.28.166 - - [16/Oct/2021:20:08:39 +0700] "GET /BlacklistR4.txt HTTP/1.0" 301 538 "-" "Mozilla/3.0 (compatible; Indy Library)"
14.176.28.166 - - [16/Oct/2021:20:08:40 +0700] "GET /BlacklistR4.txt HTTP/1.0" 301 538 "-" "Mozilla/3.0 (compatible; Indy Library)"
14.176.28.166 - - [16/Oct/2021:20:08:40 +0700] "GET /BlacklistR4.txt HTTP/1.0" 301 538 "-" "Mozilla/3.0 (compatible; Indy Library)"
14.176.28.166 - - [16/Oct/2021:20:08:40 +0700] "GET /BlacklistR4.txt HTTP/1.0" 301 538 "-" "Mozilla/3.0 (compatible; Indy Library)"
14.176.28.166 - - [16/Oct/2021:20:08:41 +0700] "GET /BlacklistR4.txt HTTP/1.0" 301 538 "-" "Mozilla/3.0 (compatible; Indy Library)"
14.176.28.166 - - [16/Oct/2021:20:08:41 +0700] "GET /BlacklistR4.txt HTTP/1.0" 301 538 "-" "Mozilla/3.0 (compatible; Indy Library)"
14.176.28.166 - - [16/Oct/2021:20:08:41 +0700] "GET /BlacklistR4.txt HTTP/1.0" 301 538 "-" "Mozilla/3.0 (compatible; Indy Library)"
14.176.28.166 - - [16/Oct/2021:20:08:41 +0700] "GET /BlacklistR4.txt HTTP/1.0" 301 538 "-" "Mozilla/3.0 (compatible; Indy Library)"
123.31.176.121 - - [16/Oct/2021:20:11:57 +0700] "GET /BlacklistR4.txt HTTP/1.0" 301 538 "-" "Mozilla/3.0 (compatible; Indy Library)"
115.72.76.210 - - [16/Oct/2021:20:17:14 +0700] "GET / HTTP/1.0" 301 508 "-" "Mozilla/4.0 (compatible; MSIE 6.0; Windows NT 5.1; SV1; GTB7.5; .NET CLR 2.0.50727; .NET CLR 3.0.4506.2152; .NET CLR 3.5.30729; .NET4.0C; .NET4.0E; AskTbFXTV5/5.15.29.67612)"
42.113.199.219 - - [16/Oct/2021:20:18:10 +0700] "GET /BlacklistR4.txt HTTP/1.0" 301 538 "-" "Mozilla/3.0 (compatible; Indy Library)"
123.31.176.121 - - [16/Oct/2021:20:18:37 +0700] "GET /BlacklistR4.txt HTTP/1.0" 301 538 "-" "Mozilla/3.0 (compatible; Indy Library)"
115.72.76.210 - - [16/Oct/2021:20:18:51 +0700] "GET / HTTP/1.0" 301 508 "-" "Mozilla/4.0 (compatible; MSIE 6.0; Windows NT 5.1; SV1; GTB7.5; .NET CLR 2.0.50727; .NET CLR 3.0.4506.2152; .NET CLR 3.5.30729; .NET4.0C; .NET4.0E; AskTbFXTV5/5.15.29.67612)"
42.113.199.219 - - [16/Oct/2021:20:18:57 +0700] "GET /BlacklistR4.txt HTTP/1.0" 301 538 "-" "Mozilla/3.0 (compatible; Indy Library)"
115.72.76.210 - - [16/Oct/2021:20:19:52 +0700] "GET / HTTP/1.0" 301 508 "-" "Mozilla/4.0 (compatible; MSIE 6.0; Windows NT 5.1; SV1; GTB7.5; .NET CLR 2.0.50727; .NET CLR 3.0.4506.2152; .NET CLR 3.5.30729; .NET4.0C; .NET4.0E; AskTbFXTV5/5.15.29.67612)"
42.113.199.219 - - [16/Oct/2021:20:20:32 +0700] "GET /BlacklistR4.txt HTTP/1.0" 301 538 "-" "Mozilla/3.0 (compatible; Indy Library)"
115.72.76.210 - - [16/Oct/2021:20:21:49 +0700] "GET / HTTP/1.0" 301 508 "-" "Mozilla/4.0 (compatible; MSIE 6.0; Windows NT 5.1; SV1; GTB7.5; .NET CLR 2.0.50727; .NET CLR 3.0.4506.2152; .NET CLR 3.5.30729; .NET4.0C; .NET4.0E; AskTbFXTV5/5.15.29.67612)"
115.72.76.210 - - [16/Oct/2021:20:22:11 +0700] "GET / HTTP/1.0" 301 508 "-" "Mozilla/4.0 (compatible; MSIE 6.0; Windows NT 5.1; SV1; GTB7.5; .NET CLR 2.0.50727; .NET CLR 3.0.4506.2152; .NET CLR 3.5.30729; .NET4.0C; .NET4.0E; AskTbFXTV5/5.15.29.67612)"
115.72.76.210 - - [16/Oct/2021:20:23:33 +0700] "GET / HTTP/1.0" 301 508 "-" "Mozilla/4.0 (compatible; MSIE 6.0; Windows NT 5.1; SV1; GTB7.5; .NET CLR 2.0.50727; .NET CLR 3.0.4506.2152; .NET CLR 3.5.30729; .NET4.0C; .NET4.0E; AskTbFXTV5/5.15.29.67612)"
115.72.76.210 - - [16/Oct/2021:20:25:29 +0700] "GET / HTTP/1.0" 301 508 "-" "Mozilla/4.0 (compatible; MSIE 6.0; Windows NT 5.1; SV1; GTB7.5; .NET CLR 2.0.50727; .NET CLR 3.0.4506.2152; .NET CLR 3.5.30729; .NET4.0C; .NET4.0E; AskTbFXTV5/5.15.29.67612)"
115.72.76.210 - - [16/Oct/2021:20:26:10 +0700] "GET / HTTP/1.0" 301 508 "-" "Mozilla/4.0 (compatible; MSIE 6.0; Windows NT 5.1; SV1; GTB7.5; .NET CLR 2.0.50727; .NET CLR 3.0.4506.2152; .NET CLR 3.5.30729; .NET4.0C; .NET4.0E; AskTbFXTV5/5.15.29.67612)"
115.72.76.210 - - [16/Oct/2021:20:26:13 +0700] "GET / HTTP/1.0" 301 508 "-" "Mozilla/4.0 (compatible; MSIE 6.0; Windows NT 5.1; SV1; GTB7.5; .NET CLR 2.0.50727; .NET CLR 3.0.4506.2152; .NET CLR 3.5.30729; .NET4.0C; .NET4.0E; AskTbFXTV5/5.15.29.67612)"
58.187.164.152 - - [16/Oct/2021:20:26:25 +0700] "GET / HTTP/1.0" 301 508 "-" "Mozilla/5.0 (Linux; Android 11; SAMSUNG SM-N970F) AppleWebKit/537.36 (KHTML, like Gecko) SamsungBrowser/15.0 Chrome/90.0.4430.210 Mobile Safari/537.36"
115.72.76.210 - - [16/Oct/2021:20:26:33 +0700] "GET / HTTP/1.0" 301 508 "-" "Mozilla/4.0 (compatible; MSIE 6.0; Windows NT 5.1; SV1; GTB7.5; .NET CLR 2.0.50727; .NET CLR 3.0.4506.2152; .NET CLR 3.5.30729; .NET4.0C; .NET4.0E; AskTbFXTV5/5.15.29.67612)"
171.228.196.34 - - [16/Oct/2021:20:30:40 +0700] "GET /BlacklistR4.txt HTTP/1.0" 301 538 "-" "Mozilla/3.0 (compatible; Indy Library)"
118.69.246.157 - - [16/Oct/2021:20:31:57 +0700] "GET /BlacklistR4.txt HTTP/1.0" 301 538 "-" "Mozilla/3.0 (compatible; Indy Library)"
118.69.246.157 - - [16/Oct/2021:20:31:58 +0700] "GET /BlacklistR4.txt HTTP/1.0" 301 538 "-" "Mozilla/3.0 (compatible; Indy Library)"
118.69.246.157 - - [16/Oct/2021:20:31:58 +0700] "GET /BlacklistR4.txt HTTP/1.0" 301 538 "-" "Mozilla/3.0 (compatible; Indy Library)"
118.69.246.157 - - [16/Oct/2021:20:31:59 +0700] "GET /BlacklistR4.txt HTTP/1.0" 301 538 "-" "Mozilla/3.0 (compatible; Indy Library)"
118.69.246.157 - - [16/Oct/2021:20:31:59 +0700] "GET /BlacklistR4.txt HTTP/1.0" 301 538 "-" "Mozilla/3.0 (compatible; Indy Library)"
118.69.246.157 - - [16/Oct/2021:20:31:59 +0700] "GET /BlacklistR4.txt HTTP/1.0" 301 538 "-" "Mozilla/3.0 (compatible; Indy Library)"
27.73.78.61 - - [16/Oct/2021:20:32:07 +0700] "GET /BlacklistR4.txt HTTP/1.0" 301 538 "-" "Mozilla/3.0 (compatible; Indy Library)"
27.73.78.61 - - [16/Oct/2021:20:32:11 +0700] "GET /BlacklistR4.txt HTTP/1.0" 301 538 "-" "Mozilla/3.0 (compatible; Indy Library)"
27.73.78.61 - - [16/Oct/2021:20:32:12 +0700] "GET /BlacklistR4.txt HTTP/1.0" 301 538 "-" "Mozilla/3.0 (compatible; Indy Library)"
27.73.78.61 - - [16/Oct/2021:20:32:22 +0700] "GET /BlacklistR4.txt HTTP/1.0" 301 538 "-" "Mozilla/3.0 (compatible; Indy Library)"
27.73.78.61 - - [16/Oct/2021:20:32:24 +0700] "GET /BlacklistR4.txt HTTP/1.0" 301 538 "-" "Mozilla/3.0 (compatible; Indy Library)"
171.228.196.34 - - [16/Oct/2021:20:32:54 +0700] "GET /BlacklistR4.txt HTTP/1.0" 301 538 "-" "Mozilla/3.0 (compatible; Indy Library)"
27.69.188.94 - - [16/Oct/2021:20:33:44 +0700] "GET /BlacklistR4.txt HTTP/1.0" 301 538 "-" "Mozilla/3.0 (compatible; Indy Library)"
27.69.188.94 - - [16/Oct/2021:20:33:44 +0700] "GET /Escon15/Escon15_analytics.html HTTP/1.0" 301 568 "-" "Mozilla/4.0 (compatible; MSIE 7.0; Windows NT 6.2; WOW64; Trident/7.0; .NET4.0C; .NET4.0E; .NET CLR 2.0.50727; .NET CLR 3.0.30729; .NET CLR 3.5.30729; InfoPath.3; Tablet PC 2.0; Zoom 3.6.0)"
27.65.58.105 - - [16/Oct/2021:20:37:54 +0700] "GET /BlacklistR4.txt HTTP/1.0" 301 538 "-" "Mozilla/3.0 (compatible; Indy Library)"
42.113.199.219 - - [16/Oct/2021:20:39:08 +0700] "GET /BlacklistR4.txt HTTP/1.0" 301 538 "-" "Mozilla/3.0 (compatible; Indy Library)"
27.73.78.61 - - [16/Oct/2021:20:39:15 +0700] "GET /BlacklistR4.txt HTTP/1.0" 301 538 "-" "Mozilla/3.0 (compatible; Indy Library)"
27.73.78.61 - - [16/Oct/2021:20:39:17 +0700] "GET /BlacklistR4.txt HTTP/1.0" 301 538 "-" "Mozilla/3.0 (compatible; Indy Library)"
114.119.148.0 - - [16/Oct/2021:20:39:39 +0700] "GET /uploads/Giay%20moi%20hoi%20thao%20PLAXIS.pdf HTTP/1.0" 301 596 "-" "Mozilla/5.0 (Linux; Android 7.0;) AppleWebKit/537.36 (KHTML, like Gecko) Mobile Safari/537.36 (compatible; PetalBot;+https://webmaster.petalsearch.com/site/petalbot)"
103.131.71.183 - - [16/Oct/2021:20:39:43 +0700] "GET /robots.txt HTTP/1.0" 301 528 "-" "Mozilla/5.0 (compatible; coccocbot-web/1.0; +http://help.coccoc.com/searchengine)"
115.72.76.210 - - [16/Oct/2021:20:39:56 +0700] "GET / HTTP/1.0" 301 508 "-" "Mozilla/4.0 (compatible; MSIE 6.0; Windows NT 5.1; SV1; GTB7.5; .NET CLR 2.0.50727; .NET CLR 3.0.4506.2152; .NET CLR 3.5.30729; .NET4.0C; .NET4.0E; AskTbFXTV5/5.15.29.67612)"
115.72.76.210 - - [16/Oct/2021:20:40:20 +0700] "GET / HTTP/1.0" 301 508 "-" "Mozilla/4.0 (compatible; MSIE 6.0; Windows NT 5.1; SV1; GTB7.5; .NET CLR 2.0.50727; .NET CLR 3.0.4506.2152; .NET CLR 3.5.30729; .NET4.0C; .NET4.0E; AskTbFXTV5/5.15.29.67612)"
103.131.71.87 - - [16/Oct/2021:20:40:53 +0700] "GET /robots.txt HTTP/1.0" 301 528 "-" "Mozilla/5.0 (compatible; coccocbot-web/1.0; +http://help.coccoc.com/searchengine)"
66.249.79.195 - - [16/Oct/2021:20:41:07 +0700] "GET /escon8/Pictures/GioiThieuWebCIC/clip_image012.jpg HTTP/1.0" 301 606 "-" "Googlebot-Image/1.0"
115.72.76.210 - - [16/Oct/2021:20:42:14 +0700] "GET / HTTP/1.0" 301 508 "-" "Mozilla/4.0 (compatible; MSIE 6.0; Windows NT 5.1; SV1; GTB7.5; .NET CLR 2.0.50727; .NET CLR 3.0.4506.2152; .NET CLR 3.5.30729; .NET4.0C; .NET4.0E; AskTbFXTV5/5.15.29.67612)"
115.72.76.210 - - [16/Oct/2021:20:42:28 +0700] "GET / HTTP/1.0" 301 508 "-" "Mozilla/4.0 (compatible; MSIE 6.0; Windows NT 5.1; SV1; GTB7.5; .NET CLR 2.0.50727; .NET CLR 3.0.4506.2152; .NET CLR 3.5.30729; .NET4.0C; .NET4.0E; AskTbFXTV5/5.15.29.67612)"
115.72.76.210 - - [16/Oct/2021:20:44:07 +0700] "GET / HTTP/1.0" 301 508 "-" "Mozilla/4.0 (compatible; MSIE 6.0; Windows NT 5.1; SV1; GTB7.5; .NET CLR 2.0.50727; .NET CLR 3.0.4506.2152; .NET CLR 3.5.30729; .NET4.0C; .NET4.0E; AskTbFXTV5/5.15.29.67612)"
27.73.78.61 - - [16/Oct/2021:20:44:44 +0700] "GET /BlacklistR4.txt HTTP/1.0" 301 538 "-" "Mozilla/3.0 (compatible; Indy Library)"
115.72.76.210 - - [16/Oct/2021:20:44:46 +0700] "GET / HTTP/1.0" 301 508 "-" "Mozilla/4.0 (compatible; MSIE 6.0; Windows NT 5.1; SV1; GTB7.5; .NET CLR 2.0.50727; .NET CLR 3.0.4506.2152; .NET CLR 3.5.30729; .NET4.0C; .NET4.0E; AskTbFXTV5/5.15.29.67612)"
27.73.78.61 - - [16/Oct/2021:20:44:46 +0700] "GET /BlacklistR4.txt HTTP/1.0" 301 538 "-" "Mozilla/3.0 (compatible; Indy Library)"
216.244.66.243 - - [16/Oct/2021:20:45:04 +0700] "GET /robots.txt HTTP/1.0" 301 528 "-" "Mozilla/5.0 (compatible; DotBot/1.2; +https://opensiteexplorer.org/dotbot; help@moz.com)"
115.72.76.210 - - [16/Oct/2021:20:45:35 +0700] "GET / HTTP/1.0" 301 508 "-" "Mozilla/4.0 (compatible; MSIE 6.0; Windows NT 5.1; SV1; GTB7.5; .NET CLR 2.0.50727; .NET CLR 3.0.4506.2152; .NET CLR 3.5.30729; .NET4.0C; .NET4.0E; AskTbFXTV5/5.15.29.67612)"
77.75.76.162 - - [16/Oct/2021:20:47:38 +0700] "GET /robots.txt HTTP/1.0" 301 528 "-" "Mozilla/5.0 (compatible; SeznamBot/3.2; +http://napoveda.seznam.cz/en/seznambot-intro/)"
77.75.76.162 - - [16/Oct/2021:20:47:42 +0700] "GET /uploads/images/MCW/Info%20MCW/1.png HTTP/1.0" 301 578 "-" "Mozilla/5.0 (compatible; SeznamBot/3.2; +http://napoveda.seznam.cz/en/seznambot-intro/)"
171.228.196.34 - - [16/Oct/2021:20:48:15 +0700] "GET /BlacklistR4.txt HTTP/1.0" 301 538 "-" "Mozilla/3.0 (compatible; Indy Library)"
171.228.196.34 - - [16/Oct/2021:20:48:17 +0700] "GET /BlacklistR4.txt HTTP/1.0" 301 538 "-" "Mozilla/3.0 (compatible; Indy Library)"
171.228.196.34 - - [16/Oct/2021:20:48:18 +0700] "GET /BlacklistR4.txt HTTP/1.0" 301 538 "-" "Mozilla/3.0 (compatible; Indy Library)"
171.228.196.34 - - [16/Oct/2021:20:48:20 +0700] "GET /BlacklistR4.txt HTTP/1.0" 301 538 "-" "Mozilla/3.0 (compatible; Indy Library)"
171.228.196.34 - - [16/Oct/2021:20:48:21 +0700] "GET /BlacklistR4.txt HTTP/1.0" 301 538 "-" "Mozilla/3.0 (compatible; Indy Library)"
171.228.196.34 - - [16/Oct/2021:20:48:23 +0700] "GET /BlacklistR4.txt HTTP/1.0" 301 538 "-" "Mozilla/3.0 (compatible; Indy Library)"
115.72.76.210 - - [16/Oct/2021:20:48:26 +0700] "GET / HTTP/1.0" 301 508 "-" "Mozilla/4.0 (compatible; MSIE 6.0; Windows NT 5.1; SV1; GTB7.5; .NET CLR 2.0.50727; .NET CLR 3.0.4506.2152; .NET CLR 3.5.30729; .NET4.0C; .NET4.0E; AskTbFXTV5/5.15.29.67612)"
157.55.39.126 - - [16/Oct/2021:20:48:34 +0700] "GET /uploads/images/Phan%20phoi%20Thiet%20bi/image002.jpg HTTP/1.0" 301 612 "-" "Mozilla/5.0 (compatible; bingbot/2.0; +http://www.bing.com/bingbot.htm)"
115.72.76.210 - - [16/Oct/2021:20:50:10 +0700] "GET / HTTP/1.0" 301 508 "-" "Mozilla/4.0 (compatible; MSIE 6.0; Windows NT 5.1; SV1; GTB7.5; .NET CLR 2.0.50727; .NET CLR 3.0.4506.2152; .NET CLR 3.5.30729; .NET4.0C; .NET4.0E; AskTbFXTV5/5.15.29.67612)"
17.121.112.87 - - [16/Oct/2021:20:51:02 +0700] "GET /san-pham/ban-can-wwscrf HTTP/1.0" 301 554 "-" "Mozilla/5.0 (Macintosh; Intel Mac OS X 10_15_5) AppleWebKit/605.1.15 (KHTML, like Gecko) Version/13.1.1 Safari/605.1.15 (Applebot/0.1; +http://www.apple.com/go/applebot)"
27.73.78.61 - - [16/Oct/2021:20:53:35 +0700] "GET /BlacklistR4.txt HTTP/1.0" 301 538 "-" "Mozilla/3.0 (compatible; Indy Library)"
27.73.78.61 - - [16/Oct/2021:20:53:36 +0700] "GET /BlacklistR4.txt HTTP/1.0" 301 538 "-" "Mozilla/3.0 (compatible; Indy Library)"
87.250.224.19 - - [16/Oct/2021:20:54:04 +0700] "GET /robots.txt HTTP/1.0" 301 528 "-" "Mozilla/5.0 (compatible; YandexBot/3.0; +http://yandex.com/bots)"
27.76.123.40 - - [16/Oct/2021:20:54:04 +0700] "GET /BlacklistR4.txt HTTP/1.0" 301 538 "-" "Mozilla/3.0 (compatible; Indy Library)"
27.76.123.40 - - [16/Oct/2021:20:54:05 +0700] "GET /BlacklistR4.txt HTTP/1.0" 301 538 "-" "Mozilla/3.0 (compatible; Indy Library)"
27.76.123.40 - - [16/Oct/2021:20:54:06 +0700] "GET /BlacklistR4.txt HTTP/1.0" 301 538 "-" "Mozilla/3.0 (compatible; Indy Library)"
115.72.76.210 - - [16/Oct/2021:20:54:06 +0700] "GET / HTTP/1.0" 301 508 "-" "Mozilla/4.0 (compatible; MSIE 6.0; Windows NT 5.1; SV1; GTB7.5; .NET CLR 2.0.50727; .NET CLR 3.0.4506.2152; .NET CLR 3.5.30729; .NET4.0C; .NET4.0E; AskTbFXTV5/5.15.29.67612)"
27.76.123.40 - - [16/Oct/2021:20:54:06 +0700] "GET /BlacklistR4.txt HTTP/1.0" 301 538 "-" "Mozilla/3.0 (compatible; Indy Library)"
27.76.123.40 - - [16/Oct/2021:20:54:07 +0700] "GET /BlacklistR4.txt HTTP/1.0" 301 538 "-" "Mozilla/3.0 (compatible; Indy Library)"
27.76.123.40 - - [16/Oct/2021:20:54:08 +0700] "GET /BlacklistR4.txt HTTP/1.0" 301 538 "-" "Mozilla/3.0 (compatible; Indy Library)"
87.250.224.19 - - [16/Oct/2021:20:54:08 +0700] "GET /uploads/images/stCAD/KhaiBaoDTThepDamCot.PNG HTTP/1.0" 301 596 "-" "Mozilla/5.0 (compatible; YandexImages/3.0; +http://yandex.com/bots)"
115.72.76.210 - - [16/Oct/2021:20:54:35 +0700] "GET / HTTP/1.0" 301 508 "-" "Mozilla/4.0 (compatible; MSIE 6.0; Windows NT 5.1; SV1; GTB7.5; .NET CLR 2.0.50727; .NET CLR 3.0.4506.2152; .NET CLR 3.5.30729; .NET4.0C; .NET4.0E; AskTbFXTV5/5.15.29.67612)"
115.72.76.210 - - [16/Oct/2021:20:54:42 +0700] "GET / HTTP/1.0" 301 508 "-" "Mozilla/4.0 (compatible; MSIE 6.0; Windows NT 5.1; SV1; GTB7.5; .NET CLR 2.0.50727; .NET CLR 3.0.4506.2152; .NET CLR 3.5.30729; .NET4.0C; .NET4.0E; AskTbFXTV5/5.15.29.67612)"
95.108.213.48 - - [16/Oct/2021:20:54:56 +0700] "GET /uploads/images/stCAD/KhaiBaoDTThepDamCot.PNG HTTP/1.0" 301 596 "-" "Mozilla/5.0 (compatible; YandexImages/3.0; +http://yandex.com/bots)"
115.72.76.210 - - [16/Oct/2021:20:55:05 +0700] "GET / HTTP/1.0" 301 508 "-" "Mozilla/4.0 (compatible; MSIE 6.0; Windows NT 5.1; SV1; GTB7.5; .NET CLR 2.0.50727; .NET CLR 3.0.4506.2152; .NET CLR 3.5.30729; .NET4.0C; .NET4.0E; AskTbFXTV5/5.15.29.67612)"
171.228.196.34 - - [16/Oct/2021:20:55:18 +0700] "GET /BlacklistR4.txt HTTP/1.0" 301 538 "-" "Mozilla/3.0 (compatible; Indy Library)"
171.228.196.34 - - [16/Oct/2021:20:55:19 +0700] "GET /BlacklistR4.txt HTTP/1.0" 301 538 "-" "Mozilla/3.0 (compatible; Indy Library)"
171.228.196.34 - - [16/Oct/2021:20:55:21 +0700] "GET /BlacklistR4.txt HTTP/1.0" 301 538 "-" "Mozilla/3.0 (compatible; Indy Library)"
171.228.196.34 - - [16/Oct/2021:20:55:42 +0700] "GET /BlacklistR4.txt HTTP/1.0" 301 538 "-" "Mozilla/3.0 (compatible; Indy Library)"
171.228.196.34 - - [16/Oct/2021:20:55:50 +0700] "GET /BlacklistR4.txt HTTP/1.0" 301 538 "-" "Mozilla/3.0 (compatible; Indy Library)"
27.73.78.61 - - [16/Oct/2021:20:58:32 +0700] "GET /BlacklistR4.txt HTTP/1.0" 301 538 "-" "Mozilla/3.0 (compatible; Indy Library)"
27.73.78.61 - - [16/Oct/2021:20:58:34 +0700] "GET /BlacklistR4.txt HTTP/1.0" 301 538 "-" "Mozilla/3.0 (compatible; Indy Library)"
115.72.76.210 - - [16/Oct/2021:20:58:44 +0700] "GET / HTTP/1.0" 301 508 "-" "Mozilla/4.0 (compatible; MSIE 6.0; Windows NT 5.1; SV1; GTB7.5; .NET CLR 2.0.50727; .NET CLR 3.0.4506.2152; .NET CLR 3.5.30729; .NET4.0C; .NET4.0E; AskTbFXTV5/5.15.29.67612)"
115.72.76.210 - - [16/Oct/2021:20:58:50 +0700] "GET / HTTP/1.0" 301 508 "-" "Mozilla/4.0 (compatible; MSIE 6.0; Windows NT 5.1; SV1; GTB7.5; .NET CLR 2.0.50727; .NET CLR 3.0.4506.2152; .NET CLR 3.5.30729; .NET4.0C; .NET4.0E; AskTbFXTV5/5.15.29.67612)"
27.65.58.105 - - [16/Oct/2021:21:00:23 +0700] "GET /BlacklistR4.txt HTTP/1.0" 301 538 "-" "Mozilla/3.0 (compatible; Indy Library)"
27.73.78.61 - - [16/Oct/2021:21:00:28 +0700] "GET /BlacklistR4.txt HTTP/1.0" 301 538 "-" "Mozilla/3.0 (compatible; Indy Library)"
27.73.78.61 - - [16/Oct/2021:21:00:29 +0700] "GET /BlacklistR4.txt HTTP/1.0" 301 538 "-" "Mozilla/3.0 (compatible; Indy Library)"
115.72.76.210 - - [16/Oct/2021:21:00:57 +0700] "GET / HTTP/1.0" 301 508 "-" "Mozilla/4.0 (compatible; MSIE 6.0; Windows NT 5.1; SV1; GTB7.5; .NET CLR 2.0.50727; .NET CLR 3.0.4506.2152; .NET CLR 3.5.30729; .NET4.0C; .NET4.0E; AskTbFXTV5/5.15.29.67612)"
14.175.1.97 - - [16/Oct/2021:21:01:06 +0700] "GET /BlacklistR4.txt HTTP/1.0" 301 538 "-" "Mozilla/3.0 (compatible; Indy Library)"
115.72.76.210 - - [16/Oct/2021:21:01:54 +0700] "GET / HTTP/1.0" 301 508 "-" "Mozilla/4.0 (compatible; MSIE 6.0; Windows NT 5.1; SV1; GTB7.5; .NET CLR 2.0.50727; .NET CLR 3.0.4506.2152; .NET CLR 3.5.30729; .NET4.0C; .NET4.0E; AskTbFXTV5/5.15.29.67612)"
115.72.76.210 - - [16/Oct/2021:21:02:33 +0700] "GET / HTTP/1.0" 301 508 "-" "Mozilla/4.0 (compatible; MSIE 6.0; Windows NT 5.1; SV1; GTB7.5; .NET CLR 2.0.50727; .NET CLR 3.0.4506.2152; .NET CLR 3.5.30729; .NET4.0C; .NET4.0E; AskTbFXTV5/5.15.29.67612)"
115.72.76.210 - - [16/Oct/2021:21:02:58 +0700] "GET / HTTP/1.0" 301 508 "-" "Mozilla/4.0 (compatible; MSIE 6.0; Windows NT 5.1; SV1; GTB7.5; .NET CLR 2.0.50727; .NET CLR 3.0.4506.2152; .NET CLR 3.5.30729; .NET4.0C; .NET4.0E; AskTbFXTV5/5.15.29.67612)"
115.72.76.210 - - [16/Oct/2021:21:06:05 +0700] "GET / HTTP/1.0" 301 508 "-" "Mozilla/4.0 (compatible; MSIE 6.0; Windows NT 5.1; SV1; GTB7.5; .NET CLR 2.0.50727; .NET CLR 3.0.4506.2152; .NET CLR 3.5.30729; .NET4.0C; .NET4.0E; AskTbFXTV5/5.15.29.67612)"
115.72.76.210 - - [16/Oct/2021:21:06:34 +0700] "GET / HTTP/1.0" 301 508 "-" "Mozilla/4.0 (compatible; MSIE 6.0; Windows NT 5.1; SV1; GTB7.5; .NET CLR 2.0.50727; .NET CLR 3.0.4506.2152; .NET CLR 3.5.30729; .NET4.0C; .NET4.0E; AskTbFXTV5/5.15.29.67612)"
115.72.76.210 - - [16/Oct/2021:21:07:39 +0700] "GET / HTTP/1.0" 301 508 "-" "Mozilla/4.0 (compatible; MSIE 6.0; Windows NT 5.1; SV1; GTB7.5; .NET CLR 2.0.50727; .NET CLR 3.0.4506.2152; .NET CLR 3.5.30729; .NET4.0C; .NET4.0E; AskTbFXTV5/5.15.29.67612)"
27.73.78.61 - - [16/Oct/2021:21:07:46 +0700] "GET /BlacklistR4.txt HTTP/1.0" 301 538 "-" "Mozilla/3.0 (compatible; Indy Library)"
27.73.78.61 - - [16/Oct/2021:21:07:47 +0700] "GET /BlacklistR4.txt HTTP/1.0" 301 538 "-" "Mozilla/3.0 (compatible; Indy Library)"
115.72.76.210 - - [16/Oct/2021:21:08:08 +0700] "GET / HTTP/1.0" 301 508 "-" "Mozilla/4.0 (compatible; MSIE 6.0; Windows NT 5.1; SV1; GTB7.5; .NET CLR 2.0.50727; .NET CLR 3.0.4506.2152; .NET CLR 3.5.30729; .NET4.0C; .NET4.0E; AskTbFXTV5/5.15.29.67612)"
115.72.76.210 - - [16/Oct/2021:21:10:49 +0700] "GET / HTTP/1.0" 301 508 "-" "Mozilla/4.0 (compatible; MSIE 6.0; Windows NT 5.1; SV1; GTB7.5; .NET CLR 2.0.50727; .NET CLR 3.0.4506.2152; .NET CLR 3.5.30729; .NET4.0C; .NET4.0E; AskTbFXTV5/5.15.29.67612)"
