157.55.39.30 - - [16/Oct/2021:03:58:40 +0700] "GET /products.html?ungdung=work-structure&hangsx=prokon-software-consultants&loaisp=devices HTTP/1.0" 200 13600 "-" "Mozilla/5.0 (compatible; bingbot/2.0; +http://www.bing.com/bingbot.htm)"
40.77.167.48 - - [16/Oct/2021:03:59:02 +0700] "GET /products.html?linhvuc=dau-khi&hangsx=breeze-usa&ungdung=construction-cost-estimates&loaisp=devices HTTP/1.0" 200 13637 "-" "Mozilla/5.0 (compatible; bingbot/2.0; +http://www.bing.com/bingbot.htm)"
207.46.13.106 - - [16/Oct/2021:03:59:16 +0700] "GET /products.html?hangsx=apvan-den-berg-netherlands HTTP/1.0" 200 13510 "-" "Mozilla/5.0 (compatible; bingbot/2.0; +http://www.bing.com/bingbot.htm)"
40.77.167.59 - - [16/Oct/2021:03:59:20 +0700] "GET /san-pham.html?linhvuc=giao-duc-dao-tao&hangsx=flaretot&ungdung=ung-dung-khac HTTP/1.0" 200 16033 "-" "Mozilla/5.0 (compatible; bingbot/2.0; +http://www.bing.com/bingbot.htm)"
40.77.167.59 - - [16/Oct/2021:03:59:22 +0700] "GET /san-pham.html?loaisp=khac&hangsx=aqsystem&linhvuc=thuy-loi&ungdung=thi-nghiem-dien HTTP/1.0" 200 16062 "-" "Mozilla/5.0 (compatible; bingbot/2.0; +http://www.bing.com/bingbot.htm)"
157.55.39.164 - - [16/Oct/2021:03:59:26 +0700] "GET / HTTP/1.0" 200 11168 "-" "Mozilla/5.0 (compatible; bingbot/2.0; +http://www.bing.com/bingbot.htm)"
66.249.79.110 - - [16/Oct/2021:04:00:45 +0700] "GET /article/cic-trung-goi-thau-mua-moi-bo-thiet-bi-phat-hien-som-dong-tham-tap-trung-cua-truong-dai-hoc HTTP/1.0" 404 775 "-" "Mozilla/5.0 (compatible; Googlebot/2.1; +http://www.google.com/bot.html)"
114.119.148.102 - - [16/Oct/2021:04:00:52 +0700] "GET /products/phan-mem-calroads-view-pe131.html HTTP/1.0" 200 14476 "-" "Mozilla/5.0 (Linux; Android 7.0;) AppleWebKit/537.36 (KHTML, like Gecko) Mobile Safari/537.36 (compatible; PetalBot;+https://webmaster.petalsearch.com/site/petalbot)"
157.55.39.164 - - [16/Oct/2021:04:02:08 +0700] "GET /products.html?loaisp=softwares&hangsx=aspentech HTTP/1.0" 200 13551 "-" "Mozilla/5.0 (compatible; bingbot/2.0; +http://www.bing.com/bingbot.htm)"
157.55.39.30 - - [16/Oct/2021:04:02:19 +0700] "GET /products/phan-mem-picady-pe150.html HTTP/1.0" 200 11319 "-" "Mozilla/5.0 (compatible; bingbot/2.0; +http://www.bing.com/bingbot.htm)"
66.249.79.106 - - [16/Oct/2021:04:02:22 +0700] "GET /products.html?hangsx=geonor-norway&linhvuc=moi-truong&ungdung=unit-price-work-construction-price-index HTTP/1.0" 200 13620 "-" "Mozilla/5.0 (Linux; Android 6.0.1; Nexus 5X Build/MMB29P) AppleWebKit/537.36 (KHTML, like Gecko) Chrome/94.0.4606.71 Mobile Safari/537.36 (compatible; Googlebot/2.1; +http://www.google.com/bot.html)"
40.77.167.48 - - [16/Oct/2021:04:04:32 +0700] "GET /upload_images/images/z2068837147150_6217c43605a0ea72a51ad1444c1b61fb.jpg HTTP/1.0" 200 521 "-" "Mozilla/5.0 (compatible; bingbot/2.0; +http://www.bing.com/bingbot.htm)"
173.252.83.7 - - [16/Oct/2021:04:07:32 +0700] "GET /images/news/2021/10/large/geosig-1_1633318540.jpg HTTP/1.0" 200 498 "-" "facebookexternalhit/1.1 (+http://www.facebook.com/externalhit_uatext.php)"
87.250.224.19 - - [16/Oct/2021:04:07:38 +0700] "GET /robots.txt HTTP/1.0" 200 528 "-" "Mozilla/5.0 (compatible; YandexBot/3.0; +http://yandex.com/bots)"
66.249.79.110 - - [16/Oct/2021:04:09:03 +0700] "GET /tin-tuc.html HTTP/1.0" 200 29481 "-" "Mozilla/5.0 (compatible; Googlebot/2.1; +http://www.google.com/bot.html)"
66.249.79.108 - - [16/Oct/2021:04:09:14 +0700] "GET /modules/news/assets/css/tintuc.css HTTP/1.0" 200 481 "https://www.cic.com.vn/tin-tuc.html" "Mozilla/5.0 AppleWebKit/537.36 (KHTML, like Gecko; compatible; Googlebot/2.1; +http://www.google.com/bot.html) Safari/537.36"
40.77.167.48 - - [16/Oct/2021:04:09:26 +0700] "GET /products.html?linhvuc=dau-khi&hangsx=bentley-systems-incorporated&ungdung=geotechnics HTTP/1.0" 200 13622 "-" "Mozilla/5.0 (compatible; bingbot/2.0; +http://www.bing.com/bingbot.htm)"
157.55.39.164 - - [16/Oct/2021:04:09:30 +0700] "GET /products.html?loaisp=softwares&hangsx=studio-prof-marchetti-italia&linhvuc=thuy-loi&ungdung=others HTTP/1.0" 200 13628 "-" "Mozilla/5.0 (compatible; bingbot/2.0; +http://www.bing.com/bingbot.htm)"
87.250.224.19 - - [16/Oct/2021:04:10:30 +0700] "GET /robots.txt HTTP/1.0" 200 528 "-" "Mozilla/5.0 (compatible; YandexBot/3.0; +http://yandex.com/bots)"
141.8.142.73 - - [16/Oct/2021:04:10:34 +0700] "GET /escon8/Pictures/GioiThieuWebCIC/clip_image048.jpg HTTP/1.0" 404 725 "-" "Mozilla/5.0 (compatible; YandexImages/3.0; +http://yandex.com/bots)"
207.46.13.106 - - [16/Oct/2021:04:12:06 +0700] "GET /products.html?loaisp=devices&hangsx=bentley-systems-incorporated&linhvuc=co-khi-che-tao&ungdung=du-toan-cong-trinh HTTP/1.0" 200 13641 "-" "Mozilla/5.0 (compatible; bingbot/2.0; +http://www.bing.com/bingbot.htm)"
66.249.79.106 - - [16/Oct/2021:04:12:20 +0700] "GET /hop-dong-hoan-thanh-ban-giao-32-thiet-bi-doc-ghi-so-dong-ho-n57.html HTTP/1.0" 200 11858 "-" "Mozilla/5.0 (compatible; Googlebot/2.1; +http://www.google.com/bot.html)"
207.46.13.168 - - [16/Oct/2021:04:12:24 +0700] "GET /san-pham.html?hangsx=csi&linhvuc=co-khi-che-tao&ungdung=thi-nghiem-dien&loaisp=phan-mem HTTP/1.0" 200 16075 "-" "Mozilla/5.0 (compatible; bingbot/2.0; +http://www.bing.com/bingbot.htm)"
66.249.79.106 - - [16/Oct/2021:04:13:11 +0700] "GET /images/products/2019/11/01/original/kiwico_1572578836.jpg HTTP/1.0" 200 506 "-" "Googlebot-Image/1.0"
175.143.194.41 - - [16/Oct/2021:04:15:40 +0700] "GET / HTTP/1.0" 200 11115 "https://www.cic.com.vn/" "Mozilla/5.0 (Windows NT 10.0; Win64; x64) AppleWebKit/537.36 (KHTML, like Gecko) Chrome/94.0.4606.81 Safari/537.36"
175.143.194.41 - - [16/Oct/2021:04:15:42 +0700] "GET /images/favicon.ico HTTP/1.0" 200 481 "https://www.cic.com.vn/" "Mozilla/5.0 (Windows NT 10.0; Win64; x64) AppleWebKit/537.36 (KHTML, like Gecko) Chrome/94.0.4606.81 Safari/537.36"
216.244.66.243 - - [16/Oct/2021:04:15:56 +0700] "GET /robots.txt HTTP/1.0" 200 528 "-" "Mozilla/5.0 (compatible; DotBot/1.2; +https://opensiteexplorer.org/dotbot; help@moz.com)"
157.55.39.30 - - [16/Oct/2021:04:16:22 +0700] "GET /san-pham.html?linhvuc=giao-duc-dao-tao&hangsx=geoservey&ungdung=thi-nghiem-dien HTTP/1.0" 200 16042 "-" "Mozilla/5.0 (compatible; bingbot/2.0; +http://www.bing.com/bingbot.htm)"
114.119.148.0 - - [16/Oct/2021:04:19:17 +0700] "GET /node/1021/dat-mua HTTP/1.0" 301 2119 "-" "Mozilla/5.0 (Linux; Android 7.0;) AppleWebKit/537.36 (KHTML, like Gecko) Mobile Safari/537.36 (compatible; PetalBot;+https://webmaster.petalsearch.com/site/petalbot)"
114.119.148.0 - - [16/Oct/2021:04:19:21 +0700] "GET /node/1021/dat-mua HTTP/1.0" 404 693 "-" "Mozilla/5.0 (Linux; Android 7.0;) AppleWebKit/537.36 (KHTML, like Gecko) Mobile Safari/537.36 (compatible; PetalBot;+https://webmaster.petalsearch.com/site/petalbot)"
13.66.139.0 - - [16/Oct/2021:04:19:27 +0700] "GET /article/thong-cao-bao-chi-hoi-thao-autodesk-lam-it-hon-va-duoc-nhieu-hon-voi-voi-suc-manh-cua-bim?page=3 HTTP/1.0" 404 773 "-" "Mozilla/5.0 (compatible; bingbot/2.0; +http://www.bing.com/bingbot.htm)"
216.244.66.243 - - [16/Oct/2021:04:19:29 +0700] "GET /?page=kritikal-solution HTTP/1.0" 200 71775 "-" "Mozilla/5.0 (compatible; DotBot/1.2; +https://opensiteexplorer.org/dotbot; help@moz.com)"
216.244.66.243 - - [16/Oct/2021:04:19:34 +0700] "GET /?page=gioi-thieu-chung-2 HTTP/1.0" 200 71778 "-" "Mozilla/5.0 (compatible; DotBot/1.2; +https://opensiteexplorer.org/dotbot; help@moz.com)"
54.87.113.49 - - [16/Oct/2021:04:20:45 +0700] "GET /download/PMXD/Escon/Escon60FullSetup.exe HTTP/1.0" 200 503 "-" "Mozilla/5.0 (Macintosh; Intel Mac OS X 10_10_5) AppleWebKit/537.36 (KHTML, like Gecko) Chrome/52.0.2743.116 Safari/537.36"
54.87.113.49 - - [16/Oct/2021:04:20:45 +0700] "GET /download/PMXD/Full/Sumac3.1.0.2208FullSetup.exe HTTP/1.0" 200 510 "-" "Mozilla/5.0 (Macintosh; Intel Mac OS X 10_10_5) AppleWebKit/537.36 (KHTML, like Gecko) Chrome/52.0.2743.116 Safari/537.36"
157.55.39.30 - - [16/Oct/2021:04:21:10 +0700] "GET /upload_images/images/2020/04/27/2.jpg HTTP/1.0" 200 486 "-" "Mozilla/5.0 (compatible; bingbot/2.0; +http://www.bing.com/bingbot.htm)"
122.167.77.42 - - [16/Oct/2021:04:21:18 +0700] "GET /co-cau-to-chuc-ce2.html HTTP/1.0" 200 7645 "https://www.cic.com.vn/co-cau-to-chuc-ce2.html" "Mozilla/5.0 (Windows NT 10.0; Win64; x64) AppleWebKit/537.36 (KHTML, like Gecko) Chrome/94.0.4606.81 Safari/537.36"
122.167.77.42 - - [16/Oct/2021:04:21:20 +0700] "GET /images/favicon.ico HTTP/1.0" 200 481 "https://www.cic.com.vn/co-cau-to-chuc-ce2.html" "Mozilla/5.0 (Windows NT 10.0; Win64; x64) AppleWebKit/537.36 (KHTML, like Gecko) Chrome/94.0.4606.81 Safari/537.36"
216.244.66.243 - - [16/Oct/2021:04:22:29 +0700] "GET /?mact=News%2Ccntnt01%2Cdetail%2C0&cntnt01articleid=158&cntnt01returnid=56 HTTP/1.0" 200 73158 "-" "Mozilla/5.0 (compatible; DotBot/1.2; +https://opensiteexplorer.org/dotbot; help@moz.com)"
216.244.66.243 - - [16/Oct/2021:04:22:36 +0700] "GET /?mact=News%2Ccntnt01%2Cdetail%2C0&cntnt01articleid=252&cntnt01returnid=92 HTTP/1.0" 200 71816 "-" "Mozilla/5.0 (compatible; DotBot/1.2; +https://opensiteexplorer.org/dotbot; help@moz.com)"
207.46.13.106 - - [16/Oct/2021:04:23:46 +0700] "GET /san-pham.html?hangsx=fine-spol-s-ro&linhvuc=giao-duc-dao-tao&ungdung=don-gia-chi-so-gia-xay-dung-cong-trinh HTTP/1.0" 200 16076 "-" "Mozilla/5.0 (compatible; bingbot/2.0; +http://www.bing.com/bingbot.htm)"
207.46.13.106 - - [16/Oct/2021:04:23:47 +0700] "GET /en/node/1291/dat-mua HTTP/1.0" 301 743 "-" "Mozilla/5.0 (compatible; bingbot/2.0; +http://www.bing.com/bingbot.htm)"
40.77.167.59 - - [16/Oct/2021:04:23:58 +0700] "GET /products.html?loaisp=softwares&hangsx=studio-prof-marchetti-italia&ungdung=geophysics HTTP/1.0" 200 13597 "-" "Mozilla/5.0 (compatible; bingbot/2.0; +http://www.bing.com/bingbot.htm)"
114.119.148.106 - - [16/Oct/2021:04:24:31 +0700] "GET /vinasas-phan-mem-tinh-toan-thiet-ke-khung-hon-hop-1-p58.html HTTP/1.0" 301 839 "-" "Mozilla/5.0 (Linux; Android 7.0;) AppleWebKit/537.36 (KHTML, like Gecko) Mobile Safari/537.36 (compatible; PetalBot;+https://webmaster.petalsearch.com/site/petalbot)"
13.66.139.0 - - [16/Oct/2021:04:25:26 +0700] "GET /products.html?loaisp=devices&hangsx=dnv&linhvuc=co-khi-che-tao HTTP/1.0" 200 13606 "-" "Mozilla/5.0 (compatible; bingbot/2.0; +http://www.bing.com/bingbot.htm)"
157.55.39.164 - - [16/Oct/2021:04:25:36 +0700] "GET /products.html?loaisp=devices&hangsx=adapt-corporation&linhvuc=giao-thong&ungdung=unit-price-work-construction-price-index HTTP/1.0" 200 13635 "-" "Mozilla/5.0 (compatible; bingbot/2.0; +http://www.bing.com/bingbot.htm)"
114.119.148.102 - - [16/Oct/2021:04:26:05 +0700] "GET /gia-nhan-cong-ca-may-va-thiet-bi-thi-cong-131-sxd-hung-yen-2020-moi-nhat-n375.html HTTP/1.0" 200 14886 "-" "Mozilla/5.0 (Linux; Android 7.0;) AppleWebKit/537.36 (KHTML, like Gecko) Mobile Safari/537.36 (compatible; PetalBot;+https://webmaster.petalsearch.com/site/petalbot)"
157.55.39.126 - - [16/Oct/2021:04:26:33 +0700] "GET /products.html?linhvuc=giao-duc-dao-tao&hangsx=bentley-systems-incorporated&ungdung=don-gia-chi-so-gia-xay-dung-cong-trinh&loaisp=softwares HTTP/1.0" 200 13654 "-" "Mozilla/5.0 (compatible; bingbot/2.0; +http://www.bing.com/bingbot.htm)"
157.55.39.126 - - [16/Oct/2021:04:27:18 +0700] "GET /ky-hop-dong-cung-cap-thiet-bi-tham-do-dia-chan-24-kenh-model-n99.html HTTP/1.0" 200 11532 "-" "Mozilla/5.0 (compatible; bingbot/2.0; +http://www.bing.com/bingbot.htm)"
207.46.13.52 - - [16/Oct/2021:04:27:51 +0700] "GET /products.html?linhvuc=dau-khi&hangsx=autodesk&ungdung=ket-cau-cong-trinh HTTP/1.0" 200 17550 "-" "Mozilla/5.0 (compatible; bingbot/2.0; +http://www.bing.com/bingbot.htm)"
40.77.167.48 - - [16/Oct/2021:04:28:09 +0700] "GET /products.html?hangsx=lake-environmental-canada-&ungdung=don-gia-chi-so-gia-xay-dung-cong-trinh HTTP/1.0" 200 13591 "-" "Mozilla/5.0 (compatible; bingbot/2.0; +http://www.bing.com/bingbot.htm)"
66.249.79.106 - - [16/Oct/2021:04:28:30 +0700] "GET /tuyen-dung-kien-truc-su-n29.html HTTP/1.0" 200 11065 "-" "Mozilla/5.0 (compatible; Googlebot/2.1; +http://www.google.com/bot.html)"
207.46.13.106 - - [16/Oct/2021:04:29:06 +0700] "GET /products.html?loaisp=devices&hangsx=edc-usa&linhvuc=co-khi-che-tao HTTP/1.0" 200 13609 "-" "Mozilla/5.0 (compatible; bingbot/2.0; +http://www.bing.com/bingbot.htm)"
40.77.167.59 - - [16/Oct/2021:04:29:33 +0700] "GET /san-pham.html?hangsx=kritikal-an-do&ungdung=thi-nghiem-dien HTTP/1.0" 200 15948 "-" "Mozilla/5.0 (compatible; bingbot/2.0; +http://www.bing.com/bingbot.htm)"
87.250.224.97 - - [16/Oct/2021:04:30:18 +0700] "GET /escon8/Pictures/GioiThieuWebCIC/clip_image048.jpg HTTP/1.0" 404 725 "-" "Mozilla/5.0 (compatible; YandexImages/3.0; +http://yandex.com/bots)"
40.77.167.48 - - [16/Oct/2021:04:31:13 +0700] "GET /products.html?linhvuc=giao-duc-dao-tao&hangsx=aspentech&ungdung=others&loaisp=softwares HTTP/1.0" 200 13627 "-" "Mozilla/5.0 (compatible; bingbot/2.0; +http://www.bing.com/bingbot.htm)"
157.55.39.164 - - [16/Oct/2021:04:31:21 +0700] "GET /products.html?loaisp=others&hangsx=savoy&linhvuc=xay-dung&ungdung=don-gia-chi-so-gia-xay-dung-cong-trinh HTTP/1.0" 200 13642 "-" "Mozilla/5.0 (compatible; bingbot/2.0; +http://www.bing.com/bingbot.htm)"
207.46.13.52 - - [16/Oct/2021:04:31:34 +0700] "GET /products.html?loaisp=devices&hangsx=trimble&linhvuc=thuy-loi&ungdung=du-toan-cong-trinh HTTP/1.0" 200 13631 "-" "Mozilla/5.0 (compatible; bingbot/2.0; +http://www.bing.com/bingbot.htm)"
138.246.253.24 - - [16/Oct/2021:04:31:41 +0700] "GET /robots.txt HTTP/1.0" 200 528 "-" "Mozilla/5.0 (Windows NT 10.0; Win64; x64) AppleWebKit/537.36 (KHTML, like Gecko) Chrome/88.0.4324.146 Safari/537.36"
3.250.202.244 - - [16/Oct/2021:04:32:11 +0700] "GET /rss.xml HTTP/1.0" 200 3972 "-" "Krzana bot"
216.244.66.243 - - [16/Oct/2021:04:32:20 +0700] "GET /?mact=Questions%2Ccntnt01%2Cdefault%2C0&cntnt01category=Nh%C3%B3m%20s%E1%BA%A3n%20ph%E1%BA%A9m%20ph%E1%BA%A7n%20m%E1%BB%81m%20k%E1%BB%B9%20thu%E1%BA%ADt%20X%C3%A2y%20d%E1%BB%B1ng&cntnt01lang=vn_US&cntnt01mode=detailed&cntnt01qid=118&cntnt01returnid=84 HTTP/1.0" 200 72018 "-" "Mozilla/5.0 (compatible; DotBot/1.2; +https://opensiteexplorer.org/dotbot; help@moz.com)"
216.244.66.243 - - [16/Oct/2021:04:32:25 +0700] "GET /?mact=Questions%2Ccntnt01%2Cdefault%2C0&cntnt01category=Nh%C3%B3m%20s%E1%BA%A3n%20ph%E1%BA%A9m%20ph%E1%BA%A7n%20m%E1%BB%81m%20k%E1%BB%B9%20thu%E1%BA%ADt%20X%C3%A2y%20d%E1%BB%B1ng&cntnt01lang=vn_US&cntnt01mode=detailed&cntnt01qid=159&cntnt01returnid=84 HTTP/1.0" 200 71978 "-" "Mozilla/5.0 (compatible; DotBot/1.2; +https://opensiteexplorer.org/dotbot; help@moz.com)"
114.119.148.103 - - [16/Oct/2021:04:34:31 +0700] "GET /san-pham/auto-track-airport-p133.html HTTP/1.0" 200 13786 "-" "Mozilla/5.0 (Linux; Android 7.0;) AppleWebKit/537.36 (KHTML, like Gecko) Mobile Safari/537.36 (compatible; PetalBot;+https://webmaster.petalsearch.com/site/petalbot)"
77.75.79.62 - - [16/Oct/2021:04:36:09 +0700] "GET /robots.txt HTTP/1.0" 200 528 "-" "Mozilla/5.0 (compatible; SeznamBot/3.2; +http://napoveda.seznam.cz/en/seznambot-intro/)"
66.249.79.106 - - [16/Oct/2021:04:38:01 +0700] "GET /products.html?ungdung=work-structure&hangsx=dnv-gl&linhvuc=xay-dung&loaisp=others HTTP/1.0" 200 13630 "-" "Mozilla/5.0 (Linux; Android 6.0.1; Nexus 5X Build/MMB29P) AppleWebKit/537.36 (KHTML, like Gecko) Chrome/94.0.4606.71 Mobile Safari/537.36 (compatible; Googlebot/2.1; +http://www.google.com/bot.html)"
40.77.167.48 - - [16/Oct/2021:04:39:13 +0700] "GET /products/cictkt-pe206.html HTTP/1.0" 200 21523 "-" "Mozilla/5.0 (compatible; bingbot/2.0; +http://www.bing.com/bingbot.htm)"
13.66.139.0 - - [16/Oct/2021:04:41:59 +0700] "GET /san-pham.html?hangsx=geoscanner&linhvuc=thuy-loi&ungdung=mo-phong-dau-khi&loaisp=thiet-bi HTTP/1.0" 200 16070 "-" "Mozilla/5.0 (compatible; bingbot/2.0; +http://www.bing.com/bingbot.htm)"
40.77.167.48 - - [16/Oct/2021:04:42:53 +0700] "GET /san-pham/28 HTTP/1.0" 404 687 "-" "Mozilla/5.0 (compatible; bingbot/2.0; +http://www.bing.com/bingbot.htm)"
157.55.39.40 - - [16/Oct/2021:04:43:13 +0700] "GET /products.html?hangsx=lrm-poland&linhvuc=co-khi-che-tao&ungdung=mo-phong-dau-khi&loaisp=others HTTP/1.0" 200 13638 "-" "Mozilla/5.0 (compatible; bingbot/2.0; +http://www.bing.com/bingbot.htm)"
94.134.178.62 - - [16/Oct/2021:04:43:23 +0700] "GET / HTTP/1.0" 301 703 "https://cic.com.vn" "Mozilla/5.0 (Windows NT 6.3; Win64; x64) AppleWebKit/537.36 (KHTML, like Gecko) Chrome/65.0.3325.181 Safari/537.36 Romash218922romash"
94.134.178.62 - - [16/Oct/2021:04:43:38 +0700] "GET / HTTP/1.0" 200 11135 "https://cic.com.vn" "Mozilla/5.0 (Windows NT 6.3; Win64; x64) AppleWebKit/537.36 (KHTML, like Gecko) Chrome/65.0.3325.181 Safari/537.36 Romash218922romash"
94.134.178.62 - - [16/Oct/2021:04:43:45 +0700] "GET /hoi-thao-truc-tuyen-voi-chu-de-cac-giai-phap-chuyen-doi-so-trong-kinh-doanh-noi-that-va-vat-lieu-xay-dung%E2%80%99%E2%80%99-n517.html HTTP/1.0" 200 12195 "https://www.cic.com.vn/" "Mozilla/5.0 (Windows NT 6.3; Win64; x64) AppleWebKit/537.36 (KHTML, like Gecko) Chrome/65.0.3325.181 Safari/537.36 Romash218922romash"
175.143.194.41 - - [16/Oct/2021:04:45:42 +0700] "GET / HTTP/1.0" 200 11086 "https://www.cic.com.vn/" "Mozilla/5.0 (Windows NT 10.0; Win64; x64) AppleWebKit/537.36 (KHTML, like Gecko) Chrome/94.0.4606.81 Safari/537.36"
175.143.194.41 - - [16/Oct/2021:04:45:44 +0700] "GET /images/favicon.ico HTTP/1.0" 200 481 "https://www.cic.com.vn/" "Mozilla/5.0 (Windows NT 10.0; Win64; x64) AppleWebKit/537.36 (KHTML, like Gecko) Chrome/94.0.4606.81 Safari/537.36"
173.252.83.9 - - [16/Oct/2021:04:47:38 +0700] "GET /thu-moi-tham-du-hoi-thao-truc-tuyen:-ung-dung-phan-mem-ptv-trong-mo-phong-giao-thong-tai-viet-nam-n508.html HTTP/1.0" 206 12500 "-" "facebookexternalhit/1.1 (+http://www.facebook.com/externalhit_uatext.php)"
66.249.79.106 - - [16/Oct/2021:04:47:55 +0700] "GET / HTTP/1.0" 200 11198 "-" "Mozilla/5.0 (compatible; Googlebot/2.1; +http://www.google.com/bot.html)"
66.249.79.110 - - [16/Oct/2021:04:48:37 +0700] "GET /chuong-trinh-khuyen-mai-chao-mung-ngay-giai-phong-mien-nam-304-quoc-te-lao-dong-15-n25.html HTTP/1.0" 200 10395 "-" "Mozilla/5.0 (Linux; Android 6.0.1; Nexus 5X Build/MMB29P) AppleWebKit/537.36 (KHTML, like Gecko) Chrome/94.0.4606.71 Mobile Safari/537.36 (compatible; Googlebot/2.1; +http://www.google.com/bot.html)"
40.77.167.59 - - [16/Oct/2021:04:48:47 +0700] "GET /san-pham.html?linhvuc=giao-duc-dao-tao&hangsx=apvan-den-berg-ha-lan&ungdung=don-gia-chi-so-gia-xay-dung-cong-trinh&loaisp=phan-mem HTTP/1.0" 200 16116 "-" "Mozilla/5.0 (compatible; bingbot/2.0; +http://www.bing.com/bingbot.htm)"
157.55.39.126 - - [16/Oct/2021:04:48:51 +0700] "GET /products.html?linhvuc=giao-duc-dao-tao&hangsx=csi&ungdung=geotechnics HTTP/1.0" 200 13617 "-" "Mozilla/5.0 (compatible; bingbot/2.0; +http://www.bing.com/bingbot.htm)"
114.119.148.103 - - [16/Oct/2021:04:49:09 +0700] "GET /download/774/1406 HTTP/1.0" 301 737 "-" "Mozilla/5.0 (Linux; Android 7.0;) AppleWebKit/537.36 (KHTML, like Gecko) Mobile Safari/537.36 (compatible; PetalBot;+https://webmaster.petalsearch.com/site/petalbot)"
114.119.148.103 - - [16/Oct/2021:04:49:14 +0700] "GET /download/774/1406 HTTP/1.0" 404 693 "-" "Mozilla/5.0 (Linux; Android 7.0;) AppleWebKit/537.36 (KHTML, like Gecko) Mobile Safari/537.36 (compatible; PetalBot;+https://webmaster.petalsearch.com/site/petalbot)"
157.55.39.30 - - [16/Oct/2021:04:49:14 +0700] "GET /san-pham.html?ungdung=mo-phong-dau-khi&hangsx=ersted&linhvuc=moi-truong HTTP/1.0" 200 16020 "-" "Mozilla/5.0 (compatible; bingbot/2.0; +http://www.bing.com/bingbot.htm)"
157.55.39.40 - - [16/Oct/2021:04:49:33 +0700] "GET /images/products/2021/05/04/original/vipa2png_1620118543.png HTTP/1.0" 200 507 "-" "Mozilla/5.0 (compatible; bingbot/2.0; +http://www.bing.com/bingbot.htm)"
34.127.51.127 - - [16/Oct/2021:04:50:00 +0700] "GET / HTTP/1.0" 301 703 "-" "Mozilla/5.0 (Windows NT 10.0; Win64; x64; rv:79.0) Gecko/20100101 Firefox/79.0"
34.127.51.127 - - [16/Oct/2021:04:50:00 +0700] "GET / HTTP/1.0" 200 71715 "-" "Mozilla/5.0 (Windows NT 10.0; Win64; x64; rv:79.0) Gecko/20100101 Firefox/79.0"
114.119.148.106 - - [16/Oct/2021:04:50:36 +0700] "GET /article/hoi-thao-giai-phap-cam-thong-minh-cho-toi-uu-hoa-cat-kim-loai-tam-trong-linh-vuc-hang-hai-va?page=2 HTTP/1.0" 404 776 "-" "Mozilla/5.0 (Linux; Android 7.0;) AppleWebKit/537.36 (KHTML, like Gecko) Mobile Safari/537.36 (compatible; PetalBot;+https://webmaster.petalsearch.com/site/petalbot)"
122.167.77.42 - - [16/Oct/2021:04:51:22 +0700] "GET /co-cau-to-chuc-ce2.html HTTP/1.0" 200 7645 "https://www.cic.com.vn/co-cau-to-chuc-ce2.html" "Mozilla/5.0 (Windows NT 10.0; Win64; x64) AppleWebKit/537.36 (KHTML, like Gecko) Chrome/94.0.4606.81 Safari/537.36"
122.167.77.42 - - [16/Oct/2021:04:51:25 +0700] "GET /images/favicon.ico HTTP/1.0" 200 481 "https://www.cic.com.vn/co-cau-to-chuc-ce2.html" "Mozilla/5.0 (Windows NT 10.0; Win64; x64) AppleWebKit/537.36 (KHTML, like Gecko) Chrome/94.0.4606.81 Safari/537.36"
207.46.13.52 - - [16/Oct/2021:04:51:55 +0700] "GET /products.html?loaisp=devices&hangsx=dsi-usa&linhvuc=dau-khi&ungdung=unit-price-work-construction-price-index HTTP/1.0" 200 8752 "-" "Mozilla/5.0 (compatible; bingbot/2.0; +http://www.bing.com/bingbot.htm)"
157.55.39.126 - - [16/Oct/2021:04:54:54 +0700] "GET /san-pham.html?hangsx=ersted&linhvuc=co-khi-che-tao&ungdung=ung-dung-khac&loaisp=phan-mem HTTP/1.0" 200 16080 "-" "Mozilla/5.0 (compatible; bingbot/2.0; +http://www.bing.com/bingbot.htm)"
114.119.148.103 - - [16/Oct/2021:04:55:24 +0700] "GET /node/1633/dat-mua HTTP/1.0" 404 693 "-" "Mozilla/5.0 (Linux; Android 7.0;) AppleWebKit/537.36 (KHTML, like Gecko) Mobile Safari/537.36 (compatible; PetalBot;+https://webmaster.petalsearch.com/site/petalbot)"
40.77.167.48 - - [16/Oct/2021:04:56:41 +0700] "GET /upload_images/images/2020/04/5.jpg HTTP/1.0" 200 483 "-" "Mozilla/5.0 (compatible; bingbot/2.0; +http://www.bing.com/bingbot.htm)"
40.77.167.48 - - [16/Oct/2021:04:56:51 +0700] "GET /san-pham.html?hangsx=canarina&linhvuc=noi-that-va-vat-lieu-xay-dung&ungdung=don-gia-chi-so-gia-xay-dung-cong-trinh HTTP/1.0" 200 16085 "-" "Mozilla/5.0 (compatible; bingbot/2.0; +http://www.bing.com/bingbot.htm)"
157.55.39.30 - - [16/Oct/2021:04:56:55 +0700] "GET /ung-dung-bim%E2%80%93-allplan-trong-ket-cau-cong-trinh-%E2%80%93-nhung-du-an-thuc-te-mang-lai-hieu-qua-cao-n502.html HTTP/1.0" 200 13098 "-" "Mozilla/5.0 (compatible; bingbot/2.0; +http://www.bing.com/bingbot.htm)"
157.55.39.164 - - [16/Oct/2021:04:57:39 +0700] "GET /products.html?loaisp=integrated-solutions&hangsx=metro&ungdung=construction-cost-estimates HTTP/1.0" 200 13610 "-" "Mozilla/5.0 (compatible; bingbot/2.0; +http://www.bing.com/bingbot.htm)"
157.55.39.40 - - [16/Oct/2021:04:57:55 +0700] "GET /products.html?loaisp=softwares&hangsx=geoservey&ungdung=du-toan-cong-trinh HTTP/1.0" 200 13599 "-" "Mozilla/5.0 (compatible; bingbot/2.0; +http://www.bing.com/bingbot.htm)"
157.55.39.126 - - [16/Oct/2021:04:58:30 +0700] "GET /san-pham.html?loaisp=thiet-bi&hangsx=geotomographie&linhvuc=giao-duc-dao-tao&ungdung=don-gia-chi-so-gia-xay-dung-cong-trinh HTTP/1.0" 200 16109 "-" "Mozilla/5.0 (compatible; bingbot/2.0; +http://www.bing.com/bingbot.htm)"
157.55.39.126 - - [16/Oct/2021:04:58:32 +0700] "GET /en/san-pham/adapt-floor-pro HTTP/1.0" 404 703 "-" "Mozilla/5.0 (compatible; bingbot/2.0; +http://www.bing.com/bingbot.htm)"
157.55.39.30 - - [16/Oct/2021:04:58:53 +0700] "GET /san-pham.html?hangsx=flaretot&linhvuc=noi-that-va-vat-lieu-xay-dung&ungdung=thi-nghiem-dien HTTP/1.0" 200 16071 "-" "Mozilla/5.0 (compatible; bingbot/2.0; +http://www.bing.com/bingbot.htm)"
207.46.13.106 - - [16/Oct/2021:04:59:00 +0700] "GET /san-pham.html?loaisp=phan-mem&hangsx=ansys&linhvuc=co-khi-che-tao&ungdung=bim HTTP/1.0" 200 17432 "-" "Mozilla/5.0 (compatible; bingbot/2.0; +http://www.bing.com/bingbot.htm)"
157.55.39.30 - - [16/Oct/2021:04:59:33 +0700] "GET /products.html?ungdung=work-structure&hangsx=csi&linhvuc=thuy-loi&loaisp=devices HTTP/1.0" 200 13630 "-" "Mozilla/5.0 (compatible; bingbot/2.0; +http://www.bing.com/bingbot.htm)"
207.46.13.106 - - [16/Oct/2021:04:59:52 +0700] "GET /plaxis-2d-pe97.html HTTP/1.0" 404 695 "-" "Mozilla/5.0 (compatible; bingbot/2.0; +http://www.bing.com/bingbot.htm)"
157.55.39.30 - - [16/Oct/2021:05:00:17 +0700] "GET /san-pham.html?loaisp=khac&hangsx=emd-international&linhvuc=giao-duc-dao-tao&ungdung=don-gia-chi-so-gia-xay-dung-cong-trinh HTTP/1.0" 200 16110 "-" "Mozilla/5.0 (compatible; bingbot/2.0; +http://www.bing.com/bingbot.htm)"
40.77.167.59 - - [16/Oct/2021:05:00:37 +0700] "GET /products.html?linhvuc=moi-truong&hangsx=lake-environmental-canada-&ungdung=don-gia-chi-so-gia-xay-dung-cong-trinh HTTP/1.0" 200 15011 "-" "Mozilla/5.0 (compatible; bingbot/2.0; +http://www.bing.com/bingbot.htm)"
216.244.66.243 - - [16/Oct/2021:05:00:55 +0700] "GET /robots.txt HTTP/1.0" 200 528 "-" "Mozilla/5.0 (compatible; DotBot/1.2; +https://opensiteexplorer.org/dotbot; help@moz.com)"
173.252.83.120 - - [16/Oct/2021:05:01:17 +0700] "GET /images/news/2021/09/large/hoi-thao-hcm_1631008195.jpg HTTP/1.0" 200 502 "-" "facebookexternalhit/1.1 (+http://www.facebook.com/externalhit_uatext.php)"
207.46.13.106 - - [16/Oct/2021:05:01:22 +0700] "GET /products.html?ungdung=work-structure&hangsx=rps-usa&loaisp=giai-phap-tich-hop HTTP/1.0" 200 13604 "-" "Mozilla/5.0 (compatible; bingbot/2.0; +http://www.bing.com/bingbot.htm)"
157.55.39.164 - - [16/Oct/2021:05:01:41 +0700] "GET /products.html?loaisp=integrated-solutions&hangsx=cic&linhvuc=co-khi-che-tao&ungdung=work-structure HTTP/1.0" 200 13643 "-" "Mozilla/5.0 (compatible; bingbot/2.0; +http://www.bing.com/bingbot.htm)"
114.119.148.103 - - [16/Oct/2021:05:03:08 +0700] "GET /article/nhan-rong-trien-khai-giai-phap-su-dung-thiet-bi-cam-tay-pdahandheld-dt-x8-10e-ghi-doc-chi-so?page=3 HTTP/1.0" 404 776 "-" "Mozilla/5.0 (Linux; Android 7.0;) AppleWebKit/537.36 (KHTML, like Gecko) Mobile Safari/537.36 (compatible; PetalBot;+https://webmaster.petalsearch.com/site/petalbot)"
216.244.66.243 - - [16/Oct/2021:05:04:46 +0700] "GET /?page=mapinfo-professional HTTP/1.0" 200 71689 "-" "Mozilla/5.0 (compatible; DotBot/1.2; +https://opensiteexplorer.org/dotbot; help@moz.com)"
216.244.66.243 - - [16/Oct/2021:05:04:53 +0700] "GET /?page=ptv-vissim-software HTTP/1.0" 200 71723 "-" "Mozilla/5.0 (compatible; DotBot/1.2; +https://opensiteexplorer.org/dotbot; help@moz.com)"
66.249.79.106 - - [16/Oct/2021:05:07:20 +0700] "GET / HTTP/1.0" 200 11137 "-" "Mozilla/5.0 (Linux; Android 6.0.1; Nexus 5X Build/MMB29P) AppleWebKit/537.36 (KHTML, like Gecko) Chrome/94.0.4606.81 Mobile Safari/537.36 (compatible; Googlebot/2.1; +http://www.google.com/bot.html)"
216.244.66.243 - - [16/Oct/2021:05:07:56 +0700] "GET /?mact=News%2Ccntnt01%2Cdetail%2C0&cntnt01articleid=267&cntnt01returnid=56 HTTP/1.0" 200 71772 "-" "Mozilla/5.0 (compatible; DotBot/1.2; +https://opensiteexplorer.org/dotbot; help@moz.com)"
216.244.66.243 - - [16/Oct/2021:05:08:01 +0700] "GET /?mact=News%2Ccntnt01%2Cdetail%2C0&cntnt01articleid=320&cntnt01returnid=92 HTTP/1.0" 200 71802 "-" "Mozilla/5.0 (compatible; DotBot/1.2; +https://opensiteexplorer.org/dotbot; help@moz.com)"
216.244.66.243 - - [16/Oct/2021:05:08:12 +0700] "GET /?mact=News%2Ccntnt01%2Cdetail%2C0&cntnt01articleid=96&cntnt01returnid=56 HTTP/1.0" 200 71785 "-" "Mozilla/5.0 (compatible; DotBot/1.2; +https://opensiteexplorer.org/dotbot; help@moz.com)"
207.46.13.168 - - [16/Oct/2021:05:09:02 +0700] "GET /upload_images/images/2020/12/30/2.jpg HTTP/1.0" 200 486 "-" "Mozilla/5.0 (compatible; bingbot/2.0; +http://www.bing.com/bingbot.htm)"
157.55.39.40 - - [16/Oct/2021:05:10:17 +0700] "GET /san-pham.html?loaisp=khac&hangsx=geoslope-international-ltd&linhvuc=thuy-loi&ungdung=thi-nghiem-dien HTTP/1.0" 200 16084 "-" "Mozilla/5.0 (compatible; bingbot/2.0; +http://www.bing.com/bingbot.htm)"
114.119.148.103 - - [16/Oct/2021:05:10:35 +0700] "GET /article/cong-nghe-3d-toi-uu-hoa-cac-nha-may-cu?page=5 HTTP/1.0" 404 722 "-" "Mozilla/5.0 (Linux; Android 7.0;) AppleWebKit/537.36 (KHTML, like Gecko) Mobile Safari/537.36 (compatible; PetalBot;+https://webmaster.petalsearch.com/site/petalbot)"
207.46.13.168 - - [16/Oct/2021:05:10:42 +0700] "GET /products.html?linhvuc=co-khi-che-tao&hangsx=renishaw-uk&ungdung=others HTTP/1.0" 200 13613 "-" "Mozilla/5.0 (compatible; bingbot/2.0; +http://www.bing.com/bingbot.htm)"
87.250.224.19 - - [16/Oct/2021:05:10:46 +0700] "GET /robots.txt HTTP/1.0" 200 528 "-" "Mozilla/5.0 (compatible; YandexBot/3.0; +http://yandex.com/bots)"
87.250.224.19 - - [16/Oct/2021:05:10:49 +0700] "GET /cic-hoan-tat-ban-giao-thiet-bi-cat-canh-hien-truong-h-70-cua-ne115.html HTTP/1.0" 200 10181 "-" "Mozilla/5.0 (compatible; YandexBot/3.0; +http://yandex.com/bots)"
216.244.66.243 - - [16/Oct/2021:05:11:10 +0700] "GET /?mact=News%2Ccntnt01%2Crss&cntnt01showtemplate=false&cntnt01category=&cntnt01number=20&cntnt01returnid=92 HTTP/1.0" 200 73244 "-" "Mozilla/5.0 (compatible; DotBot/1.2; +https://opensiteexplorer.org/dotbot; help@moz.com)"
66.249.79.208 - - [16/Oct/2021:05:11:36 +0700] "GET /uploads/images/RDW/guide/14.png HTTP/1.0" 301 765 "-" "Googlebot-Image/1.0"
66.249.79.106 - - [16/Oct/2021:05:11:38 +0700] "GET /uploads/images/RDW/guide/14.png HTTP/1.0" 200 479 "-" "Googlebot-Image/1.0"
42.112.137.233 - - [16/Oct/2021:05:11:45 +0700] "GET /uploads/images/Sumac/LuoiTamGiac.png HTTP/1.0" 200 484 "https://giaxaydung.vn/" "Mozilla/5.0 (Windows NT 10.0; Win64; x64) AppleWebKit/537.36 (KHTML, like Gecko) Chrome/94.0.4606.81 Safari/537.36"
42.112.137.233 - - [16/Oct/2021:05:11:45 +0700] "GET /uploads/images/Sumac/Bemat3dsumacRender.PNG HTTP/1.0" 200 491 "https://giaxaydung.vn/" "Mozilla/5.0 (Windows NT 10.0; Win64; x64) AppleWebKit/537.36 (KHTML, like Gecko) Chrome/94.0.4606.81 Safari/537.36"
42.112.137.233 - - [16/Oct/2021:05:11:45 +0700] "GET /uploads/images/Sumac/Bemat3dsumac.png HTTP/1.0" 200 485 "https://giaxaydung.vn/" "Mozilla/5.0 (Windows NT 10.0; Win64; x64) AppleWebKit/537.36 (KHTML, like Gecko) Chrome/94.0.4606.81 Safari/537.36"
207.46.13.168 - - [16/Oct/2021:05:11:45 +0700] "GET /products.html?loaisp=integrated-solutions&hangsx=ptv-germany&linhvuc=co-khi-che-tao&ungdung=construction-cost-estimates HTTP/1.0" 200 13659 "-" "Mozilla/5.0 (compatible; bingbot/2.0; +http://www.bing.com/bingbot.htm)"
42.112.137.233 - - [16/Oct/2021:05:11:45 +0700] "GET /uploads/images/Sumac/DDMTuNhien.png HTTP/1.0" 200 483 "https://giaxaydung.vn/" "Mozilla/5.0 (Windows NT 10.0; Win64; x64) AppleWebKit/537.36 (KHTML, like Gecko) Chrome/94.0.4606.81 Safari/537.36"
42.112.137.233 - - [16/Oct/2021:05:11:45 +0700] "GET /uploads/images/Sumac/DDMThietKe1.png HTTP/1.0" 200 484 "https://giaxaydung.vn/" "Mozilla/5.0 (Windows NT 10.0; Win64; x64) AppleWebKit/537.36 (KHTML, like Gecko) Chrome/94.0.4606.81 Safari/537.36"
42.112.137.233 - - [16/Oct/2021:05:11:45 +0700] "GET /uploads/images/Sumac/MatCatDiaHinh.png HTTP/1.0" 200 486 "https://giaxaydung.vn/" "Mozilla/5.0 (Windows NT 10.0; Win64; x64) AppleWebKit/537.36 (KHTML, like Gecko) Chrome/94.0.4606.81 Safari/537.36"
42.112.137.233 - - [16/Oct/2021:05:11:45 +0700] "GET /uploads/images/Sumac/DDMThietKe2.png HTTP/1.0" 200 484 "https://giaxaydung.vn/" "Mozilla/5.0 (Windows NT 10.0; Win64; x64) AppleWebKit/537.36 (KHTML, like Gecko) Chrome/94.0.4606.81 Safari/537.36"
42.112.137.233 - - [16/Oct/2021:05:11:45 +0700] "GET /uploads/images/Sumac/KQSanNen2.png HTTP/1.0" 200 482 "https://giaxaydung.vn/" "Mozilla/5.0 (Windows NT 10.0; Win64; x64) AppleWebKit/537.36 (KHTML, like Gecko) Chrome/94.0.4606.81 Safari/537.36"
42.112.137.233 - - [16/Oct/2021:05:11:45 +0700] "GET /uploads/images/Sumac/KQSanNen1.png HTTP/1.0" 200 482 "https://giaxaydung.vn/" "Mozilla/5.0 (Windows NT 10.0; Win64; x64) AppleWebKit/537.36 (KHTML, like Gecko) Chrome/94.0.4606.81 Safari/537.36"
42.112.137.233 - - [16/Oct/2021:05:11:45 +0700] "GET /uploads/images/Sumac/Taluy1.png HTTP/1.0" 200 479 "https://giaxaydung.vn/" "Mozilla/5.0 (Windows NT 10.0; Win64; x64) AppleWebKit/537.36 (KHTML, like Gecko) Chrome/94.0.4606.81 Safari/537.36"
42.112.137.233 - - [16/Oct/2021:05:11:45 +0700] "GET /uploads/images/Sumac/KQExcel.png HTTP/1.0" 200 480 "https://giaxaydung.vn/" "Mozilla/5.0 (Windows NT 10.0; Win64; x64) AppleWebKit/537.36 (KHTML, like Gecko) Chrome/94.0.4606.81 Safari/537.36"
66.249.79.106 - - [16/Oct/2021:05:11:51 +0700] "GET /products.html?linhvuc=khac&hangsx=ndt-systemsstarmans&ungdung=oil-gas-modelling HTTP/1.0" 200 13617 "-" "Mozilla/5.0 (Linux; Android 6.0.1; Nexus 5X Build/MMB29P) AppleWebKit/537.36 (KHTML, like Gecko) Chrome/94.0.4606.71 Mobile Safari/537.36 (compatible; Googlebot/2.1; +http://www.google.com/bot.html)"
216.244.66.243 - - [16/Oct/2021:05:12:58 +0700] "GET /?mact=News%2Ccntnt01%2Cdetail%2C0&cntnt01articleid=115&cntnt01origid=56&cntnt01returnid=56 HTTP/1.0" 200 71791 "-" "Mozilla/5.0 (compatible; DotBot/1.2; +https://opensiteexplorer.org/dotbot; help@moz.com)"
114.119.148.103 - - [16/Oct/2021:05:13:29 +0700] "GET /kpw-p207.html HTTP/1.0" 301 797 "-" "Mozilla/5.0 (Linux; Android 7.0;) AppleWebKit/537.36 (KHTML, like Gecko) Mobile Safari/537.36 (compatible; PetalBot;+https://webmaster.petalsearch.com/site/petalbot)"
157.55.39.30 - - [16/Oct/2021:05:14:16 +0700] "GET /products.html?loaisp=devices&hangsx=aspentech&linhvuc=khac&ungdung=driver-training HTTP/1.0" 200 13626 "-" "Mozilla/5.0 (compatible; bingbot/2.0; +http://www.bing.com/bingbot.htm)"
157.55.39.126 - - [16/Oct/2021:05:15:09 +0700] "GET /san-pham.html?hangsx=autodesk&linhvuc=giao-duc-dao-tao&ungdung=don-gia-chi-so-gia-xay-dung-cong-trinh&loaisp=thiet-bi HTTP/1.0" 200 16099 "-" "Mozilla/5.0 (compatible; bingbot/2.0; +http://www.bing.com/bingbot.htm)"
175.143.194.41 - - [16/Oct/2021:05:15:44 +0700] "GET / HTTP/1.0" 200 11096 "https://www.cic.com.vn/" "Mozilla/5.0 (Windows NT 10.0; Win64; x64) AppleWebKit/537.36 (KHTML, like Gecko) Chrome/94.0.4606.81 Safari/537.36"
175.143.194.41 - - [16/Oct/2021:05:15:45 +0700] "GET /images/favicon.ico HTTP/1.0" 200 481 "https://www.cic.com.vn/" "Mozilla/5.0 (Windows NT 10.0; Win64; x64) AppleWebKit/537.36 (KHTML, like Gecko) Chrome/94.0.4606.81 Safari/537.36"
207.46.13.168 - - [16/Oct/2021:05:16:13 +0700] "GET /products/adapt-builder-pe196.html HTTP/1.0" 200 16317 "-" "Mozilla/5.0 (compatible; bingbot/2.0; +http://www.bing.com/bingbot.htm)"
77.75.77.17 - - [16/Oct/2021:05:16:19 +0700] "GET /robots.txt HTTP/1.0" 200 528 "-" "Mozilla/5.0 (compatible; SeznamBot/3.2; +http://napoveda.seznam.cz/en/seznambot-intro/)"
207.46.13.106 - - [16/Oct/2021:05:17:40 +0700] "GET /products.html?loaisp=softwares&hangsx=aspentech&linhvuc=giao-thong&ungdung=mo-phong-dau-khi HTTP/1.0" 200 13628 "-" "Mozilla/5.0 (compatible; bingbot/2.0; +http://www.bing.com/bingbot.htm)"
144.76.14.72 - - [16/Oct/2021:05:18:03 +0700] "GET /robots.txt HTTP/1.0" 301 723 "-" "Mozilla/5.0 (Windows NT 10.0; Win64; x64; trendictionbot0.5.0; trendiction search; http://www.trendiction.de/bot; please let us know of any problems; web at trendiction.com) Gecko/20170101 Firefox/67.0"
54.90.103.249 - - [16/Oct/2021:05:18:03 +0700] "GET /download/PMXD/Escon/Escon60FullSetup.exe HTTP/1.0" 301 783 "-" "Mozilla/5.0 (Macintosh; Intel Mac OS X 10_10_5) AppleWebKit/537.36 (KHTML, like Gecko) Chrome/52.0.2743.116 Safari/537.36"
54.90.103.249 - - [16/Oct/2021:05:18:03 +0700] "GET /download/PMXD/Full/Sumac3.1.0.2208FullSetup.exe HTTP/1.0" 301 797 "-" "Mozilla/5.0 (Macintosh; Intel Mac OS X 10_10_5) AppleWebKit/537.36 (KHTML, like Gecko) Chrome/52.0.2743.116 Safari/537.36"
54.90.103.249 - - [16/Oct/2021:05:18:03 +0700] "GET /download/PMXD/stCAD/stCAD42Setup.exe HTTP/1.0" 200 499 "-" "Mozilla/5.0 (Macintosh; Intel Mac OS X 10_10_5) AppleWebKit/537.36 (KHTML, like Gecko) Chrome/52.0.2743.116 Safari/537.36"
54.90.103.249 - - [16/Oct/2021:05:18:04 +0700] "GET /download/PMXD/Escon/Escon60FullSetup.exe HTTP/1.0" 200 503 "-" "Mozilla/5.0 (Macintosh; Intel Mac OS X 10_10_5) AppleWebKit/537.36 (KHTML, like Gecko) Chrome/52.0.2743.116 Safari/537.36"
54.90.103.249 - - [16/Oct/2021:05:18:04 +0700] "GET /download/PMXD/Full/Sumac3.1.0.2208FullSetup.exe HTTP/1.0" 200 1892 "-" "Mozilla/5.0 (Macintosh; Intel Mac OS X 10_10_5) AppleWebKit/537.36 (KHTML, like Gecko) Chrome/52.0.2743.116 Safari/537.36"
144.76.14.72 - - [16/Oct/2021:05:18:06 +0700] "GET /robots.txt HTTP/1.0" 200 528 "https://cic.com.vn/robots.txt" "Mozilla/5.0 (Windows NT 10.0; Win64; x64; trendictionbot0.5.0; trendiction search; http://www.trendiction.de/bot; please let us know of any problems; web at trendiction.com) Gecko/20170101 Firefox/67.0"
157.55.39.40 - - [16/Oct/2021:05:18:39 +0700] "GET /san-pham.html?linhvuc=noi-that-va-vat-lieu-xay-dung&hangsx=dnv-gl&ungdung=don-gia-chi-so-gia-xay-dung-cong-trinh HTTP/1.0" 200 17472 "-" "Mozilla/5.0 (compatible; bingbot/2.0; +http://www.bing.com/bingbot.htm)"
157.55.39.126 - - [16/Oct/2021:05:18:45 +0700] "GET /images/products/2019/11/01/large/7_1572594584_1.png HTTP/1.0" 200 499 "-" "Mozilla/5.0 (compatible; bingbot/2.0; +http://www.bing.com/bingbot.htm)"
66.249.79.106 - - [16/Oct/2021:05:20:24 +0700] "GET /hop-dong-hoan-thanh-ban-giao-32-thiet-bi-doc-ghi-so-dong-ho-n57.html HTTP/1.0" 200 11775 "-" "Mozilla/5.0 (compatible; Googlebot/2.1; +http://www.google.com/bot.html)"
114.119.148.106 - - [16/Oct/2021:05:20:48 +0700] "GET /images/news/2021/04/resized/122_1619679569.jpg HTTP/1.0" 200 495 "-" "Mozilla/5.0 (Linux; Android 7.0;) AppleWebKit/537.36 (KHTML, like Gecko) Mobile Safari/537.36 (compatible; PetalBot;+https://webmaster.petalsearch.com/site/petalbot)"
122.167.77.42 - - [16/Oct/2021:05:21:26 +0700] "GET /co-cau-to-chuc-ce2.html HTTP/1.0" 200 7645 "https://www.cic.com.vn/co-cau-to-chuc-ce2.html" "Mozilla/5.0 (Windows NT 10.0; Win64; x64) AppleWebKit/537.36 (KHTML, like Gecko) Chrome/94.0.4606.81 Safari/537.36"
122.167.77.42 - - [16/Oct/2021:05:21:28 +0700] "GET /images/favicon.ico HTTP/1.0" 200 481 "https://www.cic.com.vn/co-cau-to-chuc-ce2.html" "Mozilla/5.0 (Windows NT 10.0; Win64; x64) AppleWebKit/537.36 (KHTML, like Gecko) Chrome/94.0.4606.81 Safari/537.36"
13.66.139.0 - - [16/Oct/2021:05:21:49 +0700] "GET /products.html?linhvuc=giao-thong&hangsx=plaxis&ungdung=construction-cost-estimates&loaisp=thiet-bi HTTP/1.0" 200 13633 "-" "Mozilla/5.0 (compatible; bingbot/2.0; +http://www.bing.com/bingbot.htm)"
13.66.139.0 - - [16/Oct/2021:05:21:51 +0700] "GET /san-pham.html?hangsx=canarina&linhvuc=dau-khi&ungdung=dao-tao-lai-xe HTTP/1.0" 200 16025 "-" "Mozilla/5.0 (compatible; bingbot/2.0; +http://www.bing.com/bingbot.htm)"
40.77.167.59 - - [16/Oct/2021:05:21:51 +0700] "GET /san-pham.html?linhvuc=noi-that-va-vat-lieu-xay-dung&hangsx=geotechnical-testing-equipment&ungdung=mo-phong-dau-khi HTTP/1.0" 200 16093 "-" "Mozilla/5.0 (compatible; bingbot/2.0; +http://www.bing.com/bingbot.htm)"
87.250.224.19 - - [16/Oct/2021:05:22:43 +0700] "GET /cic-cung-cap-thiet-bi-ghi-dia-chan-48-kenh-summit-x-one-cua-hang-dmt-duc-cho-tong-cong-ty-tu-van-thiet-ke-giao-thong-van-tai-%E2%80%93-ctcp-tedi-n401.html HTTP/1.0" 200 11472 "-" "Mozilla/5.0 (compatible; YandexBot/3.0; +http://yandex.com/bots)"
207.46.13.106 - - [16/Oct/2021:05:23:21 +0700] "GET /products.html?linhvuc=giao-thong&hangsx=geoslope-international-ltd&ungdung=driver-training HTTP/1.0" 200 13613 "-" "Mozilla/5.0 (compatible; bingbot/2.0; +http://www.bing.com/bingbot.htm)"
114.119.148.102 - - [16/Oct/2021:05:23:43 +0700] "GET /metro-p138.html HTTP/1.0" 404 2073 "-" "Mozilla/5.0 (Linux; Android 7.0;) AppleWebKit/537.36 (KHTML, like Gecko) Mobile Safari/537.36 (compatible; PetalBot;+https://webmaster.petalsearch.com/site/petalbot)"
207.46.13.106 - - [16/Oct/2021:05:23:43 +0700] "GET /products.html?hangsx=edc-usa&linhvuc=khac&ungdung=don-gia-chi-so-gia-xay-dung-cong-trinh&loaisp=softwares HTTP/1.0" 200 13642 "-" "Mozilla/5.0 (compatible; bingbot/2.0; +http://www.bing.com/bingbot.htm)"
207.46.13.168 - - [16/Oct/2021:05:24:54 +0700] "GET /products.html?loaisp=integrated-solutions&hangsx=dnv-gl&linhvuc=dau-khi&ungdung=don-gia-chi-so-gia-xay-dung-cong-trinh HTTP/1.0" 200 13660 "-" "Mozilla/5.0 (compatible; bingbot/2.0; +http://www.bing.com/bingbot.htm)"
157.55.39.30 - - [16/Oct/2021:05:25:17 +0700] "GET /products/csi-apps-pe94.html HTTP/1.0" 200 13633 "-" "Mozilla/5.0 (compatible; bingbot/2.0; +http://www.bing.com/bingbot.htm)"
66.249.79.108 - - [16/Oct/2021:05:25:25 +0700] "GET / HTTP/1.0" 200 11163 "-" "Mozilla/5.0 (compatible; Googlebot/2.1; +http://www.google.com/bot.html)"
40.77.167.48 - - [16/Oct/2021:05:26:06 +0700] "GET /san-pham.html?linhvuc=co-khi-che-tao&hangsx=htri&ungdung=mo-phong-dau-khi&loaisp=phan-mem HTTP/1.0" 200 16072 "-" "Mozilla/5.0 (compatible; bingbot/2.0; +http://www.bing.com/bingbot.htm)"
66.249.79.106 - - [16/Oct/2021:05:27:26 +0700] "GET /tuyen-dung-kien-truc-su-n29.html HTTP/1.0" 200 11062 "-" "Mozilla/5.0 (compatible; Googlebot/2.1; +http://www.google.com/bot.html)"
114.119.148.105 - - [16/Oct/2021:05:28:10 +0700] "GET /article/cic-thong-bao-thay-doi-ten-va-mau-dau-cong-ty?page=48 HTTP/1.0" 301 825 "-" "Mozilla/5.0 (Linux; Android 7.0;) AppleWebKit/537.36 (KHTML, like Gecko) Mobile Safari/537.36 (compatible; PetalBot;+https://webmaster.petalsearch.com/site/petalbot)"
114.119.148.105 - - [16/Oct/2021:05:28:14 +0700] "GET /article/cic-thong-bao-thay-doi-ten-va-mau-dau-cong-ty?page=48 HTTP/1.0" 404 729 "-" "Mozilla/5.0 (Linux; Android 7.0;) AppleWebKit/537.36 (KHTML, like Gecko) Mobile Safari/537.36 (compatible; PetalBot;+https://webmaster.petalsearch.com/site/petalbot)"
157.55.39.40 - - [16/Oct/2021:05:30:40 +0700] "GET /san-pham.html?hangsx=geotechnical-testing-equipment&linhvuc=co-khi-che-tao&ungdung=thi-nghiem-dien&loaisp=phan-mem HTTP/1.0" 200 16111 "-" "Mozilla/5.0 (compatible; bingbot/2.0; +http://www.bing.com/bingbot.htm)"
114.119.148.103 - - [16/Oct/2021:05:31:07 +0700] "GET /article/cic-ky-hop-dong-cung-cap-01-thiet-bi-sieu-am-coc-khoan-nhoi-chum-cua-hang-piletest-israel-va?page=3 HTTP/1.0" 404 776 "-" "Mozilla/5.0 (Linux; Android 7.0;) AppleWebKit/537.36 (KHTML, like Gecko) Mobile Safari/537.36 (compatible; PetalBot;+https://webmaster.petalsearch.com/site/petalbot)"
40.77.167.48 - - [16/Oct/2021:05:31:18 +0700] "GET /products.html?ungdung=work-structure&hangsx=zehntner&linhvuc=thuy-loi HTTP/1.0" 200 13611 "-" "Mozilla/5.0 (compatible; bingbot/2.0; +http://www.bing.com/bingbot.htm)"
40.77.167.48 - - [16/Oct/2021:05:31:20 +0700] "GET /san-pham.html?ungdung=ung-dung-khac&hangsx=geotechnical-testing-equipment&loaisp=phan-mem HTTP/1.0" 200 16038 "-" "Mozilla/5.0 (compatible; bingbot/2.0; +http://www.bing.com/bingbot.htm)"
207.46.13.106 - - [16/Oct/2021:05:31:22 +0700] "GET /san-pham.html?loaisp=khac&hangsx=adapt-corporation&linhvuc=thuy-loi&ungdung=ung-dung-khac HTTP/1.0" 200 16061 "-" "Mozilla/5.0 (compatible; bingbot/2.0; +http://www.bing.com/bingbot.htm)"
40.77.167.48 - - [16/Oct/2021:05:32:26 +0700] "GET /san-pham/datakustik-p238.html HTTP/1.0" 200 17366 "-" "Mozilla/5.0 (compatible; bingbot/2.0; +http://www.bing.com/bingbot.htm)"
40.77.167.59 - - [16/Oct/2021:05:33:28 +0700] "GET /san-pham.html?loaisp=phan-mem&hangsx=instantel&linhvuc=moi-truong&ungdung=don-gia-chi-so-gia-xay-dung-cong-trinh HTTP/1.0" 200 17478 "-" "Mozilla/5.0 (compatible; bingbot/2.0; +http://www.bing.com/bingbot.htm)"
59.10.51.39 - - [16/Oct/2021:05:33:46 +0700] "GET /citrix/cgi/Resources/List HTTP/1.0" 301 2135 "https://cic.com.vn/citrix/cgi/Resources/List" "Mozilla/5.0 (Windows NT 10.0; Win64; x64) AppleWebKit/537.36 (KHTML, like Gecko) Chrome/86.0.4240.198 Safari/537.36"
59.10.51.39 - - [16/Oct/2021:05:33:54 +0700] "GET /citrix/cgi/Resources/List HTTP/1.0" 404 701 "https://www.cic.com.vn/citrix/cgi/Resources/List" "Mozilla/5.0 (Windows NT 10.0; Win64; x64) AppleWebKit/537.36 (KHTML, like Gecko) Chrome/86.0.4240.198 Safari/537.36"
66.249.79.106 - - [16/Oct/2021:05:33:56 +0700] "GET /products.html?hangsx=metro&linhvuc=xay-dung&ungdung=work-structure&loaisp=others HTTP/1.0" 200 13626 "-" "Mozilla/5.0 (Linux; Android 6.0.1; Nexus 5X Build/MMB29P) AppleWebKit/537.36 (KHTML, like Gecko) Chrome/94.0.4606.71 Mobile Safari/537.36 (compatible; Googlebot/2.1; +http://www.google.com/bot.html)"
59.10.51.39 - - [16/Oct/2021:05:33:59 +0700] "GET /cgi/Resources/List HTTP/1.0" 301 739 "https://cic.com.vn/cgi/Resources/List" "Mozilla/5.0 (Windows NT 10.0; Win64; x64) AppleWebKit/537.36 (KHTML, like Gecko) Chrome/86.0.4240.198 Safari/537.36"
59.10.51.39 - - [16/Oct/2021:05:34:05 +0700] "GET /cgi/Resources/List HTTP/1.0" 404 694 "https://www.cic.com.vn/cgi/Resources/List" "Mozilla/5.0 (Windows NT 10.0; Win64; x64) AppleWebKit/537.36 (KHTML, like Gecko) Chrome/86.0.4240.198 Safari/537.36"
157.55.39.30 - - [16/Oct/2021:05:34:07 +0700] "GET /san-pham.html?ungdung=thi-nghiem-dien&hangsx=graitec&linhvuc=noi-that-va-vat-lieu-xay-dung HTTP/1.0" 200 16067 "-" "Mozilla/5.0 (compatible; bingbot/2.0; +http://www.bing.com/bingbot.htm)"
34.253.208.9 - - [16/Oct/2021:05:35:09 +0700] "GET /feeds HTTP/1.0" 200 3972 "-" "Krzana bot"
157.55.39.126 - - [16/Oct/2021:05:36:07 +0700] "GET /images/products/2019/10/16/large/ptrc_rebar_curtailment_matrix_543x445.jpg HTTP/1.0" 200 523 "-" "Mozilla/5.0 (compatible; bingbot/2.0; +http://www.bing.com/bingbot.htm)"
207.46.13.52 - - [16/Oct/2021:05:36:25 +0700] "GET /products.html?loaisp=integrated-solutions&hangsx=geonor-norway&ungdung=work-structure HTTP/1.0" 200 13608 "-" "Mozilla/5.0 (compatible; bingbot/2.0; +http://www.bing.com/bingbot.htm)"
58.153.26.201 - - [16/Oct/2021:05:36:40 +0700] "GET /citrix/cgi/Resources/List HTTP/1.0" 301 753 "https://cic.com.vn/citrix/cgi/Resources/List" "Mozilla/5.0 (Windows NT 10.0; Win64; x64) AppleWebKit/537.36 (KHTML, like Gecko) Chrome/86.0.4240.198 Safari/537.36"
58.153.26.201 - - [16/Oct/2021:05:36:47 +0700] "GET /cgi/Resources/List HTTP/1.0" 301 739 "https://cic.com.vn/cgi/Resources/List" "Mozilla/5.0 (Windows NT 10.0; Win64; x64) AppleWebKit/537.36 (KHTML, like Gecko) Chrome/86.0.4240.198 Safari/537.36"
13.66.139.0 - - [16/Oct/2021:05:39:11 +0700] "GET /san-pham.html?hangsx=edc-my&linhvuc=noi-that-va-vat-lieu-xay-dung&ungdung=du-toan-cong-trinh&loaisp=thiet-bi HTTP/1.0" 200 16114 "-" "Mozilla/5.0 (compatible; bingbot/2.0; +http://www.bing.com/bingbot.htm)"
103.131.71.216 - - [16/Oct/2021:05:40:19 +0700] "GET /robots.txt HTTP/1.0" 200 528 "-" "Mozilla/5.0 (compatible; coccocbot-image/1.0; +http://help.coccoc.com/searchengine)"
157.55.39.164 - - [16/Oct/2021:05:41:47 +0700] "GET /san-pham.html?hangsx=trl-anh&linhvuc=dau-khi&ungdung=thi-nghiem-trong-phong-hien-truong HTTP/1.0" 200 16050 "-" "Mozilla/5.0 (compatible; bingbot/2.0; +http://www.bing.com/bingbot.htm)"
40.77.167.48 - - [16/Oct/2021:05:42:06 +0700] "GET /san-pham.html?loaisp=khac&hangsx=ptv-duc&linhvuc=dau-khi&ungdung=thi-nghiem-trong-phong-hien-truong HTTP/1.0" 200 16095 "-" "Mozilla/5.0 (compatible; bingbot/2.0; +http://www.bing.com/bingbot.htm)"
40.77.167.48 - - [16/Oct/2021:05:42:07 +0700] "GET /products.html?linhvuc=giao-duc-dao-tao&hangsx=aspentech&ungdung=ung-dung-khac&loaisp=integrated-solutions HTTP/1.0" 200 13640 "-" "Mozilla/5.0 (compatible; bingbot/2.0; +http://www.bing.com/bingbot.htm)"
207.46.13.106 - - [16/Oct/2021:05:42:25 +0700] "GET /products.html?hangsx=aspentech&linhvuc=giao-duc-dao-tao&ungdung=work-structure&loaisp=devices HTTP/1.0" 200 13632 "-" "Mozilla/5.0 (compatible; bingbot/2.0; +http://www.bing.com/bingbot.htm)"
13.66.139.0 - - [16/Oct/2021:05:43:14 +0700] "GET /san-pham.html?linhvuc=dien-luc&hangsx=canarina&ungdung=du-toan-cong-trinh&loaisp=giai-phap-tich-hop HTTP/1.0" 200 16087 "-" "Mozilla/5.0 (compatible; bingbot/2.0; +http://www.bing.com/bingbot.htm)"
40.77.167.59 - - [16/Oct/2021:05:44:03 +0700] "GET /products.html?hangsx=studio-prof-marchetti-italia&linhvuc=giao-duc-dao-tao&ungdung=geotechnics HTTP/1.0" 200 13624 "-" "Mozilla/5.0 (compatible; bingbot/2.0; +http://www.bing.com/bingbot.htm)"
52.54.146.202 - - [16/Oct/2021:05:44:10 +0700] "GET /download/PMXD/Escon/Escon60FullSetup.exe HTTP/1.0" 200 503 "-" "Mozilla/5.0 (Macintosh; Intel Mac OS X 10_10_5) AppleWebKit/537.36 (KHTML, like Gecko) Chrome/52.0.2743.116 Safari/537.36"
52.54.146.202 - - [16/Oct/2021:05:44:10 +0700] "GET /download/PMXD/Full/Sumac3.1.0.2208FullSetup.exe HTTP/1.0" 200 1892 "-" "Mozilla/5.0 (Macintosh; Intel Mac OS X 10_10_5) AppleWebKit/537.36 (KHTML, like Gecko) Chrome/52.0.2743.116 Safari/537.36"
207.46.13.168 - - [16/Oct/2021:05:44:28 +0700] "GET /products.html?loaisp=others&hangsx=aspentech&linhvuc=moi-truong&ungdung=unit-price-work-construction-price-index HTTP/1.0" 200 13639 "-" "Mozilla/5.0 (compatible; bingbot/2.0; +http://www.bing.com/bingbot.htm)"
207.46.13.45 - - [16/Oct/2021:05:44:32 +0700] "GET /robots.txt HTTP/1.0" 301 723 "-" "Mozilla/5.0 (compatible; bingbot/2.0; +http://www.bing.com/bingbot.htm)"
207.46.13.45 - - [16/Oct/2021:05:44:33 +0700] "GET /robots.txt HTTP/1.0" 200 528 "-" "Mozilla/5.0 (compatible; bingbot/2.0; +http://www.bing.com/bingbot.htm)"
157.55.39.126 - - [16/Oct/2021:05:44:37 +0700] "GET /images/products/2019/10/08/large/Sap2000%20lon1.jpg HTTP/1.0" 301 805 "-" "Mozilla/5.0 (compatible; bingbot/2.0; +http://www.bing.com/bingbot.htm)"
157.55.39.40 - - [16/Oct/2021:05:44:48 +0700] "GET /images/news/2021/01/large/minitab_1611718135.png HTTP/1.0" 200 496 "-" "Mozilla/5.0 (compatible; bingbot/2.0; +http://www.bing.com/bingbot.htm)"
157.55.39.126 - - [16/Oct/2021:05:44:52 +0700] "GET /images/products/2019/10/08/large/Sap2000%20lon1.jpg HTTP/1.0" 200 498 "-" "Mozilla/5.0 (compatible; bingbot/2.0; +http://www.bing.com/bingbot.htm)"
175.143.194.41 - - [16/Oct/2021:05:45:46 +0700] "GET / HTTP/1.0" 200 11075 "https://www.cic.com.vn/" "Mozilla/5.0 (Windows NT 10.0; Win64; x64) AppleWebKit/537.36 (KHTML, like Gecko) Chrome/94.0.4606.81 Safari/537.36"
114.119.148.1 - - [16/Oct/2021:05:45:46 +0700] "GET /article/cic-chuyen-giao-phan-mem-adobe-cho-cong-ty-hyder-va-cong-ty-vsl-viet-nam?page=2 HTTP/1.0" 404 756 "-" "Mozilla/5.0 (Linux; Android 7.0;) AppleWebKit/537.36 (KHTML, like Gecko) Mobile Safari/537.36 (compatible; PetalBot;+https://webmaster.petalsearch.com/site/petalbot)"
