175.143.194.41 - - [16/Oct/2021:05:45:47 +0700] "GET /images/favicon.ico HTTP/1.0" 200 481 "https://www.cic.com.vn/" "Mozilla/5.0 (Windows NT 10.0; Win64; x64) AppleWebKit/537.36 (KHTML, like Gecko) Chrome/94.0.4606.81 Safari/537.36"
207.46.13.168 - - [16/Oct/2021:05:45:56 +0700] "GET /uploads/images/stCAD/CanChinhCot.PNG HTTP/1.0" 200 484 "-" "Mozilla/5.0 (compatible; bingbot/2.0; +http://www.bing.com/bingbot.htm)"
216.244.66.243 - - [16/Oct/2021:05:46:31 +0700] "GET /robots.txt HTTP/1.0" 200 1910 "-" "Mozilla/5.0 (compatible; DotBot/1.2; +https://opensiteexplorer.org/dotbot; help@moz.com)"
40.77.167.48 - - [16/Oct/2021:05:46:49 +0700] "GET /products.html?hangsx=kritikal-india&linhvuc=dau-khi&ungdung=don-gia-chi-so-gia-xay-dung-cong-trinh HTTP/1.0" 200 13630 "-" "Mozilla/5.0 (compatible; bingbot/2.0; +http://www.bing.com/bingbot.htm)"
66.249.79.106 - - [16/Oct/2021:05:47:03 +0700] "GET /chuong-trinh-khuyen-mai-chao-mung-ngay-giai-phong-mien-nam-304-quoc-te-lao-dong-15-n25.html HTTP/1.0" 200 10397 "-" "Mozilla/5.0 (Linux; Android 6.0.1; Nexus 5X Build/MMB29P) AppleWebKit/537.36 (KHTML, like Gecko) Chrome/94.0.4606.71 Mobile Safari/537.36 (compatible; Googlebot/2.1; +http://www.google.com/bot.html)"
114.119.148.105 - - [16/Oct/2021:05:47:15 +0700] "GET /plaxis-vip-p100.html HTTP/1.0" 404 696 "-" "Mozilla/5.0 (Linux; Android 7.0;) AppleWebKit/537.36 (KHTML, like Gecko) Mobile Safari/537.36 (compatible; PetalBot;+https://webmaster.petalsearch.com/site/petalbot)"
207.46.13.168 - - [16/Oct/2021:05:47:49 +0700] "GET /products.html?ungdung=construction-cost-estimates&hangsx=trl-anh&linhvuc=giao-duc-dao-tao&loaisp=softwares HTTP/1.0" 200 13643 "-" "Mozilla/5.0 (compatible; bingbot/2.0; +http://www.bing.com/bingbot.htm)"
207.46.13.106 - - [16/Oct/2021:05:48:35 +0700] "GET /uploads/images/Sumac/ChemDiemKhongChe.png HTTP/1.0" 200 489 "-" "Mozilla/5.0 (compatible; bingbot/2.0; +http://www.bing.com/bingbot.htm)"
40.77.167.48 - - [16/Oct/2021:05:48:58 +0700] "GET /san-pham.html?loaisp=thiet-bi&hangsx=schlumberger&linhvuc=thuy-loi&ungdung=don-gia-chi-so-gia-xay-dung-cong-trinh HTTP/1.0" 200 16101 "-" "Mozilla/5.0 (compatible; bingbot/2.0; +http://www.bing.com/bingbot.htm)"
66.249.79.106 - - [16/Oct/2021:05:50:34 +0700] "GET / HTTP/1.0" 200 11194 "-" "Mozilla/5.0 (compatible; Googlebot/2.1; +http://www.google.com/bot.html)"
138.199.52.63 - - [16/Oct/2021:05:51:01 +0700] "GET /contact.html HTTP/1.0" 200 8776 "-" "Mozilla/4.0 (compatible; MSIE 7.0; Windows NT 6.2; WOW64; Trident/7.0; .NET4.0E; .NET4.0C)"
138.199.52.63 - - [16/Oct/2021:05:51:23 +0700] "GET /co-cau-to-chuc-ce2.html HTTP/1.0" 200 7703 "-" "Mozilla/4.0 (compatible; MSIE 7.0; Windows NT 6.2; WOW64; Trident/7.0; .NET4.0E; .NET4.0C)"
122.167.77.42 - - [16/Oct/2021:05:51:30 +0700] "GET /co-cau-to-chuc-ce2.html HTTP/1.0" 200 7645 "https://www.cic.com.vn/co-cau-to-chuc-ce2.html" "Mozilla/5.0 (Windows NT 10.0; Win64; x64) AppleWebKit/537.36 (KHTML, like Gecko) Chrome/94.0.4606.81 Safari/537.36"
122.167.77.42 - - [16/Oct/2021:05:51:33 +0700] "GET /images/favicon.ico HTTP/1.0" 200 481 "https://www.cic.com.vn/co-cau-to-chuc-ce2.html" "Mozilla/5.0 (Windows NT 10.0; Win64; x64) AppleWebKit/537.36 (KHTML, like Gecko) Chrome/94.0.4606.81 Safari/537.36"
157.55.39.164 - - [16/Oct/2021:05:51:55 +0700] "GET /products.html?linhvuc=dau-khi&ungdung=don-gia-chi-so-gia-xay-dung-cong-trinh&loaisp=softwares HTTP/1.0" 200 13616 "-" "Mozilla/5.0 (compatible; bingbot/2.0; +http://www.bing.com/bingbot.htm)"
40.77.167.59 - - [16/Oct/2021:05:52:23 +0700] "GET /san-pham.html?loaisp=thiet-bi&hangsx=datakustik&ungdung=thi-nghiem-dien HTTP/1.0" 200 16017 "-" "Mozilla/5.0 (compatible; bingbot/2.0; +http://www.bing.com/bingbot.htm)"
40.77.167.59 - - [16/Oct/2021:05:52:25 +0700] "GET /san-pham.html?loaisp=khac&hangsx=renishaw-anh-quoc&linhvuc=giao-duc-dao-tao&ungdung=du-toan-cong-trinh HTTP/1.0" 200 16095 "-" "Mozilla/5.0 (compatible; bingbot/2.0; +http://www.bing.com/bingbot.htm)"
66.249.79.108 - - [16/Oct/2021:05:53:12 +0700] "GET /images/news/2021/10/large/cover_1633918679.png HTTP/1.0" 200 494 "-" "Googlebot-Image/1.0"
207.46.13.168 - - [16/Oct/2021:05:53:29 +0700] "GET /products.html?linhvuc=giao-duc-dao-tao&hangsx=rps-usa&ungdung=ung-dung-khac HTTP/1.0" 200 13616 "-" "Mozilla/5.0 (compatible; bingbot/2.0; +http://www.bing.com/bingbot.htm)"
138.199.52.63 - - [16/Oct/2021:05:54:40 +0700] "GET /en HTTP/1.0" 200 10840 "-" "Mozilla/4.0 (compatible; MSIE 7.0; Windows NT 6.2; WOW64; Trident/7.0; .NET4.0E; .NET4.0C)"
40.77.167.59 - - [16/Oct/2021:05:55:31 +0700] "GET /products.html?loaisp=others&hangsx=others&linhvuc=co-khi-che-tao&ungdung=unit-price-work-construction-price-index HTTP/1.0" 200 13642 "-" "Mozilla/5.0 (compatible; bingbot/2.0; +http://www.bing.com/bingbot.htm)"
17.121.112.176 - - [16/Oct/2021:05:56:09 +0700] "GET /san-pham/thiet-bi-quet-sonar-p105.html HTTP/1.0" 200 12758 "-" "Mozilla/5.0 (Macintosh; Intel Mac OS X 10_15_5) AppleWebKit/605.1.15 (KHTML, like Gecko) Version/13.1.1 Safari/605.1.15 (Applebot/0.1; +http://www.apple.com/go/applebot)"
207.46.13.52 - - [16/Oct/2021:05:56:10 +0700] "GET /san-pham.html?linhvuc=dien-luc HTTP/1.0" 200 30946 "-" "Mozilla/5.0 (compatible; bingbot/2.0; +http://www.bing.com/bingbot.htm)"
114.119.148.106 - - [16/Oct/2021:05:56:11 +0700] "GET /phan-mem-quan-ly-rui-ro-va-hse-p118.html HTTP/1.0" 301 783 "-" "Mozilla/5.0 (Linux; Android 7.0;) AppleWebKit/537.36 (KHTML, like Gecko) Mobile Safari/537.36 (compatible; PetalBot;+https://webmaster.petalsearch.com/site/petalbot)"
162.244.148.1 - - [16/Oct/2021:05:56:13 +0700] "GET /contact.html HTTP/1.0" 200 8776 "-" "Mozilla/5.0 (X11; Linux x86_64) AppleWebKit/537.36 (KHTML, like Gecko) Chrome/92.0.4515.131 Safari/537.36"
162.244.148.1 - - [16/Oct/2021:05:56:13 +0700] "GET /templates/default/css/style.css HTTP/1.0" 200 478 "https://www.cic.com.vn/contact.html" "Mozilla/5.0 (X11; Linux x86_64) AppleWebKit/537.36 (KHTML, like Gecko) Chrome/92.0.4515.131 Safari/537.36"
162.244.148.1 - - [16/Oct/2021:05:56:13 +0700] "GET /modules/contact/assets/css/contact.css HTTP/1.0" 200 485 "https://www.cic.com.vn/contact.html" "Mozilla/5.0 (X11; Linux x86_64) AppleWebKit/537.36 (KHTML, like Gecko) Chrome/92.0.4515.131 Safari/537.36"
162.244.148.1 - - [16/Oct/2021:05:56:13 +0700] "GET /libraries/font-awesome/css/fontawesome-all.min.css HTTP/1.0" 200 497 "https://www.cic.com.vn/contact.html" "Mozilla/5.0 (X11; Linux x86_64) AppleWebKit/537.36 (KHTML, like Gecko) Chrome/92.0.4515.131 Safari/537.36"
162.244.148.1 - - [16/Oct/2021:05:56:13 +0700] "GET /templates/default/css/bootstrap.css HTTP/1.0" 200 482 "https://www.cic.com.vn/contact.html" "Mozilla/5.0 (X11; Linux x86_64) AppleWebKit/537.36 (KHTML, like Gecko) Chrome/92.0.4515.131 Safari/537.36"
162.244.148.1 - - [16/Oct/2021:05:56:13 +0700] "GET /blocks/mainmenu/assets/css/mmenu.css HTTP/1.0" 200 483 "https://www.cic.com.vn/contact.html" "Mozilla/5.0 (X11; Linux x86_64) AppleWebKit/537.36 (KHTML, like Gecko) Chrome/92.0.4515.131 Safari/537.36"
162.244.148.1 - - [16/Oct/2021:05:56:13 +0700] "GET /blocks/mainmenu/assets/css/styles.css HTTP/1.0" 200 484 "https://www.cic.com.vn/contact.html" "Mozilla/5.0 (X11; Linux x86_64) AppleWebKit/537.36 (KHTML, like Gecko) Chrome/92.0.4515.131 Safari/537.36"
162.244.148.1 - - [16/Oct/2021:05:56:13 +0700] "GET /modules/home/assets/css/home6.css HTTP/1.0" 200 480 "https://www.cic.com.vn/contact.html" "Mozilla/5.0 (X11; Linux x86_64) AppleWebKit/537.36 (KHTML, like Gecko) Chrome/92.0.4515.131 Safari/537.36"
162.244.148.1 - - [16/Oct/2021:05:56:13 +0700] "GET /blocks/mainmenu/assets/css/jquery.mmenu.all.css HTTP/1.0" 200 494 "https://www.cic.com.vn/contact.html" "Mozilla/5.0 (X11; Linux x86_64) AppleWebKit/537.36 (KHTML, like Gecko) Chrome/92.0.4515.131 Safari/537.36"
162.244.148.1 - - [16/Oct/2021:05:56:13 +0700] "GET /blocks/mainmenu/assets/css/megamenu_moblie.css HTTP/1.0" 200 814 "https://www.cic.com.vn/contact.html" "Mozilla/5.0 (X11; Linux x86_64) AppleWebKit/537.36 (KHTML, like Gecko) Chrome/92.0.4515.131 Safari/537.36"
162.244.148.1 - - [16/Oct/2021:05:56:14 +0700] "GET /libraries/jquery/jquery-1.12.4.min.js HTTP/1.0" 200 498 "https://www.cic.com.vn/contact.html" "Mozilla/5.0 (X11; Linux x86_64) AppleWebKit/537.36 (KHTML, like Gecko) Chrome/92.0.4515.131 Safari/537.36"
162.244.148.1 - - [16/Oct/2021:05:56:14 +0700] "GET /templates/default/js/bootstrap.min.js HTTP/1.0" 200 498 "https://www.cic.com.vn/contact.html" "Mozilla/5.0 (X11; Linux x86_64) AppleWebKit/537.36 (KHTML, like Gecko) Chrome/92.0.4515.131 Safari/537.36"
162.244.148.1 - - [16/Oct/2021:05:56:14 +0700] "GET /templates/default/js/form.js HTTP/1.0" 200 489 "https://www.cic.com.vn/contact.html" "Mozilla/5.0 (X11; Linux x86_64) AppleWebKit/537.36 (KHTML, like Gecko) Chrome/92.0.4515.131 Safari/537.36"
162.244.148.1 - - [16/Oct/2021:05:56:14 +0700] "GET /templates/default/js/main.js HTTP/1.0" 200 489 "https://www.cic.com.vn/contact.html" "Mozilla/5.0 (X11; Linux x86_64) AppleWebKit/537.36 (KHTML, like Gecko) Chrome/92.0.4515.131 Safari/537.36"
162.244.148.1 - - [16/Oct/2021:05:56:14 +0700] "GET /templates/default/js/form1.js HTTP/1.0" 200 490 "https://www.cic.com.vn/contact.html" "Mozilla/5.0 (X11; Linux x86_64) AppleWebKit/537.36 (KHTML, like Gecko) Chrome/92.0.4515.131 Safari/537.36"
162.244.148.1 - - [16/Oct/2021:05:56:14 +0700] "GET /modules/contact/assets/js/contact.js HTTP/1.0" 200 497 "https://www.cic.com.vn/contact.html" "Mozilla/5.0 (X11; Linux x86_64) AppleWebKit/537.36 (KHTML, like Gecko) Chrome/92.0.4515.131 Safari/537.36"
162.244.148.1 - - [16/Oct/2021:05:56:14 +0700] "GET /blocks/search/assets/js/search.js HTTP/1.0" 200 494 "https://www.cic.com.vn/contact.html" "Mozilla/5.0 (X11; Linux x86_64) AppleWebKit/537.36 (KHTML, like Gecko) Chrome/92.0.4515.131 Safari/537.36"
162.244.148.1 - - [16/Oct/2021:05:56:14 +0700] "GET /blocks/mainmenu/assets/js/megamenu_moblie.js HTTP/1.0" 200 789 "https://www.cic.com.vn/contact.html" "Mozilla/5.0 (X11; Linux x86_64) AppleWebKit/537.36 (KHTML, like Gecko) Chrome/92.0.4515.131 Safari/537.36"
162.244.148.1 - - [16/Oct/2021:05:56:15 +0700] "GET /blocks/mainmenu/assets/js/mmenu.polyfills.js HTTP/1.0" 200 505 "https://www.cic.com.vn/contact.html" "Mozilla/5.0 (X11; Linux x86_64) AppleWebKit/537.36 (KHTML, like Gecko) Chrome/92.0.4515.131 Safari/537.36"
162.244.148.1 - - [16/Oct/2021:05:56:15 +0700] "GET /blocks/mainmenu/assets/js/mmenu.js HTTP/1.0" 200 495 "https://www.cic.com.vn/contact.html" "Mozilla/5.0 (X11; Linux x86_64) AppleWebKit/537.36 (KHTML, like Gecko) Chrome/92.0.4515.131 Safari/537.36"
114.119.148.106 - - [16/Oct/2021:05:56:18 +0700] "GET /phan-mem-quan-ly-rui-ro-va-hse-p118.html HTTP/1.0" 404 716 "-" "Mozilla/5.0 (Linux; Android 7.0;) AppleWebKit/537.36 (KHTML, like Gecko) Mobile Safari/537.36 (compatible; PetalBot;+https://webmaster.petalsearch.com/site/petalbot)"
157.55.39.30 - - [16/Oct/2021:05:56:19 +0700] "GET /uploads/images/RDW/guide/11.png HTTP/1.0" 200 479 "-" "Mozilla/5.0 (compatible; bingbot/2.0; +http://www.bing.com/bingbot.htm)"
157.55.39.164 - - [16/Oct/2021:05:56:30 +0700] "GET /products.html?ungdung=geophysics&hangsx=edc-usa&linhvuc=moi-truong HTTP/1.0" 200 13612 "-" "Mozilla/5.0 (compatible; bingbot/2.0; +http://www.bing.com/bingbot.htm)"
216.244.66.243 - - [16/Oct/2021:05:56:36 +0700] "GET /?mact=FrontEndUsers%2Ccntnt01%2Cdefault%2C0&cntnt01lang=vn_US&cntnt01form=forgotpw&cntnt01returnto=484&cntnt01returnid=114 HTTP/1.0" 200 71851 "-" "Mozilla/5.0 (compatible; DotBot/1.2; +https://opensiteexplorer.org/dotbot; help@moz.com)"
31.13.103.117 - - [16/Oct/2021:05:58:04 +0700] "GET /images/news/2021/10/large/geosig-1_1633318540.jpg HTTP/1.0" 200 498 "-" "facebookexternalhit/1.1 (+http://www.facebook.com/externalhit_uatext.php)"
31.13.103.9 - - [16/Oct/2021:05:58:06 +0700] "GET /images/news/2021/10/large/geosig-1_1633318540.jpg HTTP/1.0" 200 498 "-" "facebookexternalhit/1.1 (+http://www.facebook.com/externalhit_uatext.php)"
216.244.66.243 - - [16/Oct/2021:05:58:18 +0700] "GET /?mact=News%2Ccntnt01%2Cdetail%2C0&cntnt01articleid=288&cntnt01origid=56&cntnt01returnid=56 HTTP/1.0" 200 71828 "-" "Mozilla/5.0 (compatible; DotBot/1.2; +https://opensiteexplorer.org/dotbot; help@moz.com)"
157.55.39.30 - - [16/Oct/2021:05:59:09 +0700] "GET /products.html?loaisp=devices&hangsx=geoslope-international-ltd&linhvuc=thuy-loi&ungdung=du-toan-cong-trinh HTTP/1.0" 200 13638 "-" "Mozilla/5.0 (compatible; bingbot/2.0; +http://www.bing.com/bingbot.htm)"
66.249.79.108 - - [16/Oct/2021:05:59:50 +0700] "GET /san-pham/gioi-thieu-ve-rps-asa HTTP/1.0" 404 706 "-" "Mozilla/5.0 (compatible; Googlebot/2.1; +http://www.google.com/bot.html)"
114.119.148.1 - - [16/Oct/2021:06:00:33 +0700] "GET /tin-chuyen-nganh-cn8.html HTTP/1.0" 200 10323 "-" "Mozilla/5.0 (Linux; Android 7.0;) AppleWebKit/537.36 (KHTML, like Gecko) Mobile Safari/537.36 (compatible; PetalBot;+https://webmaster.petalsearch.com/site/petalbot)"
40.77.167.59 - - [16/Oct/2021:06:01:25 +0700] "GET /san-pham.html?hangsx=agi&linhvuc=giao-duc-dao-tao&ungdung=thi-nghiem-dien HTTP/1.0" 200 16034 "-" "Mozilla/5.0 (compatible; bingbot/2.0; +http://www.bing.com/bingbot.htm)"
17.121.114.35 - - [16/Oct/2021:06:02:45 +0700] "GET /san-pham/de-mem-chong-ngap-ngan-lu-hang-aet-anh-quoc HTTP/1.0" 301 807 "-" "Mozilla/5.0 (Macintosh; Intel Mac OS X 10_15_5) AppleWebKit/605.1.15 (KHTML, like Gecko) Version/13.1.1 Safari/605.1.15 (Applebot/0.1; +http://www.apple.com/go/applebot)"
17.121.112.222 - - [16/Oct/2021:06:02:46 +0700] "GET /san-pham/de-mem-chong-ngap-ngan-lu-hang-aet-anh-quoc HTTP/1.0" 404 728 "-" "Mozilla/5.0 (Macintosh; Intel Mac OS X 10_15_5) AppleWebKit/605.1.15 (KHTML, like Gecko) Version/13.1.1 Safari/605.1.15 (Applebot/0.1; +http://www.apple.com/go/applebot)"
207.46.13.106 - - [16/Oct/2021:06:04:46 +0700] "GET /products.html?loaisp=others&hangsx=geoscanner&linhvuc=giao-duc-dao-tao&ungdung=ung-dung-khac HTTP/1.0" 200 13640 "-" "Mozilla/5.0 (compatible; bingbot/2.0; +http://www.bing.com/bingbot.htm)"
157.55.39.164 - - [16/Oct/2021:06:04:59 +0700] "GET /uploads/images/stCAD/KQBanVeCot.PNG HTTP/1.0" 200 483 "-" "Mozilla/5.0 (compatible; bingbot/2.0; +http://www.bing.com/bingbot.htm)"
207.46.13.168 - - [16/Oct/2021:06:05:17 +0700] "GET /upload_images/images/2019/08/19/gioi-thieu.png HTTP/1.0" 301 795 "-" "Mozilla/5.0 (compatible; bingbot/2.0; +http://www.bing.com/bingbot.htm)"
207.46.13.168 - - [16/Oct/2021:06:05:27 +0700] "GET /upload_images/images/2019/08/19/gioi-thieu.png HTTP/1.0" 200 494 "-" "Mozilla/5.0 (compatible; bingbot/2.0; +http://www.bing.com/bingbot.htm)"
164.68.96.84 - - [16/Oct/2021:06:07:33 +0700] "GET / HTTP/1.0" 200 71709 "-" "Mozilla/5.0 (Windows NT 6.1; WOW64; rv:23.0) Gecko/20130406 Firefox/23.0"
66.249.79.106 - - [16/Oct/2021:06:08:27 +0700] "GET / HTTP/1.0" 200 11147 "-" "Mozilla/5.0 (compatible; Googlebot/2.1; +http://www.google.com/bot.html)"
66.249.79.106 - - [16/Oct/2021:06:08:28 +0700] "GET /images/products/2019/11/01/large/3_1572593742_1.png HTTP/1.0" 200 499 "-" "Googlebot-Image/1.0"
77.75.76.169 - - [16/Oct/2021:06:08:46 +0700] "GET /robots.txt HTTP/1.0" 200 528 "-" "Mozilla/5.0 (compatible; SeznamBot/3.2; +http://napoveda.seznam.cz/en/seznambot-intro/)"
114.119.148.103 - - [16/Oct/2021:06:09:18 +0700] "GET /san-pham/digitech-3d HTTP/1.0" 301 743 "-" "Mozilla/5.0 (Linux; Android 7.0;) AppleWebKit/537.36 (KHTML, like Gecko) Mobile Safari/537.36 (compatible; PetalBot;+https://webmaster.petalsearch.com/site/petalbot)"
114.119.148.103 - - [16/Oct/2021:06:09:25 +0700] "GET /san-pham/digitech-3d HTTP/1.0" 404 696 "-" "Mozilla/5.0 (Linux; Android 7.0;) AppleWebKit/537.36 (KHTML, like Gecko) Mobile Safari/537.36 (compatible; PetalBot;+https://webmaster.petalsearch.com/site/petalbot)"
207.46.13.52 - - [16/Oct/2021:06:10:09 +0700] "GET /san-pham.html?linhvuc=thuy-loi&hangsx=geoservey&loaisp=phan-mem HTTP/1.0" 200 16015 "-" "Mozilla/5.0 (compatible; bingbot/2.0; +http://www.bing.com/bingbot.htm)"
186.179.36.136 - - [16/Oct/2021:06:10:27 +0700] "GET / HTTP/1.0" 301 703 "https://cic.com.vn" "Mozilla/5.0 (Windows NT 6.1; WOW64; rv:51.0) Gecko/20100101 Firefox/51.0.1"
186.179.36.136 - - [16/Oct/2021:06:10:29 +0700] "GET / HTTP/1.0" 200 12519 "https://cic.com.vn" "Mozilla/5.0 (Windows NT 6.1; WOW64; rv:51.0) Gecko/20100101 Firefox/51.0.1"
207.46.13.52 - - [16/Oct/2021:06:10:31 +0700] "GET /products.html?ungdung=construction-cost-estimates&hangsx=bentley-systems-incorporated&linhvuc=moi-truong&loaisp=phan-mem HTTP/1.0" 200 13641 "-" "Mozilla/5.0 (compatible; bingbot/2.0; +http://www.bing.com/bingbot.htm)"
186.179.36.136 - - [16/Oct/2021:06:10:35 +0700] "GET /hoi-thao-truc-tuyen-voi-chu-de-cac-giai-phap-chuyen-doi-so-trong-kinh-doanh-noi-that-va-vat-lieu-xay-dung%E2%80%99%E2%80%99-n517.html HTTP/1.0" 200 12307 "https://www.cic.com.vn/" "Mozilla/5.0 (Windows NT 6.1; WOW64; rv:51.0) Gecko/20100101 Firefox/51.0.1"
207.46.13.106 - - [16/Oct/2021:06:10:48 +0700] "GET /?page=kris-s HTTP/1.0" 200 11145 "-" "Mozilla/5.0 (compatible; bingbot/2.0; +http://www.bing.com/bingbot.htm)"
114.119.148.103 - - [16/Oct/2021:06:10:49 +0700] "GET /node/1522/dat-mua HTTP/1.0" 404 693 "-" "Mozilla/5.0 (Linux; Android 7.0;) AppleWebKit/537.36 (KHTML, like Gecko) Mobile Safari/537.36 (compatible; PetalBot;+https://webmaster.petalsearch.com/site/petalbot)"
157.55.39.30 - - [16/Oct/2021:06:10:51 +0700] "GET /?page=geo-slope HTTP/1.0" 200 11179 "-" "Mozilla/5.0 (compatible; bingbot/2.0; +http://www.bing.com/bingbot.htm)"
207.46.13.168 - - [16/Oct/2021:06:11:31 +0700] "GET /san-pham.html?linhvuc=dien-luc&hangsx=geoslope-international-ltd&ungdung=noi-that HTTP/1.0" 200 16039 "-" "Mozilla/5.0 (compatible; bingbot/2.0; +http://www.bing.com/bingbot.htm)"
207.46.13.106 - - [16/Oct/2021:06:12:16 +0700] "GET /images/news/2019/11/resized/untitled_1572834873.jpg HTTP/1.0" 301 805 "-" "Mozilla/5.0 (compatible; bingbot/2.0; +http://www.bing.com/bingbot.htm)"
207.46.13.106 - - [16/Oct/2021:06:12:26 +0700] "GET /images/news/2019/11/resized/untitled_1572834873.jpg HTTP/1.0" 200 1882 "-" "Mozilla/5.0 (compatible; bingbot/2.0; +http://www.bing.com/bingbot.htm)"
40.77.167.59 - - [16/Oct/2021:06:13:56 +0700] "GET /products.html?hangsx=canarina&linhvuc=giao-duc-dao-tao&ungdung=don-gia-chi-so-gia-xay-dung-cong-trinh&loaisp=integrated-solutions HTTP/1.0" 200 13658 "-" "Mozilla/5.0 (compatible; bingbot/2.0; +http://www.bing.com/bingbot.htm)"
13.66.139.0 - - [16/Oct/2021:06:13:57 +0700] "GET /san-pham.html?hangsx=ansys&linhvuc=thuy-loi&ungdung=mo-phong-dau-khi&loaisp=phan-mem HTTP/1.0" 200 16065 "-" "Mozilla/5.0 (compatible; bingbot/2.0; +http://www.bing.com/bingbot.htm)"
207.46.13.168 - - [16/Oct/2021:06:14:09 +0700] "GET /cic-va-dnv-gl-chuc-hoi-thao-phan-mem-quan-ly-rui-ro-qhse-1-ne63.html HTTP/1.0" 200 10366 "-" "Mozilla/5.0 (compatible; bingbot/2.0; +http://www.bing.com/bingbot.htm)"
173.252.87.14 - - [16/Oct/2021:06:15:30 +0700] "GET / HTTP/1.0" 206 11231 "-" "facebookexternalhit/1.1 (+http://www.facebook.com/externalhit_uatext.php)"
173.252.87.28 - - [16/Oct/2021:06:15:30 +0700] "HEAD / HTTP/1.0" 200 137 "-" "facebookexternalhit/1.1 (+http://www.facebook.com/externalhit_uatext.php)"
175.143.194.41 - - [16/Oct/2021:06:15:47 +0700] "GET / HTTP/1.0" 200 11117 "https://www.cic.com.vn/" "Mozilla/5.0 (Windows NT 10.0; Win64; x64) AppleWebKit/537.36 (KHTML, like Gecko) Chrome/94.0.4606.81 Safari/537.36"
175.143.194.41 - - [16/Oct/2021:06:15:49 +0700] "GET /images/favicon.ico HTTP/1.0" 200 481 "https://www.cic.com.vn/" "Mozilla/5.0 (Windows NT 10.0; Win64; x64) AppleWebKit/537.36 (KHTML, like Gecko) Chrome/94.0.4606.81 Safari/537.36"
40.77.167.59 - - [16/Oct/2021:06:17:02 +0700] "GET /san-pham.html?linhvuc=an-ninh-quan-su&hangsx=geotechnical-testing-equipment&ungdung=don-gia-chi-so-gia-xay-dung-cong-trinh HTTP/1.0" 200 16093 "-" "Mozilla/5.0 (compatible; bingbot/2.0; +http://www.bing.com/bingbot.htm)"
152.22.73.24 - - [16/Oct/2021:06:18:27 +0700] "GET / HTTP/1.0" 301 703 "https://cic.com.vn" "Mozilla/5.0 (Windows NT 6.1; WOW64; rv:43.0;Macintosh; Intel Mac OS X 10_13_3) Gecko/20100101 Firefox/43.0"
152.22.73.24 - - [16/Oct/2021:06:18:29 +0700] "GET / HTTP/1.0" 200 11168 "https://cic.com.vn" "Mozilla/5.0 (Windows NT 6.1; WOW64; rv:43.0;Macintosh; Intel Mac OS X 10_13_3) Gecko/20100101 Firefox/43.0"
45.76.112.38 - - [16/Oct/2021:06:18:44 +0700] "GET / HTTP/1.0" 200 71702 "https://www.cic.com.vn/" "Mozilla/5.0 (Windows NT 6.3; Win64; x64) AppleWebKit/537.36 (KHTML, like Gecko) Chrome/90.0.4430.72 Safari/537.36"
157.55.39.126 - - [16/Oct/2021:06:18:53 +0700] "GET /products.html?linhvuc=giao-duc-dao-tao&hangsx=instantel&ungdung=driver-training HTTP/1.0" 200 13617 "-" "Mozilla/5.0 (compatible; bingbot/2.0; +http://www.bing.com/bingbot.htm)"
40.77.167.48 - - [16/Oct/2021:06:19:19 +0700] "GET /upload_images/images/2020/03/ta.png HTTP/1.0" 200 483 "-" "Mozilla/5.0 (compatible; bingbot/2.0; +http://www.bing.com/bingbot.htm)"
13.66.139.0 - - [16/Oct/2021:06:19:38 +0700] "GET /san-pham.html?linhvuc=khac&hangsx=geotechnical-testing-equipment&ungdung=don-gia-chi-so-gia-xay-dung-cong-trinh&loaisp=thiet-bi HTTP/1.0" 200 16115 "-" "Mozilla/5.0 (compatible; bingbot/2.0; +http://www.bing.com/bingbot.htm)"
157.55.39.30 - - [16/Oct/2021:06:20:31 +0700] "GET /products.html?linhvuc=an-ninh-quan-su&hangsx=geoslope-international-ltd&ungdung=construction-cost-estimates&loaisp=devices HTTP/1.0" 200 15026 "-" "Mozilla/5.0 (compatible; bingbot/2.0; +http://www.bing.com/bingbot.htm)"
66.249.79.110 - - [16/Oct/2021:06:20:37 +0700] "GET /images/products/2020/04/03/resized/3096_1585905189.jpg HTTP/1.0" 200 503 "-" "Googlebot-Image/1.0"
207.46.13.106 - - [16/Oct/2021:06:20:46 +0700] "GET /upload_images/images/2020/11/05/1.png HTTP/1.0" 200 485 "-" "Mozilla/5.0 (compatible; bingbot/2.0; +http://www.bing.com/bingbot.htm)"
157.55.39.30 - - [16/Oct/2021:06:20:53 +0700] "GET /san-pham.html?linhvuc=noi-that-va-vat-lieu-xay-dung&hangsx=schlumberger&ungdung=dao-tao-lai-xe HTTP/1.0" 200 16066 "-" "Mozilla/5.0 (compatible; bingbot/2.0; +http://www.bing.com/bingbot.htm)"
157.55.39.30 - - [16/Oct/2021:06:20:54 +0700] "GET /products.html?loaisp=devices&hangsx=geoslope-international-ltd&linhvuc=giao-duc-dao-tao&ungdung=work-structure HTTP/1.0" 200 13637 "-" "Mozilla/5.0 (compatible; bingbot/2.0; +http://www.bing.com/bingbot.htm)"
54.74.73.109 - - [16/Oct/2021:06:21:14 +0700] "GET /rss.xml HTTP/1.0" 200 3972 "-" "Krzana bot"
66.249.79.106 - - [16/Oct/2021:06:21:30 +0700] "GET /article/cung-cap-them-thiet-bi-cam-tay-cho-kyocera?page=10 HTTP/1.0" 404 726 "-" "Mozilla/5.0 (compatible; Googlebot/2.1; +http://www.google.com/bot.html)"
122.167.77.42 - - [16/Oct/2021:06:21:34 +0700] "GET /co-cau-to-chuc-ce2.html HTTP/1.0" 200 7645 "https://www.cic.com.vn/co-cau-to-chuc-ce2.html" "Mozilla/5.0 (Windows NT 10.0; Win64; x64) AppleWebKit/537.36 (KHTML, like Gecko) Chrome/94.0.4606.81 Safari/537.36"
122.167.77.42 - - [16/Oct/2021:06:21:36 +0700] "GET /images/favicon.ico HTTP/1.0" 200 481 "https://www.cic.com.vn/co-cau-to-chuc-ce2.html" "Mozilla/5.0 (Windows NT 10.0; Win64; x64) AppleWebKit/537.36 (KHTML, like Gecko) Chrome/94.0.4606.81 Safari/537.36"
157.55.39.40 - - [16/Oct/2021:06:22:16 +0700] "GET /products.html?hangsx=ndt-systemsstarmans&linhvuc=co-khi-che-tao&ungdung=ung-dung-khac HTTP/1.0" 200 13621 "-" "Mozilla/5.0 (compatible; bingbot/2.0; +http://www.bing.com/bingbot.htm)"
114.119.148.105 - - [16/Oct/2021:06:22:47 +0700] "GET /huong-dan-tinh-gia-ca-may-theo-thong-tu-11-2019-tt-bxd-n380.html HTTP/1.0" 200 13037 "-" "Mozilla/5.0 (Linux; Android 7.0;) AppleWebKit/537.36 (KHTML, like Gecko) Mobile Safari/537.36 (compatible; PetalBot;+https://webmaster.petalsearch.com/site/petalbot)"
66.249.79.106 - - [16/Oct/2021:06:23:29 +0700] "GET /products.html?ungdung=oil-gas-modelling&linhvuc=khac&loaisp=others HTTP/1.0" 200 13602 "-" "Mozilla/5.0 (Linux; Android 6.0.1; Nexus 5X Build/MMB29P) AppleWebKit/537.36 (KHTML, like Gecko) Chrome/94.0.4606.71 Mobile Safari/537.36 (compatible; Googlebot/2.1; +http://www.google.com/bot.html)"
207.46.13.52 - - [16/Oct/2021:06:23:41 +0700] "GET /images/products/2019/10/11/large/phan-mem-austal-view_f_1_400_1.jpg HTTP/1.0" 200 516 "-" "Mozilla/5.0 (compatible; bingbot/2.0; +http://www.bing.com/bingbot.htm)"
157.55.39.164 - - [16/Oct/2021:06:24:26 +0700] "GET /san-pham/thiet-bi-nhap-khau HTTP/1.0" 404 703 "-" "Mozilla/5.0 (compatible; bingbot/2.0; +http://www.bing.com/bingbot.htm)"
40.77.167.48 - - [16/Oct/2021:06:24:31 +0700] "GET /products.html?linhvuc=thuy-loi&hangsx=instantel&ungdung=ket-cau-cong-trinh HTTP/1.0" 200 13614 "-" "Mozilla/5.0 (compatible; bingbot/2.0; +http://www.bing.com/bingbot.htm)"
207.46.13.52 - - [16/Oct/2021:06:25:31 +0700] "GET /san-pham.html?linhvuc=dien-luc HTTP/1.0" 200 30946 "-" "Mozilla/5.0 (compatible; bingbot/2.0; +http://www.bing.com/bingbot.htm)"
66.249.79.108 - - [16/Oct/2021:06:26:18 +0700] "GET /tuyen-dung-kien-truc-su-n29.html HTTP/1.0" 200 11063 "-" "Mozilla/5.0 (compatible; Googlebot/2.1; +http://www.google.com/bot.html)"
66.249.79.106 - - [16/Oct/2021:06:26:19 +0700] "GET /uploads/images/Sumac/KQSanNen1.png HTTP/1.0" 200 482 "-" "Googlebot-Image/1.0"
157.55.39.164 - - [16/Oct/2021:06:26:58 +0700] "GET /products.html?hangsx=bentley-systems-incorporated&linhvuc=giao-thong&ungdung=du-toan-cong-trinh HTTP/1.0" 200 13619 "-" "Mozilla/5.0 (compatible; bingbot/2.0; +http://www.bing.com/bingbot.htm)"
13.66.139.0 - - [16/Oct/2021:06:27:11 +0700] "GET /products.html?ungdung=bim&hangsx=edc-usa&linhvuc=giao-thong&loaisp=softwares HTTP/1.0" 200 13616 "-" "Mozilla/5.0 (compatible; bingbot/2.0; +http://www.bing.com/bingbot.htm)"
157.55.39.126 - - [16/Oct/2021:06:27:51 +0700] "GET /san-pham.html?linhvuc=dau-khi&hangsx=radiodetection&ungdung=don-gia-chi-so-gia-xay-dung-cong-trinh&loaisp=phan-mem HTTP/1.0" 200 16098 "-" "Mozilla/5.0 (compatible; bingbot/2.0; +http://www.bing.com/bingbot.htm)"
207.46.13.45 - - [16/Oct/2021:06:29:09 +0700] "GET /robots.txt HTTP/1.0" 301 2105 "-" "Mozilla/5.0 (compatible; bingbot/2.0; +http://www.bing.com/bingbot.htm)"
207.46.13.45 - - [16/Oct/2021:06:29:10 +0700] "GET /robots.txt HTTP/1.0" 200 528 "-" "Mozilla/5.0 (compatible; bingbot/2.0; +http://www.bing.com/bingbot.htm)"
157.55.39.30 - - [16/Oct/2021:06:29:12 +0700] "GET /images/products/2019/09/03/large/RDW1.jpg HTTP/1.0" 301 785 "-" "Mozilla/5.0 (compatible; bingbot/2.0; +http://www.bing.com/bingbot.htm)"
157.55.39.30 - - [16/Oct/2021:06:29:22 +0700] "GET /images/products/2019/09/03/large/RDW1.jpg HTTP/1.0" 200 490 "-" "Mozilla/5.0 (compatible; bingbot/2.0; +http://www.bing.com/bingbot.htm)"
157.55.39.40 - - [16/Oct/2021:06:30:15 +0700] "GET /san-pham.html?loaisp=giai-phap-tich-hop&hangsx=piletest&linhvuc=noi-that-va-vat-lieu-xay-dung&ungdung=don-gia-chi-so-gia-xay-dung-cong-trinh HTTP/1.0" 200 16137 "-" "Mozilla/5.0 (compatible; bingbot/2.0; +http://www.bing.com/bingbot.htm)"
157.55.39.126 - - [16/Oct/2021:06:30:21 +0700] "GET /images/news/2019/10/large/blastmateiii_0_1571392957.jpg HTTP/1.0" 200 504 "-" "Mozilla/5.0 (compatible; bingbot/2.0; +http://www.bing.com/bingbot.htm)"
40.77.167.48 - - [16/Oct/2021:06:30:43 +0700] "GET /products.html?loaisp=devices&hangsx=aspentech&linhvuc=dau-khi&ungdung=mo-phong-dau-khi HTTP/1.0" 200 13632 "-" "Mozilla/5.0 (compatible; bingbot/2.0; +http://www.bing.com/bingbot.htm)"
87.250.224.19 - - [16/Oct/2021:06:30:48 +0700] "GET /robots.txt HTTP/1.0" 200 528 "-" "Mozilla/5.0 (compatible; YandexBot/3.0; +http://yandex.com/bots)"
87.250.224.19 - - [16/Oct/2021:06:30:51 +0700] "GET /san-pham/windpro-thiet-ke-va-quy-hoach-dien-gio-p274.html HTTP/1.0" 200 17208 "-" "Mozilla/5.0 (compatible; YandexBot/3.0; +http://yandex.com/bots)"
207.46.13.168 - - [16/Oct/2021:06:31:13 +0700] "GET /products.html?loaisp=others&hangsx=troxler-usa&linhvuc=co-khi-che-tao&ungdung=oil-gas-modelling HTTP/1.0" 200 13641 "-" "Mozilla/5.0 (compatible; bingbot/2.0; +http://www.bing.com/bingbot.htm)"
216.244.66.243 - - [16/Oct/2021:06:31:53 +0700] "GET /robots.txt HTTP/1.0" 200 528 "-" "Mozilla/5.0 (compatible; DotBot/1.2; +https://opensiteexplorer.org/dotbot; help@moz.com)"
157.55.39.30 - - [16/Oct/2021:06:32:15 +0700] "GET /san-pham.html?linhvuc=giao-duc-dao-tao&hangsx=dassault-systemes&ungdung=mo-phong-dau-khi&loaisp=giai-phap-tich-hop HTTP/1.0" 200 16107 "-" "Mozilla/5.0 (compatible; bingbot/2.0; +http://www.bing.com/bingbot.htm)"
40.77.167.59 - - [16/Oct/2021:06:32:56 +0700] "GET /products.html?ungdung=work-structure&hangsx=canarina&linhvuc=giao-duc-dao-tao&loaisp=softwares HTTP/1.0" 200 13633 "-" "Mozilla/5.0 (compatible; bingbot/2.0; +http://www.bing.com/bingbot.htm)"
207.46.13.52 - - [16/Oct/2021:06:33:03 +0700] "GET /images/config/logo-cic---copy_1588153964.png HTTP/1.0" 200 492 "-" "Mozilla/5.0 (compatible; bingbot/2.0; +http://www.bing.com/bingbot.htm)"
66.249.79.106 - - [16/Oct/2021:06:33:08 +0700] "GET /hop-dong-hoan-thanh-ban-giao-32-thiet-bi-doc-ghi-so-dong-ho-n57.html HTTP/1.0" 200 11781 "-" "Mozilla/5.0 (compatible; Googlebot/2.1; +http://www.google.com/bot.html)"
207.46.13.52 - - [16/Oct/2021:06:34:13 +0700] "GET /?page=giai-phap-tram-can-tai-trong-xe-weight-in-motion-wim HTTP/1.0" 200 11214 "-" "Mozilla/5.0 (compatible; bingbot/2.0; +http://www.bing.com/bingbot.htm)"
144.76.14.79 - - [16/Oct/2021:06:35:42 +0700] "GET /robots.txt HTTP/1.0" 301 723 "-" "Mozilla/5.0 (Windows NT 10.0; Win64; x64; trendictionbot0.5.0; trendiction search; http://www.trendiction.de/bot; please let us know of any problems; web at trendiction.com) Gecko/20170101 Firefox/67.0"
144.76.14.79 - - [16/Oct/2021:06:35:44 +0700] "GET /robots.txt HTTP/1.0" 200 528 "https://cic.com.vn/robots.txt" "Mozilla/5.0 (Windows NT 10.0; Win64; x64; trendictionbot0.5.0; trendiction search; http://www.trendiction.de/bot; please let us know of any problems; web at trendiction.com) Gecko/20170101 Firefox/67.0"
216.244.66.243 - - [16/Oct/2021:06:36:48 +0700] "GET /?page=analysis-project-management-software HTTP/1.0" 200 71791 "-" "Mozilla/5.0 (compatible; DotBot/1.2; +https://opensiteexplorer.org/dotbot; help@moz.com)"
87.250.224.19 - - [16/Oct/2021:06:36:58 +0700] "GET / HTTP/1.0" 200 11151 "-" "Mozilla/5.0 (compatible; YandexBot/3.0; +http://yandex.com/bots) AppleWebKit/537.36 (KHTML, like Gecko) Chrome/81.0.4044.268"
87.250.224.19 - - [16/Oct/2021:06:37:01 +0700] "GET /blocks/mainmenu/assets/css/megamenu_moblie.css HTTP/1.0" 200 814 "https://www.cic.com.vn/" "Mozilla/5.0 (compatible; YandexBot/3.0; +http://yandex.com/bots) AppleWebKit/537.36 (KHTML, like Gecko) Chrome/81.0.4044.268"
141.8.142.73 - - [16/Oct/2021:06:37:06 +0700] "GET /blocks/library/assets/css/style2.css HTTP/1.0" 200 483 "https://www.cic.com.vn/" "Mozilla/5.0 (compatible; YandexBot/3.0; +http://yandex.com/bots) AppleWebKit/537.36 (KHTML, like Gecko) Chrome/81.0.4044.268"
141.8.142.73 - - [16/Oct/2021:06:37:08 +0700] "GET /templates/default/css/style.css HTTP/1.0" 200 478 "https://www.cic.com.vn/" "Mozilla/5.0 (compatible; YandexBot/3.0; +http://yandex.com/bots) AppleWebKit/537.36 (KHTML, like Gecko) Chrome/81.0.4044.268"
141.8.142.73 - - [16/Oct/2021:06:37:11 +0700] "GET /blocks/mainmenu/assets/css/jquery.mmenu.all.css HTTP/1.0" 200 494 "https://www.cic.com.vn/" "Mozilla/5.0 (compatible; YandexBot/3.0; +http://yandex.com/bots) AppleWebKit/537.36 (KHTML, like Gecko) Chrome/81.0.4044.268"
87.250.224.19 - - [16/Oct/2021:06:37:15 +0700] "GET /libraries/owlcarousel/assets/owl.theme.default.css HTTP/1.0" 200 497 "https://www.cic.com.vn/" "Mozilla/5.0 (compatible; YandexBot/3.0; +http://yandex.com/bots) AppleWebKit/537.36 (KHTML, like Gecko) Chrome/81.0.4044.268"
87.250.224.19 - - [16/Oct/2021:06:37:17 +0700] "GET /libraries/font-awesome/css/fontawesome-all.min.css HTTP/1.0" 200 497 "https://www.cic.com.vn/" "Mozilla/5.0 (compatible; YandexBot/3.0; +http://yandex.com/bots) AppleWebKit/537.36 (KHTML, like Gecko) Chrome/81.0.4044.268"
87.250.224.19 - - [16/Oct/2021:06:37:20 +0700] "GET /libraries/owlcarousel/assets/owl.carousel.min.css HTTP/1.0" 200 496 "https://www.cic.com.vn/" "Mozilla/5.0 (compatible; YandexBot/3.0; +http://yandex.com/bots) AppleWebKit/537.36 (KHTML, like Gecko) Chrome/81.0.4044.268"
87.250.224.19 - - [16/Oct/2021:06:37:22 +0700] "GET /modules/home/assets/css/home6.css HTTP/1.0" 200 480 "https://www.cic.com.vn/" "Mozilla/5.0 (compatible; YandexBot/3.0; +http://yandex.com/bots) AppleWebKit/537.36 (KHTML, like Gecko) Chrome/81.0.4044.268"
87.250.224.19 - - [16/Oct/2021:06:37:25 +0700] "GET /templates/default/css/bootstrap.css HTTP/1.0" 200 482 "https://www.cic.com.vn/" "Mozilla/5.0 (compatible; YandexBot/3.0; +http://yandex.com/bots) AppleWebKit/537.36 (KHTML, like Gecko) Chrome/81.0.4044.268"
87.250.224.19 - - [16/Oct/2021:06:37:28 +0700] "GET /blocks/mainmenu/assets/css/mmenu.css HTTP/1.0" 200 483 "https://www.cic.com.vn/" "Mozilla/5.0 (compatible; YandexBot/3.0; +http://yandex.com/bots) AppleWebKit/537.36 (KHTML, like Gecko) Chrome/81.0.4044.268"
141.8.142.73 - - [16/Oct/2021:06:37:32 +0700] "GET /blocks/mainmenu/assets/css/styles.css HTTP/1.0" 200 484 "https://www.cic.com.vn/" "Mozilla/5.0 (compatible; YandexBot/3.0; +http://yandex.com/bots) AppleWebKit/537.36 (KHTML, like Gecko) Chrome/81.0.4044.268"
87.250.224.19 - - [16/Oct/2021:06:37:56 +0700] "GET /libraries/jquery/jquery-1.12.4.min.js HTTP/1.0" 200 498 "https://www.cic.com.vn/" "Mozilla/5.0 (compatible; YandexBot/3.0; +http://yandex.com/bots) AppleWebKit/537.36 (KHTML, like Gecko) Chrome/81.0.4044.268"
141.8.142.73 - - [16/Oct/2021:06:38:00 +0700] "GET /templates/default/js/bootstrap.min.js HTTP/1.0" 200 498 "https://www.cic.com.vn/" "Mozilla/5.0 (compatible; YandexBot/3.0; +http://yandex.com/bots) AppleWebKit/537.36 (KHTML, like Gecko) Chrome/81.0.4044.268"
87.250.224.19 - - [16/Oct/2021:06:38:13 +0700] "GET /blocks/mainmenu/assets/js/mmenu.js HTTP/1.0" 200 495 "https://www.cic.com.vn/" "Mozilla/5.0 (compatible; YandexBot/3.0; +http://yandex.com/bots) AppleWebKit/537.36 (KHTML, like Gecko) Chrome/81.0.4044.268"
87.250.224.19 - - [16/Oct/2021:06:38:15 +0700] "GET /templates/default/js/form1.js HTTP/1.0" 200 490 "https://www.cic.com.vn/" "Mozilla/5.0 (compatible; YandexBot/3.0; +http://yandex.com/bots) AppleWebKit/537.36 (KHTML, like Gecko) Chrome/81.0.4044.268"
216.244.66.243 - - [16/Oct/2021:06:38:17 +0700] "GET /?mact=FrontEndUsers%2Ccntnt01%2Cdefault%2C0&cntnt01form=forgotpw&cntnt01returnto=616&cntnt01returnid=114 HTTP/1.0" 200 71809 "-" "Mozilla/5.0 (compatible; DotBot/1.2; +https://opensiteexplorer.org/dotbot; help@moz.com)"
141.8.142.73 - - [16/Oct/2021:06:38:18 +0700] "GET /modules/home/assets/js/default.js HTTP/1.0" 200 771 "https://www.cic.com.vn/" "Mozilla/5.0 (compatible; YandexBot/3.0; +http://yandex.com/bots) AppleWebKit/537.36 (KHTML, like Gecko) Chrome/81.0.4044.268"
87.250.224.19 - - [16/Oct/2021:06:38:19 +0700] "GET /blocks/search/assets/js/search.js HTTP/1.0" 200 494 "https://www.cic.com.vn/" "Mozilla/5.0 (compatible; YandexBot/3.0; +http://yandex.com/bots) AppleWebKit/537.36 (KHTML, like Gecko) Chrome/81.0.4044.268"
87.250.224.19 - - [16/Oct/2021:06:38:30 +0700] "GET /blocks/mainmenu/assets/js/mmenu.polyfills.js HTTP/1.0" 200 505 "https://www.cic.com.vn/" "Mozilla/5.0 (compatible; YandexBot/3.0; +http://yandex.com/bots) AppleWebKit/537.36 (KHTML, like Gecko) Chrome/81.0.4044.268"
87.250.224.19 - - [16/Oct/2021:06:38:36 +0700] "GET /libraries/owlcarousel/owl.carousel.min.js HTTP/1.0" 200 502 "https://www.cic.com.vn/" "Mozilla/5.0 (compatible; YandexBot/3.0; +http://yandex.com/bots) AppleWebKit/537.36 (KHTML, like Gecko) Chrome/81.0.4044.268"
87.250.224.19 - - [16/Oct/2021:06:38:41 +0700] "GET /blocks/mainmenu/assets/js/megamenu_moblie.js HTTP/1.0" 200 789 "https://www.cic.com.vn/" "Mozilla/5.0 (compatible; YandexBot/3.0; +http://yandex.com/bots) AppleWebKit/537.36 (KHTML, like Gecko) Chrome/81.0.4044.268"
157.55.39.40 - - [16/Oct/2021:06:38:44 +0700] "GET /uploads/images/TKT/intro/xem_bv.png HTTP/1.0" 301 773 "-" "Mozilla/5.0 (compatible; bingbot/2.0; +http://www.bing.com/bingbot.htm)"
87.250.224.19 - - [16/Oct/2021:06:38:44 +0700] "GET /blocks/library/assets/js/TweenLite.min.js HTTP/1.0" 200 502 "https://www.cic.com.vn/" "Mozilla/5.0 (compatible; YandexBot/3.0; +http://yandex.com/bots) AppleWebKit/537.36 (KHTML, like Gecko) Chrome/81.0.4044.268"
114.119.148.1 - - [16/Oct/2021:06:38:47 +0700] "GET /article/cong-ty-co-phan-tin-hoc-va-tu-van-xay-dung-cic-va-breeze-software-chinh-thuc-tro-thanh-doi-0?page=38 HTTP/1.0" 404 776 "-" "Mozilla/5.0 (Linux; Android 7.0;) AppleWebKit/537.36 (KHTML, like Gecko) Mobile Safari/537.36 (compatible; PetalBot;+https://webmaster.petalsearch.com/site/petalbot)"
157.55.39.40 - - [16/Oct/2021:06:38:54 +0700] "GET /uploads/images/TKT/intro/xem_bv.png HTTP/1.0" 200 483 "-" "Mozilla/5.0 (compatible; bingbot/2.0; +http://www.bing.com/bingbot.htm)"
216.244.66.243 - - [16/Oct/2021:06:39:02 +0700] "GET /?mact=News%2Ccntnt01%2Cdetail%2C0&cntnt01articleid=327&cntnt01returnid=92 HTTP/1.0" 200 71813 "-" "Mozilla/5.0 (compatible; DotBot/1.2; +https://opensiteexplorer.org/dotbot; help@moz.com)"
87.250.224.19 - - [16/Oct/2021:06:39:02 +0700] "GET /blocks/library/assets/js/demo.js HTTP/1.0" 200 493 "https://www.cic.com.vn/" "Mozilla/5.0 (compatible; YandexBot/3.0; +http://yandex.com/bots) AppleWebKit/537.36 (KHTML, like Gecko) Chrome/81.0.4044.268"
216.244.66.243 - - [16/Oct/2021:06:39:15 +0700] "GET /?mact=News%2Ccntnt01%2Cdetail%2C0&cntnt01articleid=364&cntnt01returnid=56 HTTP/1.0" 200 71798 "-" "Mozilla/5.0 (compatible; DotBot/1.2; +https://opensiteexplorer.org/dotbot; help@moz.com)"
216.244.66.243 - - [16/Oct/2021:06:39:26 +0700] "GET /?mact=News%2Ccntnt01%2Cdetail%2C0&cntnt01articleid=368&cntnt01returnid=56 HTTP/1.0" 200 71747 "-" "Mozilla/5.0 (compatible; DotBot/1.2; +https://opensiteexplorer.org/dotbot; help@moz.com)"
157.55.39.126 - - [16/Oct/2021:06:40:22 +0700] "GET /san-pham.html?linhvuc=giao-duc-dao-tao&hangsx=radiodetection&ungdung=don-gia-chi-so-gia-xay-dung-cong-trinh&loaisp=phan-mem HTTP/1.0" 200 16106 "-" "Mozilla/5.0 (compatible; bingbot/2.0; +http://www.bing.com/bingbot.htm)"
216.244.66.243 - - [16/Oct/2021:06:40:28 +0700] "GET /?mact=News%2Ccntnt01%2Cdetail%2C0&cntnt01articleid=187&cntnt01origid=56&cntnt01returnid=56 HTTP/1.0" 200 71824 "-" "Mozilla/5.0 (compatible; DotBot/1.2; +https://opensiteexplorer.org/dotbot; help@moz.com)"
157.55.39.126 - - [16/Oct/2021:06:41:19 +0700] "GET /san-pham.html?linhvuc=xay-dung&hangsx=geotomographie&ungdung=don-gia-chi-so-gia-xay-dung-cong-trinh HTTP/1.0" 200 16059 "-" "Mozilla/5.0 (compatible; bingbot/2.0; +http://www.bing.com/bingbot.htm)"
54.90.86.203 - - [16/Oct/2021:06:41:22 +0700] "GET /download/PMXD/stCAD/stCAD42Setup.exe HTTP/1.0" 200 499 "-" "Mozilla/5.0 (Macintosh; Intel Mac OS X 10_10_5) AppleWebKit/537.36 (KHTML, like Gecko) Chrome/52.0.2743.116 Safari/537.36"
54.90.86.203 - - [16/Oct/2021:06:41:22 +0700] "GET /download/PMXD/Escon/Escon60FullSetup.exe HTTP/1.0" 301 783 "-" "Mozilla/5.0 (Macintosh; Intel Mac OS X 10_10_5) AppleWebKit/537.36 (KHTML, like Gecko) Chrome/52.0.2743.116 Safari/537.36"
54.90.86.203 - - [16/Oct/2021:06:41:22 +0700] "GET /download/PMXD/Full/Sumac3.1.0.2208FullSetup.exe HTTP/1.0" 301 797 "-" "Mozilla/5.0 (Macintosh; Intel Mac OS X 10_10_5) AppleWebKit/537.36 (KHTML, like Gecko) Chrome/52.0.2743.116 Safari/537.36"
87.250.224.19 - - [16/Oct/2021:06:41:27 +0700] "GET /san-pham.html?hangsx=csi HTTP/1.0" 200 40265 "-" "Mozilla/5.0 (compatible; YandexBot/3.0; +http://yandex.com/bots)"
87.250.224.19 - - [16/Oct/2021:06:41:32 +0700] "GET /templates/default/js/main.js HTTP/1.0" 200 489 "https://www.cic.com.vn/" "Mozilla/5.0 (compatible; YandexBot/3.0; +http://yandex.com/bots) AppleWebKit/537.36 (KHTML, like Gecko) Chrome/81.0.4044.268"
157.55.39.40 - - [16/Oct/2021:06:42:15 +0700] "GET /products.html?linhvuc=dau-khi&hangsx=plaxis&ungdung=others HTTP/1.0" 200 13605 "-" "Mozilla/5.0 (compatible; bingbot/2.0; +http://www.bing.com/bingbot.htm)"
40.77.167.48 - - [16/Oct/2021:06:42:31 +0700] "GET /san-pham.html?ungdung=don-gia-chi-so-gia-xay-dung-cong-trinh&hangsx=geotomographie&linhvuc=thuy-loi HTTP/1.0" 200 16060 "-" "Mozilla/5.0 (compatible; bingbot/2.0; +http://www.bing.com/bingbot.htm)"
157.55.39.126 - - [16/Oct/2021:06:42:47 +0700] "GET /products.html?hangsx=graitec&linhvuc=giao-duc-dao-tao&ungdung=dao-tao-lai-xe HTTP/1.0" 200 13613 "-" "Mozilla/5.0 (compatible; bingbot/2.0; +http://www.bing.com/bingbot.htm)"
40.77.167.48 - - [16/Oct/2021:06:42:54 +0700] "GET /products.html?hangsx=kritikal-india&linhvuc=giao-duc-dao-tao&ungdung=construction-cost-estimates&loaisp=phan-mem HTTP/1.0" 200 13643 "-" "Mozilla/5.0 (compatible; bingbot/2.0; +http://www.bing.com/bingbot.htm)"
13.66.139.0 - - [16/Oct/2021:06:42:57 +0700] "GET /san-pham.html?linhvuc=noi-that-va-vat-lieu-xay-dung&hangsx=cic&ungdung=ung-dung-khac&loaisp=giai-phap-tich-hop HTTP/1.0" 200 16105 "-" "Mozilla/5.0 (compatible; bingbot/2.0; +http://www.bing.com/bingbot.htm)"
157.55.39.30 - - [16/Oct/2021:06:43:17 +0700] "GET /products.html?loaisp=softwares&hangsx=dsi-usa&linhvuc=moi-truong&ungdung=unit-price-work-construction-price-index HTTP/1.0" 200 13643 "-" "Mozilla/5.0 (compatible; bingbot/2.0; +http://www.bing.com/bingbot.htm)"
216.244.66.243 - - [16/Oct/2021:06:43:46 +0700] "GET /?mact=FrontEndUsers%2Ccntnt01%2Cdefault%2C0&cntnt01form=forgotpw&cntnt01returnto=847&cntnt01returnid=114 HTTP/1.0" 200 71812 "-" "Mozilla/5.0 (compatible; DotBot/1.2; +https://opensiteexplorer.org/dotbot; help@moz.com)"
87.250.224.19 - - [16/Oct/2021:06:44:37 +0700] "GET /san-pham/thiet-bi-kiem-tra-bien-dang-nho-cua-coc-p258.html HTTP/1.0" 200 21133 "-" "Mozilla/5.0 (compatible; YandexBot/3.0; +http://yandex.com/bots)"
66.249.79.110 - - [16/Oct/2021:06:44:42 +0700] "GET /en/san-pham/pasi-italia HTTP/1.0" 404 699 "-" "Mozilla/5.0 (compatible; Googlebot/2.1; +http://www.google.com/bot.html)"
175.143.194.41 - - [16/Oct/2021:06:45:49 +0700] "GET / HTTP/1.0" 200 11087 "https://www.cic.com.vn/" "Mozilla/5.0 (Windows NT 10.0; Win64; x64) AppleWebKit/537.36 (KHTML, like Gecko) Chrome/94.0.4606.81 Safari/537.36"
175.143.194.41 - - [16/Oct/2021:06:45:50 +0700] "GET /images/banners/original/tedi-south_1584082165.jpg HTTP/1.0" 200 498 "https://www.cic.com.vn/" "Mozilla/5.0 (Windows NT 10.0; Win64; x64) AppleWebKit/537.36 (KHTML, like Gecko) Chrome/94.0.4606.81 Safari/537.36"
175.143.194.41 - - [16/Oct/2021:06:45:51 +0700] "GET /images/favicon.ico HTTP/1.0" 200 481 "https://www.cic.com.vn/" "Mozilla/5.0 (Windows NT 10.0; Win64; x64) AppleWebKit/537.36 (KHTML, like Gecko) Chrome/94.0.4606.81 Safari/537.36"
66.249.79.106 - - [16/Oct/2021:06:45:55 +0700] "GET /chuong-trinh-khuyen-mai-chao-mung-ngay-giai-phong-mien-nam-304-quoc-te-lao-dong-15-n25.html HTTP/1.0" 200 10395 "-" "Mozilla/5.0 (Linux; Android 6.0.1; Nexus 5X Build/MMB29P) AppleWebKit/537.36 (KHTML, like Gecko) Chrome/94.0.4606.71 Mobile Safari/537.36 (compatible; Googlebot/2.1; +http://www.google.com/bot.html)"
40.77.167.59 - - [16/Oct/2021:06:46:29 +0700] "GET /products.html?hangsx=trimble&linhvuc=giao-duc-dao-tao&ungdung=geotechnics HTTP/1.0" 200 13617 "-" "Mozilla/5.0 (compatible; bingbot/2.0; +http://www.bing.com/bingbot.htm)"
157.55.39.40 - - [16/Oct/2021:06:46:36 +0700] "GET /products.html?loaisp=integrated-solutions&hangsx=zehntner&linhvuc=dau-khi&ungdung=don-gia-chi-so-gia-xay-dung-cong-trinh HTTP/1.0" 200 13658 "-" "Mozilla/5.0 (compatible; bingbot/2.0; +http://www.bing.com/bingbot.htm)"
207.46.13.168 - - [16/Oct/2021:06:46:53 +0700] "GET /san-pham.html?linhvuc=giao-duc-dao-tao&hangsx=geonor-na-uy&ungdung=du-toan-cong-trinh HTTP/1.0" 200 16046 "-" "Mozilla/5.0 (compatible; bingbot/2.0; +http://www.bing.com/bingbot.htm)"
157.55.39.30 - - [16/Oct/2021:06:47:13 +0700] "GET /upload_images/images/2021/04/15/3.png HTTP/1.0" 200 485 "-" "Mozilla/5.0 (compatible; bingbot/2.0; +http://www.bing.com/bingbot.htm)"
114.119.148.103 - - [16/Oct/2021:06:47:37 +0700] "GET /san-pham/saw-series-2 HTTP/1.0" 301 745 "-" "Mozilla/5.0 (Linux; Android 7.0;) AppleWebKit/537.36 (KHTML, like Gecko) Mobile Safari/537.36 (compatible; PetalBot;+https://webmaster.petalsearch.com/site/petalbot)"
114.119.148.103 - - [16/Oct/2021:06:47:44 +0700] "GET /san-pham/saw-series-2 HTTP/1.0" 404 697 "-" "Mozilla/5.0 (Linux; Android 7.0;) AppleWebKit/537.36 (KHTML, like Gecko) Mobile Safari/537.36 (compatible; PetalBot;+https://webmaster.petalsearch.com/site/petalbot)"
66.249.79.106 - - [16/Oct/2021:06:47:48 +0700] "GET /quan-he-co-dong HTTP/1.0" 404 691 "-" "Mozilla/5.0 (compatible; Googlebot/2.1; +http://www.google.com/bot.html)"
207.46.13.106 - - [16/Oct/2021:06:48:59 +0700] "GET /products.html?linhvuc=dau-khi&hangsx=aspentech&ungdung=work-structure HTTP/1.0" 200 13610 "-" "Mozilla/5.0 (compatible; bingbot/2.0; +http://www.bing.com/bingbot.htm)"
216.244.66.243 - - [16/Oct/2021:06:49:14 +0700] "GET /?mact=FrontEndUsers%2Ccntnt01%2Cdefault%2C0&cntnt01lang=vn_US&cntnt01form=forgotpw&cntnt01returnto=778&cntnt01returnid=114 HTTP/1.0" 200 71831 "-" "Mozilla/5.0 (compatible; DotBot/1.2; +https://opensiteexplorer.org/dotbot; help@moz.com)"
122.167.77.42 - - [16/Oct/2021:06:51:39 +0700] "GET /co-cau-to-chuc-ce2.html HTTP/1.0" 200 7645 "https://www.cic.com.vn/co-cau-to-chuc-ce2.html" "Mozilla/5.0 (Windows NT 10.0; Win64; x64) AppleWebKit/537.36 (KHTML, like Gecko) Chrome/94.0.4606.81 Safari/537.36"
122.167.77.42 - - [16/Oct/2021:06:51:41 +0700] "GET /images/favicon.ico HTTP/1.0" 200 481 "https://www.cic.com.vn/co-cau-to-chuc-ce2.html" "Mozilla/5.0 (Windows NT 10.0; Win64; x64) AppleWebKit/537.36 (KHTML, like Gecko) Chrome/94.0.4606.81 Safari/537.36"
157.55.39.40 - - [16/Oct/2021:06:51:45 +0700] "GET /products.html?hangsx=instantel&linhvuc=giao-duc-dao-tao&ungdung=unit-price-work-construction-price-index&loaisp=phan-mem HTTP/1.0" 200 13644 "-" "Mozilla/5.0 (compatible; bingbot/2.0; +http://www.bing.com/bingbot.htm)"
66.249.79.108 - - [16/Oct/2021:06:52:03 +0700] "GET /san-pham.html?hangsx=fine-spol-s-ro&linhvuc=thuy-loi&ungdung=noi-that HTTP/1.0" 200 16027 "-" "Mozilla/5.0 (compatible; Googlebot/2.1; +http://www.google.com/bot.html)"
66.249.79.108 - - [16/Oct/2021:06:52:25 +0700] "GET /san-pham.html?linhvuc=co-khi-che-tao&hangsx=fine-spol-s-ro&ungdung=noi-that HTTP/1.0" 200 16034 "-" "Mozilla/5.0 (compatible; Googlebot/2.1; +http://www.google.com/bot.html)"
192.0.85.176 - - [16/Oct/2021:06:52:57 +0700] "GET / HTTP/1.0" 200 11148 "https://www.cic.com.vn/" "Automattic Feed Fetcher 1.0"
192.0.85.176 - - [16/Oct/2021:06:52:58 +0700] "GET /rss.xml HTTP/1.0" 200 3972 "https://www.cic.com.vn/rss.xml" "Automattic Feed Fetcher 1.0"
114.119.148.106 - - [16/Oct/2021:06:53:27 +0700] "GET /en/san-pham/ptv-vistro-software HTTP/1.0" 301 765 "-" "Mozilla/5.0 (Linux; Android 7.0;) AppleWebKit/537.36 (KHTML, like Gecko) Mobile Safari/537.36 (compatible; PetalBot;+https://webmaster.petalsearch.com/site/petalbot)"
114.119.148.106 - - [16/Oct/2021:06:53:33 +0700] "GET /en/san-pham/ptv-vistro-software HTTP/1.0" 404 707 "-" "Mozilla/5.0 (Linux; Android 7.0;) AppleWebKit/537.36 (KHTML, like Gecko) Mobile Safari/537.36 (compatible; PetalBot;+https://webmaster.petalsearch.com/site/petalbot)"
66.249.79.108 - - [16/Oct/2021:06:53:46 +0700] "GET /san-pham.html?linhvuc=xay-dung&hangsx=fine-spol-s-ro&ungdung=noi-that HTTP/1.0" 200 16026 "-" "Mozilla/5.0 (compatible; Googlebot/2.1; +http://www.google.com/bot.html)"
66.249.79.106 - - [16/Oct/2021:06:55:20 +0700] "GET /san-pham.html?ungdung=du-toan-cong-trinh&hangsx=fine-spol-s-ro&linhvuc=thuy-loi HTTP/1.0" 200 16040 "-" "Mozilla/5.0 (compatible; Googlebot/2.1; +http://www.google.com/bot.html)"
13.66.139.0 - - [16/Oct/2021:06:55:26 +0700] "GET /san-pham.html?ungdung=ung-dung-khac&hangsx=trl-anh&linhvuc=xay-dung&loaisp=giai-phap-tich-hop HTTP/1.0" 200 16089 "-" "Mozilla/5.0 (compatible; bingbot/2.0; +http://www.bing.com/bingbot.htm)"
40.77.167.48 - - [16/Oct/2021:06:57:22 +0700] "GET /upload_images/images/2020/03/7.jpg HTTP/1.0" 301 771 "-" "Mozilla/5.0 (compatible; bingbot/2.0; +http://www.bing.com/bingbot.htm)"
40.77.167.48 - - [16/Oct/2021:06:57:32 +0700] "GET /upload_images/images/2020/03/7.jpg HTTP/1.0" 200 483 "-" "Mozilla/5.0 (compatible; bingbot/2.0; +http://www.bing.com/bingbot.htm)"
66.249.79.106 - - [16/Oct/2021:06:58:19 +0700] "GET /products.html?linhvuc=xay-dung&hangsx=csi&loaisp=others HTTP/1.0" 200 13595 "-" "Mozilla/5.0 (compatible; Googlebot/2.1; +http://www.google.com/bot.html)"
66.249.79.106 - - [16/Oct/2021:06:58:20 +0700] "GET /san-pham.html?linhvuc=giao-thong&hangsx=fine-spol-s-ro&ungdung=noi-that HTTP/1.0" 200 16025 "-" "Mozilla/5.0 (compatible; Googlebot/2.1; +http://www.google.com/bot.html)"
157.55.39.164 - - [16/Oct/2021:06:59:48 +0700] "GET /products.html?ungdung=construction-cost-estimates&hangsx=bentley-systems-incorporated&linhvuc=dau-khi HTTP/1.0" 200 13628 "-" "Mozilla/5.0 (compatible; bingbot/2.0; +http://www.bing.com/bingbot.htm)"
157.55.39.30 - - [16/Oct/2021:06:59:56 +0700] "GET /san-pham/phan-mem-fets-rt-web-p148.html HTTP/1.0" 200 13226 "-" "Mozilla/5.0 (compatible; bingbot/2.0; +http://www.bing.com/bingbot.htm)"
114.119.148.1 - - [16/Oct/2021:07:00:41 +0700] "GET /san-pham/ron-3025 HTTP/1.0" 301 737 "-" "Mozilla/5.0 (Linux; Android 7.0;) AppleWebKit/537.36 (KHTML, like Gecko) Mobile Safari/537.36 (compatible; PetalBot;+https://webmaster.petalsearch.com/site/petalbot)"
114.119.148.1 - - [16/Oct/2021:07:00:42 +0700] "GET /san-pham/ron-3025 HTTP/1.0" 404 693 "-" "Mozilla/5.0 (Linux; Android 7.0;) AppleWebKit/537.36 (KHTML, like Gecko) Mobile Safari/537.36 (compatible; PetalBot;+https://webmaster.petalsearch.com/site/petalbot)"
66.249.79.110 - - [16/Oct/2021:07:02:28 +0700] "GET /san-pham.html?linhvuc=noi-that-va-vat-lieu-xay-dung&hangsx=fine-spol-s-ro&ungdung=noi-that HTTP/1.0" 200 16052 "-" "Mozilla/5.0 (compatible; Googlebot/2.1; +http://www.google.com/bot.html)"
