157.55.39.30 - - [16/Oct/2021:07:02:46 +0700] "GET /products.html?ungdung=work-structure&hangsx=renishaw-uk&linhvuc=moi-truong HTTP/1.0" 200 13610 "-" "Mozilla/5.0 (compatible; bingbot/2.0; +http://www.bing.com/bingbot.htm)"
13.229.239.241 - - [16/Oct/2021:07:03:37 +0700] "GET / HTTP/1.0" 200 11151 "-" "Mozilla/5.0 (Windows NT 6.1) AppleWebKit/537.36 (KHTML, like Gecko) Chrome/63.0.3239.132 Safari/537.36"
78.142.193.246 - - [16/Oct/2021:07:03:42 +0700] "GET /pma/ HTTP/1.0" 404 680 "https://www.cic.com.vn/pma/" "Mozilla/5.0 (Windows NT 10.0; Win64; x64) AppleWebKit/537.36 (KHTML, like Gecko) Chrome/86.0.4240.198 Safari/537.36"
78.142.193.246 - - [16/Oct/2021:07:03:55 +0700] "GET /phpmyadmin/ HTTP/1.0" 404 687 "https://www.cic.com.vn/phpmyadmin/" "Mozilla/5.0 (Windows NT 10.0; Win64; x64) AppleWebKit/537.36 (KHTML, like Gecko) Chrome/86.0.4240.198 Safari/537.36"
78.142.193.246 - - [16/Oct/2021:07:04:03 +0700] "GET /phpMyAdmin/ HTTP/1.0" 404 687 "https://www.cic.com.vn/phpMyAdmin/" "Mozilla/5.0 (Windows NT 10.0; Win64; x64) AppleWebKit/537.36 (KHTML, like Gecko) Chrome/86.0.4240.198 Safari/537.36"
157.55.39.30 - - [16/Oct/2021:07:05:26 +0700] "GET /?q=en/san-pham/arcady-software HTTP/1.0" 200 11221 "-" "Mozilla/5.0 (compatible; bingbot/2.0; +http://www.bing.com/bingbot.htm)"
157.55.39.164 - - [16/Oct/2021:07:05:30 +0700] "GET /cic-trung-thau-cung-cap-phan-mem-phast-cho-cong-ty-tnhh-dich-ne39.html HTTP/1.0" 200 10764 "-" "Mozilla/5.0 (compatible; bingbot/2.0; +http://www.bing.com/bingbot.htm)"
27.75.153.26 - - [16/Oct/2021:07:05:58 +0700] "GET /uploads/images/MCW/23.%20ban%20ve%20chi%20tiet%20coc%20dong%20ep.jpg HTTP/1.0" 301 839 "https://www.google.com/" "Mozilla/5.0 (Windows NT 10.0; Win64; x64) AppleWebKit/537.36 (KHTML, like Gecko) Chrome/94.0.4606.81 Safari/537.36"
27.75.153.26 - - [16/Oct/2021:07:05:58 +0700] "GET /uploads/images/MCW/23.%20ban%20ve%20chi%20tiet%20coc%20dong%20ep.jpg HTTP/1.0" 200 503 "https://www.google.com/" "Mozilla/5.0 (Windows NT 10.0; Win64; x64) AppleWebKit/537.36 (KHTML, like Gecko) Chrome/94.0.4606.81 Safari/537.36"
54.146.176.237 - - [16/Oct/2021:07:08:37 +0700] "GET / HTTP/1.0" 200 71703 "-" "Mozilla/5.0 (Windows NT 6.1; Win64; x64) AppleWebKit/537.36 (KHTML, like Gecko) Chrome/72.0.3626.109 Safari/537.36"
207.46.13.168 - - [16/Oct/2021:07:09:14 +0700] "GET /products.html?hangsx=aspentech&linhvuc=816&ungdung=geotechnics&loaisp=devices HTTP/1.0" 200 13624 "-" "Mozilla/5.0 (compatible; bingbot/2.0; +http://www.bing.com/bingbot.htm)"
157.55.39.30 - - [16/Oct/2021:07:09:18 +0700] "GET /products.html?hangsx=breeze-usa&ungdung=mo-phong-dau-khi HTTP/1.0" 200 13569 "-" "Mozilla/5.0 (compatible; bingbot/2.0; +http://www.bing.com/bingbot.htm)"
157.55.39.30 - - [16/Oct/2021:07:09:20 +0700] "GET /san-pham.html?hangsx=geonor-na-uy&linhvuc=giao-thong&ungdung=don-gia-chi-so-gia-xay-dung-cong-trinh HTTP/1.0" 200 16059 "-" "Mozilla/5.0 (compatible; bingbot/2.0; +http://www.bing.com/bingbot.htm)"
157.55.39.40 - - [16/Oct/2021:07:09:27 +0700] "GET /products.html?linhvuc=giao-thong&ungdung=mo-phong-dau-khi HTTP/1.0" 200 13576 "-" "Mozilla/5.0 (compatible; bingbot/2.0; +http://www.bing.com/bingbot.htm)"
66.249.79.106 - - [16/Oct/2021:07:09:29 +0700] "GET / HTTP/1.0" 200 12523 "-" "Mozilla/5.0 (Linux; Android 6.0.1; Nexus 5X Build/MMB29P) AppleWebKit/537.36 (KHTML, like Gecko) Chrome/94.0.4606.71 Mobile Safari/537.36 (compatible; Googlebot/2.1; +http://www.google.com/bot.html)"
157.55.39.40 - - [16/Oct/2021:07:09:29 +0700] "GET /san-pham.html?hangsx=agi&linhvuc=co-khi-che-tao HTTP/1.0" 200 15942 "-" "Mozilla/5.0 (compatible; bingbot/2.0; +http://www.bing.com/bingbot.htm)"
114.119.148.102 - - [16/Oct/2021:07:09:30 +0700] "GET /cic-tham-luan-tai-khoa-huan-luyen-ve-ung-pho-su-co-tran-dau-ne61.html HTTP/1.0" 200 11557 "-" "Mozilla/5.0 (Linux; Android 7.0;) AppleWebKit/537.36 (KHTML, like Gecko) Mobile Safari/537.36 (compatible; PetalBot;+https://webmaster.petalsearch.com/site/petalbot)"
40.77.167.59 - - [16/Oct/2021:07:09:33 +0700] "GET /products.html?hangsx=autodesk&linhvuc=dau-khi&ungdung=du-toan-cong-trinh&loaisp=948 HTTP/1.0" 200 13634 "-" "Mozilla/5.0 (compatible; bingbot/2.0; +http://www.bing.com/bingbot.htm)"
40.77.167.59 - - [16/Oct/2021:07:09:34 +0700] "GET /products.html?linhvuc=thuy-loi HTTP/1.0" 200 61825 "-" "Mozilla/5.0 (compatible; bingbot/2.0; +http://www.bing.com/bingbot.htm)"
40.77.167.48 - - [16/Oct/2021:07:09:34 +0700] "GET /san-pham.html?hangsx=aqsystem&linhvuc=khac&ungdung=632 HTTP/1.0" 200 15991 "-" "Mozilla/5.0 (compatible; bingbot/2.0; +http://www.bing.com/bingbot.htm)"
40.77.167.59 - - [16/Oct/2021:07:09:34 +0700] "GET /san-pham.html?hangsx=dassault-systemes&linhvuc=xay-dung&ungdung=ket-cau-cong-trinh&loaisp=158 HTTP/1.0" 200 16081 "-" "Mozilla/5.0 (compatible; bingbot/2.0; +http://www.bing.com/bingbot.htm)"
40.77.167.59 - - [16/Oct/2021:07:09:35 +0700] "GET /products.html?hangsx=autodesk&linhvuc=moi-truong HTTP/1.0" 200 17406 "-" "Mozilla/5.0 (compatible; bingbot/2.0; +http://www.bing.com/bingbot.htm)"
207.46.13.52 - - [16/Oct/2021:07:09:37 +0700] "GET /products.html?hangsx=breeze-usa&linhvuc=co-khi-che-tao&ungdung=66&loaisp=others HTTP/1.0" 200 15010 "-" "Mozilla/5.0 (compatible; bingbot/2.0; +http://www.bing.com/bingbot.htm)"
207.46.13.168 - - [16/Oct/2021:07:09:37 +0700] "GET /products.html?hangsx=canarina&ungdung=don-gia-chi-so-gia-xay-dung-cong-trinh HTTP/1.0" 200 13587 "-" "Mozilla/5.0 (compatible; bingbot/2.0; +http://www.bing.com/bingbot.htm)"
157.55.39.164 - - [16/Oct/2021:07:09:38 +0700] "GET /products.html?linhvuc=thuy-loi&ungdung=ket-cau-cong-trinh&loaisp=devices HTTP/1.0" 200 13605 "-" "Mozilla/5.0 (compatible; bingbot/2.0; +http://www.bing.com/bingbot.htm)"
207.46.13.168 - - [16/Oct/2021:07:09:38 +0700] "GET /san-pham.html?hangsx=aet-anh-quoc&linhvuc=giao-duc-dao-tao&ungdung=don-gia-chi-so-gia-xay-dung-cong-trinh&loaisp=thiet-bi HTTP/1.0" 200 16102 "-" "Mozilla/5.0 (compatible; bingbot/2.0; +http://www.bing.com/bingbot.htm)"
207.46.13.168 - - [16/Oct/2021:07:09:38 +0700] "GET /products.html?hangsx=breeze-usa&linhvuc=co-khi-che-tao&loaisp=devices HTTP/1.0" 200 13608 "-" "Mozilla/5.0 (compatible; bingbot/2.0; +http://www.bing.com/bingbot.htm)"
40.77.167.48 - - [16/Oct/2021:07:09:45 +0700] "GET /san-pham.html?hangsx=dsi--hoa-ky-&linhvuc=giao-thong&ungdung=thi-nghiem-dien HTTP/1.0" 200 16025 "-" "Mozilla/5.0 (compatible; bingbot/2.0; +http://www.bing.com/bingbot.htm)"
40.77.167.48 - - [16/Oct/2021:07:09:46 +0700] "GET /products.html?hangsx=bentley-systems-incorporated&loaisp=devices HTTP/1.0" 200 13560 "-" "Mozilla/5.0 (compatible; bingbot/2.0; +http://www.bing.com/bingbot.htm)"
40.77.167.48 - - [16/Oct/2021:07:09:46 +0700] "GET /products.html?hangsx=apvan-den-berg-netherlands&linhvuc=772&ungdung=work-structure HTTP/1.0" 200 13606 "-" "Mozilla/5.0 (compatible; bingbot/2.0; +http://www.bing.com/bingbot.htm)"
157.55.39.30 - - [16/Oct/2021:07:09:48 +0700] "GET /products.html?linhvuc=co-khi-che-tao&ungdung=don-gia-chi-so-gia-xay-dung-cong-trinh&loaisp=softwares HTTP/1.0" 200 13622 "-" "Mozilla/5.0 (compatible; bingbot/2.0; +http://www.bing.com/bingbot.htm)"
207.46.13.52 - - [16/Oct/2021:07:09:50 +0700] "GET /san-pham.html?hangsx=apvan-den-berg-ha-lan&linhvuc=734 HTTP/1.0" 200 15957 "-" "Mozilla/5.0 (compatible; bingbot/2.0; +http://www.bing.com/bingbot.htm)"
40.77.167.59 - - [16/Oct/2021:07:09:55 +0700] "GET /san-pham.html?hangsx=apvan-den-berg-ha-lan&ungdung=don-gia-chi-so-gia-xay-dung-cong-trinh&loaisp=phan-mem HTTP/1.0" 200 16060 "-" "Mozilla/5.0 (compatible; bingbot/2.0; +http://www.bing.com/bingbot.htm)"
157.55.39.164 - - [16/Oct/2021:07:09:58 +0700] "GET /san-pham.html?hangsx=apvan-den-berg-ha-lan&linhvuc=giao-thong&ungdung=don-gia-chi-so-gia-xay-dung-cong-trinh HTTP/1.0" 200 17457 "-" "Mozilla/5.0 (compatible; bingbot/2.0; +http://www.bing.com/bingbot.htm)"
157.55.39.30 - - [16/Oct/2021:07:10:00 +0700] "GET /san-pham.html?hangsx=canarina&linhvuc=38&ungdung=ung-dung-khac HTTP/1.0" 200 16011 "-" "Mozilla/5.0 (compatible; bingbot/2.0; +http://www.bing.com/bingbot.htm)"
157.55.39.164 - - [16/Oct/2021:07:10:09 +0700] "GET /san-pham.html?hangsx=flaretot HTTP/1.0" 200 18466 "-" "Mozilla/5.0 (compatible; bingbot/2.0; +http://www.bing.com/bingbot.htm)"
157.55.39.164 - - [16/Oct/2021:07:10:10 +0700] "GET /san-pham.html?hangsx=agi&linhvuc=co-khi-che-tao&ungdung=don-gia-chi-so-gia-xay-dung-cong-trinh HTTP/1.0" 200 16064 "-" "Mozilla/5.0 (compatible; bingbot/2.0; +http://www.bing.com/bingbot.htm)"
66.249.79.106 - - [16/Oct/2021:07:10:13 +0700] "GET /article/scada-nha-may-nuoc HTTP/1.0" 404 702 "-" "Mozilla/5.0 (compatible; Googlebot/2.1; +http://www.google.com/bot.html)"
157.55.39.126 - - [16/Oct/2021:07:10:14 +0700] "GET /san-pham.html?hangsx=csi&linhvuc=xay-dung&ungdung=ket-cau-cong-trinh&loaisp=890 HTTP/1.0" 200 16062 "-" "Mozilla/5.0 (compatible; bingbot/2.0; +http://www.bing.com/bingbot.htm)"
157.55.39.164 - - [16/Oct/2021:07:13:05 +0700] "GET /san-pham.html?hangsx=zehntner&linhvuc=giao-duc-dao-tao&ungdung=du-toan-cong-trinh HTTP/1.0" 200 16045 "-" "Mozilla/5.0 (compatible; bingbot/2.0; +http://www.bing.com/bingbot.htm)"
77.75.79.95 - - [16/Oct/2021:07:13:49 +0700] "GET /robots.txt HTTP/1.0" 200 528 "-" "Mozilla/5.0 (compatible; SeznamBot/3.2; +http://napoveda.seznam.cz/en/seznambot-intro/)"
40.77.167.59 - - [16/Oct/2021:07:14:31 +0700] "GET /images/products/2019/10/09/original/csi-apps-icon_1570607337.png HTTP/1.0" 200 512 "-" "Mozilla/5.0 (compatible; bingbot/2.0; +http://www.bing.com/bingbot.htm)"
157.55.39.126 - - [16/Oct/2021:07:15:09 +0700] "GET /san-pham.html?hangsx=control-engineering-sweden-ab&linhvuc=giao-duc-dao-tao&ungdung=don-gia-chi-so-gia-xay-dung-cong-trinh&loaisp=phan-mem HTTP/1.0" 200 16119 "-" "Mozilla/5.0 (compatible; bingbot/2.0; +http://www.bing.com/bingbot.htm)"
174.6.84.246 - - [16/Oct/2021:07:15:25 +0700] "GET /citrix/cgi/Resources/List HTTP/1.0" 301 753 "https://cic.com.vn/citrix/cgi/Resources/List" "Mozilla/5.0 (Windows NT 10.0; Win64; x64) AppleWebKit/537.36 (KHTML, like Gecko) Chrome/86.0.4240.198 Safari/537.36"
174.6.84.246 - - [16/Oct/2021:07:15:31 +0700] "GET /citrix/cgi/Resources/List HTTP/1.0" 404 701 "https://www.cic.com.vn/citrix/cgi/Resources/List" "Mozilla/5.0 (Windows NT 10.0; Win64; x64) AppleWebKit/537.36 (KHTML, like Gecko) Chrome/86.0.4240.198 Safari/537.36"
174.6.84.246 - - [16/Oct/2021:07:15:37 +0700] "GET /cgi/Resources/List HTTP/1.0" 301 739 "https://cic.com.vn/cgi/Resources/List" "Mozilla/5.0 (Windows NT 10.0; Win64; x64) AppleWebKit/537.36 (KHTML, like Gecko) Chrome/86.0.4240.198 Safari/537.36"
174.6.84.246 - - [16/Oct/2021:07:15:42 +0700] "GET /cgi/Resources/List HTTP/1.0" 404 694 "https://www.cic.com.vn/cgi/Resources/List" "Mozilla/5.0 (Windows NT 10.0; Win64; x64) AppleWebKit/537.36 (KHTML, like Gecko) Chrome/86.0.4240.198 Safari/537.36"
175.143.194.41 - - [16/Oct/2021:07:15:51 +0700] "GET / HTTP/1.0" 200 11089 "https://www.cic.com.vn/" "Mozilla/5.0 (Windows NT 10.0; Win64; x64) AppleWebKit/537.36 (KHTML, like Gecko) Chrome/94.0.4606.81 Safari/537.36"
175.143.194.41 - - [16/Oct/2021:07:15:53 +0700] "GET /images/favicon.ico HTTP/1.0" 200 481 "https://www.cic.com.vn/" "Mozilla/5.0 (Windows NT 10.0; Win64; x64) AppleWebKit/537.36 (KHTML, like Gecko) Chrome/94.0.4606.81 Safari/537.36"
40.77.167.59 - - [16/Oct/2021:07:15:59 +0700] "GET /products.html?loaisp=devices&hangsx=datakustik&linhvuc=moi-truong&ungdung=don-gia-chi-so-gia-xay-dung-cong-trinh HTTP/1.0" 200 13643 "-" "Mozilla/5.0 (compatible; bingbot/2.0; +http://www.bing.com/bingbot.htm)"
216.244.66.243 - - [16/Oct/2021:07:16:55 +0700] "GET /robots.txt HTTP/1.0" 200 528 "-" "Mozilla/5.0 (compatible; DotBot/1.2; +https://opensiteexplorer.org/dotbot; help@moz.com)"
216.244.66.243 - - [16/Oct/2021:07:16:55 +0700] "GET /robots.txt HTTP/1.0" 200 528 "-" "Mozilla/5.0 (compatible; DotBot/1.2; +https://opensiteexplorer.org/dotbot; help@moz.com)"
216.244.66.243 - - [16/Oct/2021:07:18:18 +0700] "GET /san-pham/phan-mem-nhap-khau HTTP/1.0" 301 757 "-" "Mozilla/5.0 (compatible; DotBot/1.2; +https://opensiteexplorer.org/dotbot; help@moz.com)"
40.77.167.48 - - [16/Oct/2021:07:19:15 +0700] "GET /upload_images/images/2020/08/04/2.png HTTP/1.0" 200 485 "-" "Mozilla/5.0 (compatible; bingbot/2.0; +http://www.bing.com/bingbot.htm)"
157.55.39.40 - - [16/Oct/2021:07:19:26 +0700] "GET /products.html?ungdung=work-structure&hangsx=dnv-gl&linhvuc=giao-thong HTTP/1.0" 200 14991 "-" "Mozilla/5.0 (compatible; bingbot/2.0; +http://www.bing.com/bingbot.htm)"
114.119.148.1 - - [16/Oct/2021:07:19:39 +0700] "GET /phan-mem-trong-nuoc-cn16.html HTTP/1.0" 200 10274 "-" "Mozilla/5.0 (Linux; Android 7.0;) AppleWebKit/537.36 (KHTML, like Gecko) Mobile Safari/537.36 (compatible; PetalBot;+https://webmaster.petalsearch.com/site/petalbot)"
40.77.167.59 - - [16/Oct/2021:07:20:03 +0700] "GET /products.html?hangsx=geoservey&ungdung=construction-cost-estimates&loaisp=phan-mem HTTP/1.0" 200 13607 "-" "Mozilla/5.0 (compatible; bingbot/2.0; +http://www.bing.com/bingbot.htm)"
40.77.167.48 - - [16/Oct/2021:07:20:07 +0700] "GET /cic-hoan-thanh-cai-dat-va-chuyen-giao-phan-mem-pipenet-n41.html HTTP/1.0" 200 11471 "-" "Mozilla/5.0 (compatible; bingbot/2.0; +http://www.bing.com/bingbot.htm)"
66.249.79.106 - - [16/Oct/2021:07:21:04 +0700] "GET / HTTP/1.0" 200 11138 "-" "Mozilla/5.0 (compatible; Googlebot/2.1; +http://www.google.com/bot.html)"
207.46.13.52 - - [16/Oct/2021:07:21:50 +0700] "GET /en/node/1420 HTTP/1.0" 404 688 "-" "Mozilla/5.0 (compatible; bingbot/2.0; +http://www.bing.com/bingbot.htm)"
157.55.39.40 - - [16/Oct/2021:07:22:08 +0700] "GET /upload_images/images/2020/07/17/sum7.JPG HTTP/1.0" 200 489 "-" "Mozilla/5.0 (compatible; bingbot/2.0; +http://www.bing.com/bingbot.htm)"
34.253.208.9 - - [16/Oct/2021:07:22:14 +0700] "GET /feeds HTTP/1.0" 200 3972 "-" "Krzana bot"
54.36.149.47 - - [16/Oct/2021:07:22:24 +0700] "GET / HTTP/1.0" 200 12521 "-" "Mozilla/5.0 (compatible; AhrefsBot/7.0; +http://ahrefs.com/robot/)"
40.77.167.48 - - [16/Oct/2021:07:22:35 +0700] "GET /san-pham.html?linhvuc=an-ninh-quan-su&hangsx=dassault-systemes&ungdung=don-gia-chi-so-gia-xay-dung-cong-trinh HTTP/1.0" 200 16079 "-" "Mozilla/5.0 (compatible; bingbot/2.0; +http://www.bing.com/bingbot.htm)"
114.119.148.1 - - [16/Oct/2021:07:22:41 +0700] "GET //?target=popup HTTP/1.0" 200 11152 "-" "Mozilla/5.0 (Linux; Android 7.0;) AppleWebKit/537.36 (KHTML, like Gecko) Mobile Safari/537.36 (compatible; PetalBot;+https://webmaster.petalsearch.com/site/petalbot)"
54.36.149.57 - - [16/Oct/2021:07:22:58 +0700] "GET /article/le-ky-niem-29-nam-thanh-lap-cic-dong-hanh-cung-phat-trien?page=6 HTTP/1.0" 301 847 "-" "Mozilla/5.0 (compatible; AhrefsBot/7.0; +http://ahrefs.com/robot/)"
216.244.66.243 - - [16/Oct/2021:07:23:38 +0700] "GET /?mact=News%2Ccntnt01%2Cdetail%2C0&cntnt01articleid=84&cntnt01returnid=92 HTTP/1.0" 200 71780 "-" "Mozilla/5.0 (compatible; DotBot/1.2; +https://opensiteexplorer.org/dotbot; help@moz.com)"
157.55.39.164 - - [16/Oct/2021:07:24:07 +0700] "GET /uploads/images/RDW/guide/38.png HTTP/1.0" 200 479 "-" "Mozilla/5.0 (compatible; bingbot/2.0; +http://www.bing.com/bingbot.htm)"
114.119.148.105 - - [16/Oct/2021:07:24:12 +0700] "GET /thiet-bi-sieu-am-moi-han-va-kim-loai-p88.html HTTP/1.0" 301 793 "-" "Mozilla/5.0 (Linux; Android 7.0;) AppleWebKit/537.36 (KHTML, like Gecko) Mobile Safari/537.36 (compatible; PetalBot;+https://webmaster.petalsearch.com/site/petalbot)"
114.119.148.105 - - [16/Oct/2021:07:24:23 +0700] "GET /thiet-bi-sieu-am-moi-han-va-kim-loai-p88.html HTTP/1.0" 404 721 "-" "Mozilla/5.0 (Linux; Android 7.0;) AppleWebKit/537.36 (KHTML, like Gecko) Mobile Safari/537.36 (compatible; PetalBot;+https://webmaster.petalsearch.com/site/petalbot)"
207.46.13.52 - - [16/Oct/2021:07:24:48 +0700] "GET /upload_images/images/2019/09/30/1_62061(1).jpg HTTP/1.0" 301 795 "-" "Mozilla/5.0 (compatible; bingbot/2.0; +http://www.bing.com/bingbot.htm)"
207.46.13.52 - - [16/Oct/2021:07:24:58 +0700] "GET /upload_images/images/2019/09/30/1_62061(1).jpg HTTP/1.0" 200 495 "-" "Mozilla/5.0 (compatible; bingbot/2.0; +http://www.bing.com/bingbot.htm)"
216.244.66.243 - - [16/Oct/2021:07:25:01 +0700] "GET /?mact=News%2Ccntnt01%2Cdetail%2C0&cntnt01articleid=178&cntnt01origid=93&cntnt01returnid=56 HTTP/1.0" 200 71852 "-" "Mozilla/5.0 (compatible; DotBot/1.2; +https://opensiteexplorer.org/dotbot; help@moz.com)"
66.249.79.106 - - [16/Oct/2021:07:25:13 +0700] "GET /tuyen-dung-kien-truc-su-n29.html HTTP/1.0" 200 11066 "-" "Mozilla/5.0 (compatible; Googlebot/2.1; +http://www.google.com/bot.html)"
114.119.148.0 - - [16/Oct/2021:07:25:29 +0700] "GET /download/1483/1206 HTTP/1.0" 301 739 "-" "Mozilla/5.0 (Linux; Android 7.0;) AppleWebKit/537.36 (KHTML, like Gecko) Mobile Safari/537.36 (compatible; PetalBot;+https://webmaster.petalsearch.com/site/petalbot)"
157.55.39.30 - - [16/Oct/2021:07:25:30 +0700] "GET /products.html?hangsx=troxler-usa&linhvuc=khac&ungdung=don-gia-chi-so-gia-xay-dung-cong-trinh&loaisp=softwares HTTP/1.0" 200 13642 "-" "Mozilla/5.0 (compatible; bingbot/2.0; +http://www.bing.com/bingbot.htm)"
114.119.148.0 - - [16/Oct/2021:07:25:33 +0700] "GET /download/1483/1206 HTTP/1.0" 404 694 "-" "Mozilla/5.0 (Linux; Android 7.0;) AppleWebKit/537.36 (KHTML, like Gecko) Mobile Safari/537.36 (compatible; PetalBot;+https://webmaster.petalsearch.com/site/petalbot)"
216.244.66.243 - - [16/Oct/2021:07:26:30 +0700] "GET /?mact=FrontEndUsers%2Ccntnt01%2Cdefault%2C0&cntnt01lang=vn_US&cntnt01form=forgotpw&cntnt01returnto=511&cntnt01returnid=114 HTTP/1.0" 200 71848 "-" "Mozilla/5.0 (compatible; DotBot/1.2; +https://opensiteexplorer.org/dotbot; help@moz.com)"
216.244.66.243 - - [16/Oct/2021:07:26:38 +0700] "GET /?mact=FrontEndUsers%2Ccntnt01%2Cdefault%2C0&cntnt01lang=vn_US&cntnt01form=forgotpw&cntnt01returnto=698&cntnt01returnid=114 HTTP/1.0" 200 71868 "-" "Mozilla/5.0 (compatible; DotBot/1.2; +https://opensiteexplorer.org/dotbot; help@moz.com)"
207.46.13.106 - - [16/Oct/2021:07:27:15 +0700] "GET /products.html?hangsx=datakustik&ungdung=mo-phong-dau-khi HTTP/1.0" 200 13571 "-" "Mozilla/5.0 (compatible; bingbot/2.0; +http://www.bing.com/bingbot.htm)"
207.46.13.106 - - [16/Oct/2021:07:27:15 +0700] "GET /products.html?hangsx=deltares&ungdung=ket-cau-cong-trinh&loaisp=devices HTTP/1.0" 200 13594 "-" "Mozilla/5.0 (compatible; bingbot/2.0; +http://www.bing.com/bingbot.htm)"
157.55.39.30 - - [16/Oct/2021:07:27:19 +0700] "GET /san-pham.html?hangsx=autodesk&ungdung=ung-dung-khac HTTP/1.0" 200 15943 "-" "Mozilla/5.0 (compatible; bingbot/2.0; +http://www.bing.com/bingbot.htm)"
207.46.13.52 - - [16/Oct/2021:07:27:24 +0700] "GET /products.html?hangsx=aet-uk&ungdung=unit-price-work-construction-price-index&loaisp=others HTTP/1.0" 200 13603 "-" "Mozilla/5.0 (compatible; bingbot/2.0; +http://www.bing.com/bingbot.htm)"
207.46.13.52 - - [16/Oct/2021:07:27:26 +0700] "GET /san-pham.html?hangsx=geoslope-international-ltd&linhvuc=noi-that-va-vat-lieu-xay-dung&ungdung=don-gia-chi-so-gia-xay-dung-cong-trinh HTTP/1.0" 200 16112 "-" "Mozilla/5.0 (compatible; bingbot/2.0; +http://www.bing.com/bingbot.htm)"
157.55.39.126 - - [16/Oct/2021:07:27:30 +0700] "GET /products.html?hangsx=autodesk&ungdung=work-structure HTTP/1.0" 200 13566 "-" "Mozilla/5.0 (compatible; bingbot/2.0; +http://www.bing.com/bingbot.htm)"
157.55.39.126 - - [16/Oct/2021:07:27:30 +0700] "GET /san-pham.html?hangsx=apvan-den-berg-ha-lan&linhvuc=giao-thong&loaisp=khac HTTP/1.0" 200 16022 "-" "Mozilla/5.0 (compatible; bingbot/2.0; +http://www.bing.com/bingbot.htm)"
157.55.39.126 - - [16/Oct/2021:07:27:31 +0700] "GET /san-pham.html?hangsx=canarina&linhvuc=co-khi-che-tao&ungdung=don-gia-chi-so-gia-xay-dung-cong-trinh HTTP/1.0" 200 16063 "-" "Mozilla/5.0 (compatible; bingbot/2.0; +http://www.bing.com/bingbot.htm)"
157.55.39.164 - - [16/Oct/2021:07:27:34 +0700] "GET /products.html?hangsx=canarina&linhvuc=132&ungdung=don-gia-chi-so-gia-xay-dung-cong-trinh HTTP/1.0" 200 13620 "-" "Mozilla/5.0 (compatible; bingbot/2.0; +http://www.bing.com/bingbot.htm)"
157.55.39.40 - - [16/Oct/2021:07:27:39 +0700] "GET /san-pham.html?hangsx=dnv&linhvuc=giao-duc-dao-tao HTTP/1.0" 200 15955 "-" "Mozilla/5.0 (compatible; bingbot/2.0; +http://www.bing.com/bingbot.htm)"
40.77.167.48 - - [16/Oct/2021:07:27:39 +0700] "GET /products.html?hangsx=aspentech&ungdung=geotechnics&loaisp=devices HTTP/1.0" 200 13595 "-" "Mozilla/5.0 (compatible; bingbot/2.0; +http://www.bing.com/bingbot.htm)"
40.77.167.59 - - [16/Oct/2021:07:27:47 +0700] "GET /images/news/2019/08/large/tin8_1566208278.jpg HTTP/1.0" 301 793 "-" "Mozilla/5.0 (compatible; bingbot/2.0; +http://www.bing.com/bingbot.htm)"
40.77.167.59 - - [16/Oct/2021:07:27:52 +0700] "GET /images/news/2019/08/large/tin8_1566208278.jpg HTTP/1.0" 200 494 "-" "Mozilla/5.0 (compatible; bingbot/2.0; +http://www.bing.com/bingbot.htm)"
40.77.167.59 - - [16/Oct/2021:07:27:54 +0700] "GET /products.html?loaisp=others&hangsx=trimble&linhvuc=an-ninh-quan-su&ungdung=ket-cau-cong-trinh HTTP/1.0" 200 13637 "-" "Mozilla/5.0 (compatible; bingbot/2.0; +http://www.bing.com/bingbot.htm)"
40.77.167.59 - - [16/Oct/2021:07:27:54 +0700] "GET /products.html?hangsx=aspentech&linhvuc=xay-dung&ungdung=don-gia-chi-so-gia-xay-dung-cong-trinh HTTP/1.0" 200 13625 "-" "Mozilla/5.0 (compatible; bingbot/2.0; +http://www.bing.com/bingbot.htm)"
40.77.167.59 - - [16/Oct/2021:07:27:55 +0700] "GET /san-pham.html?hangsx=csi&linhvuc=dau-khi&ungdung=don-gia-chi-so-gia-xay-dung-cong-trinh&loaisp=phan-mem HTTP/1.0" 200 16091 "-" "Mozilla/5.0 (compatible; bingbot/2.0; +http://www.bing.com/bingbot.htm)"
207.46.13.168 - - [16/Oct/2021:07:27:57 +0700] "GET /products.html?hangsx=instantel&linhvuc=moi-truong&ungdung=construction-cost-estimates HTTP/1.0" 200 13624 "-" "Mozilla/5.0 (compatible; bingbot/2.0; +http://www.bing.com/bingbot.htm)"
207.46.13.168 - - [16/Oct/2021:07:27:57 +0700] "GET /san-pham.html?hangsx=cic&ungdung=thi-nghiem-trong-phong-hien-truong HTTP/1.0" 200 15988 "-" "Mozilla/5.0 (compatible; bingbot/2.0; +http://www.bing.com/bingbot.htm)"
207.46.13.168 - - [16/Oct/2021:07:27:58 +0700] "GET /san-pham.html?hangsx=idea-statica&linhvuc=xay-dung&loaisp=thiet-bi HTTP/1.0" 200 16012 "-" "Mozilla/5.0 (compatible; bingbot/2.0; +http://www.bing.com/bingbot.htm)"
207.46.13.168 - - [16/Oct/2021:07:27:58 +0700] "GET /san-pham.html?hangsx=instantel&linhvuc=dien-luc&ungdung=don-gia-chi-so-gia-xay-dung-cong-trinh HTTP/1.0" 200 16053 "-" "Mozilla/5.0 (compatible; bingbot/2.0; +http://www.bing.com/bingbot.htm)"
157.55.39.40 - - [16/Oct/2021:07:28:02 +0700] "GET /products.html?hangsx=csi&linhvuc=324 HTTP/1.0" 200 13557 "-" "Mozilla/5.0 (compatible; bingbot/2.0; +http://www.bing.com/bingbot.htm)"
157.55.39.40 - - [16/Oct/2021:07:28:02 +0700] "GET /products.html?hangsx=deltares&linhvuc=co-khi-che-tao HTTP/1.0" 200 13576 "-" "Mozilla/5.0 (compatible; bingbot/2.0; +http://www.bing.com/bingbot.htm)"
157.55.39.164 - - [16/Oct/2021:07:28:13 +0700] "GET /san-pham.html?hangsx=dsi--hoa-ky-&linhvuc=moi-truong HTTP/1.0" 200 15941 "-" "Mozilla/5.0 (compatible; bingbot/2.0; +http://www.bing.com/bingbot.htm)"
114.119.148.0 - - [16/Oct/2021:07:28:25 +0700] "GET /san-pham-page3.html HTTP/1.0" 301 741 "-" "Mozilla/5.0 (Linux; Android 7.0;) AppleWebKit/537.36 (KHTML, like Gecko) Mobile Safari/537.36 (compatible; PetalBot;+https://webmaster.petalsearch.com/site/petalbot)"
114.119.148.0 - - [16/Oct/2021:07:28:33 +0700] "GET /san-pham-page3.html HTTP/1.0" 200 71640 "-" "Mozilla/5.0 (Linux; Android 7.0;) AppleWebKit/537.36 (KHTML, like Gecko) Mobile Safari/537.36 (compatible; PetalBot;+https://webmaster.petalsearch.com/site/petalbot)"
40.77.167.48 - - [16/Oct/2021:07:28:58 +0700] "GET /products.html?linhvuc=thuy-loi&hangsx=dsi-usa&ungdung=ket-cau-cong-trinh&loaisp=devices HTTP/1.0" 200 13632 "-" "Mozilla/5.0 (compatible; bingbot/2.0; +http://www.bing.com/bingbot.htm)"
113.175.120.1 - - [16/Oct/2021:07:29:53 +0700] "GET / HTTP/1.0" 200 11134 "https://www.google.com/" "Mozilla/5.0 (Linux; Android 10; SM-N960F) AppleWebKit/537.36 (KHTML, like Gecko) Chrome/94.0.4606.71 Mobile Safari/537.36"
113.175.120.1 - - [16/Oct/2021:07:29:53 +0700] "GET /templates/default/css/bootstrap.css HTTP/1.0" 200 482 "https://www.cic.com.vn/" "Mozilla/5.0 (Linux; Android 10; SM-N960F) AppleWebKit/537.36 (KHTML, like Gecko) Chrome/94.0.4606.71 Mobile Safari/537.36"
113.175.120.1 - - [16/Oct/2021:07:29:53 +0700] "GET /libraries/owlcarousel/assets/owl.carousel.min.css HTTP/1.0" 200 496 "https://www.cic.com.vn/" "Mozilla/5.0 (Linux; Android 10; SM-N960F) AppleWebKit/537.36 (KHTML, like Gecko) Chrome/94.0.4606.71 Mobile Safari/537.36"
113.175.120.1 - - [16/Oct/2021:07:29:53 +0700] "GET /templates/default/css/style.css HTTP/1.0" 200 478 "https://www.cic.com.vn/" "Mozilla/5.0 (Linux; Android 10; SM-N960F) AppleWebKit/537.36 (KHTML, like Gecko) Chrome/94.0.4606.71 Mobile Safari/537.36"
113.175.120.1 - - [16/Oct/2021:07:29:53 +0700] "GET /modules/home/assets/css/home6.css HTTP/1.0" 200 480 "https://www.cic.com.vn/" "Mozilla/5.0 (Linux; Android 10; SM-N960F) AppleWebKit/537.36 (KHTML, like Gecko) Chrome/94.0.4606.71 Mobile Safari/537.36"
113.175.120.1 - - [16/Oct/2021:07:29:54 +0700] "GET /blocks/mainmenu/assets/css/jquery.mmenu.all.css HTTP/1.0" 200 494 "https://www.cic.com.vn/" "Mozilla/5.0 (Linux; Android 10; SM-N960F) AppleWebKit/537.36 (KHTML, like Gecko) Chrome/94.0.4606.71 Mobile Safari/537.36"
113.175.120.1 - - [16/Oct/2021:07:29:54 +0700] "GET /libraries/font-awesome/css/fontawesome-all.min.css HTTP/1.0" 200 497 "https://www.cic.com.vn/" "Mozilla/5.0 (Linux; Android 10; SM-N960F) AppleWebKit/537.36 (KHTML, like Gecko) Chrome/94.0.4606.71 Mobile Safari/537.36"
113.175.120.1 - - [16/Oct/2021:07:29:54 +0700] "GET /libraries/owlcarousel/assets/owl.theme.default.css HTTP/1.0" 200 497 "https://www.cic.com.vn/" "Mozilla/5.0 (Linux; Android 10; SM-N960F) AppleWebKit/537.36 (KHTML, like Gecko) Chrome/94.0.4606.71 Mobile Safari/537.36"
113.175.120.1 - - [16/Oct/2021:07:29:54 +0700] "GET /templates/default/js/bootstrap.min.js HTTP/1.0" 200 498 "https://www.cic.com.vn/" "Mozilla/5.0 (Linux; Android 10; SM-N960F) AppleWebKit/537.36 (KHTML, like Gecko) Chrome/94.0.4606.71 Mobile Safari/537.36"
113.175.120.1 - - [16/Oct/2021:07:29:54 +0700] "GET /blocks/mainmenu/assets/js/mmenu.js HTTP/1.0" 200 495 "https://www.cic.com.vn/" "Mozilla/5.0 (Linux; Android 10; SM-N960F) AppleWebKit/537.36 (KHTML, like Gecko) Chrome/94.0.4606.71 Mobile Safari/537.36"
113.175.120.1 - - [16/Oct/2021:07:29:54 +0700] "GET /blocks/library/assets/css/style2.css HTTP/1.0" 200 483 "https://www.cic.com.vn/" "Mozilla/5.0 (Linux; Android 10; SM-N960F) AppleWebKit/537.36 (KHTML, like Gecko) Chrome/94.0.4606.71 Mobile Safari/537.36"
113.175.120.1 - - [16/Oct/2021:07:29:54 +0700] "GET /blocks/mainmenu/assets/css/megamenu_moblie.css HTTP/1.0" 200 814 "https://www.cic.com.vn/" "Mozilla/5.0 (Linux; Android 10; SM-N960F) AppleWebKit/537.36 (KHTML, like Gecko) Chrome/94.0.4606.71 Mobile Safari/537.36"
113.175.120.1 - - [16/Oct/2021:07:29:54 +0700] "GET /blocks/mainmenu/assets/css/mmenu.css HTTP/1.0" 200 483 "https://www.cic.com.vn/" "Mozilla/5.0 (Linux; Android 10; SM-N960F) AppleWebKit/537.36 (KHTML, like Gecko) Chrome/94.0.4606.71 Mobile Safari/537.36"
113.175.120.1 - - [16/Oct/2021:07:29:54 +0700] "GET /blocks/mainmenu/assets/js/megamenu_moblie.js HTTP/1.0" 200 789 "https://www.cic.com.vn/" "Mozilla/5.0 (Linux; Android 10; SM-N960F) AppleWebKit/537.36 (KHTML, like Gecko) Chrome/94.0.4606.71 Mobile Safari/537.36"
113.175.120.1 - - [16/Oct/2021:07:29:54 +0700] "GET /blocks/library/assets/js/TweenLite.min.js HTTP/1.0" 200 502 "https://www.cic.com.vn/" "Mozilla/5.0 (Linux; Android 10; SM-N960F) AppleWebKit/537.36 (KHTML, like Gecko) Chrome/94.0.4606.71 Mobile Safari/537.36"
113.175.120.1 - - [16/Oct/2021:07:29:54 +0700] "GET /templates/default/js/main.js HTTP/1.0" 200 489 "https://www.cic.com.vn/" "Mozilla/5.0 (Linux; Android 10; SM-N960F) AppleWebKit/537.36 (KHTML, like Gecko) Chrome/94.0.4606.71 Mobile Safari/537.36"
113.175.120.1 - - [16/Oct/2021:07:29:54 +0700] "GET /libraries/owlcarousel/owl.carousel.min.js HTTP/1.0" 200 502 "https://www.cic.com.vn/" "Mozilla/5.0 (Linux; Android 10; SM-N960F) AppleWebKit/537.36 (KHTML, like Gecko) Chrome/94.0.4606.71 Mobile Safari/537.36"
113.175.120.1 - - [16/Oct/2021:07:29:54 +0700] "GET /blocks/search/assets/js/search.js HTTP/1.0" 200 494 "https://www.cic.com.vn/" "Mozilla/5.0 (Linux; Android 10; SM-N960F) AppleWebKit/537.36 (KHTML, like Gecko) Chrome/94.0.4606.71 Mobile Safari/537.36"
113.175.120.1 - - [16/Oct/2021:07:29:54 +0700] "GET /templates/default/js/form1.js HTTP/1.0" 200 490 "https://www.cic.com.vn/" "Mozilla/5.0 (Linux; Android 10; SM-N960F) AppleWebKit/537.36 (KHTML, like Gecko) Chrome/94.0.4606.71 Mobile Safari/537.36"
113.175.120.1 - - [16/Oct/2021:07:29:54 +0700] "GET /blocks/mainmenu/assets/css/styles.css HTTP/1.0" 200 484 "https://www.cic.com.vn/" "Mozilla/5.0 (Linux; Android 10; SM-N960F) AppleWebKit/537.36 (KHTML, like Gecko) Chrome/94.0.4606.71 Mobile Safari/537.36"
113.175.120.1 - - [16/Oct/2021:07:29:54 +0700] "GET /libraries/jquery/jquery-1.12.4.min.js HTTP/1.0" 200 498 "https://www.cic.com.vn/" "Mozilla/5.0 (Linux; Android 10; SM-N960F) AppleWebKit/537.36 (KHTML, like Gecko) Chrome/94.0.4606.71 Mobile Safari/537.36"
113.175.120.1 - - [16/Oct/2021:07:29:54 +0700] "GET /blocks/mainmenu/assets/js/mmenu.polyfills.js HTTP/1.0" 200 505 "https://www.cic.com.vn/" "Mozilla/5.0 (Linux; Android 10; SM-N960F) AppleWebKit/537.36 (KHTML, like Gecko) Chrome/94.0.4606.71 Mobile Safari/537.36"
113.175.120.1 - - [16/Oct/2021:07:29:54 +0700] "GET /blocks/library/assets/js/demo.js HTTP/1.0" 200 493 "https://www.cic.com.vn/" "Mozilla/5.0 (Linux; Android 10; SM-N960F) AppleWebKit/537.36 (KHTML, like Gecko) Chrome/94.0.4606.71 Mobile Safari/537.36"
113.175.120.1 - - [16/Oct/2021:07:29:54 +0700] "GET /blocks/library/assets/js/EasePack.min.js HTTP/1.0" 200 501 "https://www.cic.com.vn/" "Mozilla/5.0 (Linux; Android 10; SM-N960F) AppleWebKit/537.36 (KHTML, like Gecko) Chrome/94.0.4606.71 Mobile Safari/537.36"
113.175.120.1 - - [16/Oct/2021:07:29:54 +0700] "GET /modules/home/assets/js/default.js HTTP/1.0" 200 771 "https://www.cic.com.vn/" "Mozilla/5.0 (Linux; Android 10; SM-N960F) AppleWebKit/537.36 (KHTML, like Gecko) Chrome/94.0.4606.71 Mobile Safari/537.36"
207.46.13.106 - - [16/Oct/2021:07:30:24 +0700] "GET /san-pham.html?hangsx=siemens&linhvuc=co-khi-che-tao&ungdung=don-gia-chi-so-gia-xay-dung-cong-trinh&loaisp=giai-phap-tich-hop HTTP/1.0" 200 16110 "-" "Mozilla/5.0 (compatible; bingbot/2.0; +http://www.bing.com/bingbot.htm)"
207.46.13.106 - - [16/Oct/2021:07:30:26 +0700] "GET /products.html?hangsx=cic&linhvuc=526&ungdung=du-toan-cong-trinh&loaisp=others HTTP/1.0" 200 13631 "-" "Mozilla/5.0 (compatible; bingbot/2.0; +http://www.bing.com/bingbot.htm)"
40.77.167.59 - - [16/Oct/2021:07:30:57 +0700] "GET /san-pham.html?ungdung=ket-cau-cong-trinh&hangsx=pipe-flow-1&linhvuc=dau-khi HTTP/1.0" 200 16031 "-" "Mozilla/5.0 (compatible; bingbot/2.0; +http://www.bing.com/bingbot.htm)"
40.77.167.59 - - [16/Oct/2021:07:31:11 +0700] "GET /products.html?linhvuc=xay-dung&hangsx=lrm-poland&ungdung=don-gia-chi-so-gia-xay-dung-cong-trinh HTTP/1.0" 200 13625 "-" "Mozilla/5.0 (compatible; bingbot/2.0; +http://www.bing.com/bingbot.htm)"
23.90.43.184 - - [16/Oct/2021:07:31:36 +0700] "GET / HTTP/1.0" 301 703 "https://cic.com.vn" "Mozilla/5.0 (Windows NT 6.3; Win64; x64) AppleWebKit/537.36 (KHTML, like Gecko) Chrome/64.0.3282.119 Safari/537.36"
23.90.43.184 - - [16/Oct/2021:07:31:39 +0700] "GET / HTTP/1.0" 200 11128 "https://cic.com.vn" "Mozilla/5.0 (Windows NT 6.3; Win64; x64) AppleWebKit/537.36 (KHTML, like Gecko) Chrome/64.0.3282.119 Safari/537.36"
157.55.39.40 - - [16/Oct/2021:07:33:09 +0700] "GET /products.html?loaisp=integrated-solutions&hangsx=canarina&linhvuc=khac&ungdung=du-toan-cong-trinh HTTP/1.0" 200 13640 "-" "Mozilla/5.0 (compatible; bingbot/2.0; +http://www.bing.com/bingbot.htm)"
216.244.66.243 - - [16/Oct/2021:07:33:22 +0700] "GET /?mact=FrontEndUsers%2Ccntnt01%2Cdefault%2C0&cntnt01lang=vn_US&cntnt01form=forgotpw&cntnt01returnto=921&cntnt01returnid=114 HTTP/1.0" 200 71808 "-" "Mozilla/5.0 (compatible; DotBot/1.2; +https://opensiteexplorer.org/dotbot; help@moz.com)"
216.244.66.243 - - [16/Oct/2021:07:33:39 +0700] "GET /?mact=News%2Ccntnt01%2Cdetail%2C0&cntnt01articleid=281&cntnt01origid=78&cntnt01detailtemplate=Sample_en&cntnt01returnid=97 HTTP/1.0" 200 71830 "-" "Mozilla/5.0 (compatible; DotBot/1.2; +https://opensiteexplorer.org/dotbot; help@moz.com)"
40.77.167.48 - - [16/Oct/2021:07:33:50 +0700] "GET /products.html?linhvuc=thuy-loi&hangsx=apvan-den-berg-ha-lan&ungdung=geotechnics HTTP/1.0" 200 13617 "-" "Mozilla/5.0 (compatible; bingbot/2.0; +http://www.bing.com/bingbot.htm)"
207.46.13.168 - - [16/Oct/2021:07:33:57 +0700] "GET /products.html?loaisp=integrated-solutions&ungdung=don-gia-chi-so-gia-xay-dung-cong-trinh HTTP/1.0" 200 13587 "-" "Mozilla/5.0 (compatible; bingbot/2.0; +http://www.bing.com/bingbot.htm)"
157.55.39.164 - - [16/Oct/2021:07:34:38 +0700] "GET /san-pham.html?loaisp=phan-mem&hangsx=pipe-flow-1&linhvuc=co-khi-che-tao&ungdung=don-gia-chi-so-gia-xay-dung-cong-trinh HTTP/1.0" 200 16096 "-" "Mozilla/5.0 (compatible; bingbot/2.0; +http://www.bing.com/bingbot.htm)"
207.46.13.168 - - [16/Oct/2021:07:34:55 +0700] "GET /products.html?hangsx=geoslope-international-ltd&ungdung=mo-phong-dau-khi&loaisp=integrated-solutions HTTP/1.0" 200 13616 "-" "Mozilla/5.0 (compatible; bingbot/2.0; +http://www.bing.com/bingbot.htm)"
207.46.13.52 - - [16/Oct/2021:07:35:59 +0700] "GET /products.html?linhvuc=thuy-loi&hangsx=aspentech&ungdung=driver-training&loaisp=phan-mem HTTP/1.0" 200 13630 "-" "Mozilla/5.0 (compatible; bingbot/2.0; +http://www.bing.com/bingbot.htm)"
114.119.148.102 - - [16/Oct/2021:07:37:17 +0700] "GET /geostudio-p199.html HTTP/1.0" 404 695 "-" "Mozilla/5.0 (Linux; Android 7.0;) AppleWebKit/537.36 (KHTML, like Gecko) Mobile Safari/537.36 (compatible; PetalBot;+https://webmaster.petalsearch.com/site/petalbot)"
207.46.13.52 - - [16/Oct/2021:07:38:03 +0700] "GET /san-pham.html?loaisp=giai-phap-tich-hop&hangsx=geonor-na-uy&linhvuc=dien-luc&ungdung=don-gia-chi-so-gia-xay-dung-cong-trinh HTTP/1.0" 200 16103 "-" "Mozilla/5.0 (compatible; bingbot/2.0; +http://www.bing.com/bingbot.htm)"
66.249.79.110 - - [16/Oct/2021:07:38:06 +0700] "GET / HTTP/1.0" 200 11146 "-" "Mozilla/5.0 (Linux; Android 6.0.1; Nexus 5X Build/MMB29P) AppleWebKit/537.36 (KHTML, like Gecko) Chrome/94.0.4606.71 Mobile Safari/537.36 (compatible; Googlebot/2.1; +http://www.google.com/bot.html)"
157.55.39.40 - - [16/Oct/2021:07:38:21 +0700] "GET /products.html?loaisp=integrated-solutions&hangsx=savoy&linhvuc=moi-truong&ungdung=others HTTP/1.0" 200 13633 "-" "Mozilla/5.0 (compatible; bingbot/2.0; +http://www.bing.com/bingbot.htm)"
157.55.39.126 - - [16/Oct/2021:07:38:29 +0700] "GET /images/news/2021/01/large/maxresdefault_1610444864.jpg HTTP/1.0" 200 503 "-" "Mozilla/5.0 (compatible; bingbot/2.0; +http://www.bing.com/bingbot.htm)"
157.55.39.126 - - [16/Oct/2021:07:38:30 +0700] "GET /products.html?hangsx=autodesk&linhvuc=giao-duc-dao-tao&loaisp=softwares HTTP/1.0" 200 13603 "-" "Mozilla/5.0 (compatible; bingbot/2.0; +http://www.bing.com/bingbot.htm)"
157.55.39.126 - - [16/Oct/2021:07:38:31 +0700] "GET /products.html?hangsx=lake-environmental-canada-&linhvuc=co-khi-che-tao&ungdung=don-gia-chi-so-gia-xay-dung-cong-trinh&loaisp=806 HTTP/1.0" 200 13656 "-" "Mozilla/5.0 (compatible; bingbot/2.0; +http://www.bing.com/bingbot.htm)"
157.55.39.126 - - [16/Oct/2021:07:38:31 +0700] "GET /san-pham.html?hangsx=bentley-systems-incorporated&linhvuc=moi-truong&ungdung=124&loaisp=phan-mem HTTP/1.0" 200 16069 "-" "Mozilla/5.0 (compatible; bingbot/2.0; +http://www.bing.com/bingbot.htm)"
66.249.79.106 - - [16/Oct/2021:07:39:55 +0700] "GET /products.html?ungdung=others&hangsx=aspentech&linhvuc=xay-dung&loaisp=others HTTP/1.0" 200 13613 "-" "Mozilla/5.0 (Linux; Android 6.0.1; Nexus 5X Build/MMB29P) AppleWebKit/537.36 (KHTML, like Gecko) Chrome/94.0.4606.71 Mobile Safari/537.36 (compatible; Googlebot/2.1; +http://www.google.com/bot.html)"
207.46.13.106 - - [16/Oct/2021:07:40:34 +0700] "GET /products.html?ungdung=driver-training&hangsx=aspentech&linhvuc=dau-khi&loaisp=phan-mem HTTP/1.0" 200 13629 "-" "Mozilla/5.0 (compatible; bingbot/2.0; +http://www.bing.com/bingbot.htm)"
157.55.39.40 - - [16/Oct/2021:07:42:49 +0700] "GET /san-pham.html?loaisp=khac&hangsx=siemens&linhvuc=co-khi-che-tao&ungdung=dia-ky-thuat HTTP/1.0" 200 16074 "-" "Mozilla/5.0 (compatible; bingbot/2.0; +http://www.bing.com/bingbot.htm)"
157.55.39.30 - - [16/Oct/2021:07:43:32 +0700] "GET /san-pham.html?linhvuc=giao-duc-dao-tao&hangsx=bentley-systems-incorporated&ungdung=thi-nghiem-trong-phong-hien-truong HTTP/1.0" 200 16086 "-" "Mozilla/5.0 (compatible; bingbot/2.0; +http://www.bing.com/bingbot.htm)"
157.55.39.30 - - [16/Oct/2021:07:43:34 +0700] "GET /products.html?ungdung=dao-tao-lai-xe HTTP/1.0" 200 18817 "-" "Mozilla/5.0 (compatible; bingbot/2.0; +http://www.bing.com/bingbot.htm)"
207.46.13.168 - - [16/Oct/2021:07:43:37 +0700] "GET /products.html?loaisp=softwares&hangsx=edc-usa&linhvuc=an-ninh-quan-su&ungdung=construction-cost-estimates HTTP/1.0" 200 13642 "-" "Mozilla/5.0 (compatible; bingbot/2.0; +http://www.bing.com/bingbot.htm)"
207.46.13.52 - - [16/Oct/2021:07:43:39 +0700] "GET /upload_images/images/2019/10/09/USBPET_System.jpg HTTP/1.0" 301 801 "-" "Mozilla/5.0 (compatible; bingbot/2.0; +http://www.bing.com/bingbot.htm)"
207.46.13.52 - - [16/Oct/2021:07:43:50 +0700] "GET /upload_images/images/2019/10/09/USBPET_System.jpg HTTP/1.0" 200 498 "-" "Mozilla/5.0 (compatible; bingbot/2.0; +http://www.bing.com/bingbot.htm)"
13.66.139.0 - - [16/Oct/2021:07:44:33 +0700] "GET /products.html?hangsx=ptv-germany&linhvuc=moi-truong&ungdung=construction-cost-estimates HTTP/1.0" 200 13626 "-" "Mozilla/5.0 (compatible; bingbot/2.0; +http://www.bing.com/bingbot.htm)"
157.55.39.30 - - [16/Oct/2021:07:45:11 +0700] "GET /san-pham.html?hangsx=casio-nhat-ban&linhvuc=giao-thong&ungdung=don-gia-chi-so-gia-xay-dung-cong-trinh&loaisp=phan-mem HTTP/1.0" 200 16100 "-" "Mozilla/5.0 (compatible; bingbot/2.0; +http://www.bing.com/bingbot.htm)"
157.55.39.40 - - [16/Oct/2021:07:45:15 +0700] "GET /products.html?hangsx=csi&ungdung=geotechnics HTTP/1.0" 200 13563 "-" "Mozilla/5.0 (compatible; bingbot/2.0; +http://www.bing.com/bingbot.htm)"
157.55.39.40 - - [16/Oct/2021:07:45:16 +0700] "GET /products.html?hangsx=aspentech&linhvuc=moi-truong&ungdung=ket-cau-cong-trinh&loaisp=others HTTP/1.0" 200 13632 "-" "Mozilla/5.0 (compatible; bingbot/2.0; +http://www.bing.com/bingbot.htm)"
157.55.39.40 - - [16/Oct/2021:07:45:16 +0700] "GET /san-pham.html?hangsx=apvan-den-berg-ha-lan HTTP/1.0" 200 18537 "-" "Mozilla/5.0 (compatible; bingbot/2.0; +http://www.bing.com/bingbot.htm)"
207.46.13.168 - - [16/Oct/2021:07:45:19 +0700] "GET /products.html?hangsx=cic&linhvuc=co-khi-che-tao HTTP/1.0" 200 13574 "-" "Mozilla/5.0 (compatible; bingbot/2.0; +http://www.bing.com/bingbot.htm)"
207.46.13.106 - - [16/Oct/2021:07:45:20 +0700] "GET /san-pham.html?hangsx=datakustik&linhvuc=xay-dung HTTP/1.0" 200 15948 "-" "Mozilla/5.0 (compatible; bingbot/2.0; +http://www.bing.com/bingbot.htm)"
207.46.13.106 - - [16/Oct/2021:07:45:21 +0700] "GET /san-pham.html?hangsx=bentley-systems-incorporated&linhvuc=dien&ungdung=344 HTTP/1.0" 200 16004 "-" "Mozilla/5.0 (compatible; bingbot/2.0; +http://www.bing.com/bingbot.htm)"
157.55.39.164 - - [16/Oct/2021:07:45:23 +0700] "GET /san-pham.html?hangsx=ansys HTTP/1.0" 200 19792 "-" "Mozilla/5.0 (compatible; bingbot/2.0; +http://www.bing.com/bingbot.htm)"
40.77.167.48 - - [16/Oct/2021:07:45:26 +0700] "GET /san-pham.html?hangsx=datakustik&linhvuc=168&ungdung=thi-nghiem-dien HTTP/1.0" 200 16025 "-" "Mozilla/5.0 (compatible; bingbot/2.0; +http://www.bing.com/bingbot.htm)"
40.77.167.48 - - [16/Oct/2021:07:45:27 +0700] "GET /products.html?hangsx=aspentech HTTP/1.0" 200 13505 "-" "Mozilla/5.0 (compatible; bingbot/2.0; +http://www.bing.com/bingbot.htm)"
207.46.13.168 - - [16/Oct/2021:07:45:30 +0700] "GET /products.html?hangsx=deltares&linhvuc=dau-khi&ungdung=856 HTTP/1.0" 200 13601 "-" "Mozilla/5.0 (compatible; bingbot/2.0; +http://www.bing.com/bingbot.htm)"
157.55.39.126 - - [16/Oct/2021:07:45:32 +0700] "GET /san-pham.html?hangsx=csi&linhvuc=xay-dung&ungdung=ket-cau-cong-trinh HTTP/1.0" 200 28157 "-" "Mozilla/5.0 (compatible; bingbot/2.0; +http://www.bing.com/bingbot.htm)"
40.77.167.59 - - [16/Oct/2021:07:45:38 +0700] "GET /san-pham.html?hangsx=deltares&linhvuc=32&ungdung=ung-dung-khac HTTP/1.0" 200 16016 "-" "Mozilla/5.0 (compatible; bingbot/2.0; +http://www.bing.com/bingbot.htm)"
40.77.167.59 - - [16/Oct/2021:07:45:38 +0700] "GET /products.html?hangsx=aspentech&ungdung=dao-tao-lai-xe&loaisp=devices HTTP/1.0" 200 13587 "-" "Mozilla/5.0 (compatible; bingbot/2.0; +http://www.bing.com/bingbot.htm)"
40.77.167.59 - - [16/Oct/2021:07:45:39 +0700] "GET /products.html?hangsx=breeze-usa&linhvuc=dau-khi HTTP/1.0" 200 13573 "-" "Mozilla/5.0 (compatible; bingbot/2.0; +http://www.bing.com/bingbot.htm)"
40.77.167.59 - - [16/Oct/2021:07:45:39 +0700] "GET /products.html?hangsx=apvan-den-berg-netherlands&linhvuc=628&ungdung=unit-price-work-construction-price-index HTTP/1.0" 200 13617 "-" "Mozilla/5.0 (compatible; bingbot/2.0; +http://www.bing.com/bingbot.htm)"
40.77.167.59 - - [16/Oct/2021:07:45:39 +0700] "GET /products.html?hangsx=bentley-systems-incorporated&linhvuc=28 HTTP/1.0" 200 13569 "-" "Mozilla/5.0 (compatible; bingbot/2.0; +http://www.bing.com/bingbot.htm)"
40.77.167.59 - - [16/Oct/2021:07:45:40 +0700] "GET /products.html?hangsx=bentley-systems-incorporated&linhvuc=co-khi-che-tao&ungdung=du-toan-cong-trinh&loaisp=184 HTTP/1.0" 200 13643 "-" "Mozilla/5.0 (compatible; bingbot/2.0; +http://www.bing.com/bingbot.htm)"
157.55.39.30 - - [16/Oct/2021:07:45:41 +0700] "GET /products.html?hangsx=adapt-corporation&linhvuc=xay-dung&ungdung=ket-cau-cong-trinh HTTP/1.0" 200 20189 "-" "Mozilla/5.0 (compatible; bingbot/2.0; +http://www.bing.com/bingbot.htm)"
175.143.194.41 - - [16/Oct/2021:07:45:53 +0700] "GET / HTTP/1.0" 200 11071 "https://www.cic.com.vn/" "Mozilla/5.0 (Windows NT 10.0; Win64; x64) AppleWebKit/537.36 (KHTML, like Gecko) Chrome/94.0.4606.81 Safari/537.36"
175.143.194.41 - - [16/Oct/2021:07:45:54 +0700] "GET /images/favicon.ico HTTP/1.0" 200 481 "https://www.cic.com.vn/" "Mozilla/5.0 (Windows NT 10.0; Win64; x64) AppleWebKit/537.36 (KHTML, like Gecko) Chrome/94.0.4606.81 Safari/537.36"
207.46.13.106 - - [16/Oct/2021:07:45:57 +0700] "GET /products.html?hangsx=aspentech&linhvuc=co-khi-che-tao&ungdung=don-gia-chi-so-gia-xay-dung-cong-trinh&loaisp=others HTTP/1.0" 200 13653 "-" "Mozilla/5.0 (compatible; bingbot/2.0; +http://www.bing.com/bingbot.htm)"
157.55.39.164 - - [16/Oct/2021:07:46:04 +0700] "GET /san-pham.html?hangsx=ansys&linhvuc=774&ungdung=don-gia-chi-so-gia-xay-dung-cong-trinh HTTP/1.0" 200 16042 "-" "Mozilla/5.0 (compatible; bingbot/2.0; +http://www.bing.com/bingbot.htm)"
157.55.39.164 - - [16/Oct/2021:07:46:04 +0700] "GET /san-pham.html?hangsx=flaretot&linhvuc=noi-that-va-vat-lieu-xay-dung&ungdung=ket-cau-cong-trinh HTTP/1.0" 200 16074 "-" "Mozilla/5.0 (compatible; bingbot/2.0; +http://www.bing.com/bingbot.htm)"
114.119.148.0 - - [16/Oct/2021:07:46:05 +0700] "GET /uploads/images/Phan%20phoi%20Thiet%20bi/image004.png HTTP/1.0" 404 722 "-" "Mozilla/5.0 (Linux; Android 7.0;) AppleWebKit/537.36 (KHTML, like Gecko) Mobile Safari/537.36 (compatible; PetalBot;+https://webmaster.petalsearch.com/site/petalbot)"
40.77.167.59 - - [16/Oct/2021:07:46:13 +0700] "GET /san-pham.html?hangsx=geoscanner-1&loaisp=306 HTTP/1.0" 200 15902 "-" "Mozilla/5.0 (compatible; bingbot/2.0; +http://www.bing.com/bingbot.htm)"
40.77.167.59 - - [16/Oct/2021:07:46:15 +0700] "GET /products.html?hangsx=casio-japan&linhvuc=xay-dung HTTP/1.0" 200 13568 "-" "Mozilla/5.0 (compatible; bingbot/2.0; +http://www.bing.com/bingbot.htm)"
207.46.13.106 - - [16/Oct/2021:07:46:18 +0700] "GET /products.html?hangsx=aspentech&linhvuc=dau-khi HTTP/1.0" 200 13571 "-" "Mozilla/5.0 (compatible; bingbot/2.0; +http://www.bing.com/bingbot.htm)"
103.17.88.167 - - [16/Oct/2021:07:46:28 +0700] "GET /upload_images/images/2019/10/08/SAFE_tong%20quan.jpg HTTP/1.0" 200 499 "http://techconedu.com/" "Mozilla/5.0 (Windows NT 10.0; Win64; x64) AppleWebKit/537.36 (KHTML, like Gecko) Chrome/94.0.4606.81 Safari/537.36"
66.249.79.106 - - [16/Oct/2021:07:46:35 +0700] "GET /hop-dong-hoan-thanh-ban-giao-32-thiet-bi-doc-ghi-so-dong-ho-n57.html HTTP/1.0" 200 11715 "-" "Mozilla/5.0 (compatible; Googlebot/2.1; +http://www.google.com/bot.html)"
157.55.39.164 - - [16/Oct/2021:07:47:25 +0700] "GET /san-pham.html?loaisp=khac&hangsx=trimble&linhvuc=dien&ungdung=thi-nghiem-trong-phong-hien-truong HTTP/1.0" 200 16083 "-" "Mozilla/5.0 (compatible; bingbot/2.0; +http://www.bing.com/bingbot.htm)"
114.119.141.206 - - [16/Oct/2021:07:47:35 +0700] "GET /robots.txt HTTP/1.0" 301 723 "-" "Mozilla/5.0 (compatible;PetalBot;+https://webmaster.petalsearch.com/site/petalbot)"
114.119.141.206 - - [16/Oct/2021:07:47:40 +0700] "GET /robots.txt HTTP/1.0" 200 528 "-" "Mozilla/5.0 (compatible;PetalBot;+https://webmaster.petalsearch.com/site/petalbot)"
157.55.39.164 - - [16/Oct/2021:07:47:46 +0700] "GET /san-pham.html?loaisp=phan-mem&hangsx=geoscanner-1&linhvuc=giao-duc-dao-tao&ungdung=khac HTTP/1.0" 200 16071 "-" "Mozilla/5.0 (compatible; bingbot/2.0; +http://www.bing.com/bingbot.htm)"
13.66.139.0 - - [16/Oct/2021:07:49:02 +0700] "GET /products.html?hangsx=rps-usa&linhvuc=thuy-loi&loaisp=others HTTP/1.0" 200 13603 "-" "Mozilla/5.0 (compatible; bingbot/2.0; +http://www.bing.com/bingbot.htm)"
54.189.78.40 - - [16/Oct/2021:07:49:15 +0700] "GET / HTTP/1.0" 200 71715 "-" "Mozilla/5.0 (Windows NT 6.4; WOW64) AppleWebKit/537.36 (KHTML, like Gecko) Chrome/41.0.2225.0 Safari/537.36"
157.55.39.164 - - [16/Oct/2021:07:49:23 +0700] "GET /san-pham.html?loaisp=phan-mem&hangsx=radiodetection&linhvuc=moi-truong&ungdung=thi-nghiem-dien HTTP/1.0" 200 16074 "-" "Mozilla/5.0 (compatible; bingbot/2.0; +http://www.bing.com/bingbot.htm)"
42.113.241.70 - - [16/Oct/2021:07:50:00 +0700] "GET /upload_images/images/2019/10/08/SAFE_tong%20quan.jpg HTTP/1.0" 200 499 "https://laptopxaydung.com/" "Mozilla/5.0 (Windows NT 10.0; WOW64) AppleWebKit/537.36 (KHTML, like Gecko) coc_coc_browser/98.0.168 Chrome/92.0.4515.168 Safari/537.36"
114.119.148.1 - - [16/Oct/2021:07:50:27 +0700] "GET /phan-mem-quan-ly-hop-dong-don-vi-thi-con-p210.html HTTP/1.0" 301 803 "-" "Mozilla/5.0 (Linux; Android 7.0;) AppleWebKit/537.36 (KHTML, like Gecko) Mobile Safari/537.36 (compatible; PetalBot;+https://webmaster.petalsearch.com/site/petalbot)"
114.119.148.1 - - [16/Oct/2021:07:50:32 +0700] "GET /phan-mem-quan-ly-hop-dong-don-vi-thi-con-p210.html HTTP/1.0" 404 726 "-" "Mozilla/5.0 (Linux; Android 7.0;) AppleWebKit/537.36 (KHTML, like Gecko) Mobile Safari/537.36 (compatible; PetalBot;+https://webmaster.petalsearch.com/site/petalbot)"
144.76.14.75 - - [16/Oct/2021:07:51:28 +0700] "GET /robots.txt HTTP/1.0" 301 723 "-" "Mozilla/5.0 (Windows NT 10.0; Win64; x64; trendictionbot0.5.0; trendiction search; http://www.trendiction.de/bot; please let us know of any problems; web at trendiction.com) Gecko/20170101 Firefox/67.0"
144.76.14.75 - - [16/Oct/2021:07:51:31 +0700] "GET /robots.txt HTTP/1.0" 200 528 "https://cic.com.vn/robots.txt" "Mozilla/5.0 (Windows NT 10.0; Win64; x64; trendictionbot0.5.0; trendiction search; http://www.trendiction.de/bot; please let us know of any problems; web at trendiction.com) Gecko/20170101 Firefox/67.0"
207.46.13.52 - - [16/Oct/2021:07:51:40 +0700] "GET /san-pham.html?loaisp=khac&linhvuc=noi-that-va-vat-lieu-xay-dung&ungdung=du-toan-cong-trinh HTTP/1.0" 200 16073 "-" "Mozilla/5.0 (compatible; bingbot/2.0; +http://www.bing.com/bingbot.htm)"
87.250.224.19 - - [16/Oct/2021:07:52:18 +0700] "GET /robots.txt HTTP/1.0" 200 528 "-" "Mozilla/5.0 (compatible; YandexBot/3.0; +http://yandex.com/bots)"
87.250.224.19 - - [16/Oct/2021:07:52:21 +0700] "GET /san-pham/vinasas-phan-mem-tinh-toan-thiet-ke-khung-hon-hop HTTP/1.0" 301 839 "-" "Mozilla/5.0 (compatible; YandexBot/3.0; +http://yandex.com/bots)"
40.77.167.48 - - [16/Oct/2021:07:52:23 +0700] "GET /products.html?hangsx=savoy&linhvuc=co-khi-che-tao&ungdung=dao-tao-lai-xe HTTP/1.0" 200 13611 "-" "Mozilla/5.0 (compatible; bingbot/2.0; +http://www.bing.com/bingbot.htm)"
116.118.48.200 - - [16/Oct/2021:07:52:27 +0700] "GET /uploads/images/stCAD/MongDon1.PNG HTTP/1.0" 301 769 "-" "-"
40.77.167.59 - - [16/Oct/2021:07:53:48 +0700] "GET /products.html?ungdung=bim&hangsx=troxler-usa&loaisp=others HTTP/1.0" 200 13578 "-" "Mozilla/5.0 (compatible; bingbot/2.0; +http://www.bing.com/bingbot.htm)"
157.55.39.164 - - [16/Oct/2021:07:53:52 +0700] "GET /products.html?hangsx=edc-usa&linhvuc=co-khi-che-tao&ungdung=others&loaisp=devices HTTP/1.0" 200 13632 "-" "Mozilla/5.0 (compatible; bingbot/2.0; +http://www.bing.com/bingbot.htm)"
114.119.148.102 - - [16/Oct/2021:07:54:51 +0700] "GET /article/nhieu-xe-may-suyt-lao-xuong-ho-tu-o-trung-tam-tphcm?page=11 HTTP/1.0" 404 735 "-" "Mozilla/5.0 (Linux; Android 7.0;) AppleWebKit/537.36 (KHTML, like Gecko) Mobile Safari/537.36 (compatible; PetalBot;+https://webmaster.petalsearch.com/site/petalbot)"
157.55.39.126 - - [16/Oct/2021:07:56:16 +0700] "GET /products.html?hangsx=aspentech&linhvuc=giao-duc-dao-tao&ungdung=dao-tao-lai-xe&loaisp=devices HTTP/1.0" 200 15012 "-" "Mozilla/5.0 (compatible; bingbot/2.0; +http://www.bing.com/bingbot.htm)"
207.46.13.52 - - [16/Oct/2021:07:56:51 +0700] "GET /san-pham.html?hangsx=bentley-systems-incorporated&linhvuc=khac&ungdung=don-gia-chi-so-gia-xay-dung-cong-trinh&loaisp=phan-mem HTTP/1.0" 200 16110 "-" "Mozilla/5.0 (compatible; bingbot/2.0; +http://www.bing.com/bingbot.htm)"
