141.8.142.73 - - [16/Oct/2021:06:38:00 +0700] "GET /templates/default/js/bootstrap.min.js HTTP/1.1" 200 9454 "https://www.cic.com.vn/" "Mozilla/5.0 (compatible; YandexBot/3.0; +http://yandex.com/bots) AppleWebKit/537.36 (KHTML, like Gecko) Chrome/81.0.4044.268"
87.250.224.19 - - [16/Oct/2021:06:38:13 +0700] "GET /blocks/mainmenu/assets/js/mmenu.js HTTP/1.1" 200 17598 "https://www.cic.com.vn/" "Mozilla/5.0 (compatible; YandexBot/3.0; +http://yandex.com/bots) AppleWebKit/537.36 (KHTML, like Gecko) Chrome/81.0.4044.268"
87.250.224.19 - - [16/Oct/2021:06:38:15 +0700] "GET /templates/default/js/form1.js HTTP/1.1" 200 2619 "https://www.cic.com.vn/" "Mozilla/5.0 (compatible; YandexBot/3.0; +http://yandex.com/bots) AppleWebKit/537.36 (KHTML, like Gecko) Chrome/81.0.4044.268"
87.250.224.19 - - [16/Oct/2021:06:38:19 +0700] "GET /blocks/search/assets/js/search.js HTTP/1.1" 200 674 "https://www.cic.com.vn/" "Mozilla/5.0 (compatible; YandexBot/3.0; +http://yandex.com/bots) AppleWebKit/537.36 (KHTML, like Gecko) Chrome/81.0.4044.268"
87.250.224.19 - - [16/Oct/2021:06:38:30 +0700] "GET /blocks/mainmenu/assets/js/mmenu.polyfills.js HTTP/1.1" 200 988 "https://www.cic.com.vn/" "Mozilla/5.0 (compatible; YandexBot/3.0; +http://yandex.com/bots) AppleWebKit/537.36 (KHTML, like Gecko) Chrome/81.0.4044.268"
87.250.224.19 - - [16/Oct/2021:06:38:36 +0700] "GET /libraries/owlcarousel/owl.carousel.min.js HTTP/1.1" 200 11425 "https://www.cic.com.vn/" "Mozilla/5.0 (compatible; YandexBot/3.0; +http://yandex.com/bots) AppleWebKit/537.36 (KHTML, like Gecko) Chrome/81.0.4044.268"
87.250.224.19 - - [16/Oct/2021:06:38:44 +0700] "GET /blocks/library/assets/js/TweenLite.min.js HTTP/1.1" 200 9796 "https://www.cic.com.vn/" "Mozilla/5.0 (compatible; YandexBot/3.0; +http://yandex.com/bots) AppleWebKit/537.36 (KHTML, like Gecko) Chrome/81.0.4044.268"
157.55.39.40 - - [16/Oct/2021:06:38:54 +0700] "GET /uploads/images/TKT/intro/xem_bv.png HTTP/2.0" 200 72167 "-" "Mozilla/5.0 (compatible; bingbot/2.0; +http://www.bing.com/bingbot.htm)"
87.250.224.19 - - [16/Oct/2021:06:39:02 +0700] "GET /blocks/library/assets/js/demo.js HTTP/1.1" 200 1540 "https://www.cic.com.vn/" "Mozilla/5.0 (compatible; YandexBot/3.0; +http://yandex.com/bots) AppleWebKit/537.36 (KHTML, like Gecko) Chrome/81.0.4044.268"
54.74.73.109 - - [16/Oct/2021:06:39:59 +0700] "GET /rss.php HTTP/1.1" 200 3437 "-" "Krzana bot"
114.119.148.102 - - [16/Oct/2021:06:40:16 +0700] "GET /forums/search.php?action=finduser&uid=94982 HTTP/1.1" 404 146 "-" "Mozilla/5.0 (Linux; Android 7.0;) AppleWebKit/537.36 (KHTML, like Gecko) Mobile Safari/537.36 (compatible; PetalBot;+https://webmaster.petalsearch.com/site/petalbot)"
54.90.86.203 - - [16/Oct/2021:06:41:23 +0700] "GET /download/PMXD/stCAD/stCAD42Setup.exe HTTP/1.1" 200 147110 "-" "Mozilla/5.0 (Macintosh; Intel Mac OS X 10_10_5) AppleWebKit/537.36 (KHTML, like Gecko) Chrome/52.0.2743.116 Safari/537.36"
87.250.224.19 - - [16/Oct/2021:06:41:32 +0700] "GET /templates/default/js/main.js HTTP/1.1" 200 2589 "https://www.cic.com.vn/" "Mozilla/5.0 (compatible; YandexBot/3.0; +http://yandex.com/bots) AppleWebKit/537.36 (KHTML, like Gecko) Chrome/81.0.4044.268"
114.119.148.0 - - [16/Oct/2021:06:41:43 +0700] "GET /forums/showthread.php?tid=26&action=newpost HTTP/1.1" 404 146 "-" "Mozilla/5.0 (Linux; Android 7.0;) AppleWebKit/537.36 (KHTML, like Gecko) Mobile Safari/537.36 (compatible; PetalBot;+https://webmaster.petalsearch.com/site/petalbot)"
114.119.148.105 - - [16/Oct/2021:06:43:10 +0700] "GET /forums/member.php?action=profile&uid=14903 HTTP/1.1" 404 146 "-" "Mozilla/5.0 (Linux; Android 7.0;) AppleWebKit/537.36 (KHTML, like Gecko) Mobile Safari/537.36 (compatible; PetalBot;+https://webmaster.petalsearch.com/site/petalbot)"
114.119.148.1 - - [16/Oct/2021:06:44:45 +0700] "GET /forums/archive/index.php/thread-12258.html HTTP/1.1" 404 146 "-" "Mozilla/5.0 (Linux; Android 7.0;) AppleWebKit/537.36 (KHTML, like Gecko) Mobile Safari/537.36 (compatible; PetalBot;+https://webmaster.petalsearch.com/site/petalbot)"
175.143.194.41 - - [16/Oct/2021:06:45:50 +0700] "GET /images/banners/original/tedi-south_1584082165.jpg HTTP/2.0" 200 46558 "https://www.cic.com.vn/" "Mozilla/5.0 (Windows NT 10.0; Win64; x64) AppleWebKit/537.36 (KHTML, like Gecko) Chrome/94.0.4606.81 Safari/537.36"
175.143.194.41 - - [16/Oct/2021:06:45:51 +0700] "GET /images/favicon.ico HTTP/2.0" 200 3150 "https://www.cic.com.vn/" "Mozilla/5.0 (Windows NT 10.0; Win64; x64) AppleWebKit/537.36 (KHTML, like Gecko) Chrome/94.0.4606.81 Safari/537.36"
114.119.148.103 - - [16/Oct/2021:06:46:13 +0700] "GET /forums/member.php?action=profile&uid=3041 HTTP/1.1" 404 146 "-" "Mozilla/5.0 (Linux; Android 7.0;) AppleWebKit/537.36 (KHTML, like Gecko) Mobile Safari/537.36 (compatible; PetalBot;+https://webmaster.petalsearch.com/site/petalbot)"
157.55.39.30 - - [16/Oct/2021:06:47:14 +0700] "GET /upload_images/images/2021/04/15/3.png HTTP/2.0" 200 107915 "-" "Mozilla/5.0 (compatible; bingbot/2.0; +http://www.bing.com/bingbot.htm)"
114.119.148.103 - - [16/Oct/2021:06:49:06 +0700] "GET /forums/search.php?action=finduser&uid=20712 HTTP/1.1" 404 146 "-" "Mozilla/5.0 (Linux; Android 7.0;) AppleWebKit/537.36 (KHTML, like Gecko) Mobile Safari/537.36 (compatible; PetalBot;+https://webmaster.petalsearch.com/site/petalbot)"
114.119.148.102 - - [16/Oct/2021:06:50:32 +0700] "GET /forums/archive/index.php/thread-25461.html HTTP/1.1" 404 146 "-" "Mozilla/5.0 (Linux; Android 7.0;) AppleWebKit/537.36 (KHTML, like Gecko) Mobile Safari/537.36 (compatible; PetalBot;+https://webmaster.petalsearch.com/site/petalbot)"
122.167.77.42 - - [16/Oct/2021:06:51:41 +0700] "GET /images/favicon.ico HTTP/2.0" 200 3150 "https://www.cic.com.vn/co-cau-to-chuc-ce2.html" "Mozilla/5.0 (Windows NT 10.0; Win64; x64) AppleWebKit/537.36 (KHTML, like Gecko) Chrome/94.0.4606.81 Safari/537.36"
122.167.77.42 - - [16/Oct/2021:06:51:43 +0700] "GET /index.php?module=products&view=product&task=update_hits&raw=1 HTTP/2.0" 200 1 "https://www.cic.com.vn/co-cau-to-chuc-ce2.html" "Mozilla/5.0 (Windows NT 10.0; Win64; x64) AppleWebKit/537.36 (KHTML, like Gecko) Chrome/94.0.4606.81 Safari/537.36"
114.119.148.102 - - [16/Oct/2021:06:51:59 +0700] "GET /forums/member.php?action=profile&uid=94453 HTTP/1.1" 404 146 "-" "Mozilla/5.0 (Linux; Android 7.0;) AppleWebKit/537.36 (KHTML, like Gecko) Mobile Safari/537.36 (compatible; PetalBot;+https://webmaster.petalsearch.com/site/petalbot)"
144.76.14.75 - - [16/Oct/2021:06:54:52 +0700] "GET /forums/forumdisplay.php?fid=12 HTTP/1.1" 404 146 "https://cic.com.vn/forums/" "Mozilla/5.0 (Windows NT 10.0; Win64; x64; trendictionbot0.5.0; trendiction search; http://www.trendiction.de/bot; please let us know of any problems; web at trendiction.com) Gecko/20170101 Firefox/67.0"
114.119.148.106 - - [16/Oct/2021:06:54:55 +0700] "GET /forums/archive/index.php/thread-25772.html HTTP/1.1" 404 146 "-" "Mozilla/5.0 (Linux; Android 7.0;) AppleWebKit/537.36 (KHTML, like Gecko) Mobile Safari/537.36 (compatible; PetalBot;+https://webmaster.petalsearch.com/site/petalbot)"
114.119.148.0 - - [16/Oct/2021:06:56:24 +0700] "GET /forums/member.php?action=profile&uid=1217 HTTP/1.1" 404 146 "-" "Mozilla/5.0 (Linux; Android 7.0;) AppleWebKit/537.36 (KHTML, like Gecko) Mobile Safari/537.36 (compatible; PetalBot;+https://webmaster.petalsearch.com/site/petalbot)"
40.77.167.48 - - [16/Oct/2021:06:57:33 +0700] "GET /upload_images/images/2020/03/7.jpg HTTP/2.0" 200 98571 "-" "Mozilla/5.0 (compatible; bingbot/2.0; +http://www.bing.com/bingbot.htm)"
114.119.148.105 - - [16/Oct/2021:06:57:48 +0700] "GET /forums/member.php?action=profile&uid=89231 HTTP/1.1" 404 146 "-" "Mozilla/5.0 (Linux; Android 7.0;) AppleWebKit/537.36 (KHTML, like Gecko) Mobile Safari/537.36 (compatible; PetalBot;+https://webmaster.petalsearch.com/site/petalbot)"
114.119.148.103 - - [16/Oct/2021:06:59:23 +0700] "GET /forums/forumdisplay.php?fid=34&page=1 HTTP/1.1" 404 146 "-" "Mozilla/5.0 (Linux; Android 7.0;) AppleWebKit/537.36 (KHTML, like Gecko) Mobile Safari/537.36 (compatible; PetalBot;+https://webmaster.petalsearch.com/site/petalbot)"
114.119.148.0 - - [16/Oct/2021:07:03:43 +0700] "GET /forums/reputation.php?uid=95792 HTTP/1.1" 404 146 "-" "Mozilla/5.0 (Linux; Android 7.0;) AppleWebKit/537.36 (KHTML, like Gecko) Mobile Safari/537.36 (compatible; PetalBot;+https://webmaster.petalsearch.com/site/petalbot)"
114.119.148.102 - - [16/Oct/2021:07:05:09 +0700] "GET /forums/showthread.php?tid=1712&action=lastpost HTTP/1.1" 404 146 "-" "Mozilla/5.0 (Linux; Android 7.0;) AppleWebKit/537.36 (KHTML, like Gecko) Mobile Safari/537.36 (compatible; PetalBot;+https://webmaster.petalsearch.com/site/petalbot)"
27.75.153.26 - - [16/Oct/2021:07:05:58 +0700] "GET /uploads/images/MCW/23.%20ban%20ve%20chi%20tiet%20coc%20dong%20ep.jpg HTTP/2.0" 200 71383 "https://www.google.com/" "Mozilla/5.0 (Windows NT 10.0; Win64; x64) AppleWebKit/537.36 (KHTML, like Gecko) Chrome/94.0.4606.81 Safari/537.36"
114.119.148.0 - - [16/Oct/2021:07:06:41 +0700] "GET /forums/newreply.php?tid=189&pid=726 HTTP/1.1" 404 146 "-" "Mozilla/5.0 (Linux; Android 7.0;) AppleWebKit/537.36 (KHTML, like Gecko) Mobile Safari/537.36 (compatible; PetalBot;+https://webmaster.petalsearch.com/site/petalbot)"
114.119.148.105 - - [16/Oct/2021:07:07:58 +0700] "GET /forums/archive/index.php/forum-1627-388.html HTTP/1.1" 404 146 "-" "Mozilla/5.0 (Linux; Android 7.0;) AppleWebKit/537.36 (KHTML, like Gecko) Mobile Safari/537.36 (compatible; PetalBot;+https://webmaster.petalsearch.com/site/petalbot)"
87.250.224.19 - - [16/Oct/2021:07:10:06 +0700] "GET /forums/showthread.php?tid=189 HTTP/1.1" 404 146 "-" "Mozilla/5.0 (compatible; YandexBot/3.0; +http://yandex.com/bots)"
114.119.148.106 - - [16/Oct/2021:07:10:59 +0700] "GET /forums/member.php?action=profile&uid=23597 HTTP/1.1" 404 146 "-" "Mozilla/5.0 (Linux; Android 7.0;) AppleWebKit/537.36 (KHTML, like Gecko) Mobile Safari/537.36 (compatible; PetalBot;+https://webmaster.petalsearch.com/site/petalbot)"
114.119.148.102 - - [16/Oct/2021:07:12:26 +0700] "GET /forums/printthread.php?tid=17451 HTTP/1.1" 404 146 "-" "Mozilla/5.0 (Linux; Android 7.0;) AppleWebKit/537.36 (KHTML, like Gecko) Mobile Safari/537.36 (compatible; PetalBot;+https://webmaster.petalsearch.com/site/petalbot)"
114.119.148.106 - - [16/Oct/2021:07:13:51 +0700] "GET /forums/reputation.php?uid=10568 HTTP/1.1" 404 146 "-" "Mozilla/5.0 (Linux; Android 7.0;) AppleWebKit/537.36 (KHTML, like Gecko) Mobile Safari/537.36 (compatible; PetalBot;+https://webmaster.petalsearch.com/site/petalbot)"
40.77.167.59 - - [16/Oct/2021:07:14:31 +0700] "GET /images/products/2019/10/09/original/csi-apps-icon_1570607337.png HTTP/2.0" 200 75922 "-" "Mozilla/5.0 (compatible; bingbot/2.0; +http://www.bing.com/bingbot.htm)"
114.119.148.1 - - [16/Oct/2021:07:15:16 +0700] "GET /forums/search.php?action=finduser&uid=9782 HTTP/1.1" 404 146 "-" "Mozilla/5.0 (Linux; Android 7.0;) AppleWebKit/537.36 (KHTML, like Gecko) Mobile Safari/537.36 (compatible; PetalBot;+https://webmaster.petalsearch.com/site/petalbot)"
175.143.194.41 - - [16/Oct/2021:07:15:53 +0700] "GET /images/favicon.ico HTTP/2.0" 200 3150 "https://www.cic.com.vn/" "Mozilla/5.0 (Windows NT 10.0; Win64; x64) AppleWebKit/537.36 (KHTML, like Gecko) Chrome/94.0.4606.81 Safari/537.36"
144.76.14.73 - - [16/Oct/2021:07:16:37 +0700] "GET /forums/forumdisplay.php?fid=2 HTTP/1.1" 404 146 "https://cic.com.vn/forums/" "Mozilla/5.0 (Windows NT 10.0; Win64; x64; trendictionbot0.5.0; trendiction search; http://www.trendiction.de/bot; please let us know of any problems; web at trendiction.com) Gecko/20170101 Firefox/67.0"
114.119.148.103 - - [16/Oct/2021:07:16:44 +0700] "GET /forums/reputation.php?uid=22569 HTTP/1.1" 404 146 "-" "Mozilla/5.0 (Linux; Android 7.0;) AppleWebKit/537.36 (KHTML, like Gecko) Mobile Safari/537.36 (compatible; PetalBot;+https://webmaster.petalsearch.com/site/petalbot)"
114.119.148.0 - - [16/Oct/2021:07:18:11 +0700] "GET /forums/memberlist.php?sort=threadnum&order=descending&perpage=20&username_match=begins&username=A&page=2 HTTP/1.1" 404 146 "-" "Mozilla/5.0 (Linux; Android 7.0;) AppleWebKit/537.36 (KHTML, like Gecko) Mobile Safari/537.36 (compatible; PetalBot;+https://webmaster.petalsearch.com/site/petalbot)"
40.77.167.48 - - [16/Oct/2021:07:19:15 +0700] "GET /upload_images/images/2020/08/04/2.png HTTP/2.0" 200 41669 "-" "Mozilla/5.0 (compatible; bingbot/2.0; +http://www.bing.com/bingbot.htm)"
114.119.148.0 - - [16/Oct/2021:07:21:04 +0700] "GET /forums/archive/index.php HTTP/1.1" 404 146 "-" "Mozilla/5.0 (Linux; Android 7.0;) AppleWebKit/537.36 (KHTML, like Gecko) Mobile Safari/537.36 (compatible; PetalBot;+https://webmaster.petalsearch.com/site/petalbot)"
157.55.39.40 - - [16/Oct/2021:07:22:08 +0700] "GET /upload_images/images/2020/07/17/sum7.JPG HTTP/2.0" 200 93064 "-" "Mozilla/5.0 (compatible; bingbot/2.0; +http://www.bing.com/bingbot.htm)"
157.55.39.164 - - [16/Oct/2021:07:24:07 +0700] "GET /uploads/images/RDW/guide/38.png HTTP/2.0" 200 3989 "-" "Mozilla/5.0 (compatible; bingbot/2.0; +http://www.bing.com/bingbot.htm)"
207.46.13.52 - - [16/Oct/2021:07:24:58 +0700] "GET /upload_images/images/2019/09/30/1_62061(1).jpg HTTP/2.0" 200 53200 "-" "Mozilla/5.0 (compatible; bingbot/2.0; +http://www.bing.com/bingbot.htm)"
114.119.148.1 - - [16/Oct/2021:07:27:08 +0700] "GET /forums/thankyoulike.php?action=add&pid=5050&my_post_key=fdd8226d417866e2f39470b30f067108 HTTP/1.1" 404 146 "-" "Mozilla/5.0 (Linux; Android 7.0;) AppleWebKit/537.36 (KHTML, like Gecko) Mobile Safari/537.36 (compatible; PetalBot;+https://webmaster.petalsearch.com/site/petalbot)"
40.77.167.59 - - [16/Oct/2021:07:27:52 +0700] "GET /images/news/2019/08/large/tin8_1566208278.jpg HTTP/2.0" 200 84646 "-" "Mozilla/5.0 (compatible; bingbot/2.0; +http://www.bing.com/bingbot.htm)"
113.175.120.1 - - [16/Oct/2021:07:29:53 +0700] "GET /templates/default/css/bootstrap.css HTTP/2.0" 200 17947 "https://www.cic.com.vn/" "Mozilla/5.0 (Linux; Android 10; SM-N960F) AppleWebKit/537.36 (KHTML, like Gecko) Chrome/94.0.4606.71 Mobile Safari/537.36"
113.175.120.1 - - [16/Oct/2021:07:29:53 +0700] "GET /templates/default/css/style.css HTTP/2.0" 200 5090 "https://www.cic.com.vn/" "Mozilla/5.0 (Linux; Android 10; SM-N960F) AppleWebKit/537.36 (KHTML, like Gecko) Chrome/94.0.4606.71 Mobile Safari/537.36"
113.175.120.1 - - [16/Oct/2021:07:29:53 +0700] "GET /libraries/owlcarousel/assets/owl.carousel.min.css HTTP/2.0" 200 912 "https://www.cic.com.vn/" "Mozilla/5.0 (Linux; Android 10; SM-N960F) AppleWebKit/537.36 (KHTML, like Gecko) Chrome/94.0.4606.71 Mobile Safari/537.36"
113.175.120.1 - - [16/Oct/2021:07:29:53 +0700] "GET /modules/home/assets/css/home6.css HTTP/2.0" 200 1987 "https://www.cic.com.vn/" "Mozilla/5.0 (Linux; Android 10; SM-N960F) AppleWebKit/537.36 (KHTML, like Gecko) Chrome/94.0.4606.71 Mobile Safari/537.36"
113.175.120.1 - - [16/Oct/2021:07:29:54 +0700] "GET /blocks/mainmenu/assets/css/jquery.mmenu.all.css HTTP/2.0" 200 4078 "https://www.cic.com.vn/" "Mozilla/5.0 (Linux; Android 10; SM-N960F) AppleWebKit/537.36 (KHTML, like Gecko) Chrome/94.0.4606.71 Mobile Safari/537.36"
113.175.120.1 - - [16/Oct/2021:07:29:54 +0700] "GET /blocks/mainmenu/assets/css/styles.css HTTP/2.0" 200 1456 "https://www.cic.com.vn/" "Mozilla/5.0 (Linux; Android 10; SM-N960F) AppleWebKit/537.36 (KHTML, like Gecko) Chrome/94.0.4606.71 Mobile Safari/537.36"
113.175.120.1 - - [16/Oct/2021:07:29:54 +0700] "GET /libraries/font-awesome/css/fontawesome-all.min.css HTTP/2.0" 200 10148 "https://www.cic.com.vn/" "Mozilla/5.0 (Linux; Android 10; SM-N960F) AppleWebKit/537.36 (KHTML, like Gecko) Chrome/94.0.4606.71 Mobile Safari/537.36"
113.175.120.1 - - [16/Oct/2021:07:29:54 +0700] "GET /libraries/owlcarousel/assets/owl.theme.default.css HTTP/2.0" 200 465 "https://www.cic.com.vn/" "Mozilla/5.0 (Linux; Android 10; SM-N960F) AppleWebKit/537.36 (KHTML, like Gecko) Chrome/94.0.4606.71 Mobile Safari/537.36"
113.175.120.1 - - [16/Oct/2021:07:29:54 +0700] "GET /templates/default/js/bootstrap.min.js HTTP/2.0" 200 9026 "https://www.cic.com.vn/" "Mozilla/5.0 (Linux; Android 10; SM-N960F) AppleWebKit/537.36 (KHTML, like Gecko) Chrome/94.0.4606.71 Mobile Safari/537.36"
113.175.120.1 - - [16/Oct/2021:07:29:54 +0700] "GET /blocks/mainmenu/assets/js/mmenu.js HTTP/2.0" 200 16968 "https://www.cic.com.vn/" "Mozilla/5.0 (Linux; Android 10; SM-N960F) AppleWebKit/537.36 (KHTML, like Gecko) Chrome/94.0.4606.71 Mobile Safari/537.36"
113.175.120.1 - - [16/Oct/2021:07:29:54 +0700] "GET /blocks/library/assets/css/style2.css HTTP/2.0" 200 975 "https://www.cic.com.vn/" "Mozilla/5.0 (Linux; Android 10; SM-N960F) AppleWebKit/537.36 (KHTML, like Gecko) Chrome/94.0.4606.71 Mobile Safari/537.36"
113.175.120.1 - - [16/Oct/2021:07:29:54 +0700] "GET /blocks/mainmenu/assets/css/mmenu.css HTTP/2.0" 200 6354 "https://www.cic.com.vn/" "Mozilla/5.0 (Linux; Android 10; SM-N960F) AppleWebKit/537.36 (KHTML, like Gecko) Chrome/94.0.4606.71 Mobile Safari/537.36"
113.175.120.1 - - [16/Oct/2021:07:29:54 +0700] "GET /blocks/library/assets/js/TweenLite.min.js HTTP/2.0" 200 9464 "https://www.cic.com.vn/" "Mozilla/5.0 (Linux; Android 10; SM-N960F) AppleWebKit/537.36 (KHTML, like Gecko) Chrome/94.0.4606.71 Mobile Safari/537.36"
113.175.120.1 - - [16/Oct/2021:07:29:54 +0700] "GET /templates/default/js/main.js HTTP/2.0" 200 2297 "https://www.cic.com.vn/" "Mozilla/5.0 (Linux; Android 10; SM-N960F) AppleWebKit/537.36 (KHTML, like Gecko) Chrome/94.0.4606.71 Mobile Safari/537.36"
113.175.120.1 - - [16/Oct/2021:07:29:54 +0700] "GET /libraries/owlcarousel/owl.carousel.min.js HTTP/2.0" 200 11036 "https://www.cic.com.vn/" "Mozilla/5.0 (Linux; Android 10; SM-N960F) AppleWebKit/537.36 (KHTML, like Gecko) Chrome/94.0.4606.71 Mobile Safari/537.36"
113.175.120.1 - - [16/Oct/2021:07:29:54 +0700] "GET /blocks/search/assets/js/search.js HTTP/2.0" 200 581 "https://www.cic.com.vn/" "Mozilla/5.0 (Linux; Android 10; SM-N960F) AppleWebKit/537.36 (KHTML, like Gecko) Chrome/94.0.4606.71 Mobile Safari/537.36"
113.175.120.1 - - [16/Oct/2021:07:29:54 +0700] "GET /templates/default/js/form1.js HTTP/2.0" 200 2429 "https://www.cic.com.vn/" "Mozilla/5.0 (Linux; Android 10; SM-N960F) AppleWebKit/537.36 (KHTML, like Gecko) Chrome/94.0.4606.71 Mobile Safari/537.36"
113.175.120.1 - - [16/Oct/2021:07:29:54 +0700] "GET /libraries/jquery/jquery-1.12.4.min.js HTTP/2.0" 200 32653 "https://www.cic.com.vn/" "Mozilla/5.0 (Linux; Android 10; SM-N960F) AppleWebKit/537.36 (KHTML, like Gecko) Chrome/94.0.4606.71 Mobile Safari/537.36"
113.175.120.1 - - [16/Oct/2021:07:29:54 +0700] "GET /blocks/mainmenu/assets/js/mmenu.polyfills.js HTTP/2.0" 200 857 "https://www.cic.com.vn/" "Mozilla/5.0 (Linux; Android 10; SM-N960F) AppleWebKit/537.36 (KHTML, like Gecko) Chrome/94.0.4606.71 Mobile Safari/537.36"
113.175.120.1 - - [16/Oct/2021:07:29:54 +0700] "GET /blocks/library/assets/js/demo.js HTTP/2.0" 200 1401 "https://www.cic.com.vn/" "Mozilla/5.0 (Linux; Android 10; SM-N960F) AppleWebKit/537.36 (KHTML, like Gecko) Chrome/94.0.4606.71 Mobile Safari/537.36"
113.175.120.1 - - [16/Oct/2021:07:29:54 +0700] "GET /blocks/library/assets/js/EasePack.min.js HTTP/2.0" 200 1865 "https://www.cic.com.vn/" "Mozilla/5.0 (Linux; Android 10; SM-N960F) AppleWebKit/537.36 (KHTML, like Gecko) Chrome/94.0.4606.71 Mobile Safari/537.36"
114.119.148.105 - - [16/Oct/2021:07:29:54 +0700] "GET /forums/newreply.php?tid=638&pid=4174 HTTP/1.1" 404 146 "-" "Mozilla/5.0 (Linux; Android 7.0;) AppleWebKit/537.36 (KHTML, like Gecko) Mobile Safari/537.36 (compatible; PetalBot;+https://webmaster.petalsearch.com/site/petalbot)"
114.119.148.106 - - [16/Oct/2021:07:31:20 +0700] "GET /forums/thankyoulike.php?action=add&pid=260&my_post_key=66e42a895f5007d627518869a7ae52f8 HTTP/1.1" 404 146 "-" "Mozilla/5.0 (Linux; Android 7.0;) AppleWebKit/537.36 (KHTML, like Gecko) Mobile Safari/537.36 (compatible; PetalBot;+https://webmaster.petalsearch.com/site/petalbot)"
23.90.43.184 - - [16/Oct/2021:07:31:34 +0700] "GET /forums/showthread.php?tid=10348 HTTP/1.1" 404 548 "https://cic.com.vn/" "Mozilla/5.0 (Windows NT 6.3; Win64; x64) AppleWebKit/537.36 (KHTML, like Gecko) Chrome/64.0.3282.119 Safari/537.36"
114.119.148.103 - - [16/Oct/2021:07:32:47 +0700] "GET /ratethread.php?tid=362&rating=4&my_post_key=65a22cdc832b0abf958bf394306c3528 HTTP/1.1" 404 146 "-" "Mozilla/5.0 (Linux; Android 7.0;) AppleWebKit/537.36 (KHTML, like Gecko) Mobile Safari/537.36 (compatible; PetalBot;+https://webmaster.petalsearch.com/site/petalbot)"
114.119.148.105 - - [16/Oct/2021:07:34:20 +0700] "GET /forums/archive/index.php/thread-53.html HTTP/1.1" 404 146 "-" "Mozilla/5.0 (Linux; Android 7.0;) AppleWebKit/537.36 (KHTML, like Gecko) Mobile Safari/537.36 (compatible; PetalBot;+https://webmaster.petalsearch.com/site/petalbot)"
114.119.148.105 - - [16/Oct/2021:07:35:48 +0700] "GET /forums/thankyoulike.php?action=add&pid=35&my_post_key=fdd8226d417866e2f39470b30f067108 HTTP/1.1" 404 146 "-" "Mozilla/5.0 (Linux; Android 7.0;) AppleWebKit/537.36 (KHTML, like Gecko) Mobile Safari/537.36 (compatible; PetalBot;+https://webmaster.petalsearch.com/site/petalbot)"
157.55.39.126 - - [16/Oct/2021:07:38:29 +0700] "GET /images/news/2021/01/large/maxresdefault_1610444864.jpg HTTP/2.0" 200 134576 "-" "Mozilla/5.0 (compatible; bingbot/2.0; +http://www.bing.com/bingbot.htm)"
114.119.148.1 - - [16/Oct/2021:07:38:48 +0700] "GET /showthread.php?tid=531&action=lastpost HTTP/1.1" 404 146 "-" "Mozilla/5.0 (Linux; Android 7.0;) AppleWebKit/537.36 (KHTML, like Gecko) Mobile Safari/537.36 (compatible; PetalBot;+https://webmaster.petalsearch.com/site/petalbot)"
114.119.148.0 - - [16/Oct/2021:07:40:12 +0700] "GET /forums/ratethread.php?tid=1034&rating=3&my_post_key=c0340126fef9523c468b958331e4815d HTTP/1.1" 404 146 "-" "Mozilla/5.0 (Linux; Android 7.0;) AppleWebKit/537.36 (KHTML, like Gecko) Mobile Safari/537.36 (compatible; PetalBot;+https://webmaster.petalsearch.com/site/petalbot)"
114.119.148.103 - - [16/Oct/2021:07:41:40 +0700] "GET /forums/archive/index.php/thread-17091.html HTTP/1.1" 404 146 "-" "Mozilla/5.0 (Linux; Android 7.0;) AppleWebKit/537.36 (KHTML, like Gecko) Mobile Safari/537.36 (compatible; PetalBot;+https://webmaster.petalsearch.com/site/petalbot)"
114.119.148.106 - - [16/Oct/2021:07:43:12 +0700] "GET /forums/member.php?action=emailuser&uid=22789 HTTP/1.1" 404 146 "-" "Mozilla/5.0 (Linux; Android 7.0;) AppleWebKit/537.36 (KHTML, like Gecko) Mobile Safari/537.36 (compatible; PetalBot;+https://webmaster.petalsearch.com/site/petalbot)"
207.46.13.52 - - [16/Oct/2021:07:43:50 +0700] "GET /upload_images/images/2019/10/09/USBPET_System.jpg HTTP/2.0" 200 275236 "-" "Mozilla/5.0 (compatible; bingbot/2.0; +http://www.bing.com/bingbot.htm)"
114.119.148.0 - - [16/Oct/2021:07:44:35 +0700] "GET /forums/search.php?action=finduserthreads&uid=24029 HTTP/1.1" 404 146 "-" "Mozilla/5.0 (Linux; Android 7.0;) AppleWebKit/537.36 (KHTML, like Gecko) Mobile Safari/537.36 (compatible; PetalBot;+https://webmaster.petalsearch.com/site/petalbot)"
175.143.194.41 - - [16/Oct/2021:07:45:54 +0700] "GET /images/favicon.ico HTTP/2.0" 200 3150 "https://www.cic.com.vn/" "Mozilla/5.0 (Windows NT 10.0; Win64; x64) AppleWebKit/537.36 (KHTML, like Gecko) Chrome/94.0.4606.81 Safari/537.36"
103.17.88.167 - - [16/Oct/2021:07:46:28 +0700] "GET /upload_images/images/2019/10/08/SAFE_tong%20quan.jpg HTTP/2.0" 200 56997 "http://techconedu.com/" "Mozilla/5.0 (Windows NT 10.0; Win64; x64) AppleWebKit/537.36 (KHTML, like Gecko) Chrome/94.0.4606.81 Safari/537.36"
114.119.148.106 - - [16/Oct/2021:07:49:05 +0700] "GET /forums/ratethread.php?tid=22&rating=2&my_post_key=c0340126fef9523c468b958331e4815d HTTP/1.1" 404 146 "-" "Mozilla/5.0 (Linux; Android 7.0;) AppleWebKit/537.36 (KHTML, like Gecko) Mobile Safari/537.36 (compatible; PetalBot;+https://webmaster.petalsearch.com/site/petalbot)"
42.113.241.70 - - [16/Oct/2021:07:50:00 +0700] "GET /upload_images/images/2019/10/08/SAFE_tong%20quan.jpg HTTP/2.0" 200 56997 "https://laptopxaydung.com/" "Mozilla/5.0 (Windows NT 10.0; WOW64) AppleWebKit/537.36 (KHTML, like Gecko) coc_coc_browser/98.0.168 Chrome/92.0.4515.168 Safari/537.36"
144.76.14.75 - - [16/Oct/2021:07:51:33 +0700] "GET /forums/forumdisplay.php?fid=45 HTTP/1.1" 404 146 "https://cic.com.vn/forums/" "Mozilla/5.0 (Windows NT 10.0; Win64; x64; trendictionbot0.5.0; trendiction search; http://www.trendiction.de/bot; please let us know of any problems; web at trendiction.com) Gecko/20170101 Firefox/67.0"
114.119.148.1 - - [16/Oct/2021:07:51:57 +0700] "GET /forums/archive/index.php/forum-1627-242.html HTTP/1.1" 404 146 "-" "Mozilla/5.0 (Linux; Android 7.0;) AppleWebKit/537.36 (KHTML, like Gecko) Mobile Safari/537.36 (compatible; PetalBot;+https://webmaster.petalsearch.com/site/petalbot)"
114.119.148.0 - - [16/Oct/2021:07:53:27 +0700] "GET /forums/ratethread.php?tid=50&rating=5&my_post_key=c0340126fef9523c468b958331e4815d HTTP/1.1" 404 146 "-" "Mozilla/5.0 (Linux; Android 7.0;) AppleWebKit/537.36 (KHTML, like Gecko) Mobile Safari/537.36 (compatible; PetalBot;+https://webmaster.petalsearch.com/site/petalbot)"
66.249.79.110 - - [16/Oct/2021:07:53:54 +0700] "GET /libraries/jquery/ajax_captcha/create_image.php?1634256000071 HTTP/1.1" 200 1871 "-" "Googlebot-Image/1.0"
114.119.148.0 - - [16/Oct/2021:07:56:22 +0700] "GET /forums/ratethread.php?tid=1483&rating=4&my_post_key=c0340126fef9523c468b958331e4815d HTTP/1.1" 404 146 "-" "Mozilla/5.0 (Linux; Android 7.0;) AppleWebKit/537.36 (KHTML, like Gecko) Mobile Safari/537.36 (compatible; PetalBot;+https://webmaster.petalsearch.com/site/petalbot)"
157.55.39.30 - - [16/Oct/2021:07:57:42 +0700] "GET /upload_images/images/2020/03/18/p3568.jpg HTTP/2.0" 200 48243 "-" "Mozilla/5.0 (compatible; bingbot/2.0; +http://www.bing.com/bingbot.htm)"
157.55.39.30 - - [16/Oct/2021:07:57:43 +0700] "GET /upload_images/images/2021/01/25/DCS.JPG HTTP/2.0" 200 153020 "-" "Mozilla/5.0 (compatible; bingbot/2.0; +http://www.bing.com/bingbot.htm)"
81.12.124.119 - - [16/Oct/2021:07:58:18 +0700] "GET /forums/showthread.php?tid=25640 HTTP/1.1" 404 548 "https://www.cic.com.vn/" "Mozilla/5.0 (Windows NT 6.1; WOW64) AppleWebKit/537.36 (KHTML, like Gecko) Chrome/66.0.3359.117 Safari/537.36"
114.119.148.1 - - [16/Oct/2021:08:00:42 +0700] "GET /forums/member.php?action=emailuser&uid=89684 HTTP/1.1" 404 146 "-" "Mozilla/5.0 (Linux; Android 7.0;) AppleWebKit/537.36 (KHTML, like Gecko) Mobile Safari/537.36 (compatible; PetalBot;+https://webmaster.petalsearch.com/site/petalbot)"
157.55.39.30 - - [16/Oct/2021:08:01:52 +0700] "GET /images/products/2020/02/19/original/chum_system_1582077067.png HTTP/2.0" 200 178912 "-" "Mozilla/5.0 (compatible; bingbot/2.0; +http://www.bing.com/bingbot.htm)"
66.249.79.106 - - [16/Oct/2021:08:03:36 +0700] "GET /images/news/2021/05/resized/1_1620613744.jpg HTTP/1.1" 200 45871 "-" "Googlebot-Image/1.0"
54.91.36.203 - - [16/Oct/2021:08:03:40 +0700] "GET /download/PMXD/stCAD/stCAD42Setup.exe HTTP/1.1" 200 147110 "-" "Mozilla/5.0 (Macintosh; Intel Mac OS X 10_10_5) AppleWebKit/537.36 (KHTML, like Gecko) Chrome/52.0.2743.116 Safari/537.36"
54.91.36.203 - - [16/Oct/2021:08:03:41 +0700] "GET /download/PMXD/Escon/Escon60FullSetup.exe HTTP/1.1" 200 81574 "-" "Mozilla/5.0 (Macintosh; Intel Mac OS X 10_10_5) AppleWebKit/537.36 (KHTML, like Gecko) Chrome/52.0.2743.116 Safari/537.36"
54.91.36.203 - - [16/Oct/2021:08:03:41 +0700] "GET /download/PMXD/Full/Sumac3.1.0.2208FullSetup.exe HTTP/1.1" 200 81574 "-" "Mozilla/5.0 (Macintosh; Intel Mac OS X 10_10_5) AppleWebKit/537.36 (KHTML, like Gecko) Chrome/52.0.2743.116 Safari/537.36"
114.119.148.102 - - [16/Oct/2021:08:03:43 +0700] "GET /ratethread.php?tid=28&rating=5&my_post_key=66e42a895f5007d627518869a7ae52f8 HTTP/1.1" 404 146 "-" "Mozilla/5.0 (Linux; Android 7.0;) AppleWebKit/537.36 (KHTML, like Gecko) Mobile Safari/537.36 (compatible; PetalBot;+https://webmaster.petalsearch.com/site/petalbot)"
207.46.13.52 - - [16/Oct/2021:08:04:21 +0700] "GET /sites/default/files/styles/110x/public/san-pham/34-2014/2.jpg?itok=Ht3xLY9j HTTP/2.0" 200 9335 "-" "Mozilla/5.0 (compatible; bingbot/2.0; +http://www.bing.com/bingbot.htm)"
114.119.148.103 - - [16/Oct/2021:08:06:26 +0700] "GET /ratethread.php?tid=2&rating=2&my_post_key=65a22cdc832b0abf958bf394306c3528 HTTP/1.1" 404 146 "-" "Mozilla/5.0 (Linux; Android 7.0;) AppleWebKit/537.36 (KHTML, like Gecko) Mobile Safari/537.36 (compatible; PetalBot;+https://webmaster.petalsearch.com/site/petalbot)"
114.119.148.105 - - [16/Oct/2021:08:07:54 +0700] "GET /forums/archive/index.php/forum-1627-204.html HTTP/1.1" 404 146 "-" "Mozilla/5.0 (Linux; Android 7.0;) AppleWebKit/537.36 (KHTML, like Gecko) Mobile Safari/537.36 (compatible; PetalBot;+https://webmaster.petalsearch.com/site/petalbot)"
114.119.148.103 - - [16/Oct/2021:08:09:22 +0700] "GET /ratethread.php?tid=108&rating=1&my_post_key=65a22cdc832b0abf958bf394306c3528 HTTP/1.1" 404 146 "-" "Mozilla/5.0 (Linux; Android 7.0;) AppleWebKit/537.36 (KHTML, like Gecko) Mobile Safari/537.36 (compatible; PetalBot;+https://webmaster.petalsearch.com/site/petalbot)"
216.244.66.243 - - [16/Oct/2021:08:10:36 +0700] "GET /forums/showthread.php?tid=44409 HTTP/1.1" 404 146 "-" "Mozilla/5.0 (compatible; DotBot/1.2; +https://opensiteexplorer.org/dotbot; help@moz.com)"
114.119.148.102 - - [16/Oct/2021:08:10:52 +0700] "GET /forums/showthread.php?tid=9051&action=lastpost HTTP/1.1" 404 146 "-" "Mozilla/5.0 (Linux; Android 7.0;) AppleWebKit/537.36 (KHTML, like Gecko) Mobile Safari/537.36 (compatible; PetalBot;+https://webmaster.petalsearch.com/site/petalbot)"
14.232.164.53 - - [16/Oct/2021:08:11:13 +0700] "GET /templates/default/css/bootstrap.css HTTP/2.0" 200 17947 "https://www.cic.com.vn/san-pham/adapt-pt-p197.html" "Mozilla/5.0 (Windows NT 10.0; Win64; x64) AppleWebKit/537.36 (KHTML, like Gecko) Chrome/94.0.4606.81 Safari/537.36"
14.232.164.53 - - [16/Oct/2021:08:11:13 +0700] "GET /modules/products/assets/css/sanphamchitiet.css HTTP/2.0" 200 2858 "https://www.cic.com.vn/san-pham/adapt-pt-p197.html" "Mozilla/5.0 (Windows NT 10.0; Win64; x64) AppleWebKit/537.36 (KHTML, like Gecko) Chrome/94.0.4606.81 Safari/537.36"
14.232.164.53 - - [16/Oct/2021:08:11:13 +0700] "GET /modules/products/assets/css/lightgallery.min.css HTTP/2.0" 200 2873 "https://www.cic.com.vn/san-pham/adapt-pt-p197.html" "Mozilla/5.0 (Windows NT 10.0; Win64; x64) AppleWebKit/537.36 (KHTML, like Gecko) Chrome/94.0.4606.81 Safari/537.36"
14.232.164.53 - - [16/Oct/2021:08:11:13 +0700] "GET /templates/default/css/style.css HTTP/2.0" 200 5090 "https://www.cic.com.vn/san-pham/adapt-pt-p197.html" "Mozilla/5.0 (Windows NT 10.0; Win64; x64) AppleWebKit/537.36 (KHTML, like Gecko) Chrome/94.0.4606.81 Safari/537.36"
14.232.164.53 - - [16/Oct/2021:08:11:13 +0700] "GET /libraries/font-awesome/css/fontawesome-all.min.css HTTP/2.0" 200 10148 "https://www.cic.com.vn/san-pham/adapt-pt-p197.html" "Mozilla/5.0 (Windows NT 10.0; Win64; x64) AppleWebKit/537.36 (KHTML, like Gecko) Chrome/94.0.4606.81 Safari/537.36"
14.232.164.53 - - [16/Oct/2021:08:11:13 +0700] "GET /modules/products/assets/css/lightslider.css HTTP/2.0" 200 1544 "https://www.cic.com.vn/san-pham/adapt-pt-p197.html" "Mozilla/5.0 (Windows NT 10.0; Win64; x64) AppleWebKit/537.36 (KHTML, like Gecko) Chrome/94.0.4606.81 Safari/537.36"
14.232.164.53 - - [16/Oct/2021:08:11:13 +0700] "GET /modules/home/assets/css/home6.css HTTP/2.0" 200 1987 "https://www.cic.com.vn/san-pham/adapt-pt-p197.html" "Mozilla/5.0 (Windows NT 10.0; Win64; x64) AppleWebKit/537.36 (KHTML, like Gecko) Chrome/94.0.4606.81 Safari/537.36"
14.232.164.53 - - [16/Oct/2021:08:11:13 +0700] "GET /blocks/mainmenu/assets/css/jquery.mmenu.all.css HTTP/2.0" 200 4078 "https://www.cic.com.vn/san-pham/adapt-pt-p197.html" "Mozilla/5.0 (Windows NT 10.0; Win64; x64) AppleWebKit/537.36 (KHTML, like Gecko) Chrome/94.0.4606.81 Safari/537.36"
14.232.164.53 - - [16/Oct/2021:08:11:13 +0700] "GET /blocks/mainmenu/assets/css/styles.css HTTP/2.0" 200 1456 "https://www.cic.com.vn/san-pham/adapt-pt-p197.html" "Mozilla/5.0 (Windows NT 10.0; Win64; x64) AppleWebKit/537.36 (KHTML, like Gecko) Chrome/94.0.4606.81 Safari/537.36"
14.232.164.53 - - [16/Oct/2021:08:11:13 +0700] "GET /blocks/mainmenu/assets/css/mmenu.css HTTP/2.0" 200 6354 "https://www.cic.com.vn/san-pham/adapt-pt-p197.html" "Mozilla/5.0 (Windows NT 10.0; Win64; x64) AppleWebKit/537.36 (KHTML, like Gecko) Chrome/94.0.4606.81 Safari/537.36"
14.232.164.53 - - [16/Oct/2021:08:11:13 +0700] "GET /libraries/jquery/jquery-1.12.4.min.js HTTP/2.0" 200 32653 "https://www.cic.com.vn/san-pham/adapt-pt-p197.html" "Mozilla/5.0 (Windows NT 10.0; Win64; x64) AppleWebKit/537.36 (KHTML, like Gecko) Chrome/94.0.4606.81 Safari/537.36"
14.232.164.53 - - [16/Oct/2021:08:11:13 +0700] "GET /modules/products/assets/js/product.js HTTP/2.0" 200 1850 "https://www.cic.com.vn/san-pham/adapt-pt-p197.html" "Mozilla/5.0 (Windows NT 10.0; Win64; x64) AppleWebKit/537.36 (KHTML, like Gecko) Chrome/94.0.4606.81 Safari/537.36"
14.232.164.53 - - [16/Oct/2021:08:11:13 +0700] "GET /templates/default/js/main.js HTTP/2.0" 200 2297 "https://www.cic.com.vn/san-pham/adapt-pt-p197.html" "Mozilla/5.0 (Windows NT 10.0; Win64; x64) AppleWebKit/537.36 (KHTML, like Gecko) Chrome/94.0.4606.81 Safari/537.36"
14.232.164.53 - - [16/Oct/2021:08:11:13 +0700] "GET /modules/products/assets/js/lightgallery-all.min.js HTTP/2.0" 200 9791 "https://www.cic.com.vn/san-pham/adapt-pt-p197.html" "Mozilla/5.0 (Windows NT 10.0; Win64; x64) AppleWebKit/537.36 (KHTML, like Gecko) Chrome/94.0.4606.81 Safari/537.36"
14.232.164.53 - - [16/Oct/2021:08:11:13 +0700] "GET /templates/default/js/bootstrap.min.js HTTP/2.0" 200 9026 "https://www.cic.com.vn/san-pham/adapt-pt-p197.html" "Mozilla/5.0 (Windows NT 10.0; Win64; x64) AppleWebKit/537.36 (KHTML, like Gecko) Chrome/94.0.4606.81 Safari/537.36"
14.232.164.53 - - [16/Oct/2021:08:11:13 +0700] "GET /modules/products/assets/js/lightslider.js HTTP/2.0" 200 6811 "https://www.cic.com.vn/san-pham/adapt-pt-p197.html" "Mozilla/5.0 (Windows NT 10.0; Win64; x64) AppleWebKit/537.36 (KHTML, like Gecko) Chrome/94.0.4606.81 Safari/537.36"
14.232.164.53 - - [16/Oct/2021:08:11:13 +0700] "GET /templates/default/js/form1.js HTTP/2.0" 200 2429 "https://www.cic.com.vn/san-pham/adapt-pt-p197.html" "Mozilla/5.0 (Windows NT 10.0; Win64; x64) AppleWebKit/537.36 (KHTML, like Gecko) Chrome/94.0.4606.81 Safari/537.36"
14.232.164.53 - - [16/Oct/2021:08:11:13 +0700] "GET /libraries/jquery/ajax_captcha/create_image.php HTTP/2.0" 200 1885 "https://www.cic.com.vn/san-pham/adapt-pt-p197.html" "Mozilla/5.0 (Windows NT 10.0; Win64; x64) AppleWebKit/537.36 (KHTML, like Gecko) Chrome/94.0.4606.81 Safari/537.36"
14.232.164.53 - - [16/Oct/2021:08:11:13 +0700] "GET /blocks/search/assets/js/search.js HTTP/2.0" 200 581 "https://www.cic.com.vn/san-pham/adapt-pt-p197.html" "Mozilla/5.0 (Windows NT 10.0; Win64; x64) AppleWebKit/537.36 (KHTML, like Gecko) Chrome/94.0.4606.81 Safari/537.36"
14.232.164.53 - - [16/Oct/2021:08:11:13 +0700] "GET /blocks/mainmenu/assets/js/mmenu.js HTTP/2.0" 200 16968 "https://www.cic.com.vn/san-pham/adapt-pt-p197.html" "Mozilla/5.0 (Windows NT 10.0; Win64; x64) AppleWebKit/537.36 (KHTML, like Gecko) Chrome/94.0.4606.81 Safari/537.36"
14.232.164.53 - - [16/Oct/2021:08:11:13 +0700] "GET /images/logos/logo.png HTTP/2.0" 200 2100 "https://www.cic.com.vn/san-pham/adapt-pt-p197.html" "Mozilla/5.0 (Windows NT 10.0; Win64; x64) AppleWebKit/537.36 (KHTML, like Gecko) Chrome/94.0.4606.81 Safari/537.36"
14.232.164.53 - - [16/Oct/2021:08:11:13 +0700] "GET /images/config/a2_1565174137.png HTTP/2.0" 200 6693 "https://www.cic.com.vn/san-pham/adapt-pt-p197.html" "Mozilla/5.0 (Windows NT 10.0; Win64; x64) AppleWebKit/537.36 (KHTML, like Gecko) Chrome/94.0.4606.81 Safari/537.36"
14.232.164.53 - - [16/Oct/2021:08:11:13 +0700] "GET /blocks/mainmenu/assets/js/mmenu.polyfills.js HTTP/2.0" 200 857 "https://www.cic.com.vn/san-pham/adapt-pt-p197.html" "Mozilla/5.0 (Windows NT 10.0; Win64; x64) AppleWebKit/537.36 (KHTML, like Gecko) Chrome/94.0.4606.81 Safari/537.36"
14.232.164.53 - - [16/Oct/2021:08:11:13 +0700] "GET /images/logos/search.png HTTP/2.0" 200 1314 "https://www.cic.com.vn/san-pham/adapt-pt-p197.html" "Mozilla/5.0 (Windows NT 10.0; Win64; x64) AppleWebKit/537.36 (KHTML, like Gecko) Chrome/94.0.4606.81 Safari/537.36"
14.232.164.53 - - [16/Oct/2021:08:11:13 +0700] "GET /images/logo/a3.png HTTP/2.0" 200 1521 "https://www.cic.com.vn/san-pham/adapt-pt-p197.html" "Mozilla/5.0 (Windows NT 10.0; Win64; x64) AppleWebKit/537.36 (KHTML, like Gecko) Chrome/94.0.4606.81 Safari/537.36"
14.232.164.53 - - [16/Oct/2021:08:11:13 +0700] "GET /images/products/2019/10/16/large/ptrc_rebar_curtailment_matrix_543x445.jpg HTTP/2.0" 200 59539 "https://www.cic.com.vn/san-pham/adapt-pt-p197.html" "Mozilla/5.0 (Windows NT 10.0; Win64; x64) AppleWebKit/537.36 (KHTML, like Gecko) Chrome/94.0.4606.81 Safari/537.36"
14.232.164.53 - - [16/Oct/2021:08:11:13 +0700] "GET /images/ytb.png HTTP/2.0" 200 2664 "https://www.cic.com.vn/san-pham/adapt-pt-p197.html" "Mozilla/5.0 (Windows NT 10.0; Win64; x64) AppleWebKit/537.36 (KHTML, like Gecko) Chrome/94.0.4606.81 Safari/537.36"
14.232.164.53 - - [16/Oct/2021:08:11:13 +0700] "GET /modules/contact/assets/images/lienhe.png HTTP/2.0" 200 1375 "https://www.cic.com.vn/san-pham/adapt-pt-p197.html" "Mozilla/5.0 (Windows NT 10.0; Win64; x64) AppleWebKit/537.36 (KHTML, like Gecko) Chrome/94.0.4606.81 Safari/537.36"
14.232.164.53 - - [16/Oct/2021:08:11:13 +0700] "GET /images/logos/icon10.png HTTP/2.0" 200 1660 "https://www.cic.com.vn/san-pham/adapt-pt-p197.html" "Mozilla/5.0 (Windows NT 10.0; Win64; x64) AppleWebKit/537.36 (KHTML, like Gecko) Chrome/94.0.4606.81 Safari/537.36"
14.232.164.53 - - [16/Oct/2021:08:11:13 +0700] "GET /images/logos/zalo.png HTTP/2.0" 200 2509 "https://www.cic.com.vn/modules/products/assets/css/sanphamchitiet.css" "Mozilla/5.0 (Windows NT 10.0; Win64; x64) AppleWebKit/537.36 (KHTML, like Gecko) Chrome/94.0.4606.81 Safari/537.36"
14.232.164.53 - - [16/Oct/2021:08:11:13 +0700] "GET /images/logos/skype.png HTTP/2.0" 200 2184 "https://www.cic.com.vn/modules/products/assets/css/sanphamchitiet.css" "Mozilla/5.0 (Windows NT 10.0; Win64; x64) AppleWebKit/537.36 (KHTML, like Gecko) Chrome/94.0.4606.81 Safari/537.36"
14.232.164.53 - - [16/Oct/2021:08:11:13 +0700] "GET /images/logos/nui.png HTTP/2.0" 200 41986 "https://www.cic.com.vn/modules/home/assets/css/home6.css" "Mozilla/5.0 (Windows NT 10.0; Win64; x64) AppleWebKit/537.36 (KHTML, like Gecko) Chrome/94.0.4606.81 Safari/537.36"
14.232.164.53 - - [16/Oct/2021:08:11:13 +0700] "GET /images/logos/footer.png HTTP/2.0" 200 21560 "https://www.cic.com.vn/modules/home/assets/css/home6.css" "Mozilla/5.0 (Windows NT 10.0; Win64; x64) AppleWebKit/537.36 (KHTML, like Gecko) Chrome/94.0.4606.81 Safari/537.36"
14.232.164.53 - - [16/Oct/2021:08:11:13 +0700] "GET /images/products/2019/10/16/large/recycling_screen_520x325.jpg HTTP/2.0" 200 69879 "https://www.cic.com.vn/san-pham/adapt-pt-p197.html" "Mozilla/5.0 (Windows NT 10.0; Win64; x64) AppleWebKit/537.36 (KHTML, like Gecko) Chrome/94.0.4606.81 Safari/537.36"
14.232.164.53 - - [16/Oct/2021:08:11:13 +0700] "GET /images/products/2019/10/16/large/ptrc_dxf_summary_880x270.png HTTP/2.0" 200 481701 "https://www.cic.com.vn/san-pham/adapt-pt-p197.html" "Mozilla/5.0 (Windows NT 10.0; Win64; x64) AppleWebKit/537.36 (KHTML, like Gecko) Chrome/94.0.4606.81 Safari/537.36"
14.232.164.53 - - [16/Oct/2021:08:11:13 +0700] "GET /libraries/jquery/ajax_captcha/create_image.php?1634346674261 HTTP/2.0" 200 1876 "https://www.cic.com.vn/san-pham/adapt-pt-p197.html" "Mozilla/5.0 (Windows NT 10.0; Win64; x64) AppleWebKit/537.36 (KHTML, like Gecko) Chrome/94.0.4606.81 Safari/537.36"
14.232.164.53 - - [16/Oct/2021:08:11:13 +0700] "GET /images/products/2019/10/16/small/ptrc_rebar_curtailment_matrix_543x445.jpg HTTP/2.0" 200 5271 "https://www.cic.com.vn/san-pham/adapt-pt-p197.html" "Mozilla/5.0 (Windows NT 10.0; Win64; x64) AppleWebKit/537.36 (KHTML, like Gecko) Chrome/94.0.4606.81 Safari/537.36"
14.232.164.53 - - [16/Oct/2021:08:11:13 +0700] "GET /images/products/2019/10/16/small/ptrc_dxf_summary_880x270.png HTTP/2.0" 200 47818 "https://www.cic.com.vn/san-pham/adapt-pt-p197.html" "Mozilla/5.0 (Windows NT 10.0; Win64; x64) AppleWebKit/537.36 (KHTML, like Gecko) Chrome/94.0.4606.81 Safari/537.36"
14.232.164.53 - - [16/Oct/2021:08:11:13 +0700] "GET /modules/products/assets/images/controls.png HTTP/2.0" 200 1182 "https://www.cic.com.vn/modules/products/assets/css/lightslider.css" "Mozilla/5.0 (Windows NT 10.0; Win64; x64) AppleWebKit/537.36 (KHTML, like Gecko) Chrome/94.0.4606.81 Safari/537.36"
14.232.164.53 - - [16/Oct/2021:08:11:13 +0700] "GET /images/products/2019/10/16/small/recycling_screen_520x325.jpg HTTP/2.0" 200 4856 "https://www.cic.com.vn/san-pham/adapt-pt-p197.html" "Mozilla/5.0 (Windows NT 10.0; Win64; x64) AppleWebKit/537.36 (KHTML, like Gecko) Chrome/94.0.4606.81 Safari/537.36"
14.232.164.53 - - [16/Oct/2021:08:11:13 +0700] "GET /templates/default/fonts/Roboto-Regular.woff2 HTTP/2.0" 200 64600 "https://www.cic.com.vn/templates/default/css/style.css" "Mozilla/5.0 (Windows NT 10.0; Win64; x64) AppleWebKit/537.36 (KHTML, like Gecko) Chrome/94.0.4606.81 Safari/537.36"
14.232.164.53 - - [16/Oct/2021:08:11:15 +0700] "GET /images/favicon.ico HTTP/2.0" 200 3150 "https://www.cic.com.vn/san-pham/adapt-pt-p197.html" "Mozilla/5.0 (Windows NT 10.0; Win64; x64) AppleWebKit/537.36 (KHTML, like Gecko) Chrome/94.0.4606.81 Safari/537.36"
14.232.164.53 - - [16/Oct/2021:08:11:16 +0700] "GET /templates/default/images/to-top.png HTTP/2.0" 200 1780 "https://www.cic.com.vn/templates/default/css/style.css" "Mozilla/5.0 (Windows NT 10.0; Win64; x64) AppleWebKit/537.36 (KHTML, like Gecko) Chrome/94.0.4606.81 Safari/537.36"
14.232.164.53 - - [16/Oct/2021:08:11:16 +0700] "GET /index.php?module=products&view=product&task=update_hits&raw=1 HTTP/2.0" 200 1 "https://www.cic.com.vn/san-pham/adapt-pt-p197.html" "Mozilla/5.0 (Windows NT 10.0; Win64; x64) AppleWebKit/537.36 (KHTML, like Gecko) Chrome/94.0.4606.81 Safari/537.36"
114.119.148.102 - - [16/Oct/2021:08:12:18 +0700] "GET /forums/showthread.php?tid=794&pid=3137 HTTP/1.1" 404 146 "-" "Mozilla/5.0 (Linux; Android 7.0;) AppleWebKit/537.36 (KHTML, like Gecko) Mobile Safari/537.36 (compatible; PetalBot;+https://webmaster.petalsearch.com/site/petalbot)"
114.119.148.103 - - [16/Oct/2021:08:13:44 +0700] "GET /forums/member.php?action=profile&uid=4233 HTTP/1.1" 404 146 "-" "Mozilla/5.0 (Linux; Android 7.0;) AppleWebKit/537.36 (KHTML, like Gecko) Mobile Safari/537.36 (compatible; PetalBot;+https://webmaster.petalsearch.com/site/petalbot)"
114.119.148.106 - - [16/Oct/2021:08:15:09 +0700] "GET /forums/forumdisplay.php?fid=1627&page=950 HTTP/1.1" 404 146 "-" "Mozilla/5.0 (Linux; Android 7.0;) AppleWebKit/537.36 (KHTML, like Gecko) Mobile Safari/537.36 (compatible; PetalBot;+https://webmaster.petalsearch.com/site/petalbot)"
175.143.194.41 - - [16/Oct/2021:08:15:56 +0700] "GET /images/favicon.ico HTTP/2.0" 200 3150 "https://www.cic.com.vn/" "Mozilla/5.0 (Windows NT 10.0; Win64; x64) AppleWebKit/537.36 (KHTML, like Gecko) Chrome/94.0.4606.81 Safari/537.36"
114.119.148.1 - - [16/Oct/2021:08:16:36 +0700] "GET /forums/thankyoulike.php?action=add&pid=6481&my_post_key=fdd8226d417866e2f39470b30f067108 HTTP/1.1" 404 146 "-" "Mozilla/5.0 (Linux; Android 7.0;) AppleWebKit/537.36 (KHTML, like Gecko) Mobile Safari/537.36 (compatible; PetalBot;+https://webmaster.petalsearch.com/site/petalbot)"
113.165.235.183 - - [16/Oct/2021:08:20:03 +0700] "GET /images/banners/original/tecknosim_1584082087.jpg HTTP/2.0" 200 24803 "https://www.cic.com.vn/" "Mozilla/5.0 (iPhone; CPU iPhone OS 14_7_1 like Mac OS X) AppleWebKit/605.1.15 (KHTML, like Gecko) Version/14.1.2 Mobile/15E148 Safari/604.1"
113.165.235.183 - - [16/Oct/2021:08:20:03 +0700] "GET /images/banners/original/2e6d66de5459e7803120e236d462f8616def0463_s2_n1_1620870929.jpg HTTP/2.0" 200 23043 "https://www.cic.com.vn/" "Mozilla/5.0 (iPhone; CPU iPhone OS 14_7_1 like Mac OS X) AppleWebKit/605.1.15 (KHTML, like Gecko) Version/14.1.2 Mobile/15E148 Safari/604.1"
113.165.235.183 - - [16/Oct/2021:08:20:03 +0700] "GET /images/banners/original/geotomo_1584074933.jpg HTTP/2.0" 200 50074 "https://www.cic.com.vn/" "Mozilla/5.0 (iPhone; CPU iPhone OS 14_7_1 like Mac OS X) AppleWebKit/605.1.15 (KHTML, like Gecko) Version/14.1.2 Mobile/15E148 Safari/604.1"
113.165.235.183 - - [16/Oct/2021:08:20:03 +0700] "GET /images/banners/original/prokon_1584081506.jpg HTTP/2.0" 200 42607 "https://www.cic.com.vn/" "Mozilla/5.0 (iPhone; CPU iPhone OS 14_7_1 like Mac OS X) AppleWebKit/605.1.15 (KHTML, like Gecko) Version/14.1.2 Mobile/15E148 Safari/604.1"
113.165.235.183 - - [16/Oct/2021:08:20:03 +0700] "GET /images/banners/original/datakustik_1584073973.jpg HTTP/2.0" 200 24528 "https://www.cic.com.vn/" "Mozilla/5.0 (iPhone; CPU iPhone OS 14_7_1 like Mac OS X) AppleWebKit/605.1.15 (KHTML, like Gecko) Version/14.1.2 Mobile/15E148 Safari/604.1"
113.165.235.183 - - [16/Oct/2021:08:20:03 +0700] "GET /images/banners/original/samsung_1584081731.jpg HTTP/2.0" 200 0 "https://www.cic.com.vn/" "Mozilla/5.0 (iPhone; CPU iPhone OS 14_7_1 like Mac OS X) AppleWebKit/605.1.15 (KHTML, like Gecko) Version/14.1.2 Mobile/15E148 Safari/604.1"
113.165.235.183 - - [16/Oct/2021:08:20:03 +0700] "GET /images/banners/original/obayashi_1584081194.jpg HTTP/2.0" 200 0 "https://www.cic.com.vn/" "Mozilla/5.0 (iPhone; CPU iPhone OS 14_7_1 like Mac OS X) AppleWebKit/605.1.15 (KHTML, like Gecko) Version/14.1.2 Mobile/15E148 Safari/604.1"
113.165.235.183 - - [16/Oct/2021:08:20:03 +0700] "GET /images/banners/original/vsl_1584082546.jpg HTTP/2.0" 200 0 "https://www.cic.com.vn/" "Mozilla/5.0 (iPhone; CPU iPhone OS 14_7_1 like Mac OS X) AppleWebKit/605.1.15 (KHTML, like Gecko) Version/14.1.2 Mobile/15E148 Safari/604.1"
113.165.235.183 - - [16/Oct/2021:08:20:03 +0700] "GET /images/banners/original/tediport_1584082184.jpg HTTP/2.0" 200 0 "https://www.cic.com.vn/" "Mozilla/5.0 (iPhone; CPU iPhone OS 14_7_1 like Mac OS X) AppleWebKit/605.1.15 (KHTML, like Gecko) Version/14.1.2 Mobile/15E148 Safari/604.1"
113.165.235.183 - - [16/Oct/2021:08:20:03 +0700] "GET /images/banners/original/img12_1565171338.png HTTP/2.0" 200 0 "https://www.cic.com.vn/" "Mozilla/5.0 (iPhone; CPU iPhone OS 14_7_1 like Mac OS X) AppleWebKit/605.1.15 (KHTML, like Gecko) Version/14.1.2 Mobile/15E148 Safari/604.1"
113.165.235.183 - - [16/Oct/2021:08:20:03 +0700] "GET /images/banners/original/trimble_1584082277.jpg HTTP/2.0" 200 16384 "https://www.cic.com.vn/" "Mozilla/5.0 (iPhone; CPU iPhone OS 14_7_1 like Mac OS X) AppleWebKit/605.1.15 (KHTML, like Gecko) Version/14.1.2 Mobile/15E148 Safari/604.1"
113.165.235.183 - - [16/Oct/2021:08:20:04 +0700] "GET /images/banners/original/sunrise_1584082022.jpg HTTP/2.0" 200 30138 "https://www.cic.com.vn/" "Mozilla/5.0 (iPhone; CPU iPhone OS 14_7_1 like Mac OS X) AppleWebKit/605.1.15 (KHTML, like Gecko) Version/14.1.2 Mobile/15E148 Safari/604.1"
113.165.235.183 - - [16/Oct/2021:08:20:04 +0700] "GET /images/banners/original/fuxin_1584074713.jpg HTTP/2.0" 200 35095 "https://www.cic.com.vn/" "Mozilla/5.0 (iPhone; CPU iPhone OS 14_7_1 like Mac OS X) AppleWebKit/605.1.15 (KHTML, like Gecko) Version/14.1.2 Mobile/15E148 Safari/604.1"
113.165.235.183 - - [16/Oct/2021:08:20:04 +0700] "GET /images/banners/original/vingroup_1584082471.jpg HTTP/2.0" 200 46265 "https://www.cic.com.vn/" "Mozilla/5.0 (iPhone; CPU iPhone OS 14_7_1 like Mac OS X) AppleWebKit/605.1.15 (KHTML, like Gecko) Version/14.1.2 Mobile/15E148 Safari/604.1"
113.165.235.183 - - [16/Oct/2021:08:20:04 +0700] "GET /images/banners/original/rps_1584081695.jpg HTTP/2.0" 200 27573 "https://www.cic.com.vn/" "Mozilla/5.0 (iPhone; CPU iPhone OS 14_7_1 like Mac OS X) AppleWebKit/605.1.15 (KHTML, like Gecko) Version/14.1.2 Mobile/15E148 Safari/604.1"
113.165.235.183 - - [16/Oct/2021:08:20:04 +0700] "GET /images/banners/original/cubi-cost_1584073940.jpg HTTP/2.0" 200 36304 "https://www.cic.com.vn/" "Mozilla/5.0 (iPhone; CPU iPhone OS 14_7_1 like Mac OS X) AppleWebKit/605.1.15 (KHTML, like Gecko) Version/14.1.2 Mobile/15E148 Safari/604.1"
113.165.235.183 - - [16/Oct/2021:08:20:04 +0700] "GET /images/banners/original/pasi_1584081234.jpg HTTP/2.0" 200 42289 "https://www.cic.com.vn/" "Mozilla/5.0 (iPhone; CPU iPhone OS 14_7_1 like Mac OS X) AppleWebKit/605.1.15 (KHTML, like Gecko) Version/14.1.2 Mobile/15E148 Safari/604.1"
113.165.235.183 - - [16/Oct/2021:08:20:04 +0700] "GET /images/banners/original/dnv_1584074206.jpg HTTP/2.0" 200 36043 "https://www.cic.com.vn/" "Mozilla/5.0 (iPhone; CPU iPhone OS 14_7_1 like Mac OS X) AppleWebKit/605.1.15 (KHTML, like Gecko) Version/14.1.2 Mobile/15E148 Safari/604.1"
113.165.235.183 - - [16/Oct/2021:08:20:04 +0700] "GET /images/banners/original/samsung_1584081731.jpg HTTP/2.0" 200 45390 "https://www.cic.com.vn/" "Mozilla/5.0 (iPhone; CPU iPhone OS 14_7_1 like Mac OS X) AppleWebKit/605.1.15 (KHTML, like Gecko) Version/14.1.2 Mobile/15E148 Safari/604.1"
113.165.235.183 - - [16/Oct/2021:08:20:04 +0700] "GET /images/banners/original/vsl_1584082546.jpg HTTP/2.0" 200 33782 "https://www.cic.com.vn/" "Mozilla/5.0 (iPhone; CPU iPhone OS 14_7_1 like Mac OS X) AppleWebKit/605.1.15 (KHTML, like Gecko) Version/14.1.2 Mobile/15E148 Safari/604.1"
113.165.235.183 - - [16/Oct/2021:08:20:04 +0700] "GET /images/banners/original/csi_1584073918.jpg HTTP/2.0" 200 40510 "https://www.cic.com.vn/" "Mozilla/5.0 (iPhone; CPU iPhone OS 14_7_1 like Mac OS X) AppleWebKit/605.1.15 (KHTML, like Gecko) Version/14.1.2 Mobile/15E148 Safari/604.1"
113.165.235.183 - - [16/Oct/2021:08:20:04 +0700] "GET /images/banners/original/trimble_1584082277.jpg HTTP/2.0" 200 40582 "https://www.cic.com.vn/" "Mozilla/5.0 (iPhone; CPU iPhone OS 14_7_1 like Mac OS X) AppleWebKit/605.1.15 (KHTML, like Gecko) Version/14.1.2 Mobile/15E148 Safari/604.1"
