114.119.148.106 - - [16/Oct/2021:03:59:28 +0700] "GET /forums/showthread.php?tid=20601 HTTP/1.1" 404 146 "-" "Mozilla/5.0 (Linux; Android 7.0;) AppleWebKit/537.36 (KHTML, like Gecko) Mobile Safari/537.36 (compatible; PetalBot;+https://webmaster.petalsearch.com/site/petalbot)"
114.119.148.105 - - [16/Oct/2021:04:02:24 +0700] "GET /forums/newreply.php?tid=34&pid=56 HTTP/1.1" 404 146 "-" "Mozilla/5.0 (Linux; Android 7.0;) AppleWebKit/537.36 (KHTML, like Gecko) Mobile Safari/537.36 (compatible; PetalBot;+https://webmaster.petalsearch.com/site/petalbot)"
114.119.148.103 - - [16/Oct/2021:04:04:07 +0700] "GET /forums/showthread.php?tid=29021&action=newpost HTTP/1.1" 404 146 "-" "Mozilla/5.0 (Linux; Android 7.0;) AppleWebKit/537.36 (KHTML, like Gecko) Mobile Safari/537.36 (compatible; PetalBot;+https://webmaster.petalsearch.com/site/petalbot)"
40.77.167.48 - - [16/Oct/2021:04:04:33 +0700] "GET /upload_images/images/z2068837147150_6217c43605a0ea72a51ad1444c1b61fb.jpg HTTP/2.0" 200 85198 "-" "Mozilla/5.0 (compatible; bingbot/2.0; +http://www.bing.com/bingbot.htm)"
114.119.148.106 - - [16/Oct/2021:04:05:51 +0700] "GET /forums/ratethread.php?tid=28656&rating=1&my_post_key=c0340126fef9523c468b958331e4815d HTTP/1.1" 404 146 "-" "Mozilla/5.0 (Linux; Android 7.0;) AppleWebKit/537.36 (KHTML, like Gecko) Mobile Safari/537.36 (compatible; PetalBot;+https://webmaster.petalsearch.com/site/petalbot)"
114.119.148.102 - - [16/Oct/2021:04:07:21 +0700] "GET /forums/search.php?action=finduser&uid=10731 HTTP/1.1" 404 146 "-" "Mozilla/5.0 (Linux; Android 7.0;) AppleWebKit/537.36 (KHTML, like Gecko) Mobile Safari/537.36 (compatible; PetalBot;+https://webmaster.petalsearch.com/site/petalbot)"
173.252.83.7 - - [16/Oct/2021:04:07:32 +0700] "GET /images/news/2021/10/large/geosig-1_1633318540.jpg HTTP/1.1" 200 64610 "-" "facebookexternalhit/1.1 (+http://www.facebook.com/externalhit_uatext.php)"
87.250.224.19 - - [16/Oct/2021:04:07:41 +0700] "GET /forums/showthread.php?tid=9139 HTTP/1.1" 404 146 "-" "Mozilla/5.0 (compatible; YandexBot/3.0; +http://yandex.com/bots)"
114.119.148.103 - - [16/Oct/2021:04:09:07 +0700] "GET /forums/search.php?action=finduserthreads&uid=22975 HTTP/1.1" 404 146 "-" "Mozilla/5.0 (Linux; Android 7.0;) AppleWebKit/537.36 (KHTML, like Gecko) Mobile Safari/537.36 (compatible; PetalBot;+https://webmaster.petalsearch.com/site/petalbot)"
66.249.79.108 - - [16/Oct/2021:04:09:14 +0700] "GET /modules/news/assets/css/tintuc.css HTTP/1.1" 200 1042 "https://www.cic.com.vn/tin-tuc.html" "Mozilla/5.0 AppleWebKit/537.36 (KHTML, like Gecko; compatible; Googlebot/2.1; +http://www.google.com/bot.html) Safari/537.36"
114.119.148.1 - - [16/Oct/2021:04:10:48 +0700] "GET /forums/member.php?action=emailuser&uid=94841 HTTP/1.1" 404 146 "-" "Mozilla/5.0 (Linux; Android 7.0;) AppleWebKit/537.36 (KHTML, like Gecko) Mobile Safari/537.36 (compatible; PetalBot;+https://webmaster.petalsearch.com/site/petalbot)"
114.119.148.0 - - [16/Oct/2021:04:12:30 +0700] "GET /forums/member.php?action=emailuser&uid=18152 HTTP/1.1" 404 146 "-" "Mozilla/5.0 (Linux; Android 7.0;) AppleWebKit/537.36 (KHTML, like Gecko) Mobile Safari/537.36 (compatible; PetalBot;+https://webmaster.petalsearch.com/site/petalbot)"
66.249.79.106 - - [16/Oct/2021:04:13:11 +0700] "GET /images/products/2019/11/01/original/kiwico_1572578836.jpg HTTP/1.1" 200 1867 "-" "Googlebot-Image/1.0"
114.119.148.0 - - [16/Oct/2021:04:14:11 +0700] "GET /forums/archive/index.php/thread-452.html HTTP/1.1" 404 146 "-" "Mozilla/5.0 (Linux; Android 7.0;) AppleWebKit/537.36 (KHTML, like Gecko) Mobile Safari/537.36 (compatible; PetalBot;+https://webmaster.petalsearch.com/site/petalbot)"
175.143.194.41 - - [16/Oct/2021:04:15:42 +0700] "GET /images/favicon.ico HTTP/2.0" 200 3150 "https://www.cic.com.vn/" "Mozilla/5.0 (Windows NT 10.0; Win64; x64) AppleWebKit/537.36 (KHTML, like Gecko) Chrome/94.0.4606.81 Safari/537.36"
114.119.148.1 - - [16/Oct/2021:04:15:51 +0700] "GET /forums/search.php?action=finduser&uid=20867 HTTP/1.1" 404 146 "-" "Mozilla/5.0 (Linux; Android 7.0;) AppleWebKit/537.36 (KHTML, like Gecko) Mobile Safari/537.36 (compatible; PetalBot;+https://webmaster.petalsearch.com/site/petalbot)"
114.119.148.0 - - [16/Oct/2021:04:17:33 +0700] "GET /forums/showthread.php?tid=174&pid=3416 HTTP/1.1" 404 146 "-" "Mozilla/5.0 (Linux; Android 7.0;) AppleWebKit/537.36 (KHTML, like Gecko) Mobile Safari/537.36 (compatible; PetalBot;+https://webmaster.petalsearch.com/site/petalbot)"
54.87.113.49 - - [16/Oct/2021:04:20:46 +0700] "GET /download/PMXD/Escon/Escon60FullSetup.exe HTTP/1.1" 200 81574 "-" "Mozilla/5.0 (Macintosh; Intel Mac OS X 10_10_5) AppleWebKit/537.36 (KHTML, like Gecko) Chrome/52.0.2743.116 Safari/537.36"
54.87.113.49 - - [16/Oct/2021:04:20:46 +0700] "GET /download/PMXD/Full/Sumac3.1.0.2208FullSetup.exe HTTP/1.1" 200 147110 "-" "Mozilla/5.0 (Macintosh; Intel Mac OS X 10_10_5) AppleWebKit/537.36 (KHTML, like Gecko) Chrome/52.0.2743.116 Safari/537.36"
114.119.148.103 - - [16/Oct/2021:04:20:57 +0700] "GET /forums/search.php?action=finduser&uid=16743 HTTP/1.1" 404 146 "-" "Mozilla/5.0 (Linux; Android 7.0;) AppleWebKit/537.36 (KHTML, like Gecko) Mobile Safari/537.36 (compatible; PetalBot;+https://webmaster.petalsearch.com/site/petalbot)"
157.55.39.30 - - [16/Oct/2021:04:21:10 +0700] "GET /upload_images/images/2020/04/27/2.jpg HTTP/2.0" 200 57154 "-" "Mozilla/5.0 (compatible; bingbot/2.0; +http://www.bing.com/bingbot.htm)"
122.167.77.42 - - [16/Oct/2021:04:21:20 +0700] "GET /images/favicon.ico HTTP/2.0" 200 3150 "https://www.cic.com.vn/co-cau-to-chuc-ce2.html" "Mozilla/5.0 (Windows NT 10.0; Win64; x64) AppleWebKit/537.36 (KHTML, like Gecko) Chrome/94.0.4606.81 Safari/537.36"
122.167.77.42 - - [16/Oct/2021:04:21:22 +0700] "GET /index.php?module=products&view=product&task=update_hits&raw=1 HTTP/2.0" 200 1 "https://www.cic.com.vn/co-cau-to-chuc-ce2.html" "Mozilla/5.0 (Windows NT 10.0; Win64; x64) AppleWebKit/537.36 (KHTML, like Gecko) Chrome/94.0.4606.81 Safari/537.36"
114.119.148.1 - - [16/Oct/2021:04:22:47 +0700] "GET /forums/archive/index.php/thread-25476.html HTTP/1.1" 404 146 "-" "Mozilla/5.0 (Linux; Android 7.0;) AppleWebKit/537.36 (KHTML, like Gecko) Mobile Safari/537.36 (compatible; PetalBot;+https://webmaster.petalsearch.com/site/petalbot)"
114.119.148.1 - - [16/Oct/2021:04:27:46 +0700] "GET /forums/archive/index.php/thread-11304.html HTTP/1.1" 404 146 "-" "Mozilla/5.0 (Linux; Android 7.0;) AppleWebKit/537.36 (KHTML, like Gecko) Mobile Safari/537.36 (compatible; PetalBot;+https://webmaster.petalsearch.com/site/petalbot)"
114.119.148.103 - - [16/Oct/2021:04:29:33 +0700] "GET /forums/forumdisplay.php?fid=13&page=1 HTTP/1.1" 404 146 "-" "Mozilla/5.0 (Linux; Android 7.0;) AppleWebKit/537.36 (KHTML, like Gecko) Mobile Safari/537.36 (compatible; PetalBot;+https://webmaster.petalsearch.com/site/petalbot)"
114.119.148.0 - - [16/Oct/2021:04:31:08 +0700] "GET /forums/archive/index.php/thread-3576.html HTTP/1.1" 404 146 "-" "Mozilla/5.0 (Linux; Android 7.0;) AppleWebKit/537.36 (KHTML, like Gecko) Mobile Safari/537.36 (compatible; PetalBot;+https://webmaster.petalsearch.com/site/petalbot)"
114.119.148.1 - - [16/Oct/2021:04:32:49 +0700] "GET /forums/search.php?action=finduserthreads&uid=94426 HTTP/1.1" 404 146 "-" "Mozilla/5.0 (Linux; Android 7.0;) AppleWebKit/537.36 (KHTML, like Gecko) Mobile Safari/537.36 (compatible; PetalBot;+https://webmaster.petalsearch.com/site/petalbot)"
114.119.148.102 - - [16/Oct/2021:04:36:13 +0700] "GET /forums/archive/index.php/forum-1627-905.html HTTP/1.1" 404 146 "-" "Mozilla/5.0 (Linux; Android 7.0;) AppleWebKit/537.36 (KHTML, like Gecko) Mobile Safari/537.36 (compatible; PetalBot;+https://webmaster.petalsearch.com/site/petalbot)"
114.119.148.106 - - [16/Oct/2021:04:37:53 +0700] "GET /forums/reputation.php?uid=89628 HTTP/1.1" 404 146 "-" "Mozilla/5.0 (Linux; Android 7.0;) AppleWebKit/537.36 (KHTML, like Gecko) Mobile Safari/537.36 (compatible; PetalBot;+https://webmaster.petalsearch.com/site/petalbot)"
114.119.148.103 - - [16/Oct/2021:04:39:31 +0700] "GET /forums/thankyoulike.php?action=add&pid=604&my_post_key=66e42a895f5007d627518869a7ae52f8 HTTP/1.1" 404 146 "-" "Mozilla/5.0 (Linux; Android 7.0;) AppleWebKit/537.36 (KHTML, like Gecko) Mobile Safari/537.36 (compatible; PetalBot;+https://webmaster.petalsearch.com/site/petalbot)"
114.119.148.106 - - [16/Oct/2021:04:41:12 +0700] "GET /forums/showthread.php?tid=28973&action=lastpost HTTP/1.1" 404 146 "-" "Mozilla/5.0 (Linux; Android 7.0;) AppleWebKit/537.36 (KHTML, like Gecko) Mobile Safari/537.36 (compatible; PetalBot;+https://webmaster.petalsearch.com/site/petalbot)"
114.119.148.0 - - [16/Oct/2021:04:42:48 +0700] "GET /forums/archive/index.php/forum-30.html HTTP/1.1" 404 146 "-" "Mozilla/5.0 (Linux; Android 7.0;) AppleWebKit/537.36 (KHTML, like Gecko) Mobile Safari/537.36 (compatible; PetalBot;+https://webmaster.petalsearch.com/site/petalbot)"
94.134.178.62 - - [16/Oct/2021:04:43:19 +0700] "GET /forums/member.php?action=profile&uid=95539 HTTP/1.1" 404 548 "https://cic.com.vn/" "Mozilla/5.0 (Windows NT 6.3; Win64; x64) AppleWebKit/537.36 (KHTML, like Gecko) Chrome/65.0.3325.181 Safari/537.36 Romash218922romash"
114.119.148.1 - - [16/Oct/2021:04:44:22 +0700] "GET /forums/archive/index.php/thread-15430.html HTTP/1.1" 404 146 "-" "Mozilla/5.0 (Linux; Android 7.0;) AppleWebKit/537.36 (KHTML, like Gecko) Mobile Safari/537.36 (compatible; PetalBot;+https://webmaster.petalsearch.com/site/petalbot)"
175.143.194.41 - - [16/Oct/2021:04:45:44 +0700] "GET /images/favicon.ico HTTP/2.0" 200 3150 "https://www.cic.com.vn/" "Mozilla/5.0 (Windows NT 10.0; Win64; x64) AppleWebKit/537.36 (KHTML, like Gecko) Chrome/94.0.4606.81 Safari/537.36"
114.119.148.0 - - [16/Oct/2021:04:45:54 +0700] "GET /forums/search.php?action=finduserthreads&uid=3480 HTTP/1.1" 404 146 "-" "Mozilla/5.0 (Linux; Android 7.0;) AppleWebKit/537.36 (KHTML, like Gecko) Mobile Safari/537.36 (compatible; PetalBot;+https://webmaster.petalsearch.com/site/petalbot)"
66.249.79.110 - - [16/Oct/2021:04:49:13 +0700] "GET /libraries/jquery/ajax_captcha/create_image.php?1634169600082 HTTP/1.1" 200 2011 "-" "Googlebot-Image/1.0"
157.55.39.40 - - [16/Oct/2021:04:49:37 +0700] "GET /images/products/2021/05/04/original/vipa2png_1620118543.png HTTP/2.0" 200 1244134 "-" "Mozilla/5.0 (compatible; bingbot/2.0; +http://www.bing.com/bingbot.htm)"
122.167.77.42 - - [16/Oct/2021:04:51:25 +0700] "GET /images/favicon.ico HTTP/2.0" 200 3150 "https://www.cic.com.vn/co-cau-to-chuc-ce2.html" "Mozilla/5.0 (Windows NT 10.0; Win64; x64) AppleWebKit/537.36 (KHTML, like Gecko) Chrome/94.0.4606.81 Safari/537.36"
122.167.77.42 - - [16/Oct/2021:04:51:26 +0700] "GET /index.php?module=products&view=product&task=update_hits&raw=1 HTTP/2.0" 200 1 "https://www.cic.com.vn/co-cau-to-chuc-ce2.html" "Mozilla/5.0 (Windows NT 10.0; Win64; x64) AppleWebKit/537.36 (KHTML, like Gecko) Chrome/94.0.4606.81 Safari/537.36"
34.253.208.9 - - [16/Oct/2021:04:51:44 +0700] "GET /rss.php HTTP/1.1" 200 3437 "-" "Krzana bot"
114.119.148.0 - - [16/Oct/2021:04:52:13 +0700] "GET /forums/archive/index.php/thread-10818.html HTTP/1.1" 404 146 "-" "Mozilla/5.0 (Linux; Android 7.0;) AppleWebKit/537.36 (KHTML, like Gecko) Mobile Safari/537.36 (compatible; PetalBot;+https://webmaster.petalsearch.com/site/petalbot)"
114.119.148.103 - - [16/Oct/2021:04:53:48 +0700] "GET /forums/ratethread.php?tid=429&rating=4&my_post_key=c0340126fef9523c468b958331e4815d HTTP/1.1" 404 146 "-" "Mozilla/5.0 (Linux; Android 7.0;) AppleWebKit/537.36 (KHTML, like Gecko) Mobile Safari/537.36 (compatible; PetalBot;+https://webmaster.petalsearch.com/site/petalbot)"
40.77.167.48 - - [16/Oct/2021:04:56:41 +0700] "GET /upload_images/images/2020/04/5.jpg HTTP/2.0" 200 343262 "-" "Mozilla/5.0 (compatible; bingbot/2.0; +http://www.bing.com/bingbot.htm)"
114.119.148.102 - - [16/Oct/2021:04:57:02 +0700] "GET /forums/showthread.php?tid=3533&action=lastpost HTTP/1.1" 404 146 "-" "Mozilla/5.0 (Linux; Android 7.0;) AppleWebKit/537.36 (KHTML, like Gecko) Mobile Safari/537.36 (compatible; PetalBot;+https://webmaster.petalsearch.com/site/petalbot)"
114.119.148.0 - - [16/Oct/2021:05:00:01 +0700] "GET /forums/archive/index.php/thread-17732.html HTTP/1.1" 404 146 "-" "Mozilla/5.0 (Linux; Android 7.0;) AppleWebKit/537.36 (KHTML, like Gecko) Mobile Safari/537.36 (compatible; PetalBot;+https://webmaster.petalsearch.com/site/petalbot)"
173.252.83.120 - - [16/Oct/2021:05:01:18 +0700] "GET /images/news/2021/09/large/hoi-thao-hcm_1631008195.jpg HTTP/1.1" 200 152834 "-" "facebookexternalhit/1.1 (+http://www.facebook.com/externalhit_uatext.php)"
114.119.148.102 - - [16/Oct/2021:05:01:35 +0700] "GET /forums/reputation.php?uid=24803 HTTP/1.1" 404 146 "-" "Mozilla/5.0 (Linux; Android 7.0;) AppleWebKit/537.36 (KHTML, like Gecko) Mobile Safari/537.36 (compatible; PetalBot;+https://webmaster.petalsearch.com/site/petalbot)"
114.119.148.102 - - [16/Oct/2021:05:04:38 +0700] "GET /forums/showthread.php?tid=18617 HTTP/1.1" 404 146 "-" "Mozilla/5.0 (Linux; Android 7.0;) AppleWebKit/537.36 (KHTML, like Gecko) Mobile Safari/537.36 (compatible; PetalBot;+https://webmaster.petalsearch.com/site/petalbot)"
114.119.148.1 - - [16/Oct/2021:05:06:06 +0700] "GET /forums/archive/index.php/thread-23576.html HTTP/1.1" 404 146 "-" "Mozilla/5.0 (Linux; Android 7.0;) AppleWebKit/537.36 (KHTML, like Gecko) Mobile Safari/537.36 (compatible; PetalBot;+https://webmaster.petalsearch.com/site/petalbot)"
114.119.148.102 - - [16/Oct/2021:05:07:35 +0700] "GET /forums/search.php?action=finduserthreads&uid=14018 HTTP/1.1" 404 146 "-" "Mozilla/5.0 (Linux; Android 7.0;) AppleWebKit/537.36 (KHTML, like Gecko) Mobile Safari/537.36 (compatible; PetalBot;+https://webmaster.petalsearch.com/site/petalbot)"
114.119.148.105 - - [16/Oct/2021:05:09:01 +0700] "GET /forums/forumdisplay.php?fid=1627&page=538 HTTP/1.1" 404 146 "-" "Mozilla/5.0 (Linux; Android 7.0;) AppleWebKit/537.36 (KHTML, like Gecko) Mobile Safari/537.36 (compatible; PetalBot;+https://webmaster.petalsearch.com/site/petalbot)"
207.46.13.168 - - [16/Oct/2021:05:09:02 +0700] "GET /upload_images/images/2020/12/30/2.jpg HTTP/2.0" 200 118614 "-" "Mozilla/5.0 (compatible; bingbot/2.0; +http://www.bing.com/bingbot.htm)"
66.249.79.106 - - [16/Oct/2021:05:11:38 +0700] "GET /uploads/images/RDW/guide/14.png HTTP/1.1" 200 1694 "-" "Googlebot-Image/1.0"
42.112.137.233 - - [16/Oct/2021:05:11:45 +0700] "GET /uploads/images/Sumac/Bemat3dsumacRender.PNG HTTP/2.0" 200 65152 "https://giaxaydung.vn/" "Mozilla/5.0 (Windows NT 10.0; Win64; x64) AppleWebKit/537.36 (KHTML, like Gecko) Chrome/94.0.4606.81 Safari/537.36"
42.112.137.233 - - [16/Oct/2021:05:11:45 +0700] "GET /uploads/images/Sumac/LuoiTamGiac.png HTTP/2.0" 200 22130 "https://giaxaydung.vn/" "Mozilla/5.0 (Windows NT 10.0; Win64; x64) AppleWebKit/537.36 (KHTML, like Gecko) Chrome/94.0.4606.81 Safari/537.36"
42.112.137.233 - - [16/Oct/2021:05:11:45 +0700] "GET /uploads/images/Sumac/Bemat3dsumac.png HTTP/2.0" 200 18050 "https://giaxaydung.vn/" "Mozilla/5.0 (Windows NT 10.0; Win64; x64) AppleWebKit/537.36 (KHTML, like Gecko) Chrome/94.0.4606.81 Safari/537.36"
42.112.137.233 - - [16/Oct/2021:05:11:45 +0700] "GET /uploads/images/Sumac/DDMTuNhien.png HTTP/2.0" 200 22013 "https://giaxaydung.vn/" "Mozilla/5.0 (Windows NT 10.0; Win64; x64) AppleWebKit/537.36 (KHTML, like Gecko) Chrome/94.0.4606.81 Safari/537.36"
42.112.137.233 - - [16/Oct/2021:05:11:45 +0700] "GET /uploads/images/Sumac/DDMThietKe1.png HTTP/2.0" 200 9444 "https://giaxaydung.vn/" "Mozilla/5.0 (Windows NT 10.0; Win64; x64) AppleWebKit/537.36 (KHTML, like Gecko) Chrome/94.0.4606.81 Safari/537.36"
42.112.137.233 - - [16/Oct/2021:05:11:45 +0700] "GET /uploads/images/Sumac/MatCatDiaHinh.png HTTP/2.0" 200 10556 "https://giaxaydung.vn/" "Mozilla/5.0 (Windows NT 10.0; Win64; x64) AppleWebKit/537.36 (KHTML, like Gecko) Chrome/94.0.4606.81 Safari/537.36"
42.112.137.233 - - [16/Oct/2021:05:11:45 +0700] "GET /uploads/images/Sumac/DDMThietKe2.png HTTP/2.0" 200 16118 "https://giaxaydung.vn/" "Mozilla/5.0 (Windows NT 10.0; Win64; x64) AppleWebKit/537.36 (KHTML, like Gecko) Chrome/94.0.4606.81 Safari/537.36"
42.112.137.233 - - [16/Oct/2021:05:11:45 +0700] "GET /uploads/images/Sumac/KQSanNen2.png HTTP/2.0" 200 14743 "https://giaxaydung.vn/" "Mozilla/5.0 (Windows NT 10.0; Win64; x64) AppleWebKit/537.36 (KHTML, like Gecko) Chrome/94.0.4606.81 Safari/537.36"
42.112.137.233 - - [16/Oct/2021:05:11:45 +0700] "GET /uploads/images/Sumac/KQSanNen1.png HTTP/2.0" 200 13668 "https://giaxaydung.vn/" "Mozilla/5.0 (Windows NT 10.0; Win64; x64) AppleWebKit/537.36 (KHTML, like Gecko) Chrome/94.0.4606.81 Safari/537.36"
42.112.137.233 - - [16/Oct/2021:05:11:45 +0700] "GET /uploads/images/Sumac/Taluy1.png HTTP/2.0" 200 12925 "https://giaxaydung.vn/" "Mozilla/5.0 (Windows NT 10.0; Win64; x64) AppleWebKit/537.36 (KHTML, like Gecko) Chrome/94.0.4606.81 Safari/537.36"
42.112.137.233 - - [16/Oct/2021:05:11:45 +0700] "GET /uploads/images/Sumac/KQExcel.png HTTP/2.0" 200 10598 "https://giaxaydung.vn/" "Mozilla/5.0 (Windows NT 10.0; Win64; x64) AppleWebKit/537.36 (KHTML, like Gecko) Chrome/94.0.4606.81 Safari/537.36"
114.119.148.106 - - [16/Oct/2021:05:11:57 +0700] "GET /forums/ratethread.php?tid=108&rating=4&my_post_key=b742a6192f26a0be680561b1aa1a298e HTTP/1.1" 404 146 "-" "Mozilla/5.0 (Linux; Android 7.0;) AppleWebKit/537.36 (KHTML, like Gecko) Mobile Safari/537.36 (compatible; PetalBot;+https://webmaster.petalsearch.com/site/petalbot)"
114.119.148.106 - - [16/Oct/2021:05:15:00 +0700] "GET /forums/member.php?action=profile&uid=19966 HTTP/1.1" 404 146 "-" "Mozilla/5.0 (Linux; Android 7.0;) AppleWebKit/537.36 (KHTML, like Gecko) Mobile Safari/537.36 (compatible; PetalBot;+https://webmaster.petalsearch.com/site/petalbot)"
175.143.194.41 - - [16/Oct/2021:05:15:45 +0700] "GET /images/favicon.ico HTTP/2.0" 200 3150 "https://www.cic.com.vn/" "Mozilla/5.0 (Windows NT 10.0; Win64; x64) AppleWebKit/537.36 (KHTML, like Gecko) Chrome/94.0.4606.81 Safari/537.36"
114.119.148.0 - - [16/Oct/2021:05:16:24 +0700] "GET /forums/member.php?action=emailuser&uid=3220 HTTP/1.1" 404 146 "-" "Mozilla/5.0 (Linux; Android 7.0;) AppleWebKit/537.36 (KHTML, like Gecko) Mobile Safari/537.36 (compatible; PetalBot;+https://webmaster.petalsearch.com/site/petalbot)"
114.119.148.105 - - [16/Oct/2021:05:17:53 +0700] "GET /forums/reputation.php?uid=5094 HTTP/1.1" 404 146 "-" "Mozilla/5.0 (Linux; Android 7.0;) AppleWebKit/537.36 (KHTML, like Gecko) Mobile Safari/537.36 (compatible; PetalBot;+https://webmaster.petalsearch.com/site/petalbot)"
54.90.103.249 - - [16/Oct/2021:05:18:04 +0700] "GET /download/PMXD/stCAD/stCAD42Setup.exe HTTP/1.1" 200 147110 "-" "Mozilla/5.0 (Macintosh; Intel Mac OS X 10_10_5) AppleWebKit/537.36 (KHTML, like Gecko) Chrome/52.0.2743.116 Safari/537.36"
54.90.103.249 - - [16/Oct/2021:05:18:05 +0700] "GET /download/PMXD/Escon/Escon60FullSetup.exe HTTP/1.1" 200 81574 "-" "Mozilla/5.0 (Macintosh; Intel Mac OS X 10_10_5) AppleWebKit/537.36 (KHTML, like Gecko) Chrome/52.0.2743.116 Safari/537.36"
54.90.103.249 - - [16/Oct/2021:05:18:05 +0700] "GET /download/PMXD/Full/Sumac3.1.0.2208FullSetup.exe HTTP/1.1" 200 81574 "-" "Mozilla/5.0 (Macintosh; Intel Mac OS X 10_10_5) AppleWebKit/537.36 (KHTML, like Gecko) Chrome/52.0.2743.116 Safari/537.36"
144.76.14.72 - - [16/Oct/2021:05:18:08 +0700] "GET /forums/forumdisplay.php?fid=6 HTTP/1.1" 404 146 "https://cic.com.vn/forums/" "Mozilla/5.0 (Windows NT 10.0; Win64; x64; trendictionbot0.5.0; trendiction search; http://www.trendiction.de/bot; please let us know of any problems; web at trendiction.com) Gecko/20170101 Firefox/67.0"
157.55.39.126 - - [16/Oct/2021:05:18:47 +0700] "GET /images/products/2019/11/01/large/7_1572594584_1.png HTTP/2.0" 200 481701 "-" "Mozilla/5.0 (compatible; bingbot/2.0; +http://www.bing.com/bingbot.htm)"
114.119.148.103 - - [16/Oct/2021:05:19:22 +0700] "GET /forums/member.php?action=profile&uid=96088 HTTP/1.1" 404 146 "-" "Mozilla/5.0 (Linux; Android 7.0;) AppleWebKit/537.36 (KHTML, like Gecko) Mobile Safari/537.36 (compatible; PetalBot;+https://webmaster.petalsearch.com/site/petalbot)"
114.119.148.106 - - [16/Oct/2021:05:20:48 +0700] "GET /images/news/2021/04/resized/122_1619679569.jpg HTTP/1.1" 200 27285 "-" "Mozilla/5.0 (Linux; Android 7.0;) AppleWebKit/537.36 (KHTML, like Gecko) Mobile Safari/537.36 (compatible; PetalBot;+https://webmaster.petalsearch.com/site/petalbot)"
122.167.77.42 - - [16/Oct/2021:05:21:28 +0700] "GET /images/favicon.ico HTTP/2.0" 200 3150 "https://www.cic.com.vn/co-cau-to-chuc-ce2.html" "Mozilla/5.0 (Windows NT 10.0; Win64; x64) AppleWebKit/537.36 (KHTML, like Gecko) Chrome/94.0.4606.81 Safari/537.36"
122.167.77.42 - - [16/Oct/2021:05:21:30 +0700] "GET /index.php?module=products&view=product&task=update_hits&raw=1 HTTP/2.0" 200 1 "https://www.cic.com.vn/co-cau-to-chuc-ce2.html" "Mozilla/5.0 (Windows NT 10.0; Win64; x64) AppleWebKit/537.36 (KHTML, like Gecko) Chrome/94.0.4606.81 Safari/537.36"
114.119.148.106 - - [16/Oct/2021:05:22:19 +0700] "GET /forums/forumdisplay.php?fid=1627&page=1111 HTTP/1.1" 404 146 "-" "Mozilla/5.0 (Linux; Android 7.0;) AppleWebKit/537.36 (KHTML, like Gecko) Mobile Safari/537.36 (compatible; PetalBot;+https://webmaster.petalsearch.com/site/petalbot)"
114.119.148.103 - - [16/Oct/2021:05:25:12 +0700] "GET /forums/thankyoulike.php?action=add&pid=41&my_post_key=65a22cdc832b0abf958bf394306c3528 HTTP/1.1" 404 146 "-" "Mozilla/5.0 (Linux; Android 7.0;) AppleWebKit/537.36 (KHTML, like Gecko) Mobile Safari/537.36 (compatible; PetalBot;+https://webmaster.petalsearch.com/site/petalbot)"
114.119.148.0 - - [16/Oct/2021:05:26:41 +0700] "GET /forums/archive/index.php/thread-3588.html HTTP/1.1" 404 146 "-" "Mozilla/5.0 (Linux; Android 7.0;) AppleWebKit/537.36 (KHTML, like Gecko) Mobile Safari/537.36 (compatible; PetalBot;+https://webmaster.petalsearch.com/site/petalbot)"
66.249.79.210 - - [16/Oct/2021:05:29:40 +0700] "GET /forums/showthread.php?tid=377 HTTP/1.1" 404 99 "-" "Mozilla/5.0 (compatible; Googlebot/2.1; +http://www.google.com/bot.html)"
114.119.148.1 - - [16/Oct/2021:05:29:44 +0700] "GET /forums/showthread.php?tid=20060 HTTP/1.1" 404 146 "-" "Mozilla/5.0 (Linux; Android 7.0;) AppleWebKit/537.36 (KHTML, like Gecko) Mobile Safari/537.36 (compatible; PetalBot;+https://webmaster.petalsearch.com/site/petalbot)"
114.119.148.103 - - [16/Oct/2021:05:32:38 +0700] "GET /forums/showthread.php?tid=24462&action=lastpost HTTP/1.1" 404 146 "-" "Mozilla/5.0 (Linux; Android 7.0;) AppleWebKit/537.36 (KHTML, like Gecko) Mobile Safari/537.36 (compatible; PetalBot;+https://webmaster.petalsearch.com/site/petalbot)"
114.119.148.102 - - [16/Oct/2021:05:34:08 +0700] "GET /forums/archive/index.php/forum-1627-385.html HTTP/1.1" 404 146 "-" "Mozilla/5.0 (Linux; Android 7.0;) AppleWebKit/537.36 (KHTML, like Gecko) Mobile Safari/537.36 (compatible; PetalBot;+https://webmaster.petalsearch.com/site/petalbot)"
114.119.148.106 - - [16/Oct/2021:05:35:33 +0700] "GET /forums/archive/index.php/forum-1627-2.html HTTP/1.1" 404 146 "-" "Mozilla/5.0 (Linux; Android 7.0;) AppleWebKit/537.36 (KHTML, like Gecko) Mobile Safari/537.36 (compatible; PetalBot;+https://webmaster.petalsearch.com/site/petalbot)"
157.55.39.126 - - [16/Oct/2021:05:36:07 +0700] "GET /images/products/2019/10/16/large/ptrc_rebar_curtailment_matrix_543x445.jpg HTTP/2.0" 200 59539 "-" "Mozilla/5.0 (compatible; bingbot/2.0; +http://www.bing.com/bingbot.htm)"
114.119.148.0 - - [16/Oct/2021:05:37:00 +0700] "GET /forums/memberlist.php?perpage=20&username_match=begins&username=S&sort=threadnum&order=descending HTTP/1.1" 404 146 "-" "Mozilla/5.0 (Linux; Android 7.0;) AppleWebKit/537.36 (KHTML, like Gecko) Mobile Safari/537.36 (compatible; PetalBot;+https://webmaster.petalsearch.com/site/petalbot)"
114.119.148.106 - - [16/Oct/2021:05:38:30 +0700] "GET /forums/thankyoulike.php?action=add&pid=4270&my_post_key=65a22cdc832b0abf958bf394306c3528 HTTP/1.1" 404 146 "-" "Mozilla/5.0 (Linux; Android 7.0;) AppleWebKit/537.36 (KHTML, like Gecko) Mobile Safari/537.36 (compatible; PetalBot;+https://webmaster.petalsearch.com/site/petalbot)"
114.119.148.103 - - [16/Oct/2021:05:40:00 +0700] "GET /forums/archive/index.php/thread-24818.html HTTP/1.1" 404 146 "-" "Mozilla/5.0 (Linux; Android 7.0;) AppleWebKit/537.36 (KHTML, like Gecko) Mobile Safari/537.36 (compatible; PetalBot;+https://webmaster.petalsearch.com/site/petalbot)"
114.119.148.103 - - [16/Oct/2021:05:41:23 +0700] "GET /forums/archive/index.php/thread-11569.html HTTP/1.1" 404 146 "-" "Mozilla/5.0 (Linux; Android 7.0;) AppleWebKit/537.36 (KHTML, like Gecko) Mobile Safari/537.36 (compatible; PetalBot;+https://webmaster.petalsearch.com/site/petalbot)"
114.119.148.1 - - [16/Oct/2021:05:42:59 +0700] "GET /forums/member.php?action=profile&uid=9292 HTTP/1.1" 404 146 "-" "Mozilla/5.0 (Linux; Android 7.0;) AppleWebKit/537.36 (KHTML, like Gecko) Mobile Safari/537.36 (compatible; PetalBot;+https://webmaster.petalsearch.com/site/petalbot)"
144.76.14.75 - - [16/Oct/2021:05:43:10 +0700] "GET /forums/forumdisplay.php?fid=1621 HTTP/1.1" 404 146 "https://cic.com.vn/forums/" "Mozilla/5.0 (Windows NT 10.0; Win64; x64; trendictionbot0.5.0; trendiction search; http://www.trendiction.de/bot; please let us know of any problems; web at trendiction.com) Gecko/20170101 Firefox/67.0"
144.76.14.82 - - [16/Oct/2021:05:43:47 +0700] "GET /forums/forumdisplay.php?fid=4 HTTP/1.1" 404 146 "https://cic.com.vn/forums/" "Mozilla/5.0 (Windows NT 10.0; Win64; x64; trendictionbot0.5.0; trendiction search; http://www.trendiction.de/bot; please let us know of any problems; web at trendiction.com) Gecko/20170101 Firefox/67.0"
52.54.146.202 - - [16/Oct/2021:05:44:10 +0700] "GET /download/PMXD/Escon/Escon60FullSetup.exe HTTP/1.1" 200 343718 "-" "Mozilla/5.0 (Macintosh; Intel Mac OS X 10_10_5) AppleWebKit/537.36 (KHTML, like Gecko) Chrome/52.0.2743.116 Safari/537.36"
52.54.146.202 - - [16/Oct/2021:05:44:10 +0700] "GET /download/PMXD/Full/Sumac3.1.0.2208FullSetup.exe HTTP/1.1" 200 278182 "-" "Mozilla/5.0 (Macintosh; Intel Mac OS X 10_10_5) AppleWebKit/537.36 (KHTML, like Gecko) Chrome/52.0.2743.116 Safari/537.36"
114.119.148.0 - - [16/Oct/2021:05:44:21 +0700] "GET /forums/showthread.php?pid=771 HTTP/1.1" 404 146 "-" "Mozilla/5.0 (Linux; Android 7.0;) AppleWebKit/537.36 (KHTML, like Gecko) Mobile Safari/537.36 (compatible; PetalBot;+https://webmaster.petalsearch.com/site/petalbot)"
144.76.14.82 - - [16/Oct/2021:05:44:38 +0700] "GET /forums/forumdisplay.php?fid=41 HTTP/1.1" 404 146 "https://cic.com.vn/forums/" "Mozilla/5.0 (Windows NT 10.0; Win64; x64; trendictionbot0.5.0; trendiction search; http://www.trendiction.de/bot; please let us know of any problems; web at trendiction.com) Gecko/20170101 Firefox/67.0"
157.55.39.40 - - [16/Oct/2021:05:44:51 +0700] "GET /images/news/2021/01/large/minitab_1611718135.png HTTP/2.0" 200 802092 "-" "Mozilla/5.0 (compatible; bingbot/2.0; +http://www.bing.com/bingbot.htm)"
144.76.14.79 - - [16/Oct/2021:05:44:51 +0700] "GET /forums/forumdisplay.php?fid=1594 HTTP/1.1" 404 146 "https://cic.com.vn/forums/" "Mozilla/5.0 (Windows NT 10.0; Win64; x64; trendictionbot0.5.0; trendiction search; http://www.trendiction.de/bot; please let us know of any problems; web at trendiction.com) Gecko/20170101 Firefox/67.0"
157.55.39.126 - - [16/Oct/2021:05:44:53 +0700] "GET /images/products/2019/10/08/large/Sap2000%20lon1.jpg HTTP/2.0" 200 64358 "-" "Mozilla/5.0 (compatible; bingbot/2.0; +http://www.bing.com/bingbot.htm)"
175.143.194.41 - - [16/Oct/2021:05:45:47 +0700] "GET /images/favicon.ico HTTP/2.0" 200 3150 "https://www.cic.com.vn/" "Mozilla/5.0 (Windows NT 10.0; Win64; x64) AppleWebKit/537.36 (KHTML, like Gecko) Chrome/94.0.4606.81 Safari/537.36"
207.46.13.168 - - [16/Oct/2021:05:45:56 +0700] "GET /uploads/images/stCAD/CanChinhCot.PNG HTTP/2.0" 200 1788 "-" "Mozilla/5.0 (compatible; bingbot/2.0; +http://www.bing.com/bingbot.htm)"
207.46.13.106 - - [16/Oct/2021:05:48:35 +0700] "GET /uploads/images/Sumac/ChemDiemKhongChe.png HTTP/2.0" 200 3449 "-" "Mozilla/5.0 (compatible; bingbot/2.0; +http://www.bing.com/bingbot.htm)"
114.119.148.102 - - [16/Oct/2021:05:48:50 +0700] "GET /forums/archive/index.php/forum-1627-17.html HTTP/1.1" 404 146 "-" "Mozilla/5.0 (Linux; Android 7.0;) AppleWebKit/537.36 (KHTML, like Gecko) Mobile Safari/537.36 (compatible; PetalBot;+https://webmaster.petalsearch.com/site/petalbot)"
114.119.148.106 - - [16/Oct/2021:05:50:10 +0700] "GET /forums/showthread.php?tid=25896 HTTP/1.1" 404 146 "-" "Mozilla/5.0 (Linux; Android 7.0;) AppleWebKit/537.36 (KHTML, like Gecko) Mobile Safari/537.36 (compatible; PetalBot;+https://webmaster.petalsearch.com/site/petalbot)"
122.167.77.42 - - [16/Oct/2021:05:51:33 +0700] "GET /images/favicon.ico HTTP/2.0" 200 3150 "https://www.cic.com.vn/co-cau-to-chuc-ce2.html" "Mozilla/5.0 (Windows NT 10.0; Win64; x64) AppleWebKit/537.36 (KHTML, like Gecko) Chrome/94.0.4606.81 Safari/537.36"
122.167.77.42 - - [16/Oct/2021:05:51:33 +0700] "GET /index.php?module=products&view=product&task=update_hits&raw=1 HTTP/2.0" 200 1 "https://www.cic.com.vn/co-cau-to-chuc-ce2.html" "Mozilla/5.0 (Windows NT 10.0; Win64; x64) AppleWebKit/537.36 (KHTML, like Gecko) Chrome/94.0.4606.81 Safari/537.36"
114.119.148.0 - - [16/Oct/2021:05:51:48 +0700] "GET /forums/archive/index.php/thread-23577.html HTTP/1.1" 404 146 "-" "Mozilla/5.0 (Linux; Android 7.0;) AppleWebKit/537.36 (KHTML, like Gecko) Mobile Safari/537.36 (compatible; PetalBot;+https://webmaster.petalsearch.com/site/petalbot)"
66.249.79.108 - - [16/Oct/2021:05:53:14 +0700] "GET /images/news/2021/10/large/cover_1633918679.png HTTP/1.1" 200 802092 "-" "Googlebot-Image/1.0"
114.119.148.0 - - [16/Oct/2021:05:53:25 +0700] "GET /forums/archive/index.php/thread-11460.html HTTP/1.1" 404 146 "-" "Mozilla/5.0 (Linux; Android 7.0;) AppleWebKit/537.36 (KHTML, like Gecko) Mobile Safari/537.36 (compatible; PetalBot;+https://webmaster.petalsearch.com/site/petalbot)"
114.119.148.1 - - [16/Oct/2021:05:54:39 +0700] "GET /forums/archive/index.php/forum-1627-232.html HTTP/1.1" 404 146 "-" "Mozilla/5.0 (Linux; Android 7.0;) AppleWebKit/537.36 (KHTML, like Gecko) Mobile Safari/537.36 (compatible; PetalBot;+https://webmaster.petalsearch.com/site/petalbot)"
162.244.148.1 - - [16/Oct/2021:05:56:13 +0700] "GET /libraries/font-awesome/css/fontawesome-all.min.css HTTP/2.0" 200 10148 "https://www.cic.com.vn/contact.html" "Mozilla/5.0 (X11; Linux x86_64) AppleWebKit/537.36 (KHTML, like Gecko) Chrome/92.0.4515.131 Safari/537.36"
162.244.148.1 - - [16/Oct/2021:05:56:13 +0700] "GET /templates/default/css/style.css HTTP/2.0" 200 5090 "https://www.cic.com.vn/contact.html" "Mozilla/5.0 (X11; Linux x86_64) AppleWebKit/537.36 (KHTML, like Gecko) Chrome/92.0.4515.131 Safari/537.36"
162.244.148.1 - - [16/Oct/2021:05:56:13 +0700] "GET /modules/contact/assets/css/contact.css HTTP/2.0" 200 636 "https://www.cic.com.vn/contact.html" "Mozilla/5.0 (X11; Linux x86_64) AppleWebKit/537.36 (KHTML, like Gecko) Chrome/92.0.4515.131 Safari/537.36"
162.244.148.1 - - [16/Oct/2021:05:56:13 +0700] "GET /templates/default/css/bootstrap.css HTTP/2.0" 200 17947 "https://www.cic.com.vn/contact.html" "Mozilla/5.0 (X11; Linux x86_64) AppleWebKit/537.36 (KHTML, like Gecko) Chrome/92.0.4515.131 Safari/537.36"
162.244.148.1 - - [16/Oct/2021:05:56:13 +0700] "GET /blocks/mainmenu/assets/css/mmenu.css HTTP/2.0" 200 6354 "https://www.cic.com.vn/contact.html" "Mozilla/5.0 (X11; Linux x86_64) AppleWebKit/537.36 (KHTML, like Gecko) Chrome/92.0.4515.131 Safari/537.36"
162.244.148.1 - - [16/Oct/2021:05:56:13 +0700] "GET /blocks/mainmenu/assets/css/styles.css HTTP/2.0" 200 1456 "https://www.cic.com.vn/contact.html" "Mozilla/5.0 (X11; Linux x86_64) AppleWebKit/537.36 (KHTML, like Gecko) Chrome/92.0.4515.131 Safari/537.36"
162.244.148.1 - - [16/Oct/2021:05:56:13 +0700] "GET /modules/home/assets/css/home6.css HTTP/2.0" 200 1987 "https://www.cic.com.vn/contact.html" "Mozilla/5.0 (X11; Linux x86_64) AppleWebKit/537.36 (KHTML, like Gecko) Chrome/92.0.4515.131 Safari/537.36"
162.244.148.1 - - [16/Oct/2021:05:56:13 +0700] "GET /blocks/mainmenu/assets/css/jquery.mmenu.all.css HTTP/2.0" 200 4078 "https://www.cic.com.vn/contact.html" "Mozilla/5.0 (X11; Linux x86_64) AppleWebKit/537.36 (KHTML, like Gecko) Chrome/92.0.4515.131 Safari/537.36"
162.244.148.1 - - [16/Oct/2021:05:56:14 +0700] "GET /templates/default/js/bootstrap.min.js HTTP/2.0" 200 9026 "https://www.cic.com.vn/contact.html" "Mozilla/5.0 (X11; Linux x86_64) AppleWebKit/537.36 (KHTML, like Gecko) Chrome/92.0.4515.131 Safari/537.36"
162.244.148.1 - - [16/Oct/2021:05:56:14 +0700] "GET /libraries/jquery/jquery-1.12.4.min.js HTTP/2.0" 200 32653 "https://www.cic.com.vn/contact.html" "Mozilla/5.0 (X11; Linux x86_64) AppleWebKit/537.36 (KHTML, like Gecko) Chrome/92.0.4515.131 Safari/537.36"
162.244.148.1 - - [16/Oct/2021:05:56:14 +0700] "GET /templates/default/js/form.js HTTP/2.0" 200 2403 "https://www.cic.com.vn/contact.html" "Mozilla/5.0 (X11; Linux x86_64) AppleWebKit/537.36 (KHTML, like Gecko) Chrome/92.0.4515.131 Safari/537.36"
162.244.148.1 - - [16/Oct/2021:05:56:14 +0700] "GET /templates/default/js/form1.js HTTP/2.0" 200 2429 "https://www.cic.com.vn/contact.html" "Mozilla/5.0 (X11; Linux x86_64) AppleWebKit/537.36 (KHTML, like Gecko) Chrome/92.0.4515.131 Safari/537.36"
162.244.148.1 - - [16/Oct/2021:05:56:14 +0700] "GET /modules/contact/assets/js/contact.js HTTP/2.0" 200 913 "https://www.cic.com.vn/contact.html" "Mozilla/5.0 (X11; Linux x86_64) AppleWebKit/537.36 (KHTML, like Gecko) Chrome/92.0.4515.131 Safari/537.36"
162.244.148.1 - - [16/Oct/2021:05:56:14 +0700] "GET /templates/default/js/main.js HTTP/2.0" 200 2297 "https://www.cic.com.vn/contact.html" "Mozilla/5.0 (X11; Linux x86_64) AppleWebKit/537.36 (KHTML, like Gecko) Chrome/92.0.4515.131 Safari/537.36"
162.244.148.1 - - [16/Oct/2021:05:56:14 +0700] "GET /blocks/search/assets/js/search.js HTTP/2.0" 200 581 "https://www.cic.com.vn/contact.html" "Mozilla/5.0 (X11; Linux x86_64) AppleWebKit/537.36 (KHTML, like Gecko) Chrome/92.0.4515.131 Safari/537.36"
162.244.148.1 - - [16/Oct/2021:05:56:15 +0700] "GET /blocks/mainmenu/assets/js/mmenu.js HTTP/2.0" 200 16968 "https://www.cic.com.vn/contact.html" "Mozilla/5.0 (X11; Linux x86_64) AppleWebKit/537.36 (KHTML, like Gecko) Chrome/92.0.4515.131 Safari/537.36"
162.244.148.1 - - [16/Oct/2021:05:56:15 +0700] "GET /blocks/mainmenu/assets/js/mmenu.polyfills.js HTTP/2.0" 200 857 "https://www.cic.com.vn/contact.html" "Mozilla/5.0 (X11; Linux x86_64) AppleWebKit/537.36 (KHTML, like Gecko) Chrome/92.0.4515.131 Safari/537.36"
157.55.39.30 - - [16/Oct/2021:05:56:19 +0700] "GET /uploads/images/RDW/guide/11.png HTTP/2.0" 200 7071 "-" "Mozilla/5.0 (compatible; bingbot/2.0; +http://www.bing.com/bingbot.htm)"
114.119.148.105 - - [16/Oct/2021:05:57:38 +0700] "GET /forums/archive/index.php/thread-28218.html HTTP/1.1" 404 146 "-" "Mozilla/5.0 (Linux; Android 7.0;) AppleWebKit/537.36 (KHTML, like Gecko) Mobile Safari/537.36 (compatible; PetalBot;+https://webmaster.petalsearch.com/site/petalbot)"
31.13.103.117 - - [16/Oct/2021:05:58:04 +0700] "GET /images/news/2021/10/large/geosig-1_1633318540.jpg HTTP/1.1" 200 64610 "-" "facebookexternalhit/1.1 (+http://www.facebook.com/externalhit_uatext.php)"
31.13.103.9 - - [16/Oct/2021:05:58:06 +0700] "GET /images/news/2021/10/large/geosig-1_1633318540.jpg HTTP/1.1" 200 64610 "-" "facebookexternalhit/1.1 (+http://www.facebook.com/externalhit_uatext.php)"
114.119.148.103 - - [16/Oct/2021:05:59:09 +0700] "GET /forums/showthread.php?tid=9309&action=lastpost HTTP/1.1" 404 146 "-" "Mozilla/5.0 (Linux; Android 7.0;) AppleWebKit/537.36 (KHTML, like Gecko) Mobile Safari/537.36 (compatible; PetalBot;+https://webmaster.petalsearch.com/site/petalbot)"
144.76.14.84 - - [16/Oct/2021:06:00:52 +0700] "GET /forums/forumdisplay.php?fid=9 HTTP/1.1" 404 146 "https://cic.com.vn/forums/" "Mozilla/5.0 (Windows NT 10.0; Win64; x64; trendictionbot0.5.0; trendiction search; http://www.trendiction.de/bot; please let us know of any problems; web at trendiction.com) Gecko/20170101 Firefox/67.0"
114.119.148.103 - - [16/Oct/2021:06:03:36 +0700] "GET /forums/reputation.php?uid=40 HTTP/1.1" 404 146 "-" "Mozilla/5.0 (Linux; Android 7.0;) AppleWebKit/537.36 (KHTML, like Gecko) Mobile Safari/537.36 (compatible; PetalBot;+https://webmaster.petalsearch.com/site/petalbot)"
144.76.14.84 - - [16/Oct/2021:06:03:36 +0700] "GET /forums/forumdisplay.php?fid=1600 HTTP/1.1" 404 146 "https://cic.com.vn/forums/" "Mozilla/5.0 (Windows NT 10.0; Win64; x64; trendictionbot0.5.0; trendiction search; http://www.trendiction.de/bot; please let us know of any problems; web at trendiction.com) Gecko/20170101 Firefox/67.0"
157.55.39.164 - - [16/Oct/2021:06:04:59 +0700] "GET /uploads/images/stCAD/KQBanVeCot.PNG HTTP/2.0" 200 32171 "-" "Mozilla/5.0 (compatible; bingbot/2.0; +http://www.bing.com/bingbot.htm)"
114.119.148.103 - - [16/Oct/2021:06:05:02 +0700] "GET /forums/member.php?action=emailuser&uid=3243 HTTP/1.1" 404 146 "-" "Mozilla/5.0 (Linux; Android 7.0;) AppleWebKit/537.36 (KHTML, like Gecko) Mobile Safari/537.36 (compatible; PetalBot;+https://webmaster.petalsearch.com/site/petalbot)"
207.46.13.168 - - [16/Oct/2021:06:05:27 +0700] "GET /upload_images/images/2019/08/19/gioi-thieu.png HTTP/2.0" 200 162605 "-" "Mozilla/5.0 (compatible; bingbot/2.0; +http://www.bing.com/bingbot.htm)"
114.119.148.0 - - [16/Oct/2021:06:06:31 +0700] "GET /forums/archive/index.php/thread-23779.html HTTP/1.1" 404 146 "-" "Mozilla/5.0 (Linux; Android 7.0;) AppleWebKit/537.36 (KHTML, like Gecko) Mobile Safari/537.36 (compatible; PetalBot;+https://webmaster.petalsearch.com/site/petalbot)"
114.119.148.1 - - [16/Oct/2021:06:07:53 +0700] "GET /forums/archive/index.php/thread-24234.html HTTP/1.1" 404 146 "-" "Mozilla/5.0 (Linux; Android 7.0;) AppleWebKit/537.36 (KHTML, like Gecko) Mobile Safari/537.36 (compatible; PetalBot;+https://webmaster.petalsearch.com/site/petalbot)"
66.249.79.206 - - [16/Oct/2021:06:08:17 +0700] "GET /forums/showthread.php?tid=4589 HTTP/1.1" 404 99 "-" "Mozilla/5.0 (compatible; Googlebot/2.1; +http://www.google.com/bot.html)"
66.249.79.106 - - [16/Oct/2021:06:08:29 +0700] "GET /images/products/2019/11/01/large/3_1572593742_1.png HTTP/1.1" 200 481701 "-" "Googlebot-Image/1.0"
186.179.36.136 - - [16/Oct/2021:06:10:26 +0700] "GET /forums/member.php?action=profile&uid=94735 HTTP/1.1" 404 146 "https://cic.com.vn/" "Mozilla/5.0 (Windows NT 6.1; WOW64; rv:51.0) Gecko/20100101 Firefox/51.0.1"
144.76.14.84 - - [16/Oct/2021:06:11:05 +0700] "GET /forums/forumdisplay.php?fid=27 HTTP/1.1" 404 146 "https://cic.com.vn/forums/" "Mozilla/5.0 (Windows NT 10.0; Win64; x64; trendictionbot0.5.0; trendiction search; http://www.trendiction.de/bot; please let us know of any problems; web at trendiction.com) Gecko/20170101 Firefox/67.0"
207.46.13.168 - - [16/Oct/2021:06:11:52 +0700] "GET /forums/usercp.php HTTP/2.0" 404 146 "-" "Mozilla/5.0 (compatible; bingbot/2.0; +http://www.bing.com/bingbot.htm)"
114.119.148.0 - - [16/Oct/2021:06:12:18 +0700] "GET /forums/archive/index.php/thread-794.html HTTP/1.1" 404 146 "-" "Mozilla/5.0 (Linux; Android 7.0;) AppleWebKit/537.36 (KHTML, like Gecko) Mobile Safari/537.36 (compatible; PetalBot;+https://webmaster.petalsearch.com/site/petalbot)"
207.46.13.106 - - [16/Oct/2021:06:12:26 +0700] "GET /images/news/2019/11/resized/untitled_1572834873.jpg HTTP/2.0" 200 13651 "-" "Mozilla/5.0 (compatible; bingbot/2.0; +http://www.bing.com/bingbot.htm)"
114.119.148.1 - - [16/Oct/2021:06:13:52 +0700] "GET /forums/thankyoulike.php?action=add&pid=2459&my_post_key=b742a6192f26a0be680561b1aa1a298e HTTP/1.1" 404 146 "-" "Mozilla/5.0 (Linux; Android 7.0;) AppleWebKit/537.36 (KHTML, like Gecko) Mobile Safari/537.36 (compatible; PetalBot;+https://webmaster.petalsearch.com/site/petalbot)"
114.119.148.106 - - [16/Oct/2021:06:15:15 +0700] "GET /forums/search.php?action=finduserthreads&uid=95109 HTTP/1.1" 404 146 "-" "Mozilla/5.0 (Linux; Android 7.0;) AppleWebKit/537.36 (KHTML, like Gecko) Mobile Safari/537.36 (compatible; PetalBot;+https://webmaster.petalsearch.com/site/petalbot)"
175.143.194.41 - - [16/Oct/2021:06:15:49 +0700] "GET /images/favicon.ico HTTP/2.0" 200 3150 "https://www.cic.com.vn/" "Mozilla/5.0 (Windows NT 10.0; Win64; x64) AppleWebKit/537.36 (KHTML, like Gecko) Chrome/94.0.4606.81 Safari/537.36"
114.119.148.106 - - [16/Oct/2021:06:16:48 +0700] "GET /forums/showthread.php?tid=27937&action=lastpost HTTP/1.1" 404 146 "-" "Mozilla/5.0 (Linux; Android 7.0;) AppleWebKit/537.36 (KHTML, like Gecko) Mobile Safari/537.36 (compatible; PetalBot;+https://webmaster.petalsearch.com/site/petalbot)"
114.119.148.1 - - [16/Oct/2021:06:18:22 +0700] "GET /ratethread.php?tid=658&rating=2&my_post_key=fdd8226d417866e2f39470b30f067108 HTTP/1.1" 404 146 "-" "Mozilla/5.0 (Linux; Android 7.0;) AppleWebKit/537.36 (KHTML, like Gecko) Mobile Safari/537.36 (compatible; PetalBot;+https://webmaster.petalsearch.com/site/petalbot)"
152.22.73.24 - - [16/Oct/2021:06:18:25 +0700] "GET /forums/member.php?action=profile&uid=94735 HTTP/1.1" 404 146 "https://cic.com.vn/" "Mozilla/5.0 (Windows NT 6.1; WOW64; rv:43.0;Macintosh; Intel Mac OS X 10_13_3) Gecko/20100101 Firefox/43.0"
40.77.167.48 - - [16/Oct/2021:06:19:20 +0700] "GET /upload_images/images/2020/03/ta.png HTTP/2.0" 200 102698 "-" "Mozilla/5.0 (compatible; bingbot/2.0; +http://www.bing.com/bingbot.htm)"
114.119.148.1 - - [16/Oct/2021:06:19:40 +0700] "GET /forums/member.php?action=profile&uid=9510 HTTP/1.1" 404 146 "-" "Mozilla/5.0 (Linux; Android 7.0;) AppleWebKit/537.36 (KHTML, like Gecko) Mobile Safari/537.36 (compatible; PetalBot;+https://webmaster.petalsearch.com/site/petalbot)"
66.249.79.110 - - [16/Oct/2021:06:20:37 +0700] "GET /images/products/2020/04/03/resized/3096_1585905189.jpg HTTP/1.1" 200 5399 "-" "Googlebot-Image/1.0"
207.46.13.106 - - [16/Oct/2021:06:20:47 +0700] "GET /upload_images/images/2020/11/05/1.png HTTP/2.0" 200 310752 "-" "Mozilla/5.0 (compatible; bingbot/2.0; +http://www.bing.com/bingbot.htm)"
114.119.148.0 - - [16/Oct/2021:06:21:07 +0700] "GET /forums/ratethread.php?tid=41&rating=3&my_post_key=c0340126fef9523c468b958331e4815d HTTP/1.1" 404 146 "-" "Mozilla/5.0 (Linux; Android 7.0;) AppleWebKit/537.36 (KHTML, like Gecko) Mobile Safari/537.36 (compatible; PetalBot;+https://webmaster.petalsearch.com/site/petalbot)"
122.167.77.42 - - [16/Oct/2021:06:21:36 +0700] "GET /images/favicon.ico HTTP/2.0" 200 3150 "https://www.cic.com.vn/co-cau-to-chuc-ce2.html" "Mozilla/5.0 (Windows NT 10.0; Win64; x64) AppleWebKit/537.36 (KHTML, like Gecko) Chrome/94.0.4606.81 Safari/537.36"
122.167.77.42 - - [16/Oct/2021:06:21:39 +0700] "GET /index.php?module=products&view=product&task=update_hits&raw=1 HTTP/2.0" 200 1 "https://www.cic.com.vn/co-cau-to-chuc-ce2.html" "Mozilla/5.0 (Windows NT 10.0; Win64; x64) AppleWebKit/537.36 (KHTML, like Gecko) Chrome/94.0.4606.81 Safari/537.36"
207.46.13.52 - - [16/Oct/2021:06:23:42 +0700] "GET /images/products/2019/10/11/large/phan-mem-austal-view_f_1_400_1.jpg HTTP/2.0" 200 51735 "-" "Mozilla/5.0 (compatible; bingbot/2.0; +http://www.bing.com/bingbot.htm)"
114.119.148.102 - - [16/Oct/2021:06:24:08 +0700] "GET /forums/showthread.php?tid=22257 HTTP/1.1" 404 146 "-" "Mozilla/5.0 (Linux; Android 7.0;) AppleWebKit/537.36 (KHTML, like Gecko) Mobile Safari/537.36 (compatible; PetalBot;+https://webmaster.petalsearch.com/site/petalbot)"
114.119.148.1 - - [16/Oct/2021:06:25:44 +0700] "GET /forums/showthread.php?tid=62&action=lastpost HTTP/1.1" 404 146 "-" "Mozilla/5.0 (Linux; Android 7.0;) AppleWebKit/537.36 (KHTML, like Gecko) Mobile Safari/537.36 (compatible; PetalBot;+https://webmaster.petalsearch.com/site/petalbot)"
66.249.79.106 - - [16/Oct/2021:06:26:19 +0700] "GET /uploads/images/Sumac/KQSanNen1.png HTTP/1.1" 200 13668 "-" "Googlebot-Image/1.0"
114.119.148.106 - - [16/Oct/2021:06:27:15 +0700] "GET /forums/sendthread.php?tid=841 HTTP/1.1" 404 146 "-" "Mozilla/5.0 (Linux; Android 7.0;) AppleWebKit/537.36 (KHTML, like Gecko) Mobile Safari/537.36 (compatible; PetalBot;+https://webmaster.petalsearch.com/site/petalbot)"
114.119.148.106 - - [16/Oct/2021:06:28:33 +0700] "GET /forums/archive/index.php/thread-25518.html HTTP/1.1" 404 146 "-" "Mozilla/5.0 (Linux; Android 7.0;) AppleWebKit/537.36 (KHTML, like Gecko) Mobile Safari/537.36 (compatible; PetalBot;+https://webmaster.petalsearch.com/site/petalbot)"
157.55.39.30 - - [16/Oct/2021:06:29:22 +0700] "GET /images/products/2019/09/03/large/RDW1.jpg HTTP/2.0" 200 41707 "-" "Mozilla/5.0 (compatible; bingbot/2.0; +http://www.bing.com/bingbot.htm)"
114.119.148.0 - - [16/Oct/2021:06:29:59 +0700] "GET /forums/showthread.php?tid=9035&action=newpost HTTP/1.1" 404 146 "-" "Mozilla/5.0 (Linux; Android 7.0;) AppleWebKit/537.36 (KHTML, like Gecko) Mobile Safari/537.36 (compatible; PetalBot;+https://webmaster.petalsearch.com/site/petalbot)"
157.55.39.126 - - [16/Oct/2021:06:30:22 +0700] "GET /images/news/2019/10/large/blastmateiii_0_1571392957.jpg HTTP/2.0" 200 67061 "-" "Mozilla/5.0 (compatible; bingbot/2.0; +http://www.bing.com/bingbot.htm)"
114.119.148.0 - - [16/Oct/2021:06:31:25 +0700] "GET /ratethread.php?tid=939&rating=4&my_post_key=65a22cdc832b0abf958bf394306c3528 HTTP/1.1" 404 146 "-" "Mozilla/5.0 (Linux; Android 7.0;) AppleWebKit/537.36 (KHTML, like Gecko) Mobile Safari/537.36 (compatible; PetalBot;+https://webmaster.petalsearch.com/site/petalbot)"
114.119.148.0 - - [16/Oct/2021:06:32:51 +0700] "GET /forums/archive/index.php/forum-1627-632.html HTTP/1.1" 404 146 "-" "Mozilla/5.0 (Linux; Android 7.0;) AppleWebKit/537.36 (KHTML, like Gecko) Mobile Safari/537.36 (compatible; PetalBot;+https://webmaster.petalsearch.com/site/petalbot)"
207.46.13.52 - - [16/Oct/2021:06:33:03 +0700] "GET /images/config/logo-cic---copy_1588153964.png HTTP/2.0" 200 20957 "-" "Mozilla/5.0 (compatible; bingbot/2.0; +http://www.bing.com/bingbot.htm)"
114.119.148.103 - - [16/Oct/2021:06:34:21 +0700] "GET /forums/member.php?action=profile&uid=5554 HTTP/1.1" 404 146 "-" "Mozilla/5.0 (Linux; Android 7.0;) AppleWebKit/537.36 (KHTML, like Gecko) Mobile Safari/537.36 (compatible; PetalBot;+https://webmaster.petalsearch.com/site/petalbot)"
144.76.14.79 - - [16/Oct/2021:06:35:46 +0700] "GET /forums/forumdisplay.php?fid=19 HTTP/1.1" 404 146 "https://cic.com.vn/forums/" "Mozilla/5.0 (Windows NT 10.0; Win64; x64; trendictionbot0.5.0; trendiction search; http://www.trendiction.de/bot; please let us know of any problems; web at trendiction.com) Gecko/20170101 Firefox/67.0"
114.119.148.103 - - [16/Oct/2021:06:35:51 +0700] "GET /forums/archive/index.php/thread-21908.html HTTP/1.1" 404 146 "-" "Mozilla/5.0 (Linux; Android 7.0;) AppleWebKit/537.36 (KHTML, like Gecko) Mobile Safari/537.36 (compatible; PetalBot;+https://webmaster.petalsearch.com/site/petalbot)"
141.8.142.73 - - [16/Oct/2021:06:37:06 +0700] "GET /blocks/library/assets/css/style2.css HTTP/1.1" 200 1130 "https://www.cic.com.vn/" "Mozilla/5.0 (compatible; YandexBot/3.0; +http://yandex.com/bots) AppleWebKit/537.36 (KHTML, like Gecko) Chrome/81.0.4044.268"
141.8.142.73 - - [16/Oct/2021:06:37:08 +0700] "GET /templates/default/css/style.css HTTP/1.1" 200 5416 "https://www.cic.com.vn/" "Mozilla/5.0 (compatible; YandexBot/3.0; +http://yandex.com/bots) AppleWebKit/537.36 (KHTML, like Gecko) Chrome/81.0.4044.268"
141.8.142.73 - - [16/Oct/2021:06:37:11 +0700] "GET /blocks/mainmenu/assets/css/jquery.mmenu.all.css HTTP/1.1" 200 4303 "https://www.cic.com.vn/" "Mozilla/5.0 (compatible; YandexBot/3.0; +http://yandex.com/bots) AppleWebKit/537.36 (KHTML, like Gecko) Chrome/81.0.4044.268"
87.250.224.19 - - [16/Oct/2021:06:37:15 +0700] "GET /libraries/owlcarousel/assets/owl.theme.default.css HTTP/1.1" 200 574 "https://www.cic.com.vn/" "Mozilla/5.0 (compatible; YandexBot/3.0; +http://yandex.com/bots) AppleWebKit/537.36 (KHTML, like Gecko) Chrome/81.0.4044.268"
87.250.224.19 - - [16/Oct/2021:06:37:17 +0700] "GET /libraries/font-awesome/css/fontawesome-all.min.css HTTP/1.1" 200 10657 "https://www.cic.com.vn/" "Mozilla/5.0 (compatible; YandexBot/3.0; +http://yandex.com/bots) AppleWebKit/537.36 (KHTML, like Gecko) Chrome/81.0.4044.268"
87.250.224.19 - - [16/Oct/2021:06:37:20 +0700] "GET /libraries/owlcarousel/assets/owl.carousel.min.css HTTP/1.1" 200 1080 "https://www.cic.com.vn/" "Mozilla/5.0 (compatible; YandexBot/3.0; +http://yandex.com/bots) AppleWebKit/537.36 (KHTML, like Gecko) Chrome/81.0.4044.268"
114.119.148.103 - - [16/Oct/2021:06:37:21 +0700] "GET /forums/archive/index.php/forum-1627-526.html HTTP/1.1" 404 146 "-" "Mozilla/5.0 (Linux; Android 7.0;) AppleWebKit/537.36 (KHTML, like Gecko) Mobile Safari/537.36 (compatible; PetalBot;+https://webmaster.petalsearch.com/site/petalbot)"
87.250.224.19 - - [16/Oct/2021:06:37:22 +0700] "GET /modules/home/assets/css/home6.css HTTP/1.1" 200 2186 "https://www.cic.com.vn/" "Mozilla/5.0 (compatible; YandexBot/3.0; +http://yandex.com/bots) AppleWebKit/537.36 (KHTML, like Gecko) Chrome/81.0.4044.268"
87.250.224.19 - - [16/Oct/2021:06:37:25 +0700] "GET /templates/default/css/bootstrap.css HTTP/1.1" 200 19789 "https://www.cic.com.vn/" "Mozilla/5.0 (compatible; YandexBot/3.0; +http://yandex.com/bots) AppleWebKit/537.36 (KHTML, like Gecko) Chrome/81.0.4044.268"
87.250.224.19 - - [16/Oct/2021:06:37:28 +0700] "GET /blocks/mainmenu/assets/css/mmenu.css HTTP/1.1" 200 6715 "https://www.cic.com.vn/" "Mozilla/5.0 (compatible; YandexBot/3.0; +http://yandex.com/bots) AppleWebKit/537.36 (KHTML, like Gecko) Chrome/81.0.4044.268"
141.8.142.73 - - [16/Oct/2021:06:37:32 +0700] "GET /blocks/mainmenu/assets/css/styles.css HTTP/1.1" 200 1621 "https://www.cic.com.vn/" "Mozilla/5.0 (compatible; YandexBot/3.0; +http://yandex.com/bots) AppleWebKit/537.36 (KHTML, like Gecko) Chrome/81.0.4044.268"
87.250.224.19 - - [16/Oct/2021:06:37:56 +0700] "GET /libraries/jquery/jquery-1.12.4.min.js HTTP/1.1" 200 33806 "https://www.cic.com.vn/" "Mozilla/5.0 (compatible; YandexBot/3.0; +http://yandex.com/bots) AppleWebKit/537.36 (KHTML, like Gecko) Chrome/81.0.4044.268"
