157.55.39.159 - - [17/Aug/2021:23:27:26 +0700] "GET /robots.txt HTTP/2.0" 200 26 "-" "Mozilla/5.0 (compatible; bingbot/2.0; +http://www.bing.com/bingbot.htm)"
93.158.161.53 - - [18/Aug/2021:00:43:44 +0700] "GET /robots.txt HTTP/1.1" 200 26 "-" "Mozilla/5.0 (compatible; YandexBot/3.0; +http://yandex.com/bots)"
207.46.13.76 - - [18/Aug/2021:04:02:02 +0700] "GET /sitemap.xml HTTP/1.0" 200 507 "-" "Mozilla/5.0 (compatible; bingbot/2.0; +http://www.bing.com/bingbot.htm)"
207.46.13.50 - - [18/Aug/2021:08:59:34 +0700] "GET /atom.xml HTTP/1.0" 404 1191 "-" "Mozilla/5.0 (compatible; bingbot/2.0; +http://www.bing.com/bingbot.htm)"
54.36.149.78 - - [18/Aug/2021:10:21:12 +0700] "GET / HTTP/1.0" 200 9170 "-" "Mozilla/5.0 (compatible; AhrefsBot/7.0; +http://ahrefs.com/robot/)"
40.77.167.38 - - [18/Aug/2021:13:34:26 +0700] "GET / HTTP/1.0" 200 9178 "-" "Mozilla/5.0 (compatible; bingbot/2.0; +http://www.bing.com/bingbot.htm)"
207.46.13.50 - - [18/Aug/2021:16:33:47 +0700] "GET /sitemaps.xml HTTP/1.0" 404 1191 "-" "Mozilla/5.0 (compatible; bingbot/2.0; +http://www.bing.com/bingbot.htm)"
207.46.13.80 - - [18/Aug/2021:18:06:27 +0700] "GET /sitemap_index.xml HTTP/1.0" 404 1191 "-" "Mozilla/5.0 (compatible; bingbot/2.0; +http://www.bing.com/bingbot.htm)"
207.46.13.76 - - [18/Aug/2021:22:39:00 +0700] "GET /sitemap.xml HTTP/1.0" 200 507 "-" "Mozilla/5.0 (compatible; bingbot/2.0; +http://www.bing.com/bingbot.htm)"
207.46.13.50 - - [19/Aug/2021:03:37:20 +0700] "GET /atom.xml HTTP/1.0" 404 1191 "-" "Mozilla/5.0 (compatible; bingbot/2.0; +http://www.bing.com/bingbot.htm)"
207.46.13.76 - - [18/Aug/2021:04:02:02 +0700] "GET /sitemap.xml HTTP/2.0" 200 1820 "-" "Mozilla/5.0 (compatible; bingbot/2.0; +http://www.bing.com/bingbot.htm)"
207.46.13.143 - - [18/Aug/2021:07:14:03 +0700] "GET /sitemap.xml.gz HTTP/2.0" 404 146 "-" "Mozilla/5.0 (compatible; bingbot/2.0; +http://www.bing.com/bingbot.htm)"
207.46.13.50 - - [18/Aug/2021:07:51:17 +0700] "GET /sitemap.txt HTTP/2.0" 404 146 "-" "Mozilla/5.0 (compatible; bingbot/2.0; +http://www.bing.com/bingbot.htm)"
54.36.149.72 - - [18/Aug/2021:10:21:10 +0700] "GET /robots.txt HTTP/2.0" 200 31 "-" "Mozilla/5.0 (compatible; AhrefsBot/7.0; +http://ahrefs.com/robot/)"
207.46.13.76 - - [18/Aug/2021:22:39:00 +0700] "GET /sitemap.xml HTTP/2.0" 200 1820 "-" "Mozilla/5.0 (compatible; bingbot/2.0; +http://www.bing.com/bingbot.htm)"
207.46.13.143 - - [19/Aug/2021:01:50:40 +0700] "GET /sitemap.xml.gz HTTP/2.0" 404 146 "-" "Mozilla/5.0 (compatible; bingbot/2.0; +http://www.bing.com/bingbot.htm)"
207.46.13.50 - - [19/Aug/2021:02:28:23 +0700] "GET /sitemap.txt HTTP/2.0" 404 146 "-" "Mozilla/5.0 (compatible; bingbot/2.0; +http://www.bing.com/bingbot.htm)"
34.209.128.142 - - [19/Aug/2021:10:18:56 +0700] "GET / HTTP/1.0" 200 9154 "-" "Mozilla/5.0 (X11; Linux x86_64) AppleWebKit/537.36 (KHTML, like Gecko) Chrome/83.0.4103.97 Safari/537.36"
207.46.13.50 - - [19/Aug/2021:11:06:34 +0700] "GET /sitemaps.xml HTTP/1.0" 404 1191 "-" "Mozilla/5.0 (compatible; bingbot/2.0; +http://www.bing.com/bingbot.htm)"
54.36.149.65 - - [19/Aug/2021:12:29:05 +0700] "GET / HTTP/1.0" 200 9152 "-" "Mozilla/5.0 (compatible; AhrefsBot/7.0; +http://ahrefs.com/robot/)"
207.46.13.80 - - [19/Aug/2021:12:38:03 +0700] "GET /sitemap_index.xml HTTP/1.0" 404 1191 "-" "Mozilla/5.0 (compatible; bingbot/2.0; +http://www.bing.com/bingbot.htm)"
207.46.13.76 - - [19/Aug/2021:17:09:49 +0700] "GET /sitemap.xml HTTP/1.0" 200 507 "-" "Mozilla/5.0 (compatible; bingbot/2.0; +http://www.bing.com/bingbot.htm)"
207.46.13.50 - - [19/Aug/2021:22:04:56 +0700] "GET /atom.xml HTTP/1.0" 404 1191 "-" "Mozilla/5.0 (compatible; bingbot/2.0; +http://www.bing.com/bingbot.htm)"
207.46.13.50 - - [19/Aug/2021:08:05:06 +0700] "GET /sitemap.txt HTTP/2.0" 404 146 "-" "Mozilla/5.0 (compatible; bingbot/2.0; +http://www.bing.com/bingbot.htm)"
54.36.148.11 - - [19/Aug/2021:12:29:04 +0700] "GET /robots.txt HTTP/2.0" 200 31 "-" "Mozilla/5.0 (compatible; AhrefsBot/7.0; +http://ahrefs.com/robot/)"
207.46.13.76 - - [19/Aug/2021:17:09:49 +0700] "GET /sitemap.xml HTTP/2.0" 200 1820 "-" "Mozilla/5.0 (compatible; bingbot/2.0; +http://www.bing.com/bingbot.htm)"
138.246.253.24 - - [19/Aug/2021:18:49:03 +0700] "GET /robots.txt HTTP/1.1" 200 26 "-" "Mozilla/5.0 (Windows NT 10.0; Win64; x64) AppleWebKit/537.36 (KHTML, like Gecko) Chrome/88.0.4324.146 Safari/537.36"
207.46.13.143 - - [19/Aug/2021:20:19:56 +0700] "GET /sitemap.xml.gz HTTP/2.0" 404 146 "-" "Mozilla/5.0 (compatible; bingbot/2.0; +http://www.bing.com/bingbot.htm)"
207.46.13.50 - - [19/Aug/2021:20:57:09 +0700] "GET /sitemap.txt HTTP/2.0" 404 146 "-" "Mozilla/5.0 (compatible; bingbot/2.0; +http://www.bing.com/bingbot.htm)"
157.55.39.159 - - [20/Aug/2021:03:08:25 +0700] "GET /robots.txt HTTP/2.0" 200 26 "-" "Mozilla/5.0 (compatible; bingbot/2.0; +http://www.bing.com/bingbot.htm)"
157.55.39.159 - - [20/Aug/2021:03:08:26 +0700] "GET /robots.txt HTTP/2.0" 200 26 "-" "Mozilla/5.0 (compatible; bingbot/2.0; +http://www.bing.com/bingbot.htm)"
157.55.39.155 - - [20/Aug/2021:03:08:37 +0700] "GET /js/frontend/frontend.js HTTP/2.0" 200 941 "-" "Mozilla/5.0 (compatible; MSIE 9.0; Windows NT 6.1; Trident/5.0)"
137.226.113.44 - - [20/Aug/2021:05:35:22 +0700] "GET / HTTP/1.0" 200 9161 "-" "Mozilla/5.0 (X11; Linux x86_64; rv:84.0) Gecko/20100101 Firefox/84.0"
207.46.13.50 - - [20/Aug/2021:06:58:57 +0700] "GET /sitemaps.xml HTTP/1.0" 404 1191 "-" "Mozilla/5.0 (compatible; bingbot/2.0; +http://www.bing.com/bingbot.htm)"
207.46.13.80 - - [20/Aug/2021:08:28:38 +0700] "GET /sitemap_index.xml HTTP/1.0" 404 1191 "-" "Mozilla/5.0 (compatible; bingbot/2.0; +http://www.bing.com/bingbot.htm)"
207.46.13.50 - - [20/Aug/2021:09:11:29 +0700] "GET /sitemaps.xml HTTP/1.0" 404 1191 "-" "Mozilla/5.0 (compatible; bingbot/2.0; +http://www.bing.com/bingbot.htm)"
54.149.157.234 - - [20/Aug/2021:10:11:33 +0700] "GET / HTTP/1.0" 200 9156 "-" "Mozilla/5.0 (X11; Linux x86_64) AppleWebKit/537.36 (KHTML, like Gecko) Chrome/83.0.4103.97 Safari/537.36"
35.165.44.92 - - [20/Aug/2021:10:13:43 +0700] "GET / HTTP/1.0" 200 9161 "-" "Mozilla/5.0 (X11; Linux x86_64) AppleWebKit/537.36 (KHTML, like Gecko) Chrome/83.0.4103.97 Safari/537.36"
207.46.13.76 - - [20/Aug/2021:12:59:55 +0700] "GET /sitemap.xml HTTP/1.0" 200 507 "-" "Mozilla/5.0 (compatible; bingbot/2.0; +http://www.bing.com/bingbot.htm)"
54.36.148.148 - - [20/Aug/2021:15:15:44 +0700] "GET / HTTP/1.0" 200 9143 "-" "Mozilla/5.0 (compatible; AhrefsBot/7.0; +http://ahrefs.com/robot/)"
207.46.13.50 - - [20/Aug/2021:17:56:31 +0700] "GET /atom.xml HTTP/1.0" 404 1191 "-" "Mozilla/5.0 (compatible; bingbot/2.0; +http://www.bing.com/bingbot.htm)"
93.158.161.69 - - [20/Aug/2021:18:01:42 +0700] "GET / HTTP/1.0" 200 9161 "-" "Mozilla/5.0 (compatible; YandexBot/3.0; +http://yandex.com/bots)"
207.46.13.50 - - [21/Aug/2021:01:07:41 +0700] "GET /sitemaps.xml HTTP/1.0" 404 1191 "-" "Mozilla/5.0 (compatible; bingbot/2.0; +http://www.bing.com/bingbot.htm)"
207.46.13.80 - - [21/Aug/2021:02:38:03 +0700] "GET /sitemap_index.xml HTTP/1.0" 404 1191 "-" "Mozilla/5.0 (compatible; bingbot/2.0; +http://www.bing.com/bingbot.htm)"
157.55.39.159 - - [20/Aug/2021:06:58:51 +0700] "GET /robots.txt HTTP/2.0" 200 26 "-" "Mozilla/5.0 (compatible; bingbot/2.0; +http://www.bing.com/bingbot.htm)"
157.55.39.159 - - [20/Aug/2021:06:58:52 +0700] "GET /robots.txt HTTP/2.0" 200 26 "-" "Mozilla/5.0 (compatible; bingbot/2.0; +http://www.bing.com/bingbot.htm)"
207.46.13.76 - - [20/Aug/2021:12:59:55 +0700] "GET /sitemap.xml HTTP/2.0" 200 1820 "-" "Mozilla/5.0 (compatible; bingbot/2.0; +http://www.bing.com/bingbot.htm)"
54.36.148.37 - - [20/Aug/2021:15:15:43 +0700] "GET /robots.txt HTTP/2.0" 200 31 "-" "Mozilla/5.0 (compatible; AhrefsBot/7.0; +http://ahrefs.com/robot/)"
207.46.13.143 - - [20/Aug/2021:16:09:33 +0700] "GET /sitemap.xml.gz HTTP/2.0" 404 146 "-" "Mozilla/5.0 (compatible; bingbot/2.0; +http://www.bing.com/bingbot.htm)"
207.46.13.50 - - [20/Aug/2021:16:46:54 +0700] "GET /sitemap.txt HTTP/2.0" 404 146 "-" "Mozilla/5.0 (compatible; bingbot/2.0; +http://www.bing.com/bingbot.htm)"
93.158.161.69 - - [20/Aug/2021:18:01:39 +0700] "GET /robots.txt HTTP/1.1" 200 26 "-" "Mozilla/5.0 (compatible; YandexBot/3.0; +http://yandex.com/bots)"
207.46.13.80 - - [21/Aug/2021:07:04:11 +0700] "GET /sitemap_index.xml HTTP/1.0" 404 1191 "-" "Mozilla/5.0 (compatible; bingbot/2.0; +http://www.bing.com/bingbot.htm)"
207.46.13.76 - - [21/Aug/2021:07:08:09 +0700] "GET /sitemap.xml HTTP/1.0" 200 507 "-" "Mozilla/5.0 (compatible; bingbot/2.0; +http://www.bing.com/bingbot.htm)"
54.244.39.129 - - [21/Aug/2021:10:25:23 +0700] "GET / HTTP/1.0" 200 9805 "-" "Mozilla/5.0 (X11; Linux x86_64) AppleWebKit/537.36 (KHTML, like Gecko) Chrome/83.0.4103.97 Safari/537.36"
207.46.13.50 - - [21/Aug/2021:12:00:52 +0700] "GET /atom.xml HTTP/1.0" 404 1191 "-" "Mozilla/5.0 (compatible; bingbot/2.0; +http://www.bing.com/bingbot.htm)"
66.249.68.60 - - [21/Aug/2021:14:03:32 +0700] "GET / HTTP/1.0" 200 9803 "-" "Mozilla/5.0 (compatible; Googlebot/2.1; +http://www.google.com/bot.html)"
66.249.68.58 - - [21/Aug/2021:14:04:31 +0700] "GET / HTTP/1.0" 200 9809 "-" "Mozilla/5.0 (Linux; Android 6.0.1; Nexus 5X Build/MMB29P) AppleWebKit/537.36 (KHTML, like Gecko) Chrome/92.0.4515.119 Mobile Safari/537.36 (compatible; Googlebot/2.1; +http://www.google.com/bot.html)"
207.46.13.50 - - [21/Aug/2021:17:07:41 +0700] "GET /sitemaps.xml HTTP/1.0" 404 1191 "-" "Mozilla/5.0 (compatible; bingbot/2.0; +http://www.bing.com/bingbot.htm)"
54.36.149.44 - - [21/Aug/2021:18:51:03 +0700] "GET / HTTP/1.0" 200 9813 "-" "Mozilla/5.0 (compatible; AhrefsBot/7.0; +http://ahrefs.com/robot/)"
207.46.13.80 - - [21/Aug/2021:19:37:53 +0700] "GET /sitemap_index.xml HTTP/1.0" 404 1191 "-" "Mozilla/5.0 (compatible; bingbot/2.0; +http://www.bing.com/bingbot.htm)"
207.46.13.76 - - [22/Aug/2021:02:17:31 +0700] "GET /sitemap.xml HTTP/1.0" 200 507 "-" "Mozilla/5.0 (compatible; bingbot/2.0; +http://www.bing.com/bingbot.htm)"
207.46.13.76 - - [21/Aug/2021:07:08:09 +0700] "GET /sitemap.xml HTTP/2.0" 200 1820 "-" "Mozilla/5.0 (compatible; bingbot/2.0; +http://www.bing.com/bingbot.htm)"
207.46.13.143 - - [21/Aug/2021:10:16:26 +0700] "GET /sitemap.xml.gz HTTP/2.0" 404 146 "-" "Mozilla/5.0 (compatible; bingbot/2.0; +http://www.bing.com/bingbot.htm)"
207.46.13.50 - - [21/Aug/2021:10:53:15 +0700] "GET /sitemap.txt HTTP/2.0" 404 146 "-" "Mozilla/5.0 (compatible; bingbot/2.0; +http://www.bing.com/bingbot.htm)"
66.249.68.62 - - [21/Aug/2021:14:03:32 +0700] "GET /robots.txt HTTP/1.1" 200 42 "-" "Mozilla/5.0 (compatible; Googlebot/2.1; +http://www.google.com/bot.html)"
66.249.68.58 - - [21/Aug/2021:14:03:44 +0700] "GET /css/plugin/venobox/venobox.css HTTP/1.1" 200 2884 "https://www.vietnambim.com/" "Mozilla/5.0 AppleWebKit/537.36 (KHTML, like Gecko; compatible; Googlebot/2.1; +http://www.google.com/bot.html) Chrome/92.0.4515.119 Safari/537.36"
66.249.68.60 - - [21/Aug/2021:14:03:45 +0700] "GET /css/plugin/aos/aos.css HTTP/1.1" 200 5659 "https://www.vietnambim.com/" "Mozilla/5.0 AppleWebKit/537.36 (KHTML, like Gecko; compatible; Googlebot/2.1; +http://www.google.com/bot.html) Chrome/92.0.4515.119 Safari/537.36"
66.249.68.58 - - [21/Aug/2021:14:03:46 +0700] "GET /css/plugin/font-awesome/font-awesome.min.css HTTP/1.1" 200 6859 "https://www.vietnambim.com/" "Mozilla/5.0 AppleWebKit/537.36 (KHTML, like Gecko; compatible; Googlebot/2.1; +http://www.google.com/bot.html) Chrome/92.0.4515.119 Safari/537.36"
66.249.68.58 - - [21/Aug/2021:14:03:47 +0700] "GET /js/plugin/slick/slick.min.js HTTP/1.1" 200 11439 "https://www.vietnambim.com/" "Mozilla/5.0 AppleWebKit/537.36 (KHTML, like Gecko; compatible; Googlebot/2.1; +http://www.google.com/bot.html) Chrome/92.0.4515.119 Safari/537.36"
66.249.68.58 - - [21/Aug/2021:14:03:49 +0700] "GET /css/plugin/slick/slick.css HTTP/1.1" 200 472 "https://www.vietnambim.com/" "Mozilla/5.0 AppleWebKit/537.36 (KHTML, like Gecko; compatible; Googlebot/2.1; +http://www.google.com/bot.html) Chrome/92.0.4515.119 Safari/537.36"
66.249.68.58 - - [21/Aug/2021:14:03:50 +0700] "GET /css/frontend/style.css HTTP/1.1" 200 7408 "https://www.vietnambim.com/" "Mozilla/5.0 AppleWebKit/537.36 (KHTML, like Gecko; compatible; Googlebot/2.1; +http://www.google.com/bot.html) Chrome/92.0.4515.119 Safari/537.36"
66.249.68.58 - - [21/Aug/2021:14:03:52 +0700] "GET /js/plugin/venobox/venobox.min.js HTTP/1.1" 200 3912 "https://www.vietnambim.com/" "Mozilla/5.0 AppleWebKit/537.36 (KHTML, like Gecko; compatible; Googlebot/2.1; +http://www.google.com/bot.html) Chrome/92.0.4515.119 Safari/537.36"
66.249.68.58 - - [21/Aug/2021:14:03:53 +0700] "GET /js/plugin/bootstrap/bootstrap.min.js HTTP/1.1" 200 22957 "https://www.vietnambim.com/" "Mozilla/5.0 AppleWebKit/537.36 (KHTML, like Gecko; compatible; Googlebot/2.1; +http://www.google.com/bot.html) Chrome/92.0.4515.119 Safari/537.36"
66.249.68.58 - - [21/Aug/2021:14:03:55 +0700] "GET /js/plugin/aos/aos.js HTTP/1.1" 200 4806 "https://www.vietnambim.com/" "Mozilla/5.0 AppleWebKit/537.36 (KHTML, like Gecko; compatible; Googlebot/2.1; +http://www.google.com/bot.html) Chrome/92.0.4515.119 Safari/537.36"
66.249.68.58 - - [21/Aug/2021:14:04:39 +0700] "GET /js/plugin/jQuery/jquery.min.js HTTP/1.1" 200 34501 "https://www.vietnambim.com/" "Mozilla/5.0 (Linux; Android 6.0.1; Nexus 5X Build/MMB29P) AppleWebKit/537.36 (KHTML, like Gecko) Chrome/92.0.4515.119 Mobile Safari/537.36 (compatible; Googlebot/2.1; +http://www.google.com/bot.html)"
66.249.68.58 - - [21/Aug/2021:14:04:40 +0700] "GET /js/plugin/bootstrap/bootstrap.min.js HTTP/1.1" 200 22957 "https://www.vietnambim.com/" "Mozilla/5.0 (Linux; Android 6.0.1; Nexus 5X Build/MMB29P) AppleWebKit/537.36 (KHTML, like Gecko) Chrome/92.0.4515.119 Mobile Safari/537.36 (compatible; Googlebot/2.1; +http://www.google.com/bot.html)"
66.249.68.60 - - [21/Aug/2021:14:04:41 +0700] "GET /js/frontend/frontend.js HTTP/1.1" 200 847 "https://www.vietnambim.com/" "Mozilla/5.0 (Linux; Android 6.0.1; Nexus 5X Build/MMB29P) AppleWebKit/537.36 (KHTML, like Gecko) Chrome/92.0.4515.119 Mobile Safari/537.36 (compatible; Googlebot/2.1; +http://www.google.com/bot.html)"
66.249.68.58 - - [21/Aug/2021:14:04:42 +0700] "GET /css/plugin/bootstrap/bootstrap.min.css HTTP/1.1" 200 20627 "https://www.vietnambim.com/" "Mozilla/5.0 (Linux; Android 6.0.1; Nexus 5X Build/MMB29P) AppleWebKit/537.36 (KHTML, like Gecko) Chrome/92.0.4515.119 Mobile Safari/537.36 (compatible; Googlebot/2.1; +http://www.google.com/bot.html)"
66.249.68.58 - - [21/Aug/2021:14:04:43 +0700] "GET /js/frontend/jquery.min.js HTTP/1.1" 200 32254 "https://www.vietnambim.com/" "Mozilla/5.0 (Linux; Android 6.0.1; Nexus 5X Build/MMB29P) AppleWebKit/537.36 (KHTML, like Gecko) Chrome/92.0.4515.119 Mobile Safari/537.36 (compatible; Googlebot/2.1; +http://www.google.com/bot.html)"
54.36.149.78 - - [21/Aug/2021:18:51:02 +0700] "GET /robots.txt HTTP/2.0" 200 31 "-" "Mozilla/5.0 (compatible; AhrefsBot/7.0; +http://ahrefs.com/robot/)"
207.46.13.76 - - [22/Aug/2021:02:17:31 +0700] "GET /sitemap.xml HTTP/2.0" 200 1820 "-" "Mozilla/5.0 (compatible; bingbot/2.0; +http://www.bing.com/bingbot.htm)"
124.126.78.166 - - [22/Aug/2021:03:57:08 +0700] "GET / HTTP/1.0" 200 62199 "-" "Mozilla/5.0 (Linux; Android 7.0; HUAWEI P20 Build/816.012) AppleWebKit/537.36 (KHTML, like Gecko) Chrome/87.0.4472.114 Mobile Safari/537.36"
207.46.13.50 - - [22/Aug/2021:07:29:24 +0700] "GET /atom.xml HTTP/1.0" 404 1191 "-" "Mozilla/5.0 (compatible; bingbot/2.0; +http://www.bing.com/bingbot.htm)"
35.165.38.84 - - [22/Aug/2021:10:44:35 +0700] "GET / HTTP/1.0" 200 9802 "-" "Mozilla/5.0 (X11; Linux x86_64) AppleWebKit/537.36 (KHTML, like Gecko) Chrome/83.0.4103.97 Safari/537.36"
54.244.6.95 - - [22/Aug/2021:10:51:15 +0700] "GET / HTTP/1.0" 200 9822 "-" "Mozilla/5.0 (X11; Linux x86_64) AppleWebKit/537.36 (KHTML, like Gecko) Chrome/83.0.4103.97 Safari/537.36"
207.46.13.50 - - [22/Aug/2021:14:35:04 +0700] "GET /sitemaps.xml HTTP/1.0" 404 1191 "-" "Mozilla/5.0 (compatible; bingbot/2.0; +http://www.bing.com/bingbot.htm)"
207.46.13.80 - - [22/Aug/2021:16:06:50 +0700] "GET /sitemap_index.xml HTTP/1.0" 404 1191 "-" "Mozilla/5.0 (compatible; bingbot/2.0; +http://www.bing.com/bingbot.htm)"
207.46.13.50 - - [22/Aug/2021:16:32:25 +0700] "GET /sitemaps.xml HTTP/1.0" 404 1191 "-" "Mozilla/5.0 (compatible; bingbot/2.0; +http://www.bing.com/bingbot.htm)"
207.46.13.76 - - [22/Aug/2021:20:38:48 +0700] "GET /sitemap.xml HTTP/1.0" 200 507 "-" "Mozilla/5.0 (compatible; bingbot/2.0; +http://www.bing.com/bingbot.htm)"
207.46.13.80 - - [22/Aug/2021:21:18:11 +0700] "GET /sitemap_index.xml HTTP/1.0" 404 1191 "-" "Mozilla/5.0 (compatible; bingbot/2.0; +http://www.bing.com/bingbot.htm)"
207.46.13.50 - - [23/Aug/2021:01:34:26 +0700] "GET /atom.xml HTTP/1.0" 404 1191 "-" "Mozilla/5.0 (compatible; bingbot/2.0; +http://www.bing.com/bingbot.htm)"
124.126.78.166 - - [22/Aug/2021:03:57:17 +0700] "GET /js/frontend/frontend.js HTTP/1.1" 200 5114 "-" "Mozilla/5.0 (Linux; Android 8.0; HUAWEI P20 Build/23112) AppleWebKit/537.36 (KHTML, like Gecko) Chrome/86.0.4472.114 Mobile Safari/537.36 Edg/86"
124.126.78.166 - - [22/Aug/2021:03:57:17 +0700] "GET /js/plugin/aos/aos.js HTTP/1.1" 200 23735 "-" "Mozilla/5.0 (Linux; Android 9.0; LG G2 Build/012) AppleWebKit/537.36 (KHTML, like Gecko) Chrome/87.0.4472.114 Mobile Safari/537.36 Edg/97"
207.46.13.143 - - [22/Aug/2021:05:35:16 +0700] "GET /sitemap.xml.gz HTTP/2.0" 404 146 "-" "Mozilla/5.0 (compatible; bingbot/2.0; +http://www.bing.com/bingbot.htm)"
207.46.13.50 - - [22/Aug/2021:06:13:16 +0700] "GET /sitemap.txt HTTP/2.0" 404 146 "-" "Mozilla/5.0 (compatible; bingbot/2.0; +http://www.bing.com/bingbot.htm)"
157.55.39.159 - - [22/Aug/2021:07:29:12 +0700] "GET /robots.txt HTTP/2.0" 200 26 "-" "Mozilla/5.0 (compatible; bingbot/2.0; +http://www.bing.com/bingbot.htm)"
157.55.39.159 - - [22/Aug/2021:07:29:13 +0700] "GET /robots.txt HTTP/2.0" 200 26 "-" "Mozilla/5.0 (compatible; bingbot/2.0; +http://www.bing.com/bingbot.htm)"
207.46.13.76 - - [22/Aug/2021:20:38:48 +0700] "GET /sitemap.xml HTTP/2.0" 200 1820 "-" "Mozilla/5.0 (compatible; bingbot/2.0; +http://www.bing.com/bingbot.htm)"
207.46.13.143 - - [22/Aug/2021:23:46:30 +0700] "GET /sitemap.xml.gz HTTP/2.0" 404 146 "-" "Mozilla/5.0 (compatible; bingbot/2.0; +http://www.bing.com/bingbot.htm)"
207.46.13.50 - - [23/Aug/2021:00:27:50 +0700] "GET /sitemap.txt HTTP/2.0" 404 146 "-" "Mozilla/5.0 (compatible; bingbot/2.0; +http://www.bing.com/bingbot.htm)"
54.36.149.105 - - [23/Aug/2021:05:22:04 +0700] "GET / HTTP/1.0" 200 9941 "-" "Mozilla/5.0 (compatible; AhrefsBot/7.0; +http://ahrefs.com/robot/)"
207.46.13.50 - - [23/Aug/2021:08:34:17 +0700] "GET /sitemaps.xml HTTP/1.0" 404 1191 "-" "Mozilla/5.0 (compatible; bingbot/2.0; +http://www.bing.com/bingbot.htm)"
207.46.13.80 - - [23/Aug/2021:10:03:24 +0700] "GET /sitemap_index.xml HTTP/1.0" 404 1191 "-" "Mozilla/5.0 (compatible; bingbot/2.0; +http://www.bing.com/bingbot.htm)"
54.200.128.20 - - [23/Aug/2021:10:28:15 +0700] "GET / HTTP/1.0" 200 9930 "-" "Mozilla/5.0 (X11; Linux x86_64) AppleWebKit/537.36 (KHTML, like Gecko) Chrome/83.0.4103.97 Safari/537.36"
93.158.161.69 - - [23/Aug/2021:10:44:47 +0700] "GET / HTTP/1.0" 200 9932 "-" "Mozilla/5.0 (compatible; YandexBot/3.0; +http://yandex.com/bots)"
207.46.13.76 - - [23/Aug/2021:14:42:54 +0700] "GET /sitemap.xml HTTP/1.0" 200 507 "-" "Mozilla/5.0 (compatible; bingbot/2.0; +http://www.bing.com/bingbot.htm)"
207.46.13.50 - - [23/Aug/2021:19:34:10 +0700] "GET /atom.xml HTTP/1.0" 404 1191 "-" "Mozilla/5.0 (compatible; bingbot/2.0; +http://www.bing.com/bingbot.htm)"
54.36.149.6 - - [23/Aug/2021:05:22:03 +0700] "GET /robots.txt HTTP/2.0" 200 31 "-" "Mozilla/5.0 (compatible; AhrefsBot/7.0; +http://ahrefs.com/robot/)"
93.158.161.69 - - [23/Aug/2021:10:44:44 +0700] "GET /robots.txt HTTP/1.1" 200 26 "-" "Mozilla/5.0 (compatible; YandexBot/3.0; +http://yandex.com/bots)"
207.46.13.76 - - [23/Aug/2021:14:42:54 +0700] "GET /sitemap.xml HTTP/2.0" 200 1820 "-" "Mozilla/5.0 (compatible; bingbot/2.0; +http://www.bing.com/bingbot.htm)"
207.46.13.143 - - [23/Aug/2021:17:51:43 +0700] "GET /sitemap.xml.gz HTTP/2.0" 404 146 "-" "Mozilla/5.0 (compatible; bingbot/2.0; +http://www.bing.com/bingbot.htm)"
207.46.13.50 - - [23/Aug/2021:18:27:54 +0700] "GET /sitemap.txt HTTP/2.0" 404 146 "-" "Mozilla/5.0 (compatible; bingbot/2.0; +http://www.bing.com/bingbot.htm)"
207.46.13.50 - - [24/Aug/2021:07:58:31 +0700] "GET /sitemaps.xml HTTP/1.0" 404 1191 "-" "Mozilla/5.0 (compatible; bingbot/2.0; +http://www.bing.com/bingbot.htm)"
207.46.13.80 - - [24/Aug/2021:09:29:29 +0700] "GET /sitemap_index.xml HTTP/1.0" 404 1191 "-" "Mozilla/5.0 (compatible; bingbot/2.0; +http://www.bing.com/bingbot.htm)"
54.244.13.89 - - [24/Aug/2021:10:37:38 +0700] "GET / HTTP/1.0" 200 9923 "-" "Mozilla/5.0 (X11; Linux x86_64) AppleWebKit/537.36 (KHTML, like Gecko) Chrome/83.0.4103.97 Safari/537.36"
54.188.112.102 - - [24/Aug/2021:10:38:27 +0700] "GET / HTTP/1.0" 200 9931 "-" "Mozilla/5.0 (X11; Linux x86_64) AppleWebKit/537.36 (KHTML, like Gecko) Chrome/83.0.4103.97 Safari/537.36"
207.46.13.76 - - [24/Aug/2021:13:53:50 +0700] "GET /sitemap.xml HTTP/1.0" 200 507 "-" "Mozilla/5.0 (compatible; bingbot/2.0; +http://www.bing.com/bingbot.htm)"
207.46.13.50 - - [24/Aug/2021:18:45:53 +0700] "GET /atom.xml HTTP/1.0" 404 1191 "-" "Mozilla/5.0 (compatible; bingbot/2.0; +http://www.bing.com/bingbot.htm)"
207.46.13.80 - - [24/Aug/2021:19:23:16 +0700] "GET /sitemap_index.xml HTTP/1.0" 404 1191 "-" "Mozilla/5.0 (compatible; bingbot/2.0; +http://www.bing.com/bingbot.htm)"
207.46.13.50 - - [24/Aug/2021:20:39:03 +0700] "GET /sitemaps.xml HTTP/1.0" 404 1191 "-" "Mozilla/5.0 (compatible; bingbot/2.0; +http://www.bing.com/bingbot.htm)"
54.36.149.96 - - [24/Aug/2021:22:17:37 +0700] "GET / HTTP/1.0" 200 9954 "-" "Mozilla/5.0 (compatible; AhrefsBot/7.0; +http://ahrefs.com/robot/)"
207.46.13.50 - - [24/Aug/2021:23:13:39 +0700] "GET /sitemaps.xml HTTP/1.0" 404 1191 "-" "Mozilla/5.0 (compatible; bingbot/2.0; +http://www.bing.com/bingbot.htm)"
207.46.13.80 - - [25/Aug/2021:00:43:57 +0700] "GET /sitemap_index.xml HTTP/1.0" 404 1191 "-" "Mozilla/5.0 (compatible; bingbot/2.0; +http://www.bing.com/bingbot.htm)"
157.55.39.159 - - [24/Aug/2021:07:58:26 +0700] "GET /robots.txt HTTP/2.0" 200 26 "-" "Mozilla/5.0 (compatible; bingbot/2.0; +http://www.bing.com/bingbot.htm)"
157.55.39.159 - - [24/Aug/2021:07:58:27 +0700] "GET /robots.txt HTTP/2.0" 200 26 "-" "Mozilla/5.0 (compatible; bingbot/2.0; +http://www.bing.com/bingbot.htm)"
207.46.13.76 - - [24/Aug/2021:13:53:50 +0700] "GET /sitemap.xml HTTP/2.0" 200 1820 "-" "Mozilla/5.0 (compatible; bingbot/2.0; +http://www.bing.com/bingbot.htm)"
51.15.56.119 - - [24/Aug/2021:14:35:38 +0700] "GET /.well-known/security.txt HTTP/2.0" 404 146 "-" "Mozilla/5.0 (Windows NT 10.0; Win64; x64) https://tools.ietf.org/html/draft-foudil-securitytxt-10"
207.46.13.143 - - [24/Aug/2021:17:04:17 +0700] "GET /sitemap.xml.gz HTTP/2.0" 404 146 "-" "Mozilla/5.0 (compatible; bingbot/2.0; +http://www.bing.com/bingbot.htm)"
207.46.13.50 - - [24/Aug/2021:17:39:57 +0700] "GET /sitemap.txt HTTP/2.0" 404 146 "-" "Mozilla/5.0 (compatible; bingbot/2.0; +http://www.bing.com/bingbot.htm)"
54.36.148.176 - - [24/Aug/2021:22:17:31 +0700] "GET /robots.txt HTTP/2.0" 200 31 "-" "Mozilla/5.0 (compatible; AhrefsBot/7.0; +http://ahrefs.com/robot/)"
207.46.13.143 - - [25/Aug/2021:00:08:47 +0700] "GET /sitemap.xml.gz HTTP/2.0" 404 146 "-" "Mozilla/5.0 (compatible; bingbot/2.0; +http://www.bing.com/bingbot.htm)"
207.46.13.76 - - [25/Aug/2021:05:13:40 +0700] "GET /sitemap.xml HTTP/1.0" 200 507 "-" "Mozilla/5.0 (compatible; bingbot/2.0; +http://www.bing.com/bingbot.htm)"
207.46.13.50 - - [25/Aug/2021:10:18:02 +0700] "GET /atom.xml HTTP/1.0" 404 1191 "-" "Mozilla/5.0 (compatible; bingbot/2.0; +http://www.bing.com/bingbot.htm)"
54.189.193.11 - - [25/Aug/2021:10:26:34 +0700] "GET / HTTP/1.0" 200 9925 "-" "Mozilla/5.0 (X11; Linux x86_64) AppleWebKit/537.36 (KHTML, like Gecko) Chrome/83.0.4103.97 Safari/537.36"
54.213.206.158 - - [25/Aug/2021:10:26:36 +0700] "GET / HTTP/1.0" 200 9911 "-" "Mozilla/5.0 (X11; Linux x86_64) AppleWebKit/537.36 (KHTML, like Gecko) Chrome/83.0.4103.97 Safari/537.36"
54.213.206.158 - - [25/Aug/2021:10:26:52 +0700] "GET / HTTP/1.0" 200 9938 "-" "Mozilla/5.0 (X11; Linux x86_64) AppleWebKit/537.36 (KHTML, like Gecko) Chrome/83.0.4103.97 Safari/537.36"
34.219.8.148 - - [25/Aug/2021:10:37:59 +0700] "GET / HTTP/1.0" 200 9919 "-" "Mozilla/5.0 (X11; Linux x86_64) AppleWebKit/537.36 (KHTML, like Gecko) Chrome/83.0.4103.97 Safari/537.36"
34.217.116.243 - - [25/Aug/2021:10:39:02 +0700] "GET / HTTP/1.0" 200 9946 "-" "Mozilla/5.0 (X11; Linux x86_64) AppleWebKit/537.36 (KHTML, like Gecko) Chrome/83.0.4103.97 Safari/537.36"
34.219.8.148 - - [25/Aug/2021:10:41:07 +0700] "GET / HTTP/1.0" 200 9929 "-" "Mozilla/5.0 (X11; Linux x86_64) AppleWebKit/537.36 (KHTML, like Gecko) Chrome/83.0.4103.97 Safari/537.36"
35.161.109.244 - - [25/Aug/2021:11:27:54 +0700] "GET / HTTP/1.0" 200 9941 "-" "Mozilla/5.0 (X11; Linux x86_64) AppleWebKit/537.36 (KHTML, like Gecko) Chrome/83.0.4103.97 Safari/537.36"
35.161.109.244 - - [25/Aug/2021:11:29:22 +0700] "GET / HTTP/1.0" 200 9928 "-" "Mozilla/5.0 (X11; Linux x86_64) AppleWebKit/537.36 (KHTML, like Gecko) Chrome/83.0.4103.97 Safari/537.36"
54.185.51.140 - - [25/Aug/2021:11:29:38 +0700] "GET / HTTP/1.0" 200 9919 "-" "Mozilla/5.0 (X11; Linux x86_64) AppleWebKit/537.36 (KHTML, like Gecko) Chrome/83.0.4103.97 Safari/537.36"
176.34.162.105 - - [25/Aug/2021:13:03:30 +0700] "GET / HTTP/1.0" 200 62420 "-" "webprosbot/2.0 (+mailto:abuse-6337@webpros.com)"
207.46.13.50 - - [25/Aug/2021:14:14:05 +0700] "GET /atom.xml HTTP/1.0" 404 1191 "-" "Mozilla/5.0 (compatible; bingbot/2.0; +http://www.bing.com/bingbot.htm)"
207.46.13.50 - - [25/Aug/2021:20:27:42 +0700] "GET /sitemaps.xml HTTP/1.0" 404 1191 "-" "Mozilla/5.0 (compatible; bingbot/2.0; +http://www.bing.com/bingbot.htm)"
207.46.13.80 - - [25/Aug/2021:21:58:38 +0700] "GET /sitemap_index.xml HTTP/1.0" 404 1191 "-" "Mozilla/5.0 (compatible; bingbot/2.0; +http://www.bing.com/bingbot.htm)"
207.46.13.76 - - [26/Aug/2021:02:28:15 +0700] "GET /sitemap.xml HTTP/1.0" 200 507 "-" "Mozilla/5.0 (compatible; bingbot/2.0; +http://www.bing.com/bingbot.htm)"
207.46.13.76 - - [25/Aug/2021:05:13:40 +0700] "GET /sitemap.xml HTTP/2.0" 200 1820 "-" "Mozilla/5.0 (compatible; bingbot/2.0; +http://www.bing.com/bingbot.htm)"
207.46.13.50 - - [25/Aug/2021:08:04:09 +0700] "GET /sitemap.txt HTTP/2.0" 404 146 "-" "Mozilla/5.0 (compatible; bingbot/2.0; +http://www.bing.com/bingbot.htm)"
207.46.13.143 - - [25/Aug/2021:08:22:14 +0700] "GET /sitemap.xml.gz HTTP/2.0" 404 146 "-" "Mozilla/5.0 (compatible; bingbot/2.0; +http://www.bing.com/bingbot.htm)"
207.46.13.50 - - [25/Aug/2021:09:02:04 +0700] "GET /sitemap.txt HTTP/2.0" 404 146 "-" "Mozilla/5.0 (compatible; bingbot/2.0; +http://www.bing.com/bingbot.htm)"
176.34.162.105 - - [25/Aug/2021:13:03:00 +0700] "GET /robots.txt HTTP/1.1" 200 26 "-" "webprosbot/2.0 (+mailto:abuse-6337@webpros.com)"
207.46.13.143 - - [25/Aug/2021:21:10:58 +0700] "GET /sitemap.xml.gz HTTP/2.0" 404 146 "-" "Mozilla/5.0 (compatible; bingbot/2.0; +http://www.bing.com/bingbot.htm)"
207.46.13.76 - - [26/Aug/2021:02:28:15 +0700] "GET /sitemap.xml HTTP/2.0" 200 1820 "-" "Mozilla/5.0 (compatible; bingbot/2.0; +http://www.bing.com/bingbot.htm)"
207.46.13.50 - - [26/Aug/2021:07:27:53 +0700] "GET /atom.xml HTTP/1.0" 404 1191 "-" "Mozilla/5.0 (compatible; bingbot/2.0; +http://www.bing.com/bingbot.htm)"
54.36.148.210 - - [26/Aug/2021:10:10:50 +0700] "GET / HTTP/1.0" 200 9932 "-" "Mozilla/5.0 (compatible; AhrefsBot/7.0; +http://ahrefs.com/robot/)"
207.46.13.50 - - [26/Aug/2021:11:17:15 +0700] "GET /sitemaps.xml HTTP/1.0" 404 1191 "-" "Mozilla/5.0 (compatible; bingbot/2.0; +http://www.bing.com/bingbot.htm)"
207.46.13.80 - - [26/Aug/2021:12:20:42 +0700] "GET /sitemap_index.xml HTTP/1.0" 404 1191 "-" "Mozilla/5.0 (compatible; bingbot/2.0; +http://www.bing.com/bingbot.htm)"
207.46.13.50 - - [26/Aug/2021:17:38:11 +0700] "GET /sitemaps.xml HTTP/1.0" 404 1191 "-" "Mozilla/5.0 (compatible; bingbot/2.0; +http://www.bing.com/bingbot.htm)"
207.46.13.80 - - [26/Aug/2021:19:52:16 +0700] "GET /sitemap_index.xml HTTP/1.0" 404 1191 "-" "Mozilla/5.0 (compatible; bingbot/2.0; +http://www.bing.com/bingbot.htm)"
207.46.13.76 - - [27/Aug/2021:02:45:08 +0700] "GET /sitemap.xml HTTP/1.0" 200 507 "-" "Mozilla/5.0 (compatible; bingbot/2.0; +http://www.bing.com/bingbot.htm)"
207.46.13.143 - - [26/Aug/2021:05:34:55 +0700] "GET /sitemap.xml.gz HTTP/2.0" 404 146 "-" "Mozilla/5.0 (compatible; bingbot/2.0; +http://www.bing.com/bingbot.htm)"
207.46.13.50 - - [26/Aug/2021:06:11:26 +0700] "GET /sitemap.txt HTTP/2.0" 404 146 "-" "Mozilla/5.0 (compatible; bingbot/2.0; +http://www.bing.com/bingbot.htm)"
54.36.148.214 - - [26/Aug/2021:10:10:48 +0700] "GET /robots.txt HTTP/2.0" 200 31 "-" "Mozilla/5.0 (compatible; AhrefsBot/7.0; +http://ahrefs.com/robot/)"
157.55.39.159 - - [26/Aug/2021:11:17:04 +0700] "GET /robots.txt HTTP/2.0" 200 26 "-" "Mozilla/5.0 (compatible; bingbot/2.0; +http://www.bing.com/bingbot.htm)"
157.55.39.159 - - [26/Aug/2021:11:17:05 +0700] "GET /robots.txt HTTP/2.0" 200 26 "-" "Mozilla/5.0 (compatible; bingbot/2.0; +http://www.bing.com/bingbot.htm)"
207.46.13.76 - - [27/Aug/2021:02:45:08 +0700] "GET /sitemap.xml HTTP/2.0" 200 1820 "-" "Mozilla/5.0 (compatible; bingbot/2.0; +http://www.bing.com/bingbot.htm)"
137.226.113.44 - - [27/Aug/2021:05:48:49 +0700] "GET / HTTP/1.0" 200 9959 "-" "Mozilla/5.0 (X11; Linux x86_64; rv:84.0) Gecko/20100101 Firefox/84.0"
75.119.129.90 - - [27/Aug/2021:06:46:26 +0700] "GET / HTTP/1.0" 200 62602 "-" "Mozilla/5.0 (Windows NT 10.0; Win64; x64) AppleWebKit/537.36 (KHTML, like Gecko) Chrome/91.0.4472.77 Safari/537.36"
207.46.13.50 - - [27/Aug/2021:07:49:12 +0700] "GET /atom.xml HTTP/1.0" 404 1191 "-" "Mozilla/5.0 (compatible; bingbot/2.0; +http://www.bing.com/bingbot.htm)"
185.130.104.185 - - [27/Aug/2021:09:03:22 +0700] "GET / HTTP/1.0" 200 9950 "-" "Mozilla/5.0 (Windows NT 10.0; Win64; x64) AppleWebKit/537.36 (KHTML, like Gecko) Chrome/90.0.4430.93 Safari/537.36"
54.191.198.55 - - [27/Aug/2021:10:10:56 +0700] "GET / HTTP/1.0" 200 9919 "-" "Mozilla/5.0 (X11; Linux x86_64) AppleWebKit/537.36 (KHTML, like Gecko) Chrome/83.0.4103.97 Safari/537.36"
54.191.198.55 - - [27/Aug/2021:10:11:48 +0700] "GET / HTTP/1.0" 200 9934 "-" "Mozilla/5.0 (X11; Linux x86_64) AppleWebKit/537.36 (KHTML, like Gecko) Chrome/83.0.4103.97 Safari/537.36"
54.149.125.44 - - [27/Aug/2021:10:30:50 +0700] "GET / HTTP/1.0" 200 9946 "-" "Mozilla/5.0 (X11; Linux x86_64) AppleWebKit/537.36 (KHTML, like Gecko) Chrome/83.0.4103.97 Safari/537.36"
54.149.125.44 - - [27/Aug/2021:10:31:56 +0700] "GET / HTTP/1.0" 200 9926 "-" "Mozilla/5.0 (X11; Linux x86_64) AppleWebKit/537.36 (KHTML, like Gecko) Chrome/83.0.4103.97 Safari/537.36"
207.46.13.50 - - [27/Aug/2021:15:25:57 +0700] "GET /sitemaps.xml HTTP/1.0" 404 1191 "-" "Mozilla/5.0 (compatible; bingbot/2.0; +http://www.bing.com/bingbot.htm)"
207.46.13.80 - - [27/Aug/2021:16:56:28 +0700] "GET /sitemap_index.xml HTTP/1.0" 404 1191 "-" "Mozilla/5.0 (compatible; bingbot/2.0; +http://www.bing.com/bingbot.htm)"
207.46.13.76 - - [27/Aug/2021:21:21:27 +0700] "GET /sitemap.xml HTTP/1.0" 200 507 "-" "Mozilla/5.0 (compatible; bingbot/2.0; +http://www.bing.com/bingbot.htm)"
54.36.148.227 - - [27/Aug/2021:23:09:11 +0700] "GET / HTTP/1.0" 200 9930 "-" "Mozilla/5.0 (compatible; AhrefsBot/7.0; +http://ahrefs.com/robot/)"
207.46.13.50 - - [28/Aug/2021:02:15:28 +0700] "GET /atom.xml HTTP/1.0" 404 1191 "-" "Mozilla/5.0 (compatible; bingbot/2.0; +http://www.bing.com/bingbot.htm)"
207.46.13.143 - - [27/Aug/2021:06:01:56 +0700] "GET /sitemap.xml.gz HTTP/2.0" 404 146 "-" "Mozilla/5.0 (compatible; bingbot/2.0; +http://www.bing.com/bingbot.htm)"
207.46.13.50 - - [27/Aug/2021:06:38:45 +0700] "GET /sitemap.txt HTTP/2.0" 404 146 "-" "Mozilla/5.0 (compatible; bingbot/2.0; +http://www.bing.com/bingbot.htm)"
138.246.253.24 - - [27/Aug/2021:18:30:00 +0700] "GET /robots.txt HTTP/1.1" 200 26 "-" "Mozilla/5.0 (Windows NT 10.0; Win64; x64) AppleWebKit/537.36 (KHTML, like Gecko) Chrome/88.0.4324.146 Safari/537.36"
207.46.13.76 - - [27/Aug/2021:21:21:27 +0700] "GET /sitemap.xml HTTP/2.0" 200 1820 "-" "Mozilla/5.0 (compatible; bingbot/2.0; +http://www.bing.com/bingbot.htm)"
54.36.148.118 - - [27/Aug/2021:23:09:10 +0700] "GET /robots.txt HTTP/2.0" 200 31 "-" "Mozilla/5.0 (compatible; AhrefsBot/7.0; +http://ahrefs.com/robot/)"
207.46.13.143 - - [28/Aug/2021:00:27:41 +0700] "GET /sitemap.xml.gz HTTP/2.0" 404 146 "-" "Mozilla/5.0 (compatible; bingbot/2.0; +http://www.bing.com/bingbot.htm)"
207.46.13.50 - - [28/Aug/2021:01:06:31 +0700] "GET /sitemap.txt HTTP/2.0" 404 146 "-" "Mozilla/5.0 (compatible; bingbot/2.0; +http://www.bing.com/bingbot.htm)"
144.86.173.21 - - [28/Aug/2021:10:14:16 +0700] "GET / HTTP/1.0" 200 62420 "-" "Expanse, a Palo Alto Networks company, searches across the global IPv4 space multiple times per day to identify customers&#39; presences on the Internet. If you would like to be excluded from our scans, please send IP addresses/domains to: scaninfo@paloaltonetworks.com"
54.201.70.100 - - [28/Aug/2021:10:15:26 +0700] "GET / HTTP/1.0" 200 9937 "-" "Mozilla/5.0 (X11; Linux x86_64) AppleWebKit/537.36 (KHTML, like Gecko) Chrome/83.0.4103.97 Safari/537.36"
34.212.31.175 - - [28/Aug/2021:10:16:23 +0700] "GET / HTTP/1.0" 200 9943 "-" "Mozilla/5.0 (X11; Linux x86_64) AppleWebKit/537.36 (KHTML, like Gecko) Chrome/83.0.4103.97 Safari/537.36"
207.46.13.50 - - [28/Aug/2021:10:38:16 +0700] "GET /sitemaps.xml HTTP/1.0" 404 1191 "-" "Mozilla/5.0 (compatible; bingbot/2.0; +http://www.bing.com/bingbot.htm)"
207.46.13.80 - - [28/Aug/2021:12:36:30 +0700] "GET /sitemap_index.xml HTTP/1.0" 404 1191 "-" "Mozilla/5.0 (compatible; bingbot/2.0; +http://www.bing.com/bingbot.htm)"
92.118.160.61 - - [28/Aug/2021:18:46:51 +0700] "GET / HTTP/1.0" 200 62424 "-" "NetSystemsResearch studies the availability of various services across the internet. Our website is netsystemsresearch.com"
207.46.13.76 - - [28/Aug/2021:18:50:53 +0700] "GET /sitemap.xml HTTP/1.0" 200 507 "-" "Mozilla/5.0 (compatible; bingbot/2.0; +http://www.bing.com/bingbot.htm)"
207.46.13.50 - - [28/Aug/2021:23:43:21 +0700] "GET /atom.xml HTTP/1.0" 404 1191 "-" "Mozilla/5.0 (compatible; bingbot/2.0; +http://www.bing.com/bingbot.htm)"
207.46.13.104 - - [29/Aug/2021:02:12:31 +0700] "GET /bai-viet/huong-toi-tu-dong-hoa-trong-viec-tao-mo-hinh-bim-va-quy-trinh-cong-viec-duoc-cai-thien-trong-cac-cong-ty-aec HTTP/1.0" 200 8685 "-" "Mozilla/5.0 (compatible; bingbot/2.0; +http://www.bing.com/bingbot.htm)"
157.55.39.159 - - [28/Aug/2021:12:26:42 +0700] "GET /robots.txt HTTP/2.0" 200 26 "-" "Mozilla/5.0 (compatible; bingbot/2.0; +http://www.bing.com/bingbot.htm)"
157.55.39.159 - - [28/Aug/2021:12:26:43 +0700] "GET /robots.txt HTTP/2.0" 200 26 "-" "Mozilla/5.0 (compatible; bingbot/2.0; +http://www.bing.com/bingbot.htm)"
207.46.13.50 - - [28/Aug/2021:12:26:46 +0700] "GET /sitemap.txt HTTP/2.0" 404 146 "-" "Mozilla/5.0 (compatible; bingbot/2.0; +http://www.bing.com/bingbot.htm)"
207.46.13.143 - - [28/Aug/2021:16:06:12 +0700] "GET /sitemap.xml.gz HTTP/2.0" 404 146 "-" "Mozilla/5.0 (compatible; bingbot/2.0; +http://www.bing.com/bingbot.htm)"
207.46.13.76 - - [28/Aug/2021:18:50:53 +0700] "GET /sitemap.xml HTTP/2.0" 200 1820 "-" "Mozilla/5.0 (compatible; bingbot/2.0; +http://www.bing.com/bingbot.htm)"
207.46.13.143 - - [28/Aug/2021:21:58:36 +0700] "GET /sitemap.xml.gz HTTP/2.0" 404 146 "-" "Mozilla/5.0 (compatible; bingbot/2.0; +http://www.bing.com/bingbot.htm)"
207.46.13.50 - - [28/Aug/2021:22:35:24 +0700] "GET /sitemap.txt HTTP/2.0" 404 146 "-" "Mozilla/5.0 (compatible; bingbot/2.0; +http://www.bing.com/bingbot.htm)"
207.46.13.50 - - [29/Aug/2021:06:27:09 +0700] "GET /sitemaps.xml HTTP/1.0" 404 1191 "-" "Mozilla/5.0 (compatible; bingbot/2.0; +http://www.bing.com/bingbot.htm)"
207.46.13.80 - - [29/Aug/2021:07:57:53 +0700] "GET /sitemap_index.xml HTTP/1.0" 404 1191 "-" "Mozilla/5.0 (compatible; bingbot/2.0; +http://www.bing.com/bingbot.htm)"
157.55.39.155 - - [29/Aug/2021:09:38:22 +0700] "GET /bai-viet/sach-bim-mien-phi-so-tay-bim-danh-cho-chu-dau-tu-nha-quan-ly-don-vi-thiet-ke-nha-thau HTTP/1.0" 200 6638 "-" "Mozilla/5.0 (compatible; bingbot/2.0; +http://www.bing.com/bingbot.htm)"
207.46.13.76 - - [29/Aug/2021:12:29:36 +0700] "GET /sitemap.xml HTTP/1.0" 200 507 "-" "Mozilla/5.0 (compatible; bingbot/2.0; +http://www.bing.com/bingbot.htm)"
207.46.13.121 - - [29/Aug/2021:16:11:15 +0700] "GET /bai-viet/thanh-pho-ai-thanh-pho-tuong-lai-duoc-ho-tro-boi-cac-cong-nghe-moi-nhu-ai-gis-bim HTTP/1.0" 200 8705 "-" "Mozilla/5.0 (compatible; bingbot/2.0; +http://www.bing.com/bingbot.htm)"
54.36.148.105 - - [29/Aug/2021:16:28:36 +0700] "GET / HTTP/1.0" 200 9942 "-" "Mozilla/5.0 (compatible; AhrefsBot/7.0; +http://ahrefs.com/robot/)"
207.46.13.50 - - [29/Aug/2021:17:50:25 +0700] "GET /atom.xml HTTP/1.0" 404 1191 "-" "Mozilla/5.0 (compatible; bingbot/2.0; +http://www.bing.com/bingbot.htm)"
207.46.13.50 - - [29/Aug/2021:21:37:17 +0700] "GET /atom.xml HTTP/1.0" 404 2573 "-" "Mozilla/5.0 (compatible; bingbot/2.0; +http://www.bing.com/bingbot.htm)"
207.46.13.50 - - [29/Aug/2021:21:37:17 +0700] "GET /atom.xml HTTP/1.0" 404 1191 "-" "Mozilla/5.0 (compatible; bingbot/2.0; +http://www.bing.com/bingbot.htm)"
207.46.13.104 - - [29/Aug/2021:23:02:51 +0700] "GET /bai-viet/cach-thuc-phoi-hop-bim-trong-cac-du-an-nha-cao-tang-o-viet-nam HTTP/1.0" 200 9013 "-" "Mozilla/5.0 (compatible; bingbot/2.0; +http://www.bing.com/bingbot.htm)"
207.46.13.143 - - [30/Aug/2021:03:50:08 +0700] "GET /bai-viet/cong-nghe-in-3d-nong-chay-lang-dong-fused-deposition-modelling-fdm HTTP/1.0" 200 8853 "-" "Mozilla/5.0 (compatible; bingbot/2.0; +http://www.bing.com/bingbot.htm)"
207.46.13.50 - - [29/Aug/2021:08:20:41 +0700] "GET /sitemap.txt HTTP/2.0" 404 146 "-" "Mozilla/5.0 (compatible; bingbot/2.0; +http://www.bing.com/bingbot.htm)"
207.46.13.76 - - [29/Aug/2021:12:29:36 +0700] "GET /sitemap.xml HTTP/2.0" 200 1820 "-" "Mozilla/5.0 (compatible; bingbot/2.0; +http://www.bing.com/bingbot.htm)"
207.46.13.143 - - [29/Aug/2021:15:56:09 +0700] "GET /sitemap.xml.gz HTTP/2.0" 404 146 "-" "Mozilla/5.0 (compatible; bingbot/2.0; +http://www.bing.com/bingbot.htm)"
54.36.148.150 - - [29/Aug/2021:16:28:35 +0700] "GET /robots.txt HTTP/2.0" 200 31 "-" "Mozilla/5.0 (compatible; AhrefsBot/7.0; +http://ahrefs.com/robot/)"
207.46.13.50 - - [29/Aug/2021:16:39:28 +0700] "GET /sitemap.txt HTTP/2.0" 404 146 "-" "Mozilla/5.0 (compatible; bingbot/2.0; +http://www.bing.com/bingbot.htm)"
207.46.13.80 - - [30/Aug/2021:04:58:12 +0700] "GET /architectural-3d-rendering-and-walkthrough/ HTTP/1.0" 301 791 "-" "Mozilla/5.0 (compatible; bingbot/2.0; +http://www.bing.com/bingbot.htm)"
207.46.13.50 - - [30/Aug/2021:05:43:23 +0700] "GET /sitemaps.xml HTTP/1.0" 404 1191 "-" "Mozilla/5.0 (compatible; bingbot/2.0; +http://www.bing.com/bingbot.htm)"
207.46.13.80 - - [30/Aug/2021:07:11:46 +0700] "GET /sitemap_index.xml HTTP/1.0" 404 1191 "-" "Mozilla/5.0 (compatible; bingbot/2.0; +http://www.bing.com/bingbot.htm)"
2.57.122.88 - - [30/Aug/2021:10:11:07 +0700] "GET / HTTP/1.0" 200 9937 "-" "Mozilla/5.0 (Windows NT 6.1; WOW64) AppleWebKit/537.36 (KHTML, like Gecko) Chrome/47.0.2526.111 Safari/537.36"
34.220.60.110 - - [30/Aug/2021:11:01:44 +0700] "GET / HTTP/1.0" 200 9931 "-" "Mozilla/5.0 (X11; Linux x86_64) AppleWebKit/537.36 (KHTML, like Gecko) Chrome/83.0.4103.97 Safari/537.36"
207.46.13.76 - - [30/Aug/2021:11:38:31 +0700] "GET /sitemap.xml HTTP/1.0" 200 507 "-" "Mozilla/5.0 (compatible; bingbot/2.0; +http://www.bing.com/bingbot.htm)"
54.212.97.159 - - [30/Aug/2021:11:49:49 +0700] "GET / HTTP/1.0" 200 9936 "-" "Mozilla/5.0 (X11; Linux x86_64) AppleWebKit/537.36 (KHTML, like Gecko) Chrome/83.0.4103.97 Safari/537.36"
154.16.98.221 - - [30/Aug/2021:15:33:05 +0700] "GET / HTTP/1.0" 200 11318 "-" "Mozilla/5.0 (Macintosh; Intel Mac OS X 10_15_7) AppleWebKit/537.36 (KHTML, like Gecko) Chrome/92.0.4515.107 Safari/537.36"
207.46.13.50 - - [30/Aug/2021:16:41:26 +0700] "GET /atom.xml HTTP/1.0" 404 1191 "-" "Mozilla/5.0 (compatible; bingbot/2.0; +http://www.bing.com/bingbot.htm)"
40.77.167.38 - - [30/Aug/2021:17:31:03 +0700] "GET / HTTP/1.0" 200 9929 "-" "Mozilla/5.0 (compatible; bingbot/2.0; +http://www.bing.com/bingbot.htm)"
207.46.13.50 - - [30/Aug/2021:23:24:55 +0700] "GET /sitemaps.xml HTTP/1.0" 404 1191 "-" "Mozilla/5.0 (compatible; bingbot/2.0; +http://www.bing.com/bingbot.htm)"
207.46.13.80 - - [31/Aug/2021:00:55:08 +0700] "GET /sitemap_index.xml HTTP/1.0" 404 1191 "-" "Mozilla/5.0 (compatible; bingbot/2.0; +http://www.bing.com/bingbot.htm)"
77.88.5.233 - - [31/Aug/2021:03:45:58 +0700] "GET / HTTP/1.0" 200 9933 "-" "Mozilla/5.0 (compatible; YandexBot/3.0; +http://yandex.com/bots)"
207.46.13.50 - - [30/Aug/2021:05:45:33 +0700] "GET /sitemap.txt HTTP/2.0" 404 146 "-" "Mozilla/5.0 (compatible; bingbot/2.0; +http://www.bing.com/bingbot.htm)"
207.46.13.76 - - [30/Aug/2021:11:38:31 +0700] "GET /sitemap.xml HTTP/2.0" 200 1820 "-" "Mozilla/5.0 (compatible; bingbot/2.0; +http://www.bing.com/bingbot.htm)"
40.77.167.44 - - [30/Aug/2021:14:49:03 +0700] "GET /robots.txt HTTP/2.0" 200 26 "-" "Mozilla/5.0 (compatible; bingbot/2.0; +http://www.bing.com/bingbot.htm)"
40.77.167.44 - - [30/Aug/2021:14:49:04 +0700] "GET /robots.txt HTTP/2.0" 200 26 "-" "Mozilla/5.0 (compatible; bingbot/2.0; +http://www.bing.com/bingbot.htm)"
207.46.13.143 - - [30/Aug/2021:14:49:09 +0700] "GET /sitemap.xml.gz HTTP/2.0" 404 146 "-" "Mozilla/5.0 (compatible; bingbot/2.0; +http://www.bing.com/bingbot.htm)"
207.46.13.50 - - [30/Aug/2021:15:27:20 +0700] "GET /sitemap.txt HTTP/2.0" 404 146 "-" "Mozilla/5.0 (compatible; bingbot/2.0; +http://www.bing.com/bingbot.htm)"
8.41.37.139 - - [30/Aug/2021:15:27:32 +0700] "GET /.git/HEAD HTTP/1.1" 403 146 "-" "Python-urllib/3.9"
77.88.5.142 - - [31/Aug/2021:03:45:54 +0700] "GET /robots.txt HTTP/1.1" 200 26 "-" "Mozilla/5.0 (compatible; YandexBot/3.0; +http://yandex.com/bots)"
207.46.13.76 - - [31/Aug/2021:05:22:26 +0700] "GET /sitemap.xml HTTP/1.0" 503 668 "-" "Mozilla/5.0 (compatible; bingbot/2.0; +http://www.bing.com/bingbot.htm)"
54.36.148.170 - - [31/Aug/2021:10:04:04 +0700] "GET / HTTP/1.0" 503 668 "-" "Mozilla/5.0 (compatible; AhrefsBot/7.0; +http://ahrefs.com/robot/)"
207.46.13.50 - - [31/Aug/2021:10:30:48 +0700] "GET /atom.xml HTTP/1.0" 404 1191 "-" "Mozilla/5.0 (compatible; bingbot/2.0; +http://www.bing.com/bingbot.htm)"
124.126.78.138 - - [31/Aug/2021:15:31:18 +0700] "GET / HTTP/1.0" 200 62422 "-" "Mozilla/5.0 (Linux; Android 10.0; MI 2 Build/O012) AppleWebKit/537.36 (KHTML, like Gecko) Chrome/88.0.4472.114 Mobile Safari/537.36"
207.46.13.50 - - [31/Aug/2021:17:42:50 +0700] "GET /sitemaps.xml HTTP/1.0" 404 1191 "-" "Mozilla/5.0 (compatible; bingbot/2.0; +http://www.bing.com/bingbot.htm)"
157.55.39.112 - - [31/Aug/2021:19:11:34 +0700] "GET /sitemap_index.xml HTTP/1.0" 404 1191 "-" "Mozilla/5.0 (compatible; bingbot/2.0; +http://www.bing.com/bingbot.htm)"
207.46.13.50 - - [31/Aug/2021:20:02:23 +0700] "GET /sitemaps.xml HTTP/1.0" 404 2573 "-" "Mozilla/5.0 (compatible; bingbot/2.0; +http://www.bing.com/bingbot.htm)"
207.46.13.50 - - [31/Aug/2021:21:12:40 +0700] "GET /atom.xml HTTP/1.0" 404 1191 "-" "Mozilla/5.0 (compatible; bingbot/2.0; +http://www.bing.com/bingbot.htm)"
157.55.39.112 - - [31/Aug/2021:22:16:02 +0700] "GET /sitemap_index.xml HTTP/1.0" 404 2573 "-" "Mozilla/5.0 (compatible; bingbot/2.0; +http://www.bing.com/bingbot.htm)"
207.46.13.76 - - [31/Aug/2021:23:35:33 +0700] "GET /sitemap.xml HTTP/1.0" 200 507 "-" "Mozilla/5.0 (compatible; bingbot/2.0; +http://www.bing.com/bingbot.htm)"
207.46.13.143 - - [31/Aug/2021:08:45:42 +0700] "GET /sitemap.xml.gz HTTP/2.0" 404 146 "-" "Mozilla/5.0 (compatible; bingbot/2.0; +http://www.bing.com/bingbot.htm)"
207.46.13.50 - - [31/Aug/2021:09:22:12 +0700] "GET /sitemap.txt HTTP/2.0" 404 146 "-" "Mozilla/5.0 (compatible; bingbot/2.0; +http://www.bing.com/bingbot.htm)"
54.36.148.119 - - [31/Aug/2021:10:04:03 +0700] "GET /robots.txt HTTP/2.0" 200 31 "-" "Mozilla/5.0 (compatible; AhrefsBot/7.0; +http://ahrefs.com/robot/)"
124.126.78.138 - - [31/Aug/2021:15:31:38 +0700] "GET /js/frontend/sweetalert2.js HTTP/1.1" 200 69579 "-" "Mozilla/5.0 (Linux; Android 7.0; HUAWEI P20 Build/816.012) AppleWebKit/537.36 (KHTML, like Gecko) Chrome/87.0.4472.114 Mobile Safari/537.36"
124.126.78.138 - - [31/Aug/2021:15:31:38 +0700] "GET /js/plugin/aos/aos.js HTTP/1.1" 200 23735 "-" "Mozilla/5.0 (Linux; Android 8.0; HUAWEI P20 Build/23112) AppleWebKit/537.36 (KHTML, like Gecko) Chrome/86.0.4472.114 Mobile Safari/537.36 Edg/86"
124.126.78.138 - - [31/Aug/2021:15:31:38 +0700] "GET /js/frontend/frontend.js HTTP/1.1" 200 4092 "-" "Mozilla/5.0 (Linux; Android 10.0; MI 2 Build/O012) AppleWebKit/537.36 (KHTML, like Gecko) Chrome/88.0.4472.114 Mobile Safari/537.36"
207.46.13.76 - - [31/Aug/2021:23:35:33 +0700] "GET /sitemap.xml HTTP/2.0" 200 1820 "-" "Mozilla/5.0 (compatible; bingbot/2.0; +http://www.bing.com/bingbot.htm)"
207.46.13.143 - - [01/Sep/2021:02:40:15 +0700] "GET /sitemap.xml.gz HTTP/2.0" 404 146 "-" "Mozilla/5.0 (compatible; bingbot/2.0; +http://www.bing.com/bingbot.htm)"
207.46.13.50 - - [01/Sep/2021:03:16:44 +0700] "GET /sitemap.txt HTTP/2.0" 404 146 "-" "Mozilla/5.0 (compatible; bingbot/2.0; +http://www.bing.com/bingbot.htm)"
40.77.167.44 - - [01/Sep/2021:03:47:49 +0700] "GET /robots.txt HTTP/2.0" 200 26 "-" "Mozilla/5.0 (compatible; bingbot/2.0; +http://www.bing.com/bingbot.htm)"
40.77.167.44 - - [01/Sep/2021:03:47:50 +0700] "GET /robots.txt HTTP/2.0" 200 26 "-" "Mozilla/5.0 (compatible; bingbot/2.0; +http://www.bing.com/bingbot.htm)"
157.55.39.140 - - [01/Sep/2021:03:48:01 +0700] "GET /js/plugin/aos/aos.js HTTP/2.0" 200 5175 "-" "Mozilla/5.0 (compatible; MSIE 9.0; Windows NT 6.1; Trident/5.0)"
207.46.13.50 - - [01/Sep/2021:04:23:21 +0700] "GET /atom.xml HTTP/1.0" 404 1191 "-" "Mozilla/5.0 (compatible; bingbot/2.0; +http://www.bing.com/bingbot.htm)"
54.202.107.141 - - [01/Sep/2021:10:16:43 +0700] "GET / HTTP/1.0" 200 11315 "-" "Mozilla/5.0 (X11; Linux x86_64) AppleWebKit/537.36 (KHTML, like Gecko) Chrome/83.0.4103.97 Safari/537.36"
207.46.13.50 - - [01/Sep/2021:10:59:49 +0700] "GET /sitemaps.xml HTTP/1.0" 404 1191 "-" "Mozilla/5.0 (compatible; bingbot/2.0; +http://www.bing.com/bingbot.htm)"
157.55.39.112 - - [01/Sep/2021:12:28:55 +0700] "GET /sitemap_index.xml HTTP/1.0" 404 1191 "-" "Mozilla/5.0 (compatible; bingbot/2.0; +http://www.bing.com/bingbot.htm)"
207.46.13.121 - - [01/Sep/2021:15:27:29 +0700] "GET /bai-viet/thanh-pho-ai-thanh-pho-tuong-lai-duoc-ho-tro-boi-cac-cong-nghe-moi-nhu-ai-gis-bim HTTP/1.0" 200 8705 "-" "Mozilla/5.0 (compatible; bingbot/2.0; +http://www.bing.com/bingbot.htm)"
207.46.13.76 - - [01/Sep/2021:16:51:45 +0700] "GET /sitemap.xml HTTP/1.0" 200 507 "-" "Mozilla/5.0 (compatible; bingbot/2.0; +http://www.bing.com/bingbot.htm)"
142.54.177.5 - - [01/Sep/2021:18:31:10 +0700] "GET / HTTP/1.0" 200 9934 "http://www.google.com.hk" "Mozilla/5.0 (Windows NT 6.1; WOW64) AppleWebKit/537.36 (KHTML, like Gecko) Chrome/42.0.2311.90 Safari/537.36"
207.46.13.50 - - [01/Sep/2021:21:30:11 +0700] "GET /atom.xml HTTP/1.0" 404 1191 "-" "Mozilla/5.0 (compatible; bingbot/2.0; +http://www.bing.com/bingbot.htm)"
157.55.39.112 - - [01/Sep/2021:23:38:48 +0700] "GET /sitemap_index.xml HTTP/1.0" 404 1191 "-" "Mozilla/5.0 (compatible; bingbot/2.0; +http://www.bing.com/bingbot.htm)"
77.88.5.142 - - [02/Sep/2021:00:57:23 +0700] "GET / HTTP/1.0" 200 9956 "-" "Mozilla/5.0 (compatible; YandexBot/3.0; +http://yandex.com/bots)"
157.55.39.112 - - [01/Sep/2021:07:45:08 +0700] "GET /js/plugin/bootstrap/bootstrap.min.js HTTP/2.0" 200 24327 "-" "Mozilla/5.0 (compatible; MSIE 9.0; Windows NT 6.1; Trident/5.0)"
207.46.13.104 - - [01/Sep/2021:07:55:40 +0700] "GET /js/frontend/owl.carousel.min.js HTTP/2.0" 200 12123 "-" "Mozilla/5.0 (compatible; MSIE 9.0; Windows NT 6.1; Trident/5.0)"
207.46.13.33 - - [01/Sep/2021:11:00:45 +0700] "GET /js/plugin/slick/slick.min.js HTTP/2.0" 200 12062 "-" "Mozilla/5.0 (compatible; MSIE 9.0; Windows NT 6.1; Trident/5.0)"
157.55.39.140 - - [01/Sep/2021:14:35:31 +0700] "GET /js/plugin/jquery/jquery.min.js HTTP/2.0" 404 548 "-" "Mozilla/5.0 (compatible; MSIE 9.0; Windows NT 6.1; Trident/5.0)"
40.77.167.44 - - [01/Sep/2021:15:27:23 +0700] "GET /robots.txt HTTP/2.0" 200 26 "-" "Mozilla/5.0 (compatible; bingbot/2.0; +http://www.bing.com/bingbot.htm)"
40.77.167.44 - - [01/Sep/2021:15:27:24 +0700] "GET /robots.txt HTTP/2.0" 200 26 "-" "Mozilla/5.0 (compatible; bingbot/2.0; +http://www.bing.com/bingbot.htm)"
40.77.167.44 - - [01/Sep/2021:16:51:37 +0700] "GET /robots.txt HTTP/2.0" 200 26 "-" "Mozilla/5.0 (compatible; bingbot/2.0; +http://www.bing.com/bingbot.htm)"
40.77.167.44 - - [01/Sep/2021:16:51:38 +0700] "GET /robots.txt HTTP/2.0" 200 26 "-" "Mozilla/5.0 (compatible; bingbot/2.0; +http://www.bing.com/bingbot.htm)"
207.46.13.76 - - [01/Sep/2021:16:51:45 +0700] "GET /sitemap.xml HTTP/2.0" 200 1820 "-" "Mozilla/5.0 (compatible; bingbot/2.0; +http://www.bing.com/bingbot.htm)"
207.46.13.121 - - [01/Sep/2021:17:47:42 +0700] "GET /js/frontend/jquery.min.js HTTP/2.0" 200 33354 "-" "Mozilla/5.0 (compatible; MSIE 9.0; Windows NT 6.1; Trident/5.0)"
207.46.13.143 - - [01/Sep/2021:17:48:13 +0700] "GET /js/frontend/sweetalert2.js HTTP/2.0" 200 18149 "-" "Mozilla/5.0 (compatible; MSIE 9.0; Windows NT 6.1; Trident/5.0)"
207.46.13.50 - - [01/Sep/2021:18:30:43 +0700] "GET /sitemap.txt HTTP/2.0" 404 146 "-" "Mozilla/5.0 (compatible; bingbot/2.0; +http://www.bing.com/bingbot.htm)"
207.46.13.143 - - [01/Sep/2021:19:51:54 +0700] "GET /sitemap.xml.gz HTTP/2.0" 404 146 "-" "Mozilla/5.0 (compatible; bingbot/2.0; +http://www.bing.com/bingbot.htm)"
207.46.13.50 - - [01/Sep/2021:20:26:54 +0700] "GET /sitemap.txt HTTP/2.0" 404 146 "-" "Mozilla/5.0 (compatible; bingbot/2.0; +http://www.bing.com/bingbot.htm)"
