137.226.113.44 - - [24/Sep/2021:08:23:44 +0700] "GET / HTTP/1.0" 200 9936 "-" "Mozilla/5.0 (X11; Linux x86_64; rv:84.0) Gecko/20100101 Firefox/84.0"
54.213.208.15 - - [24/Sep/2021:10:19:07 +0700] "GET / HTTP/1.0" 200 9937 "-" "Mozilla/5.0 (X11; Linux x86_64) AppleWebKit/537.36 (KHTML, like Gecko) Chrome/83.0.4103.97 Safari/537.36"
207.46.13.156 - - [24/Sep/2021:12:26:45 +0700] "GET /bai-viet/index.html HTTP/1.0" 404 2007 "-" "Mozilla/5.0 (compatible; bingbot/2.0; +http://www.bing.com/bingbot.htm)"
157.55.39.25 - - [24/Sep/2021:12:37:10 +0700] "GET / HTTP/1.0" 200 9935 "-" "Mozilla/5.0 (compatible; bingbot/2.0; +http://www.bing.com/bingbot.htm)"
207.46.13.156 - - [24/Sep/2021:14:14:44 +0700] "GET /index.html HTTP/1.0" 404 1191 "-" "Mozilla/5.0 (compatible; bingbot/2.0; +http://www.bing.com/bingbot.htm)"
157.55.39.25 - - [24/Sep/2021:15:58:49 +0700] "GET / HTTP/1.0" 200 9935 "-" "Mozilla/5.0 (compatible; bingbot/2.0; +http://www.bing.com/bingbot.htm)"
157.55.39.126 - - [24/Sep/2021:17:47:40 +0700] "GET /sitemap.xml HTTP/1.0" 200 1889 "-" "Mozilla/5.0 (compatible; bingbot/2.0; +http://www.bing.com/bingbot.htm)"
88.144.10.146 - - [24/Sep/2021:19:47:01 +0700] "GET / HTTP/1.0" 200 9928 "-" "Mozilla/5.0 (Windows NT 10.0; WOW64) AppleWebKit/537.36 (KHTML, like Gecko) Chrome/86.0.4240.75 Safari/537.36"
157.55.39.131 - - [24/Sep/2021:20:15:06 +0700] "GET /bai-viet/tag/BIM%20c%C6%A1%20b%E1%BA%A3n HTTP/1.0" 200 6611 "-" "Mozilla/5.0 (compatible; bingbot/2.0; +http://www.bing.com/bingbot.htm)"
34.77.162.6 - - [25/Sep/2021:00:31:31 +0700] "GET / HTTP/1.0" 200 62422 "-" "Expanse indexes the network perimeters of our customers. If you have any questions or concerns, please reach out to: scaninfo@expanseinc.com"
40.77.167.51 - - [24/Sep/2021:15:58:38 +0700] "GET /robots.txt HTTP/2.0" 200 26 "-" "Mozilla/5.0 (compatible; bingbot/2.0; +http://www.bing.com/bingbot.htm)"
40.77.167.51 - - [24/Sep/2021:15:58:39 +0700] "GET /robots.txt HTTP/2.0" 200 26 "-" "Mozilla/5.0 (compatible; bingbot/2.0; +http://www.bing.com/bingbot.htm)"
157.55.39.126 - - [24/Sep/2021:17:47:40 +0700] "GET /sitemap.xml HTTP/2.0" 200 1820 "-" "Mozilla/5.0 (compatible; bingbot/2.0; +http://www.bing.com/bingbot.htm)"
88.144.10.146 - - [24/Sep/2021:19:47:01 +0700] "GET /robots.txt HTTP/1.1" 200 26 "-" "Mozilla/5.0 (Windows NT 10.0; WOW64) AppleWebKit/537.36 (KHTML, like Gecko) Chrome/86.0.4240.75 Safari/537.36"
138.246.253.24 - - [24/Sep/2021:23:18:41 +0700] "GET /robots.txt HTTP/1.1" 200 26 "-" "Mozilla/5.0 (Windows NT 10.0; Win64; x64) AppleWebKit/537.36 (KHTML, like Gecko) Chrome/88.0.4324.146 Safari/537.36"
157.55.39.25 - - [25/Sep/2021:04:49:12 +0700] "GET / HTTP/1.0" 200 9940 "-" "Mozilla/5.0 (compatible; bingbot/2.0; +http://www.bing.com/bingbot.htm)"
77.88.5.24 - - [25/Sep/2021:05:33:40 +0700] "GET / HTTP/1.0" 200 9932 "-" "Mozilla/5.0 (compatible; YandexBot/3.0; +http://yandex.com/bots)"
157.55.39.126 - - [25/Sep/2021:10:22:16 +0700] "GET /sitemap.xml HTTP/1.0" 200 507 "-" "Mozilla/5.0 (compatible; bingbot/2.0; +http://www.bing.com/bingbot.htm)"
18.236.235.199 - - [25/Sep/2021:10:45:37 +0700] "GET / HTTP/1.0" 200 9923 "-" "Mozilla/5.0 (X11; Linux x86_64) AppleWebKit/537.36 (KHTML, like Gecko) Chrome/83.0.4103.97 Safari/537.36"
157.55.39.25 - - [25/Sep/2021:11:29:21 +0700] "GET / HTTP/1.0" 200 9953 "-" "Mozilla/5.0 (compatible; bingbot/2.0; +http://www.bing.com/bingbot.htm)"
54.36.148.149 - - [25/Sep/2021:11:38:00 +0700] "GET / HTTP/1.0" 200 9951 "-" "Mozilla/5.0 (compatible; AhrefsBot/7.0; +http://ahrefs.com/robot/)"
104.227.142.242 - - [25/Sep/2021:12:48:49 +0700] "POST / HTTP/1.0" 405 8254 "-" "Mozilla/5.0 (X11; Linux x86_64) AppleWebKit/537.36 (KHTML, like Gecko) Chrome/81.0.4044.129 Safari/537.36"
157.55.39.25 - - [25/Sep/2021:15:04:12 +0700] "GET / HTTP/1.0" 200 9937 "-" "Mozilla/5.0 (compatible; bingbot/2.0; +http://www.bing.com/bingbot.htm)"
52.23.37.1 - - [25/Sep/2021:15:32:45 +0700] "GET / HTTP/1.0" 200 58883 "-" "got (https://github.com/sindresorhus/got)"
92.118.160.41 - - [25/Sep/2021:16:29:56 +0700] "GET / HTTP/1.0" 200 62594 "-" "NetSystemsResearch studies the availability of various services across the internet. Our website is netsystemsresearch.com"
157.55.39.25 - - [25/Sep/2021:21:52:01 +0700] "GET / HTTP/1.0" 200 9946 "-" "Mozilla/5.0 (compatible; bingbot/2.0; +http://www.bing.com/bingbot.htm)"
139.99.122.69 - - [25/Sep/2021:23:00:08 +0700] "POST / HTTP/1.0" 405 8253 "-" "Mozilla/5.0 (X11; Linux x86_64) AppleWebKit/537.36 (KHTML, like Gecko) Chrome/81.0.4044.129 Safari/537.36"
157.55.39.25 - - [26/Sep/2021:03:31:23 +0700] "GET / HTTP/1.0" 200 9914 "-" "Mozilla/5.0 (compatible; bingbot/2.0; +http://www.bing.com/bingbot.htm)"
77.88.5.24 - - [25/Sep/2021:05:33:37 +0700] "GET /robots.txt HTTP/1.1" 200 26 "-" "Mozilla/5.0 (compatible; YandexBot/3.0; +http://yandex.com/bots)"
40.77.167.51 - - [25/Sep/2021:10:22:09 +0700] "GET /robots.txt HTTP/2.0" 200 26 "-" "Mozilla/5.0 (compatible; bingbot/2.0; +http://www.bing.com/bingbot.htm)"
40.77.167.51 - - [25/Sep/2021:10:22:10 +0700] "GET /robots.txt HTTP/2.0" 200 26 "-" "Mozilla/5.0 (compatible; bingbot/2.0; +http://www.bing.com/bingbot.htm)"
157.55.39.126 - - [25/Sep/2021:10:22:16 +0700] "GET /sitemap.xml HTTP/2.0" 200 1820 "-" "Mozilla/5.0 (compatible; bingbot/2.0; +http://www.bing.com/bingbot.htm)"
54.36.148.238 - - [25/Sep/2021:11:37:58 +0700] "GET /robots.txt HTTP/2.0" 200 31 "-" "Mozilla/5.0 (compatible; AhrefsBot/7.0; +http://ahrefs.com/robot/)"
104.227.142.242 - - [25/Sep/2021:12:48:44 +0700] "GET /.env HTTP/1.1" 403 548 "-" "Mozilla/5.0 (X11; Linux x86_64) AppleWebKit/537.36 (KHTML, like Gecko) Chrome/81.0.4044.129 Safari/537.36"
139.99.122.69 - - [25/Sep/2021:22:59:09 +0700] "GET /.env HTTP/1.1" 403 548 "-" "Mozilla/5.0 (X11; Linux x86_64) AppleWebKit/537.36 (KHTML, like Gecko) Chrome/81.0.4044.129 Safari/537.36"
3.144.48.148 - - [26/Sep/2021:04:50:46 +0700] "GET / HTTP/1.0" 200 62420 "-" "Mozilla/5.0 (Windows NT 10.0; Win64; x64) AppleWebKit/537.36 (KHTML, like Gecko) Chrome/93.0.4577.82 Safari/537.36 Mozilla/5.0 (Windows NT 10.0; Win64; x64) AppleWebKit/537.36 (KHTML, like Gecko) Chrome/93.0.4577.82 Safari/537.36 Mozilla/5.0 (Windows NT 10.0; Win64; x64) AppleWebKit/537.36 (KHTML, like Gecko) Chrome/93.0.4577.82 Safari/537.36 Mozilla/5.0 (Windows NT 10.0; Win64; x64) AppleWebKit/537.36 (KHTML, like Gecko) Chrome/93.0.4577.82 Safari/537.36 Mozilla/5.0 (Windows NT 10.0; Win64; x64) AppleWebKit/537.36 (KHTML, like Gecko) Chrome/93.0.4577.82 Safari/537.36 Mozilla/5.0 (Windows NT 10.0; Win64; x64) AppleWebKit/537.36 (KHTML, like Gecko) Chrome/93.0.4577.82 Safari/537.36 Mozilla/5.0 (Windows NT 10.0; Win64; x64) AppleWebKit/537.36 (KHTML, like Gecko) Chrome/93.0.4577.82 Safari/537.36 Mozilla/5.0 (Windows NT 10.0; Win64; x64) AppleWebKit/537.36 (KHTML, like Gecko) Chrome/93.0.4577.82 Safari/537.36 Mozilla/5.0 (Windows NT 10.0; Win64; x64) AppleWebKit/537.36 (KHTML, like Gecko) Chrome/93.0.4577.82 Safari/537.36 Mozilla/5.0 (Windows NT 10.0; Win64; x64) AppleWebKit/537.36 (KHTML, like Gecko) Chrome/93.0.4577.82 Safari/537.36 Mozilla/5.0 (Windows NT 10.0; Win64; x64) AppleWebKit/537.36 (KHTML, like Gecko) Chrome/93.0.4577.82 Safari/537.36 Mozilla/5.0 (Windows NT 10.0; Win64; x64) AppleWebKit/537.36 (KHTML, like Gecko) Chrome/93.0.4577.82 Safari/537.36 Mozilla/5.0 (Windows NT 10.0; Win64; x64) AppleWebKit/537.36 (KHTML, like Gecko) Chrome/93.0.4577.82 Safari/537.36 Mozilla/5.0 (Windows NT 10.0; Win64; x64) AppleWebKit/537.36 (KHTML, like Gecko) Chrome/93.0.4577.82 Safari/537.36"
157.55.39.126 - - [26/Sep/2021:06:42:53 +0700] "GET /sitemap.xml HTTP/1.0" 200 507 "-" "Mozilla/5.0 (compatible; bingbot/2.0; +http://www.bing.com/bingbot.htm)"
207.46.13.125 - - [26/Sep/2021:08:48:38 +0700] "GET /bai-viet/danh-muc/bim-nang-cao HTTP/1.0" 200 6641 "-" "Mozilla/5.0 (compatible; bingbot/2.0; +http://www.bing.com/bingbot.htm)"
157.55.39.25 - - [26/Sep/2021:10:24:02 +0700] "GET / HTTP/1.0" 200 9938 "-" "Mozilla/5.0 (compatible; bingbot/2.0; +http://www.bing.com/bingbot.htm)"
54.36.148.145 - - [26/Sep/2021:10:49:11 +0700] "GET / HTTP/1.0" 200 9925 "-" "Mozilla/5.0 (compatible; AhrefsBot/7.0; +http://ahrefs.com/robot/)"
54.149.75.58 - - [26/Sep/2021:10:59:05 +0700] "GET / HTTP/1.0" 200 9925 "-" "Mozilla/5.0 (X11; Linux x86_64) AppleWebKit/537.36 (KHTML, like Gecko) Chrome/83.0.4103.97 Safari/537.36"
157.55.39.25 - - [26/Sep/2021:13:17:19 +0700] "GET / HTTP/1.0" 200 9926 "-" "Mozilla/5.0 (compatible; bingbot/2.0; +http://www.bing.com/bingbot.htm)"
157.55.39.25 - - [26/Sep/2021:20:27:51 +0700] "GET / HTTP/1.0" 200 9932 "-" "Mozilla/5.0 (compatible; bingbot/2.0; +http://www.bing.com/bingbot.htm)"
157.55.39.131 - - [27/Sep/2021:00:24:16 +0700] "GET /architectural-cad-modeling/ HTTP/1.0" 301 759 "-" "Mozilla/5.0 (compatible; bingbot/2.0; +http://www.bing.com/bingbot.htm)"
157.55.39.126 - - [27/Sep/2021:00:33:05 +0700] "GET /sitemap.xml HTTP/1.0" 200 507 "-" "Mozilla/5.0 (compatible; bingbot/2.0; +http://www.bing.com/bingbot.htm)"
157.55.39.25 - - [27/Sep/2021:02:15:54 +0700] "GET / HTTP/1.0" 200 9922 "-" "Mozilla/5.0 (compatible; bingbot/2.0; +http://www.bing.com/bingbot.htm)"
157.55.39.126 - - [26/Sep/2021:06:42:53 +0700] "GET /sitemap.xml HTTP/2.0" 200 1820 "-" "Mozilla/5.0 (compatible; bingbot/2.0; +http://www.bing.com/bingbot.htm)"
54.36.148.27 - - [26/Sep/2021:10:49:10 +0700] "GET /robots.txt HTTP/2.0" 200 31 "-" "Mozilla/5.0 (compatible; AhrefsBot/7.0; +http://ahrefs.com/robot/)"
157.55.39.126 - - [27/Sep/2021:00:33:05 +0700] "GET /sitemap.xml HTTP/2.0" 200 1820 "-" "Mozilla/5.0 (compatible; bingbot/2.0; +http://www.bing.com/bingbot.htm)"
40.77.167.50 - - [27/Sep/2021:02:15:43 +0700] "GET /robots.txt HTTP/2.0" 200 26 "-" "Mozilla/5.0 (compatible; bingbot/2.0; +http://www.bing.com/bingbot.htm)"
40.77.167.50 - - [27/Sep/2021:02:15:44 +0700] "GET /robots.txt HTTP/2.0" 200 26 "-" "Mozilla/5.0 (compatible; bingbot/2.0; +http://www.bing.com/bingbot.htm)"
157.55.39.25 - - [27/Sep/2021:09:07:43 +0700] "GET / HTTP/1.0" 200 9952 "-" "Mozilla/5.0 (compatible; bingbot/2.0; +http://www.bing.com/bingbot.htm)"
77.88.5.246 - - [27/Sep/2021:09:21:44 +0700] "GET / HTTP/1.0" 200 9937 "-" "Mozilla/5.0 (compatible; YandexBot/3.0; +http://yandex.com/bots)"
157.55.39.25 - - [27/Sep/2021:12:01:20 +0700] "GET / HTTP/1.0" 200 9927 "-" "Mozilla/5.0 (compatible; bingbot/2.0; +http://www.bing.com/bingbot.htm)"
77.88.5.24 - - [27/Sep/2021:14:06:06 +0700] "GET / HTTP/1.0" 200 9943 "-" "Mozilla/5.0 (compatible; YandexBot/3.0; +http://yandex.com/bots)"
66.249.68.58 - - [27/Sep/2021:16:08:16 +0700] "GET / HTTP/1.0" 200 9934 "-" "Mozilla/5.0 (compatible; Googlebot/2.1; +http://www.google.com/bot.html)"
188.165.225.40 - - [27/Sep/2021:18:31:07 +0700] "GET /bai-viet/tag/BIM%20N%C3%A2ng%20cao HTTP/1.0" 200 6782 "-" "Mozilla/5.0 (compatible; MJ12bot/v1.4.8; http://mj12bot.com/)"
188.165.225.40 - - [27/Sep/2021:18:31:29 +0700] "GET /bai-viet/tag/BIM%20c%C6%A1%20b%E1%BA%A3n HTTP/1.0" 200 6609 "-" "Mozilla/5.0 (compatible; MJ12bot/v1.4.8; http://mj12bot.com/)"
157.55.39.126 - - [27/Sep/2021:19:03:01 +0700] "GET /sitemap.xml HTTP/1.0" 200 507 "-" "Mozilla/5.0 (compatible; bingbot/2.0; +http://www.bing.com/bingbot.htm)"
157.55.39.25 - - [27/Sep/2021:19:11:22 +0700] "GET / HTTP/1.0" 200 9928 "-" "Mozilla/5.0 (compatible; bingbot/2.0; +http://www.bing.com/bingbot.htm)"
66.249.68.62 - - [28/Sep/2021:00:26:50 +0700] "GET / HTTP/1.0" 200 9937 "-" "Mozilla/5.0 (Linux; Android 6.0.1; Nexus 5X Build/MMB29P) AppleWebKit/537.36 (KHTML, like Gecko) Chrome/94.0.4606.54 Mobile Safari/537.36 (compatible; Googlebot/2.1; +http://www.google.com/bot.html)"
66.249.68.62 - - [28/Sep/2021:00:33:31 +0700] "GET / HTTP/1.0" 200 9941 "-" "Mozilla/5.0 (compatible; Googlebot/2.1; +http://www.google.com/bot.html)"
66.249.68.60 - - [28/Sep/2021:00:48:18 +0700] "GET /bai-viet/huong-toi-tu-dong-hoa-trong-viec-tao-mo-hinh-bim-va-quy-trinh-cong-viec-duoc-cai-thien-trong-cac-cong-ty-aec HTTP/1.0" 200 8671 "-" "Mozilla/5.0 (compatible; Googlebot/2.1; +http://www.google.com/bot.html)"
66.249.68.58 - - [28/Sep/2021:00:49:10 +0700] "GET /bai-viet/danh-muc/chuyen-san-bim-hoc-thuong-thuc HTTP/1.0" 200 6311 "-" "Mozilla/5.0 (Linux; Android 6.0.1; Nexus 5X Build/MMB29P) AppleWebKit/537.36 (KHTML, like Gecko) Chrome/94.0.4606.54 Mobile Safari/537.36 (compatible; Googlebot/2.1; +http://www.google.com/bot.html)"
66.249.68.62 - - [28/Sep/2021:00:50:20 +0700] "GET /bai-viet/bim-la-gi HTTP/1.0" 200 9288 "-" "Mozilla/5.0 (Linux; Android 6.0.1; Nexus 5X Build/MMB29P) AppleWebKit/537.36 (KHTML, like Gecko) Chrome/94.0.4606.54 Mobile Safari/537.36 (compatible; Googlebot/2.1; +http://www.google.com/bot.html)"
66.249.68.60 - - [28/Sep/2021:00:51:48 +0700] "GET /bai-viet/danh-muc/index.html HTTP/1.0" 404 2003 "-" "Mozilla/5.0 (Linux; Android 6.0.1; Nexus 5X Build/MMB29P) AppleWebKit/537.36 (KHTML, like Gecko) Chrome/94.0.4606.54 Mobile Safari/537.36 (compatible; Googlebot/2.1; +http://www.google.com/bot.html)"
66.249.68.58 - - [28/Sep/2021:00:53:00 +0700] "GET /bai-viet/index.html HTTP/1.0" 404 2013 "-" "Mozilla/5.0 (Linux; Android 6.0.1; Nexus 5X Build/MMB29P) AppleWebKit/537.36 (KHTML, like Gecko) Chrome/94.0.4606.54 Mobile Safari/537.36 (compatible; Googlebot/2.1; +http://www.google.com/bot.html)"
66.249.68.62 - - [28/Sep/2021:00:55:11 +0700] "GET /bai-viet/danh-muc/bim-nang-cao HTTP/1.0" 200 6643 "-" "Mozilla/5.0 (Linux; Android 6.0.1; Nexus 5X Build/MMB29P) AppleWebKit/537.36 (KHTML, like Gecko) Chrome/94.0.4606.54 Mobile Safari/537.36 (compatible; Googlebot/2.1; +http://www.google.com/bot.html)"
66.249.68.58 - - [28/Sep/2021:01:30:49 +0700] "GET /bai-viet/cong-nghe-in-3d-nong-chay-lang-dong-fused-deposition-modelling-fdm HTTP/1.0" 200 8853 "-" "Mozilla/5.0 (compatible; Googlebot/2.1; +http://www.google.com/bot.html)"
77.88.5.158 - - [27/Sep/2021:09:21:39 +0700] "GET /robots.txt HTTP/1.1" 200 26 "-" "Mozilla/5.0 (compatible; YandexBot/3.0; +http://yandex.com/bots)"
77.88.5.24 - - [27/Sep/2021:14:06:02 +0700] "GET /robots.txt HTTP/1.1" 200 26 "-" "Mozilla/5.0 (compatible; YandexBot/3.0; +http://yandex.com/bots)"
66.249.68.60 - - [27/Sep/2021:16:08:12 +0700] "GET /robots.txt HTTP/1.1" 200 42 "-" "Mozilla/5.0 (compatible; Googlebot/2.1; +http://www.google.com/bot.html)"
188.165.225.40 - - [27/Sep/2021:18:30:54 +0700] "GET /robots.txt HTTP/1.1" 200 26 "-" "Mozilla/5.0 (compatible; MJ12bot/v1.4.8; http://mj12bot.com/)"
40.77.167.50 - - [27/Sep/2021:19:02:48 +0700] "GET /robots.txt HTTP/2.0" 200 26 "-" "Mozilla/5.0 (compatible; bingbot/2.0; +http://www.bing.com/bingbot.htm)"
40.77.167.50 - - [27/Sep/2021:19:02:49 +0700] "GET /robots.txt HTTP/2.0" 200 26 "-" "Mozilla/5.0 (compatible; bingbot/2.0; +http://www.bing.com/bingbot.htm)"
157.55.39.126 - - [27/Sep/2021:19:03:01 +0700] "GET /sitemap.xml HTTP/2.0" 200 1820 "-" "Mozilla/5.0 (compatible; bingbot/2.0; +http://www.bing.com/bingbot.htm)"
66.249.68.58 - - [28/Sep/2021:00:30:00 +0700] "GET /css/plugin/venobox/venobox.css HTTP/1.1" 200 2884 "https://www.vietnambim.com/" "Mozilla/5.0 (Linux; Android 6.0.1; Nexus 5X Build/MMB29P) AppleWebKit/537.36 (KHTML, like Gecko) Chrome/93.0.4577.82 Mobile Safari/537.36 (compatible; Googlebot/2.1; +http://www.google.com/bot.html)"
66.249.68.58 - - [28/Sep/2021:00:30:01 +0700] "GET /css/frontend/owl.carousel.min.css HTTP/1.1" 200 871 "https://www.vietnambim.com/" "Mozilla/5.0 (Linux; Android 6.0.1; Nexus 5X Build/MMB29P) AppleWebKit/537.36 (KHTML, like Gecko) Chrome/93.0.4577.82 Mobile Safari/537.36 (compatible; Googlebot/2.1; +http://www.google.com/bot.html)"
66.249.68.62 - - [28/Sep/2021:00:30:03 +0700] "GET /js/frontend/frontend.js HTTP/1.1" 200 940 "https://www.vietnambim.com/" "Mozilla/5.0 (Linux; Android 6.0.1; Nexus 5X Build/MMB29P) AppleWebKit/537.36 (KHTML, like Gecko) Chrome/93.0.4577.82 Mobile Safari/537.36 (compatible; Googlebot/2.1; +http://www.google.com/bot.html)"
66.249.68.58 - - [28/Sep/2021:00:30:04 +0700] "GET /js/plugin/aos/aos.js HTTP/1.1" 200 4806 "https://www.vietnambim.com/" "Mozilla/5.0 (Linux; Android 6.0.1; Nexus 5X Build/MMB29P) AppleWebKit/537.36 (KHTML, like Gecko) Chrome/93.0.4577.82 Mobile Safari/537.36 (compatible; Googlebot/2.1; +http://www.google.com/bot.html)"
66.249.68.58 - - [28/Sep/2021:00:30:06 +0700] "GET /js/plugin/venobox/venobox.min.js HTTP/1.1" 200 3912 "https://www.vietnambim.com/" "Mozilla/5.0 (Linux; Android 6.0.1; Nexus 5X Build/MMB29P) AppleWebKit/537.36 (KHTML, like Gecko) Chrome/93.0.4577.82 Mobile Safari/537.36 (compatible; Googlebot/2.1; +http://www.google.com/bot.html)"
66.249.68.60 - - [28/Sep/2021:00:30:07 +0700] "GET /js/frontend/jquery.min.js HTTP/1.1" 200 32254 "https://www.vietnambim.com/" "Mozilla/5.0 (Linux; Android 6.0.1; Nexus 5X Build/MMB29P) AppleWebKit/537.36 (KHTML, like Gecko) Chrome/93.0.4577.82 Mobile Safari/537.36 (compatible; Googlebot/2.1; +http://www.google.com/bot.html)"
66.249.68.60 - - [28/Sep/2021:00:30:08 +0700] "GET /js/frontend/owl.carousel.min.js HTTP/1.1" 200 11756 "https://www.vietnambim.com/" "Mozilla/5.0 (Linux; Android 6.0.1; Nexus 5X Build/MMB29P) AppleWebKit/537.36 (KHTML, like Gecko) Chrome/93.0.4577.82 Mobile Safari/537.36 (compatible; Googlebot/2.1; +http://www.google.com/bot.html)"
66.249.68.58 - - [28/Sep/2021:00:30:09 +0700] "GET /js/plugin/jQuery/jquery.min.js HTTP/1.1" 200 34501 "https://www.vietnambim.com/" "Mozilla/5.0 (Linux; Android 6.0.1; Nexus 5X Build/MMB29P) AppleWebKit/537.36 (KHTML, like Gecko) Chrome/93.0.4577.82 Mobile Safari/537.36 (compatible; Googlebot/2.1; +http://www.google.com/bot.html)"
66.249.68.58 - - [28/Sep/2021:00:33:35 +0700] "GET /css/plugin/slick/slick.css HTTP/1.1" 200 472 "https://www.vietnambim.com/" "Mozilla/5.0 AppleWebKit/537.36 (KHTML, like Gecko; compatible; Googlebot/2.1; +http://www.google.com/bot.html) Chrome/93.0.4577.82 Safari/537.36"
66.249.68.60 - - [28/Sep/2021:00:33:36 +0700] "GET /css/plugin/aos/aos.css HTTP/1.1" 200 5659 "https://www.vietnambim.com/" "Mozilla/5.0 AppleWebKit/537.36 (KHTML, like Gecko; compatible; Googlebot/2.1; +http://www.google.com/bot.html) Chrome/93.0.4577.82 Safari/537.36"
66.249.68.58 - - [28/Sep/2021:00:33:37 +0700] "GET /js/plugin/bootstrap/bootstrap.min.js HTTP/1.1" 200 22957 "https://www.vietnambim.com/" "Mozilla/5.0 AppleWebKit/537.36 (KHTML, like Gecko; compatible; Googlebot/2.1; +http://www.google.com/bot.html) Chrome/93.0.4577.82 Safari/537.36"
66.249.68.60 - - [28/Sep/2021:00:33:39 +0700] "GET /js/plugin/slick/slick.min.js HTTP/1.1" 200 11439 "https://www.vietnambim.com/" "Mozilla/5.0 AppleWebKit/537.36 (KHTML, like Gecko; compatible; Googlebot/2.1; +http://www.google.com/bot.html) Chrome/93.0.4577.82 Safari/537.36"
66.249.68.58 - - [28/Sep/2021:00:33:40 +0700] "GET /css/frontend/style.css HTTP/1.1" 200 7807 "https://www.vietnambim.com/" "Mozilla/5.0 AppleWebKit/537.36 (KHTML, like Gecko; compatible; Googlebot/2.1; +http://www.google.com/bot.html) Chrome/93.0.4577.82 Safari/537.36"
66.249.68.58 - - [28/Sep/2021:00:33:40 +0700] "GET /css/plugin/font-awesome/font-awesome.min.css HTTP/1.1" 200 6859 "https://www.vietnambim.com/" "Mozilla/5.0 AppleWebKit/537.36 (KHTML, like Gecko; compatible; Googlebot/2.1; +http://www.google.com/bot.html) Chrome/93.0.4577.82 Safari/537.36"
66.249.68.58 - - [28/Sep/2021:00:33:41 +0700] "GET /js/frontend/sweetalert2.js HTTP/1.1" 200 17475 "https://www.vietnambim.com/" "Mozilla/5.0 AppleWebKit/537.36 (KHTML, like Gecko; compatible; Googlebot/2.1; +http://www.google.com/bot.html) Chrome/93.0.4577.82 Safari/537.36"
66.249.68.60 - - [28/Sep/2021:00:49:04 +0700] "GET /css/plugin/bootstrap/bootstrap.min.css HTTP/1.1" 200 20627 "https://www.vietnambim.com/bai-viet/huong-toi-tu-dong-hoa-trong-viec-tao-mo-hinh-bim-va-quy-trinh-cong-viec-duoc-cai-thien-trong-cac-cong-ty-aec" "Mozilla/5.0 AppleWebKit/537.36 (KHTML, like Gecko; compatible; Googlebot/2.1; +http://www.google.com/bot.html) Chrome/93.0.4577.82 Safari/537.36"
66.249.68.62 - - [28/Sep/2021:00:49:06 +0700] "GET /js/plugin/slick/slick.min.js HTTP/1.1" 200 11439 "https://www.vietnambim.com/bai-viet/huong-toi-tu-dong-hoa-trong-viec-tao-mo-hinh-bim-va-quy-trinh-cong-viec-duoc-cai-thien-trong-cac-cong-ty-aec" "Mozilla/5.0 AppleWebKit/537.36 (KHTML, like Gecko; compatible; Googlebot/2.1; +http://www.google.com/bot.html) Chrome/93.0.4577.82 Safari/537.36"
66.249.68.62 - - [28/Sep/2021:00:49:06 +0700] "GET /js/frontend/sweetalert2.js HTTP/1.1" 200 17475 "https://www.vietnambim.com/bai-viet/huong-toi-tu-dong-hoa-trong-viec-tao-mo-hinh-bim-va-quy-trinh-cong-viec-duoc-cai-thien-trong-cac-cong-ty-aec" "Mozilla/5.0 AppleWebKit/537.36 (KHTML, like Gecko; compatible; Googlebot/2.1; +http://www.google.com/bot.html) Chrome/93.0.4577.82 Safari/537.36"
66.249.68.62 - - [28/Sep/2021:00:49:08 +0700] "GET /js/plugin/aos/aos.js HTTP/1.1" 200 4806 "https://www.vietnambim.com/bai-viet/huong-toi-tu-dong-hoa-trong-viec-tao-mo-hinh-bim-va-quy-trinh-cong-viec-duoc-cai-thien-trong-cac-cong-ty-aec" "Mozilla/5.0 AppleWebKit/537.36 (KHTML, like Gecko; compatible; Googlebot/2.1; +http://www.google.com/bot.html) Chrome/93.0.4577.82 Safari/537.36"
66.249.68.58 - - [28/Sep/2021:00:49:09 +0700] "GET /js/plugin/jQuery/jquery.min.js HTTP/1.1" 200 34501 "https://www.vietnambim.com/bai-viet/huong-toi-tu-dong-hoa-trong-viec-tao-mo-hinh-bim-va-quy-trinh-cong-viec-duoc-cai-thien-trong-cac-cong-ty-aec" "Mozilla/5.0 AppleWebKit/537.36 (KHTML, like Gecko; compatible; Googlebot/2.1; +http://www.google.com/bot.html) Chrome/93.0.4577.82 Safari/537.36"
66.249.68.60 - - [28/Sep/2021:00:49:10 +0700] "GET /js/plugin/venobox/venobox.min.js HTTP/1.1" 200 3912 "https://www.vietnambim.com/bai-viet/huong-toi-tu-dong-hoa-trong-viec-tao-mo-hinh-bim-va-quy-trinh-cong-viec-duoc-cai-thien-trong-cac-cong-ty-aec" "Mozilla/5.0 AppleWebKit/537.36 (KHTML, like Gecko; compatible; Googlebot/2.1; +http://www.google.com/bot.html) Chrome/93.0.4577.82 Safari/537.36"
66.249.68.60 - - [28/Sep/2021:00:49:11 +0700] "GET /js/frontend/frontend.js HTTP/1.1" 200 940 "https://www.vietnambim.com/bai-viet/huong-toi-tu-dong-hoa-trong-viec-tao-mo-hinh-bim-va-quy-trinh-cong-viec-duoc-cai-thien-trong-cac-cong-ty-aec" "Mozilla/5.0 AppleWebKit/537.36 (KHTML, like Gecko; compatible; Googlebot/2.1; +http://www.google.com/bot.html) Chrome/93.0.4577.82 Safari/537.36"
66.249.68.58 - - [28/Sep/2021:00:49:12 +0700] "GET /js/frontend/owl.carousel.min.js HTTP/1.1" 200 11756 "https://www.vietnambim.com/bai-viet/huong-toi-tu-dong-hoa-trong-viec-tao-mo-hinh-bim-va-quy-trinh-cong-viec-duoc-cai-thien-trong-cac-cong-ty-aec" "Mozilla/5.0 AppleWebKit/537.36 (KHTML, like Gecko; compatible; Googlebot/2.1; +http://www.google.com/bot.html) Chrome/93.0.4577.82 Safari/537.36"
66.249.68.58 - - [28/Sep/2021:00:49:13 +0700] "GET /js/plugin/bootstrap/bootstrap.min.js HTTP/1.1" 200 22957 "https://www.vietnambim.com/bai-viet/huong-toi-tu-dong-hoa-trong-viec-tao-mo-hinh-bim-va-quy-trinh-cong-viec-duoc-cai-thien-trong-cac-cong-ty-aec" "Mozilla/5.0 AppleWebKit/537.36 (KHTML, like Gecko; compatible; Googlebot/2.1; +http://www.google.com/bot.html) Chrome/93.0.4577.82 Safari/537.36"
66.249.68.58 - - [28/Sep/2021:00:49:13 +0700] "GET /js/frontend/jquery.min.js HTTP/1.1" 200 32254 "https://www.vietnambim.com/bai-viet/huong-toi-tu-dong-hoa-trong-viec-tao-mo-hinh-bim-va-quy-trinh-cong-viec-duoc-cai-thien-trong-cac-cong-ty-aec" "Mozilla/5.0 AppleWebKit/537.36 (KHTML, like Gecko; compatible; Googlebot/2.1; +http://www.google.com/bot.html) Chrome/93.0.4577.82 Safari/537.36"
66.249.68.58 - - [28/Sep/2021:00:49:14 +0700] "GET /css/frontend/style.css HTTP/1.1" 200 7807 "https://www.vietnambim.com/bai-viet/huong-toi-tu-dong-hoa-trong-viec-tao-mo-hinh-bim-va-quy-trinh-cong-viec-duoc-cai-thien-trong-cac-cong-ty-aec" "Mozilla/5.0 AppleWebKit/537.36 (KHTML, like Gecko; compatible; Googlebot/2.1; +http://www.google.com/bot.html) Chrome/93.0.4577.82 Safari/537.36"
66.249.68.58 - - [28/Sep/2021:00:49:15 +0700] "GET /css/frontend/owl.carousel.min.css HTTP/1.1" 200 871 "https://www.vietnambim.com/bai-viet/huong-toi-tu-dong-hoa-trong-viec-tao-mo-hinh-bim-va-quy-trinh-cong-viec-duoc-cai-thien-trong-cac-cong-ty-aec" "Mozilla/5.0 AppleWebKit/537.36 (KHTML, like Gecko; compatible; Googlebot/2.1; +http://www.google.com/bot.html) Chrome/93.0.4577.82 Safari/537.36"
66.249.68.58 - - [28/Sep/2021:00:49:16 +0700] "GET /css/plugin/venobox/venobox.css HTTP/1.1" 200 2884 "https://www.vietnambim.com/bai-viet/danh-muc/chuyen-san-bim-hoc-thuong-thuc" "Mozilla/5.0 (Linux; Android 6.0.1; Nexus 5X Build/MMB29P) AppleWebKit/537.36 (KHTML, like Gecko) Chrome/93.0.4577.82 Mobile Safari/537.36 (compatible; Googlebot/2.1; +http://www.google.com/bot.html)"
66.249.68.58 - - [28/Sep/2021:00:49:17 +0700] "GET /js/frontend/jquery.min.js HTTP/1.1" 200 32254 "https://www.vietnambim.com/bai-viet/danh-muc/chuyen-san-bim-hoc-thuong-thuc" "Mozilla/5.0 (Linux; Android 6.0.1; Nexus 5X Build/MMB29P) AppleWebKit/537.36 (KHTML, like Gecko) Chrome/93.0.4577.82 Mobile Safari/537.36 (compatible; Googlebot/2.1; +http://www.google.com/bot.html)"
66.249.68.58 - - [28/Sep/2021:00:49:18 +0700] "GET /js/plugin/bootstrap/bootstrap.min.js HTTP/1.1" 200 22957 "https://www.vietnambim.com/bai-viet/danh-muc/chuyen-san-bim-hoc-thuong-thuc" "Mozilla/5.0 (Linux; Android 6.0.1; Nexus 5X Build/MMB29P) AppleWebKit/537.36 (KHTML, like Gecko) Chrome/93.0.4577.82 Mobile Safari/537.36 (compatible; Googlebot/2.1; +http://www.google.com/bot.html)"
66.249.68.58 - - [28/Sep/2021:00:49:19 +0700] "GET /js/frontend/owl.carousel.min.js HTTP/1.1" 200 11756 "https://www.vietnambim.com/bai-viet/danh-muc/chuyen-san-bim-hoc-thuong-thuc" "Mozilla/5.0 (Linux; Android 6.0.1; Nexus 5X Build/MMB29P) AppleWebKit/537.36 (KHTML, like Gecko) Chrome/93.0.4577.82 Mobile Safari/537.36 (compatible; Googlebot/2.1; +http://www.google.com/bot.html)"
66.249.68.58 - - [28/Sep/2021:00:49:20 +0700] "GET /js/frontend/sweetalert2.js HTTP/1.1" 200 17475 "https://www.vietnambim.com/bai-viet/danh-muc/chuyen-san-bim-hoc-thuong-thuc" "Mozilla/5.0 (Linux; Android 6.0.1; Nexus 5X Build/MMB29P) AppleWebKit/537.36 (KHTML, like Gecko) Chrome/93.0.4577.82 Mobile Safari/537.36 (compatible; Googlebot/2.1; +http://www.google.com/bot.html)"
66.249.68.58 - - [28/Sep/2021:00:49:21 +0700] "GET /js/frontend/frontend.js HTTP/1.1" 200 940 "https://www.vietnambim.com/bai-viet/danh-muc/chuyen-san-bim-hoc-thuong-thuc" "Mozilla/5.0 (Linux; Android 6.0.1; Nexus 5X Build/MMB29P) AppleWebKit/537.36 (KHTML, like Gecko) Chrome/93.0.4577.82 Mobile Safari/537.36 (compatible; Googlebot/2.1; +http://www.google.com/bot.html)"
66.249.68.58 - - [28/Sep/2021:00:49:22 +0700] "GET /js/plugin/venobox/venobox.min.js HTTP/1.1" 200 3912 "https://www.vietnambim.com/bai-viet/danh-muc/chuyen-san-bim-hoc-thuong-thuc" "Mozilla/5.0 (Linux; Android 6.0.1; Nexus 5X Build/MMB29P) AppleWebKit/537.36 (KHTML, like Gecko) Chrome/93.0.4577.82 Mobile Safari/537.36 (compatible; Googlebot/2.1; +http://www.google.com/bot.html)"
66.249.68.58 - - [28/Sep/2021:00:49:23 +0700] "GET /css/plugin/bootstrap/bootstrap.min.css HTTP/1.1" 200 20627 "https://www.vietnambim.com/bai-viet/danh-muc/chuyen-san-bim-hoc-thuong-thuc" "Mozilla/5.0 (Linux; Android 6.0.1; Nexus 5X Build/MMB29P) AppleWebKit/537.36 (KHTML, like Gecko) Chrome/93.0.4577.82 Mobile Safari/537.36 (compatible; Googlebot/2.1; +http://www.google.com/bot.html)"
66.249.68.58 - - [28/Sep/2021:00:49:24 +0700] "GET /js/plugin/jQuery/jquery.min.js HTTP/1.1" 200 34501 "https://www.vietnambim.com/bai-viet/danh-muc/chuyen-san-bim-hoc-thuong-thuc" "Mozilla/5.0 (Linux; Android 6.0.1; Nexus 5X Build/MMB29P) AppleWebKit/537.36 (KHTML, like Gecko) Chrome/93.0.4577.82 Mobile Safari/537.36 (compatible; Googlebot/2.1; +http://www.google.com/bot.html)"
66.249.68.60 - - [28/Sep/2021:01:30:55 +0700] "GET /css/plugin/slick/slick.css HTTP/1.1" 200 472 "https://www.vietnambim.com/bai-viet/cong-nghe-in-3d-nong-chay-lang-dong-fused-deposition-modelling-fdm" "Mozilla/5.0 AppleWebKit/537.36 (KHTML, like Gecko; compatible; Googlebot/2.1; +http://www.google.com/bot.html) Chrome/93.0.4577.82 Safari/537.36"
66.249.68.58 - - [28/Sep/2021:01:30:58 +0700] "GET /css/frontend/style.css HTTP/1.1" 200 7807 "https://www.vietnambim.com/bai-viet/cong-nghe-in-3d-nong-chay-lang-dong-fused-deposition-modelling-fdm" "Mozilla/5.0 AppleWebKit/537.36 (KHTML, like Gecko; compatible; Googlebot/2.1; +http://www.google.com/bot.html) Chrome/93.0.4577.82 Safari/537.36"
66.249.68.62 - - [28/Sep/2021:01:31:00 +0700] "GET /css/plugin/aos/aos.css HTTP/1.1" 200 5659 "https://www.vietnambim.com/bai-viet/cong-nghe-in-3d-nong-chay-lang-dong-fused-deposition-modelling-fdm" "Mozilla/5.0 AppleWebKit/537.36 (KHTML, like Gecko; compatible; Googlebot/2.1; +http://www.google.com/bot.html) Chrome/93.0.4577.82 Safari/537.36"
66.249.68.60 - - [28/Sep/2021:01:31:01 +0700] "GET /css/plugin/font-awesome/font-awesome.min.css HTTP/1.1" 200 6859 "https://www.vietnambim.com/bai-viet/cong-nghe-in-3d-nong-chay-lang-dong-fused-deposition-modelling-fdm" "Mozilla/5.0 AppleWebKit/537.36 (KHTML, like Gecko; compatible; Googlebot/2.1; +http://www.google.com/bot.html) Chrome/93.0.4577.82 Safari/537.36"
66.249.68.62 - - [28/Sep/2021:01:31:02 +0700] "GET /js/plugin/slick/slick.min.js HTTP/1.1" 200 11439 "https://www.vietnambim.com/bai-viet/cong-nghe-in-3d-nong-chay-lang-dong-fused-deposition-modelling-fdm" "Mozilla/5.0 AppleWebKit/537.36 (KHTML, like Gecko; compatible; Googlebot/2.1; +http://www.google.com/bot.html) Chrome/93.0.4577.82 Safari/537.36"
66.249.68.60 - - [28/Sep/2021:01:31:03 +0700] "GET /css/frontend/owl.carousel.min.css HTTP/1.1" 200 871 "https://www.vietnambim.com/bai-viet/cong-nghe-in-3d-nong-chay-lang-dong-fused-deposition-modelling-fdm" "Mozilla/5.0 AppleWebKit/537.36 (KHTML, like Gecko; compatible; Googlebot/2.1; +http://www.google.com/bot.html) Chrome/93.0.4577.82 Safari/537.36"
66.249.68.60 - - [28/Sep/2021:01:31:04 +0700] "GET /js/plugin/aos/aos.js HTTP/1.1" 200 4806 "https://www.vietnambim.com/bai-viet/cong-nghe-in-3d-nong-chay-lang-dong-fused-deposition-modelling-fdm" "Mozilla/5.0 AppleWebKit/537.36 (KHTML, like Gecko; compatible; Googlebot/2.1; +http://www.google.com/bot.html) Chrome/93.0.4577.82 Safari/537.36"
54.36.148.175 - - [28/Sep/2021:05:25:13 +0700] "GET / HTTP/1.0" 200 9937 "-" "Mozilla/5.0 (compatible; AhrefsBot/7.0; +http://ahrefs.com/robot/)"
207.46.13.14 - - [28/Sep/2021:07:16:05 +0700] "GET /bai-viet/index.html HTTP/1.0" 404 2009 "-" "Mozilla/5.0 (compatible; bingbot/2.0; +http://www.bing.com/bingbot.htm)"
207.46.13.13 - - [28/Sep/2021:07:58:30 +0700] "GET / HTTP/1.0" 200 11329 "-" "Mozilla/5.0 (compatible; bingbot/2.0; +http://www.bing.com/bingbot.htm)"
207.46.13.14 - - [28/Sep/2021:09:56:11 +0700] "GET /bai-viet/index.html HTTP/1.0" 404 1999 "-" "Mozilla/5.0 (compatible; bingbot/2.0; +http://www.bing.com/bingbot.htm)"
54.184.125.18 - - [28/Sep/2021:10:40:00 +0700] "GET / HTTP/1.0" 200 9927 "-" "Mozilla/5.0 (X11; Linux x86_64) AppleWebKit/537.36 (KHTML, like Gecko) Chrome/83.0.4103.97 Safari/537.36"
207.46.13.13 - - [28/Sep/2021:10:55:56 +0700] "GET / HTTP/1.0" 200 9940 "-" "Mozilla/5.0 (compatible; bingbot/2.0; +http://www.bing.com/bingbot.htm)"
34.86.35.20 - - [28/Sep/2021:12:25:18 +0700] "GET / HTTP/1.0" 200 62398 "-" "Expanse indexes the network perimeters of our customers. If you have any questions or concerns, please reach out to: scaninfo@expanseinc.com"
34.96.130.17 - - [28/Sep/2021:13:33:00 +0700] "GET / HTTP/1.0" 200 62598 "-" "Expanse indexes the network perimeters of our customers. If you have any questions or concerns, please reach out to: scaninfo@expanseinc.com"
207.46.13.13 - - [28/Sep/2021:18:07:48 +0700] "GET / HTTP/1.0" 200 9935 "-" "Mozilla/5.0 (compatible; bingbot/2.0; +http://www.bing.com/bingbot.htm)"
207.46.13.13 - - [28/Sep/2021:20:59:15 +0700] "GET / HTTP/1.0" 200 9920 "-" "Mozilla/5.0 (compatible; bingbot/2.0; +http://www.bing.com/bingbot.htm)"
157.55.39.126 - - [28/Sep/2021:23:16:54 +0700] "GET /sitemap.xml HTTP/1.0" 200 507 "-" "Mozilla/5.0 (compatible; bingbot/2.0; +http://www.bing.com/bingbot.htm)"
51.222.253.10 - - [28/Sep/2021:05:25:12 +0700] "GET /robots.txt HTTP/2.0" 200 31 "-" "Mozilla/5.0 (compatible; AhrefsBot/7.0; +http://ahrefs.com/robot/)"
66.249.68.60 - - [28/Sep/2021:07:09:52 +0700] "GET /css/plugin/slick/slick.css HTTP/1.1" 200 472 "https://www.vietnambim.com/bai-viet/bim-la-gi" "Mozilla/5.0 (Linux; Android 6.0.1; Nexus 5X Build/MMB29P) AppleWebKit/537.36 (KHTML, like Gecko) Chrome/93.0.4577.82 Mobile Safari/537.36 (compatible; Googlebot/2.1; +http://www.google.com/bot.html)"
66.249.68.62 - - [28/Sep/2021:07:09:54 +0700] "GET /js/frontend/frontend.js HTTP/1.1" 200 940 "https://www.vietnambim.com/bai-viet/bim-la-gi" "Mozilla/5.0 (Linux; Android 6.0.1; Nexus 5X Build/MMB29P) AppleWebKit/537.36 (KHTML, like Gecko) Chrome/93.0.4577.82 Mobile Safari/537.36 (compatible; Googlebot/2.1; +http://www.google.com/bot.html)"
66.249.68.62 - - [28/Sep/2021:07:09:55 +0700] "GET /css/plugin/bootstrap/bootstrap.min.css HTTP/1.1" 200 20627 "https://www.vietnambim.com/bai-viet/bim-la-gi" "Mozilla/5.0 (Linux; Android 6.0.1; Nexus 5X Build/MMB29P) AppleWebKit/537.36 (KHTML, like Gecko) Chrome/93.0.4577.82 Mobile Safari/537.36 (compatible; Googlebot/2.1; +http://www.google.com/bot.html)"
66.249.68.58 - - [28/Sep/2021:07:09:57 +0700] "GET /js/frontend/sweetalert2.js HTTP/1.1" 200 17475 "https://www.vietnambim.com/bai-viet/bim-la-gi" "Mozilla/5.0 (Linux; Android 6.0.1; Nexus 5X Build/MMB29P) AppleWebKit/537.36 (KHTML, like Gecko) Chrome/93.0.4577.82 Mobile Safari/537.36 (compatible; Googlebot/2.1; +http://www.google.com/bot.html)"
66.249.68.58 - - [28/Sep/2021:07:09:58 +0700] "GET /css/frontend/style.css HTTP/1.1" 200 7807 "https://www.vietnambim.com/bai-viet/bim-la-gi" "Mozilla/5.0 (Linux; Android 6.0.1; Nexus 5X Build/MMB29P) AppleWebKit/537.36 (KHTML, like Gecko) Chrome/93.0.4577.82 Mobile Safari/537.36 (compatible; Googlebot/2.1; +http://www.google.com/bot.html)"
66.249.68.58 - - [28/Sep/2021:07:09:59 +0700] "GET /css/plugin/aos/aos.css HTTP/1.1" 200 5659 "https://www.vietnambim.com/bai-viet/bim-la-gi" "Mozilla/5.0 (Linux; Android 6.0.1; Nexus 5X Build/MMB29P) AppleWebKit/537.36 (KHTML, like Gecko) Chrome/93.0.4577.82 Mobile Safari/537.36 (compatible; Googlebot/2.1; +http://www.google.com/bot.html)"
66.249.68.58 - - [28/Sep/2021:07:10:00 +0700] "GET /js/plugin/venobox/venobox.min.js HTTP/1.1" 200 3912 "https://www.vietnambim.com/bai-viet/bim-la-gi" "Mozilla/5.0 (Linux; Android 6.0.1; Nexus 5X Build/MMB29P) AppleWebKit/537.36 (KHTML, like Gecko) Chrome/93.0.4577.82 Mobile Safari/537.36 (compatible; Googlebot/2.1; +http://www.google.com/bot.html)"
66.249.68.58 - - [28/Sep/2021:07:10:01 +0700] "GET /js/plugin/bootstrap/bootstrap.min.js HTTP/1.1" 200 22957 "https://www.vietnambim.com/bai-viet/bim-la-gi" "Mozilla/5.0 (Linux; Android 6.0.1; Nexus 5X Build/MMB29P) AppleWebKit/537.36 (KHTML, like Gecko) Chrome/93.0.4577.82 Mobile Safari/537.36 (compatible; Googlebot/2.1; +http://www.google.com/bot.html)"
66.249.68.58 - - [28/Sep/2021:07:10:02 +0700] "GET /css/frontend/owl.carousel.min.css HTTP/1.1" 200 871 "https://www.vietnambim.com/bai-viet/bim-la-gi" "Mozilla/5.0 (Linux; Android 6.0.1; Nexus 5X Build/MMB29P) AppleWebKit/537.36 (KHTML, like Gecko) Chrome/93.0.4577.82 Mobile Safari/537.36 (compatible; Googlebot/2.1; +http://www.google.com/bot.html)"
66.249.68.58 - - [28/Sep/2021:07:10:03 +0700] "GET /js/frontend/owl.carousel.min.js HTTP/1.1" 200 11756 "https://www.vietnambim.com/bai-viet/bim-la-gi" "Mozilla/5.0 (Linux; Android 6.0.1; Nexus 5X Build/MMB29P) AppleWebKit/537.36 (KHTML, like Gecko) Chrome/93.0.4577.82 Mobile Safari/537.36 (compatible; Googlebot/2.1; +http://www.google.com/bot.html)"
66.249.68.58 - - [28/Sep/2021:07:10:04 +0700] "GET /js/frontend/jquery.min.js HTTP/1.1" 200 32254 "https://www.vietnambim.com/bai-viet/bim-la-gi" "Mozilla/5.0 (Linux; Android 6.0.1; Nexus 5X Build/MMB29P) AppleWebKit/537.36 (KHTML, like Gecko) Chrome/93.0.4577.82 Mobile Safari/537.36 (compatible; Googlebot/2.1; +http://www.google.com/bot.html)"
66.249.68.62 - - [28/Sep/2021:07:13:40 +0700] "GET /css/plugin/font-awesome/font-awesome.min.css HTTP/1.1" 200 6859 "https://www.vietnambim.com/bai-viet/bim-la-gi" "Mozilla/5.0 (Linux; Android 6.0.1; Nexus 5X Build/MMB29P) AppleWebKit/537.36 (KHTML, like Gecko) Chrome/93.0.4577.82 Mobile Safari/537.36 (compatible; Googlebot/2.1; +http://www.google.com/bot.html)"
66.249.68.58 - - [28/Sep/2021:07:13:43 +0700] "GET /css/plugin/venobox/venobox.css HTTP/1.1" 200 2884 "https://www.vietnambim.com/bai-viet/bim-la-gi" "Mozilla/5.0 (Linux; Android 6.0.1; Nexus 5X Build/MMB29P) AppleWebKit/537.36 (KHTML, like Gecko) Chrome/93.0.4577.82 Mobile Safari/537.36 (compatible; Googlebot/2.1; +http://www.google.com/bot.html)"
66.249.68.62 - - [28/Sep/2021:07:13:43 +0700] "GET /css/plugin/slick/slick.css HTTP/1.1" 200 472 "https://www.vietnambim.com/bai-viet/bim-la-gi" "Mozilla/5.0 (Linux; Android 6.0.1; Nexus 5X Build/MMB29P) AppleWebKit/537.36 (KHTML, like Gecko) Chrome/93.0.4577.82 Mobile Safari/537.36 (compatible; Googlebot/2.1; +http://www.google.com/bot.html)"
66.249.68.60 - - [28/Sep/2021:07:13:45 +0700] "GET /css/plugin/aos/aos.css HTTP/1.1" 200 5659 "https://www.vietnambim.com/bai-viet/bim-la-gi" "Mozilla/5.0 (Linux; Android 6.0.1; Nexus 5X Build/MMB29P) AppleWebKit/537.36 (KHTML, like Gecko) Chrome/93.0.4577.82 Mobile Safari/537.36 (compatible; Googlebot/2.1; +http://www.google.com/bot.html)"
66.249.68.60 - - [28/Sep/2021:09:10:49 +0700] "GET /img/frontend/preloader.gif HTTP/1.1" 200 97432 "-" "Googlebot-Image/1.0"
66.249.68.58 - - [28/Sep/2021:17:36:32 +0700] "GET /storage/uploads/tinymce/wu4ejoYtb7IQrXkhawNznNDkgX4VjylIbYwZz0Qw.gif HTTP/1.1" 200 35 "-" "Googlebot-Image/1.0"
157.55.39.126 - - [28/Sep/2021:23:16:54 +0700] "GET /sitemap.xml HTTP/2.0" 200 1820 "-" "Mozilla/5.0 (compatible; bingbot/2.0; +http://www.bing.com/bingbot.htm)"
157.55.39.46 - - [29/Sep/2021:04:20:13 +0700] "GET /bai-viet/thanh-pho-ai-thanh-pho-tuong-lai-duoc-ho-tro-boi-cac-cong-nghe-moi-nhu-ai-gis-bim HTTP/1.0" 200 8709 "-" "Mozilla/5.0 (compatible; bingbot/2.0; +http://www.bing.com/bingbot.htm)"
157.55.39.126 - - [29/Sep/2021:05:36:14 +0700] "GET /san-pham/dynamo-sandbox-hay-studio HTTP/1.0" 200 11290 "-" "Mozilla/5.0 (compatible; bingbot/2.0; +http://www.bing.com/bingbot.htm)"
207.46.13.13 - - [29/Sep/2021:06:46:32 +0700] "GET / HTTP/1.0" 200 9943 "-" "Mozilla/5.0 (compatible; bingbot/2.0; +http://www.bing.com/bingbot.htm)"
40.77.167.36 - - [29/Sep/2021:08:49:16 +0700] "GET /wp-signup.php?new=vietnamcad.com HTTP/1.0" 404 1191 "-" "Mozilla/5.0 (compatible; bingbot/2.0; +http://www.bing.com/bingbot.htm)"
207.46.13.14 - - [29/Sep/2021:09:14:39 +0700] "GET /bai-viet/huong-toi-tu-dong-hoa-trong-viec-tao-mo-hinh-bim-va-quy-trinh-cong-viec-duoc-cai-thien-trong-cac-cong-ty-aec HTTP/1.0" 200 8669 "-" "Mozilla/5.0 (compatible; bingbot/2.0; +http://www.bing.com/bingbot.htm)"
207.46.13.13 - - [29/Sep/2021:09:48:21 +0700] "GET / HTTP/1.0" 200 9921 "-" "Mozilla/5.0 (compatible; bingbot/2.0; +http://www.bing.com/bingbot.htm)"
54.191.100.209 - - [29/Sep/2021:10:20:56 +0700] "GET / HTTP/1.0" 200 9910 "-" "Mozilla/5.0 (X11; Linux x86_64) AppleWebKit/537.36 (KHTML, like Gecko) Chrome/83.0.4103.97 Safari/537.36"
40.77.167.36 - - [29/Sep/2021:11:00:28 +0700] "GET /wp-signup.php?new=vietnamcad.com HTTP/1.0" 404 1191 "-" "Mozilla/5.0 (compatible; bingbot/2.0; +http://www.bing.com/bingbot.htm)"
52.162.161.148 - - [29/Sep/2021:16:03:09 +0700] "GET /du-an/danh-muc/phoi-hop-bim-3d HTTP/1.0" 200 7012 "-" "Mozilla/5.0 (compatible; bingbot/2.0; +http://www.bing.com/bingbot.htm)"
157.55.39.126 - - [29/Sep/2021:16:46:05 +0700] "GET /sitemap.xml HTTP/1.0" 200 507 "-" "Mozilla/5.0 (compatible; bingbot/2.0; +http://www.bing.com/bingbot.htm)"
207.46.13.13 - - [29/Sep/2021:17:02:35 +0700] "GET / HTTP/1.0" 200 9935 "-" "Mozilla/5.0 (compatible; bingbot/2.0; +http://www.bing.com/bingbot.htm)"
207.46.13.13 - - [29/Sep/2021:19:17:46 +0700] "GET /du-an/nho-bim-thap-eiffel-va-khu-vuc-xung-quanh-lan-dau-tien-duoc-gioi-thieu-o-che-do-3d HTTP/1.0" 200 10325 "-" "Mozilla/5.0 (compatible; bingbot/2.0; +http://www.bing.com/bingbot.htm)"
207.46.13.13 - - [29/Sep/2021:20:18:31 +0700] "GET / HTTP/1.0" 200 9929 "-" "Mozilla/5.0 (compatible; bingbot/2.0; +http://www.bing.com/bingbot.htm)"
40.77.167.7 - - [30/Sep/2021:00:26:21 +0700] "GET /wp-signup.php?new=outsource2vietnam.com HTTP/1.0" 404 1191 "-" "Mozilla/5.0 (compatible; bingbot/2.0; +http://www.bing.com/bingbot.htm)"
66.249.68.60 - - [30/Sep/2021:00:36:43 +0700] "GET /index.html HTTP/1.0" 404 1191 "-" "Mozilla/5.0 (Linux; Android 6.0.1; Nexus 5X Build/MMB29P) AppleWebKit/537.36 (KHTML, like Gecko) Chrome/94.0.4606.54 Mobile Safari/537.36 (compatible; Googlebot/2.1; +http://www.google.com/bot.html)"
40.77.167.7 - - [30/Sep/2021:02:47:41 +0700] "GET /wp-signup.php?new=outsource2vietnam.com HTTP/1.0" 404 1191 "-" "Mozilla/5.0 (compatible; bingbot/2.0; +http://www.bing.com/bingbot.htm)"
40.77.167.40 - - [29/Sep/2021:09:48:12 +0700] "GET /robots.txt HTTP/2.0" 200 26 "-" "Mozilla/5.0 (compatible; bingbot/2.0; +http://www.bing.com/bingbot.htm)"
40.77.167.40 - - [29/Sep/2021:09:48:13 +0700] "GET /robots.txt HTTP/2.0" 200 26 "-" "Mozilla/5.0 (compatible; bingbot/2.0; +http://www.bing.com/bingbot.htm)"
52.240.159.47 - - [29/Sep/2021:16:00:46 +0700] "GET /robots.txt HTTP/2.0" 200 26 "-" "Mozilla/5.0 (compatible; bingbot/2.0; +http://www.bing.com/bingbot.htm)"
52.240.159.47 - - [29/Sep/2021:16:00:47 +0700] "GET /robots.txt HTTP/2.0" 200 26 "-" "Mozilla/5.0 (compatible; bingbot/2.0; +http://www.bing.com/bingbot.htm)"
157.55.39.126 - - [29/Sep/2021:16:46:05 +0700] "GET /sitemap.xml HTTP/2.0" 200 1820 "-" "Mozilla/5.0 (compatible; bingbot/2.0; +http://www.bing.com/bingbot.htm)"
40.77.167.40 - - [29/Sep/2021:19:17:22 +0700] "GET /robots.txt HTTP/2.0" 200 26 "-" "Mozilla/5.0 (compatible; bingbot/2.0; +http://www.bing.com/bingbot.htm)"
40.77.167.40 - - [29/Sep/2021:19:17:23 +0700] "GET /robots.txt HTTP/2.0" 200 26 "-" "Mozilla/5.0 (compatible; bingbot/2.0; +http://www.bing.com/bingbot.htm)"
66.249.68.60 - - [30/Sep/2021:00:36:43 +0700] "GET /robots.txt HTTP/1.1" 200 42 "-" "Mozilla/5.0 (compatible; Googlebot/2.1; +http://www.google.com/bot.html)"
54.36.149.17 - - [30/Sep/2021:04:39:21 +0700] "GET / HTTP/1.0" 200 9949 "-" "Mozilla/5.0 (compatible; AhrefsBot/7.0; +http://ahrefs.com/robot/)"
40.77.167.36 - - [30/Sep/2021:05:29:07 +0700] "GET /san-pham/adobe-photoshop HTTP/1.0" 200 9834 "-" "Mozilla/5.0 (compatible; bingbot/2.0; +http://www.bing.com/bingbot.htm)"
207.46.13.13 - - [30/Sep/2021:06:17:25 +0700] "GET / HTTP/1.0" 200 9925 "-" "Mozilla/5.0 (compatible; bingbot/2.0; +http://www.bing.com/bingbot.htm)"
157.55.39.126 - - [30/Sep/2021:09:24:31 +0700] "GET /sitemap.xml HTTP/1.0" 200 507 "-" "Mozilla/5.0 (compatible; bingbot/2.0; +http://www.bing.com/bingbot.htm)"
207.46.13.13 - - [30/Sep/2021:09:40:04 +0700] "GET / HTTP/1.0" 200 9917 "-" "Mozilla/5.0 (compatible; bingbot/2.0; +http://www.bing.com/bingbot.htm)"
54.70.192.15 - - [30/Sep/2021:10:10:09 +0700] "GET / HTTP/1.0" 200 9912 "-" "Mozilla/5.0 (X11; Linux x86_64) AppleWebKit/537.36 (KHTML, like Gecko) Chrome/83.0.4103.97 Safari/537.36"
207.46.13.126 - - [30/Sep/2021:10:55:16 +0700] "GET /bai-viet/cong-nghe-in-3d-nong-chay-lang-dong-fused-deposition-modelling-fdm HTTP/1.0" 200 8848 "-" "Mozilla/5.0 (compatible; bingbot/2.0; +http://www.bing.com/bingbot.htm)"
54.36.148.202 - - [30/Sep/2021:14:37:47 +0700] "GET / HTTP/1.0" 200 9944 "-" "Mozilla/5.0 (compatible; AhrefsBot/7.0; +http://ahrefs.com/robot/)"
5.45.207.154 - - [30/Sep/2021:16:12:37 +0700] "GET / HTTP/1.0" 200 9945 "-" "Mozilla/5.0 (compatible; YandexBot/3.0; +http://yandex.com/bots)"
157.55.39.126 - - [30/Sep/2021:17:02:56 +0700] "GET /du-an/danh-muc/index.html HTTP/1.0" 404 2011 "-" "Mozilla/5.0 (compatible; bingbot/2.0; +http://www.bing.com/bingbot.htm)"
157.55.39.126 - - [30/Sep/2021:17:40:10 +0700] "GET /du-an/danh-muc/ HTTP/1.0" 301 735 "-" "Mozilla/5.0 (compatible; bingbot/2.0; +http://www.bing.com/bingbot.htm)"
207.46.13.13 - - [30/Sep/2021:18:25:17 +0700] "GET / HTTP/1.0" 200 9924 "-" "Mozilla/5.0 (compatible; bingbot/2.0; +http://www.bing.com/bingbot.htm)"
208.110.93.78 - - [30/Sep/2021:19:53:12 +0700] "GET /bai-viet/tag/BIM%20N%C3%A2ng%20cao HTTP/1.0" 200 6776 "-" "Mozilla/5.0 (compatible; MJ12bot/v1.4.8; http://mj12bot.com/)"
208.110.93.78 - - [30/Sep/2021:19:53:15 +0700] "GET /bai-viet/tag/BIM%20c%C6%A1%20b%E1%BA%A3n HTTP/1.0" 200 6613 "-" "Mozilla/5.0 (compatible; MJ12bot/v1.4.8; http://mj12bot.com/)"
40.77.167.36 - - [30/Sep/2021:21:42:38 +0700] "GET /san-pham/danh-muc/ HTTP/1.0" 301 741 "-" "Mozilla/5.0 (compatible; bingbot/2.0; +http://www.bing.com/bingbot.htm)"
207.46.13.13 - - [30/Sep/2021:21:54:07 +0700] "GET / HTTP/1.0" 200 9932 "-" "Mozilla/5.0 (compatible; bingbot/2.0; +http://www.bing.com/bingbot.htm)"
54.36.148.16 - - [30/Sep/2021:04:39:19 +0700] "GET /robots.txt HTTP/2.0" 200 31 "-" "Mozilla/5.0 (compatible; AhrefsBot/7.0; +http://ahrefs.com/robot/)"
157.55.39.126 - - [30/Sep/2021:09:24:31 +0700] "GET /sitemap.xml HTTP/2.0" 200 1820 "-" "Mozilla/5.0 (compatible; bingbot/2.0; +http://www.bing.com/bingbot.htm)"
138.246.253.24 - - [30/Sep/2021:13:05:40 +0700] "GET /robots.txt HTTP/1.1" 200 26 "-" "Mozilla/5.0 (Windows NT 10.0; Win64; x64) AppleWebKit/537.36 (KHTML, like Gecko) Chrome/88.0.4324.146 Safari/537.36"
54.36.148.226 - - [30/Sep/2021:14:37:46 +0700] "GET /robots.txt HTTP/2.0" 200 31 "-" "Mozilla/5.0 (compatible; AhrefsBot/7.0; +http://ahrefs.com/robot/)"
5.45.207.154 - - [30/Sep/2021:16:12:34 +0700] "GET /robots.txt HTTP/1.1" 200 26 "-" "Mozilla/5.0 (compatible; YandexBot/3.0; +http://yandex.com/bots)"
208.110.93.78 - - [30/Sep/2021:19:52:55 +0700] "GET /robots.txt HTTP/1.1" 200 26 "-" "Mozilla/5.0 (compatible; MJ12bot/v1.4.8; http://mj12bot.com/)"
157.55.39.46 - - [01/Oct/2021:04:12:15 +0700] "GET /du-an/bim-va-cong-trinh-lich-su-dinh-tien-le HTTP/1.0" 200 10151 "-" "Mozilla/5.0 (compatible; bingbot/2.0; +http://www.bing.com/bingbot.htm)"
66.249.68.62 - - [01/Oct/2021:04:51:31 +0700] "GET /san-pham/danh-muc/pham-mem-bim-3d HTTP/1.0" 200 6349 "-" "Mozilla/5.0 (Linux; Android 6.0.1; Nexus 5X Build/MMB29P) AppleWebKit/537.36 (KHTML, like Gecko) Chrome/94.0.4606.54 Mobile Safari/537.36 (compatible; Googlebot/2.1; +http://www.google.com/bot.html)"
207.46.13.13 - - [01/Oct/2021:05:58:06 +0700] "GET / HTTP/1.0" 200 9940 "-" "Mozilla/5.0 (compatible; bingbot/2.0; +http://www.bing.com/bingbot.htm)"
207.46.13.13 - - [01/Oct/2021:08:51:09 +0700] "GET / HTTP/1.0" 200 9943 "-" "Mozilla/5.0 (compatible; bingbot/2.0; +http://www.bing.com/bingbot.htm)"
34.221.43.245 - - [01/Oct/2021:10:37:23 +0700] "GET / HTTP/1.0" 200 9933 "-" "Mozilla/5.0 (X11; Linux x86_64) AppleWebKit/537.36 (KHTML, like Gecko) Chrome/83.0.4103.97 Safari/537.36"
34.96.130.3 - - [01/Oct/2021:11:20:58 +0700] "GET / HTTP/1.0" 200 62410 "-" "Expanse indexes the network perimeters of our customers. If you have any questions or concerns, please reach out to: scaninfo@expanseinc.com"
124.126.78.191 - - [01/Oct/2021:11:48:51 +0700] "GET / HTTP/1.0" 200 62590 "-" "Mozilla/5.0 (Linux; U; Android 9; zh-cn; RMX1901 Build/QKQ1.190918.001) AppleWebKit/537.36 (KHTML, like Gecko) Version/4.0 Chrome/70.0.3538.80 Mobile Safari/537.36 HeyTapBrowser/40.7.22.1"
157.55.39.126 - - [01/Oct/2021:14:35:20 +0700] "GET /sitemap.xml HTTP/1.0" 200 507 "-" "Mozilla/5.0 (compatible; bingbot/2.0; +http://www.bing.com/bingbot.htm)"
207.46.13.13 - - [01/Oct/2021:16:30:45 +0700] "GET / HTTP/1.0" 200 9931 "-" "Mozilla/5.0 (compatible; bingbot/2.0; +http://www.bing.com/bingbot.htm)"
207.46.13.13 - - [01/Oct/2021:19:24:33 +0700] "GET / HTTP/1.0" 200 9931 "-" "Mozilla/5.0 (compatible; bingbot/2.0; +http://www.bing.com/bingbot.htm)"
137.226.113.44 - - [01/Oct/2021:19:55:28 +0700] "GET / HTTP/1.0" 200 9944 "-" "Mozilla/5.0 (X11; Linux x86_64; rv:84.0) Gecko/20100101 Firefox/84.0"
207.46.13.14 - - [01/Oct/2021:21:13:50 +0700] "GET /index.html HTTP/1.0" 404 1191 "-" "Mozilla/5.0 (compatible; bingbot/2.0; +http://www.bing.com/bingbot.htm)"
207.46.13.14 - - [01/Oct/2021:23:22:23 +0700] "GET /index.html HTTP/1.0" 404 1191 "-" "Mozilla/5.0 (compatible; bingbot/2.0; +http://www.bing.com/bingbot.htm)"
207.46.13.13 - - [02/Oct/2021:01:52:24 +0700] "GET / HTTP/1.0" 200 9953 "-" "Mozilla/5.0 (compatible; bingbot/2.0; +http://www.bing.com/bingbot.htm)"
124.126.78.191 - - [01/Oct/2021:11:49:05 +0700] "GET /js/plugin/aos/aos.js HTTP/1.1" 200 23735 "-" "Mozilla/5.0 (Linux; Android 8.0; Pixel 2 Build/OPD3.170816.012) AppleWebKit/537.36 (KHTML, like Gecko) Chrome/90.0.4472.114 Mobile Safari/537.36"
124.126.78.191 - - [01/Oct/2021:11:49:05 +0700] "GET /js/frontend/frontend.js HTTP/1.1" 200 4092 "-" "Mozilla/5.0 (Linux; Android 10.0; LG G2 Build/170816.012) AppleWebKit/537.36 (KHTML, like Gecko) Chrome/88.0.4472.114 Mobile Safari/537.36"
124.126.78.191 - - [01/Oct/2021:11:49:05 +0700] "GET /js/frontend/sweetalert2.js HTTP/1.1" 200 69579 "-" "Mozilla/5.0 (Linux; Android 7.0; Pixel 1 Build/OPD2.1672) AppleWebKit/537.36 (KHTML, like Gecko) Chrome/91.0.4472.114 Mobile Safari/537.36"
157.55.39.126 - - [01/Oct/2021:14:35:20 +0700] "GET /sitemap.xml HTTP/2.0" 200 1820 "-" "Mozilla/5.0 (compatible; bingbot/2.0; +http://www.bing.com/bingbot.htm)"
40.77.167.40 - - [01/Oct/2021:19:23:51 +0700] "GET /robots.txt HTTP/2.0" 200 26 "-" "Mozilla/5.0 (compatible; bingbot/2.0; +http://www.bing.com/bingbot.htm)"
40.77.167.40 - - [01/Oct/2021:19:23:52 +0700] "GET /robots.txt HTTP/2.0" 200 26 "-" "Mozilla/5.0 (compatible; bingbot/2.0; +http://www.bing.com/bingbot.htm)"
66.249.68.58 - - [01/Oct/2021:19:53:01 +0700] "GET /storage/uploads/tinymce/wu4ejoYtb7IQrXkhawNznNDkgX4VjylIbYwZz0Qw.gif HTTP/1.1" 200 35 "-" "Googlebot-Image/1.0"
40.77.167.40 - - [01/Oct/2021:21:13:44 +0700] "GET /robots.txt HTTP/2.0" 200 26 "-" "Mozilla/5.0 (compatible; bingbot/2.0; +http://www.bing.com/bingbot.htm)"
