66.249.71.171 - - [04/Aug/2022:04:16:09 +0700] "GET /du-an/danh-muc/bim-5d HTTP/1.0" 500 8434 "-" "Mozilla/5.0 (Linux; Android 6.0.1; Nexus 5X Build/MMB29P) AppleWebKit/537.36 (KHTML, like Gecko) Chrome/103.0.5060.134 Mobile Safari/537.36 (compatible; Googlebot/2.1; +http://www.google.com/bot.html)"
207.46.13.235 - - [04/Aug/2022:04:37:35 +0700] "GET /robots.txt HTTP/2.0" 200 26 "-" "Mozilla/5.0 (compatible; bingbot/2.0; +http://www.bing.com/bingbot.htm)"
207.46.13.213 - - [04/Aug/2022:04:37:54 +0700] "GET / HTTP/1.0" 500 9516 "-" "Mozilla/5.0 (compatible; bingbot/2.0; +http://www.bing.com/bingbot.htm)"
150.249.214.254 - - [04/Aug/2022:04:46:28 +0700] "GET / HTTP/1.0" 500 9550 "-" "Mozilla/5.0 (Windows NT 6.3; WOW64; Trident/7.0; rv:11.0) like Gecko"
150.249.214.254 - - [04/Aug/2022:04:46:41 +0700] "GET / HTTP/1.0" 500 9562 "-" "Mozilla/5.0 (Windows NT 6.3; WOW64; Trident/7.0; rv:11.0) like Gecko"
150.249.214.254 - - [04/Aug/2022:04:46:54 +0700] "GET / HTTP/1.0" 500 9557 "-" "Mozilla/5.0 (Windows NT 6.3; WOW64; Trident/7.0; rv:11.0) like Gecko"
150.249.214.251 - - [04/Aug/2022:04:47:08 +0700] "GET / HTTP/1.0" 500 9573 "-" "Mozilla/5.0 (Windows NT 6.3; WOW64; Trident/7.0; rv:11.0) like Gecko"
66.249.71.167 - - [04/Aug/2022:05:47:03 +0700] "GET /du-an/danh-muc/bim-5d HTTP/1.0" 500 8433 "-" "Mozilla/5.0 (Linux; Android 6.0.1; Nexus 5X Build/MMB29P) AppleWebKit/537.36 (KHTML, like Gecko) Chrome/103.0.5060.134 Mobile Safari/537.36 (compatible; Googlebot/2.1; +http://www.google.com/bot.html)"
207.46.13.173 - - [04/Aug/2022:07:00:19 +0700] "GET /storage/img/project/1629085228-project-trade-service-finance-and-banking-center-ciputra.jpg HTTP/2.0" 200 275698 "-" "Mozilla/5.0 (compatible; bingbot/2.0; +http://www.bing.com/bingbot.htm)"
185.191.171.24 - - [04/Aug/2022:08:41:18 +0700] "GET /robots.txt HTTP/1.1" 200 26 "-" "Mozilla/5.0 (compatible; SemrushBot/7~bl; +http://www.semrush.com/bot.html)"
185.191.171.21 - - [04/Aug/2022:08:41:21 +0700] "GET /du-an/danh-muc/phoi-hop-bim-3d HTTP/1.0" 500 8275 "-" "Mozilla/5.0 (compatible; SemrushBot/7~bl; +http://www.semrush.com/bot.html)"
185.191.171.21 - - [04/Aug/2022:08:42:13 +0700] "GET /du-an/danh-muc/phoi-hop-bim-3d HTTP/1.0" 500 8273 "-" "Mozilla/5.0 (compatible; SemrushBot/7~bl; +http://www.semrush.com/bot.html)"
114.119.141.53 - - [04/Aug/2022:08:42:49 +0700] "GET /san-pham/phan-mem-sketchup HTTP/1.0" 500 8396 "https://vietnambim.com/du-an/bim-va-cong-trinh-lich-su-dinh-tien-le" "Mozilla/5.0 (Linux; Android 7.0;) AppleWebKit/537.36 (KHTML, like Gecko) Mobile Safari/537.36 (compatible; PetalBot;+https://webmaster.petalsearch.com/site/petalbot)"
114.119.141.52 - - [04/Aug/2022:08:49:00 +0700] "GET /bai-viet/bim-la-gi HTTP/1.0" 500 8377 "http://vietnambim.com/bai-viet/danh-muc/bim-nang-cao" "Mozilla/5.0 (Linux; Android 7.0;) AppleWebKit/537.36 (KHTML, like Gecko) Mobile Safari/537.36 (compatible; PetalBot;+https://webmaster.petalsearch.com/site/petalbot)"
54.36.149.14 - - [04/Aug/2022:09:11:20 +0700] "GET /robots.txt HTTP/2.0" 200 31 "-" "Mozilla/5.0 (compatible; AhrefsBot/7.0; +http://ahrefs.com/robot/)"
54.36.148.82 - - [04/Aug/2022:09:11:26 +0700] "GET / HTTP/1.0" 500 9478 "-" "Mozilla/5.0 (compatible; AhrefsBot/7.0; +http://ahrefs.com/robot/)"
103.131.71.205 - - [04/Aug/2022:10:37:10 +0700] "GET /robots.txt HTTP/1.1" 200 26 "-" "Mozilla/5.0 (compatible; coccocbot-image/1.0; +http://help.coccoc.com/searchengine)"
114.119.141.52 - - [04/Aug/2022:10:48:03 +0700] "GET /san-pham/danh-muc/phan-mem-bim-6d HTTP/1.0" 500 8379 "https://vietnambim.com/san-pham?page=2" "Mozilla/5.0 (Linux; Android 7.0;) AppleWebKit/537.36 (KHTML, like Gecko) Mobile Safari/537.36 (compatible; PetalBot;+https://webmaster.petalsearch.com/site/petalbot)"
114.119.141.53 - - [04/Aug/2022:10:53:24 +0700] "GET /san-pham/danh-muc/bim-cho-dich-vu-an-uong HTTP/1.0" 500 8388 "https://vietnambim.com/san-pham?page=2" "Mozilla/5.0 (Linux; Android 7.0;) AppleWebKit/537.36 (KHTML, like Gecko) Mobile Safari/537.36 (compatible; PetalBot;+https://webmaster.petalsearch.com/site/petalbot)"
34.148.81.222 - - [04/Aug/2022:11:08:46 +0700] "GET /robots.txt HTTP/1.1" 200 26 "-" "ZoominfoBot (zoominfobot at zoominfo dot com)"
34.148.81.222 - - [04/Aug/2022:11:08:46 +0700] "GET /robots.txt HTTP/1.0" 200 26 "-" "ZoominfoBot (zoominfobot at zoominfo dot com)"
34.148.81.222 - - [04/Aug/2022:11:08:47 +0700] "GET / HTTP/1.0" 500 9563 "-" "ZoominfoBot (zoominfobot at zoominfo dot com)"
5.45.207.125 - - [04/Aug/2022:11:28:33 +0700] "GET /robots.txt HTTP/1.1" 200 26 "-" "Mozilla/5.0 (compatible; YandexBot/3.0; +http://yandex.com/bots)"
95.108.213.19 - - [04/Aug/2022:11:28:33 +0700] "GET /robots.txt HTTP/1.1" 200 26 "-" "Mozilla/5.0 (compatible; YandexBot/3.0; +http://yandex.com/bots)"
95.108.213.19 - - [04/Aug/2022:11:28:33 +0700] "GET /robots.txt HTTP/1.1" 200 26 "-" "Mozilla/5.0 (compatible; YandexBot/3.0; +http://yandex.com/bots)"
95.108.213.19 - - [04/Aug/2022:11:28:35 +0700] "GET / HTTP/1.0" 500 9525 "-" "Mozilla/5.0 (compatible; YandexBot/3.0; +http://yandex.com/bots)"
95.108.213.19 - - [04/Aug/2022:11:28:36 +0700] "GET / HTTP/1.0" 500 9532 "-" "Mozilla/5.0 (compatible; YandexBot/3.0; +http://yandex.com/bots)"
95.108.213.19 - - [04/Aug/2022:11:30:09 +0700] "GET / HTTP/1.0" 500 9530 "-" "Mozilla/5.0 (compatible; YandexBot/3.0; +http://yandex.com/bots)"
95.108.213.19 - - [04/Aug/2022:11:30:09 +0700] "GET / HTTP/1.0" 500 9521 "-" "Mozilla/5.0 (compatible; YandexBot/3.0; +http://yandex.com/bots)"
34.148.81.222 - - [04/Aug/2022:11:45:38 +0700] "GET /robots.txt HTTP/1.1" 200 26 "-" "ZoominfoBot (zoominfobot at zoominfo dot com)"
34.148.81.222 - - [04/Aug/2022:11:45:39 +0700] "GET /robots.txt HTTP/1.0" 200 26 "-" "ZoominfoBot (zoominfobot at zoominfo dot com)"
34.148.81.222 - - [04/Aug/2022:11:45:39 +0700] "GET / HTTP/1.0" 500 9575 "-" "ZoominfoBot (zoominfobot at zoominfo dot com)"
95.108.213.19 - - [04/Aug/2022:11:45:42 +0700] "GET / HTTP/1.0" 500 9529 "-" "Mozilla/5.0 (compatible; YandexBot/3.0; +http://yandex.com/bots)"
95.108.213.19 - - [04/Aug/2022:11:45:44 +0700] "GET / HTTP/1.0" 500 9533 "-" "Mozilla/5.0 (compatible; YandexBot/3.0; +http://yandex.com/bots)"
95.108.213.19 - - [04/Aug/2022:11:47:42 +0700] "GET / HTTP/1.0" 500 9518 "-" "Mozilla/5.0 (compatible; YandexBot/3.0; +http://yandex.com/bots)"
95.108.213.19 - - [04/Aug/2022:11:47:42 +0700] "GET / HTTP/1.0" 500 9527 "-" "Mozilla/5.0 (compatible; YandexBot/3.0; +http://yandex.com/bots)"
95.108.213.19 - - [04/Aug/2022:12:05:35 +0700] "GET /storage/img/blog/1629036959-sach-bim-mien-phi-so-tay-bim-danh-cho-chu-dau-tu-nha-quan-ly-don-vi-thiet-ke-nha-thau.png HTTP/1.1" 200 487255 "-" "Mozilla/5.0 (compatible; YandexImages/3.0; +http://yandex.com/bots)"
157.55.39.35 - - [04/Aug/2022:13:32:47 +0700] "GET /san-pham/cac-loai-module-trong-grasshopper HTTP/1.0" 500 8348 "-" "Mozilla/5.0 AppleWebKit/537.36 (KHTML, like Gecko; compatible; bingbot/2.0; +http://www.bing.com/bingbot.htm) Chrome/103.0.5060.134 Safari/537.36"
114.119.141.42 - - [04/Aug/2022:13:36:12 +0700] "GET /bai-viet/trinh-tu-lap-mo-hinh-bim HTTP/1.0" 500 8387 "http://vietnambim.com/bai-viet/danh-muc/bim-nang-cao" "Mozilla/5.0 (Linux; Android 7.0;) AppleWebKit/537.36 (KHTML, like Gecko) Mobile Safari/537.36 (compatible; PetalBot;+https://webmaster.petalsearch.com/site/petalbot)"
185.191.171.14 - - [04/Aug/2022:13:40:04 +0700] "GET /robots.txt HTTP/1.1" 200 26 "-" "Mozilla/5.0 (compatible; SemrushBot/7~bl; +http://www.semrush.com/bot.html)"
185.191.171.23 - - [04/Aug/2022:13:40:07 +0700] "GET /du-an/danh-muc/index.html HTTP/1.0" 500 8265 "-" "Mozilla/5.0 (compatible; SemrushBot/7~bl; +http://www.semrush.com/bot.html)"
185.191.171.23 - - [04/Aug/2022:13:40:59 +0700] "GET /du-an/danh-muc/index.html HTTP/1.0" 500 8263 "-" "Mozilla/5.0 (compatible; SemrushBot/7~bl; +http://www.semrush.com/bot.html)"
35.237.117.162 - - [04/Aug/2022:14:07:10 +0700] "GET /robots.txt HTTP/1.0" 200 26 "-" "ZoominfoBot (zoominfobot at zoominfo dot com)"
35.237.117.162 - - [04/Aug/2022:14:07:11 +0700] "GET / HTTP/1.0" 500 9571 "-" "ZoominfoBot (zoominfobot at zoominfo dot com)"
35.237.117.162 - - [04/Aug/2022:14:21:19 +0700] "GET /robots.txt HTTP/1.0" 200 26 "-" "ZoominfoBot (zoominfobot at zoominfo dot com)"
35.237.117.162 - - [04/Aug/2022:14:21:20 +0700] "GET / HTTP/1.0" 500 9560 "-" "ZoominfoBot (zoominfobot at zoominfo dot com)"
114.119.150.56 - - [04/Aug/2022:14:45:30 +0700] "GET /robots.txt HTTP/1.1" 200 26 "-" "Mozilla/5.0 (compatible;PetalBot;+https://webmaster.petalsearch.com/site/petalbot)"
95.108.213.19 - - [04/Aug/2022:14:54:25 +0700] "GET /robots.txt HTTP/1.1" 200 26 "-" "Mozilla/5.0 (compatible; YandexBot/3.0; +http://yandex.com/bots)"
5.45.207.125 - - [04/Aug/2022:14:54:26 +0700] "GET /robots.txt HTTP/1.1" 200 26 "-" "Mozilla/5.0 (compatible; YandexBot/3.0; +http://yandex.com/bots)"
95.108.213.19 - - [04/Aug/2022:14:54:27 +0700] "GET /robots.txt HTTP/1.1" 200 26 "-" "Mozilla/5.0 (compatible; YandexBot/3.0; +http://yandex.com/bots)"
95.108.213.19 - - [04/Aug/2022:14:54:28 +0700] "GET / HTTP/1.0" 500 9528 "-" "Mozilla/5.0 (compatible; YandexBot/3.0; +http://yandex.com/bots)"
95.108.213.19 - - [04/Aug/2022:14:54:30 +0700] "GET / HTTP/1.0" 500 9532 "-" "Mozilla/5.0 (compatible; YandexBot/3.0; +http://yandex.com/bots)"
103.131.71.40 - - [04/Aug/2022:14:59:52 +0700] "GET /robots.txt HTTP/1.1" 200 26 "-" "Mozilla/5.0 (compatible; coccocbot-image/1.0; +http://help.coccoc.com/searchengine)"
103.131.71.18 - - [04/Aug/2022:15:01:24 +0700] "GET /storage/img/project/1629086005-thanks-to-bim-the-eiffel-tower-and-surrounding-area-is-introduced-in-3d-for-the-first-time.jpg HTTP/1.1" 200 207950 "-" "Mozilla/5.0 (compatible; coccocbot-image/1.0; +http://help.coccoc.com/searchengine)"
95.108.213.19 - - [04/Aug/2022:15:31:02 +0700] "GET / HTTP/1.0" 500 9537 "-" "Mozilla/5.0 (compatible; YandexBot/3.0; +http://yandex.com/bots)"
95.108.213.19 - - [04/Aug/2022:15:31:03 +0700] "GET / HTTP/1.0" 500 9519 "-" "Mozilla/5.0 (compatible; YandexBot/3.0; +http://yandex.com/bots)"
95.108.213.19 - - [04/Aug/2022:15:32:54 +0700] "GET / HTTP/1.0" 500 9530 "-" "Mozilla/5.0 (compatible; YandexBot/3.0; +http://yandex.com/bots)"
5.45.207.125 - - [04/Aug/2022:15:32:54 +0700] "GET / HTTP/1.0" 500 9520 "-" "Mozilla/5.0 (compatible; YandexBot/3.0; +http://yandex.com/bots)"
157.55.39.98 - - [04/Aug/2022:15:37:03 +0700] "GET /du-an/danh-muc/phoi-hop-bim-3d HTTP/1.0" 500 8285 "-" "Mozilla/5.0 (compatible; bingbot/2.0; +http://www.bing.com/bingbot.htm)"
128.199.254.85 - - [04/Aug/2022:15:53:21 +0700] "GET /wp-commentin.php HTTP/1.0" 404 2099 "-" "Mozilla/5.0 (Windows NT 10.0; WOW64) AppleWebKit/537.36 (KHTML, like Gecko) Chrome/87.0.4280.88 YaBrowser/20.12.2.105 Yowser/2.5 Safari/537.36"
5.45.207.125 - - [04/Aug/2022:16:21:54 +0700] "GET /robots.txt HTTP/1.1" 200 26 "-" "Mozilla/5.0 (compatible; YandexBot/3.0; +http://yandex.com/bots)"
95.108.213.19 - - [04/Aug/2022:16:21:55 +0700] "GET / HTTP/1.0" 500 9530 "-" "Mozilla/5.0 (compatible; YandexBot/3.0; +http://yandex.com/bots)"
95.108.213.19 - - [04/Aug/2022:16:21:58 +0700] "GET / HTTP/1.0" 500 9528 "-" "Mozilla/5.0 (compatible; YandexBot/3.0; +http://yandex.com/bots)"
95.108.213.19 - - [04/Aug/2022:16:23:19 +0700] "GET / HTTP/1.0" 500 9528 "-" "Mozilla/5.0 (compatible; YandexBot/3.0; +http://yandex.com/bots)"
213.180.203.66 - - [04/Aug/2022:16:23:20 +0700] "GET /robots.txt HTTP/1.1" 200 26 "-" "Mozilla/5.0 (compatible; YandexBot/3.0; +http://yandex.com/bots)"
87.250.224.22 - - [04/Aug/2022:16:23:24 +0700] "GET / HTTP/1.0" 500 9538 "-" "Mozilla/5.0 (compatible; YandexBot/3.0; +http://yandex.com/bots)"
157.55.39.140 - - [04/Aug/2022:16:29:43 +0700] "GET /san-pham/bim-5d HTTP/1.0" 500 8330 "-" "Mozilla/5.0 AppleWebKit/537.36 (KHTML, like Gecko; compatible; bingbot/2.0; +http://www.bing.com/bingbot.htm) Chrome/103.0.5060.134 Safari/537.36"
103.131.71.26 - - [04/Aug/2022:16:36:28 +0700] "GET /robots.txt HTTP/1.1" 200 26 "-" "Mozilla/5.0 (compatible; coccocbot-image/1.0; +http://help.coccoc.com/searchengine)"
103.131.71.35 - - [04/Aug/2022:16:36:38 +0700] "GET /img/frontend/preloader.gif HTTP/1.1" 304 0 "-" "Mozilla/5.0 (compatible; coccocbot-image/1.0; +http://help.coccoc.com/searchengine)"
95.108.213.19 - - [04/Aug/2022:16:58:46 +0700] "GET / HTTP/1.0" 500 9527 "-" "Mozilla/5.0 (compatible; YandexBot/3.0; +http://yandex.com/bots)"
5.45.207.125 - - [04/Aug/2022:16:58:46 +0700] "GET / HTTP/1.0" 500 9521 "-" "Mozilla/5.0 (compatible; YandexBot/3.0; +http://yandex.com/bots)"
95.108.213.19 - - [04/Aug/2022:17:00:42 +0700] "GET / HTTP/1.0" 500 9529 "-" "Mozilla/5.0 (compatible; YandexBot/3.0; +http://yandex.com/bots)"
95.108.213.19 - - [04/Aug/2022:17:00:43 +0700] "GET / HTTP/1.0" 500 9533 "-" "Mozilla/5.0 (compatible; YandexBot/3.0; +http://yandex.com/bots)"
216.244.66.199 - - [04/Aug/2022:17:07:48 +0700] "GET /robots.txt HTTP/1.1" 200 26 "-" "Mozilla/5.0 (compatible; DotBot/1.2; +https://opensiteexplorer.org/dotbot; help@moz.com)"
216.244.66.199 - - [04/Aug/2022:17:23:28 +0700] "GET /bai-viet/tag/Chuy%C3%AAn%20san%20BIM%20h%E1%BB%8Dc%20th%C6%B0%E1%BB%9Dng%20th%E1%BB%A9c HTTP/1.0" 500 45032 "-" "Mozilla/5.0 (compatible; DotBot/1.2; +https://opensiteexplorer.org/dotbot; help@moz.com)"
66.249.71.167 - - [04/Aug/2022:17:43:58 +0700] "GET /robots.txt HTTP/1.1" 200 42 "-" "Mozilla/5.0 (compatible; Googlebot/2.1; +http://www.google.com/bot.html)"
66.249.71.171 - - [04/Aug/2022:17:43:59 +0700] "GET /du-an/danh-muc/bim-4d HTTP/1.0" 500 8300 "-" "Mozilla/5.0 (compatible; Googlebot/2.1; +http://www.google.com/bot.html)"
95.108.213.19 - - [04/Aug/2022:18:21:48 +0700] "GET /robots.txt HTTP/1.1" 200 26 "-" "Mozilla/5.0 (compatible; YandexBot/3.0; +http://yandex.com/bots)"
5.45.207.125 - - [04/Aug/2022:18:21:48 +0700] "GET /robots.txt HTTP/1.1" 200 26 "-" "Mozilla/5.0 (compatible; YandexBot/3.0; +http://yandex.com/bots)"
5.45.207.125 - - [04/Aug/2022:18:21:48 +0700] "GET /robots.txt HTTP/1.1" 200 26 "-" "Mozilla/5.0 (compatible; YandexBot/3.0; +http://yandex.com/bots)"
95.108.213.19 - - [04/Aug/2022:18:21:51 +0700] "GET / HTTP/1.0" 500 9530 "-" "Mozilla/5.0 (compatible; YandexBot/3.0; +http://yandex.com/bots)"
95.108.213.19 - - [04/Aug/2022:18:21:52 +0700] "GET / HTTP/1.0" 500 9529 "-" "Mozilla/5.0 (compatible; YandexBot/3.0; +http://yandex.com/bots)"
95.108.213.19 - - [04/Aug/2022:18:23:47 +0700] "GET / HTTP/1.0" 500 9528 "-" "Mozilla/5.0 (compatible; YandexBot/3.0; +http://yandex.com/bots)"
5.45.207.125 - - [04/Aug/2022:18:23:47 +0700] "GET / HTTP/1.0" 500 9524 "-" "Mozilla/5.0 (compatible; YandexBot/3.0; +http://yandex.com/bots)"
95.108.213.19 - - [04/Aug/2022:18:27:43 +0700] "GET / HTTP/1.0" 500 9523 "-" "Mozilla/5.0 (compatible; YandexBot/3.0; +http://yandex.com/bots)"
5.45.207.125 - - [04/Aug/2022:18:27:45 +0700] "GET / HTTP/1.0" 500 9521 "-" "Mozilla/5.0 (compatible; YandexBot/3.0; +http://yandex.com/bots)"
95.108.213.19 - - [04/Aug/2022:18:29:41 +0700] "GET / HTTP/1.0" 500 9526 "-" "Mozilla/5.0 (compatible; YandexBot/3.0; +http://yandex.com/bots)"
95.108.213.19 - - [04/Aug/2022:18:29:42 +0700] "GET / HTTP/1.0" 500 9524 "-" "Mozilla/5.0 (compatible; YandexBot/3.0; +http://yandex.com/bots)"
95.108.213.19 - - [04/Aug/2022:18:37:42 +0700] "GET / HTTP/1.0" 500 9523 "-" "Mozilla/5.0 (compatible; YandexBot/3.0; +http://yandex.com/bots)"
5.45.207.125 - - [04/Aug/2022:18:37:42 +0700] "GET / HTTP/1.0" 500 9516 "-" "Mozilla/5.0 (compatible; YandexBot/3.0; +http://yandex.com/bots)"
95.108.213.19 - - [04/Aug/2022:18:39:41 +0700] "GET / HTTP/1.0" 500 10912 "-" "Mozilla/5.0 (compatible; YandexBot/3.0; +http://yandex.com/bots)"
5.45.207.125 - - [04/Aug/2022:18:39:42 +0700] "GET / HTTP/1.0" 500 9519 "-" "Mozilla/5.0 (compatible; YandexBot/3.0; +http://yandex.com/bots)"
5.45.207.125 - - [04/Aug/2022:18:43:45 +0700] "GET / HTTP/1.0" 500 9524 "-" "Mozilla/5.0 (compatible; YandexBot/3.0; +http://yandex.com/bots)"
95.108.213.19 - - [04/Aug/2022:18:43:45 +0700] "GET / HTTP/1.0" 500 9524 "-" "Mozilla/5.0 (compatible; YandexBot/3.0; +http://yandex.com/bots)"
95.108.213.19 - - [04/Aug/2022:18:45:44 +0700] "GET / HTTP/1.0" 500 9515 "-" "Mozilla/5.0 (compatible; YandexBot/3.0; +http://yandex.com/bots)"
95.108.213.19 - - [04/Aug/2022:18:45:44 +0700] "GET / HTTP/1.0" 500 9522 "-" "Mozilla/5.0 (compatible; YandexBot/3.0; +http://yandex.com/bots)"
216.244.66.199 - - [04/Aug/2022:18:49:02 +0700] "GET /robots.txt HTTP/1.1" 200 26 "-" "Mozilla/5.0 (compatible; DotBot/1.2; +https://opensiteexplorer.org/dotbot; help@moz.com)"
95.108.213.19 - - [04/Aug/2022:18:49:45 +0700] "GET / HTTP/1.0" 500 9519 "-" "Mozilla/5.0 (compatible; YandexBot/3.0; +http://yandex.com/bots)"
5.45.207.125 - - [04/Aug/2022:18:49:45 +0700] "GET / HTTP/1.0" 500 9536 "-" "Mozilla/5.0 (compatible; YandexBot/3.0; +http://yandex.com/bots)"
95.108.213.19 - - [04/Aug/2022:18:51:44 +0700] "GET / HTTP/1.0" 500 9529 "-" "Mozilla/5.0 (compatible; YandexBot/3.0; +http://yandex.com/bots)"
95.108.213.19 - - [04/Aug/2022:18:51:45 +0700] "GET / HTTP/1.0" 500 9520 "-" "Mozilla/5.0 (compatible; YandexBot/3.0; +http://yandex.com/bots)"
5.45.207.125 - - [04/Aug/2022:18:57:49 +0700] "GET / HTTP/1.0" 500 9538 "-" "Mozilla/5.0 (compatible; YandexBot/3.0; +http://yandex.com/bots)"
213.180.203.75 - - [04/Aug/2022:18:57:49 +0700] "GET / HTTP/1.0" 500 9527 "-" "Mozilla/5.0 (compatible; YandexBot/3.0; +http://yandex.com/bots)"
95.108.213.19 - - [04/Aug/2022:18:59:48 +0700] "GET / HTTP/1.0" 500 9529 "-" "Mozilla/5.0 (compatible; YandexBot/3.0; +http://yandex.com/bots)"
95.108.213.19 - - [04/Aug/2022:18:59:49 +0700] "GET / HTTP/1.0" 500 9527 "-" "Mozilla/5.0 (compatible; YandexBot/3.0; +http://yandex.com/bots)"
5.45.207.125 - - [04/Aug/2022:19:05:21 +0700] "GET / HTTP/1.0" 500 9525 "-" "Mozilla/5.0 (compatible; YandexBot/3.0; +http://yandex.com/bots)"
95.108.213.19 - - [04/Aug/2022:19:05:21 +0700] "GET / HTTP/1.0" 500 9533 "-" "Mozilla/5.0 (compatible; YandexBot/3.0; +http://yandex.com/bots)"
114.119.141.69 - - [04/Aug/2022:19:07:14 +0700] "GET /bai-viet/tag/Common%20sense%20BIM%20journal HTTP/1.0" 500 8386 "http://vietnambim.com/lang/en" "Mozilla/5.0 (Linux; Android 7.0;) AppleWebKit/537.36 (KHTML, like Gecko) Mobile Safari/537.36 (compatible; PetalBot;+https://webmaster.petalsearch.com/site/petalbot)"
5.45.207.125 - - [04/Aug/2022:19:07:28 +0700] "GET / HTTP/1.0" 500 9523 "-" "Mozilla/5.0 (compatible; YandexBot/3.0; +http://yandex.com/bots)"
5.45.207.125 - - [04/Aug/2022:19:07:28 +0700] "GET / HTTP/1.0" 500 9530 "-" "Mozilla/5.0 (compatible; YandexBot/3.0; +http://yandex.com/bots)"
216.244.66.199 - - [04/Aug/2022:19:09:03 +0700] "GET /storage/img/product/1629115363-dynamo-sandbox-or-studiofeature-image.png HTTP/1.1" 200 196453 "-" "Mozilla/5.0 (compatible; DotBot/1.2; +https://opensiteexplorer.org/dotbot; help@moz.com)"
95.108.213.19 - - [04/Aug/2022:19:10:02 +0700] "GET / HTTP/1.0" 500 9523 "-" "Mozilla/5.0 (compatible; YandexBot/3.0; +http://yandex.com/bots)"
5.45.207.125 - - [04/Aug/2022:19:10:02 +0700] "GET / HTTP/1.0" 500 9528 "-" "Mozilla/5.0 (compatible; YandexBot/3.0; +http://yandex.com/bots)"
95.108.213.19 - - [04/Aug/2022:19:12:02 +0700] "GET / HTTP/1.0" 500 9529 "-" "Mozilla/5.0 (compatible; YandexBot/3.0; +http://yandex.com/bots)"
95.108.213.19 - - [04/Aug/2022:19:12:02 +0700] "GET / HTTP/1.0" 500 9529 "-" "Mozilla/5.0 (compatible; YandexBot/3.0; +http://yandex.com/bots)"
114.119.141.71 - - [04/Aug/2022:19:12:29 +0700] "GET /lang/en HTTP/1.0" 500 9712 "https://vietnambim.com/du-an/bim-va-cong-trinh-lich-su-dinh-tien-le" "Mozilla/5.0 (Linux; Android 7.0;) AppleWebKit/537.36 (KHTML, like Gecko) Mobile Safari/537.36 (compatible; PetalBot;+https://webmaster.petalsearch.com/site/petalbot)"
95.108.213.19 - - [04/Aug/2022:19:15:20 +0700] "GET / HTTP/1.0" 500 9526 "-" "Mozilla/5.0 (compatible; YandexBot/3.0; +http://yandex.com/bots)"
5.45.207.125 - - [04/Aug/2022:19:15:20 +0700] "GET / HTTP/1.0" 500 9529 "-" "Mozilla/5.0 (compatible; YandexBot/3.0; +http://yandex.com/bots)"
5.45.207.125 - - [04/Aug/2022:19:17:20 +0700] "GET / HTTP/1.0" 500 9523 "-" "Mozilla/5.0 (compatible; YandexBot/3.0; +http://yandex.com/bots)"
95.108.213.19 - - [04/Aug/2022:19:17:21 +0700] "GET / HTTP/1.0" 500 9537 "-" "Mozilla/5.0 (compatible; YandexBot/3.0; +http://yandex.com/bots)"
95.108.213.19 - - [04/Aug/2022:19:20:50 +0700] "GET / HTTP/1.0" 500 9528 "-" "Mozilla/5.0 (compatible; YandexBot/3.0; +http://yandex.com/bots)"
95.108.213.19 - - [04/Aug/2022:19:20:50 +0700] "GET / HTTP/1.0" 500 9529 "-" "Mozilla/5.0 (compatible; YandexBot/3.0; +http://yandex.com/bots)"
95.108.213.19 - - [04/Aug/2022:19:22:49 +0700] "GET / HTTP/1.0" 500 9528 "-" "Mozilla/5.0 (compatible; YandexBot/3.0; +http://yandex.com/bots)"
95.108.213.19 - - [04/Aug/2022:19:22:49 +0700] "GET / HTTP/1.0" 500 9514 "-" "Mozilla/5.0 (compatible; YandexBot/3.0; +http://yandex.com/bots)"
5.45.207.125 - - [04/Aug/2022:19:26:57 +0700] "GET / HTTP/1.0" 500 9529 "-" "Mozilla/5.0 (compatible; YandexBot/3.0; +http://yandex.com/bots)"
213.180.203.75 - - [04/Aug/2022:19:26:57 +0700] "GET / HTTP/1.0" 500 9532 "-" "Mozilla/5.0 (compatible; YandexBot/3.0; +http://yandex.com/bots)"
95.108.213.19 - - [04/Aug/2022:19:28:56 +0700] "GET / HTTP/1.0" 500 9518 "-" "Mozilla/5.0 (compatible; YandexBot/3.0; +http://yandex.com/bots)"
5.45.207.125 - - [04/Aug/2022:19:28:56 +0700] "GET / HTTP/1.0" 500 9523 "-" "Mozilla/5.0 (compatible; YandexBot/3.0; +http://yandex.com/bots)"
5.45.207.125 - - [04/Aug/2022:19:33:11 +0700] "GET / HTTP/1.0" 500 9531 "-" "Mozilla/5.0 (compatible; YandexBot/3.0; +http://yandex.com/bots)"
95.108.213.19 - - [04/Aug/2022:19:33:11 +0700] "GET / HTTP/1.0" 500 9525 "-" "Mozilla/5.0 (compatible; YandexBot/3.0; +http://yandex.com/bots)"
95.108.213.19 - - [04/Aug/2022:19:35:10 +0700] "GET / HTTP/1.0" 500 9524 "-" "Mozilla/5.0 (compatible; YandexBot/3.0; +http://yandex.com/bots)"
95.108.213.19 - - [04/Aug/2022:19:35:10 +0700] "GET / HTTP/1.0" 500 9529 "-" "Mozilla/5.0 (compatible; YandexBot/3.0; +http://yandex.com/bots)"
95.108.213.19 - - [04/Aug/2022:19:38:45 +0700] "GET / HTTP/1.0" 500 9524 "-" "Mozilla/5.0 (compatible; YandexBot/3.0; +http://yandex.com/bots)"
5.45.207.125 - - [04/Aug/2022:19:38:45 +0700] "GET / HTTP/1.0" 500 9524 "-" "Mozilla/5.0 (compatible; YandexBot/3.0; +http://yandex.com/bots)"
95.108.213.19 - - [04/Aug/2022:19:40:44 +0700] "GET / HTTP/1.0" 500 9520 "-" "Mozilla/5.0 (compatible; YandexBot/3.0; +http://yandex.com/bots)"
5.45.207.125 - - [04/Aug/2022:19:40:44 +0700] "GET / HTTP/1.0" 500 9527 "-" "Mozilla/5.0 (compatible; YandexBot/3.0; +http://yandex.com/bots)"
95.108.213.19 - - [04/Aug/2022:19:44:23 +0700] "GET / HTTP/1.0" 500 9529 "-" "Mozilla/5.0 (compatible; YandexBot/3.0; +http://yandex.com/bots)"
5.45.207.125 - - [04/Aug/2022:19:44:23 +0700] "GET /robots.txt HTTP/1.1" 200 26 "-" "Mozilla/5.0 (compatible; YandexBot/3.0; +http://yandex.com/bots)"
95.108.213.19 - - [04/Aug/2022:19:44:27 +0700] "GET / HTTP/1.0" 500 9528 "-" "Mozilla/5.0 (compatible; YandexBot/3.0; +http://yandex.com/bots)"
95.108.213.19 - - [04/Aug/2022:19:46:22 +0700] "GET / HTTP/1.0" 500 9528 "-" "Mozilla/5.0 (compatible; YandexBot/3.0; +http://yandex.com/bots)"
95.108.213.19 - - [04/Aug/2022:19:46:22 +0700] "GET / HTTP/1.0" 500 9529 "-" "Mozilla/5.0 (compatible; YandexBot/3.0; +http://yandex.com/bots)"
95.108.213.19 - - [04/Aug/2022:19:50:31 +0700] "GET / HTTP/1.0" 500 9528 "-" "Mozilla/5.0 (compatible; YandexBot/3.0; +http://yandex.com/bots)"
5.45.207.125 - - [04/Aug/2022:19:50:32 +0700] "GET /robots.txt HTTP/1.1" 200 26 "-" "Mozilla/5.0 (compatible; YandexBot/3.0; +http://yandex.com/bots)"
95.108.213.19 - - [04/Aug/2022:19:50:36 +0700] "GET / HTTP/1.0" 500 9526 "-" "Mozilla/5.0 (compatible; YandexBot/3.0; +http://yandex.com/bots)"
95.108.213.19 - - [04/Aug/2022:19:52:30 +0700] "GET / HTTP/1.0" 500 9533 "-" "Mozilla/5.0 (compatible; YandexBot/3.0; +http://yandex.com/bots)"
5.45.207.125 - - [04/Aug/2022:19:52:30 +0700] "GET / HTTP/1.0" 500 9525 "-" "Mozilla/5.0 (compatible; YandexBot/3.0; +http://yandex.com/bots)"
95.108.213.19 - - [04/Aug/2022:19:56:50 +0700] "GET / HTTP/1.0" 500 9522 "-" "Mozilla/5.0 (compatible; YandexBot/3.0; +http://yandex.com/bots)"
5.45.207.125 - - [04/Aug/2022:19:56:52 +0700] "GET / HTTP/1.0" 500 9535 "-" "Mozilla/5.0 (compatible; YandexBot/3.0; +http://yandex.com/bots)"
95.108.213.19 - - [04/Aug/2022:19:58:49 +0700] "GET / HTTP/1.0" 500 9522 "-" "Mozilla/5.0 (compatible; YandexBot/3.0; +http://yandex.com/bots)"
5.45.207.125 - - [04/Aug/2022:19:58:49 +0700] "GET / HTTP/1.0" 500 9537 "-" "Mozilla/5.0 (compatible; YandexBot/3.0; +http://yandex.com/bots)"
66.249.71.167 - - [04/Aug/2022:20:00:25 +0700] "GET /du-an/danh-muc/bim-5d HTTP/1.0" 500 8433 "-" "Mozilla/5.0 (Linux; Android 6.0.1; Nexus 5X Build/MMB29P) AppleWebKit/537.36 (KHTML, like Gecko) Chrome/103.0.5060.134 Mobile Safari/537.36 (compatible; Googlebot/2.1; +http://www.google.com/bot.html)"
95.108.213.19 - - [04/Aug/2022:20:02:20 +0700] "GET / HTTP/1.0" 500 9538 "-" "Mozilla/5.0 (compatible; YandexBot/3.0; +http://yandex.com/bots)"
5.45.207.125 - - [04/Aug/2022:20:02:21 +0700] "GET / HTTP/1.0" 500 9538 "-" "Mozilla/5.0 (compatible; YandexBot/3.0; +http://yandex.com/bots)"
95.108.213.19 - - [04/Aug/2022:20:04:19 +0700] "GET / HTTP/1.0" 500 9523 "-" "Mozilla/5.0 (compatible; YandexBot/3.0; +http://yandex.com/bots)"
95.108.213.19 - - [04/Aug/2022:20:04:21 +0700] "GET / HTTP/1.0" 500 9530 "-" "Mozilla/5.0 (compatible; YandexBot/3.0; +http://yandex.com/bots)"
5.45.207.125 - - [04/Aug/2022:20:08:28 +0700] "GET / HTTP/1.0" 500 9523 "-" "Mozilla/5.0 (compatible; YandexBot/3.0; +http://yandex.com/bots)"
95.108.213.19 - - [04/Aug/2022:20:08:28 +0700] "GET / HTTP/1.0" 500 9524 "-" "Mozilla/5.0 (compatible; YandexBot/3.0; +http://yandex.com/bots)"
5.45.207.125 - - [04/Aug/2022:20:10:28 +0700] "GET / HTTP/1.0" 500 9532 "-" "Mozilla/5.0 (compatible; YandexBot/3.0; +http://yandex.com/bots)"
95.108.213.19 - - [04/Aug/2022:20:10:29 +0700] "GET / HTTP/1.0" 500 9526 "-" "Mozilla/5.0 (compatible; YandexBot/3.0; +http://yandex.com/bots)"
95.108.213.19 - - [04/Aug/2022:20:14:30 +0700] "GET / HTTP/1.0" 500 9525 "-" "Mozilla/5.0 (compatible; YandexBot/3.0; +http://yandex.com/bots)"
5.45.207.125 - - [04/Aug/2022:20:14:30 +0700] "GET / HTTP/1.0" 500 9527 "-" "Mozilla/5.0 (compatible; YandexBot/3.0; +http://yandex.com/bots)"
95.108.213.19 - - [04/Aug/2022:20:16:29 +0700] "GET / HTTP/1.0" 500 9525 "-" "Mozilla/5.0 (compatible; YandexBot/3.0; +http://yandex.com/bots)"
5.45.207.125 - - [04/Aug/2022:20:16:29 +0700] "GET / HTTP/1.0" 500 9531 "-" "Mozilla/5.0 (compatible; YandexBot/3.0; +http://yandex.com/bots)"
5.45.207.125 - - [04/Aug/2022:20:20:15 +0700] "GET / HTTP/1.0" 500 9522 "-" "Mozilla/5.0 (compatible; YandexBot/3.0; +http://yandex.com/bots)"
95.108.213.19 - - [04/Aug/2022:20:20:15 +0700] "GET / HTTP/1.0" 500 9533 "-" "Mozilla/5.0 (compatible; YandexBot/3.0; +http://yandex.com/bots)"
95.108.213.19 - - [04/Aug/2022:20:22:14 +0700] "GET / HTTP/1.0" 500 9526 "-" "Mozilla/5.0 (compatible; YandexBot/3.0; +http://yandex.com/bots)"
5.45.207.125 - - [04/Aug/2022:20:22:14 +0700] "GET / HTTP/1.0" 500 9525 "-" "Mozilla/5.0 (compatible; YandexBot/3.0; +http://yandex.com/bots)"
65.108.58.219 - - [04/Aug/2022:20:24:23 +0700] "GET / HTTP/1.0" 500 57082 "-" "GuzzleHttp/7"
65.108.58.219 - - [04/Aug/2022:20:24:44 +0700] "GET / HTTP/1.0" 500 57088 "-" "GuzzleHttp/7"
65.108.58.219 - - [04/Aug/2022:20:24:59 +0700] "GET / HTTP/1.0" 500 57084 "-" "GuzzleHttp/7"
65.108.58.219 - - [04/Aug/2022:20:25:04 +0700] "GET / HTTP/1.0" 500 57086 "-" "GuzzleHttp/7"
65.108.58.219 - - [04/Aug/2022:20:25:20 +0700] "GET / HTTP/1.0" 500 57074 "-" "GuzzleHttp/7"
65.108.58.219 - - [04/Aug/2022:20:25:41 +0700] "GET / HTTP/1.0" 500 57086 "-" "GuzzleHttp/7"
95.108.213.19 - - [04/Aug/2022:20:25:55 +0700] "GET / HTTP/1.0" 500 9523 "-" "Mozilla/5.0 (compatible; YandexBot/3.0; +http://yandex.com/bots)"
5.45.207.125 - - [04/Aug/2022:20:25:55 +0700] "GET / HTTP/1.0" 500 9530 "-" "Mozilla/5.0 (compatible; YandexBot/3.0; +http://yandex.com/bots)"
95.108.213.19 - - [04/Aug/2022:20:27:54 +0700] "GET / HTTP/1.0" 500 9532 "-" "Mozilla/5.0 (compatible; YandexBot/3.0; +http://yandex.com/bots)"
95.108.213.19 - - [04/Aug/2022:20:27:54 +0700] "GET / HTTP/1.0" 500 9530 "-" "Mozilla/5.0 (compatible; YandexBot/3.0; +http://yandex.com/bots)"
85.214.59.247 - - [04/Aug/2022:20:28:58 +0700] "GET / HTTP/1.0" 500 57086 "-" "GuzzleHttp/7"
85.214.59.247 - - [04/Aug/2022:20:29:19 +0700] "GET / HTTP/1.0" 500 57082 "-" "GuzzleHttp/7"
85.214.59.247 - - [04/Aug/2022:20:29:39 +0700] "GET / HTTP/1.0" 500 57078 "-" "GuzzleHttp/7"
95.108.213.19 - - [04/Aug/2022:20:31:49 +0700] "GET / HTTP/1.0" 500 9532 "-" "Mozilla/5.0 (compatible; YandexBot/3.0; +http://yandex.com/bots)"
5.45.207.125 - - [04/Aug/2022:20:31:50 +0700] "GET / HTTP/1.0" 500 9535 "-" "Mozilla/5.0 (compatible; YandexBot/3.0; +http://yandex.com/bots)"
85.190.14.34 - - [04/Aug/2022:20:32:02 +0700] "GET / HTTP/1.0" 500 57096 "-" "GuzzleHttp/7"
85.190.14.34 - - [04/Aug/2022:20:32:22 +0700] "GET / HTTP/1.0" 500 57082 "-" "GuzzleHttp/7"
65.108.58.219 - - [04/Aug/2022:20:32:38 +0700] "GET / HTTP/1.0" 500 57088 "-" "GuzzleHttp/7"
85.190.14.34 - - [04/Aug/2022:20:32:43 +0700] "GET / HTTP/1.0" 500 57084 "-" "GuzzleHttp/7"
65.108.58.219 - - [04/Aug/2022:20:32:59 +0700] "GET / HTTP/1.0" 500 57082 "-" "GuzzleHttp/7"
65.108.58.219 - - [04/Aug/2022:20:33:19 +0700] "GET / HTTP/1.0" 500 57051 "-" "GuzzleHttp/7"
85.190.14.34 - - [04/Aug/2022:20:33:24 +0700] "GET / HTTP/1.0" 500 57090 "-" "GuzzleHttp/7"
85.190.14.34 - - [04/Aug/2022:20:33:45 +0700] "GET / HTTP/1.0" 500 57082 "-" "GuzzleHttp/7"
95.108.213.19 - - [04/Aug/2022:20:33:49 +0700] "GET / HTTP/1.0" 503 668 "-" "Mozilla/5.0 (compatible; YandexBot/3.0; +http://yandex.com/bots)"
5.45.207.125 - - [04/Aug/2022:20:33:49 +0700] "GET / HTTP/1.0" 503 668 "-" "Mozilla/5.0 (compatible; YandexBot/3.0; +http://yandex.com/bots)"
85.190.14.34 - - [04/Aug/2022:20:34:06 +0700] "GET / HTTP/1.0" 503 668 "-" "GuzzleHttp/7"
195.15.219.224 - - [04/Aug/2022:20:34:29 +0700] "GET / HTTP/1.0" 503 668 "-" "GuzzleHttp/7"
195.15.219.224 - - [04/Aug/2022:20:34:49 +0700] "GET / HTTP/1.0" 503 668 "-" "GuzzleHttp/7"
195.15.219.224 - - [04/Aug/2022:20:35:10 +0700] "GET / HTTP/1.0" 503 668 "-" "GuzzleHttp/7"
141.95.100.52 - - [04/Aug/2022:20:36:29 +0700] "GET / HTTP/1.0" 500 57090 "-" "GuzzleHttp/7"
141.95.100.52 - - [04/Aug/2022:20:36:50 +0700] "GET / HTTP/1.0" 500 57088 "-" "GuzzleHttp/7"
141.95.100.52 - - [04/Aug/2022:20:37:10 +0700] "GET / HTTP/1.0" 500 57082 "-" "GuzzleHttp/7"
65.108.58.219 - - [04/Aug/2022:20:37:18 +0700] "GET / HTTP/1.0" 500 57076 "-" "GuzzleHttp/7"
85.214.59.247 - - [04/Aug/2022:20:37:26 +0700] "GET / HTTP/1.0" 503 668 "-" "GuzzleHttp/7"
65.108.58.219 - - [04/Aug/2022:20:37:39 +0700] "GET / HTTP/1.0" 503 668 "-" "GuzzleHttp/7"
85.214.59.247 - - [04/Aug/2022:20:37:46 +0700] "GET / HTTP/1.0" 503 668 "-" "GuzzleHttp/7"
95.108.213.19 - - [04/Aug/2022:20:37:48 +0700] "GET / HTTP/1.0" 503 668 "-" "Mozilla/5.0 (compatible; YandexBot/3.0; +http://yandex.com/bots)"
5.45.207.125 - - [04/Aug/2022:20:37:48 +0700] "GET / HTTP/1.0" 503 668 "-" "Mozilla/5.0 (compatible; YandexBot/3.0; +http://yandex.com/bots)"
65.108.58.219 - - [04/Aug/2022:20:37:54 +0700] "GET / HTTP/1.0" 503 668 "-" "GuzzleHttp/7"
65.108.58.219 - - [04/Aug/2022:20:37:59 +0700] "GET / HTTP/1.0" 503 668 "-" "GuzzleHttp/7"
85.214.59.247 - - [04/Aug/2022:20:38:07 +0700] "GET / HTTP/1.0" 503 668 "-" "GuzzleHttp/7"
65.108.58.219 - - [04/Aug/2022:20:38:14 +0700] "GET / HTTP/1.0" 503 668 "-" "GuzzleHttp/7"
65.108.58.219 - - [04/Aug/2022:20:38:35 +0700] "GET / HTTP/1.0" 503 668 "-" "GuzzleHttp/7"
5.45.207.125 - - [04/Aug/2022:20:39:47 +0700] "GET / HTTP/1.0" 503 668 "-" "Mozilla/5.0 (compatible; YandexBot/3.0; +http://yandex.com/bots)"
95.108.213.19 - - [04/Aug/2022:20:39:48 +0700] "GET / HTTP/1.0" 503 668 "-" "Mozilla/5.0 (compatible; YandexBot/3.0; +http://yandex.com/bots)"
5.45.207.125 - - [04/Aug/2022:20:43:45 +0700] "GET / HTTP/1.0" 500 9531 "-" "Mozilla/5.0 (compatible; YandexBot/3.0; +http://yandex.com/bots)"
95.108.213.19 - - [04/Aug/2022:20:43:46 +0700] "GET / HTTP/1.0" 500 9523 "-" "Mozilla/5.0 (compatible; YandexBot/3.0; +http://yandex.com/bots)"
95.108.213.19 - - [04/Aug/2022:20:45:45 +0700] "GET / HTTP/1.0" 500 9533 "-" "Mozilla/5.0 (compatible; YandexBot/3.0; +http://yandex.com/bots)"
5.45.207.125 - - [04/Aug/2022:20:45:45 +0700] "GET / HTTP/1.0" 500 9531 "-" "Mozilla/5.0 (compatible; YandexBot/3.0; +http://yandex.com/bots)"
5.45.207.125 - - [04/Aug/2022:20:49:43 +0700] "GET / HTTP/1.0" 500 9535 "-" "Mozilla/5.0 (compatible; YandexBot/3.0; +http://yandex.com/bots)"
95.108.213.19 - - [04/Aug/2022:20:49:43 +0700] "GET / HTTP/1.0" 500 9528 "-" "Mozilla/5.0 (compatible; YandexBot/3.0; +http://yandex.com/bots)"
95.108.213.19 - - [04/Aug/2022:20:51:42 +0700] "GET / HTTP/1.0" 500 9521 "-" "Mozilla/5.0 (compatible; YandexBot/3.0; +http://yandex.com/bots)"
95.108.213.19 - - [04/Aug/2022:20:51:42 +0700] "GET / HTTP/1.0" 500 9528 "-" "Mozilla/5.0 (compatible; YandexBot/3.0; +http://yandex.com/bots)"
95.108.213.19 - - [04/Aug/2022:20:55:41 +0700] "GET / HTTP/1.0" 500 9535 "-" "Mozilla/5.0 (compatible; YandexBot/3.0; +http://yandex.com/bots)"
5.45.207.125 - - [04/Aug/2022:20:55:41 +0700] "GET / HTTP/1.0" 500 9540 "-" "Mozilla/5.0 (compatible; YandexBot/3.0; +http://yandex.com/bots)"
95.108.213.19 - - [04/Aug/2022:20:57:40 +0700] "GET / HTTP/1.0" 500 9519 "-" "Mozilla/5.0 (compatible; YandexBot/3.0; +http://yandex.com/bots)"
5.45.207.125 - - [04/Aug/2022:20:57:40 +0700] "GET / HTTP/1.0" 503 668 "-" "Mozilla/5.0 (compatible; YandexBot/3.0; +http://yandex.com/bots)"
95.108.213.19 - - [04/Aug/2022:21:01:45 +0700] "GET / HTTP/1.0" 500 9526 "-" "Mozilla/5.0 (compatible; YandexBot/3.0; +http://yandex.com/bots)"
5.45.207.125 - - [04/Aug/2022:21:01:45 +0700] "GET / HTTP/1.0" 500 9529 "-" "Mozilla/5.0 (compatible; YandexBot/3.0; +http://yandex.com/bots)"
95.108.213.19 - - [04/Aug/2022:21:03:37 +0700] "GET / HTTP/1.0" 500 9514 "-" "Mozilla/5.0 (compatible; YandexBot/3.0; +http://yandex.com/bots)"
5.45.207.125 - - [04/Aug/2022:21:03:37 +0700] "GET / HTTP/1.0" 500 9530 "-" "Mozilla/5.0 (compatible; YandexBot/3.0; +http://yandex.com/bots)"
95.108.213.19 - - [04/Aug/2022:21:07:30 +0700] "GET / HTTP/1.0" 500 9518 "-" "Mozilla/5.0 (compatible; YandexBot/3.0; +http://yandex.com/bots)"
5.45.207.125 - - [04/Aug/2022:21:07:30 +0700] "GET /robots.txt HTTP/1.1" 200 26 "-" "Mozilla/5.0 (compatible; YandexBot/3.0; +http://yandex.com/bots)"
95.108.213.19 - - [04/Aug/2022:21:07:34 +0700] "GET / HTTP/1.0" 500 9520 "-" "Mozilla/5.0 (compatible; YandexBot/3.0; +http://yandex.com/bots)"
95.108.213.19 - - [04/Aug/2022:21:09:26 +0700] "GET / HTTP/1.0" 500 9525 "-" "Mozilla/5.0 (compatible; YandexBot/3.0; +http://yandex.com/bots)"
5.45.207.125 - - [04/Aug/2022:21:09:26 +0700] "GET / HTTP/1.0" 500 9528 "-" "Mozilla/5.0 (compatible; YandexBot/3.0; +http://yandex.com/bots)"
95.108.213.19 - - [04/Aug/2022:21:13:15 +0700] "GET / HTTP/1.0" 500 9527 "-" "Mozilla/5.0 (compatible; YandexBot/3.0; +http://yandex.com/bots)"
5.45.207.125 - - [04/Aug/2022:21:13:15 +0700] "GET / HTTP/1.0" 500 9519 "-" "Mozilla/5.0 (compatible; YandexBot/3.0; +http://yandex.com/bots)"
5.45.207.125 - - [04/Aug/2022:21:13:16 +0700] "GET /robots.txt HTTP/1.1" 200 26 "-" "Mozilla/5.0 (compatible; YandexBot/3.0; +http://yandex.com/bots)"
95.108.213.19 - - [04/Aug/2022:21:15:14 +0700] "GET / HTTP/1.0" 500 9525 "-" "Mozilla/5.0 (compatible; YandexBot/3.0; +http://yandex.com/bots)"
5.45.207.125 - - [04/Aug/2022:21:15:14 +0700] "GET / HTTP/1.0" 500 9533 "-" "Mozilla/5.0 (compatible; YandexBot/3.0; +http://yandex.com/bots)"
5.45.207.125 - - [04/Aug/2022:21:19:12 +0700] "GET / HTTP/1.0" 500 9535 "-" "Mozilla/5.0 (compatible; YandexBot/3.0; +http://yandex.com/bots)"
95.108.213.19 - - [04/Aug/2022:21:19:12 +0700] "GET /robots.txt HTTP/1.1" 200 26 "-" "Mozilla/5.0 (compatible; YandexBot/3.0; +http://yandex.com/bots)"
95.108.213.19 - - [04/Aug/2022:21:19:15 +0700] "GET / HTTP/1.0" 500 9529 "-" "Mozilla/5.0 (compatible; YandexBot/3.0; +http://yandex.com/bots)"
95.108.213.19 - - [04/Aug/2022:21:21:11 +0700] "GET / HTTP/1.0" 500 9522 "-" "Mozilla/5.0 (compatible; YandexBot/3.0; +http://yandex.com/bots)"
5.45.207.125 - - [04/Aug/2022:21:21:11 +0700] "GET / HTTP/1.0" 500 9535 "-" "Mozilla/5.0 (compatible; YandexBot/3.0; +http://yandex.com/bots)"
5.45.207.125 - - [04/Aug/2022:21:25:10 +0700] "GET / HTTP/1.0" 500 9539 "-" "Mozilla/5.0 (compatible; YandexBot/3.0; +http://yandex.com/bots)"
95.108.213.19 - - [04/Aug/2022:21:25:10 +0700] "GET / HTTP/1.0" 500 9526 "-" "Mozilla/5.0 (compatible; YandexBot/3.0; +http://yandex.com/bots)"
95.108.213.19 - - [04/Aug/2022:21:27:09 +0700] "GET / HTTP/1.0" 500 9530 "-" "Mozilla/5.0 (compatible; YandexBot/3.0; +http://yandex.com/bots)"
95.108.213.19 - - [04/Aug/2022:21:27:09 +0700] "GET / HTTP/1.0" 500 9519 "-" "Mozilla/5.0 (compatible; YandexBot/3.0; +http://yandex.com/bots)"
95.108.213.19 - - [04/Aug/2022:21:31:26 +0700] "GET / HTTP/1.0" 500 9529 "-" "Mozilla/5.0 (compatible; YandexBot/3.0; +http://yandex.com/bots)"
95.108.213.19 - - [04/Aug/2022:21:31:26 +0700] "GET / HTTP/1.0" 500 9535 "-" "Mozilla/5.0 (compatible; YandexBot/3.0; +http://yandex.com/bots)"
95.108.213.19 - - [04/Aug/2022:21:33:25 +0700] "GET / HTTP/1.0" 500 9520 "-" "Mozilla/5.0 (compatible; YandexBot/3.0; +http://yandex.com/bots)"
95.108.213.19 - - [04/Aug/2022:21:33:26 +0700] "GET / HTTP/1.0" 500 9534 "-" "Mozilla/5.0 (compatible; YandexBot/3.0; +http://yandex.com/bots)"
185.191.171.35 - - [04/Aug/2022:21:35:15 +0700] "GET /robots.txt HTTP/1.1" 200 26 "-" "Mozilla/5.0 (compatible; SemrushBot/7~bl; +http://www.semrush.com/bot.html)"
185.191.171.8 - - [04/Aug/2022:21:35:18 +0700] "GET /du-an/search HTTP/1.0" 500 8260 "-" "Mozilla/5.0 (compatible; SemrushBot/7~bl; +http://www.semrush.com/bot.html)"
185.191.171.8 - - [04/Aug/2022:21:36:09 +0700] "GET /du-an/search HTTP/1.0" 500 8261 "-" "Mozilla/5.0 (compatible; SemrushBot/7~bl; +http://www.semrush.com/bot.html)"
95.108.213.19 - - [04/Aug/2022:21:37:13 +0700] "GET / HTTP/1.0" 500 9525 "-" "Mozilla/5.0 (compatible; YandexBot/3.0; +http://yandex.com/bots)"
95.108.213.19 - - [04/Aug/2022:21:37:13 +0700] "GET / HTTP/1.0" 500 9518 "-" "Mozilla/5.0 (compatible; YandexBot/3.0; +http://yandex.com/bots)"
95.108.213.19 - - [04/Aug/2022:21:39:13 +0700] "GET / HTTP/1.0" 500 9531 "-" "Mozilla/5.0 (compatible; YandexBot/3.0; +http://yandex.com/bots)"
95.108.213.19 - - [04/Aug/2022:21:39:13 +0700] "GET / HTTP/1.0" 500 9534 "-" "Mozilla/5.0 (compatible; YandexBot/3.0; +http://yandex.com/bots)"
66.249.71.167 - - [04/Aug/2022:21:42:24 +0700] "GET /du-an/danh-muc/bim-5d HTTP/1.0" 500 8431 "-" "Mozilla/5.0 (Linux; Android 6.0.1; Nexus 5X Build/MMB29P) AppleWebKit/537.36 (KHTML, like Gecko) Chrome/103.0.5060.134 Mobile Safari/537.36 (compatible; Googlebot/2.1; +http://www.google.com/bot.html)"
95.108.213.19 - - [04/Aug/2022:21:43:00 +0700] "GET / HTTP/1.0" 500 9519 "-" "Mozilla/5.0 (compatible; YandexBot/3.0; +http://yandex.com/bots)"
5.45.207.125 - - [04/Aug/2022:21:43:00 +0700] "GET / HTTP/1.0" 500 9530 "-" "Mozilla/5.0 (compatible; YandexBot/3.0; +http://yandex.com/bots)"
95.108.213.19 - - [04/Aug/2022:21:45:01 +0700] "GET / HTTP/1.0" 500 9529 "-" "Mozilla/5.0 (compatible; YandexBot/3.0; +http://yandex.com/bots)"
5.45.207.125 - - [04/Aug/2022:21:45:01 +0700] "GET / HTTP/1.0" 500 9530 "-" "Mozilla/5.0 (compatible; YandexBot/3.0; +http://yandex.com/bots)"
5.45.207.125 - - [04/Aug/2022:21:49:02 +0700] "GET / HTTP/1.0" 500 9524 "-" "Mozilla/5.0 (compatible; YandexBot/3.0; +http://yandex.com/bots)"
95.108.213.19 - - [04/Aug/2022:21:49:02 +0700] "GET / HTTP/1.0" 500 9532 "-" "Mozilla/5.0 (compatible; YandexBot/3.0; +http://yandex.com/bots)"
95.108.213.19 - - [04/Aug/2022:21:51:01 +0700] "GET / HTTP/1.0" 500 9532 "-" "Mozilla/5.0 (compatible; YandexBot/3.0; +http://yandex.com/bots)"
95.108.213.19 - - [04/Aug/2022:21:51:01 +0700] "GET / HTTP/1.0" 500 9528 "-" "Mozilla/5.0 (compatible; YandexBot/3.0; +http://yandex.com/bots)"
95.108.213.19 - - [04/Aug/2022:21:54:49 +0700] "GET / HTTP/1.0" 500 9531 "-" "Mozilla/5.0 (compatible; YandexBot/3.0; +http://yandex.com/bots)"
5.45.207.125 - - [04/Aug/2022:21:54:49 +0700] "GET / HTTP/1.0" 500 10915 "-" "Mozilla/5.0 (compatible; YandexBot/3.0; +http://yandex.com/bots)"
5.45.207.125 - - [04/Aug/2022:21:56:48 +0700] "GET / HTTP/1.0" 500 9519 "-" "Mozilla/5.0 (compatible; YandexBot/3.0; +http://yandex.com/bots)"
95.108.213.19 - - [04/Aug/2022:21:56:49 +0700] "GET / HTTP/1.0" 500 9527 "-" "Mozilla/5.0 (compatible; YandexBot/3.0; +http://yandex.com/bots)"
95.108.213.19 - - [04/Aug/2022:21:59:57 +0700] "GET / HTTP/1.0" 500 9527 "-" "Mozilla/5.0 (compatible; YandexBot/3.0; +http://yandex.com/bots)"
5.45.207.125 - - [04/Aug/2022:21:59:57 +0700] "GET / HTTP/1.0" 500 9527 "-" "Mozilla/5.0 (compatible; YandexBot/3.0; +http://yandex.com/bots)"
95.108.213.19 - - [04/Aug/2022:22:01:56 +0700] "GET / HTTP/1.0" 500 9535 "-" "Mozilla/5.0 (compatible; YandexBot/3.0; +http://yandex.com/bots)"
5.45.207.125 - - [04/Aug/2022:22:01:57 +0700] "GET / HTTP/1.0" 500 9519 "-" "Mozilla/5.0 (compatible; YandexBot/3.0; +http://yandex.com/bots)"
95.108.213.19 - - [04/Aug/2022:22:04:47 +0700] "GET / HTTP/1.0" 500 9532 "-" "Mozilla/5.0 (compatible; YandexBot/3.0; +http://yandex.com/bots)"
95.108.213.19 - - [04/Aug/2022:22:04:47 +0700] "GET / HTTP/1.0" 500 9525 "-" "Mozilla/5.0 (compatible; YandexBot/3.0; +http://yandex.com/bots)"
95.108.213.19 - - [04/Aug/2022:22:06:47 +0700] "GET / HTTP/1.0" 500 9530 "-" "Mozilla/5.0 (compatible; YandexBot/3.0; +http://yandex.com/bots)"
5.45.207.125 - - [04/Aug/2022:22:06:47 +0700] "GET / HTTP/1.0" 500 9531 "-" "Mozilla/5.0 (compatible; YandexBot/3.0; +http://yandex.com/bots)"
5.45.207.125 - - [04/Aug/2022:22:10:58 +0700] "GET / HTTP/1.0" 500 9526 "-" "Mozilla/5.0 (compatible; YandexBot/3.0; +http://yandex.com/bots)"
95.108.213.19 - - [04/Aug/2022:22:10:58 +0700] "GET / HTTP/1.0" 500 9523 "-" "Mozilla/5.0 (compatible; YandexBot/3.0; +http://yandex.com/bots)"
95.108.213.19 - - [04/Aug/2022:22:12:57 +0700] "GET / HTTP/1.0" 500 9517 "-" "Mozilla/5.0 (compatible; YandexBot/3.0; +http://yandex.com/bots)"
95.108.213.19 - - [04/Aug/2022:22:12:57 +0700] "GET / HTTP/1.0" 500 9518 "-" "Mozilla/5.0 (compatible; YandexBot/3.0; +http://yandex.com/bots)"
95.108.213.19 - - [04/Aug/2022:22:16:13 +0700] "GET / HTTP/1.0" 500 9528 "-" "Mozilla/5.0 (compatible; YandexBot/3.0; +http://yandex.com/bots)"
5.45.207.125 - - [04/Aug/2022:22:16:14 +0700] "GET / HTTP/1.0" 500 9528 "-" "Mozilla/5.0 (compatible; YandexBot/3.0; +http://yandex.com/bots)"
95.108.213.19 - - [04/Aug/2022:22:18:13 +0700] "GET / HTTP/1.0" 500 9527 "-" "Mozilla/5.0 (compatible; YandexBot/3.0; +http://yandex.com/bots)"
5.45.207.125 - - [04/Aug/2022:22:18:13 +0700] "GET / HTTP/1.0" 500 9533 "-" "Mozilla/5.0 (compatible; YandexBot/3.0; +http://yandex.com/bots)"
63.34.179.201 - - [04/Aug/2022:22:19:38 +0700] "GET / HTTP/1.0" 500 9519 "-" "Mozilla/5.0 (Macintosh; Intel Mac OS X 10_9_3) AppleWebKit/537.36 (KHTML, like Gecko) Chrome/35.0.1916.47 Safari/537.36"
5.45.207.125 - - [04/Aug/2022:22:23:15 +0700] "GET / HTTP/1.0" 500 9521 "-" "Mozilla/5.0 (compatible; YandexBot/3.0; +http://yandex.com/bots)"
213.180.203.75 - - [04/Aug/2022:22:23:16 +0700] "GET / HTTP/1.0" 500 9527 "-" "Mozilla/5.0 (compatible; YandexBot/3.0; +http://yandex.com/bots)"
5.45.207.125 - - [04/Aug/2022:22:25:14 +0700] "GET / HTTP/1.0" 500 9523 "-" "Mozilla/5.0 (compatible; YandexBot/3.0; +http://yandex.com/bots)"
95.108.213.19 - - [04/Aug/2022:22:25:14 +0700] "GET / HTTP/1.0" 500 9520 "-" "Mozilla/5.0 (compatible; YandexBot/3.0; +http://yandex.com/bots)"
66.249.71.169 - - [04/Aug/2022:22:28:00 +0700] "GET /du-an/danh-muc/bim-5d HTTP/1.0" 500 8432 "-" "Mozilla/5.0 (Linux; Android 6.0.1; Nexus 5X Build/MMB29P) AppleWebKit/537.36 (KHTML, like Gecko) Chrome/103.0.5060.134 Mobile Safari/537.36 (compatible; Googlebot/2.1; +http://www.google.com/bot.html)"
95.108.213.19 - - [04/Aug/2022:22:29:15 +0700] "GET / HTTP/1.0" 500 9533 "-" "Mozilla/5.0 (compatible; YandexBot/3.0; +http://yandex.com/bots)"
5.45.207.125 - - [04/Aug/2022:22:29:15 +0700] "GET /robots.txt HTTP/1.1" 200 26 "-" "Mozilla/5.0 (compatible; YandexBot/3.0; +http://yandex.com/bots)"
95.108.213.19 - - [04/Aug/2022:22:29:19 +0700] "GET / HTTP/1.0" 500 9525 "-" "Mozilla/5.0 (compatible; YandexBot/3.0; +http://yandex.com/bots)"
95.108.213.19 - - [04/Aug/2022:22:31:14 +0700] "GET / HTTP/1.0" 500 9524 "-" "Mozilla/5.0 (compatible; YandexBot/3.0; +http://yandex.com/bots)"
95.108.213.19 - - [04/Aug/2022:22:31:14 +0700] "GET / HTTP/1.0" 500 9524 "-" "Mozilla/5.0 (compatible; YandexBot/3.0; +http://yandex.com/bots)"
95.108.213.19 - - [04/Aug/2022:22:35:47 +0700] "GET / HTTP/1.0" 500 9521 "-" "Mozilla/5.0 (compatible; YandexBot/3.0; +http://yandex.com/bots)"
5.45.207.125 - - [04/Aug/2022:22:35:47 +0700] "GET / HTTP/1.0" 500 9532 "-" "Mozilla/5.0 (compatible; YandexBot/3.0; +http://yandex.com/bots)"
95.108.213.19 - - [04/Aug/2022:22:37:46 +0700] "GET / HTTP/1.0" 500 9524 "-" "Mozilla/5.0 (compatible; YandexBot/3.0; +http://yandex.com/bots)"
5.45.207.125 - - [04/Aug/2022:22:37:46 +0700] "GET / HTTP/1.0" 500 9532 "-" "Mozilla/5.0 (compatible; YandexBot/3.0; +http://yandex.com/bots)"
114.119.141.71 - - [04/Aug/2022:22:41:36 +0700] "GET /bai-viet/danh-muc/bim-nang-cao HTTP/1.0" 500 8385 "http://vietnambim.com/bai-viet/trinh-tu-lap-mo-hinh-bim" "Mozilla/5.0 (Linux; Android 7.0;) AppleWebKit/537.36 (KHTML, like Gecko) Mobile Safari/537.36 (compatible; PetalBot;+https://webmaster.petalsearch.com/site/petalbot)"
95.108.213.19 - - [04/Aug/2022:22:41:41 +0700] "GET / HTTP/1.0" 500 9529 "-" "Mozilla/5.0 (compatible; YandexBot/3.0; +http://yandex.com/bots)"
5.45.207.125 - - [04/Aug/2022:22:41:41 +0700] "GET / HTTP/1.0" 500 9526 "-" "Mozilla/5.0 (compatible; YandexBot/3.0; +http://yandex.com/bots)"
66.249.79.232 - - [04/Aug/2022:22:43:21 +0700] "GET /du-an/danh-muc/bim-5d HTTP/1.0" 500 8435 "-" "Mozilla/5.0 (Linux; Android 6.0.1; Nexus 5X Build/MMB29P) AppleWebKit/537.36 (KHTML, like Gecko) Chrome/103.0.5060.134 Mobile Safari/537.36 (compatible; Googlebot/2.1; +http://www.google.com/bot.html)"
95.108.213.19 - - [04/Aug/2022:22:43:40 +0700] "GET / HTTP/1.0" 500 9522 "-" "Mozilla/5.0 (compatible; YandexBot/3.0; +http://yandex.com/bots)"
5.45.207.125 - - [04/Aug/2022:22:43:40 +0700] "GET / HTTP/1.0" 500 9528 "-" "Mozilla/5.0 (compatible; YandexBot/3.0; +http://yandex.com/bots)"
5.45.207.125 - - [04/Aug/2022:22:47:35 +0700] "GET / HTTP/1.0" 500 9516 "-" "Mozilla/5.0 (compatible; YandexBot/3.0; +http://yandex.com/bots)"
95.108.213.19 - - [04/Aug/2022:22:47:36 +0700] "GET /robots.txt HTTP/1.1" 200 26 "-" "Mozilla/5.0 (compatible; YandexBot/3.0; +http://yandex.com/bots)"
95.108.213.19 - - [04/Aug/2022:22:47:39 +0700] "GET / HTTP/1.0" 500 9528 "-" "Mozilla/5.0 (compatible; YandexBot/3.0; +http://yandex.com/bots)"
95.108.213.19 - - [04/Aug/2022:22:49:34 +0700] "GET / HTTP/1.0" 500 9525 "-" "Mozilla/5.0 (compatible; YandexBot/3.0; +http://yandex.com/bots)"
95.108.213.19 - - [04/Aug/2022:22:49:34 +0700] "GET / HTTP/1.0" 500 9528 "-" "Mozilla/5.0 (compatible; YandexBot/3.0; +http://yandex.com/bots)"
185.191.171.33 - - [04/Aug/2022:22:50:16 +0700] "GET /robots.txt HTTP/1.1" 200 26 "-" "Mozilla/5.0 (compatible; SemrushBot/7~bl; +http://www.semrush.com/bot.html)"
185.191.171.8 - - [04/Aug/2022:22:50:19 +0700] "GET /bai-viet HTTP/1.0" 500 8255 "-" "Mozilla/5.0 (compatible; SemrushBot/7~bl; +http://www.semrush.com/bot.html)"
185.191.171.8 - - [04/Aug/2022:22:51:10 +0700] "GET /bai-viet HTTP/1.0" 500 8253 "-" "Mozilla/5.0 (compatible; SemrushBot/7~bl; +http://www.semrush.com/bot.html)"
5.45.207.125 - - [04/Aug/2022:22:54:17 +0700] "GET / HTTP/1.0" 500 9529 "-" "Mozilla/5.0 (compatible; YandexBot/3.0; +http://yandex.com/bots)"
95.108.213.19 - - [04/Aug/2022:22:54:17 +0700] "GET / HTTP/1.0" 500 9536 "-" "Mozilla/5.0 (compatible; YandexBot/3.0; +http://yandex.com/bots)"
95.108.213.19 - - [04/Aug/2022:22:56:17 +0700] "GET / HTTP/1.0" 500 9530 "-" "Mozilla/5.0 (compatible; YandexBot/3.0; +http://yandex.com/bots)"
5.45.207.125 - - [04/Aug/2022:22:56:17 +0700] "GET / HTTP/1.0" 500 9530 "-" "Mozilla/5.0 (compatible; YandexBot/3.0; +http://yandex.com/bots)"
5.45.207.125 - - [04/Aug/2022:23:00:41 +0700] "GET / HTTP/1.0" 500 9526 "-" "Mozilla/5.0 (compatible; YandexBot/3.0; +http://yandex.com/bots)"
95.108.213.19 - - [04/Aug/2022:23:00:41 +0700] "GET / HTTP/1.0" 500 9521 "-" "Mozilla/5.0 (compatible; YandexBot/3.0; +http://yandex.com/bots)"
95.108.213.19 - - [04/Aug/2022:23:02:40 +0700] "GET / HTTP/1.0" 500 9523 "-" "Mozilla/5.0 (compatible; YandexBot/3.0; +http://yandex.com/bots)"
5.45.207.125 - - [04/Aug/2022:23:02:40 +0700] "GET / HTTP/1.0" 500 9530 "-" "Mozilla/5.0 (compatible; YandexBot/3.0; +http://yandex.com/bots)"
216.244.66.199 - - [04/Aug/2022:23:06:54 +0700] "GET /robots.txt HTTP/1.1" 200 26 "-" "Mozilla/5.0 (compatible; DotBot/1.2; +https://opensiteexplorer.org/dotbot; help@moz.com)"
5.45.207.125 - - [04/Aug/2022:23:07:00 +0700] "GET / HTTP/1.0" 500 9527 "-" "Mozilla/5.0 (compatible; YandexBot/3.0; +http://yandex.com/bots)"
95.108.213.19 - - [04/Aug/2022:23:07:00 +0700] "GET / HTTP/1.0" 500 9530 "-" "Mozilla/5.0 (compatible; YandexBot/3.0; +http://yandex.com/bots)"
95.108.213.19 - - [04/Aug/2022:23:08:59 +0700] "GET / HTTP/1.0" 500 9534 "-" "Mozilla/5.0 (compatible; YandexBot/3.0; +http://yandex.com/bots)"
5.45.207.125 - - [04/Aug/2022:23:08:59 +0700] "GET / HTTP/1.0" 500 9528 "-" "Mozilla/5.0 (compatible; YandexBot/3.0; +http://yandex.com/bots)"
216.244.66.199 - - [04/Aug/2022:23:11:19 +0700] "GET /tai-lieu/danh-muc/tai-lieu-huong-dan HTTP/1.0" 500 44966 "-" "Mozilla/5.0 (compatible; DotBot/1.2; +https://opensiteexplorer.org/dotbot; help@moz.com)"
95.108.213.19 - - [04/Aug/2022:23:13:09 +0700] "GET / HTTP/1.0" 500 9526 "-" "Mozilla/5.0 (compatible; YandexBot/3.0; +http://yandex.com/bots)"
