207.46.13.143 - - [10/Sep/2021:23:12:42 +0700] "GET /lien-he HTTP/1.0" 200 5793 "-" "Mozilla/5.0 (compatible; bingbot/2.0; +http://www.bing.com/bingbot.htm)"
207.46.13.104 - - [11/Sep/2021:00:41:00 +0700] "GET /du-an/danh-muc/bim-5d HTTP/1.0" 200 6485 "-" "Mozilla/5.0 (compatible; bingbot/2.0; +http://www.bing.com/bingbot.htm)"
207.46.13.76 - - [11/Sep/2021:03:07:01 +0700] "GET /sitemap.xml HTTP/1.0" 200 507 "-" "Mozilla/5.0 (compatible; bingbot/2.0; +http://www.bing.com/bingbot.htm)"
207.46.13.91 - - [11/Sep/2021:03:30:44 +0700] "GET /bai-viet/sach-bim-mien-phi-so-tay-bim-danh-cho-chu-dau-tu-nha-quan-ly-don-vi-thiet-ke-nha-thau HTTP/1.0" 200 6634 "-" "Mozilla/5.0 (compatible; bingbot/2.0; +http://www.bing.com/bingbot.htm)"
54.36.149.6 - - [10/Sep/2021:08:34:21 +0700] "GET /robots.txt HTTP/2.0" 200 31 "-" "Mozilla/5.0 (compatible; AhrefsBot/7.0; +http://ahrefs.com/robot/)"
207.46.13.76 - - [10/Sep/2021:10:54:06 +0700] "GET /sitemap.xml HTTP/2.0" 200 1820 "-" "Mozilla/5.0 (compatible; bingbot/2.0; +http://www.bing.com/bingbot.htm)"
157.55.39.134 - - [10/Sep/2021:13:40:11 +0700] "GET /robots.txt HTTP/2.0" 200 26 "-" "Mozilla/5.0 (compatible; bingbot/2.0; +http://www.bing.com/bingbot.htm)"
157.55.39.134 - - [10/Sep/2021:13:40:12 +0700] "GET /robots.txt HTTP/2.0" 200 26 "-" "Mozilla/5.0 (compatible; bingbot/2.0; +http://www.bing.com/bingbot.htm)"
157.55.39.134 - - [10/Sep/2021:15:05:24 +0700] "GET /robots.txt HTTP/2.0" 200 26 "-" "Mozilla/5.0 (compatible; bingbot/2.0; +http://www.bing.com/bingbot.htm)"
157.55.39.134 - - [10/Sep/2021:15:05:25 +0700] "GET /robots.txt HTTP/2.0" 200 26 "-" "Mozilla/5.0 (compatible; bingbot/2.0; +http://www.bing.com/bingbot.htm)"
207.46.13.50 - - [10/Sep/2021:15:05:35 +0700] "GET /sitemap.txt HTTP/2.0" 404 146 "-" "Mozilla/5.0 (compatible; bingbot/2.0; +http://www.bing.com/bingbot.htm)"
207.46.13.143 - - [10/Sep/2021:15:15:46 +0700] "GET /sitemap.xml.gz HTTP/2.0" 404 146 "-" "Mozilla/5.0 (compatible; bingbot/2.0; +http://www.bing.com/bingbot.htm)"
138.246.253.24 - - [11/Sep/2021:01:22:50 +0700] "GET /robots.txt HTTP/1.1" 200 26 "-" "Mozilla/5.0 (Windows NT 10.0; Win64; x64) AppleWebKit/537.36 (KHTML, like Gecko) Chrome/88.0.4324.146 Safari/537.36"
207.46.13.76 - - [11/Sep/2021:03:07:01 +0700] "GET /sitemap.xml HTTP/2.0" 200 1820 "-" "Mozilla/5.0 (compatible; bingbot/2.0; +http://www.bing.com/bingbot.htm)"
207.46.13.143 - - [11/Sep/2021:03:09:03 +0700] "GET /sitemap.xml.gz HTTP/2.0" 404 146 "-" "Mozilla/5.0 (compatible; bingbot/2.0; +http://www.bing.com/bingbot.htm)"
207.46.13.143 - - [11/Sep/2021:03:53:38 +0700] "GET /sitemap.xml.gz HTTP/2.0" 404 146 "-" "Mozilla/5.0 (compatible; bingbot/2.0; +http://www.bing.com/bingbot.htm)"
54.36.149.106 - - [11/Sep/2021:05:18:19 +0700] "GET / HTTP/1.0" 200 9939 "-" "Mozilla/5.0 (compatible; AhrefsBot/7.0; +http://ahrefs.com/robot/)"
54.36.148.2 - - [11/Sep/2021:06:50:06 +0700] "GET / HTTP/1.0" 200 9936 "-" "Mozilla/5.0 (compatible; AhrefsBot/7.0; +http://ahrefs.com/robot/)"
207.46.13.50 - - [11/Sep/2021:07:28:42 +0700] "GET /atom.xml HTTP/1.0" 404 1191 "-" "Mozilla/5.0 (compatible; bingbot/2.0; +http://www.bing.com/bingbot.htm)"
40.77.167.38 - - [11/Sep/2021:07:38:09 +0700] "GET / HTTP/1.0" 200 9932 "-" "Mozilla/5.0 (compatible; bingbot/2.0; +http://www.bing.com/bingbot.htm)"
207.46.13.121 - - [11/Sep/2021:07:40:00 +0700] "GET /bai-viet/thanh-pho-ai-thanh-pho-tuong-lai-duoc-ho-tro-boi-cac-cong-nghe-moi-nhu-ai-gis-bim HTTP/1.0" 200 8705 "-" "Mozilla/5.0 (compatible; bingbot/2.0; +http://www.bing.com/bingbot.htm)"
35.166.163.53 - - [11/Sep/2021:10:51:15 +0700] "GET / HTTP/1.0" 200 9945 "-" "Mozilla/5.0 (X11; Linux x86_64) AppleWebKit/537.36 (KHTML, like Gecko) Chrome/83.0.4103.97 Safari/537.36"
40.77.167.15 - - [11/Sep/2021:17:27:02 +0700] "GET / HTTP/1.0" 200 9932 "-" "Mozilla/5.0 (compatible; bingbot/2.0; +http://www.bing.com/bingbot.htm)"
207.46.13.104 - - [11/Sep/2021:17:39:27 +0700] "GET /bai-viet/huong-toi-tu-dong-hoa-trong-viec-tao-mo-hinh-bim-va-quy-trinh-cong-viec-duoc-cai-thien-trong-cac-cong-ty-aec HTTP/1.0" 200 8681 "-" "Mozilla/5.0 (compatible; bingbot/2.0; +http://www.bing.com/bingbot.htm)"
54.36.148.10 - - [11/Sep/2021:22:28:48 +0700] "GET / HTTP/1.0" 200 9934 "-" "Mozilla/5.0 (compatible; AhrefsBot/7.0; +http://ahrefs.com/robot/)"
40.77.167.15 - - [11/Sep/2021:23:54:18 +0700] "GET / HTTP/1.0" 200 9921 "-" "Mozilla/5.0 (compatible; bingbot/2.0; +http://www.bing.com/bingbot.htm)"
5.255.231.203 - - [12/Sep/2021:00:55:53 +0700] "GET / HTTP/1.0" 200 9948 "-" "Mozilla/5.0 (compatible; YandexBot/3.0; +http://yandex.com/bots)"
40.77.167.15 - - [12/Sep/2021:02:46:45 +0700] "GET / HTTP/1.0" 200 9936 "-" "Mozilla/5.0 (compatible; bingbot/2.0; +http://www.bing.com/bingbot.htm)"
54.36.148.67 - - [11/Sep/2021:05:18:17 +0700] "GET /robots.txt HTTP/2.0" 200 31 "-" "Mozilla/5.0 (compatible; AhrefsBot/7.0; +http://ahrefs.com/robot/)"
207.46.13.143 - - [11/Sep/2021:05:54:40 +0700] "GET /sitemap.xml.gz HTTP/2.0" 404 146 "-" "Mozilla/5.0 (compatible; bingbot/2.0; +http://www.bing.com/bingbot.htm)"
207.46.13.50 - - [11/Sep/2021:06:04:04 +0700] "GET /sitemap.txt HTTP/2.0" 404 146 "-" "Mozilla/5.0 (compatible; bingbot/2.0; +http://www.bing.com/bingbot.htm)"
207.46.13.50 - - [11/Sep/2021:06:04:04 +0700] "GET /sitemap.txt HTTP/2.0" 404 146 "-" "Mozilla/5.0 (compatible; bingbot/2.0; +http://www.bing.com/bingbot.htm)"
207.46.13.50 - - [11/Sep/2021:06:27:49 +0700] "GET /sitemap.txt HTTP/2.0" 404 146 "-" "Mozilla/5.0 (compatible; bingbot/2.0; +http://www.bing.com/bingbot.htm)"
5.255.231.203 - - [12/Sep/2021:00:55:50 +0700] "GET /robots.txt HTTP/1.1" 200 26 "-" "Mozilla/5.0 (compatible; YandexBot/3.0; +http://yandex.com/bots)"
54.36.148.92 - - [12/Sep/2021:06:40:30 +0700] "GET / HTTP/1.0" 200 9954 "-" "Mozilla/5.0 (compatible; AhrefsBot/7.0; +http://ahrefs.com/robot/)"
40.77.167.15 - - [12/Sep/2021:09:17:22 +0700] "GET / HTTP/1.0" 200 9947 "-" "Mozilla/5.0 (compatible; bingbot/2.0; +http://www.bing.com/bingbot.htm)"
207.46.13.50 - - [12/Sep/2021:09:46:55 +0700] "GET /sitemaps.xml HTTP/1.0" 404 1191 "-" "Mozilla/5.0 (compatible; bingbot/2.0; +http://www.bing.com/bingbot.htm)"
54.213.191.57 - - [12/Sep/2021:10:31:41 +0700] "GET / HTTP/1.0" 200 9929 "-" "Mozilla/5.0 (X11; Linux x86_64) AppleWebKit/537.36 (KHTML, like Gecko) Chrome/83.0.4103.97 Safari/537.36"
34.221.114.189 - - [12/Sep/2021:10:35:55 +0700] "GET / HTTP/1.0" 200 9923 "-" "Mozilla/5.0 (X11; Linux x86_64) AppleWebKit/537.36 (KHTML, like Gecko) Chrome/83.0.4103.97 Safari/537.36"
157.55.39.178 - - [12/Sep/2021:11:11:42 +0700] "GET /sitemap_index.xml HTTP/1.0" 404 1191 "-" "Mozilla/5.0 (compatible; bingbot/2.0; +http://www.bing.com/bingbot.htm)"
40.77.167.15 - - [12/Sep/2021:12:09:29 +0700] "GET / HTTP/1.0" 200 9946 "-" "Mozilla/5.0 (compatible; bingbot/2.0; +http://www.bing.com/bingbot.htm)"
207.46.13.50 - - [12/Sep/2021:13:44:08 +0700] "GET /sitemaps.xml HTTP/1.0" 404 1191 "-" "Mozilla/5.0 (compatible; bingbot/2.0; +http://www.bing.com/bingbot.htm)"
157.55.39.178 - - [12/Sep/2021:13:48:28 +0700] "GET /sitemap_index.xml HTTP/1.0" 404 1191 "-" "Mozilla/5.0 (compatible; bingbot/2.0; +http://www.bing.com/bingbot.htm)"
207.46.13.76 - - [12/Sep/2021:15:26:44 +0700] "GET /sitemap.xml HTTP/1.0" 200 507 "-" "Mozilla/5.0 (compatible; bingbot/2.0; +http://www.bing.com/bingbot.htm)"
54.36.149.107 - - [12/Sep/2021:17:15:50 +0700] "GET / HTTP/1.0" 200 9944 "-" "Mozilla/5.0 (compatible; AhrefsBot/7.0; +http://ahrefs.com/robot/)"
40.77.167.15 - - [12/Sep/2021:19:05:28 +0700] "GET / HTTP/1.0" 200 11318 "-" "Mozilla/5.0 (compatible; bingbot/2.0; +http://www.bing.com/bingbot.htm)"
144.76.118.82 - - [12/Sep/2021:19:41:57 +0700] "GET /bai-viet/tag/BIM%20N%C3%A2ng%20cao HTTP/1.0" 200 6784 "-" "Mozilla/5.0 (compatible; MJ12bot/v1.4.8; http://mj12bot.com/)"
144.76.118.82 - - [12/Sep/2021:19:42:01 +0700] "GET /bai-viet/tag/BIM%20c%C6%A1%20b%E1%BA%A3n HTTP/1.0" 200 6609 "-" "Mozilla/5.0 (compatible; MJ12bot/v1.4.8; http://mj12bot.com/)"
144.76.118.82 - - [12/Sep/2021:19:42:06 +0700] "GET /bai-viet/tag/Chuy%C3%AAn%20san%20BIM%20h%E1%BB%8Dc%20th%C6%B0%E1%BB%9Dng%20th%E1%BB%A9c HTTP/1.0" 200 6301 "-" "Mozilla/5.0 (compatible; MJ12bot/v1.4.8; http://mj12bot.com/)"
207.46.13.50 - - [12/Sep/2021:20:00:21 +0700] "GET /atom.xml HTTP/1.0" 404 1191 "-" "Mozilla/5.0 (compatible; bingbot/2.0; +http://www.bing.com/bingbot.htm)"
40.77.167.15 - - [12/Sep/2021:21:59:15 +0700] "GET / HTTP/1.0" 200 9925 "-" "Mozilla/5.0 (compatible; bingbot/2.0; +http://www.bing.com/bingbot.htm)"
207.46.13.50 - - [13/Sep/2021:02:23:39 +0700] "GET /sitemaps.xml HTTP/1.0" 404 1191 "-" "Mozilla/5.0 (compatible; bingbot/2.0; +http://www.bing.com/bingbot.htm)"
54.36.148.133 - - [12/Sep/2021:06:40:29 +0700] "GET /robots.txt HTTP/2.0" 200 31 "-" "Mozilla/5.0 (compatible; AhrefsBot/7.0; +http://ahrefs.com/robot/)"
157.55.39.134 - - [12/Sep/2021:15:26:39 +0700] "GET /robots.txt HTTP/2.0" 200 26 "-" "Mozilla/5.0 (compatible; bingbot/2.0; +http://www.bing.com/bingbot.htm)"
157.55.39.134 - - [12/Sep/2021:15:26:39 +0700] "GET /robots.txt HTTP/2.0" 200 26 "-" "Mozilla/5.0 (compatible; bingbot/2.0; +http://www.bing.com/bingbot.htm)"
207.46.13.76 - - [12/Sep/2021:15:26:44 +0700] "GET /sitemap.xml HTTP/2.0" 200 1820 "-" "Mozilla/5.0 (compatible; bingbot/2.0; +http://www.bing.com/bingbot.htm)"
54.36.148.112 - - [12/Sep/2021:17:15:49 +0700] "GET /robots.txt HTTP/2.0" 200 31 "-" "Mozilla/5.0 (compatible; AhrefsBot/7.0; +http://ahrefs.com/robot/)"
207.46.13.143 - - [12/Sep/2021:18:24:39 +0700] "GET /sitemap.xml.gz HTTP/2.0" 404 146 "-" "Mozilla/5.0 (compatible; bingbot/2.0; +http://www.bing.com/bingbot.htm)"
207.46.13.50 - - [12/Sep/2021:18:58:47 +0700] "GET /sitemap.txt HTTP/2.0" 404 146 "-" "Mozilla/5.0 (compatible; bingbot/2.0; +http://www.bing.com/bingbot.htm)"
144.76.118.82 - - [12/Sep/2021:19:41:53 +0700] "GET /robots.txt HTTP/1.1" 200 26 "-" "Mozilla/5.0 (compatible; MJ12bot/v1.4.8; http://mj12bot.com/)"
157.55.39.134 - - [12/Sep/2021:21:59:07 +0700] "GET /robots.txt HTTP/2.0" 200 26 "-" "Mozilla/5.0 (compatible; bingbot/2.0; +http://www.bing.com/bingbot.htm)"
157.55.39.134 - - [12/Sep/2021:21:59:07 +0700] "GET /robots.txt HTTP/2.0" 200 26 "-" "Mozilla/5.0 (compatible; bingbot/2.0; +http://www.bing.com/bingbot.htm)"
157.55.39.178 - - [13/Sep/2021:03:55:01 +0700] "GET /sitemap_index.xml HTTP/1.0" 404 1191 "-" "Mozilla/5.0 (compatible; bingbot/2.0; +http://www.bing.com/bingbot.htm)"
40.77.167.15 - - [13/Sep/2021:04:27:02 +0700] "GET / HTTP/1.0" 200 9947 "-" "Mozilla/5.0 (compatible; bingbot/2.0; +http://www.bing.com/bingbot.htm)"
40.77.167.15 - - [13/Sep/2021:07:18:19 +0700] "GET / HTTP/1.0" 200 9932 "-" "Mozilla/5.0 (compatible; bingbot/2.0; +http://www.bing.com/bingbot.htm)"
207.46.13.50 - - [13/Sep/2021:07:53:41 +0700] "GET /atom.xml HTTP/1.0" 404 1191 "-" "Mozilla/5.0 (compatible; bingbot/2.0; +http://www.bing.com/bingbot.htm)"
207.46.13.76 - - [13/Sep/2021:08:31:54 +0700] "GET /sitemap.xml HTTP/1.0" 200 507 "-" "Mozilla/5.0 (compatible; bingbot/2.0; +http://www.bing.com/bingbot.htm)"
207.46.13.50 - - [13/Sep/2021:09:42:01 +0700] "GET /sitemaps.xml HTTP/1.0" 404 1191 "-" "Mozilla/5.0 (compatible; bingbot/2.0; +http://www.bing.com/bingbot.htm)"
54.36.148.215 - - [13/Sep/2021:10:44:08 +0700] "GET / HTTP/1.0" 200 9936 "-" "Mozilla/5.0 (compatible; AhrefsBot/7.0; +http://ahrefs.com/robot/)"
157.55.39.178 - - [13/Sep/2021:12:06:07 +0700] "GET /sitemap_index.xml HTTP/1.0" 404 1191 "-" "Mozilla/5.0 (compatible; bingbot/2.0; +http://www.bing.com/bingbot.htm)"
207.46.13.50 - - [13/Sep/2021:12:46:49 +0700] "GET /sitemaps.xml HTTP/1.0" 404 1191 "-" "Mozilla/5.0 (compatible; bingbot/2.0; +http://www.bing.com/bingbot.htm)"
54.36.149.96 - - [13/Sep/2021:13:19:52 +0700] "GET / HTTP/1.0" 200 9926 "-" "Mozilla/5.0 (compatible; AhrefsBot/7.0; +http://ahrefs.com/robot/)"
40.77.167.15 - - [13/Sep/2021:13:46:56 +0700] "GET / HTTP/1.0" 200 9929 "-" "Mozilla/5.0 (compatible; bingbot/2.0; +http://www.bing.com/bingbot.htm)"
207.46.13.76 - - [13/Sep/2021:16:47:52 +0700] "GET /sitemap.xml HTTP/1.0" 200 507 "-" "Mozilla/5.0 (compatible; bingbot/2.0; +http://www.bing.com/bingbot.htm)"
40.77.167.15 - - [13/Sep/2021:17:08:04 +0700] "GET / HTTP/1.0" 200 9938 "-" "Mozilla/5.0 (compatible; bingbot/2.0; +http://www.bing.com/bingbot.htm)"
207.46.13.50 - - [13/Sep/2021:21:51:22 +0700] "GET /atom.xml HTTP/1.0" 404 1191 "-" "Mozilla/5.0 (compatible; bingbot/2.0; +http://www.bing.com/bingbot.htm)"
40.77.167.15 - - [13/Sep/2021:23:36:22 +0700] "GET / HTTP/1.0" 200 9933 "-" "Mozilla/5.0 (compatible; bingbot/2.0; +http://www.bing.com/bingbot.htm)"
40.77.167.15 - - [14/Sep/2021:02:27:39 +0700] "GET / HTTP/1.0" 200 9922 "-" "Mozilla/5.0 (compatible; bingbot/2.0; +http://www.bing.com/bingbot.htm)"
207.46.13.76 - - [13/Sep/2021:08:31:54 +0700] "GET /sitemap.xml HTTP/2.0" 200 1820 "-" "Mozilla/5.0 (compatible; bingbot/2.0; +http://www.bing.com/bingbot.htm)"
54.36.149.64 - - [13/Sep/2021:10:44:06 +0700] "GET /robots.txt HTTP/2.0" 200 31 "-" "Mozilla/5.0 (compatible; AhrefsBot/7.0; +http://ahrefs.com/robot/)"
207.46.13.76 - - [13/Sep/2021:16:47:52 +0700] "GET /sitemap.xml HTTP/2.0" 200 1820 "-" "Mozilla/5.0 (compatible; bingbot/2.0; +http://www.bing.com/bingbot.htm)"
23.148.145.53 - - [13/Sep/2021:16:59:31 +0700] "GET /.env HTTP/1.1" 403 146 "-" "Mozilla/5.0 (Windows NT 10.0; Win64; x64; rv:58.0) Gecko/20100101 Firefox/58.0"
207.46.13.143 - - [13/Sep/2021:20:05:56 +0700] "GET /sitemap.xml.gz HTTP/2.0" 404 146 "-" "Mozilla/5.0 (compatible; bingbot/2.0; +http://www.bing.com/bingbot.htm)"
207.46.13.50 - - [13/Sep/2021:20:43:15 +0700] "GET /sitemap.txt HTTP/2.0" 404 146 "-" "Mozilla/5.0 (compatible; bingbot/2.0; +http://www.bing.com/bingbot.htm)"
207.46.13.50 - - [14/Sep/2021:07:56:18 +0700] "GET /atom.xml HTTP/1.0" 404 1191 "-" "Mozilla/5.0 (compatible; bingbot/2.0; +http://www.bing.com/bingbot.htm)"
40.77.167.15 - - [14/Sep/2021:08:57:56 +0700] "GET / HTTP/1.0" 200 9940 "-" "Mozilla/5.0 (compatible; bingbot/2.0; +http://www.bing.com/bingbot.htm)"
54.218.81.58 - - [14/Sep/2021:10:15:34 +0700] "GET / HTTP/1.0" 200 9937 "-" "Mozilla/5.0 (X11; Linux x86_64) AppleWebKit/537.36 (KHTML, like Gecko) Chrome/83.0.4103.97 Safari/537.36"
40.77.167.15 - - [14/Sep/2021:11:54:43 +0700] "GET / HTTP/1.0" 200 9930 "-" "Mozilla/5.0 (compatible; bingbot/2.0; +http://www.bing.com/bingbot.htm)"
54.36.148.92 - - [14/Sep/2021:12:39:22 +0700] "GET / HTTP/1.0" 200 9925 "-" "Mozilla/5.0 (compatible; AhrefsBot/7.0; +http://ahrefs.com/robot/)"
157.55.39.140 - - [14/Sep/2021:13:23:28 +0700] "GET /san-pham/danh-muc/phan-mem-bim-6d HTTP/1.0" 200 6375 "-" "Mozilla/5.0 (compatible; bingbot/2.0; +http://www.bing.com/bingbot.htm)"
207.46.13.50 - - [14/Sep/2021:14:24:36 +0700] "GET /atom.xml HTTP/1.0" 404 1191 "-" "Mozilla/5.0 (compatible; bingbot/2.0; +http://www.bing.com/bingbot.htm)"
207.46.13.50 - - [14/Sep/2021:14:51:09 +0700] "GET /sitemaps.xml HTTP/1.0" 404 1191 "-" "Mozilla/5.0 (compatible; bingbot/2.0; +http://www.bing.com/bingbot.htm)"
157.55.39.178 - - [14/Sep/2021:16:21:58 +0700] "GET /sitemap_index.xml HTTP/1.0" 404 1191 "-" "Mozilla/5.0 (compatible; bingbot/2.0; +http://www.bing.com/bingbot.htm)"
54.36.148.34 - - [14/Sep/2021:18:21:03 +0700] "GET / HTTP/1.0" 200 9945 "-" "Mozilla/5.0 (compatible; AhrefsBot/7.0; +http://ahrefs.com/robot/)"
207.46.13.76 - - [14/Sep/2021:20:54:39 +0700] "GET /sitemap.xml HTTP/1.0" 200 507 "-" "Mozilla/5.0 (compatible; bingbot/2.0; +http://www.bing.com/bingbot.htm)"
40.77.167.10 - - [14/Sep/2021:21:40:51 +0700] "GET / HTTP/1.0" 200 9945 "-" "Mozilla/5.0 (compatible; bingbot/2.0; +http://www.bing.com/bingbot.htm)"
40.77.167.51 - - [15/Sep/2021:01:54:53 +0700] "GET /atom.xml HTTP/1.0" 404 1191 "-" "Mozilla/5.0 (compatible; bingbot/2.0; +http://www.bing.com/bingbot.htm)"
207.46.13.143 - - [14/Sep/2021:06:05:24 +0700] "GET /sitemap.xml.gz HTTP/2.0" 404 146 "-" "Mozilla/5.0 (compatible; bingbot/2.0; +http://www.bing.com/bingbot.htm)"
207.46.13.50 - - [14/Sep/2021:06:45:12 +0700] "GET /sitemap.txt HTTP/2.0" 404 146 "-" "Mozilla/5.0 (compatible; bingbot/2.0; +http://www.bing.com/bingbot.htm)"
54.36.149.32 - - [14/Sep/2021:12:39:21 +0700] "GET /robots.txt HTTP/2.0" 200 31 "-" "Mozilla/5.0 (compatible; AhrefsBot/7.0; +http://ahrefs.com/robot/)"
207.46.13.9 - - [14/Sep/2021:16:21:52 +0700] "GET /robots.txt HTTP/2.0" 200 26 "-" "Mozilla/5.0 (compatible; bingbot/2.0; +http://www.bing.com/bingbot.htm)"
207.46.13.9 - - [14/Sep/2021:16:21:54 +0700] "GET /robots.txt HTTP/2.0" 200 26 "-" "Mozilla/5.0 (compatible; bingbot/2.0; +http://www.bing.com/bingbot.htm)"
54.36.148.206 - - [14/Sep/2021:18:21:01 +0700] "GET /robots.txt HTTP/2.0" 200 31 "-" "Mozilla/5.0 (compatible; AhrefsBot/7.0; +http://ahrefs.com/robot/)"
207.46.13.9 - - [14/Sep/2021:18:49:24 +0700] "GET /robots.txt HTTP/2.0" 200 26 "-" "Mozilla/5.0 (compatible; bingbot/2.0; +http://www.bing.com/bingbot.htm)"
207.46.13.9 - - [14/Sep/2021:18:49:25 +0700] "GET /robots.txt HTTP/2.0" 200 26 "-" "Mozilla/5.0 (compatible; bingbot/2.0; +http://www.bing.com/bingbot.htm)"
207.46.13.76 - - [14/Sep/2021:20:54:39 +0700] "GET /sitemap.xml HTTP/2.0" 200 1820 "-" "Mozilla/5.0 (compatible; bingbot/2.0; +http://www.bing.com/bingbot.htm)"
40.77.167.106 - - [15/Sep/2021:00:06:52 +0700] "GET /sitemap.xml.gz HTTP/2.0" 404 146 "-" "Mozilla/5.0 (compatible; bingbot/2.0; +http://www.bing.com/bingbot.htm)"
40.77.167.51 - - [15/Sep/2021:00:44:56 +0700] "GET /sitemap.txt HTTP/2.0" 404 146 "-" "Mozilla/5.0 (compatible; bingbot/2.0; +http://www.bing.com/bingbot.htm)"
40.77.167.10 - - [15/Sep/2021:08:09:57 +0700] "GET / HTTP/1.0" 200 9939 "-" "Mozilla/5.0 (compatible; bingbot/2.0; +http://www.bing.com/bingbot.htm)"
40.77.167.51 - - [15/Sep/2021:09:58:49 +0700] "GET /sitemaps.xml HTTP/1.0" 404 1191 "-" "Mozilla/5.0 (compatible; bingbot/2.0; +http://www.bing.com/bingbot.htm)"
34.222.222.86 - - [15/Sep/2021:10:15:34 +0700] "GET / HTTP/1.0" 200 9941 "-" "Mozilla/5.0 (X11; Linux x86_64) AppleWebKit/537.36 (KHTML, like Gecko) Chrome/83.0.4103.97 Safari/537.36"
40.77.167.10 - - [15/Sep/2021:10:41:05 +0700] "GET / HTTP/1.0" 200 9942 "-" "Mozilla/5.0 (compatible; bingbot/2.0; +http://www.bing.com/bingbot.htm)"
40.77.167.10 - - [15/Sep/2021:11:16:21 +0700] "GET / HTTP/1.0" 200 9940 "-" "Mozilla/5.0 (compatible; bingbot/2.0; +http://www.bing.com/bingbot.htm)"
40.77.167.51 - - [15/Sep/2021:11:27:30 +0700] "GET /sitemaps.xml HTTP/1.0" 404 1191 "-" "Mozilla/5.0 (compatible; bingbot/2.0; +http://www.bing.com/bingbot.htm)"
157.55.39.178 - - [15/Sep/2021:11:44:35 +0700] "GET /sitemap_index.xml HTTP/1.0" 404 1191 "-" "Mozilla/5.0 (compatible; bingbot/2.0; +http://www.bing.com/bingbot.htm)"
40.77.188.124 - - [15/Sep/2021:11:47:37 +0700] "GET /css/plugin/font-awesome/fonts/fontawesome-webfont.ttf?v=4.7.0 HTTP/1.0" 404 2099 "-" "Mozilla/5.0 (Windows NT 6.1; WOW64) AppleWebKit/534+ (KHTML, like Gecko) BingPreview/1.0b"
157.55.39.178 - - [15/Sep/2021:13:51:17 +0700] "GET /sitemap_index.xml HTTP/1.0" 404 1191 "-" "Mozilla/5.0 (compatible; bingbot/2.0; +http://www.bing.com/bingbot.htm)"
54.36.148.155 - - [15/Sep/2021:14:06:50 +0700] "GET / HTTP/1.0" 200 9938 "-" "Mozilla/5.0 (compatible; AhrefsBot/7.0; +http://ahrefs.com/robot/)"
207.46.13.76 - - [15/Sep/2021:17:00:36 +0700] "GET /sitemap.xml HTTP/1.0" 200 507 "-" "Mozilla/5.0 (compatible; bingbot/2.0; +http://www.bing.com/bingbot.htm)"
40.77.167.10 - - [15/Sep/2021:17:41:47 +0700] "GET / HTTP/1.0" 200 9946 "-" "Mozilla/5.0 (compatible; bingbot/2.0; +http://www.bing.com/bingbot.htm)"
157.55.39.155 - - [15/Sep/2021:17:44:57 +0700] "GET /san-pham/danh-muc/phan-mem-bim-5d HTTP/1.0" 200 6396 "-" "Mozilla/5.0 (compatible; bingbot/2.0; +http://www.bing.com/bingbot.htm)"
40.77.167.10 - - [15/Sep/2021:20:38:57 +0700] "GET / HTTP/1.0" 200 9914 "-" "Mozilla/5.0 (compatible; bingbot/2.0; +http://www.bing.com/bingbot.htm)"
40.77.167.52 - - [15/Sep/2021:22:49:53 +0700] "GET /atom.xml HTTP/1.0" 404 1191 "-" "Mozilla/5.0 (compatible; bingbot/2.0; +http://www.bing.com/bingbot.htm)"
54.39.29.64 - - [16/Sep/2021:02:50:32 +0700] "GET / HTTP/1.0" 200 62420 "-" "Mozilla/5.0 (Windows NT 10.0; Win64; x64) AppleWebKit/537.36 (KHTML, like Gecko) Chrome/71.0.3578.98 Safari/537.36"
207.46.13.9 - - [15/Sep/2021:08:04:43 +0700] "GET /robots.txt HTTP/2.0" 200 26 "-" "Mozilla/5.0 (compatible; bingbot/2.0; +http://www.bing.com/bingbot.htm)"
207.46.13.9 - - [15/Sep/2021:08:04:44 +0700] "GET /robots.txt HTTP/2.0" 200 26 "-" "Mozilla/5.0 (compatible; bingbot/2.0; +http://www.bing.com/bingbot.htm)"
207.46.13.9 - - [15/Sep/2021:10:37:59 +0700] "GET /robots.txt HTTP/2.0" 200 26 "-" "Mozilla/5.0 (compatible; bingbot/2.0; +http://www.bing.com/bingbot.htm)"
207.46.13.9 - - [15/Sep/2021:10:37:59 +0700] "GET /robots.txt HTTP/2.0" 200 26 "-" "Mozilla/5.0 (compatible; bingbot/2.0; +http://www.bing.com/bingbot.htm)"
157.55.39.178 - - [15/Sep/2021:11:16:32 +0700] "GET /css/frontend/owl.carousel.min.css HTTP/2.0" 200 982 "-" "Mozilla/5.0 (compatible; bingbot/2.0; +http://www.bing.com/bingbot.htm)"
157.55.39.178 - - [15/Sep/2021:11:16:32 +0700] "GET /css/plugin/aos/aos.css HTTP/2.0" 200 6821 "-" "Mozilla/5.0 (compatible; bingbot/2.0; +http://www.bing.com/bingbot.htm)"
157.55.39.178 - - [15/Sep/2021:11:16:32 +0700] "GET /css/plugin/venobox/venobox.css HTTP/2.0" 200 3120 "-" "Mozilla/5.0 (compatible; bingbot/2.0; +http://www.bing.com/bingbot.htm)"
157.55.39.178 - - [15/Sep/2021:11:16:33 +0700] "GET /js/plugin/bootstrap/bootstrap.min.js HTTP/2.0" 200 24327 "-" "Mozilla/5.0 (compatible; bingbot/2.0; +http://www.bing.com/bingbot.htm)"
157.55.39.140 - - [15/Sep/2021:11:16:35 +0700] "GET /css/frontend/style.css HTTP/2.0" 200 8141 "-" "Mozilla/5.0 (compatible; bingbot/2.0; +http://www.bing.com/bingbot.htm)"
157.55.39.91 - - [15/Sep/2021:11:16:36 +0700] "GET /js/plugin/slick/slick.min.js HTTP/2.0" 200 12062 "-" "Mozilla/5.0 (compatible; bingbot/2.0; +http://www.bing.com/bingbot.htm)"
40.77.167.106 - - [15/Sep/2021:11:16:37 +0700] "GET /js/frontend/sweetalert2.js HTTP/2.0" 200 18149 "-" "Mozilla/5.0 (compatible; bingbot/2.0; +http://www.bing.com/bingbot.htm)"
157.55.39.155 - - [15/Sep/2021:11:16:41 +0700] "GET /js/frontend/frontend.js HTTP/2.0" 200 1032 "-" "Mozilla/5.0 (compatible; bingbot/2.0; +http://www.bing.com/bingbot.htm)"
207.46.13.104 - - [15/Sep/2021:11:16:44 +0700] "GET /css/plugin/bootstrap/bootstrap.min.css HTTP/2.0" 200 23344 "-" "Mozilla/5.0 (compatible; bingbot/2.0; +http://www.bing.com/bingbot.htm)"
207.46.13.121 - - [15/Sep/2021:11:16:47 +0700] "GET /css/plugin/slick/slick.css HTTP/2.0" 200 538 "-" "Mozilla/5.0 (compatible; bingbot/2.0; +http://www.bing.com/bingbot.htm)"
207.46.13.121 - - [15/Sep/2021:11:16:47 +0700] "GET /js/frontend/jquery.min.js HTTP/2.0" 200 33354 "-" "Mozilla/5.0 (compatible; bingbot/2.0; +http://www.bing.com/bingbot.htm)"
157.55.39.140 - - [15/Sep/2021:11:16:54 +0700] "GET /css/plugin/font-awesome/font-awesome.min.css HTTP/2.0" 200 7261 "-" "Mozilla/5.0 (compatible; bingbot/2.0; +http://www.bing.com/bingbot.htm)"
157.55.39.140 - - [15/Sep/2021:11:16:54 +0700] "GET /js/plugin/aos/aos.js HTTP/2.0" 200 5175 "-" "Mozilla/5.0 (compatible; bingbot/2.0; +http://www.bing.com/bingbot.htm)"
157.55.39.140 - - [15/Sep/2021:11:16:54 +0700] "GET /js/plugin/jQuery/jquery.min.js HTTP/2.0" 200 36298 "-" "Mozilla/5.0 (compatible; bingbot/2.0; +http://www.bing.com/bingbot.htm)"
207.46.13.104 - - [15/Sep/2021:11:16:59 +0700] "GET /js/frontend/owl.carousel.min.js HTTP/2.0" 200 12123 "-" "Mozilla/5.0 (compatible; bingbot/2.0; +http://www.bing.com/bingbot.htm)"
207.46.13.104 - - [15/Sep/2021:11:16:59 +0700] "GET /js/plugin/venobox/venobox.min.js HTTP/2.0" 200 4191 "-" "Mozilla/5.0 (compatible; bingbot/2.0; +http://www.bing.com/bingbot.htm)"
40.77.188.132 - - [15/Sep/2021:11:47:34 +0700] "GET /css/plugin/font-awesome/fonts/fontawesome-webfont.woff2?v=4.7.0 HTTP/2.0" 200 40960 "-" "Mozilla/5.0 (Windows NT 6.1; WOW64) AppleWebKit/534+ (KHTML, like Gecko) BingPreview/1.0b"
40.77.190.47 - - [15/Sep/2021:11:47:35 +0700] "GET /css/plugin/font-awesome/fonts/fontawesome-webfont.woff?v=4.7.0 HTTP/2.0" 404 146 "-" "Mozilla/5.0 (Windows NT 6.1; WOW64) AppleWebKit/534+ (KHTML, like Gecko) BingPreview/1.0b"
54.36.148.30 - - [15/Sep/2021:14:06:48 +0700] "GET /robots.txt HTTP/2.0" 200 31 "-" "Mozilla/5.0 (compatible; AhrefsBot/7.0; +http://ahrefs.com/robot/)"
207.46.13.76 - - [15/Sep/2021:17:00:36 +0700] "GET /sitemap.xml HTTP/2.0" 200 1820 "-" "Mozilla/5.0 (compatible; bingbot/2.0; +http://www.bing.com/bingbot.htm)"
40.77.167.106 - - [15/Sep/2021:21:03:11 +0700] "GET /sitemap.xml.gz HTTP/2.0" 404 146 "-" "Mozilla/5.0 (compatible; bingbot/2.0; +http://www.bing.com/bingbot.htm)"
40.77.167.51 - - [15/Sep/2021:21:40:36 +0700] "GET /sitemap.txt HTTP/2.0" 404 146 "-" "Mozilla/5.0 (compatible; bingbot/2.0; +http://www.bing.com/bingbot.htm)"
40.77.167.106 - - [15/Sep/2021:23:46:47 +0700] "GET /sitemap.xml.gz HTTP/2.0" 404 146 "-" "Mozilla/5.0 (compatible; bingbot/2.0; +http://www.bing.com/bingbot.htm)"
40.77.167.52 - - [15/Sep/2021:23:51:20 +0700] "GET /sitemap.txt HTTP/2.0" 404 146 "-" "Mozilla/5.0 (compatible; bingbot/2.0; +http://www.bing.com/bingbot.htm)"
40.77.167.51 - - [16/Sep/2021:06:07:26 +0700] "GET /sitemaps.xml HTTP/1.0" 404 1191 "-" "Mozilla/5.0 (compatible; bingbot/2.0; +http://www.bing.com/bingbot.htm)"
157.55.39.178 - - [16/Sep/2021:07:50:11 +0700] "GET /sitemap_index.xml HTTP/1.0" 404 1191 "-" "Mozilla/5.0 (compatible; bingbot/2.0; +http://www.bing.com/bingbot.htm)"
54.36.148.191 - - [16/Sep/2021:08:04:15 +0700] "GET / HTTP/1.0" 200 9935 "-" "Mozilla/5.0 (compatible; AhrefsBot/7.0; +http://ahrefs.com/robot/)"
40.77.167.51 - - [16/Sep/2021:08:18:14 +0700] "GET /sitemaps.xml HTTP/1.0" 404 1191 "-" "Mozilla/5.0 (compatible; bingbot/2.0; +http://www.bing.com/bingbot.htm)"
207.46.13.102 - - [16/Sep/2021:09:25:53 +0700] "GET / HTTP/1.0" 200 9927 "-" "Mozilla/5.0 (compatible; bingbot/2.0; +http://www.bing.com/bingbot.htm)"
52.11.139.100 - - [16/Sep/2021:11:12:26 +0700] "GET / HTTP/1.0" 200 9936 "-" "Mozilla/5.0 (X11; Linux x86_64) AppleWebKit/537.36 (KHTML, like Gecko) Chrome/83.0.4103.97 Safari/537.36"
5.45.207.124 - - [16/Sep/2021:11:48:40 +0700] "GET / HTTP/1.0" 200 9937 "-" "Mozilla/5.0 (compatible; YandexBot/3.0; +http://yandex.com/bots)"
207.46.13.76 - - [16/Sep/2021:12:53:10 +0700] "GET /sitemap.xml HTTP/1.0" 200 507 "-" "Mozilla/5.0 (compatible; bingbot/2.0; +http://www.bing.com/bingbot.htm)"
207.46.13.121 - - [16/Sep/2021:14:06:29 +0700] "GET /bai-viet/trinh-tu-lap-mo-hinh-bim HTTP/1.0" 200 8031 "-" "Mozilla/5.0 (compatible; bingbot/2.0; +http://www.bing.com/bingbot.htm)"
207.46.13.102 - - [16/Sep/2021:16:22:15 +0700] "GET / HTTP/1.0" 200 9938 "-" "Mozilla/5.0 (compatible; bingbot/2.0; +http://www.bing.com/bingbot.htm)"
40.77.167.51 - - [16/Sep/2021:17:47:09 +0700] "GET /atom.xml HTTP/1.0" 404 1191 "-" "Mozilla/5.0 (compatible; bingbot/2.0; +http://www.bing.com/bingbot.htm)"
54.36.148.30 - - [16/Sep/2021:18:55:32 +0700] "GET / HTTP/1.0" 200 9936 "-" "Mozilla/5.0 (compatible; AhrefsBot/7.0; +http://ahrefs.com/robot/)"
207.46.13.102 - - [16/Sep/2021:19:18:32 +0700] "GET / HTTP/1.0" 200 9937 "-" "Mozilla/5.0 (compatible; bingbot/2.0; +http://www.bing.com/bingbot.htm)"
51.158.103.247 - - [16/Sep/2021:20:01:21 +0700] "GET / HTTP/1.0" 200 62584 "-" "-"
124.126.78.164 - - [16/Sep/2021:21:11:15 +0700] "GET / HTTP/1.0" 200 62420 "-" "Mozilla/5.0 (Linux; Android 8.0; Pixel 2 Build/OPD3.170816.012) AppleWebKit/537.36 (KHTML, like Gecko) Chrome/90.0.4472.114 Mobile Safari/537.36"
40.77.167.51 - - [17/Sep/2021:00:32:10 +0700] "GET /sitemaps.xml HTTP/1.0" 404 2573 "-" "Mozilla/5.0 (compatible; bingbot/2.0; +http://www.bing.com/bingbot.htm)"
207.46.13.71 - - [17/Sep/2021:02:03:05 +0700] "GET /sitemap_index.xml HTTP/1.0" 404 1191 "-" "Mozilla/5.0 (compatible; bingbot/2.0; +http://www.bing.com/bingbot.htm)"
138.246.253.24 - - [16/Sep/2021:07:47:31 +0700] "GET /robots.txt HTTP/1.1" 200 26 "-" "Mozilla/5.0 (Windows NT 10.0; Win64; x64) AppleWebKit/537.36 (KHTML, like Gecko) Chrome/88.0.4324.146 Safari/537.36"
54.36.148.60 - - [16/Sep/2021:08:04:14 +0700] "GET /robots.txt HTTP/2.0" 200 31 "-" "Mozilla/5.0 (compatible; AhrefsBot/7.0; +http://ahrefs.com/robot/)"
5.45.207.124 - - [16/Sep/2021:11:48:37 +0700] "GET /robots.txt HTTP/1.1" 200 26 "-" "Mozilla/5.0 (compatible; YandexBot/3.0; +http://yandex.com/bots)"
207.46.13.76 - - [16/Sep/2021:12:53:10 +0700] "GET /sitemap.xml HTTP/2.0" 200 1820 "-" "Mozilla/5.0 (compatible; bingbot/2.0; +http://www.bing.com/bingbot.htm)"
40.77.167.106 - - [16/Sep/2021:16:01:28 +0700] "GET /sitemap.xml.gz HTTP/2.0" 404 146 "-" "Mozilla/5.0 (compatible; bingbot/2.0; +http://www.bing.com/bingbot.htm)"
40.77.167.52 - - [16/Sep/2021:16:38:42 +0700] "GET /sitemap.txt HTTP/2.0" 404 146 "-" "Mozilla/5.0 (compatible; bingbot/2.0; +http://www.bing.com/bingbot.htm)"
51.222.253.20 - - [16/Sep/2021:18:55:30 +0700] "GET /robots.txt HTTP/2.0" 200 31 "-" "Mozilla/5.0 (compatible; AhrefsBot/7.0; +http://ahrefs.com/robot/)"
124.126.78.164 - - [16/Sep/2021:21:11:27 +0700] "GET /js/frontend/sweetalert2.js HTTP/1.1" 200 69579 "-" "Mozilla/5.0 (Linux; Android 8.0; Pixel 2 Build/OPD3.170816.012) AppleWebKit/537.36 (KHTML, like Gecko) Chrome/90.0.4472.114 Mobile Safari/537.36"
124.126.78.164 - - [16/Sep/2021:21:11:27 +0700] "GET /js/frontend/frontend.js HTTP/1.1" 200 4092 "-" "Mozilla/5.0 (Linux; Android 7.0; Pixel 1 Build/OPD2.1672) AppleWebKit/537.36 (KHTML, like Gecko) Chrome/91.0.4472.114 Mobile Safari/537.36"
124.126.78.164 - - [16/Sep/2021:21:11:30 +0700] "GET /js/plugin/aos/aos.js HTTP/1.1" 200 23735 "-" "Mozilla/5.0 (Linux; U; Android 9; zh-cn; RMX1901 Build/QKQ1.190918.001) AppleWebKit/537.36 (KHTML, like Gecko) Version/4.0 Chrome/70.0.3538.80 Mobile Safari/537.36 HeyTapBrowser/40.7.22.1"
40.77.167.51 - - [17/Sep/2021:05:44:19 +0700] "GET /sitemaps.xml HTTP/1.0" 404 1191 "-" "Mozilla/5.0 (compatible; bingbot/2.0; +http://www.bing.com/bingbot.htm)"
207.46.13.71 - - [17/Sep/2021:07:43:57 +0700] "GET /sitemap_index.xml HTTP/1.0" 404 1191 "-" "Mozilla/5.0 (compatible; bingbot/2.0; +http://www.bing.com/bingbot.htm)"
207.46.13.102 - - [17/Sep/2021:08:32:39 +0700] "GET / HTTP/1.0" 200 9944 "-" "Mozilla/5.0 (compatible; bingbot/2.0; +http://www.bing.com/bingbot.htm)"
18.237.63.236 - - [17/Sep/2021:10:55:16 +0700] "GET / HTTP/1.0" 200 9936 "-" "Mozilla/5.0 (X11; Linux x86_64) AppleWebKit/537.36 (KHTML, like Gecko) Chrome/83.0.4103.97 Safari/537.36"
157.55.39.126 - - [17/Sep/2021:12:39:19 +0700] "GET /sitemap.xml HTTP/1.0" 200 507 "-" "Mozilla/5.0 (compatible; bingbot/2.0; +http://www.bing.com/bingbot.htm)"
137.226.113.44 - - [17/Sep/2021:12:55:47 +0700] "GET / HTTP/1.0" 200 9947 "-" "Mozilla/5.0 (X11; Linux x86_64; rv:84.0) Gecko/20100101 Firefox/84.0"
157.55.39.182 - - [17/Sep/2021:14:34:24 +0700] "GET /sitemap_index.xml HTTP/1.0" 404 1191 "-" "Mozilla/5.0 (compatible; bingbot/2.0; +http://www.bing.com/bingbot.htm)"
207.46.13.102 - - [17/Sep/2021:15:41:39 +0700] "GET / HTTP/1.0" 200 9925 "-" "Mozilla/5.0 (compatible; bingbot/2.0; +http://www.bing.com/bingbot.htm)"
40.77.167.51 - - [17/Sep/2021:17:34:28 +0700] "GET /atom.xml HTTP/1.0" 404 1191 "-" "Mozilla/5.0 (compatible; bingbot/2.0; +http://www.bing.com/bingbot.htm)"
207.46.13.102 - - [17/Sep/2021:18:36:07 +0700] "GET / HTTP/1.0" 200 9916 "-" "Mozilla/5.0 (compatible; bingbot/2.0; +http://www.bing.com/bingbot.htm)"
51.15.247.214 - - [17/Sep/2021:23:27:23 +0700] "GET / HTTP/1.0" 200 62396 "-" "-"
207.46.13.102 - - [18/Sep/2021:01:03:26 +0700] "GET / HTTP/1.0" 200 9940 "-" "Mozilla/5.0 (compatible; bingbot/2.0; +http://www.bing.com/bingbot.htm)"
40.77.167.83 - - [17/Sep/2021:12:39:09 +0700] "GET /robots.txt HTTP/2.0" 200 26 "-" "Mozilla/5.0 (compatible; bingbot/2.0; +http://www.bing.com/bingbot.htm)"
40.77.167.83 - - [17/Sep/2021:12:39:10 +0700] "GET /robots.txt HTTP/2.0" 200 26 "-" "Mozilla/5.0 (compatible; bingbot/2.0; +http://www.bing.com/bingbot.htm)"
157.55.39.126 - - [17/Sep/2021:12:39:19 +0700] "GET /sitemap.xml HTTP/2.0" 200 1820 "-" "Mozilla/5.0 (compatible; bingbot/2.0; +http://www.bing.com/bingbot.htm)"
40.77.167.106 - - [17/Sep/2021:15:51:11 +0700] "GET /sitemap.xml.gz HTTP/2.0" 404 146 "-" "Mozilla/5.0 (compatible; bingbot/2.0; +http://www.bing.com/bingbot.htm)"
40.77.167.51 - - [17/Sep/2021:16:27:44 +0700] "GET /sitemap.txt HTTP/2.0" 404 146 "-" "Mozilla/5.0 (compatible; bingbot/2.0; +http://www.bing.com/bingbot.htm)"
40.77.167.83 - - [17/Sep/2021:18:36:02 +0700] "GET /robots.txt HTTP/2.0" 200 26 "-" "Mozilla/5.0 (compatible; bingbot/2.0; +http://www.bing.com/bingbot.htm)"
40.77.167.83 - - [17/Sep/2021:18:36:03 +0700] "GET /robots.txt HTTP/2.0" 200 26 "-" "Mozilla/5.0 (compatible; bingbot/2.0; +http://www.bing.com/bingbot.htm)"
54.36.149.6 - - [18/Sep/2021:05:10:04 +0700] "GET / HTTP/1.0" 200 9946 "-" "Mozilla/5.0 (compatible; AhrefsBot/7.0; +http://ahrefs.com/robot/)"
157.55.39.126 - - [18/Sep/2021:06:20:00 +0700] "GET /sitemap.xml HTTP/1.0" 200 507 "-" "Mozilla/5.0 (compatible; bingbot/2.0; +http://www.bing.com/bingbot.htm)"
207.46.13.102 - - [18/Sep/2021:07:22:44 +0700] "GET / HTTP/1.0" 200 9927 "-" "Mozilla/5.0 (compatible; bingbot/2.0; +http://www.bing.com/bingbot.htm)"
54.36.148.78 - - [18/Sep/2021:08:30:08 +0700] "GET / HTTP/1.0" 200 9933 "-" "Mozilla/5.0 (compatible; AhrefsBot/7.0; +http://ahrefs.com/robot/)"
18.236.63.19 - - [18/Sep/2021:10:40:11 +0700] "GET / HTTP/1.0" 200 9932 "-" "Mozilla/5.0 (X11; Linux x86_64) AppleWebKit/537.36 (KHTML, like Gecko) Chrome/83.0.4103.97 Safari/537.36"
157.55.39.25 - - [18/Sep/2021:13:59:45 +0700] "GET / HTTP/1.0" 200 9943 "-" "Mozilla/5.0 (compatible; bingbot/2.0; +http://www.bing.com/bingbot.htm)"
157.55.39.25 - - [18/Sep/2021:17:23:53 +0700] "GET / HTTP/1.0" 200 9946 "-" "Mozilla/5.0 (compatible; bingbot/2.0; +http://www.bing.com/bingbot.htm)"
5.9.98.234 - - [18/Sep/2021:21:43:15 +0700] "GET /bai-viet/tag/BIM%20N%C3%A2ng%20cao HTTP/1.0" 200 6784 "-" "Mozilla/5.0 (compatible; MJ12bot/v1.4.8; http://mj12bot.com/)"
5.9.98.234 - - [18/Sep/2021:21:43:18 +0700] "GET /bai-viet/tag/BIM%20c%C6%A1%20b%E1%BA%A3n HTTP/1.0" 200 6607 "-" "Mozilla/5.0 (compatible; MJ12bot/v1.4.8; http://mj12bot.com/)"
5.9.98.234 - - [18/Sep/2021:21:43:20 +0700] "GET /bai-viet/tag/Chuy%C3%AAn%20san%20BIM%20h%E1%BB%8Dc%20th%C6%B0%E1%BB%9Dng%20th%E1%BB%A9c HTTP/1.0" 200 6303 "-" "Mozilla/5.0 (compatible; MJ12bot/v1.4.8; http://mj12bot.com/)"
157.55.39.155 - - [18/Sep/2021:22:51:40 +0700] "GET /bai-viet/sach-bim-mien-phi-so-tay-bim-danh-cho-chu-dau-tu-nha-quan-ly-don-vi-thiet-ke-nha-thau HTTP/1.0" 200 6634 "-" "Mozilla/5.0 (compatible; bingbot/2.0; +http://www.bing.com/bingbot.htm)"
40.77.167.106 - - [18/Sep/2021:23:24:44 +0700] "GET /san-pham/danh-muc/pham-mem-bim-3d HTTP/1.0" 200 6357 "-" "Mozilla/5.0 (compatible; bingbot/2.0; +http://www.bing.com/bingbot.htm)"
157.55.39.25 - - [18/Sep/2021:23:52:31 +0700] "GET / HTTP/1.0" 200 9941 "-" "Mozilla/5.0 (compatible; bingbot/2.0; +http://www.bing.com/bingbot.htm)"
54.36.148.132 - - [18/Sep/2021:05:10:02 +0700] "GET /robots.txt HTTP/2.0" 200 31 "-" "Mozilla/5.0 (compatible; AhrefsBot/7.0; +http://ahrefs.com/robot/)"
157.55.39.126 - - [18/Sep/2021:06:20:00 +0700] "GET /sitemap.xml HTTP/2.0" 200 1820 "-" "Mozilla/5.0 (compatible; bingbot/2.0; +http://www.bing.com/bingbot.htm)"
51.222.253.20 - - [18/Sep/2021:08:30:06 +0700] "GET /robots.txt HTTP/2.0" 200 31 "-" "Mozilla/5.0 (compatible; AhrefsBot/7.0; +http://ahrefs.com/robot/)"
5.9.98.234 - - [18/Sep/2021:21:43:13 +0700] "GET /robots.txt HTTP/1.1" 200 26 "-" "Mozilla/5.0 (compatible; MJ12bot/v1.4.8; http://mj12bot.com/)"
157.55.39.25 - - [19/Sep/2021:04:58:51 +0700] "GET / HTTP/1.0" 200 9942 "-" "Mozilla/5.0 (compatible; bingbot/2.0; +http://www.bing.com/bingbot.htm)"
207.46.13.112 - - [19/Sep/2021:05:13:05 +0700] "GET /bai-viet/huong-toi-tu-dong-hoa-trong-viec-tao-mo-hinh-bim-va-quy-trinh-cong-viec-duoc-cai-thien-trong-cac-cong-ty-aec HTTP/1.0" 200 8683 "-" "Mozilla/5.0 (compatible; bingbot/2.0; +http://www.bing.com/bingbot.htm)"
207.46.13.121 - - [19/Sep/2021:05:43:55 +0700] "GET /bai-viet/thanh-pho-ai-thanh-pho-tuong-lai-duoc-ho-tro-boi-cac-cong-nghe-moi-nhu-ai-gis-bim HTTP/1.0" 200 8705 "-" "Mozilla/5.0 (compatible; bingbot/2.0; +http://www.bing.com/bingbot.htm)"
157.55.39.126 - - [19/Sep/2021:10:02:49 +0700] "GET /sitemap.xml HTTP/1.0" 200 507 "-" "Mozilla/5.0 (compatible; bingbot/2.0; +http://www.bing.com/bingbot.htm)"
34.217.130.66 - - [19/Sep/2021:10:10:35 +0700] "GET / HTTP/1.0" 200 9935 "-" "Mozilla/5.0 (X11; Linux x86_64) AppleWebKit/537.36 (KHTML, like Gecko) Chrome/83.0.4103.97 Safari/537.36"
157.55.39.25 - - [19/Sep/2021:12:46:00 +0700] "GET / HTTP/1.0" 200 9933 "-" "Mozilla/5.0 (compatible; bingbot/2.0; +http://www.bing.com/bingbot.htm)"
157.55.39.25 - - [19/Sep/2021:16:03:54 +0700] "GET / HTTP/1.0" 200 9914 "-" "Mozilla/5.0 (compatible; bingbot/2.0; +http://www.bing.com/bingbot.htm)"
54.36.148.107 - - [19/Sep/2021:18:02:49 +0700] "GET / HTTP/1.0" 200 9923 "-" "Mozilla/5.0 (compatible; AhrefsBot/7.0; +http://ahrefs.com/robot/)"
40.77.167.106 - - [19/Sep/2021:20:50:07 +0700] "GET /bai-viet/cong-nghe-in-3d-nong-chay-lang-dong-fused-deposition-modelling-fdm HTTP/1.0" 200 8857 "-" "Mozilla/5.0 (compatible; bingbot/2.0; +http://www.bing.com/bingbot.htm)"
157.55.39.25 - - [19/Sep/2021:22:32:12 +0700] "GET / HTTP/1.0" 200 9956 "-" "Mozilla/5.0 (compatible; bingbot/2.0; +http://www.bing.com/bingbot.htm)"
157.55.39.126 - - [19/Sep/2021:22:45:11 +0700] "GET /sitemap.xml HTTP/1.0" 200 507 "-" "Mozilla/5.0 (compatible; bingbot/2.0; +http://www.bing.com/bingbot.htm)"
207.46.13.112 - - [19/Sep/2021:23:56:27 +0700] "GET /bai-viet/cach-thuc-phoi-hop-bim-trong-cac-du-an-nha-cao-tang-o-viet-nam HTTP/1.0" 200 9009 "-" "Mozilla/5.0 (compatible; bingbot/2.0; +http://www.bing.com/bingbot.htm)"
157.55.39.25 - - [20/Sep/2021:01:25:09 +0700] "GET / HTTP/1.0" 200 9928 "-" "Mozilla/5.0 (compatible; bingbot/2.0; +http://www.bing.com/bingbot.htm)"
40.77.167.83 - - [19/Sep/2021:04:50:41 +0700] "GET /robots.txt HTTP/2.0" 200 26 "-" "Mozilla/5.0 (compatible; bingbot/2.0; +http://www.bing.com/bingbot.htm)"
40.77.167.83 - - [19/Sep/2021:04:50:42 +0700] "GET /robots.txt HTTP/2.0" 200 26 "-" "Mozilla/5.0 (compatible; bingbot/2.0; +http://www.bing.com/bingbot.htm)"
157.55.39.126 - - [19/Sep/2021:10:02:49 +0700] "GET /sitemap.xml HTTP/2.0" 200 1820 "-" "Mozilla/5.0 (compatible; bingbot/2.0; +http://www.bing.com/bingbot.htm)"
51.222.253.2 - - [19/Sep/2021:18:02:48 +0700] "GET /robots.txt HTTP/2.0" 200 31 "-" "Mozilla/5.0 (compatible; AhrefsBot/7.0; +http://ahrefs.com/robot/)"
157.55.39.126 - - [19/Sep/2021:22:45:11 +0700] "GET /sitemap.xml HTTP/2.0" 200 1820 "-" "Mozilla/5.0 (compatible; bingbot/2.0; +http://www.bing.com/bingbot.htm)"
18.237.198.151 - - [20/Sep/2021:10:32:13 +0700] "GET / HTTP/1.0" 200 9945 "-" "Mozilla/5.0 (X11; Linux x86_64) AppleWebKit/537.36 (KHTML, like Gecko) Chrome/83.0.4103.97 Safari/537.36"
157.55.39.25 - - [20/Sep/2021:11:03:54 +0700] "GET / HTTP/1.0" 200 9937 "-" "Mozilla/5.0 (compatible; bingbot/2.0; +http://www.bing.com/bingbot.htm)"
54.36.149.96 - - [20/Sep/2021:13:23:15 +0700] "GET / HTTP/1.0" 200 9937 "-" "Mozilla/5.0 (compatible; AhrefsBot/7.0; +http://ahrefs.com/robot/)"
207.46.13.85 - - [20/Sep/2021:13:27:31 +0700] "GET /wp-signup.php?new=outsource2vietnam.com HTTP/1.0" 404 1191 "-" "Mozilla/5.0 (compatible; bingbot/2.0; +http://www.bing.com/bingbot.htm)"
157.55.39.25 - - [20/Sep/2021:14:46:05 +0700] "GET / HTTP/1.0" 200 9932 "-" "Mozilla/5.0 (compatible; bingbot/2.0; +http://www.bing.com/bingbot.htm)"
157.55.39.126 - - [20/Sep/2021:19:28:32 +0700] "GET /sitemap.xml HTTP/1.0" 200 507 "-" "Mozilla/5.0 (compatible; bingbot/2.0; +http://www.bing.com/bingbot.htm)"
157.55.39.25 - - [20/Sep/2021:21:28:34 +0700] "GET / HTTP/1.0" 200 9940 "-" "Mozilla/5.0 (compatible; bingbot/2.0; +http://www.bing.com/bingbot.htm)"
157.55.39.25 - - [21/Sep/2021:00:20:32 +0700] "GET / HTTP/1.0" 200 9927 "-" "Mozilla/5.0 (compatible; bingbot/2.0; +http://www.bing.com/bingbot.htm)"
64.113.32.29 - - [20/Sep/2021:03:54:04 +0700] "GET /.git/config HTTP/1.1" 403 146 "-" "Go-http-client/1.1"
54.36.149.105 - - [20/Sep/2021:13:23:13 +0700] "GET /robots.txt HTTP/2.0" 200 31 "-" "Mozilla/5.0 (compatible; AhrefsBot/7.0; +http://ahrefs.com/robot/)"
157.55.39.126 - - [20/Sep/2021:19:28:32 +0700] "GET /sitemap.xml HTTP/2.0" 200 1820 "-" "Mozilla/5.0 (compatible; bingbot/2.0; +http://www.bing.com/bingbot.htm)"
157.55.39.25 - - [21/Sep/2021:06:51:18 +0700] "GET / HTTP/1.0" 200 9940 "-" "Mozilla/5.0 (compatible; bingbot/2.0; +http://www.bing.com/bingbot.htm)"
157.55.39.25 - - [21/Sep/2021:09:41:14 +0700] "GET / HTTP/1.0" 200 9949 "-" "Mozilla/5.0 (compatible; bingbot/2.0; +http://www.bing.com/bingbot.htm)"
52.36.244.150 - - [21/Sep/2021:11:00:45 +0700] "GET / HTTP/1.0" 200 9919 "-" "Mozilla/5.0 (X11; Linux x86_64) AppleWebKit/537.36 (KHTML, like Gecko) Chrome/83.0.4103.97 Safari/537.36"
54.36.148.217 - - [21/Sep/2021:11:31:26 +0700] "GET / HTTP/1.0" 200 9939 "-" "Mozilla/5.0 (compatible; AhrefsBot/7.0; +http://ahrefs.com/robot/)"
61.135.15.153 - - [21/Sep/2021:15:15:06 +0700] "GET / HTTP/1.0" 200 62594 "-" "Mozilla/5.0 (Linux; U; Android 9; zh-cn; RMX1901 Build/QKQ1.190918.001) AppleWebKit/537.36 (KHTML, like Gecko) Version/4.0 Chrome/70.0.3538.80 Mobile Safari/537.36 HeyTapBrowser/40.7.22.1"
157.55.39.25 - - [21/Sep/2021:16:36:14 +0700] "GET / HTTP/1.0" 200 9931 "-" "Mozilla/5.0 (compatible; bingbot/2.0; +http://www.bing.com/bingbot.htm)"
192.99.4.168 - - [21/Sep/2021:19:29:45 +0700] "GET /bai-viet/tag/BIM%20N%C3%A2ng%20cao HTTP/1.0" 200 6774 "-" "Mozilla/5.0 (compatible; MJ12bot/v1.4.8; http://mj12bot.com/)"
157.55.39.25 - - [21/Sep/2021:19:30:12 +0700] "GET / HTTP/1.0" 200 11303 "-" "Mozilla/5.0 (compatible; bingbot/2.0; +http://www.bing.com/bingbot.htm)"
192.99.4.168 - - [21/Sep/2021:19:30:55 +0700] "GET /bai-viet/tag/BIM%20c%C6%A1%20b%E1%BA%A3n HTTP/1.0" 200 6609 "-" "Mozilla/5.0 (compatible; MJ12bot/v1.4.8; http://mj12bot.com/)"
192.99.4.168 - - [21/Sep/2021:19:31:49 +0700] "GET /bai-viet/tag/Chuy%C3%AAn%20san%20BIM%20h%E1%BB%8Dc%20th%C6%B0%E1%BB%9Dng%20th%E1%BB%A9c HTTP/1.0" 200 6303 "-" "Mozilla/5.0 (compatible; MJ12bot/v1.4.8; http://mj12bot.com/)"
40.77.167.60 - - [21/Sep/2021:06:51:13 +0700] "GET /robots.txt HTTP/2.0" 200 26 "-" "Mozilla/5.0 (compatible; bingbot/2.0; +http://www.bing.com/bingbot.htm)"
40.77.167.60 - - [21/Sep/2021:06:51:14 +0700] "GET /robots.txt HTTP/2.0" 200 26 "-" "Mozilla/5.0 (compatible; bingbot/2.0; +http://www.bing.com/bingbot.htm)"
54.36.148.49 - - [21/Sep/2021:11:31:25 +0700] "GET /robots.txt HTTP/2.0" 200 31 "-" "Mozilla/5.0 (compatible; AhrefsBot/7.0; +http://ahrefs.com/robot/)"
61.135.15.153 - - [21/Sep/2021:15:15:21 +0700] "GET /js/plugin/aos/aos.js HTTP/1.1" 200 23735 "-" "Mozilla/5.0 (Linux; Android 7.0; Pixel 1 Build/OPD2.1672) AppleWebKit/537.36 (KHTML, like Gecko) Chrome/91.0.4472.114 Mobile Safari/537.36"
61.135.15.153 - - [21/Sep/2021:15:15:21 +0700] "GET /js/frontend/sweetalert2.js HTTP/1.1" 200 69579 "-" "Mozilla/5.0 (Linux; Android 10.0; LG G2 Build/170816.012) AppleWebKit/537.36 (KHTML, like Gecko) Chrome/88.0.4472.114 Mobile Safari/537.36"
192.99.4.168 - - [21/Sep/2021:19:29:08 +0700] "GET /robots.txt HTTP/1.1" 200 26 "-" "Mozilla/5.0 (compatible; MJ12bot/v1.4.8; http://mj12bot.com/)"
157.55.39.25 - - [22/Sep/2021:05:41:09 +0700] "GET / HTTP/1.0" 200 9917 "-" "Mozilla/5.0 (compatible; bingbot/2.0; +http://www.bing.com/bingbot.htm)"
139.99.122.69 - - [22/Sep/2021:07:52:47 +0700] "POST / HTTP/1.0" 405 8252 "-" "Mozilla/5.0 (X11; Linux x86_64) AppleWebKit/537.36 (KHTML, like Gecko) Chrome/81.0.4044.129 Safari/537.36"
157.55.39.25 - - [22/Sep/2021:08:36:16 +0700] "GET / HTTP/1.0" 200 9935 "-" "Mozilla/5.0 (compatible; bingbot/2.0; +http://www.bing.com/bingbot.htm)"
52.25.220.177 - - [22/Sep/2021:10:16:36 +0700] "GET / HTTP/1.0" 200 9909 "-" "Mozilla/5.0 (X11; Linux x86_64) AppleWebKit/537.36 (KHTML, like Gecko) Chrome/83.0.4103.97 Safari/537.36"
18.237.137.135 - - [22/Sep/2021:10:19:51 +0700] "GET / HTTP/1.0" 200 9945 "-" "Mozilla/5.0 (X11; Linux x86_64) AppleWebKit/537.36 (KHTML, like Gecko) Chrome/83.0.4103.97 Safari/537.36"
157.55.39.126 - - [22/Sep/2021:14:19:28 +0700] "GET /sitemap.xml HTTP/1.0" 200 507 "-" "Mozilla/5.0 (compatible; bingbot/2.0; +http://www.bing.com/bingbot.htm)"
157.55.39.25 - - [22/Sep/2021:15:31:08 +0700] "GET / HTTP/1.0" 200 9942 "-" "Mozilla/5.0 (compatible; bingbot/2.0; +http://www.bing.com/bingbot.htm)"
157.55.39.25 - - [22/Sep/2021:18:22:54 +0700] "GET / HTTP/1.0" 200 9926 "-" "Mozilla/5.0 (compatible; bingbot/2.0; +http://www.bing.com/bingbot.htm)"
54.36.148.46 - - [23/Sep/2021:00:44:07 +0700] "GET / HTTP/1.0" 200 9929 "-" "Mozilla/5.0 (compatible; AhrefsBot/7.0; +http://ahrefs.com/robot/)"
139.99.122.69 - - [22/Sep/2021:07:52:07 +0700] "GET /.env HTTP/1.1" 403 548 "-" "Mozilla/5.0 (X11; Linux x86_64) AppleWebKit/537.36 (KHTML, like Gecko) Chrome/81.0.4044.129 Safari/537.36"
40.77.167.60 - - [22/Sep/2021:08:36:11 +0700] "GET /robots.txt HTTP/2.0" 200 26 "-" "Mozilla/5.0 (compatible; bingbot/2.0; +http://www.bing.com/bingbot.htm)"
40.77.167.60 - - [22/Sep/2021:08:36:12 +0700] "GET /robots.txt HTTP/2.0" 200 26 "-" "Mozilla/5.0 (compatible; bingbot/2.0; +http://www.bing.com/bingbot.htm)"
157.55.39.126 - - [22/Sep/2021:14:19:28 +0700] "GET /sitemap.xml HTTP/2.0" 200 1820 "-" "Mozilla/5.0 (compatible; bingbot/2.0; +http://www.bing.com/bingbot.htm)"
51.222.253.16 - - [23/Sep/2021:00:44:04 +0700] "GET /robots.txt HTTP/2.0" 200 31 "-" "Mozilla/5.0 (compatible; AhrefsBot/7.0; +http://ahrefs.com/robot/)"
157.55.39.25 - - [23/Sep/2021:04:09:01 +0700] "GET / HTTP/1.0" 200 9916 "-" "Mozilla/5.0 (compatible; bingbot/2.0; +http://www.bing.com/bingbot.htm)"
207.46.13.126 - - [23/Sep/2021:04:33:12 +0700] "GET /du-an HTTP/1.0" 200 6999 "-" "Mozilla/5.0 (compatible; bingbot/2.0; +http://www.bing.com/bingbot.htm)"
157.55.39.161 - - [23/Sep/2021:05:01:19 +0700] "GET /bai-viet/sach-bim-mien-phi-so-tay-bim-danh-cho-chu-dau-tu-nha-quan-ly-don-vi-thiet-ke-nha-thau HTTP/1.0" 200 6632 "-" "Mozilla/5.0 (compatible; bingbot/2.0; +http://www.bing.com/bingbot.htm)"
157.55.39.126 - - [23/Sep/2021:07:06:00 +0700] "GET /sitemap.xml HTTP/1.0" 200 507 "-" "Mozilla/5.0 (compatible; bingbot/2.0; +http://www.bing.com/bingbot.htm)"
157.55.39.25 - - [23/Sep/2021:07:23:11 +0700] "GET / HTTP/1.0" 200 9935 "-" "Mozilla/5.0 (compatible; bingbot/2.0; +http://www.bing.com/bingbot.htm)"
54.36.148.119 - - [23/Sep/2021:08:05:17 +0700] "GET / HTTP/1.0" 200 9930 "-" "Mozilla/5.0 (compatible; AhrefsBot/7.0; +http://ahrefs.com/robot/)"
72.79.45.44 - - [23/Sep/2021:08:21:48 +0700] "GET / HTTP/1.0" 200 9943 "-" "panscient.com"
72.79.45.44 - - [23/Sep/2021:08:21:50 +0700] "GET /du-an/danh-muc/cac-du-an-da-thuc-hien HTTP/1.0" 200 6802 "-" "panscient.com"
72.79.45.44 - - [23/Sep/2021:08:22:00 +0700] "GET /bai-viet/cong-nghe-in-3d-nong-chay-lang-dong-fused-deposition-modelling-fdm HTTP/1.0" 200 8861 "-" "panscient.com"
72.79.45.44 - - [23/Sep/2021:08:22:08 +0700] "GET /lang/en HTTP/1.0" 302 1679 "-" "panscient.com"
72.79.45.44 - - [23/Sep/2021:08:22:10 +0700] "GET / HTTP/1.0" 200 9950 "-" "panscient.com"
72.79.45.44 - - [23/Sep/2021:08:22:23 +0700] "GET /du-an/bim-va-cong-trinh-lich-su-dinh-tien-le HTTP/1.0" 200 10155 "-" "panscient.com"
72.79.45.44 - - [23/Sep/2021:08:22:32 +0700] "GET /san-pham/danh-muc/phan-mem-bim-6d HTTP/1.0" 200 6371 "-" "panscient.com"
72.79.45.44 - - [23/Sep/2021:08:22:36 +0700] "GET /san-pham HTTP/1.0" 200 6667 "-" "panscient.com"
54.214.127.198 - - [23/Sep/2021:10:30:27 +0700] "GET / HTTP/1.0" 200 9933 "-" "Mozilla/5.0 (X11; Linux x86_64) AppleWebKit/537.36 (KHTML, like Gecko) Chrome/83.0.4103.97 Safari/537.36"
54.200.192.15 - - [23/Sep/2021:10:31:02 +0700] "GET / HTTP/1.0" 200 9926 "-" "Mozilla/5.0 (X11; Linux x86_64) AppleWebKit/537.36 (KHTML, like Gecko) Chrome/83.0.4103.97 Safari/537.36"
157.55.39.25 - - [23/Sep/2021:13:50:57 +0700] "GET / HTTP/1.0" 200 9931 "-" "Mozilla/5.0 (compatible; bingbot/2.0; +http://www.bing.com/bingbot.htm)"
54.74.60.76 - - [23/Sep/2021:15:38:39 +0700] "GET / HTTP/1.0" 200 62438 "-" "webprosbot/2.0 (+mailto:abuse-6337@webpros.com)"
157.55.39.25 - - [23/Sep/2021:17:10:06 +0700] "GET / HTTP/1.0" 200 9941 "-" "Mozilla/5.0 (compatible; bingbot/2.0; +http://www.bing.com/bingbot.htm)"
157.55.39.126 - - [23/Sep/2021:23:37:55 +0700] "GET /sitemap.xml HTTP/1.0" 200 507 "-" "Mozilla/5.0 (compatible; bingbot/2.0; +http://www.bing.com/bingbot.htm)"
157.55.39.25 - - [24/Sep/2021:02:53:34 +0700] "GET / HTTP/1.0" 200 9934 "-" "Mozilla/5.0 (compatible; bingbot/2.0; +http://www.bing.com/bingbot.htm)"
150.158.212.97 - - [23/Sep/2021:06:23:17 +0700] "GET / HTTP/1.1" 400 650 "-" "Mozilla/5.0 (Windows NT 6.1; WOW64) AppleWebKit/537.36 (KHTML, like Gecko) Chrome/31.0.1650.63 Safari/537.36"
157.55.39.90 - - [23/Sep/2021:07:05:53 +0700] "GET /robots.txt HTTP/2.0" 200 26 "-" "Mozilla/5.0 (compatible; bingbot/2.0; +http://www.bing.com/bingbot.htm)"
157.55.39.90 - - [23/Sep/2021:07:05:54 +0700] "GET /robots.txt HTTP/2.0" 200 26 "-" "Mozilla/5.0 (compatible; bingbot/2.0; +http://www.bing.com/bingbot.htm)"
157.55.39.126 - - [23/Sep/2021:07:06:00 +0700] "GET /sitemap.xml HTTP/2.0" 200 1820 "-" "Mozilla/5.0 (compatible; bingbot/2.0; +http://www.bing.com/bingbot.htm)"
51.222.253.3 - - [23/Sep/2021:08:05:15 +0700] "GET /robots.txt HTTP/2.0" 200 31 "-" "Mozilla/5.0 (compatible; AhrefsBot/7.0; +http://ahrefs.com/robot/)"
72.79.45.44 - - [23/Sep/2021:08:21:48 +0700] "GET /robots.txt HTTP/1.1" 200 26 "-" "panscient.com"
54.74.60.76 - - [23/Sep/2021:15:38:27 +0700] "GET /robots.txt HTTP/1.1" 200 26 "-" "webprosbot/2.0 (+mailto:abuse-6337@webpros.com)"
157.55.39.126 - - [23/Sep/2021:23:37:55 +0700] "GET /sitemap.xml HTTP/2.0" 200 1820 "-" "Mozilla/5.0 (compatible; bingbot/2.0; +http://www.bing.com/bingbot.htm)"
157.55.39.25 - - [24/Sep/2021:06:02:01 +0700] "GET / HTTP/1.0" 200 9930 "-" "Mozilla/5.0 (compatible; bingbot/2.0; +http://www.bing.com/bingbot.htm)"
