66.249.68.58 - - [24/Nov/2021:08:29:17 +0700] "GET /css/frontend/owl.carousel.min.css HTTP/1.1" 200 871 "http://vietnambim.com/index.php/san-pham" "Mozilla/5.0 AppleWebKit/537.36 (KHTML, like Gecko; compatible; Googlebot/2.1; +http://www.google.com/bot.html) Chrome/95.0.4638.69 Safari/537.36"
76.72.172.165 - - [24/Nov/2021:12:02:47 +0700] "" 400 0 "-" "-"
66.249.68.60 - - [24/Nov/2021:14:56:57 +0700] "GET /js/plugin/aos/aos.js HTTP/1.1" 200 4806 "http://vietnambim.com/index.php/san-pham/cac-loai-module-trong-grasshopper" "Mozilla/5.0 (Linux; Android 6.0.1; Nexus 5X Build/MMB29P) AppleWebKit/537.36 (KHTML, like Gecko) Chrome/95.0.4638.69 Mobile Safari/537.36 (compatible; Googlebot/2.1; +http://www.google.com/bot.html)"
54.36.149.92 - - [25/Nov/2021:00:00:56 +0700] "GET /robots.txt HTTP/2.0" 200 31 "-" "Mozilla/5.0 (compatible; AhrefsBot/7.0; +http://ahrefs.com/robot/)"
5.102.173.71 - - [25/Nov/2021:03:02:25 +0700] "GET /robots.txt HTTP/1.1" 200 26 "-" "Mozilla/5.0 (compatible; MojeekBot/0.10; +https://www.mojeek.com/bot.html)"
144.76.3.131 - - [25/Nov/2021:04:52:33 +0700] "GET /bai-viet/tag/BIM%20N%C3%A2ng%20cao HTTP/1.0" 200 6782 "-" "Mozilla/5.0 (compatible; MJ12bot/v1.4.8; http://mj12bot.com/)"
144.76.3.131 - - [25/Nov/2021:04:52:40 +0700] "GET /bai-viet/tag/BIM%20c%C6%A1%20b%E1%BA%A3n HTTP/1.0" 200 6615 "-" "Mozilla/5.0 (compatible; MJ12bot/v1.4.8; http://mj12bot.com/)"
40.77.167.74 - - [25/Nov/2021:06:18:46 +0700] "GET / HTTP/1.0" 200 9938 "-" "Mozilla/5.0 (compatible; bingbot/2.0; +http://www.bing.com/bingbot.htm)"
34.220.245.160 - - [25/Nov/2021:10:07:40 +0700] "GET / HTTP/1.0" 200 9923 "-" "Mozilla/5.0 (X11; Linux x86_64) AppleWebKit/537.36 (KHTML, like Gecko) Chrome/83.0.4103.97 Safari/537.36"
207.46.13.183 - - [25/Nov/2021:12:08:29 +0700] "GET /bai-viet/trinh-tu-lap-mo-hinh-bim HTTP/1.0" 200 8033 "-" "Mozilla/5.0 (compatible; bingbot/2.0; +http://www.bing.com/bingbot.htm)"
54.36.149.70 - - [25/Nov/2021:22:04:07 +0700] "GET / HTTP/1.0" 200 9944 "-" "Mozilla/5.0 (compatible; AhrefsBot/7.0; +http://ahrefs.com/robot/)"
207.46.13.196 - - [26/Nov/2021:00:34:21 +0700] "GET /bai-viet/tag/BIM%20s%E1%BB%B1%20ki%E1%BB%87n HTTP/1.0" 404 2017 "-" "Mozilla/5.0 (compatible; bingbot/2.0; +http://www.bing.com/bingbot.htm)"
66.249.68.58 - - [26/Nov/2021:01:57:29 +0700] "GET /san-pham/bim-5d HTTP/1.0" 200 11241 "-" "Mozilla/5.0 (Linux; Android 6.0.1; Nexus 5X Build/MMB29P) AppleWebKit/537.36 (KHTML, like Gecko) Chrome/96.0.4664.45 Mobile Safari/537.36 (compatible; Googlebot/2.1; +http://www.google.com/bot.html)"
144.76.3.131 - - [25/Nov/2021:04:52:25 +0700] "GET /robots.txt HTTP/1.1" 200 26 "-" "Mozilla/5.0 (compatible; MJ12bot/v1.4.8; http://mj12bot.com/)"
40.77.167.106 - - [25/Nov/2021:06:18:36 +0700] "GET /robots.txt HTTP/2.0" 200 26 "-" "Mozilla/5.0 (compatible; bingbot/2.0; +http://www.bing.com/bingbot.htm)"
40.77.167.106 - - [25/Nov/2021:06:18:37 +0700] "GET /robots.txt HTTP/2.0" 200 26 "-" "Mozilla/5.0 (compatible; bingbot/2.0; +http://www.bing.com/bingbot.htm)"
40.77.167.106 - - [25/Nov/2021:20:00:12 +0700] "GET /robots.txt HTTP/2.0" 200 26 "-" "Mozilla/5.0 (compatible; bingbot/2.0; +http://www.bing.com/bingbot.htm)"
40.77.167.106 - - [25/Nov/2021:20:00:13 +0700] "GET /robots.txt HTTP/2.0" 200 26 "-" "Mozilla/5.0 (compatible; bingbot/2.0; +http://www.bing.com/bingbot.htm)"
54.36.148.86 - - [25/Nov/2021:22:04:06 +0700] "GET /robots.txt HTTP/2.0" 200 31 "-" "Mozilla/5.0 (compatible; AhrefsBot/7.0; +http://ahrefs.com/robot/)"
66.249.68.62 - - [26/Nov/2021:01:57:28 +0700] "GET /robots.txt HTTP/1.1" 200 42 "-" "Mozilla/5.0 (compatible; Googlebot/2.1; +http://www.google.com/bot.html)"
66.249.68.60 - - [26/Nov/2021:01:57:38 +0700] "GET /css/plugin/bootstrap/bootstrap.min.css HTTP/1.1" 200 20627 "https://www.vietnambim.com/san-pham/bim-5d" "Mozilla/5.0 (Linux; Android 6.0.1; Nexus 5X Build/MMB29P) AppleWebKit/537.36 (KHTML, like Gecko) Chrome/95.0.4638.69 Mobile Safari/537.36 (compatible; Googlebot/2.1; +http://www.google.com/bot.html)"
66.249.68.60 - - [26/Nov/2021:01:57:41 +0700] "GET /css/plugin/aos/aos.css HTTP/1.1" 200 5659 "https://www.vietnambim.com/san-pham/bim-5d" "Mozilla/5.0 (Linux; Android 6.0.1; Nexus 5X Build/MMB29P) AppleWebKit/537.36 (KHTML, like Gecko) Chrome/95.0.4638.69 Mobile Safari/537.36 (compatible; Googlebot/2.1; +http://www.google.com/bot.html)"
66.249.68.58 - - [26/Nov/2021:01:57:44 +0700] "GET /css/plugin/slick/slick.css HTTP/1.1" 200 472 "https://www.vietnambim.com/san-pham/bim-5d" "Mozilla/5.0 (Linux; Android 6.0.1; Nexus 5X Build/MMB29P) AppleWebKit/537.36 (KHTML, like Gecko) Chrome/95.0.4638.69 Mobile Safari/537.36 (compatible; Googlebot/2.1; +http://www.google.com/bot.html)"
66.249.68.58 - - [26/Nov/2021:01:57:45 +0700] "GET /css/frontend/jquery.fancybox.css HTTP/1.1" 200 3637 "https://www.vietnambim.com/san-pham/bim-5d" "Mozilla/5.0 (Linux; Android 6.0.1; Nexus 5X Build/MMB29P) AppleWebKit/537.36 (KHTML, like Gecko) Chrome/95.0.4638.69 Mobile Safari/537.36 (compatible; Googlebot/2.1; +http://www.google.com/bot.html)"
66.249.68.58 - - [26/Nov/2021:01:57:45 +0700] "GET /css/plugin/venobox/venobox.css HTTP/1.1" 200 2884 "https://www.vietnambim.com/san-pham/bim-5d" "Mozilla/5.0 (Linux; Android 6.0.1; Nexus 5X Build/MMB29P) AppleWebKit/537.36 (KHTML, like Gecko) Chrome/95.0.4638.69 Mobile Safari/537.36 (compatible; Googlebot/2.1; +http://www.google.com/bot.html)"
66.249.68.58 - - [26/Nov/2021:01:57:46 +0700] "GET /js/frontend/jquery.fancybox.min.js HTTP/1.1" 200 17949 "https://www.vietnambim.com/san-pham/bim-5d" "Mozilla/5.0 (Linux; Android 6.0.1; Nexus 5X Build/MMB29P) AppleWebKit/537.36 (KHTML, like Gecko) Chrome/95.0.4638.69 Mobile Safari/537.36 (compatible; Googlebot/2.1; +http://www.google.com/bot.html)"
66.249.68.58 - - [26/Nov/2021:01:57:47 +0700] "GET /js/plugin/jQuery/jquery.min.js HTTP/1.1" 200 34501 "https://www.vietnambim.com/san-pham/bim-5d" "Mozilla/5.0 (Linux; Android 6.0.1; Nexus 5X Build/MMB29P) AppleWebKit/537.36 (KHTML, like Gecko) Chrome/95.0.4638.69 Mobile Safari/537.36 (compatible; Googlebot/2.1; +http://www.google.com/bot.html)"
66.249.68.58 - - [26/Nov/2021:01:57:47 +0700] "GET /js/frontend/jquery.min.js HTTP/1.1" 200 32254 "https://www.vietnambim.com/san-pham/bim-5d" "Mozilla/5.0 (Linux; Android 6.0.1; Nexus 5X Build/MMB29P) AppleWebKit/537.36 (KHTML, like Gecko) Chrome/95.0.4638.69 Mobile Safari/537.36 (compatible; Googlebot/2.1; +http://www.google.com/bot.html)"
66.249.68.58 - - [26/Nov/2021:01:57:52 +0700] "GET /js/frontend/owl.carousel.min.js HTTP/1.1" 200 11756 "https://www.vietnambim.com/san-pham/bim-5d" "Mozilla/5.0 (Linux; Android 6.0.1; Nexus 5X Build/MMB29P) AppleWebKit/537.36 (KHTML, like Gecko) Chrome/95.0.4638.69 Mobile Safari/537.36 (compatible; Googlebot/2.1; +http://www.google.com/bot.html)"
207.46.13.196 - - [26/Nov/2021:07:24:40 +0700] "GET / HTTP/1.0" 200 9934 "-" "Mozilla/5.0 (compatible; bingbot/2.0; +http://www.bing.com/bingbot.htm)"
137.226.113.44 - - [26/Nov/2021:07:48:26 +0700] "GET / HTTP/1.0" 200 9942 "-" "Mozilla/5.0 (X11; Linux x86_64; rv:84.0) Gecko/20100101 Firefox/84.0"
66.249.68.62 - - [26/Nov/2021:08:56:38 +0700] "GET /du-an/danh-muc/bim-4d HTTP/1.0" 200 6419 "-" "Mozilla/5.0 (Linux; Android 6.0.1; Nexus 5X Build/MMB29P) AppleWebKit/537.36 (KHTML, like Gecko) Chrome/96.0.4664.45 Mobile Safari/537.36 (compatible; Googlebot/2.1; +http://www.google.com/bot.html)"
34.220.245.254 - - [26/Nov/2021:10:47:15 +0700] "GET / HTTP/1.0" 200 9947 "-" "Mozilla/5.0 (X11; Linux x86_64) AppleWebKit/537.36 (KHTML, like Gecko) Chrome/83.0.4103.97 Safari/537.36"
34.86.35.27 - - [26/Nov/2021:12:38:21 +0700] "GET / HTTP/1.0" 200 62422 "-" "Expanse indexes the network perimeters of our customers. If you have any questions or concerns, please reach out to: scaninfo@expanseinc.com"
34.96.130.0 - - [26/Nov/2021:12:44:19 +0700] "GET / HTTP/1.0" 200 62610 "-" "Expanse indexes the network perimeters of our customers. If you have any questions or concerns, please reach out to: scaninfo@expanseinc.com"
207.46.13.196 - - [26/Nov/2021:17:01:54 +0700] "GET / HTTP/1.0" 200 9929 "-" "Mozilla/5.0 (compatible; bingbot/2.0; +http://www.bing.com/bingbot.htm)"
66.249.68.62 - - [26/Nov/2021:19:56:10 +0700] "GET /du-an/danh-muc/bim-4d HTTP/1.0" 200 6423 "-" "Mozilla/5.0 (Linux; Android 6.0.1; Nexus 5X Build/MMB29P) AppleWebKit/537.36 (KHTML, like Gecko) Chrome/96.0.4664.45 Mobile Safari/537.36 (compatible; Googlebot/2.1; +http://www.google.com/bot.html)"
157.55.39.154 - - [26/Nov/2021:21:39:19 +0700] "GET /bai-viet/huong-toi-tu-dong-hoa-trong-viec-tao-mo-hinh-bim-va-quy-trinh-cong-viec-duoc-cai-thien-trong-cac-cong-ty-aec HTTP/1.0" 200 8683 "-" "Mozilla/5.0 (compatible; bingbot/2.0; +http://www.bing.com/bingbot.htm)"
207.46.13.210 - - [26/Nov/2021:21:44:44 +0700] "GET /bai-viet/thanh-pho-ai-thanh-pho-tuong-lai-duoc-ho-tro-boi-cac-cong-nghe-moi-nhu-ai-gis-bim HTTP/1.0" 200 8705 "-" "Mozilla/5.0 (compatible; bingbot/2.0; +http://www.bing.com/bingbot.htm)"
207.46.13.160 - - [26/Nov/2021:22:21:08 +0700] "GET /bai-viet/cach-thuc-phoi-hop-bim-trong-cac-du-an-nha-cao-tang-o-viet-nam HTTP/1.0" 200 9009 "-" "Mozilla/5.0 (compatible; bingbot/2.0; +http://www.bing.com/bingbot.htm)"
51.158.127.119 - - [27/Nov/2021:03:35:40 +0700] "GET / HTTP/1.0" 200 62420 "-" "-"
51.158.108.77 - - [27/Nov/2021:03:45:58 +0700] "GET / HTTP/1.0" 200 62420 "-" "-"
66.249.68.58 - - [26/Nov/2021:08:56:45 +0700] "GET /js/plugin/aos/aos.js HTTP/1.1" 200 4806 "https://www.vietnambim.com/du-an/danh-muc/bim-4d" "Mozilla/5.0 (Linux; Android 6.0.1; Nexus 5X Build/MMB29P) AppleWebKit/537.36 (KHTML, like Gecko) Chrome/95.0.4638.69 Mobile Safari/537.36 (compatible; Googlebot/2.1; +http://www.google.com/bot.html)"
66.249.68.58 - - [26/Nov/2021:08:56:46 +0700] "GET /js/frontend/jquery.min.js HTTP/1.1" 200 32254 "https://www.vietnambim.com/du-an/danh-muc/bim-4d" "Mozilla/5.0 (Linux; Android 6.0.1; Nexus 5X Build/MMB29P) AppleWebKit/537.36 (KHTML, like Gecko) Chrome/95.0.4638.69 Mobile Safari/537.36 (compatible; Googlebot/2.1; +http://www.google.com/bot.html)"
66.249.68.58 - - [26/Nov/2021:08:56:47 +0700] "GET /js/frontend/sweetalert2.js HTTP/1.1" 200 17475 "https://www.vietnambim.com/du-an/danh-muc/bim-4d" "Mozilla/5.0 (Linux; Android 6.0.1; Nexus 5X Build/MMB29P) AppleWebKit/537.36 (KHTML, like Gecko) Chrome/95.0.4638.69 Mobile Safari/537.36 (compatible; Googlebot/2.1; +http://www.google.com/bot.html)"
66.249.68.58 - - [26/Nov/2021:08:56:48 +0700] "GET /js/plugin/slick/slick.min.js HTTP/1.1" 200 11439 "https://www.vietnambim.com/du-an/danh-muc/bim-4d" "Mozilla/5.0 (Linux; Android 6.0.1; Nexus 5X Build/MMB29P) AppleWebKit/537.36 (KHTML, like Gecko) Chrome/95.0.4638.69 Mobile Safari/537.36 (compatible; Googlebot/2.1; +http://www.google.com/bot.html)"
138.246.253.24 - - [26/Nov/2021:18:52:53 +0700] "GET /robots.txt HTTP/1.1" 200 26 "-" "Mozilla/5.0 (Windows NT 10.0; Win64; x64) AppleWebKit/537.36 (KHTML, like Gecko) Chrome/88.0.4324.146 Safari/537.36"
66.249.68.58 - - [26/Nov/2021:19:57:28 +0700] "GET /js/frontend/sweetalert2.js HTTP/1.1" 200 17475 "https://www.vietnambim.com/du-an/danh-muc/bim-4d" "Mozilla/5.0 (Linux; Android 6.0.1; Nexus 5X Build/MMB29P) AppleWebKit/537.36 (KHTML, like Gecko) Chrome/95.0.4638.69 Mobile Safari/537.36 (compatible; Googlebot/2.1; +http://www.google.com/bot.html)"
66.249.68.62 - - [26/Nov/2021:19:57:29 +0700] "GET /js/plugin/bootstrap/bootstrap.min.js HTTP/1.1" 200 22957 "https://www.vietnambim.com/du-an/danh-muc/bim-4d" "Mozilla/5.0 (Linux; Android 6.0.1; Nexus 5X Build/MMB29P) AppleWebKit/537.36 (KHTML, like Gecko) Chrome/95.0.4638.69 Mobile Safari/537.36 (compatible; Googlebot/2.1; +http://www.google.com/bot.html)"
40.77.167.106 - - [26/Nov/2021:21:44:29 +0700] "GET /robots.txt HTTP/2.0" 200 26 "-" "Mozilla/5.0 (compatible; bingbot/2.0; +http://www.bing.com/bingbot.htm)"
40.77.167.106 - - [26/Nov/2021:21:44:30 +0700] "GET /robots.txt HTTP/2.0" 200 26 "-" "Mozilla/5.0 (compatible; bingbot/2.0; +http://www.bing.com/bingbot.htm)"
142.11.222.7 - - [26/Nov/2021:22:25:18 +0700] "GET /wp-content/plugins/directorist/assets/js/admin-main.js HTTP/1.1" 404 548 "-" "Mozilla/5.0 (Windows NT 10.0; Win64; x64) AppleWebKit/537.36 (KHTML, like Gecko) Chrome/92.0.4515.107 Safari/537.36"
114.119.144.132 - - [27/Nov/2021:03:26:42 +0700] "GET /robots.txt HTTP/1.1" 200 26 "-" "Mozilla/5.0 (compatible;PetalBot;+https://webmaster.petalsearch.com/site/petalbot)"
207.46.13.196 - - [27/Nov/2021:04:31:31 +0700] "GET / HTTP/1.0" 200 9939 "-" "Mozilla/5.0 (compatible; bingbot/2.0; +http://www.bing.com/bingbot.htm)"
207.46.13.196 - - [27/Nov/2021:05:47:08 +0700] "GET /bai-viet/sach-bim-mien-phi-so-tay-bim-danh-cho-chu-dau-tu-nha-quan-ly-don-vi-thiet-ke-nha-thau HTTP/1.0" 200 6625 "-" "Mozilla/5.0 (compatible; bingbot/2.0; +http://www.bing.com/bingbot.htm)"
95.108.213.23 - - [27/Nov/2021:07:46:26 +0700] "GET / HTTP/1.0" 200 9918 "-" "Mozilla/5.0 (compatible; YandexBot/3.0; +http://yandex.com/bots)"
54.36.148.60 - - [27/Nov/2021:08:38:34 +0700] "GET / HTTP/1.0" 200 9925 "-" "Mozilla/5.0 (compatible; AhrefsBot/7.0; +http://ahrefs.com/robot/)"
95.108.213.61 - - [27/Nov/2021:09:36:52 +0700] "GET /du-an/danh-muc/cac-du-an-da-thuc-hien HTTP/1.0" 200 6808 "-" "Mozilla/5.0 (compatible; YandexBot/3.0; +http://yandex.com/bots)"
34.221.62.161 - - [27/Nov/2021:10:40:03 +0700] "GET / HTTP/1.0" 200 9939 "-" "Mozilla/5.0 (X11; Linux x86_64) AppleWebKit/537.36 (KHTML, like Gecko) Chrome/83.0.4103.97 Safari/537.36"
207.46.13.196 - - [27/Nov/2021:17:24:44 +0700] "GET / HTTP/1.0" 200 9947 "-" "Mozilla/5.0 (compatible; bingbot/2.0; +http://www.bing.com/bingbot.htm)"
185.191.34.215 - - [27/Nov/2021:20:03:55 +0700] "POST /wp_wrong_datlib.php HTTP/1.0" 404 1191 "-" "Mozilla/5.0 (Windows NT 10.0; Win64; x64) AppleWebKit/537.36 (KHTML, like Gecko) Chrome/74.0.3729.169 Safari/537.36"
95.108.213.23 - - [27/Nov/2021:20:07:57 +0700] "GET /bai-viet/huong-toi-tu-dong-hoa-trong-viec-tao-mo-hinh-bim-va-quy-trinh-cong-viec-duoc-cai-thien-trong-cac-cong-ty-aec HTTP/1.0" 200 8689 "-" "Mozilla/5.0 (compatible; YandexBot/3.0; +http://yandex.com/bots)"
69.197.185.45 - - [27/Nov/2021:20:50:11 +0700] "GET / HTTP/1.0" 200 9920 "http://www.google.com.hk" "Mozilla/5.0 (Windows NT 6.1; WOW64) AppleWebKit/537.36 (KHTML, like Gecko) Chrome/42.0.2311.90 Safari/537.36"
17.121.114.5 - - [27/Nov/2021:21:32:28 +0700] "GET /san-pham/danh-muc/phan-mem-bim-6d HTTP/1.0" 200 6365 "-" "Mozilla/5.0 (Macintosh; Intel Mac OS X 10_15_5) AppleWebKit/605.1.15 (KHTML, like Gecko) Version/13.1.1 Safari/605.1.15 (Applebot/0.1; +http://www.apple.com/go/applebot)"
17.121.115.131 - - [28/Nov/2021:00:18:59 +0700] "GET /san-pham/danh-muc/phan-mem-bim-5d HTTP/1.0" 200 6388 "-" "Mozilla/5.0 (Macintosh; Intel Mac OS X 10_15_5) AppleWebKit/605.1.15 (KHTML, like Gecko) Version/13.1.1 Safari/605.1.15 (Applebot/0.1; +http://www.apple.com/go/applebot)"
17.121.115.226 - - [28/Nov/2021:02:16:37 +0700] "GET /bai-viet/sach-bim-mien-phi-so-tay-bim-danh-cho-chu-dau-tu-nha-quan-ly-don-vi-thiet-ke-nha-thau HTTP/1.0" 200 6642 "-" "Mozilla/5.0 (Macintosh; Intel Mac OS X 10_15_5) AppleWebKit/605.1.15 (KHTML, like Gecko) Version/13.1.1 Safari/605.1.15 (Applebot/0.1; +http://www.apple.com/go/applebot)"
95.108.213.23 - - [27/Nov/2021:07:46:23 +0700] "GET /robots.txt HTTP/1.1" 200 26 "-" "Mozilla/5.0 (compatible; YandexBot/3.0; +http://yandex.com/bots)"
51.222.253.20 - - [27/Nov/2021:08:38:32 +0700] "GET /robots.txt HTTP/2.0" 200 31 "-" "Mozilla/5.0 (compatible; AhrefsBot/7.0; +http://ahrefs.com/robot/)"
95.108.213.61 - - [27/Nov/2021:09:36:49 +0700] "GET /robots.txt HTTP/1.1" 200 26 "-" "Mozilla/5.0 (compatible; YandexBot/3.0; +http://yandex.com/bots)"
95.108.213.23 - - [27/Nov/2021:20:07:54 +0700] "GET /robots.txt HTTP/1.1" 200 26 "-" "Mozilla/5.0 (compatible; YandexBot/3.0; +http://yandex.com/bots)"
17.121.114.5 - - [27/Nov/2021:21:32:28 +0700] "GET /robots.txt HTTP/1.1" 200 26 "-" "Mozilla/5.0 (Macintosh; Intel Mac OS X 10_15_5) AppleWebKit/605.1.15 (KHTML, like Gecko) Version/13.1.1 Safari/605.1.15 (Applebot/0.1; +http://www.apple.com/go/applebot)"
66.249.68.60 - - [27/Nov/2021:22:53:08 +0700] "GET /js/frontend/sweetalert2.js HTTP/1.1" 200 17475 "http://vietnambim.com/index.php/san-pham/danh-muc/pham-mem-bim-3d" "Mozilla/5.0 (Linux; Android 6.0.1; Nexus 5X Build/MMB29P) AppleWebKit/537.36 (KHTML, like Gecko) Chrome/95.0.4638.69 Mobile Safari/537.36 (compatible; Googlebot/2.1; +http://www.google.com/bot.html)"
114.119.145.175 - - [28/Nov/2021:03:09:48 +0700] "GET /robots.txt HTTP/1.1" 200 26 "-" "Mozilla/5.0 (compatible;PetalBot;+https://webmaster.petalsearch.com/site/petalbot)"
207.46.13.196 - - [28/Nov/2021:05:43:25 +0700] "GET / HTTP/1.0" 200 9942 "-" "Mozilla/5.0 (compatible; bingbot/2.0; +http://www.bing.com/bingbot.htm)"
54.36.149.1 - - [28/Nov/2021:06:43:04 +0700] "GET / HTTP/1.0" 200 9950 "-" "Mozilla/5.0 (compatible; AhrefsBot/7.0; +http://ahrefs.com/robot/)"
144.76.14.153 - - [28/Nov/2021:08:04:54 +0700] "GET /bai-viet/tag/BIM%20N%C3%A2ng%20cao HTTP/1.0" 200 6784 "-" "Mozilla/5.0 (compatible; MJ12bot/v1.4.8; http://mj12bot.com/)"
144.76.14.153 - - [28/Nov/2021:08:05:01 +0700] "GET /bai-viet/tag/BIM%20c%C6%A1%20b%E1%BA%A3n HTTP/1.0" 200 6615 "-" "Mozilla/5.0 (compatible; MJ12bot/v1.4.8; http://mj12bot.com/)"
34.219.77.56 - - [28/Nov/2021:10:36:58 +0700] "GET / HTTP/1.0" 200 9939 "-" "Mozilla/5.0 (X11; Linux x86_64) AppleWebKit/537.36 (KHTML, like Gecko) Chrome/83.0.4103.97 Safari/537.36"
178.151.245.174 - - [28/Nov/2021:15:44:51 +0700] "GET /bai-viet/tag/Chuy%C3%AAn%20san%20BIM%20h%E1%BB%8Dc%20th%C6%B0%E1%BB%9Dng%20th%E1%BB%A9c HTTP/1.0" 200 6299 "-" "Mozilla/5.0 (compatible; MJ12bot/v1.4.8; http://mj12bot.com/)"
5.189.140.97 - - [28/Nov/2021:17:09:21 +0700] "GET /bai-viet/bim-la-gi HTTP/1.0" 200 9284 "-" "Mozilla/5.0 (compatible; MJ12bot/v1.4.8; http://mj12bot.com/)"
5.189.140.97 - - [28/Nov/2021:17:09:36 +0700] "GET /bai-viet/danh-muc/bim-co-ban HTTP/1.0" 200 6749 "-" "Mozilla/5.0 (compatible; MJ12bot/v1.4.8; http://mj12bot.com/)"
5.189.140.97 - - [28/Nov/2021:17:09:54 +0700] "GET /bai-viet/danh-muc/bim-nang-cao HTTP/1.0" 200 6643 "-" "Mozilla/5.0 (compatible; MJ12bot/v1.4.8; http://mj12bot.com/)"
5.189.140.97 - - [28/Nov/2021:17:10:06 +0700] "GET /bai-viet/danh-muc/chuyen-san-bim-hoc-thuong-thuc HTTP/1.0" 200 6305 "-" "Mozilla/5.0 (compatible; MJ12bot/v1.4.8; http://mj12bot.com/)"
5.189.140.97 - - [28/Nov/2021:17:10:29 +0700] "GET /bai-viet?page=1 HTTP/1.0" 200 7017 "-" "Mozilla/5.0 (compatible; MJ12bot/v1.4.8; http://mj12bot.com/)"
5.189.140.97 - - [28/Nov/2021:17:10:42 +0700] "GET /bai-viet?page=2 HTTP/1.0" 200 6481 "-" "Mozilla/5.0 (compatible; MJ12bot/v1.4.8; http://mj12bot.com/)"
5.189.140.97 - - [28/Nov/2021:17:10:54 +0700] "GET /du-an/bim-va-cong-trinh-lich-su-dinh-tien-le HTTP/1.0" 200 10161 "-" "Mozilla/5.0 (compatible; MJ12bot/v1.4.8; http://mj12bot.com/)"
5.189.140.97 - - [28/Nov/2021:17:11:08 +0700] "GET /du-an/bim-va-qua-trinh-tai-thiet-nha-tho-duc-ba-paris HTTP/1.0" 200 9820 "-" "Mozilla/5.0 (compatible; MJ12bot/v1.4.8; http://mj12bot.com/)"
5.189.140.97 - - [28/Nov/2021:17:11:17 +0700] "GET /du-an/danh-muc/phoi-hop-bim-3d?page=1 HTTP/1.0" 200 8390 "-" "Mozilla/5.0 (compatible; MJ12bot/v1.4.8; http://mj12bot.com/)"
5.189.140.97 - - [28/Nov/2021:17:11:29 +0700] "GET /du-an/danh-muc/phoi-hop-bim-3d?page=2 HTTP/1.0" 200 6379 "-" "Mozilla/5.0 (compatible; MJ12bot/v1.4.8; http://mj12bot.com/)"
5.189.140.97 - - [28/Nov/2021:17:11:46 +0700] "GET /du-an/du-an-trung-tam-thuong-mai-dich-vu-tai-chinh-ngan-hang-ciputra HTTP/1.0" 200 9740 "-" "Mozilla/5.0 (compatible; MJ12bot/v1.4.8; http://mj12bot.com/)"
5.189.140.97 - - [28/Nov/2021:17:12:01 +0700] "GET /du-an/du-an-vinhomes-landmark-81-danh-hang-nhi-giai-thuong-tekla-bim-awards-chau-a-2018 HTTP/1.0" 200 11818 "-" "Mozilla/5.0 (compatible; MJ12bot/v1.4.8; http://mj12bot.com/)"
5.189.140.97 - - [28/Nov/2021:17:12:15 +0700] "GET /du-an/nho-bim-thap-eiffel-va-khu-vuc-xung-quanh-lan-dau-tien-duoc-gioi-thieu-o-che-do-3d HTTP/1.0" 200 10331 "-" "Mozilla/5.0 (compatible; MJ12bot/v1.4.8; http://mj12bot.com/)"
5.189.140.97 - - [28/Nov/2021:17:12:28 +0700] "GET /du-an/san-goft-bach-mai HTTP/1.0" 200 7819 "-" "Mozilla/5.0 (compatible; MJ12bot/v1.4.8; http://mj12bot.com/)"
5.189.140.97 - - [28/Nov/2021:17:12:38 +0700] "GET /du-an/tu-van-bim-du-an-nha-de-xe-cao-tang-san-bay-tan-son-nhat HTTP/1.0" 200 8763 "-" "Mozilla/5.0 (compatible; MJ12bot/v1.4.8; http://mj12bot.com/)"
5.189.140.97 - - [28/Nov/2021:17:12:47 +0700] "GET /du-an?page=1 HTTP/1.0" 200 7001 "-" "Mozilla/5.0 (compatible; MJ12bot/v1.4.8; http://mj12bot.com/)"
5.189.140.97 - - [28/Nov/2021:17:12:57 +0700] "GET /du-an?page=2 HTTP/1.0" 200 6362 "-" "Mozilla/5.0 (compatible; MJ12bot/v1.4.8; http://mj12bot.com/)"
5.189.140.97 - - [28/Nov/2021:17:13:10 +0700] "GET /san-pham/adobe-photoshop HTTP/1.0" 200 9828 "-" "Mozilla/5.0 (compatible; MJ12bot/v1.4.8; http://mj12bot.com/)"
5.189.140.97 - - [28/Nov/2021:17:13:25 +0700] "GET /san-pham/bim-5d HTTP/1.0" 200 11251 "-" "Mozilla/5.0 (compatible; MJ12bot/v1.4.8; http://mj12bot.com/)"
5.189.140.97 - - [28/Nov/2021:17:13:47 +0700] "GET /san-pham/cac-loai-module-trong-grasshopper HTTP/1.0" 200 11831 "-" "Mozilla/5.0 (compatible; MJ12bot/v1.4.8; http://mj12bot.com/)"
5.189.140.97 - - [28/Nov/2021:17:13:58 +0700] "GET /san-pham/dynamo-sandbox-hay-studio HTTP/1.0" 200 11298 "-" "Mozilla/5.0 (compatible; MJ12bot/v1.4.8; http://mj12bot.com/)"
5.189.140.97 - - [28/Nov/2021:17:14:08 +0700] "GET /san-pham/navisworks-manage-cong-cu-danh-cho-nguoi-quan-ly-du-an-thoi-dai-bim HTTP/1.0" 200 12792 "-" "Mozilla/5.0 (compatible; MJ12bot/v1.4.8; http://mj12bot.com/)"
5.189.140.97 - - [28/Nov/2021:17:14:26 +0700] "GET /san-pham/phan-mem-sketchup HTTP/1.0" 200 11112 "-" "Mozilla/5.0 (compatible; MJ12bot/v1.4.8; http://mj12bot.com/)"
5.189.140.97 - - [28/Nov/2021:17:14:37 +0700] "GET /san-pham/quet-sang-bim-dich-vu-point-cloud-toi-bim HTTP/1.0" 200 10985 "-" "Mozilla/5.0 (compatible; MJ12bot/v1.4.8; http://mj12bot.com/)"
5.189.140.97 - - [28/Nov/2021:17:14:47 +0700] "GET /san-pham?page=1 HTTP/1.0" 200 6673 "-" "Mozilla/5.0 (compatible; MJ12bot/v1.4.8; http://mj12bot.com/)"
5.189.140.97 - - [28/Nov/2021:17:14:53 +0700] "GET /san-pham?page=2 HTTP/1.0" 200 6394 "-" "Mozilla/5.0 (compatible; MJ12bot/v1.4.8; http://mj12bot.com/)"
207.46.13.196 - - [28/Nov/2021:18:15:56 +0700] "GET / HTTP/1.0" 200 9933 "-" "Mozilla/5.0 (compatible; bingbot/2.0; +http://www.bing.com/bingbot.htm)"
40.77.167.106 - - [28/Nov/2021:05:43:15 +0700] "GET /robots.txt HTTP/2.0" 200 26 "-" "Mozilla/5.0 (compatible; bingbot/2.0; +http://www.bing.com/bingbot.htm)"
40.77.167.106 - - [28/Nov/2021:05:43:16 +0700] "GET /robots.txt HTTP/2.0" 200 26 "-" "Mozilla/5.0 (compatible; bingbot/2.0; +http://www.bing.com/bingbot.htm)"
144.76.14.153 - - [28/Nov/2021:08:04:50 +0700] "GET /robots.txt HTTP/1.1" 200 26 "-" "Mozilla/5.0 (compatible; MJ12bot/v1.4.8; http://mj12bot.com/)"
178.151.245.174 - - [28/Nov/2021:15:44:41 +0700] "GET /robots.txt HTTP/1.1" 200 26 "-" "Mozilla/5.0 (compatible; MJ12bot/v1.4.8; http://mj12bot.com/)"
5.189.140.97 - - [28/Nov/2021:17:09:03 +0700] "GET /robots.txt HTTP/1.1" 200 26 "-" "Mozilla/5.0 (compatible; MJ12bot/v1.4.8; http://mj12bot.com/)"
114.119.149.218 - - [28/Nov/2021:23:45:48 +0700] "GET /robots.txt HTTP/1.1" 200 26 "-" "Mozilla/5.0 (compatible;PetalBot;+https://webmaster.petalsearch.com/site/petalbot)"
54.36.148.125 - - [29/Nov/2021:03:33:00 +0700] "GET / HTTP/1.0" 200 9936 "-" "Mozilla/5.0 (compatible; AhrefsBot/7.0; +http://ahrefs.com/robot/)"
207.46.13.196 - - [29/Nov/2021:06:36:58 +0700] "GET / HTTP/1.0" 200 9959 "-" "Mozilla/5.0 (compatible; bingbot/2.0; +http://www.bing.com/bingbot.htm)"
52.41.170.220 - - [29/Nov/2021:10:53:31 +0700] "GET / HTTP/1.0" 200 9944 "-" "Mozilla/5.0 (X11; Linux x86_64) AppleWebKit/537.36 (KHTML, like Gecko) Chrome/83.0.4103.97 Safari/537.36"
23.80.153.183 - - [29/Nov/2021:15:58:43 +0700] "GET / HTTP/1.0" 200 9923 "-" "Mozilla/5.0 (Windows NT 10.0; Win64; x64) AppleWebKit/537.36 (KHTML, like Gecko) Chrome/95.0.4638.54 Safari/537.36"
95.108.213.23 - - [29/Nov/2021:17:08:37 +0700] "GET /bai-viet/cong-nghe-in-3d-nong-chay-lang-dong-fused-deposition-modelling-fdm HTTP/1.0" 200 8853 "-" "Mozilla/5.0 (compatible; YandexBot/3.0; +http://yandex.com/bots)"
207.46.13.196 - - [29/Nov/2021:19:35:22 +0700] "GET / HTTP/1.0" 200 9947 "-" "Mozilla/5.0 (compatible; bingbot/2.0; +http://www.bing.com/bingbot.htm)"
87.250.224.32 - - [30/Nov/2021:00:30:32 +0700] "GET / HTTP/1.0" 200 9945 "-" "Mozilla/5.0 (compatible; YandexBot/3.0; +http://yandex.com/bots)"
54.36.148.205 - - [30/Nov/2021:00:36:35 +0700] "GET / HTTP/1.0" 200 9947 "-" "Mozilla/5.0 (compatible; AhrefsBot/7.0; +http://ahrefs.com/robot/)"
207.46.13.206 - - [30/Nov/2021:00:43:00 +0700] "GET /du-an HTTP/1.0" 200 7003 "-" "Mozilla/5.0 (compatible; bingbot/2.0; +http://www.bing.com/bingbot.htm)"
207.46.13.196 - - [30/Nov/2021:03:19:58 +0700] "GET /bai-viet/sach-bim-mien-phi-so-tay-bim-danh-cho-chu-dau-tu-nha-quan-ly-don-vi-thiet-ke-nha-thau HTTP/1.0" 200 6644 "-" "Mozilla/5.0 (compatible; bingbot/2.0; +http://www.bing.com/bingbot.htm)"
207.46.13.196 - - [30/Nov/2021:03:22:57 +0700] "GET /bai-viet/bim-la-gi HTTP/1.0" 200 9284 "-" "Mozilla/5.0 (compatible; bingbot/2.0; +http://www.bing.com/bingbot.htm)"
54.36.149.19 - - [29/Nov/2021:03:32:59 +0700] "GET /robots.txt HTTP/2.0" 200 31 "-" "Mozilla/5.0 (compatible; AhrefsBot/7.0; +http://ahrefs.com/robot/)"
95.108.213.23 - - [29/Nov/2021:17:08:34 +0700] "GET /robots.txt HTTP/1.1" 200 26 "-" "Mozilla/5.0 (compatible; YandexBot/3.0; +http://yandex.com/bots)"
114.119.133.249 - - [29/Nov/2021:20:01:50 +0700] "GET /robots.txt HTTP/1.1" 200 26 "-" "Mozilla/5.0 (compatible;PetalBot;+https://webmaster.petalsearch.com/site/petalbot)"
114.119.142.247 - - [29/Nov/2021:23:41:14 +0700] "GET /robots.txt HTTP/1.1" 200 26 "-" "Mozilla/5.0 (compatible;PetalBot;+https://webmaster.petalsearch.com/site/petalbot)"
87.250.224.32 - - [30/Nov/2021:00:30:29 +0700] "GET /robots.txt HTTP/1.1" 200 26 "-" "Mozilla/5.0 (compatible; YandexBot/3.0; +http://yandex.com/bots)"
54.36.148.215 - - [30/Nov/2021:00:36:33 +0700] "GET /robots.txt HTTP/2.0" 200 31 "-" "Mozilla/5.0 (compatible; AhrefsBot/7.0; +http://ahrefs.com/robot/)"
207.46.13.196 - - [30/Nov/2021:07:30:41 +0700] "GET / HTTP/1.0" 200 9921 "-" "Mozilla/5.0 (compatible; bingbot/2.0; +http://www.bing.com/bingbot.htm)"
207.46.13.160 - - [30/Nov/2021:07:53:13 +0700] "GET /bai-viet/danh-muc/chuyen-san-bim-hoc-thuong-thuc HTTP/1.0" 200 7693 "-" "Mozilla/5.0 (compatible; bingbot/2.0; +http://www.bing.com/bingbot.htm)"
157.55.39.72 - - [30/Nov/2021:10:20:57 +0700] "GET /bai-viet/danh-muc/bim-co-ban HTTP/1.0" 200 6745 "-" "Mozilla/5.0 (compatible; bingbot/2.0; +http://www.bing.com/bingbot.htm)"
52.37.3.18 - - [30/Nov/2021:10:24:05 +0700] "GET / HTTP/1.0" 200 9923 "-" "Mozilla/5.0 (X11; Linux x86_64) AppleWebKit/537.36 (KHTML, like Gecko) Chrome/83.0.4103.97 Safari/537.36"
34.222.22.98 - - [30/Nov/2021:10:24:42 +0700] "GET / HTTP/1.0" 200 9941 "-" "Mozilla/5.0 (X11; Linux x86_64) AppleWebKit/537.36 (KHTML, like Gecko) Chrome/83.0.4103.97 Safari/537.36"
207.46.13.210 - - [30/Nov/2021:11:10:30 +0700] "GET /bai-viet/trinh-tu-lap-mo-hinh-bim HTTP/1.0" 200 8047 "-" "Mozilla/5.0 (compatible; bingbot/2.0; +http://www.bing.com/bingbot.htm)"
179.43.169.181 - - [30/Nov/2021:11:38:21 +0700] "GET / HTTP/1.0" 200 62416 "-" "Mozilla/5.0 (X11; Linux i686; rv:10.0) Gecko/20100101 Firefox/10.0"
131.153.240.178 - - [30/Nov/2021:11:38:46 +0700] "GET / HTTP/1.0" 200 9901 "-" "Mozilla/5.0 (Macintosh; Intel Mac OS X 10.14; rv:89.0) Gecko/20100101 Firefox/89.0"
179.43.169.181 - - [30/Nov/2021:11:39:39 +0700] "GET / HTTP/1.0" 200 62424 "-" "Mozilla/5.0 (X11; Linux i686; rv:10.0) Gecko/20100101 Firefox/10.0"
54.36.148.175 - - [30/Nov/2021:13:14:24 +0700] "GET / HTTP/1.0" 200 9934 "-" "Mozilla/5.0 (compatible; AhrefsBot/7.0; +http://ahrefs.com/robot/)"
207.46.13.196 - - [30/Nov/2021:18:35:44 +0700] "GET / HTTP/1.0" 200 9944 "-" "Mozilla/5.0 (compatible; bingbot/2.0; +http://www.bing.com/bingbot.htm)"
157.55.39.72 - - [30/Nov/2021:20:33:25 +0700] "GET /san-pham/danh-muc/phan-mem-bim-6d HTTP/1.0" 200 6369 "-" "Mozilla/5.0 (compatible; bingbot/2.0; +http://www.bing.com/bingbot.htm)"
207.46.13.196 - - [30/Nov/2021:21:27:01 +0700] "GET / HTTP/1.0" 200 9930 "-" "Mozilla/5.0 (compatible; bingbot/2.0; +http://www.bing.com/bingbot.htm)"
207.46.13.196 - - [01/Dec/2021:02:20:50 +0700] "GET /du-an/danh-muc/cac-du-an-da-thuc-hien HTTP/1.0" 200 6814 "-" "Mozilla/5.0 (compatible; bingbot/2.0; +http://www.bing.com/bingbot.htm)"
40.77.167.106 - - [30/Nov/2021:07:30:33 +0700] "GET /robots.txt HTTP/2.0" 200 26 "-" "Mozilla/5.0 (compatible; bingbot/2.0; +http://www.bing.com/bingbot.htm)"
40.77.167.106 - - [30/Nov/2021:07:30:34 +0700] "GET /robots.txt HTTP/2.0" 200 26 "-" "Mozilla/5.0 (compatible; bingbot/2.0; +http://www.bing.com/bingbot.htm)"
51.222.253.8 - - [30/Nov/2021:13:14:22 +0700] "GET /robots.txt HTTP/2.0" 200 31 "-" "Mozilla/5.0 (compatible; AhrefsBot/7.0; +http://ahrefs.com/robot/)"
52.74.184.136 - - [30/Nov/2021:15:38:15 +0700] "GET /ladipageverify.gif HTTP/1.1" 404 146 "-" "-"
40.77.167.102 - - [30/Nov/2021:21:26:56 +0700] "GET /robots.txt HTTP/2.0" 200 26 "-" "Mozilla/5.0 (compatible; bingbot/2.0; +http://www.bing.com/bingbot.htm)"
40.77.167.102 - - [30/Nov/2021:21:26:57 +0700] "GET /robots.txt HTTP/2.0" 200 26 "-" "Mozilla/5.0 (compatible; bingbot/2.0; +http://www.bing.com/bingbot.htm)"
95.91.111.1 - - [01/Dec/2021:04:39:33 +0700] "GET /bai-viet/tag/BIM%20N%C3%A2ng%20cao HTTP/1.0" 200 6784 "-" "Mozilla/5.0 (compatible; MJ12bot/v1.4.8; http://mj12bot.com/)"
95.91.111.1 - - [01/Dec/2021:04:39:37 +0700] "GET /bai-viet/tag/BIM%20c%C6%A1%20b%E1%BA%A3n HTTP/1.0" 200 6607 "-" "Mozilla/5.0 (compatible; MJ12bot/v1.4.8; http://mj12bot.com/)"
20.124.132.226 - - [01/Dec/2021:05:53:19 +0700] "GET /1index.php HTTP/1.0" 404 1191 "www.google.com" "Mozlila/5.0 (Linux; Android 7.0; SM-G892A Bulid/NRD90M; wv) AppleWebKit/537.36 (KHTML, like Gecko) Version/4.0 Chrome/60.0.3112.107 Moblie Safari/537.36"
207.46.13.196 - - [01/Dec/2021:06:17:12 +0700] "GET / HTTP/1.0" 200 9959 "-" "Mozilla/5.0 (compatible; bingbot/2.0; +http://www.bing.com/bingbot.htm)"
207.46.13.196 - - [01/Dec/2021:09:10:19 +0700] "GET / HTTP/1.0" 200 9941 "-" "Mozilla/5.0 (compatible; bingbot/2.0; +http://www.bing.com/bingbot.htm)"
54.201.251.131 - - [01/Dec/2021:10:04:12 +0700] "GET / HTTP/1.0" 200 9914 "-" "Mozilla/5.0 (X11; Linux x86_64) AppleWebKit/537.36 (KHTML, like Gecko) Chrome/83.0.4103.97 Safari/537.36"
54.149.98.17 - - [01/Dec/2021:10:04:44 +0700] "GET / HTTP/1.0" 200 9943 "-" "Mozilla/5.0 (X11; Linux x86_64) AppleWebKit/537.36 (KHTML, like Gecko) Chrome/83.0.4103.97 Safari/537.36"
20.124.132.226 - - [01/Dec/2021:12:07:23 +0700] "GET /1index.php HTTP/1.0" 404 1191 "www.google.com" "Mozlila/5.0 (Linux; Android 7.0; SM-G892A Bulid/NRD90M; wv) AppleWebKit/537.36 (KHTML, like Gecko) Version/4.0 Chrome/60.0.3112.107 Moblie Safari/537.36"
34.77.162.5 - - [01/Dec/2021:12:32:35 +0700] "GET / HTTP/1.0" 200 63798 "-" "Expanse indexes the network perimeters of our customers. If you have any questions or concerns, please reach out to: scaninfo@expanseinc.com"
207.46.13.160 - - [01/Dec/2021:12:43:28 +0700] "GET /bai-viet/index.html HTTP/1.0" 404 2003 "-" "Mozilla/5.0 (compatible; bingbot/2.0; +http://www.bing.com/bingbot.htm)"
95.108.213.23 - - [01/Dec/2021:15:31:20 +0700] "GET /bai-viet/sach-bim-mien-phi-so-tay-bim-danh-cho-chu-dau-tu-nha-quan-ly-don-vi-thiet-ke-nha-thau HTTP/1.0" 200 6640 "-" "Mozilla/5.0 (compatible; YandexBot/3.0; +http://yandex.com/bots)"
207.46.13.196 - - [01/Dec/2021:15:47:37 +0700] "GET / HTTP/1.0" 200 9936 "-" "Mozilla/5.0 (compatible; bingbot/2.0; +http://www.bing.com/bingbot.htm)"
3.236.140.248 - - [01/Dec/2021:16:31:50 +0700] "GET / HTTP/1.0" 200 9927 "-" "Mozilla/5.0 (Windows NT 10.0; Win64; x64) AppleWebKit/537.36 (KHTML, like Gecko) Chrome/91.0.4472.77 Safari/537.36"
3.236.140.248 - - [01/Dec/2021:16:31:58 +0700] "GET /storage/img/projectcategories/1629057792-bim-5d.crdownload HTTP/1.0" 200 565 "https://vietnambim.com/" "Mozilla/5.0 (Windows NT 10.0; Win64; x64) AppleWebKit/537.36 (KHTML, like Gecko) Chrome/91.0.4472.77 Safari/537.36"
54.36.148.12 - - [01/Dec/2021:17:01:30 +0700] "GET / HTTP/1.0" 200 9938 "-" "Mozilla/5.0 (compatible; AhrefsBot/7.0; +http://ahrefs.com/robot/)"
207.46.13.196 - - [01/Dec/2021:18:42:03 +0700] "GET / HTTP/1.0" 200 9936 "-" "Mozilla/5.0 (compatible; bingbot/2.0; +http://www.bing.com/bingbot.htm)"
171.13.14.50 - - [01/Dec/2021:19:05:39 +0700] "GET / HTTP/1.0" 200 9929 "-" "Mozilla/5.0 (Linux; Android 8.0; Pixel 2 Build/OPD3.170816.012) AppleWebKit/537.36 (KHTML, like Gecko) Chrome/75.0.3765.0 Mobile Safari/537.36"
171.13.14.50 - - [01/Dec/2021:19:05:44 +0700] "GET /storage/img/projectcategories/1629057792-bim-5d.crdownload HTTP/1.0" 200 565 "https://vietnambim.com/" "Mozilla/5.0 (Linux; Android 8.0; Pixel 2 Build/OPD3.170816.012) AppleWebKit/537.36 (KHTML, like Gecko) Chrome/75.0.3765.0 Mobile Safari/537.36"
207.46.13.210 - - [01/Dec/2021:19:20:11 +0700] "GET /bai-viet/tag/BIM%20c%C6%A1%20b%E1%BA%A3n HTTP/1.0" 200 6601 "-" "Mozilla/5.0 (compatible; bingbot/2.0; +http://www.bing.com/bingbot.htm)"
5.9.66.153 - - [01/Dec/2021:19:46:38 +0700] "GET /bai-viet/tag/Chuy%C3%AAn%20san%20BIM%20h%E1%BB%8Dc%20th%C6%B0%E1%BB%9Dng%20th%E1%BB%A9c HTTP/1.0" 200 6295 "-" "Mozilla/5.0 (compatible; MJ12bot/v1.4.8; http://mj12bot.com/)"
54.36.148.222 - - [02/Dec/2021:00:17:25 +0700] "GET / HTTP/1.0" 200 9928 "-" "Mozilla/5.0 (compatible; AhrefsBot/7.0; +http://ahrefs.com/robot/)"
207.46.13.196 - - [02/Dec/2021:01:59:06 +0700] "GET / HTTP/1.0" 200 9936 "-" "Mozilla/5.0 (compatible; bingbot/2.0; +http://www.bing.com/bingbot.htm)"
3.68.215.84 - - [02/Dec/2021:02:26:24 +0700] "GET / HTTP/1.0" 200 62410 "-" "webprosbot/2.0 (+mailto:abuse-6337@webpros.com)"
95.91.111.1 - - [01/Dec/2021:04:39:24 +0700] "GET /robots.txt HTTP/1.1" 200 26 "-" "Mozilla/5.0 (compatible; MJ12bot/v1.4.8; http://mj12bot.com/)"
114.119.137.105 - - [01/Dec/2021:10:29:07 +0700] "GET /robots.txt HTTP/1.1" 200 26 "-" "Mozilla/5.0 (compatible;PetalBot;+https://webmaster.petalsearch.com/site/petalbot)"
113.161.56.132 - - [01/Dec/2021:13:45:35 +0700] "GET /storage/img/blog/1629029706-trinh-tu-lap-mo-hinh-bim.jpg HTTP/2.0" 200 361068 "https://www.google.com/" "Mozilla/5.0 (Windows NT 10.0; Win64; x64) AppleWebKit/537.36 (KHTML, like Gecko) Chrome/96.0.4664.45 Safari/537.36"
95.108.213.23 - - [01/Dec/2021:15:31:16 +0700] "GET /robots.txt HTTP/1.1" 200 26 "-" "Mozilla/5.0 (compatible; YandexBot/3.0; +http://yandex.com/bots)"
3.236.140.248 - - [01/Dec/2021:16:31:51 +0700] "GET /css/frontend/owl.carousel.min.css HTTP/2.0" 200 859 "https://vietnambim.com/" "Mozilla/5.0 (Windows NT 10.0; Win64; x64) AppleWebKit/537.36 (KHTML, like Gecko) Chrome/91.0.4472.77 Safari/537.36"
3.236.140.248 - - [01/Dec/2021:16:31:51 +0700] "GET /css/plugin/font-awesome/font-awesome.min.css HTTP/2.0" 200 6846 "https://vietnambim.com/" "Mozilla/5.0 (Windows NT 10.0; Win64; x64) AppleWebKit/537.36 (KHTML, like Gecko) Chrome/91.0.4472.77 Safari/537.36"
3.236.140.248 - - [01/Dec/2021:16:31:51 +0700] "GET /css/plugin/bootstrap/bootstrap.min.css HTTP/2.0" 200 20614 "https://vietnambim.com/" "Mozilla/5.0 (Windows NT 10.0; Win64; x64) AppleWebKit/537.36 (KHTML, like Gecko) Chrome/91.0.4472.77 Safari/537.36"
3.236.140.248 - - [01/Dec/2021:16:31:51 +0700] "GET /css/plugin/venobox/venobox.css HTTP/2.0" 200 2872 "https://vietnambim.com/" "Mozilla/5.0 (Windows NT 10.0; Win64; x64) AppleWebKit/537.36 (KHTML, like Gecko) Chrome/91.0.4472.77 Safari/537.36"
3.236.140.248 - - [01/Dec/2021:16:31:51 +0700] "GET /css/plugin/slick/slick.css HTTP/2.0" 200 460 "https://vietnambim.com/" "Mozilla/5.0 (Windows NT 10.0; Win64; x64) AppleWebKit/537.36 (KHTML, like Gecko) Chrome/91.0.4472.77 Safari/537.36"
3.236.140.248 - - [01/Dec/2021:16:31:51 +0700] "GET /css/plugin/aos/aos.css HTTP/2.0" 200 5646 "https://vietnambim.com/" "Mozilla/5.0 (Windows NT 10.0; Win64; x64) AppleWebKit/537.36 (KHTML, like Gecko) Chrome/91.0.4472.77 Safari/537.36"
3.236.140.248 - - [01/Dec/2021:16:31:51 +0700] "GET /css/frontend/style.css HTTP/2.0" 200 7794 "https://vietnambim.com/" "Mozilla/5.0 (Windows NT 10.0; Win64; x64) AppleWebKit/537.36 (KHTML, like Gecko) Chrome/91.0.4472.77 Safari/537.36"
3.236.140.248 - - [01/Dec/2021:16:31:51 +0700] "GET /js/frontend/jquery.min.js HTTP/2.0" 200 32241 "https://vietnambim.com/" "Mozilla/5.0 (Windows NT 10.0; Win64; x64) AppleWebKit/537.36 (KHTML, like Gecko) Chrome/91.0.4472.77 Safari/537.36"
3.236.140.248 - - [01/Dec/2021:16:31:51 +0700] "GET /js/plugin/jQuery/jquery.min.js HTTP/2.0" 200 34488 "https://vietnambim.com/" "Mozilla/5.0 (Windows NT 10.0; Win64; x64) AppleWebKit/537.36 (KHTML, like Gecko) Chrome/91.0.4472.77 Safari/537.36"
3.236.140.248 - - [01/Dec/2021:16:31:51 +0700] "GET /js/plugin/bootstrap/bootstrap.min.js HTTP/2.0" 200 22944 "https://vietnambim.com/" "Mozilla/5.0 (Windows NT 10.0; Win64; x64) AppleWebKit/537.36 (KHTML, like Gecko) Chrome/91.0.4472.77 Safari/537.36"
3.236.140.248 - - [01/Dec/2021:16:31:51 +0700] "GET /js/plugin/slick/slick.min.js HTTP/2.0" 200 11426 "https://vietnambim.com/" "Mozilla/5.0 (Windows NT 10.0; Win64; x64) AppleWebKit/537.36 (KHTML, like Gecko) Chrome/91.0.4472.77 Safari/537.36"
3.236.140.248 - - [01/Dec/2021:16:31:51 +0700] "GET /js/plugin/venobox/venobox.min.js HTTP/2.0" 200 3900 "https://vietnambim.com/" "Mozilla/5.0 (Windows NT 10.0; Win64; x64) AppleWebKit/537.36 (KHTML, like Gecko) Chrome/91.0.4472.77 Safari/537.36"
3.236.140.248 - - [01/Dec/2021:16:31:51 +0700] "GET /js/plugin/aos/aos.js HTTP/2.0" 200 4793 "https://vietnambim.com/" "Mozilla/5.0 (Windows NT 10.0; Win64; x64) AppleWebKit/537.36 (KHTML, like Gecko) Chrome/91.0.4472.77 Safari/537.36"
3.236.140.248 - - [01/Dec/2021:16:31:51 +0700] "GET /js/frontend/owl.carousel.min.js HTTP/2.0" 200 11743 "https://vietnambim.com/" "Mozilla/5.0 (Windows NT 10.0; Win64; x64) AppleWebKit/537.36 (KHTML, like Gecko) Chrome/91.0.4472.77 Safari/537.36"
3.236.140.248 - - [01/Dec/2021:16:31:51 +0700] "GET /js/frontend/sweetalert2.js HTTP/2.0" 200 17462 "https://vietnambim.com/" "Mozilla/5.0 (Windows NT 10.0; Win64; x64) AppleWebKit/537.36 (KHTML, like Gecko) Chrome/91.0.4472.77 Safari/537.36"
3.236.140.248 - - [01/Dec/2021:16:31:51 +0700] "GET /js/frontend/frontend.js HTTP/2.0" 200 928 "https://vietnambim.com/" "Mozilla/5.0 (Windows NT 10.0; Win64; x64) AppleWebKit/537.36 (KHTML, like Gecko) Chrome/91.0.4472.77 Safari/537.36"
3.236.140.248 - - [01/Dec/2021:16:31:51 +0700] "GET /storage/img/settings/logo/1629259394-logo-imgpsh_fullsize_anim.png HTTP/2.0" 200 22045 "https://vietnambim.com/" "Mozilla/5.0 (Windows NT 10.0; Win64; x64) AppleWebKit/537.36 (KHTML, like Gecko) Chrome/91.0.4472.77 Safari/537.36"
3.236.140.248 - - [01/Dec/2021:16:31:51 +0700] "GET /storage/img/settings/photos/1629479223-photos-pngegg.png HTTP/2.0" 200 33910 "https://vietnambim.com/" "Mozilla/5.0 (Windows NT 10.0; Win64; x64) AppleWebKit/537.36 (KHTML, like Gecko) Chrome/91.0.4472.77 Safari/537.36"
3.236.140.248 - - [01/Dec/2021:16:31:51 +0700] "GET /img/frontend/preloader.gif HTTP/2.0" 200 97432 "https://vietnambim.com/" "Mozilla/5.0 (Windows NT 10.0; Win64; x64) AppleWebKit/537.36 (KHTML, like Gecko) Chrome/91.0.4472.77 Safari/537.36"
3.236.140.248 - - [01/Dec/2021:16:31:51 +0700] "GET /storage/img/blog/1629028386-cach-thuc-phoi-hop-bim-trong-cac-du-an-nha-cao-tang-o-viet-nam.jpg HTTP/2.0" 200 102966 "https://vietnambim.com/" "Mozilla/5.0 (Windows NT 10.0; Win64; x64) AppleWebKit/537.36 (KHTML, like Gecko) Chrome/91.0.4472.77 Safari/537.36"
3.236.140.248 - - [01/Dec/2021:16:31:51 +0700] "GET /storage/img/blog/1629037211-huong-toi-tu-dong-hoa-trong-viec-tao-mo-hinh-bim-va-quy-trinh-cong-viec-duoc-cai-thien-trong-cac-cong-ty-aec.jpg HTTP/2.0" 200 13706 "https://vietnambim.com/" "Mozilla/5.0 (Windows NT 10.0; Win64; x64) AppleWebKit/537.36 (KHTML, like Gecko) Chrome/91.0.4472.77 Safari/537.36"
3.236.140.248 - - [01/Dec/2021:16:31:52 +0700] "GET /storage/img/partner/1629144786-png.png HTTP/2.0" 200 7184 "https://vietnambim.com/" "Mozilla/5.0 (Windows NT 10.0; Win64; x64) AppleWebKit/537.36 (KHTML, like Gecko) Chrome/91.0.4472.77 Safari/537.36"
3.236.140.248 - - [01/Dec/2021:16:31:52 +0700] "GET /storage/img/partner/1629145125-png.png HTTP/2.0" 200 7184 "https://vietnambim.com/" "Mozilla/5.0 (Windows NT 10.0; Win64; x64) AppleWebKit/537.36 (KHTML, like Gecko) Chrome/91.0.4472.77 Safari/537.36"
3.236.140.248 - - [01/Dec/2021:16:31:52 +0700] "GET /storage/img/partner/1629145984-png.png HTTP/2.0" 200 7184 "https://vietnambim.com/" "Mozilla/5.0 (Windows NT 10.0; Win64; x64) AppleWebKit/537.36 (KHTML, like Gecko) Chrome/91.0.4472.77 Safari/537.36"
3.236.140.248 - - [01/Dec/2021:16:31:53 +0700] "GET /storage/img/partner/1629145997-png.png HTTP/2.0" 200 7184 "https://vietnambim.com/" "Mozilla/5.0 (Windows NT 10.0; Win64; x64) AppleWebKit/537.36 (KHTML, like Gecko) Chrome/91.0.4472.77 Safari/537.36"
3.236.140.248 - - [01/Dec/2021:16:31:53 +0700] "GET /css/plugin/font-awesome/fonts/fontawesome-webfont.woff2?v=4.7.0 HTTP/2.0" 200 77160 "https://vietnambim.com/css/plugin/font-awesome/font-awesome.min.css" "Mozilla/5.0 (Windows NT 10.0; Win64; x64) AppleWebKit/537.36 (KHTML, like Gecko) Chrome/91.0.4472.77 Safari/537.36"
3.236.140.248 - - [01/Dec/2021:16:31:54 +0700] "GET /storage/img/partner/1629146008-png.png HTTP/2.0" 200 7184 "https://vietnambim.com/" "Mozilla/5.0 (Windows NT 10.0; Win64; x64) AppleWebKit/537.36 (KHTML, like Gecko) Chrome/91.0.4472.77 Safari/537.36"
3.236.140.248 - - [01/Dec/2021:16:31:54 +0700] "GET /storage/img/blog/1629038049-cong-nghe-in-3d-nong-chay-lang-dong-fused-deposition-modelling-fdm.jpg HTTP/2.0" 200 135870 "https://vietnambim.com/" "Mozilla/5.0 (Windows NT 10.0; Win64; x64) AppleWebKit/537.36 (KHTML, like Gecko) Chrome/91.0.4472.77 Safari/537.36"
3.236.140.248 - - [01/Dec/2021:16:31:56 +0700] "GET /storage/img/blog/1629029706-trinh-tu-lap-mo-hinh-bim.jpg HTTP/2.0" 200 361068 "https://vietnambim.com/" "Mozilla/5.0 (Windows NT 10.0; Win64; x64) AppleWebKit/537.36 (KHTML, like Gecko) Chrome/91.0.4472.77 Safari/537.36"
3.236.140.248 - - [01/Dec/2021:16:31:56 +0700] "GET /storage/img/blog/1629036959-sach-bim-mien-phi-so-tay-bim-danh-cho-chu-dau-tu-nha-quan-ly-don-vi-thiet-ke-nha-thau.png HTTP/2.0" 200 487255 "https://vietnambim.com/" "Mozilla/5.0 (Windows NT 10.0; Win64; x64) AppleWebKit/537.36 (KHTML, like Gecko) Chrome/91.0.4472.77 Safari/537.36"
3.236.140.248 - - [01/Dec/2021:16:31:56 +0700] "GET /storage/img/blog/1629037800-thanh-pho-ai-thanh-pho-tuong-lai-duoc-ho-tro-boi-cac-cong-nghe-moi-nhu-ai-gis-bim.jpg HTTP/2.0" 200 236197 "https://vietnambim.com/" "Mozilla/5.0 (Windows NT 10.0; Win64; x64) AppleWebKit/537.36 (KHTML, like Gecko) Chrome/91.0.4472.77 Safari/537.36"
3.236.140.248 - - [01/Dec/2021:16:31:58 +0700] "GET /storage/img/projectcategories/1629057740-cac-du-an-da-thuc-hien.jpg HTTP/2.0" 200 85162 "https://vietnambim.com/" "Mozilla/5.0 (Windows NT 10.0; Win64; x64) AppleWebKit/537.36 (KHTML, like Gecko) Chrome/91.0.4472.77 Safari/537.36"
3.236.140.248 - - [01/Dec/2021:16:31:58 +0700] "GET /storage/img/projectcategories/1629057792-bim-5d.crdownload HTTP/2.0" 200 31477 "https://vietnambim.com/" "Mozilla/5.0 (Windows NT 10.0; Win64; x64) AppleWebKit/537.36 (KHTML, like Gecko) Chrome/91.0.4472.77 Safari/537.36"
3.236.140.248 - - [01/Dec/2021:16:31:59 +0700] "GET /storage/img/projectcategories/1629057836-bim-4d.jpg HTTP/2.0" 200 74924 "https://vietnambim.com/" "Mozilla/5.0 (Windows NT 10.0; Win64; x64) AppleWebKit/537.36 (KHTML, like Gecko) Chrome/91.0.4472.77 Safari/537.36"
3.236.140.248 - - [01/Dec/2021:16:31:59 +0700] "GET /storage/img/projectcategories/1629057871-phoi-hop-bim-3d.png HTTP/2.0" 200 7751 "https://vietnambim.com/" "Mozilla/5.0 (Windows NT 10.0; Win64; x64) AppleWebKit/537.36 (KHTML, like Gecko) Chrome/91.0.4472.77 Safari/537.36"
3.236.140.248 - - [01/Dec/2021:16:31:59 +0700] "GET /storage/img/productcategories/1629096035-bim-cho-dich-vu-an-uong.png HTTP/2.0" 200 324207 "https://vietnambim.com/" "Mozilla/5.0 (Windows NT 10.0; Win64; x64) AppleWebKit/537.36 (KHTML, like Gecko) Chrome/91.0.4472.77 Safari/537.36"
3.236.140.248 - - [01/Dec/2021:16:31:59 +0700] "GET /storage/img/productcategories/1629095927-phan-mem-bim-6d.png HTTP/2.0" 200 7184 "https://vietnambim.com/" "Mozilla/5.0 (Windows NT 10.0; Win64; x64) AppleWebKit/537.36 (KHTML, like Gecko) Chrome/91.0.4472.77 Safari/537.36"
3.236.140.248 - - [01/Dec/2021:16:31:59 +0700] "GET /storage/img/productcategories/1629095819-phan-mem-bim-5d.png HTTP/2.0" 200 6401 "https://vietnambim.com/" "Mozilla/5.0 (Windows NT 10.0; Win64; x64) AppleWebKit/537.36 (KHTML, like Gecko) Chrome/91.0.4472.77 Safari/537.36"
3.236.140.248 - - [01/Dec/2021:16:31:59 +0700] "GET /storage/img/productcategories/1629090005-pham-mem-bim-3d.png HTTP/2.0" 200 88574 "https://vietnambim.com/" "Mozilla/5.0 (Windows NT 10.0; Win64; x64) AppleWebKit/537.36 (KHTML, like Gecko) Chrome/91.0.4472.77 Safari/537.36"
51.222.253.5 - - [01/Dec/2021:17:01:29 +0700] "GET /robots.txt HTTP/2.0" 200 31 "-" "Mozilla/5.0 (compatible; AhrefsBot/7.0; +http://ahrefs.com/robot/)"
171.13.14.50 - - [01/Dec/2021:19:05:40 +0700] "GET /css/frontend/owl.carousel.min.css HTTP/2.0" 200 859 "https://vietnambim.com/" "Mozilla/5.0 (Linux; Android 8.0; Pixel 2 Build/OPD3.170816.012) AppleWebKit/537.36 (KHTML, like Gecko) Chrome/75.0.3765.0 Mobile Safari/537.36"
171.13.14.50 - - [01/Dec/2021:19:05:40 +0700] "GET /css/plugin/font-awesome/font-awesome.min.css HTTP/2.0" 200 6846 "https://vietnambim.com/" "Mozilla/5.0 (Linux; Android 8.0; Pixel 2 Build/OPD3.170816.012) AppleWebKit/537.36 (KHTML, like Gecko) Chrome/75.0.3765.0 Mobile Safari/537.36"
171.13.14.50 - - [01/Dec/2021:19:05:40 +0700] "GET /css/plugin/bootstrap/bootstrap.min.css HTTP/2.0" 200 20614 "https://vietnambim.com/" "Mozilla/5.0 (Linux; Android 8.0; Pixel 2 Build/OPD3.170816.012) AppleWebKit/537.36 (KHTML, like Gecko) Chrome/75.0.3765.0 Mobile Safari/537.36"
171.13.14.50 - - [01/Dec/2021:19:05:40 +0700] "GET /css/plugin/venobox/venobox.css HTTP/2.0" 200 2872 "https://vietnambim.com/" "Mozilla/5.0 (Linux; Android 8.0; Pixel 2 Build/OPD3.170816.012) AppleWebKit/537.36 (KHTML, like Gecko) Chrome/75.0.3765.0 Mobile Safari/537.36"
171.13.14.50 - - [01/Dec/2021:19:05:40 +0700] "GET /css/plugin/slick/slick.css HTTP/2.0" 200 460 "https://vietnambim.com/" "Mozilla/5.0 (Linux; Android 8.0; Pixel 2 Build/OPD3.170816.012) AppleWebKit/537.36 (KHTML, like Gecko) Chrome/75.0.3765.0 Mobile Safari/537.36"
171.13.14.50 - - [01/Dec/2021:19:05:40 +0700] "GET /css/plugin/aos/aos.css HTTP/2.0" 200 5646 "https://vietnambim.com/" "Mozilla/5.0 (Linux; Android 8.0; Pixel 2 Build/OPD3.170816.012) AppleWebKit/537.36 (KHTML, like Gecko) Chrome/75.0.3765.0 Mobile Safari/537.36"
171.13.14.50 - - [01/Dec/2021:19:05:40 +0700] "GET /css/frontend/style.css HTTP/2.0" 200 7794 "https://vietnambim.com/" "Mozilla/5.0 (Linux; Android 8.0; Pixel 2 Build/OPD3.170816.012) AppleWebKit/537.36 (KHTML, like Gecko) Chrome/75.0.3765.0 Mobile Safari/537.36"
171.13.14.50 - - [01/Dec/2021:19:05:40 +0700] "GET /js/frontend/jquery.min.js HTTP/2.0" 200 32241 "https://vietnambim.com/" "Mozilla/5.0 (Linux; Android 8.0; Pixel 2 Build/OPD3.170816.012) AppleWebKit/537.36 (KHTML, like Gecko) Chrome/75.0.3765.0 Mobile Safari/537.36"
171.13.14.50 - - [01/Dec/2021:19:05:40 +0700] "GET /js/plugin/jQuery/jquery.min.js HTTP/2.0" 200 34488 "https://vietnambim.com/" "Mozilla/5.0 (Linux; Android 8.0; Pixel 2 Build/OPD3.170816.012) AppleWebKit/537.36 (KHTML, like Gecko) Chrome/75.0.3765.0 Mobile Safari/537.36"
171.13.14.50 - - [01/Dec/2021:19:05:40 +0700] "GET /js/plugin/bootstrap/bootstrap.min.js HTTP/2.0" 200 22944 "https://vietnambim.com/" "Mozilla/5.0 (Linux; Android 8.0; Pixel 2 Build/OPD3.170816.012) AppleWebKit/537.36 (KHTML, like Gecko) Chrome/75.0.3765.0 Mobile Safari/537.36"
171.13.14.50 - - [01/Dec/2021:19:05:40 +0700] "GET /js/plugin/slick/slick.min.js HTTP/2.0" 200 11426 "https://vietnambim.com/" "Mozilla/5.0 (Linux; Android 8.0; Pixel 2 Build/OPD3.170816.012) AppleWebKit/537.36 (KHTML, like Gecko) Chrome/75.0.3765.0 Mobile Safari/537.36"
171.13.14.50 - - [01/Dec/2021:19:05:40 +0700] "GET /js/plugin/venobox/venobox.min.js HTTP/2.0" 200 3900 "https://vietnambim.com/" "Mozilla/5.0 (Linux; Android 8.0; Pixel 2 Build/OPD3.170816.012) AppleWebKit/537.36 (KHTML, like Gecko) Chrome/75.0.3765.0 Mobile Safari/537.36"
171.13.14.50 - - [01/Dec/2021:19:05:40 +0700] "GET /js/plugin/aos/aos.js HTTP/2.0" 200 4793 "https://vietnambim.com/" "Mozilla/5.0 (Linux; Android 8.0; Pixel 2 Build/OPD3.170816.012) AppleWebKit/537.36 (KHTML, like Gecko) Chrome/75.0.3765.0 Mobile Safari/537.36"
171.13.14.50 - - [01/Dec/2021:19:05:41 +0700] "GET /css/plugin/font-awesome/fonts/fontawesome-webfont.woff2?v=4.7.0 HTTP/2.0" 200 77160 "https://vietnambim.com/css/plugin/font-awesome/font-awesome.min.css" "Mozilla/5.0 (Linux; Android 8.0; Pixel 2 Build/OPD3.170816.012) AppleWebKit/537.36 (KHTML, like Gecko) Chrome/75.0.3765.0 Mobile Safari/537.36"
171.13.14.50 - - [01/Dec/2021:19:05:41 +0700] "GET /img/frontend/preloader.gif HTTP/2.0" 200 97432 "https://vietnambim.com/" "Mozilla/5.0 (Linux; Android 8.0; Pixel 2 Build/OPD3.170816.012) AppleWebKit/537.36 (KHTML, like Gecko) Chrome/75.0.3765.0 Mobile Safari/537.36"
171.13.14.50 - - [01/Dec/2021:19:05:41 +0700] "GET /storage/img/settings/logo/1629259394-logo-imgpsh_fullsize_anim.png HTTP/2.0" 200 22045 "https://vietnambim.com/" "Mozilla/5.0 (Linux; Android 8.0; Pixel 2 Build/OPD3.170816.012) AppleWebKit/537.36 (KHTML, like Gecko) Chrome/75.0.3765.0 Mobile Safari/537.36"
