103.131.71.140 - - [06/Jul/2022:04:05:43 +0700] "GET /robots.txt HTTP/1.0" 404 567 "-" "Mozilla/5.0 (compatible; coccocbot-web/1.0; +http://help.coccoc.com/searchengine)"
103.131.71.163 - - [06/Jul/2022:04:05:54 +0700] "GET /cn/ HTTP/1.0" 200 459 "-" "Mozilla/5.0 (compatible; coccocbot-web/1.0; +http://help.coccoc.com/searchengine)"
13.66.139.0 - - [06/Jul/2022:06:18:35 +0700] "GET /robots.txt HTTP/1.0" 404 567 "-" "Mozilla/5.0 (compatible; bingbot/2.0; +http://www.bing.com/bingbot.htm)"
13.66.139.2 - - [06/Jul/2022:06:18:50 +0700] "GET / HTTP/1.0" 200 456 "-" "Mozilla/5.0 (compatible; bingbot/2.0; +http://www.bing.com/bingbot.htm)"
114.119.152.50 - - [06/Jul/2022:06:54:00 +0700] "GET /robots.txt HTTP/1.0" 404 567 "-" "Mozilla/5.0 (compatible;PetalBot;+https://webmaster.petalsearch.com/site/petalbot)"
118.69.63.231 - - [06/Jul/2022:08:23:10 +0700] "GET /edu HTTP/1.0" 301 703 "-" "Mozilla/5.0 (Windows NT 10.0; Win64; x64) AppleWebKit/537.36 (KHTML, like Gecko) Chrome/103.0.0.0 Safari/537.36"
118.69.63.231 - - [06/Jul/2022:08:23:10 +0700] "GET /edu/ HTTP/1.0" 200 811 "-" "Mozilla/5.0 (Windows NT 10.0; Win64; x64) AppleWebKit/537.36 (KHTML, like Gecko) Chrome/103.0.0.0 Safari/537.36"
139.99.8.123 - - [06/Jul/2022:08:31:52 +0700] "GET /edu/ HTTP/1.0" 200 811 "-" "facebookexternalhit/1.1 (+http://www.facebook.com/externalhit_uatext.php) _zbot"
123.23.137.185 - - [06/Jul/2022:08:44:49 +0700] "GET /img/logos/logo.jpg HTTP/1.0" 200 467 "-" "Mozilla/4.0 (compatible; ms-office; MSOffice rmj)"
123.23.137.185 - - [06/Jul/2022:08:44:49 +0700] "GET /img/logos/logo.jpg HTTP/1.0" 200 467 "-" "Mozilla/4.0 (compatible; ms-office; MSOffice rmj)"
123.23.137.185 - - [06/Jul/2022:08:44:49 +0700] "GET /img/logos/logo.jpg HTTP/1.0" 200 467 "-" "Mozilla/4.0 (compatible; ms-office; MSOffice rmj)"
123.23.137.185 - - [06/Jul/2022:08:44:49 +0700] "GET /img/logos/logo.jpg HTTP/1.0" 200 467 "-" "Mozilla/4.0 (compatible; ms-office; MSOffice rmj)"
123.23.137.185 - - [06/Jul/2022:08:44:49 +0700] "GET /img/logos/logo.jpg HTTP/1.0" 200 467 "-" "Mozilla/4.0 (compatible; ms-office; MSOffice rmj)"
123.23.137.185 - - [06/Jul/2022:08:44:49 +0700] "GET /img/logos/logo.jpg HTTP/1.0" 200 467 "-" "Mozilla/4.0 (compatible; ms-office; MSOffice rmj)"
52.13.24.151 - - [06/Jul/2022:08:47:47 +0700] "GET / HTTP/1.0" 200 456 "-" "Mozilla/5.0 (Windows NT 6.1; Win64; x64) AppleWebKit/537.36 (KHTML, like Gecko) Chrome/72.0.3626.109 Safari/537.36"
14.238.92.38 - - [06/Jul/2022:08:47:55 +0700] "GET /img/logos/logo.jpg HTTP/1.0" 200 467 "-" "Mozilla/4.0 (compatible; ms-office; MSOffice 16)"
14.238.92.38 - - [06/Jul/2022:08:47:55 +0700] "GET /img/logos/logo.jpg HTTP/1.0" 200 467 "-" "Mozilla/4.0 (compatible; ms-office; MSOffice 16)"
14.238.92.38 - - [06/Jul/2022:08:47:55 +0700] "GET /img/logos/logo.jpg HTTP/1.0" 200 467 "-" "Mozilla/4.0 (compatible; ms-office; MSOffice 16)"
14.238.92.38 - - [06/Jul/2022:08:47:55 +0700] "GET /img/logos/logo.jpg HTTP/1.0" 200 467 "-" "Mozilla/4.0 (compatible; ms-office; MSOffice 16)"
14.238.92.38 - - [06/Jul/2022:08:47:55 +0700] "GET /img/logos/logo.jpg HTTP/1.0" 200 467 "-" "Mozilla/4.0 (compatible; ms-office; MSOffice 16)"
14.238.92.38 - - [06/Jul/2022:08:47:55 +0700] "GET /img/logos/logo.jpg HTTP/1.0" 200 467 "-" "Mozilla/4.0 (compatible; ms-office; MSOffice 16)"
14.238.92.38 - - [06/Jul/2022:08:47:55 +0700] "GET /img/logos/logo.jpg HTTP/1.0" 200 467 "-" "Mozilla/4.0 (compatible; ms-office; MSOffice 16)"
34.217.51.196 - - [06/Jul/2022:08:47:55 +0700] "GET / HTTP/1.0" 200 456 "-" "Mozilla/5.0 (Windows NT 6.1; Win64; x64) AppleWebKit/537.36 (KHTML, like Gecko) Chrome/72.0.3626.109 Safari/537.36"
52.206.148.161 - - [06/Jul/2022:08:47:55 +0700] "GET / HTTP/1.0" 200 456 "-" "Mozilla/5.0 (Windows NT 6.1; Win64; x64) AppleWebKit/537.36 (KHTML, like Gecko) Chrome/72.0.3626.109 Safari/537.36"
34.222.232.102 - - [06/Jul/2022:08:48:09 +0700] "GET / HTTP/1.0" 200 456 "-" "Mozilla/5.0 (Windows NT 6.1; Win64; x64) AppleWebKit/537.36 (KHTML, like Gecko) Chrome/72.0.3626.109 Safari/537.36"
14.242.51.85 - - [06/Jul/2022:08:48:14 +0700] "GET /img/logos/logo.jpg HTTP/1.0" 200 467 "-" "Mozilla/4.0 (compatible; ms-office; MSOffice 16)"
14.242.51.85 - - [06/Jul/2022:08:48:14 +0700] "GET /img/logos/logo.jpg HTTP/1.0" 200 467 "-" "Mozilla/4.0 (compatible; ms-office; MSOffice 16)"
14.242.51.85 - - [06/Jul/2022:08:48:14 +0700] "GET /img/logos/logo.jpg HTTP/1.0" 200 467 "-" "Mozilla/4.0 (compatible; ms-office; MSOffice 16)"
14.242.51.85 - - [06/Jul/2022:08:48:14 +0700] "GET /img/logos/logo.jpg HTTP/1.0" 200 467 "-" "Mozilla/4.0 (compatible; ms-office; MSOffice 16)"
14.242.51.85 - - [06/Jul/2022:08:48:14 +0700] "GET /img/logos/logo.jpg HTTP/1.0" 200 467 "-" "Mozilla/4.0 (compatible; ms-office; MSOffice 16)"
14.242.51.85 - - [06/Jul/2022:08:48:14 +0700] "GET /img/logos/logo.jpg HTTP/1.0" 200 467 "-" "Mozilla/4.0 (compatible; ms-office; MSOffice 16)"
14.242.51.85 - - [06/Jul/2022:08:48:14 +0700] "GET /img/logos/logo.jpg HTTP/1.0" 200 467 "-" "Mozilla/4.0 (compatible; ms-office; MSOffice 16)"
54.202.74.228 - - [06/Jul/2022:08:48:20 +0700] "GET / HTTP/1.0" 200 456 "-" "Mozilla/5.0 (Windows NT 6.1; Win64; x64) AppleWebKit/537.36 (KHTML, like Gecko) Chrome/72.0.3626.109 Safari/537.36"
3.85.50.83 - - [06/Jul/2022:08:50:16 +0700] "GET / HTTP/1.0" 200 456 "-" "Mozilla/5.0 (Windows NT 6.1; Win64; x64) AppleWebKit/537.36 (KHTML, like Gecko) Chrome/72.0.3626.109 Safari/537.36"
14.238.92.38 - - [06/Jul/2022:08:52:21 +0700] "GET /img/logos/logo.jpg HTTP/1.0" 200 467 "-" "Mozilla/4.0 (compatible; ms-office; MSOffice 16)"
14.238.92.38 - - [06/Jul/2022:08:52:21 +0700] "GET /img/logos/logo.jpg HTTP/1.0" 200 467 "-" "Mozilla/4.0 (compatible; ms-office; MSOffice 16)"
14.238.92.38 - - [06/Jul/2022:08:52:21 +0700] "GET /img/logos/logo.jpg HTTP/1.0" 200 467 "-" "Mozilla/4.0 (compatible; ms-office; MSOffice 16)"
14.238.92.38 - - [06/Jul/2022:08:52:21 +0700] "GET /img/logos/logo.jpg HTTP/1.0" 200 467 "-" "Mozilla/4.0 (compatible; ms-office; MSOffice 16)"
14.238.92.38 - - [06/Jul/2022:08:52:21 +0700] "GET /img/logos/logo.jpg HTTP/1.0" 200 467 "-" "Mozilla/4.0 (compatible; ms-office; MSOffice 16)"
14.238.92.38 - - [06/Jul/2022:08:52:21 +0700] "GET /img/logos/logo.jpg HTTP/1.0" 200 467 "-" "Mozilla/4.0 (compatible; ms-office; MSOffice 16)"
123.23.137.185 - - [06/Jul/2022:09:03:52 +0700] "GET /img/logos/logo.jpg HTTP/1.0" 200 467 "-" "Mozilla/4.0 (compatible; ms-office; MSOffice 16)"
123.23.137.185 - - [06/Jul/2022:09:03:52 +0700] "GET /img/logos/logo.jpg HTTP/1.0" 200 467 "-" "Mozilla/4.0 (compatible; ms-office; MSOffice 16)"
123.23.137.185 - - [06/Jul/2022:09:03:52 +0700] "GET /img/logos/logo.jpg HTTP/1.0" 200 467 "-" "Mozilla/4.0 (compatible; ms-office; MSOffice 16)"
123.23.137.185 - - [06/Jul/2022:09:03:52 +0700] "GET /img/logos/logo.jpg HTTP/1.0" 200 467 "-" "Mozilla/4.0 (compatible; ms-office; MSOffice 16)"
123.23.137.185 - - [06/Jul/2022:09:03:52 +0700] "GET /img/logos/logo.jpg HTTP/1.0" 200 467 "-" "Mozilla/4.0 (compatible; ms-office; MSOffice 16)"
123.23.137.185 - - [06/Jul/2022:09:03:52 +0700] "GET /img/logos/logo.jpg HTTP/1.0" 200 467 "-" "Mozilla/4.0 (compatible; ms-office; MSOffice 16)"
123.23.137.185 - - [06/Jul/2022:09:03:52 +0700] "GET /img/logos/logo.jpg HTTP/1.0" 200 467 "-" "Mozilla/4.0 (compatible; ms-office; MSOffice 16)"
14.238.101.6 - - [06/Jul/2022:09:06:42 +0700] "GET /img/logos/logo.jpg HTTP/1.0" 200 467 "-" "Mozilla/4.0 (compatible; ms-office; MSOffice 16)"
123.23.137.185 - - [06/Jul/2022:09:06:43 +0700] "GET /img/logos/logo.jpg HTTP/1.0" 200 467 "-" "Mozilla/4.0 (compatible; ms-office; MSOffice 16)"
123.23.137.185 - - [06/Jul/2022:09:06:43 +0700] "GET /img/logos/logo.jpg HTTP/1.0" 200 467 "-" "Mozilla/4.0 (compatible; ms-office; MSOffice 16)"
123.23.137.185 - - [06/Jul/2022:09:06:43 +0700] "GET /img/logos/logo.jpg HTTP/1.0" 200 467 "-" "Mozilla/4.0 (compatible; ms-office; MSOffice 16)"
123.23.137.185 - - [06/Jul/2022:09:06:43 +0700] "GET /img/logos/logo.jpg HTTP/1.0" 200 467 "-" "Mozilla/4.0 (compatible; ms-office; MSOffice 16)"
123.23.137.185 - - [06/Jul/2022:09:06:43 +0700] "GET /img/logos/logo.jpg HTTP/1.0" 200 467 "-" "Mozilla/4.0 (compatible; ms-office; MSOffice 16)"
123.23.137.185 - - [06/Jul/2022:09:06:43 +0700] "GET /img/logos/logo.jpg HTTP/1.0" 200 467 "-" "Mozilla/4.0 (compatible; ms-office; MSOffice 16)"
123.23.137.185 - - [06/Jul/2022:09:06:43 +0700] "GET /img/logos/logo.jpg HTTP/1.0" 200 467 "-" "Mozilla/4.0 (compatible; ms-office; MSOffice 16)"
123.23.137.185 - - [06/Jul/2022:09:06:44 +0700] "GET /img/logos/logo.jpg HTTP/1.0" 200 467 "-" "Mozilla/4.0 (compatible; ms-office; MSOffice 16)"
123.23.137.185 - - [06/Jul/2022:09:06:44 +0700] "GET /img/logos/logo.jpg HTTP/1.0" 200 467 "-" "Mozilla/4.0 (compatible; ms-office; MSOffice 16)"
123.23.137.185 - - [06/Jul/2022:09:06:44 +0700] "GET /img/logos/logo.jpg HTTP/1.0" 200 467 "-" "Mozilla/4.0 (compatible; ms-office; MSOffice 16)"
123.23.137.185 - - [06/Jul/2022:09:06:44 +0700] "GET /img/logos/logo.jpg HTTP/1.0" 200 467 "-" "Mozilla/4.0 (compatible; ms-office; MSOffice 16)"
123.23.137.185 - - [06/Jul/2022:09:06:44 +0700] "GET /img/logos/logo.jpg HTTP/1.0" 200 467 "-" "Mozilla/4.0 (compatible; ms-office; MSOffice 16)"
123.23.137.185 - - [06/Jul/2022:09:06:44 +0700] "GET /img/logos/logo.jpg HTTP/1.0" 200 467 "-" "Mozilla/4.0 (compatible; ms-office; MSOffice 16)"
123.23.137.185 - - [06/Jul/2022:09:06:45 +0700] "GET /img/logos/logo.jpg HTTP/1.0" 200 467 "-" "Mozilla/4.0 (compatible; ms-office; MSOffice 16)"
123.23.137.185 - - [06/Jul/2022:09:06:45 +0700] "GET /img/logos/logo.jpg HTTP/1.0" 200 467 "-" "Mozilla/4.0 (compatible; ms-office; MSOffice 16)"
123.23.137.185 - - [06/Jul/2022:09:06:45 +0700] "GET /img/logos/logo.jpg HTTP/1.0" 200 467 "-" "Mozilla/4.0 (compatible; ms-office; MSOffice 16)"
123.23.137.185 - - [06/Jul/2022:09:06:45 +0700] "GET /img/logos/logo.jpg HTTP/1.0" 200 467 "-" "Mozilla/4.0 (compatible; ms-office; MSOffice 16)"
123.23.137.185 - - [06/Jul/2022:09:06:45 +0700] "GET /img/logos/logo.jpg HTTP/1.0" 200 467 "-" "Mozilla/4.0 (compatible; ms-office; MSOffice 16)"
123.23.137.185 - - [06/Jul/2022:09:06:45 +0700] "GET /img/logos/logo.jpg HTTP/1.0" 200 467 "-" "Mozilla/4.0 (compatible; ms-office; MSOffice 16)"
123.23.137.185 - - [06/Jul/2022:09:06:45 +0700] "GET /img/logos/logo.jpg HTTP/1.0" 200 467 "-" "Mozilla/4.0 (compatible; ms-office; MSOffice 16)"
14.238.101.6 - - [06/Jul/2022:09:07:38 +0700] "GET /img/logos/logo.jpg HTTP/1.0" 200 467 "-" "Mozilla/4.0 (compatible; ms-office; MSOffice 16)"
14.238.101.6 - - [06/Jul/2022:09:07:47 +0700] "GET /img/logos/logo.jpg HTTP/1.0" 200 467 "-" "Mozilla/4.0 (compatible; ms-office; MSOffice 16)"
14.238.101.6 - - [06/Jul/2022:09:08:08 +0700] "GET /img/logos/logo.jpg HTTP/1.0" 200 467 "-" "Mozilla/4.0 (compatible; ms-office; MSOffice 16)"
74.125.209.74 - - [06/Jul/2022:09:08:47 +0700] "GET /img/logos/logo.jpg HTTP/1.0" 200 467 "-" "Mozilla/5.0 (Windows NT 5.1; rv:11.0) Gecko Firefox/11.0 (via ggpht.com GoogleImageProxy)"
35.86.151.217 - - [06/Jul/2022:09:13:43 +0700] "GET / HTTP/1.0" 200 456 "-" "Mozilla/5.0 (Windows NT 6.1; Win64; x64) AppleWebKit/537.36 (KHTML, like Gecko) Chrome/72.0.3626.109 Safari/537.36"
104.28.119.144 - - [06/Jul/2022:09:32:31 +0700] "GET /img/logos/logo.jpg HTTP/1.0" 200 467 "-" "Mozilla/5.0"
113.160.198.88 - - [06/Jul/2022:09:33:08 +0700] "GET /img/logos/logo.jpg HTTP/1.0" 200 467 "http://webmail.sskep.com/Mail/Message/Main.aspx?lcid=1066" "Mozilla/5.0 (Windows NT 10.0; WOW64; Trident/7.0; rv:11.0) like Gecko"
171.255.70.194 - - [06/Jul/2022:09:33:54 +0700] "GET /software/enjiCAD2021_x64.exe HTTP/1.0" 200 491 "https://www.consoft.vn/" "Mozilla/5.0 (Linux; Android 11; SM-A025F) AppleWebKit/537.36 (KHTML, like Gecko) Chrome/103.0.0.0 Mobile Safari/537.36"
171.255.70.194 - - [06/Jul/2022:09:33:54 +0700] "GET /software/enjiCAD2021_x64.exe HTTP/1.0" 200 491 "https://www.consoft.vn/" "Mozilla/5.0 (Linux; Android 11; SM-A025F) AppleWebKit/537.36 (KHTML, like Gecko) Chrome/103.0.0.0 Mobile Safari/537.36"
171.255.70.194 - - [06/Jul/2022:09:33:54 +0700] "GET /software/enjiCAD2021_x64.exe HTTP/1.0" 200 491 "https://www.consoft.vn/" "Mozilla/5.0 (Linux; Android 11; SM-A025F) AppleWebKit/537.36 (KHTML, like Gecko) Chrome/103.0.0.0 Mobile Safari/537.36"
123.23.137.185 - - [06/Jul/2022:09:36:10 +0700] "GET /img/logos/logo.jpg HTTP/1.0" 200 467 "-" "Mozilla/4.0 (compatible; ms-office; MSOffice 16)"
123.23.137.185 - - [06/Jul/2022:09:36:10 +0700] "GET /img/logos/logo.jpg HTTP/1.0" 200 467 "-" "Mozilla/4.0 (compatible; ms-office; MSOffice 16)"
123.23.137.185 - - [06/Jul/2022:09:36:10 +0700] "GET /img/logos/logo.jpg HTTP/1.0" 200 467 "-" "Mozilla/4.0 (compatible; ms-office; MSOffice 16)"
123.23.137.185 - - [06/Jul/2022:09:36:10 +0700] "GET /img/logos/logo.jpg HTTP/1.0" 200 467 "-" "Mozilla/4.0 (compatible; ms-office; MSOffice 16)"
123.23.137.185 - - [06/Jul/2022:09:36:10 +0700] "GET /img/logos/logo.jpg HTTP/1.0" 200 467 "-" "Mozilla/4.0 (compatible; ms-office; MSOffice 16)"
123.23.137.185 - - [06/Jul/2022:09:36:10 +0700] "GET /img/logos/logo.jpg HTTP/1.0" 200 467 "-" "Mozilla/4.0 (compatible; ms-office; MSOffice 16)"
74.125.209.90 - - [06/Jul/2022:09:48:12 +0700] "GET /img/logos/logo.jpg HTTP/1.0" 200 1849 "-" "Mozilla/5.0 (Windows NT 5.1; rv:11.0) Gecko Firefox/11.0 (via ggpht.com GoogleImageProxy)"
123.25.21.157 - - [06/Jul/2022:09:59:59 +0700] "GET /img/logos/logo.jpg HTTP/1.0" 200 467 "-" "Mozilla/5.0 (Macintosh; Intel Mac OS X 10_15_7) AppleWebKit/605.1.15 (KHTML, like Gecko)"
14.241.133.203 - - [06/Jul/2022:10:00:33 +0700] "GET / HTTP/1.0" 200 456 "-" "Mozilla/5.0 (Windows NT 10.0; Win64; x64) AppleWebKit/537.36 (KHTML, like Gecko) Chrome/103.0.0.0 Safari/537.36"
123.25.21.157 - - [06/Jul/2022:10:00:37 +0700] "GET /img/logos/logo.jpg HTTP/1.0" 200 467 "-" "Mozilla/5.0 (Macintosh; Intel Mac OS X 10_15_7) AppleWebKit/605.1.15 (KHTML, like Gecko)"
123.25.21.157 - - [06/Jul/2022:10:00:47 +0700] "GET /img/logos/logo.jpg HTTP/1.0" 200 467 "-" "Mozilla/5.0 (Macintosh; Intel Mac OS X 10_15_7) AppleWebKit/605.1.15 (KHTML, like Gecko)"
14.238.92.38 - - [06/Jul/2022:10:14:04 +0700] "GET /img/logos/logo.jpg HTTP/1.0" 200 467 "-" "Mozilla/4.0 (compatible; ms-office; MSOffice 16)"
14.238.92.38 - - [06/Jul/2022:10:14:04 +0700] "GET /img/logos/logo.jpg HTTP/1.0" 200 467 "-" "Mozilla/4.0 (compatible; ms-office; MSOffice 16)"
14.238.92.38 - - [06/Jul/2022:10:14:04 +0700] "GET /img/logos/logo.jpg HTTP/1.0" 200 467 "-" "Mozilla/4.0 (compatible; ms-office; MSOffice 16)"
14.238.92.38 - - [06/Jul/2022:10:14:04 +0700] "GET /img/logos/logo.jpg HTTP/1.0" 200 467 "-" "Mozilla/4.0 (compatible; ms-office; MSOffice 16)"
14.238.92.38 - - [06/Jul/2022:10:14:04 +0700] "GET /img/logos/logo.jpg HTTP/1.0" 200 467 "-" "Mozilla/4.0 (compatible; ms-office; MSOffice 16)"
14.238.92.38 - - [06/Jul/2022:10:14:04 +0700] "GET /img/logos/logo.jpg HTTP/1.0" 200 467 "-" "Mozilla/4.0 (compatible; ms-office; MSOffice 16)"
74.125.209.72 - - [06/Jul/2022:11:36:31 +0700] "GET /img/logos/logo.jpg HTTP/1.0" 200 467 "-" "Mozilla/5.0 (Windows NT 5.1; rv:11.0) Gecko Firefox/11.0 (via ggpht.com GoogleImageProxy)"
123.23.137.185 - - [06/Jul/2022:11:37:09 +0700] "GET /img/logos/logo.jpg HTTP/1.0" 200 467 "-" "Mozilla/4.0 (compatible; ms-office; MSOffice 16)"
123.23.137.185 - - [06/Jul/2022:11:37:09 +0700] "GET /img/logos/logo.jpg HTTP/1.0" 200 467 "-" "Mozilla/4.0 (compatible; ms-office; MSOffice 16)"
123.23.137.185 - - [06/Jul/2022:11:37:09 +0700] "GET /img/logos/logo.jpg HTTP/1.0" 200 467 "-" "Mozilla/4.0 (compatible; ms-office; MSOffice 16)"
123.23.137.185 - - [06/Jul/2022:11:37:09 +0700] "GET /img/logos/logo.jpg HTTP/1.0" 200 467 "-" "Mozilla/4.0 (compatible; ms-office; MSOffice 16)"
123.23.137.185 - - [06/Jul/2022:11:37:09 +0700] "GET /img/logos/logo.jpg HTTP/1.0" 200 467 "-" "Mozilla/4.0 (compatible; ms-office; MSOffice 16)"
123.23.137.185 - - [06/Jul/2022:11:37:09 +0700] "GET /img/logos/logo.jpg HTTP/1.0" 200 467 "-" "Mozilla/4.0 (compatible; ms-office; MSOffice 16)"
123.25.21.157 - - [06/Jul/2022:11:45:58 +0700] "GET /img/logos/logo.jpg HTTP/1.0" 200 467 "-" "Mozilla/5.0 (Macintosh; Intel Mac OS X 10_15_7) AppleWebKit/605.1.15 (KHTML, like Gecko)"
120.41.45.194 - - [06/Jul/2022:11:53:46 +0700] "GET / HTTP/1.0" 200 456 "http://enjicad.vn" "Mozilla/5.0 (compatible; ThinkChaos/0.3.0; +In_the_test_phase,_if_the_ThinkChaos_brings_you_trouble,_please_add_disallow._Thank_you.)"
120.41.45.194 - - [06/Jul/2022:11:53:46 +0700] "GET / HTTP/1.0" 200 456 "http://www.enjicad.vn" "Mozilla/5.0 (compatible; ThinkChaos/0.3.0; +In_the_test_phase,_if_the_ThinkChaos_brings_you_trouble,_please_add_disallow._Thank_you.)"
171.244.214.236 - - [06/Jul/2022:11:57:41 +0700] "GET /img/tab1.png HTTP/1.0" 200 460 "-" "-"
103.131.71.128 - - [06/Jul/2022:12:56:15 +0700] "GET /robots.txt HTTP/1.0" 404 567 "-" "Mozilla/5.0 (compatible; coccocbot-web/1.0; +http://help.coccoc.com/searchengine)"
103.131.71.103 - - [06/Jul/2022:12:56:25 +0700] "GET / HTTP/1.0" 200 456 "-" "Mozilla/5.0 (compatible; coccocbot-web/1.0; +http://help.coccoc.com/searchengine)"
113.160.198.88 - - [06/Jul/2022:13:51:47 +0700] "GET /img/logos/logo.jpg HTTP/1.0" 200 467 "http://webmail.sskep.com/Mail/Message/Main.aspx?lcid=1033" "Mozilla/5.0 (Windows NT 6.1; WOW64; Trident/7.0; rv:11.0) like Gecko"
74.125.150.91 - - [06/Jul/2022:14:42:41 +0700] "GET /img/logos/logo.jpg HTTP/1.0" 200 467 "http://mail.google.com/" "Mozilla/5.0 (Windows NT 10.0; Win64; x64) AppleWebKit/537.36 (KHTML, like Gecko) Chrome/42.0.2311.135 Safari/537.36 Edge/12.246 Mozilla/5.0"
123.25.21.157 - - [06/Jul/2022:14:47:18 +0700] "GET /img/logos/logo.jpg HTTP/1.0" 200 467 "-" "Mozilla/5.0 (Macintosh; Intel Mac OS X 10_15_7) AppleWebKit/605.1.15 (KHTML, like Gecko)"
123.25.21.157 - - [06/Jul/2022:14:47:20 +0700] "GET /img/logos/logo.jpg HTTP/1.0" 200 467 "-" "Mozilla/5.0 (Macintosh; Intel Mac OS X) Outlook/0.0.0"
123.25.21.157 - - [06/Jul/2022:14:47:20 +0700] "GET /img/logos/logo.jpg HTTP/1.0" 200 467 "-" "Mozilla/4.0 (compatible; ms-office; MSOffice rmj)"
123.25.21.157 - - [06/Jul/2022:14:47:20 +0700] "GET /img/logos/logo.jpg HTTP/1.0" 200 467 "-" "Mozilla/4.0 (compatible; ms-office; MSOffice rmj)"
123.25.21.157 - - [06/Jul/2022:14:50:34 +0700] "GET /img/logos/logo.jpg HTTP/1.0" 200 467 "-" "Mozilla/4.0 (compatible; ms-office; MSOffice 16)"
123.25.21.157 - - [06/Jul/2022:14:50:34 +0700] "GET /img/logos/logo.jpg HTTP/1.0" 200 467 "-" "Mozilla/4.0 (compatible; ms-office; MSOffice 16)"
123.25.21.157 - - [06/Jul/2022:14:50:34 +0700] "GET /img/logos/logo.jpg HTTP/1.0" 200 467 "-" "Mozilla/4.0 (compatible; ms-office; MSOffice 16)"
123.25.21.157 - - [06/Jul/2022:14:53:28 +0700] "GET /img/logos/logo.jpg HTTP/1.0" 200 467 "-" "Mozilla/5.0 (Macintosh; Intel Mac OS X 10_15_7) AppleWebKit/605.1.15 (KHTML, like Gecko)"
34.223.243.76 - - [06/Jul/2022:14:57:15 +0700] "GET / HTTP/1.0" 200 456 "-" "Mozilla/5.0 (Windows NT 6.1; Win64; x64) AppleWebKit/537.36 (KHTML, like Gecko) Chrome/72.0.3626.109 Safari/537.36"
34.215.251.106 - - [06/Jul/2022:14:57:15 +0700] "GET / HTTP/1.0" 200 456 "-" "Mozilla/5.0 (Windows NT 6.1; Win64; x64) AppleWebKit/537.36 (KHTML, like Gecko) Chrome/72.0.3626.109 Safari/537.36"
74.125.150.91 - - [06/Jul/2022:14:57:15 +0700] "GET /img/logos/logo.jpg HTTP/1.0" 200 467 "http://mail.google.com/" "Mozilla/5.0 (Windows NT 10.0; Win64; x64) AppleWebKit/537.36 (KHTML, like Gecko) Chrome/42.0.2311.135 Safari/537.36 Edge/12.246 Mozilla/5.0"
34.217.6.181 - - [06/Jul/2022:14:57:26 +0700] "GET / HTTP/1.0" 200 456 "-" "Mozilla/5.0 (Windows NT 6.1; Win64; x64) AppleWebKit/537.36 (KHTML, like Gecko) Chrome/72.0.3626.109 Safari/537.36"
35.86.96.66 - - [06/Jul/2022:14:57:27 +0700] "GET / HTTP/1.0" 200 456 "-" "Mozilla/5.0 (Windows NT 6.1; Win64; x64) AppleWebKit/537.36 (KHTML, like Gecko) Chrome/72.0.3626.109 Safari/537.36"
40.94.226.67 - - [06/Jul/2022:14:57:36 +0700] "GET / HTTP/1.0" 200 456 "-" "Mozilla/5.0 (Windows NT 10.0; Win64; x64) AppleWebKit/537.36 (KHTML, like Gecko) Chrome/98.0.4758.87 Safari/537.36"
34.215.164.42 - - [06/Jul/2022:14:57:38 +0700] "GET / HTTP/1.0" 200 456 "-" "Mozilla/5.0 (Windows NT 6.1; Win64; x64) AppleWebKit/537.36 (KHTML, like Gecko) Chrome/72.0.3626.109 Safari/537.36"
35.166.36.40 - - [06/Jul/2022:14:57:40 +0700] "GET / HTTP/1.0" 200 456 "-" "Mozilla/5.0 (Windows NT 6.1; Win64; x64) AppleWebKit/537.36 (KHTML, like Gecko) Chrome/72.0.3626.109 Safari/537.36"
35.86.96.148 - - [06/Jul/2022:14:57:49 +0700] "GET / HTTP/1.0" 200 456 "-" "Mozilla/5.0 (Windows NT 6.1; Win64; x64) AppleWebKit/537.36 (KHTML, like Gecko) Chrome/72.0.3626.109 Safari/537.36"
54.184.212.148 - - [06/Jul/2022:14:57:51 +0700] "GET / HTTP/1.0" 200 456 "-" "Mozilla/5.0 (Windows NT 6.1; Win64; x64) AppleWebKit/537.36 (KHTML, like Gecko) Chrome/72.0.3626.109 Safari/537.36"
54.203.235.154 - - [06/Jul/2022:15:06:27 +0700] "GET / HTTP/1.0" 200 456 "-" "Mozilla/5.0 (Windows NT 6.1; Win64; x64) AppleWebKit/537.36 (KHTML, like Gecko) Chrome/72.0.3626.109 Safari/537.36"
171.249.161.10 - - [06/Jul/2022:15:10:14 +0700] "GET /img/logos/logo.jpg HTTP/1.0" 200 467 "-" "Mozilla/4.0 (compatible; ms-office; MSOffice 16)"
171.249.161.10 - - [06/Jul/2022:15:10:14 +0700] "GET /img/logos/logo.jpg HTTP/1.0" 200 467 "-" "Mozilla/4.0 (compatible; ms-office; MSOffice 16)"
171.249.161.10 - - [06/Jul/2022:15:10:14 +0700] "GET /img/logos/logo.jpg HTTP/1.0" 200 467 "-" "Mozilla/4.0 (compatible; ms-office; MSOffice 16)"
171.249.161.10 - - [06/Jul/2022:15:10:16 +0700] "GET /img/logos/logo.jpg HTTP/1.0" 200 467 "-" "Mozilla/4.0 (compatible; ms-office; MSOffice 16)"
171.249.161.10 - - [06/Jul/2022:15:10:16 +0700] "GET /img/logos/logo.jpg HTTP/1.0" 200 467 "-" "Mozilla/4.0 (compatible; ms-office; MSOffice 16)"
123.25.21.157 - - [06/Jul/2022:15:13:08 +0700] "GET /img/logos/logo.jpg HTTP/1.0" 200 467 "-" "Mozilla/5.0 (Macintosh; Intel Mac OS X 10_15_7) AppleWebKit/605.1.15 (KHTML, like Gecko)"
123.25.21.157 - - [06/Jul/2022:15:19:00 +0700] "GET /img/logos/logo.jpg HTTP/1.0" 200 467 "-" "Mozilla/5.0 (Macintosh; Intel Mac OS X 10_15_7) AppleWebKit/605.1.15 (KHTML, like Gecko)"
14.161.27.31 - - [06/Jul/2022:15:20:19 +0700] "GET /software/enjiCAD2022_x64.exe HTTP/1.0" 200 491 "-" "Mozilla/5.0 (Windows NT 10.0; Win64; x64) AppleWebKit/537.36 (KHTML, like Gecko) Chrome/103.0.5060.66 Safari/537.36 Edg/103.0.1264.44"
171.249.161.10 - - [06/Jul/2022:15:24:38 +0700] "GET /img/logos/logo.jpg HTTP/1.0" 200 1849 "-" "Mozilla/4.0 (compatible; ms-office; MSOffice 16)"
171.249.161.10 - - [06/Jul/2022:15:24:38 +0700] "GET /img/logos/logo.jpg HTTP/1.0" 200 467 "-" "Mozilla/4.0 (compatible; ms-office; MSOffice 16)"
171.249.161.10 - - [06/Jul/2022:15:24:38 +0700] "GET /img/logos/logo.jpg HTTP/1.0" 200 467 "-" "Mozilla/4.0 (compatible; ms-office; MSOffice 16)"
171.249.161.10 - - [06/Jul/2022:15:24:38 +0700] "GET /img/logos/logo.jpg HTTP/1.0" 200 467 "-" "Mozilla/4.0 (compatible; ms-office; MSOffice 16)"
171.249.161.10 - - [06/Jul/2022:15:24:38 +0700] "GET /img/logos/logo.jpg HTTP/1.0" 200 467 "-" "Mozilla/4.0 (compatible; ms-office; MSOffice 16)"
171.249.161.10 - - [06/Jul/2022:15:24:38 +0700] "GET /img/logos/logo.jpg HTTP/1.0" 200 467 "-" "Mozilla/4.0 (compatible; ms-office; MSOffice 16)"
123.25.21.157 - - [06/Jul/2022:15:31:28 +0700] "GET /img/logos/logo.jpg HTTP/1.0" 200 467 "-" "Mozilla/5.0 (Macintosh; Intel Mac OS X 10_15_7) AppleWebKit/605.1.15 (KHTML, like Gecko)"
113.161.144.56 - - [06/Jul/2022:15:36:39 +0700] "GET / HTTP/1.0" 200 456 "https://search.yahoo.com/" "Mozilla/5.0 (Windows NT 10.0; Win64; x64) AppleWebKit/537.36 (KHTML, like Gecko) Chrome/103.0.0.0 Safari/537.36"
74.125.209.72 - - [06/Jul/2022:15:44:17 +0700] "GET /img/logos/logo.jpg HTTP/1.0" 200 467 "-" "Mozilla/5.0 (Windows NT 5.1; rv:11.0) Gecko Firefox/11.0 (via ggpht.com GoogleImageProxy)"
113.176.62.225 - - [06/Jul/2022:16:14:11 +0700] "GET /img/logos/logo.jpg HTTP/1.0" 200 467 "-" "Mozilla/4.0 (compatible; ms-office; MSOffice 16)"
113.176.62.225 - - [06/Jul/2022:16:14:12 +0700] "GET /img/logos/logo.jpg HTTP/1.0" 200 467 "-" "Mozilla/4.0 (compatible; ms-office; MSOffice 16)"
203.210.235.82 - - [06/Jul/2022:16:16:09 +0700] "GET /img/logos/logo.jpg HTTP/1.0" 200 467 "-" "Mozilla/4.0 (compatible; ms-office; MSOffice 16)"
123.25.21.157 - - [06/Jul/2022:16:35:38 +0700] "GET /img/logos/logo.jpg HTTP/1.0" 200 467 "-" "Mozilla/5.0 (Macintosh; Intel Mac OS X 10_15_7) AppleWebKit/605.1.15 (KHTML, like Gecko)"
123.25.21.157 - - [06/Jul/2022:16:35:41 +0700] "GET /img/logos/logo.jpg HTTP/1.0" 200 467 "-" "Mozilla/4.0 (compatible; ms-office; MSOffice rmj)"
123.25.21.157 - - [06/Jul/2022:16:35:41 +0700] "GET /img/logos/logo.jpg HTTP/1.0" 200 467 "-" "Mozilla/4.0 (compatible; ms-office; MSOffice rmj)"
123.25.21.157 - - [06/Jul/2022:16:35:41 +0700] "GET /img/logos/logo.jpg HTTP/1.0" 200 467 "-" "Mozilla/4.0 (compatible; ms-office; MSOffice rmj)"
123.25.21.157 - - [06/Jul/2022:16:36:20 +0700] "GET /img/logos/logo.jpg HTTP/1.0" 200 467 "-" "Mozilla/5.0 (Macintosh; Intel Mac OS X 10_15_7) AppleWebKit/605.1.15 (KHTML, like Gecko)"
103.131.71.126 - - [06/Jul/2022:16:40:37 +0700] "GET /robots.txt HTTP/1.0" 404 567 "-" "Mozilla/5.0 (compatible; coccocbot-web/1.0; +http://help.coccoc.com/searchengine)"
103.131.71.151 - - [06/Jul/2022:16:40:47 +0700] "GET /software/DataSheet_enjiCAD.pdf HTTP/1.0" 200 484 "-" "Mozilla/5.0 (compatible; coccocbot-web/1.0; +http://help.coccoc.com/searchengine)"
123.25.21.157 - - [06/Jul/2022:16:47:37 +0700] "GET /img/logos/logo.jpg HTTP/1.0" 200 467 "-" "Mozilla/4.0 (compatible; ms-office; MSOffice 16)"
123.25.21.157 - - [06/Jul/2022:16:47:38 +0700] "GET /img/logos/logo.jpg HTTP/1.0" 200 467 "-" "Mozilla/4.0 (compatible; ms-office; MSOffice 16)"
123.25.21.157 - - [06/Jul/2022:16:47:38 +0700] "GET /img/logos/logo.jpg HTTP/1.0" 200 467 "-" "Mozilla/4.0 (compatible; ms-office; MSOffice 16)"
123.25.21.157 - - [06/Jul/2022:16:47:38 +0700] "GET /img/logos/logo.jpg HTTP/1.0" 200 467 "-" "Mozilla/4.0 (compatible; ms-office; MSOffice 16)"
123.25.21.157 - - [06/Jul/2022:16:47:38 +0700] "GET /img/logos/logo.jpg HTTP/1.0" 200 467 "-" "Mozilla/4.0 (compatible; ms-office; MSOffice 16)"
123.25.21.157 - - [06/Jul/2022:16:47:38 +0700] "GET /img/logos/logo.jpg HTTP/1.0" 200 467 "-" "Mozilla/4.0 (compatible; ms-office; MSOffice 16)"
139.99.8.123 - - [06/Jul/2022:16:54:28 +0700] "GET /software/enjiCAD2022_x86.exe HTTP/1.0" 200 491 "-" "facebookexternalhit/1.1 (+http://www.facebook.com/externalhit_uatext.php) _zbot"
123.25.21.157 - - [06/Jul/2022:17:03:59 +0700] "GET /img/logos/logo.jpg HTTP/1.0" 200 467 "-" "Mozilla/5.0 (Macintosh; Intel Mac OS X 10_15_7) AppleWebKit/605.1.15 (KHTML, like Gecko)"
123.25.21.157 - - [06/Jul/2022:17:04:05 +0700] "GET /img/logos/logo.jpg HTTP/1.0" 200 467 "-" "Mozilla/5.0 (Macintosh; Intel Mac OS X 10_15_7) AppleWebKit/605.1.15 (KHTML, like Gecko)"
123.25.21.157 - - [06/Jul/2022:17:24:29 +0700] "GET /img/logos/logo.jpg HTTP/1.0" 200 467 "-" "Mozilla/5.0 (Macintosh; Intel Mac OS X 10_15_7) AppleWebKit/605.1.15 (KHTML, like Gecko)"
74.125.209.74 - - [06/Jul/2022:17:25:58 +0700] "GET /img/logos/logo.jpg HTTP/1.0" 200 467 "-" "Mozilla/5.0 (Windows NT 5.1; rv:11.0) Gecko Firefox/11.0 (via ggpht.com GoogleImageProxy)"
14.238.92.38 - - [06/Jul/2022:17:27:22 +0700] "GET /img/logos/logo.jpg HTTP/1.0" 200 467 "-" "Mozilla/4.0 (compatible; ms-office; MSOffice 16)"
14.238.92.38 - - [06/Jul/2022:17:27:22 +0700] "GET /img/logos/logo.jpg HTTP/1.0" 200 467 "-" "Mozilla/4.0 (compatible; ms-office; MSOffice 16)"
14.238.92.38 - - [06/Jul/2022:17:27:22 +0700] "GET /img/logos/logo.jpg HTTP/1.0" 200 467 "-" "Mozilla/4.0 (compatible; ms-office; MSOffice 16)"
14.238.92.38 - - [06/Jul/2022:17:27:22 +0700] "GET /img/logos/logo.jpg HTTP/1.0" 200 467 "-" "Mozilla/4.0 (compatible; ms-office; MSOffice 16)"
14.238.92.38 - - [06/Jul/2022:17:27:22 +0700] "GET /img/logos/logo.jpg HTTP/1.0" 200 467 "-" "Mozilla/4.0 (compatible; ms-office; MSOffice 16)"
14.238.92.38 - - [06/Jul/2022:17:27:22 +0700] "GET /img/logos/logo.jpg HTTP/1.0" 200 467 "-" "Mozilla/4.0 (compatible; ms-office; MSOffice 16)"
14.238.92.38 - - [06/Jul/2022:17:29:22 +0700] "GET /img/logos/logo.jpg HTTP/1.0" 200 467 "-" "Mozilla/4.0 (compatible; ms-office; MSOffice 16)"
14.238.92.38 - - [06/Jul/2022:17:29:22 +0700] "GET /img/logos/logo.jpg HTTP/1.0" 200 467 "-" "Mozilla/4.0 (compatible; ms-office; MSOffice 16)"
14.238.92.38 - - [06/Jul/2022:17:29:22 +0700] "GET /img/logos/logo.jpg HTTP/1.0" 200 467 "-" "Mozilla/4.0 (compatible; ms-office; MSOffice 16)"
14.238.92.38 - - [06/Jul/2022:17:29:22 +0700] "GET /img/logos/logo.jpg HTTP/1.0" 200 467 "-" "Mozilla/4.0 (compatible; ms-office; MSOffice 16)"
14.238.92.38 - - [06/Jul/2022:17:29:22 +0700] "GET /img/logos/logo.jpg HTTP/1.0" 200 467 "-" "Mozilla/4.0 (compatible; ms-office; MSOffice 16)"
123.25.21.157 - - [06/Jul/2022:17:33:36 +0700] "GET /img/logos/logo.jpg HTTP/1.0" 200 467 "-" "Mozilla/5.0 (Macintosh; Intel Mac OS X 10_15_7) AppleWebKit/605.1.15 (KHTML, like Gecko)"
123.25.21.157 - - [06/Jul/2022:17:33:55 +0700] "GET /img/logos/logo.jpg HTTP/1.0" 200 467 "-" "Mozilla/5.0 (Macintosh; Intel Mac OS X 10_15_7) AppleWebKit/605.1.15 (KHTML, like Gecko)"
103.131.71.233 - - [06/Jul/2022:18:03:30 +0700] "GET /robots.txt HTTP/1.0" 404 567 "-" "Mozilla/5.0 (compatible; coccocbot-web/1.0; +http://help.coccoc.com/searchengine)"
103.131.71.225 - - [06/Jul/2022:18:03:40 +0700] "GET /cn HTTP/1.0" 301 701 "-" "Mozilla/5.0 (compatible; coccocbot-web/1.0; +http://help.coccoc.com/searchengine)"
103.131.71.135 - - [06/Jul/2022:18:04:10 +0700] "GET /cn/ HTTP/1.0" 200 459 "-" "Mozilla/5.0 (compatible; coccocbot-web/1.0; +http://help.coccoc.com/searchengine)"
1.55.195.28 - - [06/Jul/2022:19:48:11 +0700] "GET /edu HTTP/1.0" 301 703 "-" "ZaloPC-win32-24v470"
1.55.195.28 - - [06/Jul/2022:19:48:11 +0700] "GET /edu/ HTTP/1.0" 200 885 "-" "ZaloPC-win32-24v470"
14.174.92.198 - - [06/Jul/2022:20:59:39 +0700] "GET / HTTP/1.0" 200 456 "https://l.facebook.com/" "Mozilla/5.0 (Windows NT 6.1) AppleWebKit/537.36 (KHTML, like Gecko) Chrome/99.0.4844.84 Safari/537.36 OPR/85.0.4341.47"
104.211.53.152 - - [06/Jul/2022:22:22:14 +0700] "GET /software/enjiCAD2022_x64.exe HTTP/1.0" 200 491 "-" "-"
13.66.139.6 - - [07/Jul/2022:02:25:14 +0700] "GET /robots.txt HTTP/1.0" 404 567 "-" "Mozilla/5.0 (compatible; bingbot/2.0; +http://www.bing.com/bingbot.htm)"
13.66.139.2 - - [07/Jul/2022:02:25:34 +0700] "GET / HTTP/1.0" 200 456 "-" "Mozilla/5.0 (compatible; bingbot/2.0; +http://www.bing.com/bingbot.htm)"
114.119.148.197 - - [07/Jul/2022:02:36:06 +0700] "GET /robots.txt HTTP/1.0" 404 567 "-" "Mozilla/5.0 (compatible;PetalBot;+https://webmaster.petalsearch.com/site/petalbot)"
66.249.79.77 - - [07/Jul/2022:03:27:24 +0700] "GET /robots.txt HTTP/1.0" 404 567 "-" "Mozilla/5.0 (compatible; Googlebot/2.1; +http://www.google.com/bot.html)"
66.249.79.83 - - [07/Jul/2022:03:27:25 +0700] "GET / HTTP/1.0" 200 456 "-" "Mozilla/5.0 (Linux; Android 6.0.1; Nexus 5X Build/MMB29P) AppleWebKit/537.36 (KHTML, like Gecko) Chrome/103.0.5060.114 Mobile Safari/537.36 (compatible; Googlebot/2.1; +http://www.google.com/bot.html)"
193.123.115.104 - - [06/Jul/2022:03:58:21 +0700] "GET /.env HTTP/1.1" 403 146 "-" "Mozilla/5.0 (Macintosh; Intel Mac OS X 10.15; rv:77.0) Gecko/20100101 Firefox/77.0"
103.131.71.163 - - [06/Jul/2022:04:05:54 +0700] "GET /cn/ HTTP/1.1" 200 33910 "-" "Mozilla/5.0 (compatible; coccocbot-web/1.0; +http://help.coccoc.com/searchengine)"
193.123.115.104 - - [06/Jul/2022:04:43:19 +0700] "GET /.env HTTP/1.1" 403 146 "-" "Mozilla/5.0 (Macintosh; Intel Mac OS X 10.15; rv:77.0) Gecko/20100101 Firefox/77.0"
13.66.139.2 - - [06/Jul/2022:06:18:50 +0700] "GET / HTTP/2.0" 200 42034 "-" "Mozilla/5.0 (compatible; bingbot/2.0; +http://www.bing.com/bingbot.htm)"
123.23.137.185 - - [06/Jul/2022:08:44:49 +0700] "GET /img/logos/logo.jpg HTTP/1.1" 200 7006 "-" "Mozilla/4.0 (compatible; ms-office; MSOffice rmj)"
123.23.137.185 - - [06/Jul/2022:08:44:49 +0700] "GET /img/logos/logo.jpg HTTP/1.1" 200 7006 "-" "Mozilla/4.0 (compatible; ms-office; MSOffice rmj)"
123.23.137.185 - - [06/Jul/2022:08:44:49 +0700] "GET /img/logos/logo.jpg HTTP/1.1" 200 7006 "-" "Mozilla/4.0 (compatible; ms-office; MSOffice rmj)"
123.23.137.185 - - [06/Jul/2022:08:44:49 +0700] "GET /img/logos/logo.jpg HTTP/1.1" 200 7006 "-" "Mozilla/4.0 (compatible; ms-office; MSOffice rmj)"
123.23.137.185 - - [06/Jul/2022:08:44:49 +0700] "GET /img/logos/logo.jpg HTTP/1.1" 200 7006 "-" "Mozilla/4.0 (compatible; ms-office; MSOffice rmj)"
123.23.137.185 - - [06/Jul/2022:08:44:49 +0700] "GET /img/logos/logo.jpg HTTP/1.1" 200 7006 "-" "Mozilla/4.0 (compatible; ms-office; MSOffice rmj)"
52.13.24.151 - - [06/Jul/2022:08:47:47 +0700] "GET / HTTP/1.1" 200 293493 "-" "Mozilla/5.0 (Windows NT 6.1; Win64; x64) AppleWebKit/537.36 (KHTML, like Gecko) Chrome/72.0.3626.109 Safari/537.36"
14.238.92.38 - - [06/Jul/2022:08:47:55 +0700] "GET /img/logos/logo.jpg HTTP/2.0" 200 7006 "-" "Mozilla/4.0 (compatible; ms-office; MSOffice 16)"
14.238.92.38 - - [06/Jul/2022:08:47:55 +0700] "GET /img/logos/logo.jpg HTTP/2.0" 200 7006 "-" "Mozilla/4.0 (compatible; ms-office; MSOffice 16)"
14.238.92.38 - - [06/Jul/2022:08:47:55 +0700] "GET /img/logos/logo.jpg HTTP/2.0" 200 7006 "-" "Mozilla/4.0 (compatible; ms-office; MSOffice 16)"
14.238.92.38 - - [06/Jul/2022:08:47:55 +0700] "GET /img/logos/logo.jpg HTTP/2.0" 200 7006 "-" "Mozilla/4.0 (compatible; ms-office; MSOffice 16)"
14.238.92.38 - - [06/Jul/2022:08:47:55 +0700] "GET /img/logos/logo.jpg HTTP/2.0" 200 7006 "-" "Mozilla/4.0 (compatible; ms-office; MSOffice 16)"
14.238.92.38 - - [06/Jul/2022:08:47:55 +0700] "GET /img/logos/logo.jpg HTTP/2.0" 200 7006 "-" "Mozilla/4.0 (compatible; ms-office; MSOffice 16)"
14.238.92.38 - - [06/Jul/2022:08:47:55 +0700] "GET /img/logos/logo.jpg HTTP/2.0" 200 7006 "-" "Mozilla/4.0 (compatible; ms-office; MSOffice 16)"
34.217.51.196 - - [06/Jul/2022:08:47:56 +0700] "GET / HTTP/1.1" 200 293493 "-" "Mozilla/5.0 (Windows NT 6.1; Win64; x64) AppleWebKit/537.36 (KHTML, like Gecko) Chrome/72.0.3626.109 Safari/537.36"
52.206.148.161 - - [06/Jul/2022:08:47:56 +0700] "GET / HTTP/1.1" 200 293493 "-" "Mozilla/5.0 (Windows NT 6.1; Win64; x64) AppleWebKit/537.36 (KHTML, like Gecko) Chrome/72.0.3626.109 Safari/537.36"
34.222.232.102 - - [06/Jul/2022:08:48:09 +0700] "GET / HTTP/1.1" 200 293493 "-" "Mozilla/5.0 (Windows NT 6.1; Win64; x64) AppleWebKit/537.36 (KHTML, like Gecko) Chrome/72.0.3626.109 Safari/537.36"
14.242.51.85 - - [06/Jul/2022:08:48:14 +0700] "GET /img/logos/logo.jpg HTTP/2.0" 200 7006 "-" "Mozilla/4.0 (compatible; ms-office; MSOffice 16)"
14.242.51.85 - - [06/Jul/2022:08:48:14 +0700] "GET /img/logos/logo.jpg HTTP/2.0" 304 0 "-" "Mozilla/4.0 (compatible; ms-office; MSOffice 16)"
14.242.51.85 - - [06/Jul/2022:08:48:14 +0700] "GET /img/logos/logo.jpg HTTP/2.0" 304 0 "-" "Mozilla/4.0 (compatible; ms-office; MSOffice 16)"
14.242.51.85 - - [06/Jul/2022:08:48:14 +0700] "GET /img/logos/logo.jpg HTTP/2.0" 304 0 "-" "Mozilla/4.0 (compatible; ms-office; MSOffice 16)"
14.242.51.85 - - [06/Jul/2022:08:48:14 +0700] "GET /img/logos/logo.jpg HTTP/2.0" 304 0 "-" "Mozilla/4.0 (compatible; ms-office; MSOffice 16)"
14.242.51.85 - - [06/Jul/2022:08:48:14 +0700] "GET /img/logos/logo.jpg HTTP/2.0" 304 0 "-" "Mozilla/4.0 (compatible; ms-office; MSOffice 16)"
14.242.51.85 - - [06/Jul/2022:08:48:14 +0700] "GET /img/logos/logo.jpg HTTP/2.0" 304 0 "-" "Mozilla/4.0 (compatible; ms-office; MSOffice 16)"
54.202.74.228 - - [06/Jul/2022:08:48:22 +0700] "GET / HTTP/1.1" 200 293493 "-" "Mozilla/5.0 (Windows NT 6.1; Win64; x64) AppleWebKit/537.36 (KHTML, like Gecko) Chrome/72.0.3626.109 Safari/537.36"
3.85.50.83 - - [06/Jul/2022:08:50:16 +0700] "GET / HTTP/1.1" 200 293493 "-" "Mozilla/5.0 (Windows NT 6.1; Win64; x64) AppleWebKit/537.36 (KHTML, like Gecko) Chrome/72.0.3626.109 Safari/537.36"
14.238.92.38 - - [06/Jul/2022:08:52:21 +0700] "GET /img/logos/logo.jpg HTTP/2.0" 304 0 "-" "Mozilla/4.0 (compatible; ms-office; MSOffice 16)"
14.238.92.38 - - [06/Jul/2022:08:52:21 +0700] "GET /img/logos/logo.jpg HTTP/2.0" 304 0 "-" "Mozilla/4.0 (compatible; ms-office; MSOffice 16)"
14.238.92.38 - - [06/Jul/2022:08:52:21 +0700] "GET /img/logos/logo.jpg HTTP/2.0" 304 0 "-" "Mozilla/4.0 (compatible; ms-office; MSOffice 16)"
14.238.92.38 - - [06/Jul/2022:08:52:21 +0700] "GET /img/logos/logo.jpg HTTP/2.0" 304 0 "-" "Mozilla/4.0 (compatible; ms-office; MSOffice 16)"
14.238.92.38 - - [06/Jul/2022:08:52:21 +0700] "GET /img/logos/logo.jpg HTTP/2.0" 304 0 "-" "Mozilla/4.0 (compatible; ms-office; MSOffice 16)"
14.238.92.38 - - [06/Jul/2022:08:52:21 +0700] "GET /img/logos/logo.jpg HTTP/2.0" 304 0 "-" "Mozilla/4.0 (compatible; ms-office; MSOffice 16)"
123.23.137.185 - - [06/Jul/2022:09:03:52 +0700] "GET /img/logos/logo.jpg HTTP/2.0" 200 7006 "-" "Mozilla/4.0 (compatible; ms-office; MSOffice 16)"
123.23.137.185 - - [06/Jul/2022:09:03:52 +0700] "GET /img/logos/logo.jpg HTTP/2.0" 304 0 "-" "Mozilla/4.0 (compatible; ms-office; MSOffice 16)"
123.23.137.185 - - [06/Jul/2022:09:03:52 +0700] "GET /img/logos/logo.jpg HTTP/2.0" 304 0 "-" "Mozilla/4.0 (compatible; ms-office; MSOffice 16)"
123.23.137.185 - - [06/Jul/2022:09:03:52 +0700] "GET /img/logos/logo.jpg HTTP/2.0" 304 0 "-" "Mozilla/4.0 (compatible; ms-office; MSOffice 16)"
123.23.137.185 - - [06/Jul/2022:09:03:52 +0700] "GET /img/logos/logo.jpg HTTP/2.0" 304 0 "-" "Mozilla/4.0 (compatible; ms-office; MSOffice 16)"
123.23.137.185 - - [06/Jul/2022:09:03:52 +0700] "GET /img/logos/logo.jpg HTTP/2.0" 304 0 "-" "Mozilla/4.0 (compatible; ms-office; MSOffice 16)"
123.23.137.185 - - [06/Jul/2022:09:03:52 +0700] "GET /img/logos/logo.jpg HTTP/2.0" 304 0 "-" "Mozilla/4.0 (compatible; ms-office; MSOffice 16)"
14.238.101.6 - - [06/Jul/2022:09:06:42 +0700] "GET /img/logos/logo.jpg HTTP/2.0" 304 0 "-" "Mozilla/4.0 (compatible; ms-office; MSOffice 16)"
123.23.137.185 - - [06/Jul/2022:09:06:43 +0700] "GET /img/logos/logo.jpg HTTP/2.0" 304 0 "-" "Mozilla/4.0 (compatible; ms-office; MSOffice 16)"
123.23.137.185 - - [06/Jul/2022:09:06:43 +0700] "GET /img/logos/logo.jpg HTTP/2.0" 304 0 "-" "Mozilla/4.0 (compatible; ms-office; MSOffice 16)"
123.23.137.185 - - [06/Jul/2022:09:06:43 +0700] "GET /img/logos/logo.jpg HTTP/2.0" 304 0 "-" "Mozilla/4.0 (compatible; ms-office; MSOffice 16)"
123.23.137.185 - - [06/Jul/2022:09:06:43 +0700] "GET /img/logos/logo.jpg HTTP/2.0" 304 0 "-" "Mozilla/4.0 (compatible; ms-office; MSOffice 16)"
123.23.137.185 - - [06/Jul/2022:09:06:43 +0700] "GET /img/logos/logo.jpg HTTP/2.0" 304 0 "-" "Mozilla/4.0 (compatible; ms-office; MSOffice 16)"
123.23.137.185 - - [06/Jul/2022:09:06:43 +0700] "GET /img/logos/logo.jpg HTTP/2.0" 304 0 "-" "Mozilla/4.0 (compatible; ms-office; MSOffice 16)"
123.23.137.185 - - [06/Jul/2022:09:06:43 +0700] "GET /img/logos/logo.jpg HTTP/2.0" 304 0 "-" "Mozilla/4.0 (compatible; ms-office; MSOffice 16)"
123.23.137.185 - - [06/Jul/2022:09:06:44 +0700] "GET /img/logos/logo.jpg HTTP/2.0" 304 0 "-" "Mozilla/4.0 (compatible; ms-office; MSOffice 16)"
123.23.137.185 - - [06/Jul/2022:09:06:44 +0700] "GET /img/logos/logo.jpg HTTP/2.0" 304 0 "-" "Mozilla/4.0 (compatible; ms-office; MSOffice 16)"
123.23.137.185 - - [06/Jul/2022:09:06:44 +0700] "GET /img/logos/logo.jpg HTTP/2.0" 304 0 "-" "Mozilla/4.0 (compatible; ms-office; MSOffice 16)"
123.23.137.185 - - [06/Jul/2022:09:06:44 +0700] "GET /img/logos/logo.jpg HTTP/2.0" 304 0 "-" "Mozilla/4.0 (compatible; ms-office; MSOffice 16)"
123.23.137.185 - - [06/Jul/2022:09:06:44 +0700] "GET /img/logos/logo.jpg HTTP/2.0" 304 0 "-" "Mozilla/4.0 (compatible; ms-office; MSOffice 16)"
123.23.137.185 - - [06/Jul/2022:09:06:44 +0700] "GET /img/logos/logo.jpg HTTP/2.0" 304 0 "-" "Mozilla/4.0 (compatible; ms-office; MSOffice 16)"
123.23.137.185 - - [06/Jul/2022:09:06:45 +0700] "GET /img/logos/logo.jpg HTTP/2.0" 304 0 "-" "Mozilla/4.0 (compatible; ms-office; MSOffice 16)"
123.23.137.185 - - [06/Jul/2022:09:06:45 +0700] "GET /img/logos/logo.jpg HTTP/2.0" 304 0 "-" "Mozilla/4.0 (compatible; ms-office; MSOffice 16)"
123.23.137.185 - - [06/Jul/2022:09:06:45 +0700] "GET /img/logos/logo.jpg HTTP/2.0" 304 0 "-" "Mozilla/4.0 (compatible; ms-office; MSOffice 16)"
123.23.137.185 - - [06/Jul/2022:09:06:45 +0700] "GET /img/logos/logo.jpg HTTP/2.0" 304 0 "-" "Mozilla/4.0 (compatible; ms-office; MSOffice 16)"
123.23.137.185 - - [06/Jul/2022:09:06:45 +0700] "GET /img/logos/logo.jpg HTTP/2.0" 304 0 "-" "Mozilla/4.0 (compatible; ms-office; MSOffice 16)"
123.23.137.185 - - [06/Jul/2022:09:06:45 +0700] "GET /img/logos/logo.jpg HTTP/2.0" 304 0 "-" "Mozilla/4.0 (compatible; ms-office; MSOffice 16)"
123.23.137.185 - - [06/Jul/2022:09:06:45 +0700] "GET /img/logos/logo.jpg HTTP/2.0" 304 0 "-" "Mozilla/4.0 (compatible; ms-office; MSOffice 16)"
14.238.101.6 - - [06/Jul/2022:09:07:38 +0700] "GET /img/logos/logo.jpg HTTP/2.0" 304 0 "-" "Mozilla/4.0 (compatible; ms-office; MSOffice 16)"
14.238.101.6 - - [06/Jul/2022:09:07:47 +0700] "GET /img/logos/logo.jpg HTTP/2.0" 304 0 "-" "Mozilla/4.0 (compatible; ms-office; MSOffice 16)"
14.238.101.6 - - [06/Jul/2022:09:08:08 +0700] "GET /img/logos/logo.jpg HTTP/2.0" 304 0 "-" "Mozilla/4.0 (compatible; ms-office; MSOffice 16)"
74.125.209.74 - - [06/Jul/2022:09:08:47 +0700] "GET /img/logos/logo.jpg HTTP/1.1" 200 7006 "-" "Mozilla/5.0 (Windows NT 5.1; rv:11.0) Gecko Firefox/11.0 (via ggpht.com GoogleImageProxy)"
35.86.151.217 - - [06/Jul/2022:09:13:44 +0700] "GET / HTTP/1.1" 200 293493 "-" "Mozilla/5.0 (Windows NT 6.1; Win64; x64) AppleWebKit/537.36 (KHTML, like Gecko) Chrome/72.0.3626.109 Safari/537.36"
104.28.119.144 - - [06/Jul/2022:09:32:31 +0700] "GET /img/logos/logo.jpg HTTP/2.0" 200 7006 "-" "Mozilla/5.0"
113.160.198.88 - - [06/Jul/2022:09:33:08 +0700] "GET /img/logos/logo.jpg HTTP/2.0" 200 7006 "http://webmail.sskep.com/Mail/Message/Main.aspx?lcid=1066" "Mozilla/5.0 (Windows NT 10.0; WOW64; Trident/7.0; rv:11.0) like Gecko"
171.255.70.194 - - [06/Jul/2022:09:35:51 +0700] "GET /software/enjiCAD2021_x64.exe HTTP/2.0" 200 58261504 "https://www.consoft.vn/" "Mozilla/5.0 (Linux; Android 11; SM-A025F) AppleWebKit/537.36 (KHTML, like Gecko) Chrome/103.0.0.0 Mobile Safari/537.36"
123.23.137.185 - - [06/Jul/2022:09:36:10 +0700] "GET /img/logos/logo.jpg HTTP/2.0" 304 0 "-" "Mozilla/4.0 (compatible; ms-office; MSOffice 16)"
123.23.137.185 - - [06/Jul/2022:09:36:10 +0700] "GET /img/logos/logo.jpg HTTP/2.0" 304 0 "-" "Mozilla/4.0 (compatible; ms-office; MSOffice 16)"
123.23.137.185 - - [06/Jul/2022:09:36:10 +0700] "GET /img/logos/logo.jpg HTTP/2.0" 304 0 "-" "Mozilla/4.0 (compatible; ms-office; MSOffice 16)"
123.23.137.185 - - [06/Jul/2022:09:36:10 +0700] "GET /img/logos/logo.jpg HTTP/2.0" 304 0 "-" "Mozilla/4.0 (compatible; ms-office; MSOffice 16)"
123.23.137.185 - - [06/Jul/2022:09:36:10 +0700] "GET /img/logos/logo.jpg HTTP/2.0" 304 0 "-" "Mozilla/4.0 (compatible; ms-office; MSOffice 16)"
123.23.137.185 - - [06/Jul/2022:09:36:10 +0700] "GET /img/logos/logo.jpg HTTP/2.0" 304 0 "-" "Mozilla/4.0 (compatible; ms-office; MSOffice 16)"
171.255.70.194 - - [06/Jul/2022:09:36:39 +0700] "GET /software/enjiCAD2021_x64.exe HTTP/2.0" 206 58261504 "https://www.consoft.vn/" "Mozilla/5.0 (Linux; Android 11; SM-A025F) AppleWebKit/537.36 (KHTML, like Gecko) Chrome/103.0.0.0 Mobile Safari/537.36"
171.255.70.194 - - [06/Jul/2022:09:37:20 +0700] "GET /software/enjiCAD2021_x64.exe HTTP/2.0" 206 58104440 "https://www.consoft.vn/" "Mozilla/5.0 (Linux; Android 11; SM-A025F) AppleWebKit/537.36 (KHTML, like Gecko) Chrome/103.0.0.0 Mobile Safari/537.36"
74.125.209.90 - - [06/Jul/2022:09:48:12 +0700] "GET /img/logos/logo.jpg HTTP/1.1" 200 7006 "-" "Mozilla/5.0 (Windows NT 5.1; rv:11.0) Gecko Firefox/11.0 (via ggpht.com GoogleImageProxy)"
123.25.21.157 - - [06/Jul/2022:09:59:59 +0700] "GET /img/logos/logo.jpg HTTP/2.0" 200 7006 "-" "Mozilla/5.0 (Macintosh; Intel Mac OS X 10_15_7) AppleWebKit/605.1.15 (KHTML, like Gecko)"
14.241.133.203 - - [06/Jul/2022:10:00:33 +0700] "GET / HTTP/2.0" 200 32570 "-" "Mozilla/5.0 (Windows NT 10.0; Win64; x64) AppleWebKit/537.36 (KHTML, like Gecko) Chrome/103.0.0.0 Safari/537.36"
123.25.21.157 - - [06/Jul/2022:10:00:37 +0700] "GET /img/logos/logo.jpg HTTP/2.0" 200 7006 "-" "Mozilla/5.0 (Macintosh; Intel Mac OS X 10_15_7) AppleWebKit/605.1.15 (KHTML, like Gecko)"
123.25.21.157 - - [06/Jul/2022:10:00:47 +0700] "GET /img/logos/logo.jpg HTTP/2.0" 200 7006 "-" "Mozilla/5.0 (Macintosh; Intel Mac OS X 10_15_7) AppleWebKit/605.1.15 (KHTML, like Gecko)"
14.238.92.38 - - [06/Jul/2022:10:14:04 +0700] "GET /img/logos/logo.jpg HTTP/2.0" 304 0 "-" "Mozilla/4.0 (compatible; ms-office; MSOffice 16)"
14.238.92.38 - - [06/Jul/2022:10:14:04 +0700] "GET /img/logos/logo.jpg HTTP/2.0" 304 0 "-" "Mozilla/4.0 (compatible; ms-office; MSOffice 16)"
14.238.92.38 - - [06/Jul/2022:10:14:04 +0700] "GET /img/logos/logo.jpg HTTP/2.0" 304 0 "-" "Mozilla/4.0 (compatible; ms-office; MSOffice 16)"
14.238.92.38 - - [06/Jul/2022:10:14:04 +0700] "GET /img/logos/logo.jpg HTTP/2.0" 304 0 "-" "Mozilla/4.0 (compatible; ms-office; MSOffice 16)"
14.238.92.38 - - [06/Jul/2022:10:14:04 +0700] "GET /img/logos/logo.jpg HTTP/2.0" 304 0 "-" "Mozilla/4.0 (compatible; ms-office; MSOffice 16)"
14.238.92.38 - - [06/Jul/2022:10:14:04 +0700] "GET /img/logos/logo.jpg HTTP/2.0" 304 0 "-" "Mozilla/4.0 (compatible; ms-office; MSOffice 16)"
74.125.209.72 - - [06/Jul/2022:11:36:31 +0700] "GET /img/logos/logo.jpg HTTP/1.1" 200 7006 "-" "Mozilla/5.0 (Windows NT 5.1; rv:11.0) Gecko Firefox/11.0 (via ggpht.com GoogleImageProxy)"
123.23.137.185 - - [06/Jul/2022:11:37:09 +0700] "GET /img/logos/logo.jpg HTTP/2.0" 304 0 "-" "Mozilla/4.0 (compatible; ms-office; MSOffice 16)"
123.23.137.185 - - [06/Jul/2022:11:37:09 +0700] "GET /img/logos/logo.jpg HTTP/2.0" 304 0 "-" "Mozilla/4.0 (compatible; ms-office; MSOffice 16)"
123.23.137.185 - - [06/Jul/2022:11:37:09 +0700] "GET /img/logos/logo.jpg HTTP/2.0" 304 0 "-" "Mozilla/4.0 (compatible; ms-office; MSOffice 16)"
123.23.137.185 - - [06/Jul/2022:11:37:09 +0700] "GET /img/logos/logo.jpg HTTP/2.0" 304 0 "-" "Mozilla/4.0 (compatible; ms-office; MSOffice 16)"
123.23.137.185 - - [06/Jul/2022:11:37:09 +0700] "GET /img/logos/logo.jpg HTTP/2.0" 304 0 "-" "Mozilla/4.0 (compatible; ms-office; MSOffice 16)"
123.23.137.185 - - [06/Jul/2022:11:37:09 +0700] "GET /img/logos/logo.jpg HTTP/2.0" 304 0 "-" "Mozilla/4.0 (compatible; ms-office; MSOffice 16)"
123.25.21.157 - - [06/Jul/2022:11:45:58 +0700] "GET /img/logos/logo.jpg HTTP/2.0" 200 7006 "-" "Mozilla/5.0 (Macintosh; Intel Mac OS X 10_15_7) AppleWebKit/605.1.15 (KHTML, like Gecko)"
120.41.45.194 - - [06/Jul/2022:11:53:46 +0700] "GET / HTTP/1.1" 200 42055 "http://enjicad.vn" "Mozilla/5.0 (compatible; ThinkChaos/0.3.0; +In_the_test_phase,_if_the_ThinkChaos_brings_you_trouble,_please_add_disallow._Thank_you.)"
120.41.45.194 - - [06/Jul/2022:11:53:46 +0700] "GET / HTTP/1.1" 200 42055 "http://www.enjicad.vn" "Mozilla/5.0 (compatible; ThinkChaos/0.3.0; +In_the_test_phase,_if_the_ThinkChaos_brings_you_trouble,_please_add_disallow._Thank_you.)"
171.244.214.236 - - [06/Jul/2022:11:57:41 +0700] "GET /img/tab1.png HTTP/2.0" 200 132890 "-" "-"
103.131.71.103 - - [06/Jul/2022:12:56:25 +0700] "GET / HTTP/1.1" 304 0 "-" "Mozilla/5.0 (compatible; coccocbot-web/1.0; +http://help.coccoc.com/searchengine)"
113.160.198.88 - - [06/Jul/2022:13:51:47 +0700] "GET /img/logos/logo.jpg HTTP/1.1" 200 7006 "http://webmail.sskep.com/Mail/Message/Main.aspx?lcid=1033" "Mozilla/5.0 (Windows NT 6.1; WOW64; Trident/7.0; rv:11.0) like Gecko"
74.125.150.91 - - [06/Jul/2022:14:42:41 +0700] "GET /img/logos/logo.jpg HTTP/1.1" 200 7006 "http://mail.google.com/" "Mozilla/5.0 (Windows NT 10.0; Win64; x64) AppleWebKit/537.36 (KHTML, like Gecko) Chrome/42.0.2311.135 Safari/537.36 Edge/12.246 Mozilla/5.0"
123.25.21.157 - - [06/Jul/2022:14:47:18 +0700] "GET /img/logos/logo.jpg HTTP/2.0" 200 7006 "-" "Mozilla/5.0 (Macintosh; Intel Mac OS X 10_15_7) AppleWebKit/605.1.15 (KHTML, like Gecko)"
123.25.21.157 - - [06/Jul/2022:14:47:20 +0700] "GET /img/logos/logo.jpg HTTP/1.1" 200 7006 "-" "Mozilla/5.0 (Macintosh; Intel Mac OS X) Outlook/0.0.0"
123.25.21.157 - - [06/Jul/2022:14:47:20 +0700] "GET /img/logos/logo.jpg HTTP/2.0" 200 7006 "-" "Mozilla/4.0 (compatible; ms-office; MSOffice rmj)"
123.25.21.157 - - [06/Jul/2022:14:47:20 +0700] "GET /img/logos/logo.jpg HTTP/2.0" 200 7006 "-" "Mozilla/4.0 (compatible; ms-office; MSOffice rmj)"
123.25.21.157 - - [06/Jul/2022:14:50:34 +0700] "GET /img/logos/logo.jpg HTTP/2.0" 200 7006 "-" "Mozilla/4.0 (compatible; ms-office; MSOffice 16)"
123.25.21.157 - - [06/Jul/2022:14:50:34 +0700] "GET /img/logos/logo.jpg HTTP/2.0" 200 7006 "-" "Mozilla/4.0 (compatible; ms-office; MSOffice 16)"
123.25.21.157 - - [06/Jul/2022:14:50:34 +0700] "GET /img/logos/logo.jpg HTTP/2.0" 200 7006 "-" "Mozilla/4.0 (compatible; ms-office; MSOffice 16)"
123.25.21.157 - - [06/Jul/2022:14:53:28 +0700] "GET /img/logos/logo.jpg HTTP/2.0" 200 7006 "-" "Mozilla/5.0 (Macintosh; Intel Mac OS X 10_15_7) AppleWebKit/605.1.15 (KHTML, like Gecko)"
34.223.243.76 - - [06/Jul/2022:14:57:15 +0700] "GET / HTTP/1.1" 200 293493 "-" "Mozilla/5.0 (Windows NT 6.1; Win64; x64) AppleWebKit/537.36 (KHTML, like Gecko) Chrome/72.0.3626.109 Safari/537.36"
74.125.150.91 - - [06/Jul/2022:14:57:15 +0700] "GET /img/logos/logo.jpg HTTP/1.1" 200 7006 "http://mail.google.com/" "Mozilla/5.0 (Windows NT 10.0; Win64; x64) AppleWebKit/537.36 (KHTML, like Gecko) Chrome/42.0.2311.135 Safari/537.36 Edge/12.246 Mozilla/5.0"
34.215.251.106 - - [06/Jul/2022:14:57:15 +0700] "GET / HTTP/1.1" 200 293493 "-" "Mozilla/5.0 (Windows NT 6.1; Win64; x64) AppleWebKit/537.36 (KHTML, like Gecko) Chrome/72.0.3626.109 Safari/537.36"
34.217.6.181 - - [06/Jul/2022:14:57:27 +0700] "GET / HTTP/1.1" 200 293493 "-" "Mozilla/5.0 (Windows NT 6.1; Win64; x64) AppleWebKit/537.36 (KHTML, like Gecko) Chrome/72.0.3626.109 Safari/537.36"
35.86.96.66 - - [06/Jul/2022:14:57:27 +0700] "GET / HTTP/1.1" 200 293493 "-" "Mozilla/5.0 (Windows NT 6.1; Win64; x64) AppleWebKit/537.36 (KHTML, like Gecko) Chrome/72.0.3626.109 Safari/537.36"
