35.86.125.132 - - [04/Dec/2021:02:21:53 +0700] "GET / HTTP/1.1" 200 31091 "-" "Mozilla/5.0 (X11; Linux x86_64) AppleWebKit/537.36 (KHTML, like Gecko) Chrome/83.0.4103.97 Safari/537.36"
100.25.150.219 - - [04/Dec/2021:09:32:04 +0700] "POST / HTTP/1.0" 403 2261 "-" "Mozilla/5.0 (X11; Linux x86_64) AppleWebKit/537.36 (KHTML, like Gecko) Chrome/81.0.4044.129 Safari/537.36"
51.222.253.20 - - [04/Dec/2021:15:47:49 +0700] "GET /robots.txt HTTP/1.0" 404 372 "-" "Mozilla/5.0 (compatible; AhrefsBot/7.0; +http://ahrefs.com/robot/)"
54.36.148.127 - - [04/Dec/2021:15:47:51 +0700] "GET / HTTP/1.0" 200 290 "-" "Mozilla/5.0 (compatible; AhrefsBot/7.0; +http://ahrefs.com/robot/)"
64.124.51.154 - - [04/Dec/2021:17:07:25 +0700] "GET /software/enjiCAD2021_x64.exe HTTP/1.0" 200 325 "-" "\"Mozilla/5.0 (Windows NT 6.1"
95.108.213.61 - - [04/Dec/2021:18:36:09 +0700] "GET /robots.txt HTTP/1.0" 404 372 "-" "Mozilla/5.0 (compatible; YandexBot/3.0; +http://yandex.com/bots)"
95.108.213.61 - - [04/Dec/2021:18:36:12 +0700] "GET / HTTP/1.0" 200 290 "-" "Mozilla/5.0 (compatible; YandexBot/3.0; +http://yandex.com/bots)"
207.46.13.15 - - [04/Dec/2021:19:45:08 +0700] "GET /img/tab1.png HTTP/1.0" 200 294 "-" "Mozilla/5.0 (compatible; bingbot/2.0; +http://www.bing.com/bingbot.htm)"
114.119.146.40 - - [04/Dec/2021:21:30:59 +0700] "GET /robots.txt HTTP/1.0" 404 372 "-" "Mozilla/5.0 (compatible;PetalBot;+https://webmaster.petalsearch.com/site/petalbot)"
40.77.167.104 - - [04/Dec/2021:22:19:32 +0700] "GET /robots.txt HTTP/1.0" 404 372 "-" "Mozilla/5.0 (compatible; bingbot/2.0; +http://www.bing.com/bingbot.htm)"
157.55.39.154 - - [04/Dec/2021:22:19:41 +0700] "GET /img/popup.gif HTTP/1.0" 200 295 "-" "Mozilla/5.0 (compatible; bingbot/2.0; +http://www.bing.com/bingbot.htm)"
54.212.88.146 - - [05/Dec/2021:02:40:55 +0700] "GET / HTTP/1.0" 200 290 "-" "Mozilla/5.0 (X11; Linux x86_64) AppleWebKit/537.36 (KHTML, like Gecko) Chrome/83.0.4103.97 Safari/537.36"
54.187.209.126 - - [05/Dec/2021:02:42:09 +0700] "GET / HTTP/1.0" 200 290 "-" "Mozilla/5.0 (X11; Linux x86_64) AppleWebKit/537.36 (KHTML, like Gecko) Chrome/83.0.4103.97 Safari/537.36"
52.33.60.154 - - [05/Dec/2021:02:45:21 +0700] "GET / HTTP/1.0" 200 290 "-" "Mozilla/5.0 (X11; Linux x86_64) AppleWebKit/537.36 (KHTML, like Gecko) Chrome/83.0.4103.97 Safari/537.36"
34.213.181.24 - - [05/Dec/2021:02:53:34 +0700] "GET / HTTP/1.0" 200 290 "-" "Mozilla/5.0 (X11; Linux x86_64) AppleWebKit/537.36 (KHTML, like Gecko) Chrome/83.0.4103.97 Safari/537.36"
54.186.86.186 - - [05/Dec/2021:03:00:42 +0700] "GET / HTTP/1.0" 200 290 "-" "Mozilla/5.0 (X11; Linux x86_64) AppleWebKit/537.36 (KHTML, like Gecko) Chrome/83.0.4103.97 Safari/537.36"
34.219.147.238 - - [05/Dec/2021:03:01:39 +0700] "GET / HTTP/1.0" 200 290 "-" "Mozilla/5.0 (X11; Linux x86_64) AppleWebKit/537.36 (KHTML, like Gecko) Chrome/83.0.4103.97 Safari/537.36"
100.25.150.219 - - [04/Dec/2021:09:32:05 +0700] "GET /.env HTTP/1.1" 403 548 "-" "Mozilla/5.0 (X11; Linux x86_64) AppleWebKit/537.36 (KHTML, like Gecko) Chrome/81.0.4044.129 Safari/537.36"
54.36.148.127 - - [04/Dec/2021:15:47:51 +0700] "GET / HTTP/1.1" 200 25694 "-" "Mozilla/5.0 (compatible; AhrefsBot/7.0; +http://ahrefs.com/robot/)"
64.124.51.154 - - [04/Dec/2021:17:07:33 +0700] "GET /software/enjiCAD2021_x64.exe HTTP/1.1" 200 847417 "-" "\x22Mozilla/5.0 (Windows NT 6.1"
95.108.213.61 - - [04/Dec/2021:18:36:12 +0700] "GET / HTTP/1.1" 200 31091 "-" "Mozilla/5.0 (compatible; YandexBot/3.0; +http://yandex.com/bots)"
207.46.13.15 - - [04/Dec/2021:19:45:08 +0700] "GET /img/tab1.png HTTP/1.1" 200 132890 "-" "Mozilla/5.0 (compatible; bingbot/2.0; +http://www.bing.com/bingbot.htm)"
157.55.39.154 - - [04/Dec/2021:22:19:42 +0700] "GET /img/popup.gif HTTP/1.1" 200 161458 "-" "Mozilla/5.0 (compatible; bingbot/2.0; +http://www.bing.com/bingbot.htm)"
54.212.88.146 - - [05/Dec/2021:02:40:55 +0700] "GET / HTTP/1.1" 200 31091 "-" "Mozilla/5.0 (X11; Linux x86_64) AppleWebKit/537.36 (KHTML, like Gecko) Chrome/83.0.4103.97 Safari/537.36"
54.187.209.126 - - [05/Dec/2021:02:42:09 +0700] "GET / HTTP/1.1" 200 31091 "-" "Mozilla/5.0 (X11; Linux x86_64) AppleWebKit/537.36 (KHTML, like Gecko) Chrome/83.0.4103.97 Safari/537.36"
52.33.60.154 - - [05/Dec/2021:02:45:21 +0700] "GET / HTTP/1.1" 200 31091 "-" "Mozilla/5.0 (X11; Linux x86_64) AppleWebKit/537.36 (KHTML, like Gecko) Chrome/83.0.4103.97 Safari/537.36"
34.213.181.24 - - [05/Dec/2021:02:53:34 +0700] "GET / HTTP/1.1" 200 31091 "-" "Mozilla/5.0 (X11; Linux x86_64) AppleWebKit/537.36 (KHTML, like Gecko) Chrome/83.0.4103.97 Safari/537.36"
54.186.86.186 - - [05/Dec/2021:03:00:42 +0700] "GET / HTTP/1.1" 200 31091 "-" "Mozilla/5.0 (X11; Linux x86_64) AppleWebKit/537.36 (KHTML, like Gecko) Chrome/83.0.4103.97 Safari/537.36"
34.219.147.238 - - [05/Dec/2021:03:01:39 +0700] "GET / HTTP/1.1" 200 31091 "-" "Mozilla/5.0 (X11; Linux x86_64) AppleWebKit/537.36 (KHTML, like Gecko) Chrome/83.0.4103.97 Safari/537.36"
54.36.148.185 - - [05/Dec/2021:08:05:50 +0700] "GET /robots.txt HTTP/1.0" 404 372 "-" "Mozilla/5.0 (compatible; AhrefsBot/7.0; +http://ahrefs.com/robot/)"
54.36.149.83 - - [05/Dec/2021:08:05:51 +0700] "GET / HTTP/1.0" 200 290 "-" "Mozilla/5.0 (compatible; AhrefsBot/7.0; +http://ahrefs.com/robot/)"
23.148.145.23 - - [05/Dec/2021:08:31:19 +0700] "GET /wp-content/ HTTP/1.0" 404 373 "-" "Mozilla/5.0 (Macintosh; Intel Mac OS X 10.15; rv:77.0) Gecko/20100101 Firefox/77.0"
23.148.145.23 - - [05/Dec/2021:08:56:38 +0700] "GET /wp-content/ HTTP/1.0" 404 373 "-" "Mozilla/5.0 (Macintosh; Intel Mac OS X 10.15; rv:77.0) Gecko/20100101 Firefox/77.0"
176.34.132.123 - - [05/Dec/2021:10:30:40 +0700] "GET / HTTP/1.0" 200 290 "-" "Mozilla/5.0 (Macintosh; Intel Mac OS X 10_15_7) AppleWebKit/537.36 (KHTML, like Gecko) Chrome/92.0.4515.159 Safari/537.36 Edg/92.0.902.84"
20.68.10.178 - - [05/Dec/2021:10:57:24 +0700] "GET / HTTP/1.0" 200 290 "-" "Mozilla/5.0 (Windows NT 10.0; Win64; x64) AppleWebKit/537.36 (KHTML, like Gecko) Chrome/88.0.4240.193 Safari/537.36"
20.68.10.178 - - [05/Dec/2021:10:57:26 +0700] "GET / HTTP/1.0" 200 290 "-" "Mozilla/5.0 (Windows NT 10.0; Win64; x64) AppleWebKit/537.36 (KHTML, like Gecko) Chrome/88.0.4240.193 Safari/537.36"
20.68.10.178 - - [05/Dec/2021:10:57:27 +0700] "GET /wp-includes/wlwmanifest.xml HTTP/1.0" 404 389 "-" "Mozilla/5.0 (Windows NT 10.0; Win64; x64) AppleWebKit/537.36 (KHTML, like Gecko) Chrome/88.0.4240.193 Safari/537.36"
20.68.10.178 - - [05/Dec/2021:10:57:29 +0700] "GET / HTTP/1.0" 200 290 "-" "Mozilla/5.0 (Windows NT 10.0; Win64; x64) AppleWebKit/537.36 (KHTML, like Gecko) Chrome/88.0.4240.193 Safari/537.36"
20.68.10.178 - - [05/Dec/2021:10:57:32 +0700] "GET /blog/wp-includes/wlwmanifest.xml HTTP/1.0" 404 394 "-" "Mozilla/5.0 (Windows NT 10.0; Win64; x64) AppleWebKit/537.36 (KHTML, like Gecko) Chrome/88.0.4240.193 Safari/537.36"
20.68.10.178 - - [05/Dec/2021:10:57:32 +0700] "GET /web/wp-includes/wlwmanifest.xml HTTP/1.0" 404 393 "-" "Mozilla/5.0 (Windows NT 10.0; Win64; x64) AppleWebKit/537.36 (KHTML, like Gecko) Chrome/88.0.4240.193 Safari/537.36"
20.68.10.178 - - [05/Dec/2021:10:57:33 +0700] "GET /wordpress/wp-includes/wlwmanifest.xml HTTP/1.0" 404 399 "-" "Mozilla/5.0 (Windows NT 10.0; Win64; x64) AppleWebKit/537.36 (KHTML, like Gecko) Chrome/88.0.4240.193 Safari/537.36"
20.68.10.178 - - [05/Dec/2021:10:57:34 +0700] "GET /website/wp-includes/wlwmanifest.xml HTTP/1.0" 404 397 "-" "Mozilla/5.0 (Windows NT 10.0; Win64; x64) AppleWebKit/537.36 (KHTML, like Gecko) Chrome/88.0.4240.193 Safari/537.36"
20.68.10.178 - - [05/Dec/2021:10:57:34 +0700] "GET /wp/wp-includes/wlwmanifest.xml HTTP/1.0" 404 392 "-" "Mozilla/5.0 (Windows NT 10.0; Win64; x64) AppleWebKit/537.36 (KHTML, like Gecko) Chrome/88.0.4240.193 Safari/537.36"
20.68.10.178 - - [05/Dec/2021:10:57:35 +0700] "GET /news/wp-includes/wlwmanifest.xml HTTP/1.0" 404 394 "-" "Mozilla/5.0 (Windows NT 10.0; Win64; x64) AppleWebKit/537.36 (KHTML, like Gecko) Chrome/88.0.4240.193 Safari/537.36"
20.68.10.178 - - [05/Dec/2021:10:57:35 +0700] "GET /2020/wp-includes/wlwmanifest.xml HTTP/1.0" 404 394 "-" "Mozilla/5.0 (Windows NT 10.0; Win64; x64) AppleWebKit/537.36 (KHTML, like Gecko) Chrome/88.0.4240.193 Safari/537.36"
20.68.10.178 - - [05/Dec/2021:10:57:36 +0700] "GET /2019/wp-includes/wlwmanifest.xml HTTP/1.0" 404 394 "-" "Mozilla/5.0 (Windows NT 10.0; Win64; x64) AppleWebKit/537.36 (KHTML, like Gecko) Chrome/88.0.4240.193 Safari/537.36"
20.68.10.178 - - [05/Dec/2021:10:57:37 +0700] "GET /shop/wp-includes/wlwmanifest.xml HTTP/1.0" 404 394 "-" "Mozilla/5.0 (Windows NT 10.0; Win64; x64) AppleWebKit/537.36 (KHTML, like Gecko) Chrome/88.0.4240.193 Safari/537.36"
20.68.10.178 - - [05/Dec/2021:10:57:37 +0700] "GET /wp1/wp-includes/wlwmanifest.xml HTTP/1.0" 404 393 "-" "Mozilla/5.0 (Windows NT 10.0; Win64; x64) AppleWebKit/537.36 (KHTML, like Gecko) Chrome/88.0.4240.193 Safari/537.36"
20.68.10.178 - - [05/Dec/2021:10:57:38 +0700] "GET /test/wp-includes/wlwmanifest.xml HTTP/1.0" 404 394 "-" "Mozilla/5.0 (Windows NT 10.0; Win64; x64) AppleWebKit/537.36 (KHTML, like Gecko) Chrome/88.0.4240.193 Safari/537.36"
20.68.10.178 - - [05/Dec/2021:10:57:38 +0700] "GET /wp2/wp-includes/wlwmanifest.xml HTTP/1.0" 404 393 "-" "Mozilla/5.0 (Windows NT 10.0; Win64; x64) AppleWebKit/537.36 (KHTML, like Gecko) Chrome/88.0.4240.193 Safari/537.36"
20.68.10.178 - - [05/Dec/2021:10:57:39 +0700] "GET /site/wp-includes/wlwmanifest.xml HTTP/1.0" 404 394 "-" "Mozilla/5.0 (Windows NT 10.0; Win64; x64) AppleWebKit/537.36 (KHTML, like Gecko) Chrome/88.0.4240.193 Safari/537.36"
20.68.10.178 - - [05/Dec/2021:10:57:40 +0700] "GET /cms/wp-includes/wlwmanifest.xml HTTP/1.0" 404 393 "-" "Mozilla/5.0 (Windows NT 10.0; Win64; x64) AppleWebKit/537.36 (KHTML, like Gecko) Chrome/88.0.4240.193 Safari/537.36"
20.68.10.178 - - [05/Dec/2021:10:57:40 +0700] "GET /sito/wp-includes/wlwmanifest.xml HTTP/1.0" 404 394 "-" "Mozilla/5.0 (Windows NT 10.0; Win64; x64) AppleWebKit/537.36 (KHTML, like Gecko) Chrome/88.0.4240.193 Safari/537.36"
156.146.56.109 - - [05/Dec/2021:14:12:33 +0700] "GET / HTTP/1.0" 200 290 "-" "Mozilla/5.0 (Windows NT 10.0; Win64; x64) AppleWebKit/537.36 (KHTML, like Gecko) Chrome/78.0.3904.108 Safari/537.36"
156.146.56.109 - - [05/Dec/2021:14:12:34 +0700] "GET / HTTP/1.0" 200 290 "-" "Mozilla/5.0 (Windows NT 10.0; Win64; x64) AppleWebKit/537.36 (KHTML, like Gecko) Chrome/78.0.3904.108 Safari/537.36"
156.146.56.109 - - [05/Dec/2021:14:12:39 +0700] "GET /wp-includes/wlwmanifest.xml HTTP/1.0" 404 389 "-" "Mozilla/5.0 (Windows NT 10.0; Win64; x64) AppleWebKit/537.36 (KHTML, like Gecko) Chrome/78.0.3904.108 Safari/537.36"
156.146.56.109 - - [05/Dec/2021:14:12:40 +0700] "GET / HTTP/1.0" 200 290 "-" "Mozilla/5.0 (Windows NT 10.0; Win64; x64) AppleWebKit/537.36 (KHTML, like Gecko) Chrome/78.0.3904.108 Safari/537.36"
156.146.56.109 - - [05/Dec/2021:14:12:41 +0700] "GET /blog/wp-includes/wlwmanifest.xml HTTP/1.0" 404 394 "-" "Mozilla/5.0 (Windows NT 10.0; Win64; x64) AppleWebKit/537.36 (KHTML, like Gecko) Chrome/78.0.3904.108 Safari/537.36"
156.146.56.109 - - [05/Dec/2021:14:12:41 +0700] "GET /web/wp-includes/wlwmanifest.xml HTTP/1.0" 404 393 "-" "Mozilla/5.0 (Windows NT 10.0; Win64; x64) AppleWebKit/537.36 (KHTML, like Gecko) Chrome/78.0.3904.108 Safari/537.36"
156.146.56.109 - - [05/Dec/2021:14:12:42 +0700] "GET /wordpress/wp-includes/wlwmanifest.xml HTTP/1.0" 404 399 "-" "Mozilla/5.0 (Windows NT 10.0; Win64; x64) AppleWebKit/537.36 (KHTML, like Gecko) Chrome/78.0.3904.108 Safari/537.36"
156.146.56.109 - - [05/Dec/2021:14:12:42 +0700] "GET /website/wp-includes/wlwmanifest.xml HTTP/1.0" 404 397 "-" "Mozilla/5.0 (Windows NT 10.0; Win64; x64) AppleWebKit/537.36 (KHTML, like Gecko) Chrome/78.0.3904.108 Safari/537.36"
156.146.56.109 - - [05/Dec/2021:14:12:42 +0700] "GET /wp/wp-includes/wlwmanifest.xml HTTP/1.0" 404 392 "-" "Mozilla/5.0 (Windows NT 10.0; Win64; x64) AppleWebKit/537.36 (KHTML, like Gecko) Chrome/78.0.3904.108 Safari/537.36"
156.146.56.109 - - [05/Dec/2021:14:12:43 +0700] "GET /news/wp-includes/wlwmanifest.xml HTTP/1.0" 404 394 "-" "Mozilla/5.0 (Windows NT 10.0; Win64; x64) AppleWebKit/537.36 (KHTML, like Gecko) Chrome/78.0.3904.108 Safari/537.36"
156.146.56.109 - - [05/Dec/2021:14:12:43 +0700] "GET /2018/wp-includes/wlwmanifest.xml HTTP/1.0" 404 394 "-" "Mozilla/5.0 (Windows NT 10.0; Win64; x64) AppleWebKit/537.36 (KHTML, like Gecko) Chrome/78.0.3904.108 Safari/537.36"
156.146.56.109 - - [05/Dec/2021:14:12:44 +0700] "GET /2019/wp-includes/wlwmanifest.xml HTTP/1.0" 404 394 "-" "Mozilla/5.0 (Windows NT 10.0; Win64; x64) AppleWebKit/537.36 (KHTML, like Gecko) Chrome/78.0.3904.108 Safari/537.36"
156.146.56.109 - - [05/Dec/2021:14:12:44 +0700] "GET /shop/wp-includes/wlwmanifest.xml HTTP/1.0" 404 394 "-" "Mozilla/5.0 (Windows NT 10.0; Win64; x64) AppleWebKit/537.36 (KHTML, like Gecko) Chrome/78.0.3904.108 Safari/537.36"
156.146.56.109 - - [05/Dec/2021:14:12:44 +0700] "GET /wp1/wp-includes/wlwmanifest.xml HTTP/1.0" 404 393 "-" "Mozilla/5.0 (Windows NT 10.0; Win64; x64) AppleWebKit/537.36 (KHTML, like Gecko) Chrome/78.0.3904.108 Safari/537.36"
156.146.56.109 - - [05/Dec/2021:14:12:45 +0700] "GET /test/wp-includes/wlwmanifest.xml HTTP/1.0" 404 394 "-" "Mozilla/5.0 (Windows NT 10.0; Win64; x64) AppleWebKit/537.36 (KHTML, like Gecko) Chrome/78.0.3904.108 Safari/537.36"
156.146.56.109 - - [05/Dec/2021:14:12:45 +0700] "GET /media/wp-includes/wlwmanifest.xml HTTP/1.0" 404 395 "-" "Mozilla/5.0 (Windows NT 10.0; Win64; x64) AppleWebKit/537.36 (KHTML, like Gecko) Chrome/78.0.3904.108 Safari/537.36"
156.146.56.109 - - [05/Dec/2021:14:12:45 +0700] "GET /wp2/wp-includes/wlwmanifest.xml HTTP/1.0" 404 393 "-" "Mozilla/5.0 (Windows NT 10.0; Win64; x64) AppleWebKit/537.36 (KHTML, like Gecko) Chrome/78.0.3904.108 Safari/537.36"
156.146.56.109 - - [05/Dec/2021:14:12:46 +0700] "GET /site/wp-includes/wlwmanifest.xml HTTP/1.0" 404 394 "-" "Mozilla/5.0 (Windows NT 10.0; Win64; x64) AppleWebKit/537.36 (KHTML, like Gecko) Chrome/78.0.3904.108 Safari/537.36"
156.146.56.109 - - [05/Dec/2021:14:12:46 +0700] "GET /cms/wp-includes/wlwmanifest.xml HTTP/1.0" 404 393 "-" "Mozilla/5.0 (Windows NT 10.0; Win64; x64) AppleWebKit/537.36 (KHTML, like Gecko) Chrome/78.0.3904.108 Safari/537.36"
156.146.56.109 - - [05/Dec/2021:14:12:47 +0700] "GET /sito/wp-includes/wlwmanifest.xml HTTP/1.0" 404 394 "-" "Mozilla/5.0 (Windows NT 10.0; Win64; x64) AppleWebKit/537.36 (KHTML, like Gecko) Chrome/78.0.3904.108 Safari/537.36"
82.102.25.138 - - [05/Dec/2021:15:45:48 +0700] "GET / HTTP/1.0" 200 290 "-" "Mozilla/5.0 (Windows NT 10.0; Win64; x64) AppleWebKit/537.36 (KHTML, like Gecko) Chrome/78.0.3904.108 Safari/537.36"
82.102.25.138 - - [05/Dec/2021:15:45:48 +0700] "GET / HTTP/1.0" 200 290 "-" "Mozilla/5.0 (Windows NT 10.0; Win64; x64) AppleWebKit/537.36 (KHTML, like Gecko) Chrome/78.0.3904.108 Safari/537.36"
82.102.25.138 - - [05/Dec/2021:15:45:49 +0700] "GET /wp-includes/wlwmanifest.xml HTTP/1.0" 404 389 "-" "Mozilla/5.0 (Windows NT 10.0; Win64; x64) AppleWebKit/537.36 (KHTML, like Gecko) Chrome/78.0.3904.108 Safari/537.36"
82.102.25.138 - - [05/Dec/2021:15:45:50 +0700] "GET / HTTP/1.0" 200 290 "-" "Mozilla/5.0 (Windows NT 10.0; Win64; x64) AppleWebKit/537.36 (KHTML, like Gecko) Chrome/78.0.3904.108 Safari/537.36"
82.102.25.138 - - [05/Dec/2021:15:45:50 +0700] "GET /blog/wp-includes/wlwmanifest.xml HTTP/1.0" 404 394 "-" "Mozilla/5.0 (Windows NT 10.0; Win64; x64) AppleWebKit/537.36 (KHTML, like Gecko) Chrome/78.0.3904.108 Safari/537.36"
82.102.25.138 - - [05/Dec/2021:15:45:51 +0700] "GET /web/wp-includes/wlwmanifest.xml HTTP/1.0" 404 393 "-" "Mozilla/5.0 (Windows NT 10.0; Win64; x64) AppleWebKit/537.36 (KHTML, like Gecko) Chrome/78.0.3904.108 Safari/537.36"
82.102.25.138 - - [05/Dec/2021:15:45:51 +0700] "GET /wordpress/wp-includes/wlwmanifest.xml HTTP/1.0" 404 399 "-" "Mozilla/5.0 (Windows NT 10.0; Win64; x64) AppleWebKit/537.36 (KHTML, like Gecko) Chrome/78.0.3904.108 Safari/537.36"
82.102.25.138 - - [05/Dec/2021:15:45:51 +0700] "GET /website/wp-includes/wlwmanifest.xml HTTP/1.0" 404 397 "-" "Mozilla/5.0 (Windows NT 10.0; Win64; x64) AppleWebKit/537.36 (KHTML, like Gecko) Chrome/78.0.3904.108 Safari/537.36"
82.102.25.138 - - [05/Dec/2021:15:45:52 +0700] "GET /wp/wp-includes/wlwmanifest.xml HTTP/1.0" 404 392 "-" "Mozilla/5.0 (Windows NT 10.0; Win64; x64) AppleWebKit/537.36 (KHTML, like Gecko) Chrome/78.0.3904.108 Safari/537.36"
82.102.25.138 - - [05/Dec/2021:15:45:52 +0700] "GET /news/wp-includes/wlwmanifest.xml HTTP/1.0" 404 394 "-" "Mozilla/5.0 (Windows NT 10.0; Win64; x64) AppleWebKit/537.36 (KHTML, like Gecko) Chrome/78.0.3904.108 Safari/537.36"
82.102.25.138 - - [05/Dec/2021:15:45:53 +0700] "GET /2018/wp-includes/wlwmanifest.xml HTTP/1.0" 404 394 "-" "Mozilla/5.0 (Windows NT 10.0; Win64; x64) AppleWebKit/537.36 (KHTML, like Gecko) Chrome/78.0.3904.108 Safari/537.36"
82.102.25.138 - - [05/Dec/2021:15:45:53 +0700] "GET /2019/wp-includes/wlwmanifest.xml HTTP/1.0" 404 394 "-" "Mozilla/5.0 (Windows NT 10.0; Win64; x64) AppleWebKit/537.36 (KHTML, like Gecko) Chrome/78.0.3904.108 Safari/537.36"
82.102.25.138 - - [05/Dec/2021:15:45:54 +0700] "GET /shop/wp-includes/wlwmanifest.xml HTTP/1.0" 404 394 "-" "Mozilla/5.0 (Windows NT 10.0; Win64; x64) AppleWebKit/537.36 (KHTML, like Gecko) Chrome/78.0.3904.108 Safari/537.36"
82.102.25.138 - - [05/Dec/2021:15:45:55 +0700] "GET /wp1/wp-includes/wlwmanifest.xml HTTP/1.0" 404 393 "-" "Mozilla/5.0 (Windows NT 10.0; Win64; x64) AppleWebKit/537.36 (KHTML, like Gecko) Chrome/78.0.3904.108 Safari/537.36"
82.102.25.138 - - [05/Dec/2021:15:45:55 +0700] "GET /test/wp-includes/wlwmanifest.xml HTTP/1.0" 404 394 "-" "Mozilla/5.0 (Windows NT 10.0; Win64; x64) AppleWebKit/537.36 (KHTML, like Gecko) Chrome/78.0.3904.108 Safari/537.36"
82.102.25.138 - - [05/Dec/2021:15:45:56 +0700] "GET /media/wp-includes/wlwmanifest.xml HTTP/1.0" 404 395 "-" "Mozilla/5.0 (Windows NT 10.0; Win64; x64) AppleWebKit/537.36 (KHTML, like Gecko) Chrome/78.0.3904.108 Safari/537.36"
82.102.25.138 - - [05/Dec/2021:15:45:56 +0700] "GET /wp2/wp-includes/wlwmanifest.xml HTTP/1.0" 404 393 "-" "Mozilla/5.0 (Windows NT 10.0; Win64; x64) AppleWebKit/537.36 (KHTML, like Gecko) Chrome/78.0.3904.108 Safari/537.36"
82.102.25.138 - - [05/Dec/2021:15:45:57 +0700] "GET /site/wp-includes/wlwmanifest.xml HTTP/1.0" 404 394 "-" "Mozilla/5.0 (Windows NT 10.0; Win64; x64) AppleWebKit/537.36 (KHTML, like Gecko) Chrome/78.0.3904.108 Safari/537.36"
82.102.25.138 - - [05/Dec/2021:15:45:58 +0700] "GET /cms/wp-includes/wlwmanifest.xml HTTP/1.0" 404 393 "-" "Mozilla/5.0 (Windows NT 10.0; Win64; x64) AppleWebKit/537.36 (KHTML, like Gecko) Chrome/78.0.3904.108 Safari/537.36"
82.102.25.138 - - [05/Dec/2021:15:45:58 +0700] "GET /sito/wp-includes/wlwmanifest.xml HTTP/1.0" 404 394 "-" "Mozilla/5.0 (Windows NT 10.0; Win64; x64) AppleWebKit/537.36 (KHTML, like Gecko) Chrome/78.0.3904.108 Safari/537.36"
159.242.234.85 - - [05/Dec/2021:22:04:34 +0700] "GET / HTTP/1.0" 200 290 "-" "Mozilla/5.0 (Windows NT 10.0; Win64; x64) AppleWebKit/537.36 (KHTML, like Gecko) Chrome/88.0.4240.193 Safari/537.36"
159.242.234.85 - - [05/Dec/2021:22:04:47 +0700] "GET / HTTP/1.0" 200 290 "-" "Mozilla/5.0 (Windows NT 10.0; Win64; x64) AppleWebKit/537.36 (KHTML, like Gecko) Chrome/88.0.4240.193 Safari/537.36"
159.242.234.85 - - [05/Dec/2021:22:04:53 +0700] "GET /wp-includes/wlwmanifest.xml HTTP/1.0" 404 389 "-" "Mozilla/5.0 (Windows NT 10.0; Win64; x64) AppleWebKit/537.36 (KHTML, like Gecko) Chrome/88.0.4240.193 Safari/537.36"
159.242.234.85 - - [05/Dec/2021:22:04:55 +0700] "GET / HTTP/1.0" 200 290 "-" "Mozilla/5.0 (Windows NT 10.0; Win64; x64) AppleWebKit/537.36 (KHTML, like Gecko) Chrome/88.0.4240.193 Safari/537.36"
159.242.234.85 - - [05/Dec/2021:22:05:08 +0700] "GET /blog/wp-includes/wlwmanifest.xml HTTP/1.0" 404 394 "-" "Mozilla/5.0 (Windows NT 10.0; Win64; x64) AppleWebKit/537.36 (KHTML, like Gecko) Chrome/88.0.4240.193 Safari/537.36"
159.242.234.85 - - [05/Dec/2021:22:05:14 +0700] "GET /web/wp-includes/wlwmanifest.xml HTTP/1.0" 404 393 "-" "Mozilla/5.0 (Windows NT 10.0; Win64; x64) AppleWebKit/537.36 (KHTML, like Gecko) Chrome/88.0.4240.193 Safari/537.36"
159.242.234.85 - - [05/Dec/2021:22:05:15 +0700] "GET /wordpress/wp-includes/wlwmanifest.xml HTTP/1.0" 404 399 "-" "Mozilla/5.0 (Windows NT 10.0; Win64; x64) AppleWebKit/537.36 (KHTML, like Gecko) Chrome/88.0.4240.193 Safari/537.36"
159.242.234.85 - - [05/Dec/2021:22:05:16 +0700] "GET /website/wp-includes/wlwmanifest.xml HTTP/1.0" 404 397 "-" "Mozilla/5.0 (Windows NT 10.0; Win64; x64) AppleWebKit/537.36 (KHTML, like Gecko) Chrome/88.0.4240.193 Safari/537.36"
159.242.234.85 - - [05/Dec/2021:22:05:18 +0700] "GET /wp/wp-includes/wlwmanifest.xml HTTP/1.0" 404 392 "-" "Mozilla/5.0 (Windows NT 10.0; Win64; x64) AppleWebKit/537.36 (KHTML, like Gecko) Chrome/88.0.4240.193 Safari/537.36"
159.242.234.85 - - [05/Dec/2021:22:05:19 +0700] "GET /news/wp-includes/wlwmanifest.xml HTTP/1.0" 404 394 "-" "Mozilla/5.0 (Windows NT 10.0; Win64; x64) AppleWebKit/537.36 (KHTML, like Gecko) Chrome/88.0.4240.193 Safari/537.36"
159.242.234.85 - - [05/Dec/2021:22:05:21 +0700] "GET /2020/wp-includes/wlwmanifest.xml HTTP/1.0" 404 394 "-" "Mozilla/5.0 (Windows NT 10.0; Win64; x64) AppleWebKit/537.36 (KHTML, like Gecko) Chrome/88.0.4240.193 Safari/537.36"
159.242.234.85 - - [05/Dec/2021:22:05:22 +0700] "GET /2019/wp-includes/wlwmanifest.xml HTTP/1.0" 404 394 "-" "Mozilla/5.0 (Windows NT 10.0; Win64; x64) AppleWebKit/537.36 (KHTML, like Gecko) Chrome/88.0.4240.193 Safari/537.36"
159.242.234.85 - - [05/Dec/2021:22:05:23 +0700] "GET /shop/wp-includes/wlwmanifest.xml HTTP/1.0" 404 394 "-" "Mozilla/5.0 (Windows NT 10.0; Win64; x64) AppleWebKit/537.36 (KHTML, like Gecko) Chrome/88.0.4240.193 Safari/537.36"
159.242.234.85 - - [05/Dec/2021:22:05:24 +0700] "GET /wp1/wp-includes/wlwmanifest.xml HTTP/1.0" 404 393 "-" "Mozilla/5.0 (Windows NT 10.0; Win64; x64) AppleWebKit/537.36 (KHTML, like Gecko) Chrome/88.0.4240.193 Safari/537.36"
159.242.234.85 - - [05/Dec/2021:22:05:25 +0700] "GET /test/wp-includes/wlwmanifest.xml HTTP/1.0" 404 394 "-" "Mozilla/5.0 (Windows NT 10.0; Win64; x64) AppleWebKit/537.36 (KHTML, like Gecko) Chrome/88.0.4240.193 Safari/537.36"
159.242.234.85 - - [05/Dec/2021:22:05:26 +0700] "GET /wp2/wp-includes/wlwmanifest.xml HTTP/1.0" 404 393 "-" "Mozilla/5.0 (Windows NT 10.0; Win64; x64) AppleWebKit/537.36 (KHTML, like Gecko) Chrome/88.0.4240.193 Safari/537.36"
159.242.234.85 - - [05/Dec/2021:22:05:27 +0700] "GET /site/wp-includes/wlwmanifest.xml HTTP/1.0" 404 394 "-" "Mozilla/5.0 (Windows NT 10.0; Win64; x64) AppleWebKit/537.36 (KHTML, like Gecko) Chrome/88.0.4240.193 Safari/537.36"
159.242.234.85 - - [05/Dec/2021:22:05:28 +0700] "GET /cms/wp-includes/wlwmanifest.xml HTTP/1.0" 404 393 "-" "Mozilla/5.0 (Windows NT 10.0; Win64; x64) AppleWebKit/537.36 (KHTML, like Gecko) Chrome/88.0.4240.193 Safari/537.36"
159.242.234.85 - - [05/Dec/2021:22:05:29 +0700] "GET /sito/wp-includes/wlwmanifest.xml HTTP/1.0" 404 394 "-" "Mozilla/5.0 (Windows NT 10.0; Win64; x64) AppleWebKit/537.36 (KHTML, like Gecko) Chrome/88.0.4240.193 Safari/537.36"
114.119.129.163 - - [05/Dec/2021:22:34:09 +0700] "GET /robots.txt HTTP/1.0" 404 372 "-" "Mozilla/5.0 (compatible;PetalBot;+https://webmaster.petalsearch.com/site/petalbot)"
159.223.38.203 - - [05/Dec/2021:22:36:12 +0700] "GET / HTTP/1.0" 200 290 "-" "Mozilla/5.0 (Windows NT 10.0; Win64; x64) AppleWebKit/537.36 (KHTML, like Gecko) Chrome/88.0.4240.193 Safari/537.36"
159.223.38.203 - - [05/Dec/2021:22:36:13 +0700] "GET / HTTP/1.0" 200 290 "-" "Mozilla/5.0 (Windows NT 10.0; Win64; x64) AppleWebKit/537.36 (KHTML, like Gecko) Chrome/88.0.4240.193 Safari/537.36"
159.223.38.203 - - [05/Dec/2021:22:36:13 +0700] "GET /wp-includes/wlwmanifest.xml HTTP/1.0" 404 389 "-" "Mozilla/5.0 (Windows NT 10.0; Win64; x64) AppleWebKit/537.36 (KHTML, like Gecko) Chrome/88.0.4240.193 Safari/537.36"
159.223.38.203 - - [05/Dec/2021:22:36:14 +0700] "GET / HTTP/1.0" 200 290 "-" "Mozilla/5.0 (Windows NT 10.0; Win64; x64) AppleWebKit/537.36 (KHTML, like Gecko) Chrome/88.0.4240.193 Safari/537.36"
159.223.38.203 - - [05/Dec/2021:22:36:15 +0700] "GET /blog/wp-includes/wlwmanifest.xml HTTP/1.0" 404 394 "-" "Mozilla/5.0 (Windows NT 10.0; Win64; x64) AppleWebKit/537.36 (KHTML, like Gecko) Chrome/88.0.4240.193 Safari/537.36"
159.223.38.203 - - [05/Dec/2021:22:36:15 +0700] "GET /web/wp-includes/wlwmanifest.xml HTTP/1.0" 404 393 "-" "Mozilla/5.0 (Windows NT 10.0; Win64; x64) AppleWebKit/537.36 (KHTML, like Gecko) Chrome/88.0.4240.193 Safari/537.36"
159.223.38.203 - - [05/Dec/2021:22:36:16 +0700] "GET /wordpress/wp-includes/wlwmanifest.xml HTTP/1.0" 404 399 "-" "Mozilla/5.0 (Windows NT 10.0; Win64; x64) AppleWebKit/537.36 (KHTML, like Gecko) Chrome/88.0.4240.193 Safari/537.36"
159.223.38.203 - - [05/Dec/2021:22:36:16 +0700] "GET /website/wp-includes/wlwmanifest.xml HTTP/1.0" 404 397 "-" "Mozilla/5.0 (Windows NT 10.0; Win64; x64) AppleWebKit/537.36 (KHTML, like Gecko) Chrome/88.0.4240.193 Safari/537.36"
159.223.38.203 - - [05/Dec/2021:22:36:16 +0700] "GET /wp/wp-includes/wlwmanifest.xml HTTP/1.0" 404 392 "-" "Mozilla/5.0 (Windows NT 10.0; Win64; x64) AppleWebKit/537.36 (KHTML, like Gecko) Chrome/88.0.4240.193 Safari/537.36"
159.223.38.203 - - [05/Dec/2021:22:36:17 +0700] "GET /news/wp-includes/wlwmanifest.xml HTTP/1.0" 404 394 "-" "Mozilla/5.0 (Windows NT 10.0; Win64; x64) AppleWebKit/537.36 (KHTML, like Gecko) Chrome/88.0.4240.193 Safari/537.36"
159.223.38.203 - - [05/Dec/2021:22:36:17 +0700] "GET /2020/wp-includes/wlwmanifest.xml HTTP/1.0" 404 394 "-" "Mozilla/5.0 (Windows NT 10.0; Win64; x64) AppleWebKit/537.36 (KHTML, like Gecko) Chrome/88.0.4240.193 Safari/537.36"
159.223.38.203 - - [05/Dec/2021:22:36:17 +0700] "GET /2019/wp-includes/wlwmanifest.xml HTTP/1.0" 404 394 "-" "Mozilla/5.0 (Windows NT 10.0; Win64; x64) AppleWebKit/537.36 (KHTML, like Gecko) Chrome/88.0.4240.193 Safari/537.36"
159.223.38.203 - - [05/Dec/2021:22:36:18 +0700] "GET /shop/wp-includes/wlwmanifest.xml HTTP/1.0" 404 394 "-" "Mozilla/5.0 (Windows NT 10.0; Win64; x64) AppleWebKit/537.36 (KHTML, like Gecko) Chrome/88.0.4240.193 Safari/537.36"
159.223.38.203 - - [05/Dec/2021:22:36:18 +0700] "GET /wp1/wp-includes/wlwmanifest.xml HTTP/1.0" 404 393 "-" "Mozilla/5.0 (Windows NT 10.0; Win64; x64) AppleWebKit/537.36 (KHTML, like Gecko) Chrome/88.0.4240.193 Safari/537.36"
159.223.38.203 - - [05/Dec/2021:22:36:18 +0700] "GET /test/wp-includes/wlwmanifest.xml HTTP/1.0" 404 394 "-" "Mozilla/5.0 (Windows NT 10.0; Win64; x64) AppleWebKit/537.36 (KHTML, like Gecko) Chrome/88.0.4240.193 Safari/537.36"
159.223.38.203 - - [05/Dec/2021:22:36:19 +0700] "GET /wp2/wp-includes/wlwmanifest.xml HTTP/1.0" 404 393 "-" "Mozilla/5.0 (Windows NT 10.0; Win64; x64) AppleWebKit/537.36 (KHTML, like Gecko) Chrome/88.0.4240.193 Safari/537.36"
159.223.38.203 - - [05/Dec/2021:22:36:19 +0700] "GET /site/wp-includes/wlwmanifest.xml HTTP/1.0" 404 394 "-" "Mozilla/5.0 (Windows NT 10.0; Win64; x64) AppleWebKit/537.36 (KHTML, like Gecko) Chrome/88.0.4240.193 Safari/537.36"
159.223.38.203 - - [05/Dec/2021:22:36:19 +0700] "GET /cms/wp-includes/wlwmanifest.xml HTTP/1.0" 404 393 "-" "Mozilla/5.0 (Windows NT 10.0; Win64; x64) AppleWebKit/537.36 (KHTML, like Gecko) Chrome/88.0.4240.193 Safari/537.36"
159.223.38.203 - - [05/Dec/2021:22:36:20 +0700] "GET /sito/wp-includes/wlwmanifest.xml HTTP/1.0" 404 394 "-" "Mozilla/5.0 (Windows NT 10.0; Win64; x64) AppleWebKit/537.36 (KHTML, like Gecko) Chrome/88.0.4240.193 Safari/537.36"
207.46.13.45 - - [06/Dec/2021:00:09:51 +0700] "GET /img/so-do.png HTTP/1.0" 200 295 "-" "Mozilla/5.0 (compatible; bingbot/2.0; +http://www.bing.com/bingbot.htm)"
54.68.255.118 - - [06/Dec/2021:03:30:23 +0700] "GET / HTTP/1.0" 200 290 "-" "Mozilla/5.0 (X11; Linux x86_64) AppleWebKit/537.36 (KHTML, like Gecko) Chrome/83.0.4103.97 Safari/537.36"
54.190.132.115 - - [06/Dec/2021:03:32:26 +0700] "GET / HTTP/1.0" 200 290 "-" "Mozilla/5.0 (X11; Linux x86_64) AppleWebKit/537.36 (KHTML, like Gecko) Chrome/83.0.4103.97 Safari/537.36"
54.36.149.83 - - [05/Dec/2021:08:05:51 +0700] "GET / HTTP/1.1" 200 25694 "-" "Mozilla/5.0 (compatible; AhrefsBot/7.0; +http://ahrefs.com/robot/)"
176.34.132.123 - - [05/Dec/2021:10:30:40 +0700] "GET / HTTP/1.1" 200 31091 "-" "Mozilla/5.0 (Macintosh; Intel Mac OS X 10_15_7) AppleWebKit/537.36 (KHTML, like Gecko) Chrome/92.0.4515.159 Safari/537.36 Edg/92.0.902.84"
20.68.10.178 - - [05/Dec/2021:10:57:25 +0700] "GET / HTTP/1.1" 200 234802 "-" "Mozilla/5.0 (Windows NT 10.0; Win64; x64) AppleWebKit/537.36 (KHTML, like Gecko) Chrome/88.0.4240.193 Safari/537.36"
20.68.10.178 - - [05/Dec/2021:10:57:26 +0700] "GET / HTTP/1.1" 200 234802 "-" "Mozilla/5.0 (Windows NT 10.0; Win64; x64) AppleWebKit/537.36 (KHTML, like Gecko) Chrome/88.0.4240.193 Safari/537.36"
20.68.10.178 - - [05/Dec/2021:10:57:29 +0700] "GET / HTTP/1.1" 200 234802 "-" "Mozilla/5.0 (Windows NT 10.0; Win64; x64) AppleWebKit/537.36 (KHTML, like Gecko) Chrome/88.0.4240.193 Safari/537.36"
156.146.56.109 - - [05/Dec/2021:14:12:33 +0700] "GET / HTTP/1.1" 200 234802 "-" "Mozilla/5.0 (Windows NT 10.0; Win64; x64) AppleWebKit/537.36 (KHTML, like Gecko) Chrome/78.0.3904.108 Safari/537.36"
156.146.56.109 - - [05/Dec/2021:14:12:34 +0700] "GET / HTTP/1.1" 200 234802 "-" "Mozilla/5.0 (Windows NT 10.0; Win64; x64) AppleWebKit/537.36 (KHTML, like Gecko) Chrome/78.0.3904.108 Safari/537.36"
156.146.56.109 - - [05/Dec/2021:14:12:40 +0700] "GET / HTTP/1.1" 200 234802 "-" "Mozilla/5.0 (Windows NT 10.0; Win64; x64) AppleWebKit/537.36 (KHTML, like Gecko) Chrome/78.0.3904.108 Safari/537.36"
82.102.25.138 - - [05/Dec/2021:15:45:48 +0700] "GET / HTTP/1.1" 200 234802 "-" "Mozilla/5.0 (Windows NT 10.0; Win64; x64) AppleWebKit/537.36 (KHTML, like Gecko) Chrome/78.0.3904.108 Safari/537.36"
82.102.25.138 - - [05/Dec/2021:15:45:48 +0700] "GET / HTTP/1.1" 200 234802 "-" "Mozilla/5.0 (Windows NT 10.0; Win64; x64) AppleWebKit/537.36 (KHTML, like Gecko) Chrome/78.0.3904.108 Safari/537.36"
82.102.25.138 - - [05/Dec/2021:15:45:50 +0700] "GET / HTTP/1.1" 200 234802 "-" "Mozilla/5.0 (Windows NT 10.0; Win64; x64) AppleWebKit/537.36 (KHTML, like Gecko) Chrome/78.0.3904.108 Safari/537.36"
159.242.234.85 - - [05/Dec/2021:22:04:45 +0700] "GET / HTTP/1.1" 200 234802 "-" "Mozilla/5.0 (Windows NT 10.0; Win64; x64) AppleWebKit/537.36 (KHTML, like Gecko) Chrome/88.0.4240.193 Safari/537.36"
159.242.234.85 - - [05/Dec/2021:22:04:51 +0700] "GET / HTTP/1.1" 200 234802 "-" "Mozilla/5.0 (Windows NT 10.0; Win64; x64) AppleWebKit/537.36 (KHTML, like Gecko) Chrome/88.0.4240.193 Safari/537.36"
159.242.234.85 - - [05/Dec/2021:22:05:02 +0700] "GET / HTTP/1.1" 200 234802 "-" "Mozilla/5.0 (Windows NT 10.0; Win64; x64) AppleWebKit/537.36 (KHTML, like Gecko) Chrome/88.0.4240.193 Safari/537.36"
159.223.38.203 - - [05/Dec/2021:22:36:12 +0700] "GET / HTTP/1.1" 200 234802 "-" "Mozilla/5.0 (Windows NT 10.0; Win64; x64) AppleWebKit/537.36 (KHTML, like Gecko) Chrome/88.0.4240.193 Safari/537.36"
159.223.38.203 - - [05/Dec/2021:22:36:13 +0700] "GET / HTTP/1.1" 200 234802 "-" "Mozilla/5.0 (Windows NT 10.0; Win64; x64) AppleWebKit/537.36 (KHTML, like Gecko) Chrome/88.0.4240.193 Safari/537.36"
159.223.38.203 - - [05/Dec/2021:22:36:14 +0700] "GET / HTTP/1.1" 200 234802 "-" "Mozilla/5.0 (Windows NT 10.0; Win64; x64) AppleWebKit/537.36 (KHTML, like Gecko) Chrome/88.0.4240.193 Safari/537.36"
207.46.13.45 - - [06/Dec/2021:00:09:52 +0700] "GET /img/so-do.png HTTP/1.1" 200 404952 "-" "Mozilla/5.0 (compatible; bingbot/2.0; +http://www.bing.com/bingbot.htm)"
54.68.255.118 - - [06/Dec/2021:03:30:23 +0700] "GET / HTTP/1.1" 200 31091 "-" "Mozilla/5.0 (X11; Linux x86_64) AppleWebKit/537.36 (KHTML, like Gecko) Chrome/83.0.4103.97 Safari/537.36"
54.190.132.115 - - [06/Dec/2021:03:32:26 +0700] "GET / HTTP/1.1" 200 31091 "-" "Mozilla/5.0 (X11; Linux x86_64) AppleWebKit/537.36 (KHTML, like Gecko) Chrome/83.0.4103.97 Safari/537.36"
20.69.162.109 - - [06/Dec/2021:03:59:39 +0700] "POST / HTTP/1.0" 403 2261 "-" "Mozilla/5.0 (X11; Linux x86_64) AppleWebKit/537.36 (KHTML, like Gecko) Chrome/81.0.4044.129 Safari/537.36"
20.106.224.166 - - [06/Dec/2021:09:49:33 +0700] "GET / HTTP/1.0" 200 290 "-" "python-requests/2.26.0"
115.77.66.161 - - [06/Dec/2021:09:52:49 +0700] "GET /software/enjiCAD2021_x64.exe HTTP/1.0" 200 325 "-" "Mozilla/5.0 (Linux; Android 9; SM-N976V) AppleWebKit/537.36 (KHTML, like Gecko) Chrome/76.0.3809.89 Mobile Safari/537.36 Zalo android/12100553"
93.158.92.226 - - [06/Dec/2021:11:18:18 +0700] "GET /robots.txt HTTP/1.0" 404 372 "-" "Mozilla/5.0 (Macintosh; Intel Mac OS X 10_13_6) AppleWebKit/537.36 (KHTML, like Gecko) Chrome/91.0.4472.114 Safari/537.36"
93.158.92.199 - - [06/Dec/2021:11:18:19 +0700] "GET /humans.txt HTTP/1.0" 404 372 "-" "Mozilla/5.0 (Macintosh; Intel Mac OS X 10_13_6) AppleWebKit/537.36 (KHTML, like Gecko) Chrome/91.0.4472.114 Safari/537.36"
93.158.92.202 - - [06/Dec/2021:11:18:19 +0700] "GET /ads.txt HTTP/1.0" 404 369 "-" "Mozilla/5.0 (Macintosh; Intel Mac OS X 10_13_6) AppleWebKit/537.36 (KHTML, like Gecko) Chrome/91.0.4472.114 Safari/537.36"
93.158.92.217 - - [06/Dec/2021:11:18:20 +0700] "GET / HTTP/1.0" 200 290 "-" "Mozilla/5.0 (Macintosh; Intel Mac OS X 10_13_6) AppleWebKit/537.36 (KHTML, like Gecko) Chrome/91.0.4472.114 Safari/537.36"
54.36.148.0 - - [06/Dec/2021:14:17:54 +0700] "GET /robots.txt HTTP/1.0" 404 372 "-" "Mozilla/5.0 (compatible; AhrefsBot/7.0; +http://ahrefs.com/robot/)"
54.36.149.0 - - [06/Dec/2021:14:17:56 +0700] "GET / HTTP/1.0" 200 290 "-" "Mozilla/5.0 (compatible; AhrefsBot/7.0; +http://ahrefs.com/robot/)"
113.160.240.194 - - [06/Dec/2021:15:54:48 +0700] "GET / HTTP/1.0" 200 290 "-" "Mozilla/5.0 (Linux; Android 11; Aris Pro) AppleWebKit/537.36 (KHTML, like Gecko) Chrome/96.0.4664.45 Mobile Safari/537.36"
23.94.145.106 - - [06/Dec/2021:17:37:39 +0700] "GET / HTTP/1.0" 200 290 "-" "Mozilla/5.0 (Windows NT 10.0; Win64; x64; rv:64.0) Gecko/20100101 Firefox/64.0"
92.118.160.9 - - [06/Dec/2021:19:17:28 +0700] "GET / HTTP/1.0" 200 290 "-" "NetSystemsResearch studies the availability of various services across the internet. Our website is netsystemsresearch.com"
159.223.78.117 - - [06/Dec/2021:22:57:36 +0700] "GET / HTTP/1.0" 200 290 "-" "Mozilla/5.0 (Windows NT 10.0; Win64; x64) AppleWebKit/537.36 (KHTML, like Gecko) Chrome/89.0.4389.114 Safari/537.36"
159.223.78.117 - - [06/Dec/2021:22:57:37 +0700] "GET / HTTP/1.0" 200 290 "-" "Mozilla/5.0 (Windows NT 10.0; Win64; x64) AppleWebKit/537.36 (KHTML, like Gecko) Chrome/89.0.4389.114 Safari/537.36"
159.223.78.117 - - [06/Dec/2021:22:57:38 +0700] "GET /wp-includes/wlwmanifest.xml HTTP/1.0" 404 389 "-" "Mozilla/5.0 (Windows NT 10.0; Win64; x64) AppleWebKit/537.36 (KHTML, like Gecko) Chrome/89.0.4389.114 Safari/537.36"
159.223.78.117 - - [06/Dec/2021:22:57:38 +0700] "GET / HTTP/1.0" 200 290 "-" "Mozilla/5.0 (Windows NT 10.0; Win64; x64) AppleWebKit/537.36 (KHTML, like Gecko) Chrome/89.0.4389.114 Safari/537.36"
159.223.78.117 - - [06/Dec/2021:22:57:39 +0700] "GET /blog/wp-includes/wlwmanifest.xml HTTP/1.0" 404 394 "-" "Mozilla/5.0 (Windows NT 10.0; Win64; x64) AppleWebKit/537.36 (KHTML, like Gecko) Chrome/89.0.4389.114 Safari/537.36"
159.223.78.117 - - [06/Dec/2021:22:57:40 +0700] "GET /web/wp-includes/wlwmanifest.xml HTTP/1.0" 404 393 "-" "Mozilla/5.0 (Windows NT 10.0; Win64; x64) AppleWebKit/537.36 (KHTML, like Gecko) Chrome/89.0.4389.114 Safari/537.36"
159.223.78.117 - - [06/Dec/2021:22:57:40 +0700] "GET /wordpress/wp-includes/wlwmanifest.xml HTTP/1.0" 404 399 "-" "Mozilla/5.0 (Windows NT 10.0; Win64; x64) AppleWebKit/537.36 (KHTML, like Gecko) Chrome/89.0.4389.114 Safari/537.36"
159.223.78.117 - - [06/Dec/2021:22:57:40 +0700] "GET /website/wp-includes/wlwmanifest.xml HTTP/1.0" 404 397 "-" "Mozilla/5.0 (Windows NT 10.0; Win64; x64) AppleWebKit/537.36 (KHTML, like Gecko) Chrome/89.0.4389.114 Safari/537.36"
159.223.78.117 - - [06/Dec/2021:22:57:41 +0700] "GET /wp/wp-includes/wlwmanifest.xml HTTP/1.0" 404 392 "-" "Mozilla/5.0 (Windows NT 10.0; Win64; x64) AppleWebKit/537.36 (KHTML, like Gecko) Chrome/89.0.4389.114 Safari/537.36"
159.223.78.117 - - [06/Dec/2021:22:57:41 +0700] "GET /news/wp-includes/wlwmanifest.xml HTTP/1.0" 404 394 "-" "Mozilla/5.0 (Windows NT 10.0; Win64; x64) AppleWebKit/537.36 (KHTML, like Gecko) Chrome/89.0.4389.114 Safari/537.36"
159.223.78.117 - - [06/Dec/2021:22:57:41 +0700] "GET /2020/wp-includes/wlwmanifest.xml HTTP/1.0" 404 394 "-" "Mozilla/5.0 (Windows NT 10.0; Win64; x64) AppleWebKit/537.36 (KHTML, like Gecko) Chrome/89.0.4389.114 Safari/537.36"
159.223.78.117 - - [06/Dec/2021:22:57:42 +0700] "GET /2019/wp-includes/wlwmanifest.xml HTTP/1.0" 404 394 "-" "Mozilla/5.0 (Windows NT 10.0; Win64; x64) AppleWebKit/537.36 (KHTML, like Gecko) Chrome/89.0.4389.114 Safari/537.36"
159.223.78.117 - - [06/Dec/2021:22:57:42 +0700] "GET /shop/wp-includes/wlwmanifest.xml HTTP/1.0" 404 394 "-" "Mozilla/5.0 (Windows NT 10.0; Win64; x64) AppleWebKit/537.36 (KHTML, like Gecko) Chrome/89.0.4389.114 Safari/537.36"
159.223.78.117 - - [06/Dec/2021:22:57:42 +0700] "GET /wp1/wp-includes/wlwmanifest.xml HTTP/1.0" 404 393 "-" "Mozilla/5.0 (Windows NT 10.0; Win64; x64) AppleWebKit/537.36 (KHTML, like Gecko) Chrome/89.0.4389.114 Safari/537.36"
159.223.78.117 - - [06/Dec/2021:22:57:43 +0700] "GET /test/wp-includes/wlwmanifest.xml HTTP/1.0" 404 394 "-" "Mozilla/5.0 (Windows NT 10.0; Win64; x64) AppleWebKit/537.36 (KHTML, like Gecko) Chrome/89.0.4389.114 Safari/537.36"
159.223.78.117 - - [06/Dec/2021:22:57:43 +0700] "GET /wp2/wp-includes/wlwmanifest.xml HTTP/1.0" 404 393 "-" "Mozilla/5.0 (Windows NT 10.0; Win64; x64) AppleWebKit/537.36 (KHTML, like Gecko) Chrome/89.0.4389.114 Safari/537.36"
159.223.78.117 - - [06/Dec/2021:22:57:43 +0700] "GET /site/wp-includes/wlwmanifest.xml HTTP/1.0" 404 394 "-" "Mozilla/5.0 (Windows NT 10.0; Win64; x64) AppleWebKit/537.36 (KHTML, like Gecko) Chrome/89.0.4389.114 Safari/537.36"
159.223.78.117 - - [06/Dec/2021:22:57:44 +0700] "GET /cms/wp-includes/wlwmanifest.xml HTTP/1.0" 404 393 "-" "Mozilla/5.0 (Windows NT 10.0; Win64; x64) AppleWebKit/537.36 (KHTML, like Gecko) Chrome/89.0.4389.114 Safari/537.36"
159.223.78.117 - - [06/Dec/2021:22:57:44 +0700] "GET /sito/wp-includes/wlwmanifest.xml HTTP/1.0" 404 394 "-" "Mozilla/5.0 (Windows NT 10.0; Win64; x64) AppleWebKit/537.36 (KHTML, like Gecko) Chrome/89.0.4389.114 Safari/537.36"
114.119.150.114 - - [06/Dec/2021:23:00:11 +0700] "GET /robots.txt HTTP/1.0" 404 372 "-" "Mozilla/5.0 (compatible;PetalBot;+https://webmaster.petalsearch.com/site/petalbot)"
114.119.148.208 - - [07/Dec/2021:02:12:50 +0700] "GET /robots.txt HTTP/1.0" 404 372 "-" "Mozilla/5.0 (compatible;PetalBot;+https://webmaster.petalsearch.com/site/petalbot)"
51.222.253.17 - - [07/Dec/2021:02:13:28 +0700] "GET /robots.txt HTTP/1.0" 404 372 "-" "Mozilla/5.0 (compatible; AhrefsBot/7.0; +http://ahrefs.com/robot/)"
54.36.148.232 - - [07/Dec/2021:02:13:29 +0700] "GET / HTTP/1.0" 200 290 "-" "Mozilla/5.0 (compatible; AhrefsBot/7.0; +http://ahrefs.com/robot/)"
35.87.106.134 - - [07/Dec/2021:02:20:18 +0700] "GET / HTTP/1.0" 200 290 "-" "Mozilla/5.0 (X11; Linux x86_64) AppleWebKit/537.36 (KHTML, like Gecko) Chrome/83.0.4103.97 Safari/537.36"
34.208.21.233 - - [07/Dec/2021:02:26:04 +0700] "GET / HTTP/1.0" 200 290 "-" "Mozilla/5.0 (X11; Linux x86_64) AppleWebKit/537.36 (KHTML, like Gecko) Chrome/83.0.4103.97 Safari/537.36"
20.69.162.109 - - [06/Dec/2021:03:59:39 +0700] "GET /.env HTTP/1.1" 403 548 "-" "Mozilla/5.0 (X11; Linux x86_64) AppleWebKit/537.36 (KHTML, like Gecko) Chrome/81.0.4044.129 Safari/537.36"
20.106.224.166 - - [06/Dec/2021:09:49:33 +0700] "GET / HTTP/1.1" 200 31091 "-" "python-requests/2.26.0"
115.77.66.161 - - [06/Dec/2021:09:59:34 +0700] "GET /software/enjiCAD2021_x64.exe HTTP/1.1" 200 158191714 "-" "Mozilla/5.0 (Linux; Android 9; SM-N976V) AppleWebKit/537.36 (KHTML, like Gecko) Chrome/76.0.3809.89 Mobile Safari/537.36 Zalo android/12100553"
93.158.92.217 - - [06/Dec/2021:11:18:20 +0700] "GET / HTTP/1.1" 200 31091 "-" "Mozilla/5.0 (Macintosh; Intel Mac OS X 10_13_6) AppleWebKit/537.36 (KHTML, like Gecko) Chrome/91.0.4472.114 Safari/537.36"
54.36.149.0 - - [06/Dec/2021:14:17:56 +0700] "GET / HTTP/1.1" 200 25694 "-" "Mozilla/5.0 (compatible; AhrefsBot/7.0; +http://ahrefs.com/robot/)"
113.160.240.194 - - [06/Dec/2021:15:54:48 +0700] "GET / HTTP/1.1" 200 31091 "-" "Mozilla/5.0 (Linux; Android 11; Aris Pro) AppleWebKit/537.36 (KHTML, like Gecko) Chrome/96.0.4664.45 Mobile Safari/537.36"
23.94.145.106 - - [06/Dec/2021:17:37:39 +0700] "GET / HTTP/1.1" 200 234802 "-" "Mozilla/5.0 (Windows NT 10.0; Win64; x64; rv:64.0) Gecko/20100101 Firefox/64.0"
92.118.160.9 - - [06/Dec/2021:19:17:28 +0700] "GET / HTTP/1.1" 200 234802 "-" "NetSystemsResearch studies the availability of various services across the internet. Our website is netsystemsresearch.com"
159.223.78.117 - - [06/Dec/2021:22:57:36 +0700] "GET / HTTP/1.1" 200 234802 "-" "Mozilla/5.0 (Windows NT 10.0; Win64; x64) AppleWebKit/537.36 (KHTML, like Gecko) Chrome/89.0.4389.114 Safari/537.36"
159.223.78.117 - - [06/Dec/2021:22:57:37 +0700] "GET / HTTP/1.1" 200 234802 "-" "Mozilla/5.0 (Windows NT 10.0; Win64; x64) AppleWebKit/537.36 (KHTML, like Gecko) Chrome/89.0.4389.114 Safari/537.36"
159.223.78.117 - - [06/Dec/2021:22:57:39 +0700] "GET / HTTP/1.1" 200 234802 "-" "Mozilla/5.0 (Windows NT 10.0; Win64; x64) AppleWebKit/537.36 (KHTML, like Gecko) Chrome/89.0.4389.114 Safari/537.36"
54.36.148.232 - - [07/Dec/2021:02:13:29 +0700] "GET / HTTP/1.1" 200 25694 "-" "Mozilla/5.0 (compatible; AhrefsBot/7.0; +http://ahrefs.com/robot/)"
35.87.106.134 - - [07/Dec/2021:02:20:18 +0700] "GET / HTTP/1.1" 200 31091 "-" "Mozilla/5.0 (X11; Linux x86_64) AppleWebKit/537.36 (KHTML, like Gecko) Chrome/83.0.4103.97 Safari/537.36"
34.208.21.233 - - [07/Dec/2021:02:26:04 +0700] "GET / HTTP/1.1" 200 31091 "-" "Mozilla/5.0 (X11; Linux x86_64) AppleWebKit/537.36 (KHTML, like Gecko) Chrome/83.0.4103.97 Safari/537.36"
45.129.18.145 - - [07/Dec/2021:03:29:55 +0700] "GET / HTTP/1.0" 200 290 "-" "Mozilla/5.0 (Macintosh; Intel Mac OS X 10_9_3) AppleWebKit/537.36 (KHTML, like Gecko) Chrome/35.0.1916.47 Safari/537.36"
45.129.18.145 - - [07/Dec/2021:03:29:55 +0700] "HEAD / HTTP/1.1" 200 0 "-" "Mozilla/5.0 (Macintosh; Intel Mac OS X 10_9_3) AppleWebKit/537.36 (KHTML, like Gecko) Chrome/35.0.1916.47 Safari/537.36"
34.77.162.5 - - [07/Dec/2021:06:38:12 +0700] "GET / HTTP/1.0" 503 473 "-" "Expanse indexes the network perimeters of our customers. If you have any questions or concerns, please reach out to: scaninfo@expanseinc.com"
159.65.219.142 - - [07/Dec/2021:08:38:45 +0700] "GET /wp-login.php HTTP/1.0" 503 473 "-" "Mozilla/5.0 (X11; Ubuntu; Linux x86_64; rv:62.0) Gecko/20100101 Firefox/62.0"
64.124.51.154 - - [07/Dec/2021:09:57:23 +0700] "GET /software/enjiCAD2021_x64.exe HTTP/1.0" 503 473 "-" "\"Mozilla/5.0 (Windows NT 6.1"
64.124.51.154 - - [07/Dec/2021:09:57:26 +0700] "GET /software/enjiCAD2021_x64.exe HTTP/1.0" 503 473 "-" "\"Mozilla/5.0 (Windows NT 6.1"
64.246.161.42 - - [07/Dec/2021:09:58:59 +0700] "GET /robots.txt HTTP/1.0" 404 372 "-" "Mozilla/5.0 (Macintosh; Intel Mac OS X 10.10; rv:59.0) Gecko/20100101 Firefox/59.0"
64.246.161.42 - - [07/Dec/2021:09:59:00 +0700] "GET / HTTP/1.0" 503 473 "-" "Mozilla/5.0 (Macintosh; Intel Mac OS X 10.10; rv:59.0) Gecko/20100101 Firefox/59.0"
64.124.51.154 - - [07/Dec/2021:10:07:50 +0700] "GET /software/enjiCAD2021_x64.exe HTTP/1.0" 503 473 "-" "\"Mozilla/5.0 (Windows NT 6.1"
64.124.51.154 - - [07/Dec/2021:10:07:53 +0700] "GET /software/enjiCAD2021_x64.exe HTTP/1.0" 503 473 "-" "\"Mozilla/5.0 (Windows NT 6.1"
64.124.51.154 - - [07/Dec/2021:10:27:36 +0700] "GET /software/enjiCAD2021_x64.exe HTTP/1.0" 503 473 "-" "\"Mozilla/5.0 (Windows NT 6.1"
64.124.51.154 - - [07/Dec/2021:10:27:39 +0700] "GET /software/enjiCAD2021_x64.exe HTTP/1.0" 503 473 "-" "\"Mozilla/5.0 (Windows NT 6.1"
45.129.18.61 - - [07/Dec/2021:12:58:55 +0700] "GET / HTTP/1.0" 200 290 "-" "Mozilla/5.0 (Macintosh; Intel Mac OS X 10_9_3) AppleWebKit/537.36 (KHTML, like Gecko) Chrome/35.0.1916.47 Safari/537.36"
72.14.199.159 - - [07/Dec/2021:14:19:00 +0700] "GET /img/Footer_moi.jpg HTTP/1.0" 200 301 "http://mail.google.com/" "Mozilla/5.0 (Windows NT 10.0; Win64; x64) AppleWebKit/537.36 (KHTML, like Gecko) Chrome/42.0.2311.135 Safari/537.36 Edge/12.246 Mozilla/5.0"
72.14.199.155 - - [07/Dec/2021:14:19:01 +0700] "GET /img/Logo-CIC.png HTTP/1.0" 200 298 "http://mail.google.com/" "Mozilla/5.0 (Windows NT 10.0; Win64; x64) AppleWebKit/537.36 (KHTML, like Gecko) Chrome/42.0.2311.135 Safari/537.36 Edge/12.246 Mozilla/5.0"
72.14.199.159 - - [07/Dec/2021:14:20:42 +0700] "GET /img/Logo-CIC.png HTTP/1.0" 200 298 "http://mail.google.com/" "Mozilla/5.0 (Windows NT 10.0; Win64; x64) AppleWebKit/537.36 (KHTML, like Gecko) Chrome/42.0.2311.135 Safari/537.36 Edge/12.246 Mozilla/5.0"
72.14.199.159 - - [07/Dec/2021:14:20:42 +0700] "GET /img/Footer_moi.jpg HTTP/1.0" 200 301 "http://mail.google.com/" "Mozilla/5.0 (Windows NT 10.0; Win64; x64) AppleWebKit/537.36 (KHTML, like Gecko) Chrome/42.0.2311.135 Safari/537.36 Edge/12.246 Mozilla/5.0"
66.249.84.5 - - [07/Dec/2021:14:20:48 +0700] "GET /img/Footer_moi.jpg HTTP/1.0" 200 301 "-" "Mozilla/5.0 (Windows NT 5.1; rv:11.0) Gecko Firefox/11.0 (via ggpht.com GoogleImageProxy)"
66.249.84.5 - - [07/Dec/2021:14:20:48 +0700] "GET /img/Logo-CIC.png HTTP/1.0" 200 298 "-" "Mozilla/5.0 (Windows NT 5.1; rv:11.0) Gecko Firefox/11.0 (via ggpht.com GoogleImageProxy)"
66.249.84.8 - - [07/Dec/2021:14:24:36 +0700] "GET /img/Logo-CIC.png HTTP/1.0" 200 298 "-" "Mozilla/5.0 (Windows NT 5.1; rv:11.0) Gecko Firefox/11.0 (via ggpht.com GoogleImageProxy)"
76.72.172.168 - - [07/Dec/2021:15:31:30 +0700] "GET / HTTP/1.0" 200 290 "-" "Mozilla/5.0 (Windows NT 10.0; WOW64; rv:40.0) Gecko/20100101 Firefox/40.0"
104.222.43.26 - - [07/Dec/2021:15:44:04 +0700] "GET / HTTP/1.0" 200 290 "-" "Mozilla/5.0 (Windows NT 10.0; Win64; x64; rv:64.0) Gecko/20100101 Firefox/64.0"
40.77.167.104 - - [07/Dec/2021:21:42:06 +0700] "GET /robots.txt HTTP/1.0" 404 372 "-" "Mozilla/5.0 (compatible; bingbot/2.0; +http://www.bing.com/bingbot.htm)"
207.46.13.15 - - [07/Dec/2021:21:42:11 +0700] "GET /img/close.png HTTP/1.0" 200 295 "-" "Mozilla/5.0 (compatible; bingbot/2.0; +http://www.bing.com/bingbot.htm)"
114.119.138.98 - - [07/Dec/2021:23:22:41 +0700] "GET /robots.txt HTTP/1.0" 404 372 "-" "Mozilla/5.0 (compatible;PetalBot;+https://webmaster.petalsearch.com/site/petalbot)"
52.196.12.209 - - [08/Dec/2021:00:15:46 +0700] "GET /wp-login.php HTTP/1.0" 404 337 "-" "Mozilla/5.0 (X11; Ubuntu; Linux x86_64; rv:62.0) Gecko/20100101 Firefox/62.0"
52.196.12.209 - - [08/Dec/2021:00:15:46 +0700] "GET /wp-login.php HTTP/1.0" 404 337 "-" "Mozilla/5.0 (X11; Ubuntu; Linux x86_64; rv:62.0) Gecko/20100101 Firefox/62.0"
93.159.230.88 - - [08/Dec/2021:01:13:23 +0700] "GET / HTTP/1.0" 200 290 "-" "Mozilla/5.0 (Windows NT 10.0; Win64; x64) AppleWebKit/537.36 (KHTML, like Gecko) Chrome/71.0.3578.98 Safari/537.36"
34.208.165.52 - - [08/Dec/2021:02:12:26 +0700] "GET / HTTP/1.0" 200 290 "-" "Mozilla/5.0 (X11; Linux x86_64) AppleWebKit/537.36 (KHTML, like Gecko) Chrome/83.0.4103.97 Safari/537.36"
35.87.119.97 - - [08/Dec/2021:02:15:01 +0700] "GET / HTTP/1.0" 200 290 "-" "Mozilla/5.0 (X11; Linux x86_64) AppleWebKit/537.36 (KHTML, like Gecko) Chrome/83.0.4103.97 Safari/537.36"
45.129.18.61 - - [07/Dec/2021:12:58:55 +0700] "HEAD / HTTP/1.1" 200 0 "-" "Mozilla/5.0 (Macintosh; Intel Mac OS X 10_9_3) AppleWebKit/537.36 (KHTML, like Gecko) Chrome/35.0.1916.47 Safari/537.36"
72.14.199.159 - - [07/Dec/2021:14:19:00 +0700] "GET /img/Footer_moi.jpg HTTP/1.1" 200 57539 "http://mail.google.com/" "Mozilla/5.0 (Windows NT 10.0; Win64; x64) AppleWebKit/537.36 (KHTML, like Gecko) Chrome/42.0.2311.135 Safari/537.36 Edge/12.246 Mozilla/5.0"
72.14.199.155 - - [07/Dec/2021:14:19:01 +0700] "GET /img/Logo-CIC.png HTTP/1.1" 200 10817 "http://mail.google.com/" "Mozilla/5.0 (Windows NT 10.0; Win64; x64) AppleWebKit/537.36 (KHTML, like Gecko) Chrome/42.0.2311.135 Safari/537.36 Edge/12.246 Mozilla/5.0"
72.14.199.159 - - [07/Dec/2021:14:20:42 +0700] "GET /img/Logo-CIC.png HTTP/1.1" 200 10817 "http://mail.google.com/" "Mozilla/5.0 (Windows NT 10.0; Win64; x64) AppleWebKit/537.36 (KHTML, like Gecko) Chrome/42.0.2311.135 Safari/537.36 Edge/12.246 Mozilla/5.0"
72.14.199.159 - - [07/Dec/2021:14:20:42 +0700] "GET /img/Footer_moi.jpg HTTP/1.1" 200 57539 "http://mail.google.com/" "Mozilla/5.0 (Windows NT 10.0; Win64; x64) AppleWebKit/537.36 (KHTML, like Gecko) Chrome/42.0.2311.135 Safari/537.36 Edge/12.246 Mozilla/5.0"
66.249.84.5 - - [07/Dec/2021:14:20:48 +0700] "GET /img/Logo-CIC.png HTTP/1.1" 200 10817 "-" "Mozilla/5.0 (Windows NT 5.1; rv:11.0) Gecko Firefox/11.0 (via ggpht.com GoogleImageProxy)"
66.249.84.5 - - [07/Dec/2021:14:20:48 +0700] "GET /img/Footer_moi.jpg HTTP/1.1" 200 57539 "-" "Mozilla/5.0 (Windows NT 5.1; rv:11.0) Gecko Firefox/11.0 (via ggpht.com GoogleImageProxy)"
66.249.84.8 - - [07/Dec/2021:14:24:36 +0700] "GET /img/Logo-CIC.png HTTP/1.1" 200 10817 "-" "Mozilla/5.0 (Windows NT 5.1; rv:11.0) Gecko Firefox/11.0 (via ggpht.com GoogleImageProxy)"
76.72.172.168 - - [07/Dec/2021:15:31:30 +0700] "GET / HTTP/1.1" 206 100001 "-" "Mozilla/5.0 (Windows NT 10.0; WOW64; rv:40.0) Gecko/20100101 Firefox/40.0"
104.222.43.26 - - [07/Dec/2021:15:44:04 +0700] "GET / HTTP/1.1" 200 234802 "-" "Mozilla/5.0 (Windows NT 10.0; Win64; x64; rv:64.0) Gecko/20100101 Firefox/64.0"
207.46.13.15 - - [07/Dec/2021:21:42:11 +0700] "GET /img/close.png HTTP/1.1" 200 69710 "-" "Mozilla/5.0 (compatible; bingbot/2.0; +http://www.bing.com/bingbot.htm)"
93.159.230.88 - - [08/Dec/2021:01:13:23 +0700] "GET / HTTP/1.1" 200 31091 "-" "Mozilla/5.0 (Windows NT 10.0; Win64; x64) AppleWebKit/537.36 (KHTML, like Gecko) Chrome/71.0.3578.98 Safari/537.36"
34.208.165.52 - - [08/Dec/2021:02:12:26 +0700] "GET / HTTP/1.1" 200 31091 "-" "Mozilla/5.0 (X11; Linux x86_64) AppleWebKit/537.36 (KHTML, like Gecko) Chrome/83.0.4103.97 Safari/537.36"
